
R version 4.3.0 (2023-04-21) -- "Already Tomorrow"
Copyright (C) 2023 The R Foundation for Statistical Computing
Platform: x86_64-pc-linux-gnu (64-bit)

R is free software and comes with ABSOLUTELY NO WARRANTY.
You are welcome to redistribute it under certain conditions.
Type 'license()' or 'licence()' for distribution details.

R is a collaborative project with many contributors.
Type 'contributors()' for more information and
'citation()' on how to cite R or R packages in publications.

Type 'demo()' for some demos, 'help()' for on-line help, or
'help.start()' for an HTML browser interface to help.
Type 'q()' to quit R.

> source("incl/start.R")
[17:42:17.173] plan(): Setting new future strategy stack:
[17:42:17.174] List of future strategies:
[17:42:17.174] 1. sequential:
[17:42:17.174]    - args: function (..., envir = parent.frame())
[17:42:17.174]    - tweaked: FALSE
[17:42:17.174]    - call: future::plan("sequential")
[17:42:17.187] plan(): nbrOfWorkers() = 1
> 
> message("*** FutureGlobals() ...")
*** FutureGlobals() ...
> 
> fg1 <- FutureGlobals()
> print(fg1)
list()
attr(,"where")
list()
attr(,"class")
[1] "FutureGlobals" "Globals"       "list"         
attr(,"resolved")
[1] FALSE
attr(,"total_size")
[1] NA
> 
> fg2 <- FutureGlobals(fg1)
> print(fg2)
list()
attr(,"where")
list()
attr(,"class")
[1] "FutureGlobals" "FutureGlobals" "Globals"       "list"         
attr(,"resolved")
[1] FALSE
attr(,"total_size")
[1] NA
> 
> g <- globals::as.Globals(list(a = 1, b = 1:3))
> print(g)
$a
[1] 1

$b
[1] 1 2 3

attr(,"where")
attr(,"where")$a
<environment: R_EmptyEnv>

attr(,"where")$b
<environment: R_EmptyEnv>

attr(,"class")
[1] "Globals" "list"   
> 
> fg3 <- FutureGlobals(g)
> print(fg3)
$a
[1] 1

$b
[1] 1 2 3

attr(,"where")
attr(,"where")$a
<environment: R_EmptyEnv>

attr(,"where")$b
<environment: R_EmptyEnv>

attr(,"class")
[1] "FutureGlobals" "Globals"       "list"         
attr(,"resolved")
[1] FALSE
attr(,"total_size")
[1] NA
> 
> fg4 <- as.FutureGlobals(g)
> print(fg4)
$a
[1] 1

$b
[1] 1 2 3

attr(,"where")
attr(,"where")$a
<environment: R_EmptyEnv>

attr(,"where")$b
<environment: R_EmptyEnv>

attr(,"class")
[1] "FutureGlobals" "Globals"       "list"         
attr(,"resolved")
[1] FALSE
attr(,"total_size")
[1] NA
> 
> print(resolved(fg3))
[1] FALSE
> 
> fg <- fg4
> 
> fg_unique <- unique(fg)
> print(fg_unique)
$a
[1] 1

$b
[1] 1 2 3

attr(,"where")
attr(,"where")$a
<environment: R_EmptyEnv>

attr(,"where")$b
<environment: R_EmptyEnv>

attr(,"class")
[1] "FutureGlobals" "Globals"       "list"         
attr(,"resolved")
[1] FALSE
attr(,"total_size")
[1] NA
> 
> fg_resolved <- resolve(fg)
[17:42:17.199] resolve() on list ...
[17:42:17.199]  recursive: 0
[17:42:17.200]  length: 2
[17:42:17.200]  elements: ‘a’, ‘b’
[17:42:17.200]  length: 1 (resolved future 1)
[17:42:17.200]  length: 0 (resolved future 2)
[17:42:17.200] resolve() on list ... DONE
> print(fg_resolved)
$a
[1] 1

$b
[1] 1 2 3

attr(,"where")
attr(,"where")$a
<environment: R_EmptyEnv>

attr(,"where")$b
<environment: R_EmptyEnv>

attr(,"class")
[1] "FutureGlobals" "Globals"       "list"         
attr(,"resolved")
[1] TRUE
attr(,"total_size")
[1] NA
> 
> message("- FutureGlobals() - exceptions ...")
- FutureGlobals() - exceptions ...
> 
> res <- tryCatch(g <- FutureGlobals(NULL), error = identity)
> print(res)
<simpleError: Argument 'object' is not a list: NULL>
> stopifnot(inherits(res, "error"))
> 
> message("*** FutureGlobals() ... DONE")
*** FutureGlobals() ... DONE
> 
> source("incl/end.R")
[17:42:17.201] plan(): Setting new future strategy stack:
[17:42:17.201] List of future strategies:
[17:42:17.201] 1. FutureStrategy:
[17:42:17.201]    - args: function (..., envir = parent.frame())
[17:42:17.201]    - tweaked: FALSE
[17:42:17.201]    - call: future::plan(oplan)
[17:42:17.213] plan(): nbrOfWorkers() = 1
> 
