
R version 4.3.0 (2023-04-21) -- "Already Tomorrow"
Copyright (C) 2023 The R Foundation for Statistical Computing
Platform: x86_64-pc-linux-gnu (64-bit)

R is free software and comes with ABSOLUTELY NO WARRANTY.
You are welcome to redistribute it under certain conditions.
Type 'license()' or 'licence()' for distribution details.

R is a collaborative project with many contributors.
Type 'contributors()' for more information and
'citation()' on how to cite R or R packages in publications.

Type 'demo()' for some demos, 'help()' for on-line help, or
'help.start()' for an HTML browser interface to help.
Type 'q()' to quit R.

> source("incl/start.R")
[13:20:22.713] plan(): Setting new future strategy stack:
[13:20:22.713] List of future strategies:
[13:20:22.713] 1. sequential:
[13:20:22.713]    - args: function (..., envir = parent.frame())
[13:20:22.713]    - tweaked: FALSE
[13:20:22.713]    - call: future::plan("sequential")
[13:20:22.727] plan(): nbrOfWorkers() = 1
> 
> message("*** FutureError class ...")
*** FutureError class ...
> 
> ## Minimal
> ex <- FutureError(message = "Woops")
> print(ex)
<FutureError: Woops>


Future UUID: <NA>
> 
> cond <- tryCatch(message("Woops", appendLF = FALSE), message = identity)
> ex2 <- FutureError(message = cond)
> print(ex2)
<FutureError: Woops>


Future UUID: <NA>
> stopifnot(conditionMessage(ex2) == conditionMessage(ex))
> 
> f <- future({ 42L; stop("woops") })
[13:20:22.738] getGlobalsAndPackages() ...
[13:20:22.738] Searching for globals...
[13:20:22.745] - globals found: [2] ‘{’, ‘stop’
[13:20:22.745] Searching for globals ... DONE
[13:20:22.745] Resolving globals: FALSE
[13:20:22.746] 
[13:20:22.746] 
[13:20:22.746] getGlobalsAndPackages() ... DONE
[13:20:22.747] run() for ‘Future’ ...
[13:20:22.747] - state: ‘created’
[13:20:22.747] - Future backend: ‘FutureStrategy’, ‘sequential’, ‘uniprocess’, ‘future’, ‘function’
[13:20:22.747] - Future class: ‘SequentialFuture’, ‘UniprocessFuture’, ‘Future’, ‘environment’
[13:20:22.747] - Copy elements of temporary ‘SequentialFuture’ to final ‘Future’ object ...
[13:20:22.747]   - Field: ‘label’
[13:20:22.748]   - Field: ‘local’
[13:20:22.748]   - Field: ‘owner’
[13:20:22.748]   - Field: ‘envir’
[13:20:22.748]   - Field: ‘packages’
[13:20:22.748]   - Field: ‘gc’
[13:20:22.748]   - Field: ‘conditions’
[13:20:22.748]   - Field: ‘expr’
[13:20:22.748]   - Field: ‘uuid’
[13:20:22.748]   - Field: ‘seed’
[13:20:22.748]   - Field: ‘version’
[13:20:22.749]   - Field: ‘result’
[13:20:22.749]   - Field: ‘asynchronous’
[13:20:22.749]   - Field: ‘calls’
[13:20:22.749]   - Field: ‘globals’
[13:20:22.749]   - Field: ‘stdout’
[13:20:22.749]   - Field: ‘earlySignal’
[13:20:22.749]   - Field: ‘lazy’
[13:20:22.749]   - Field: ‘state’
[13:20:22.749] - Copy elements of temporary ‘SequentialFuture’ to final ‘Future’ object ... done
[13:20:22.749] - Launch lazy future ...
[13:20:22.750] Packages needed by the future expression (n = 0): <none>
[13:20:22.750] Packages needed by future strategies (n = 0): <none>
[13:20:22.751] {
[13:20:22.751]     {
[13:20:22.751]         {
[13:20:22.751]             ...future.startTime <- base::Sys.time()
[13:20:22.751]             {
[13:20:22.751]                 {
[13:20:22.751]                   {
[13:20:22.751]                     base::local({
[13:20:22.751]                       has_future <- base::requireNamespace("future", 
[13:20:22.751]                         quietly = TRUE)
[13:20:22.751]                       if (has_future) {
[13:20:22.751]                         ns <- base::getNamespace("future")
[13:20:22.751]                         version <- ns[[".package"]][["version"]]
[13:20:22.751]                         if (is.null(version)) 
[13:20:22.751]                           version <- utils::packageVersion("future")
[13:20:22.751]                       }
[13:20:22.751]                       else {
[13:20:22.751]                         version <- NULL
[13:20:22.751]                       }
[13:20:22.751]                       if (!has_future || version < "1.8.0") {
[13:20:22.751]                         info <- base::c(r_version = base::gsub("R version ", 
[13:20:22.751]                           "", base::R.version$version.string), 
[13:20:22.751]                           platform = base::sprintf("%s (%s-bit)", 
[13:20:22.751]                             base::R.version$platform, 8 * base::.Machine$sizeof.pointer), 
[13:20:22.751]                           os = base::paste(base::Sys.info()[base::c("sysname", 
[13:20:22.751]                             "release", "version")], collapse = " "), 
[13:20:22.751]                           hostname = base::Sys.info()[["nodename"]])
[13:20:22.751]                         info <- base::sprintf("%s: %s", base::names(info), 
[13:20:22.751]                           info)
[13:20:22.751]                         info <- base::paste(info, collapse = "; ")
[13:20:22.751]                         if (!has_future) {
[13:20:22.751]                           msg <- base::sprintf("Package 'future' is not installed on worker (%s)", 
[13:20:22.751]                             info)
[13:20:22.751]                         }
[13:20:22.751]                         else {
[13:20:22.751]                           msg <- base::sprintf("Package 'future' on worker (%s) must be of version >= 1.8.0: %s", 
[13:20:22.751]                             info, version)
[13:20:22.751]                         }
[13:20:22.751]                         base::stop(msg)
[13:20:22.751]                       }
[13:20:22.751]                     })
[13:20:22.751]                   }
[13:20:22.751]                   options(future.plan = NULL)
[13:20:22.751]                   Sys.unsetenv("R_FUTURE_PLAN")
[13:20:22.751]                   future::plan("default", .cleanup = FALSE, .init = FALSE)
[13:20:22.751]                 }
[13:20:22.751]                 ...future.workdir <- getwd()
[13:20:22.751]             }
[13:20:22.751]             ...future.oldOptions <- base::as.list(base::.Options)
[13:20:22.751]             ...future.oldEnvVars <- base::Sys.getenv()
[13:20:22.751]         }
[13:20:22.751]         base::options(future.startup.script = FALSE, future.globals.onMissing = NULL, 
[13:20:22.751]             future.globals.maxSize = NULL, future.globals.method = NULL, 
[13:20:22.751]             future.globals.onMissing = NULL, future.globals.onReference = NULL, 
[13:20:22.751]             future.globals.resolve = NULL, future.resolve.recursive = NULL, 
[13:20:22.751]             future.rng.onMisuse = NULL, future.rng.onMisuse.keepFuture = NULL, 
[13:20:22.751]             future.stdout.windows.reencode = NULL, width = 80L)
[13:20:22.751]         ...future.futureOptionsAdded <- base::setdiff(base::names(base::.Options), 
[13:20:22.751]             base::names(...future.oldOptions))
[13:20:22.751]     }
[13:20:22.751]     if (FALSE) {
[13:20:22.751]     }
[13:20:22.751]     else {
[13:20:22.751]         if (TRUE) {
[13:20:22.751]             ...future.stdout <- base::rawConnection(base::raw(0L), 
[13:20:22.751]                 open = "w")
[13:20:22.751]         }
[13:20:22.751]         else {
[13:20:22.751]             ...future.stdout <- base::file(base::switch(.Platform$OS.type, 
[13:20:22.751]                 windows = "NUL", "/dev/null"), open = "w")
[13:20:22.751]         }
[13:20:22.751]         base::sink(...future.stdout, type = "output", split = FALSE)
[13:20:22.751]         base::on.exit(if (!base::is.null(...future.stdout)) {
[13:20:22.751]             base::sink(type = "output", split = FALSE)
[13:20:22.751]             base::close(...future.stdout)
[13:20:22.751]         }, add = TRUE)
[13:20:22.751]     }
[13:20:22.751]     ...future.frame <- base::sys.nframe()
[13:20:22.751]     ...future.conditions <- base::list()
[13:20:22.751]     ...future.rng <- base::globalenv()$.Random.seed
[13:20:22.751]     if (FALSE) {
[13:20:22.751]         ...future.globalenv.names <- c(base::names(base::.GlobalEnv), 
[13:20:22.751]             "...future.value", "...future.globalenv.names", ".Random.seed")
[13:20:22.751]     }
[13:20:22.751]     ...future.result <- base::tryCatch({
[13:20:22.751]         base::withCallingHandlers({
[13:20:22.751]             ...future.value <- base::withVisible(base::local({
[13:20:22.751]                 42L
[13:20:22.751]                 stop("woops")
[13:20:22.751]             }))
[13:20:22.751]             future::FutureResult(value = ...future.value$value, 
[13:20:22.751]                 visible = ...future.value$visible, rng = !identical(base::globalenv()$.Random.seed, 
[13:20:22.751]                   ...future.rng), globalenv = if (FALSE) 
[13:20:22.751]                   list(added = base::setdiff(base::names(base::.GlobalEnv), 
[13:20:22.751]                     ...future.globalenv.names))
[13:20:22.751]                 else NULL, started = ...future.startTime, version = "1.8")
[13:20:22.751]         }, condition = base::local({
[13:20:22.751]             c <- base::c
[13:20:22.751]             inherits <- base::inherits
[13:20:22.751]             invokeRestart <- base::invokeRestart
[13:20:22.751]             length <- base::length
[13:20:22.751]             list <- base::list
[13:20:22.751]             seq.int <- base::seq.int
[13:20:22.751]             signalCondition <- base::signalCondition
[13:20:22.751]             sys.calls <- base::sys.calls
[13:20:22.751]             `[[` <- base::`[[`
[13:20:22.751]             `+` <- base::`+`
[13:20:22.751]             `<<-` <- base::`<<-`
[13:20:22.751]             sysCalls <- function(calls = sys.calls(), from = 1L) {
[13:20:22.751]                 calls[seq.int(from = from + 12L, to = length(calls) - 
[13:20:22.751]                   3L)]
[13:20:22.751]             }
[13:20:22.751]             function(cond) {
[13:20:22.751]                 is_error <- inherits(cond, "error")
[13:20:22.751]                 ignore <- !is_error && !is.null(NULL) && inherits(cond, 
[13:20:22.751]                   NULL)
[13:20:22.751]                 if (is_error) {
[13:20:22.751]                   sessionInformation <- function() {
[13:20:22.751]                     list(r = base::R.Version(), locale = base::Sys.getlocale(), 
[13:20:22.751]                       rngkind = base::RNGkind(), namespaces = base::loadedNamespaces(), 
[13:20:22.751]                       search = base::search(), system = base::Sys.info())
[13:20:22.751]                   }
[13:20:22.751]                   ...future.conditions[[length(...future.conditions) + 
[13:20:22.751]                     1L]] <<- list(condition = cond, calls = c(sysCalls(from = ...future.frame), 
[13:20:22.751]                     cond$call), session = sessionInformation(), 
[13:20:22.751]                     timestamp = base::Sys.time(), signaled = 0L)
[13:20:22.751]                   signalCondition(cond)
[13:20:22.751]                 }
[13:20:22.751]                 else if (!ignore && TRUE && inherits(cond, c("condition", 
[13:20:22.751]                 "immediateCondition"))) {
[13:20:22.751]                   signal <- TRUE && inherits(cond, "immediateCondition")
[13:20:22.751]                   ...future.conditions[[length(...future.conditions) + 
[13:20:22.751]                     1L]] <<- list(condition = cond, signaled = base::as.integer(signal))
[13:20:22.751]                   if (TRUE && !signal) {
[13:20:22.751]                     muffleCondition <- function (cond, pattern = "^muffle") 
[13:20:22.751]                     {
[13:20:22.751]                       inherits <- base::inherits
[13:20:22.751]                       invokeRestart <- base::invokeRestart
[13:20:22.751]                       is.null <- base::is.null
[13:20:22.751]                       muffled <- FALSE
[13:20:22.751]                       if (inherits(cond, "message")) {
[13:20:22.751]                         muffled <- grepl(pattern, "muffleMessage")
[13:20:22.751]                         if (muffled) 
[13:20:22.751]                           invokeRestart("muffleMessage")
[13:20:22.751]                       }
[13:20:22.751]                       else if (inherits(cond, "warning")) {
[13:20:22.751]                         muffled <- grepl(pattern, "muffleWarning")
[13:20:22.751]                         if (muffled) 
[13:20:22.751]                           invokeRestart("muffleWarning")
[13:20:22.751]                       }
[13:20:22.751]                       else if (inherits(cond, "condition")) {
[13:20:22.751]                         if (!is.null(pattern)) {
[13:20:22.751]                           computeRestarts <- base::computeRestarts
[13:20:22.751]                           grepl <- base::grepl
[13:20:22.751]                           restarts <- computeRestarts(cond)
[13:20:22.751]                           for (restart in restarts) {
[13:20:22.751]                             name <- restart$name
[13:20:22.751]                             if (is.null(name)) 
[13:20:22.751]                               next
[13:20:22.751]                             if (!grepl(pattern, name)) 
[13:20:22.751]                               next
[13:20:22.751]                             invokeRestart(restart)
[13:20:22.751]                             muffled <- TRUE
[13:20:22.751]                             break
[13:20:22.751]                           }
[13:20:22.751]                         }
[13:20:22.751]                       }
[13:20:22.751]                       invisible(muffled)
[13:20:22.751]                     }
[13:20:22.751]                     muffleCondition(cond, pattern = "^muffle")
[13:20:22.751]                   }
[13:20:22.751]                 }
[13:20:22.751]                 else {
[13:20:22.751]                   if (TRUE) {
[13:20:22.751]                     muffleCondition <- function (cond, pattern = "^muffle") 
[13:20:22.751]                     {
[13:20:22.751]                       inherits <- base::inherits
[13:20:22.751]                       invokeRestart <- base::invokeRestart
[13:20:22.751]                       is.null <- base::is.null
[13:20:22.751]                       muffled <- FALSE
[13:20:22.751]                       if (inherits(cond, "message")) {
[13:20:22.751]                         muffled <- grepl(pattern, "muffleMessage")
[13:20:22.751]                         if (muffled) 
[13:20:22.751]                           invokeRestart("muffleMessage")
[13:20:22.751]                       }
[13:20:22.751]                       else if (inherits(cond, "warning")) {
[13:20:22.751]                         muffled <- grepl(pattern, "muffleWarning")
[13:20:22.751]                         if (muffled) 
[13:20:22.751]                           invokeRestart("muffleWarning")
[13:20:22.751]                       }
[13:20:22.751]                       else if (inherits(cond, "condition")) {
[13:20:22.751]                         if (!is.null(pattern)) {
[13:20:22.751]                           computeRestarts <- base::computeRestarts
[13:20:22.751]                           grepl <- base::grepl
[13:20:22.751]                           restarts <- computeRestarts(cond)
[13:20:22.751]                           for (restart in restarts) {
[13:20:22.751]                             name <- restart$name
[13:20:22.751]                             if (is.null(name)) 
[13:20:22.751]                               next
[13:20:22.751]                             if (!grepl(pattern, name)) 
[13:20:22.751]                               next
[13:20:22.751]                             invokeRestart(restart)
[13:20:22.751]                             muffled <- TRUE
[13:20:22.751]                             break
[13:20:22.751]                           }
[13:20:22.751]                         }
[13:20:22.751]                       }
[13:20:22.751]                       invisible(muffled)
[13:20:22.751]                     }
[13:20:22.751]                     muffleCondition(cond, pattern = "^muffle")
[13:20:22.751]                   }
[13:20:22.751]                 }
[13:20:22.751]             }
[13:20:22.751]         }))
[13:20:22.751]     }, error = function(ex) {
[13:20:22.751]         base::structure(base::list(value = NULL, visible = NULL, 
[13:20:22.751]             conditions = ...future.conditions, rng = !identical(base::globalenv()$.Random.seed, 
[13:20:22.751]                 ...future.rng), started = ...future.startTime, 
[13:20:22.751]             finished = Sys.time(), session_uuid = NA_character_, 
[13:20:22.751]             version = "1.8"), class = "FutureResult")
[13:20:22.751]     }, finally = {
[13:20:22.751]         if (!identical(...future.workdir, getwd())) 
[13:20:22.751]             setwd(...future.workdir)
[13:20:22.751]         {
[13:20:22.751]             if (identical(getOption("nwarnings"), ...future.oldOptions$nwarnings)) {
[13:20:22.751]                 ...future.oldOptions$nwarnings <- NULL
[13:20:22.751]             }
[13:20:22.751]             base::options(...future.oldOptions)
[13:20:22.751]             if (.Platform$OS.type == "windows") {
[13:20:22.751]                 old_names <- names(...future.oldEnvVars)
[13:20:22.751]                 envs <- base::Sys.getenv()
[13:20:22.751]                 names <- names(envs)
[13:20:22.751]                 common <- intersect(names, old_names)
[13:20:22.751]                 added <- setdiff(names, old_names)
[13:20:22.751]                 removed <- setdiff(old_names, names)
[13:20:22.751]                 changed <- common[...future.oldEnvVars[common] != 
[13:20:22.751]                   envs[common]]
[13:20:22.751]                 NAMES <- toupper(changed)
[13:20:22.751]                 args <- list()
[13:20:22.751]                 for (kk in seq_along(NAMES)) {
[13:20:22.751]                   name <- changed[[kk]]
[13:20:22.751]                   NAME <- NAMES[[kk]]
[13:20:22.751]                   if (name != NAME && is.element(NAME, old_names)) 
[13:20:22.751]                     next
[13:20:22.751]                   args[[name]] <- ...future.oldEnvVars[[name]]
[13:20:22.751]                 }
[13:20:22.751]                 NAMES <- toupper(added)
[13:20:22.751]                 for (kk in seq_along(NAMES)) {
[13:20:22.751]                   name <- added[[kk]]
[13:20:22.751]                   NAME <- NAMES[[kk]]
[13:20:22.751]                   if (name != NAME && is.element(NAME, old_names)) 
[13:20:22.751]                     next
[13:20:22.751]                   args[[name]] <- ""
[13:20:22.751]                 }
[13:20:22.751]                 NAMES <- toupper(removed)
[13:20:22.751]                 for (kk in seq_along(NAMES)) {
[13:20:22.751]                   name <- removed[[kk]]
[13:20:22.751]                   NAME <- NAMES[[kk]]
[13:20:22.751]                   if (name != NAME && is.element(NAME, old_names)) 
[13:20:22.751]                     next
[13:20:22.751]                   args[[name]] <- ...future.oldEnvVars[[name]]
[13:20:22.751]                 }
[13:20:22.751]                 if (length(args) > 0) 
[13:20:22.751]                   base::do.call(base::Sys.setenv, args = args)
[13:20:22.751]                 args <- names <- old_names <- NAMES <- envs <- common <- added <- removed <- NULL
[13:20:22.751]             }
[13:20:22.751]             else {
[13:20:22.751]                 base::do.call(base::Sys.setenv, args = base::as.list(...future.oldEnvVars))
[13:20:22.751]             }
[13:20:22.751]             {
[13:20:22.751]                 if (base::length(...future.futureOptionsAdded) > 
[13:20:22.751]                   0L) {
[13:20:22.751]                   opts <- base::vector("list", length = base::length(...future.futureOptionsAdded))
[13:20:22.751]                   base::names(opts) <- ...future.futureOptionsAdded
[13:20:22.751]                   base::options(opts)
[13:20:22.751]                 }
[13:20:22.751]                 {
[13:20:22.751]                   {
[13:20:22.751]                     NULL
[13:20:22.751]                     RNGkind("Mersenne-Twister")
[13:20:22.751]                     base::rm(list = ".Random.seed", envir = base::globalenv(), 
[13:20:22.751]                       inherits = FALSE)
[13:20:22.751]                   }
[13:20:22.751]                   options(future.plan = NULL)
[13:20:22.751]                   if (is.na(NA_character_)) 
[13:20:22.751]                     Sys.unsetenv("R_FUTURE_PLAN")
[13:20:22.751]                   else Sys.setenv(R_FUTURE_PLAN = NA_character_)
[13:20:22.751]                   future::plan(list(function (..., envir = parent.frame()) 
[13:20:22.751]                   {
[13:20:22.751]                     future <- SequentialFuture(..., envir = envir)
[13:20:22.751]                     if (!future$lazy) 
[13:20:22.751]                       future <- run(future)
[13:20:22.751]                     invisible(future)
[13:20:22.751]                   }), .cleanup = FALSE, .init = FALSE)
[13:20:22.751]                 }
[13:20:22.751]             }
[13:20:22.751]         }
[13:20:22.751]     })
[13:20:22.751]     if (TRUE) {
[13:20:22.751]         base::sink(type = "output", split = FALSE)
[13:20:22.751]         if (TRUE) {
[13:20:22.751]             ...future.result$stdout <- base::rawToChar(base::rawConnectionValue(...future.stdout))
[13:20:22.751]         }
[13:20:22.751]         else {
[13:20:22.751]             ...future.result["stdout"] <- base::list(NULL)
[13:20:22.751]         }
[13:20:22.751]         base::close(...future.stdout)
[13:20:22.751]         ...future.stdout <- NULL
[13:20:22.751]     }
[13:20:22.751]     ...future.result$conditions <- ...future.conditions
[13:20:22.751]     ...future.result$finished <- base::Sys.time()
[13:20:22.751]     ...future.result
[13:20:22.751] }
[13:20:22.753] plan(): Setting new future strategy stack:
[13:20:22.753] List of future strategies:
[13:20:22.753] 1. sequential:
[13:20:22.753]    - args: function (..., envir = parent.frame())
[13:20:22.753]    - tweaked: FALSE
[13:20:22.753]    - call: NULL
[13:20:22.754] plan(): nbrOfWorkers() = 1
[13:20:22.755] plan(): Setting new future strategy stack:
[13:20:22.755] List of future strategies:
[13:20:22.755] 1. sequential:
[13:20:22.755]    - args: function (..., envir = parent.frame())
[13:20:22.755]    - tweaked: FALSE
[13:20:22.755]    - call: future::plan("sequential")
[13:20:22.755] plan(): nbrOfWorkers() = 1
[13:20:22.755] SequentialFuture started (and completed)
[13:20:22.756] signalConditions() ...
[13:20:22.756]  - include = ‘immediateCondition’
[13:20:22.756]  - exclude = 
[13:20:22.756]  - resignal = FALSE
[13:20:22.756]  - Number of conditions: 1
[13:20:22.756] signalConditions() ... done
[13:20:22.756] - Launch lazy future ... done
[13:20:22.756] run() for ‘SequentialFuture’ ... done
> v <- value(f, signal = FALSE)
[13:20:22.757] signalConditions() ...
[13:20:22.757]  - include = ‘immediateCondition’
[13:20:22.757]  - exclude = 
[13:20:22.757]  - resignal = FALSE
[13:20:22.757]  - Number of conditions: 1
[13:20:22.757] signalConditions() ... done
> print(v)
<simpleError in eval(quote({    42L    stop("woops")}), new.env()): woops>
> ex <- FutureError(message = "Woops", future = f)
> print(ex)
<FutureError: Woops>


Future UUID: 0dcdc09b-f1dc-b792-6430-4ddfe9425468


DEBUG: BEGIN TROUBLESHOOTING HELP
Future involved:
SequentialFuture:
Label: ‘<none>’
Expression:
{
    42L
    stop("woops")
}
Lazy evaluation: FALSE
Asynchronous evaluation: FALSE
Local evaluation: TRUE
Environment: R_GlobalEnv
Capture standard output: TRUE
Capture condition classes: ‘condition’ (excluding ‘nothing’)
Globals: <none>
Packages: <none>
L'Ecuyer-CMRG RNG seed: <none> (seed = FALSE)
Resolved: TRUE
Value: 0 bytes of class ‘NULL’
Conditions captured: [n=1] ‘simpleError’
Early signaling: FALSE
Owner process: 3cf985de-daee-253a-49a0-f32bb21f3a66
Class: ‘SequentialFuture’, ‘UniprocessFuture’, ‘Future’, ‘environment’

DEBUG: END TROUBLESHOOTING HELP
> 
> message("*** FutureError class ... DONE")
*** FutureError class ... DONE
> 
> source("incl/end.R")
[13:20:22.759] plan(): Setting new future strategy stack:
[13:20:22.759] List of future strategies:
[13:20:22.759] 1. FutureStrategy:
[13:20:22.759]    - args: function (..., envir = parent.frame())
[13:20:22.759]    - tweaked: FALSE
[13:20:22.759]    - call: future::plan(oplan)
[13:20:22.773] plan(): nbrOfWorkers() = 1
> 
