
R version 4.3.0 (2023-04-21) -- "Already Tomorrow"
Copyright (C) 2023 The R Foundation for Statistical Computing
Platform: x86_64-pc-linux-gnu (64-bit)

R is free software and comes with ABSOLUTELY NO WARRANTY.
You are welcome to redistribute it under certain conditions.
Type 'license()' or 'licence()' for distribution details.

R is a collaborative project with many contributors.
Type 'contributors()' for more information and
'citation()' on how to cite R or R packages in publications.

Type 'demo()' for some demos, 'help()' for on-line help, or
'help.start()' for an HTML browser interface to help.
Type 'q()' to quit R.

> source("incl/start.R")
[17:42:08.460] plan(): Setting new future strategy stack:
[17:42:08.461] List of future strategies:
[17:42:08.461] 1. sequential:
[17:42:08.461]    - args: function (..., envir = parent.frame())
[17:42:08.461]    - tweaked: FALSE
[17:42:08.461]    - call: future::plan("sequential")
[17:42:08.475] plan(): nbrOfWorkers() = 1
> 
> ## BACKWARD COMPATIBILITY
> if (getRversion() < "3.2.0") {
+   names <- function(x) if (is.environment(x)) ls(envir = x) else base::names(x)
+ }
> 
> message("*** %<-% to environment ...")
*** %<-% to environment ...
> 
> ## - - - - - - - - - - - - - - - - - - - - - - - - - - - -
> ## Async delayed assignment (infix operator)
> ## - - - - - - - - - - - - - - - - - - - - - - - - - - - -
> z <- new.env()
> stopifnot(length(names(z)) == 0L)
> 
> message("*** %<-% to environment: Assign by index (not allowed)")
*** %<-% to environment: Assign by index (not allowed)
> res <- try(z[[1]] %<-% { 2 } %lazy% TRUE, silent = TRUE)
> stopifnot(inherits(res, "try-error"))
> 
> message("*** %<-% to environment: Assign by name (new)")
*** %<-% to environment: Assign by name (new)
> z$B %<-% { TRUE }  %lazy% TRUE
[17:42:08.489] getGlobalsAndPackages() ...
[17:42:08.489] Searching for globals...
[17:42:08.492] - globals found: [1] ‘{’
[17:42:08.492] Searching for globals ... DONE
[17:42:08.492] Resolving globals: FALSE
[17:42:08.493] 
[17:42:08.493] 
[17:42:08.493] getGlobalsAndPackages() ... DONE
> stopifnot(length(z) == 2) # sic!
> stopifnot("B" %in% ls(z))
> 
> y <- as.list(z)
[17:42:08.494] run() for ‘Future’ ...
[17:42:08.494] - state: ‘created’
[17:42:08.494] - Future backend: ‘FutureStrategy’, ‘sequential’, ‘uniprocess’, ‘future’, ‘function’
[17:42:08.495] - Future class: ‘SequentialFuture’, ‘UniprocessFuture’, ‘Future’, ‘environment’
[17:42:08.495] - Copy elements of temporary ‘SequentialFuture’ to final ‘Future’ object ...
[17:42:08.495]   - Field: ‘label’
[17:42:08.495]   - Field: ‘local’
[17:42:08.495]   - Field: ‘owner’
[17:42:08.495]   - Field: ‘envir’
[17:42:08.495]   - Field: ‘packages’
[17:42:08.495]   - Field: ‘gc’
[17:42:08.496]   - Field: ‘conditions’
[17:42:08.496]   - Field: ‘expr’
[17:42:08.496]   - Field: ‘uuid’
[17:42:08.496]   - Field: ‘seed’
[17:42:08.496]   - Field: ‘version’
[17:42:08.496]   - Field: ‘result’
[17:42:08.496]   - Field: ‘asynchronous’
[17:42:08.496]   - Field: ‘calls’
[17:42:08.496]   - Field: ‘globals’
[17:42:08.496]   - Field: ‘stdout’
[17:42:08.496]   - Field: ‘earlySignal’
[17:42:08.497]   - Field: ‘lazy’
[17:42:08.497]   - Field: ‘state’
[17:42:08.497] - Copy elements of temporary ‘SequentialFuture’ to final ‘Future’ object ... done
[17:42:08.497] - Launch lazy future ...
[17:42:08.498] Packages needed by the future expression (n = 0): <none>
[17:42:08.498] Packages needed by future strategies (n = 0): <none>
[17:42:08.499] {
[17:42:08.499]     {
[17:42:08.499]         {
[17:42:08.499]             ...future.startTime <- base::Sys.time()
[17:42:08.499]             {
[17:42:08.499]                 {
[17:42:08.499]                   {
[17:42:08.499]                     base::local({
[17:42:08.499]                       has_future <- base::requireNamespace("future", 
[17:42:08.499]                         quietly = TRUE)
[17:42:08.499]                       if (has_future) {
[17:42:08.499]                         ns <- base::getNamespace("future")
[17:42:08.499]                         version <- ns[[".package"]][["version"]]
[17:42:08.499]                         if (is.null(version)) 
[17:42:08.499]                           version <- utils::packageVersion("future")
[17:42:08.499]                       }
[17:42:08.499]                       else {
[17:42:08.499]                         version <- NULL
[17:42:08.499]                       }
[17:42:08.499]                       if (!has_future || version < "1.8.0") {
[17:42:08.499]                         info <- base::c(r_version = base::gsub("R version ", 
[17:42:08.499]                           "", base::R.version$version.string), 
[17:42:08.499]                           platform = base::sprintf("%s (%s-bit)", 
[17:42:08.499]                             base::R.version$platform, 8 * base::.Machine$sizeof.pointer), 
[17:42:08.499]                           os = base::paste(base::Sys.info()[base::c("sysname", 
[17:42:08.499]                             "release", "version")], collapse = " "), 
[17:42:08.499]                           hostname = base::Sys.info()[["nodename"]])
[17:42:08.499]                         info <- base::sprintf("%s: %s", base::names(info), 
[17:42:08.499]                           info)
[17:42:08.499]                         info <- base::paste(info, collapse = "; ")
[17:42:08.499]                         if (!has_future) {
[17:42:08.499]                           msg <- base::sprintf("Package 'future' is not installed on worker (%s)", 
[17:42:08.499]                             info)
[17:42:08.499]                         }
[17:42:08.499]                         else {
[17:42:08.499]                           msg <- base::sprintf("Package 'future' on worker (%s) must be of version >= 1.8.0: %s", 
[17:42:08.499]                             info, version)
[17:42:08.499]                         }
[17:42:08.499]                         base::stop(msg)
[17:42:08.499]                       }
[17:42:08.499]                     })
[17:42:08.499]                   }
[17:42:08.499]                   options(future.plan = NULL)
[17:42:08.499]                   Sys.unsetenv("R_FUTURE_PLAN")
[17:42:08.499]                   future::plan("default", .cleanup = FALSE, .init = FALSE)
[17:42:08.499]                 }
[17:42:08.499]                 ...future.workdir <- getwd()
[17:42:08.499]             }
[17:42:08.499]             ...future.oldOptions <- base::as.list(base::.Options)
[17:42:08.499]             ...future.oldEnvVars <- base::Sys.getenv()
[17:42:08.499]         }
[17:42:08.499]         base::options(future.startup.script = FALSE, future.globals.onMissing = NULL, 
[17:42:08.499]             future.globals.maxSize = NULL, future.globals.method = NULL, 
[17:42:08.499]             future.globals.onMissing = NULL, future.globals.onReference = NULL, 
[17:42:08.499]             future.globals.resolve = NULL, future.resolve.recursive = NULL, 
[17:42:08.499]             future.rng.onMisuse = NULL, future.rng.onMisuse.keepFuture = NULL, 
[17:42:08.499]             future.stdout.windows.reencode = NULL, width = 80L)
[17:42:08.499]         ...future.futureOptionsAdded <- base::setdiff(base::names(base::.Options), 
[17:42:08.499]             base::names(...future.oldOptions))
[17:42:08.499]     }
[17:42:08.499]     if (FALSE) {
[17:42:08.499]     }
[17:42:08.499]     else {
[17:42:08.499]         if (TRUE) {
[17:42:08.499]             ...future.stdout <- base::rawConnection(base::raw(0L), 
[17:42:08.499]                 open = "w")
[17:42:08.499]         }
[17:42:08.499]         else {
[17:42:08.499]             ...future.stdout <- base::file(base::switch(.Platform$OS.type, 
[17:42:08.499]                 windows = "NUL", "/dev/null"), open = "w")
[17:42:08.499]         }
[17:42:08.499]         base::sink(...future.stdout, type = "output", split = FALSE)
[17:42:08.499]         base::on.exit(if (!base::is.null(...future.stdout)) {
[17:42:08.499]             base::sink(type = "output", split = FALSE)
[17:42:08.499]             base::close(...future.stdout)
[17:42:08.499]         }, add = TRUE)
[17:42:08.499]     }
[17:42:08.499]     ...future.frame <- base::sys.nframe()
[17:42:08.499]     ...future.conditions <- base::list()
[17:42:08.499]     ...future.rng <- base::globalenv()$.Random.seed
[17:42:08.499]     if (FALSE) {
[17:42:08.499]         ...future.globalenv.names <- c(base::names(base::.GlobalEnv), 
[17:42:08.499]             "...future.value", "...future.globalenv.names", ".Random.seed")
[17:42:08.499]     }
[17:42:08.499]     ...future.result <- base::tryCatch({
[17:42:08.499]         base::withCallingHandlers({
[17:42:08.499]             ...future.value <- base::withVisible(base::local({
[17:42:08.499]                 TRUE
[17:42:08.499]             }))
[17:42:08.499]             future::FutureResult(value = ...future.value$value, 
[17:42:08.499]                 visible = ...future.value$visible, rng = !identical(base::globalenv()$.Random.seed, 
[17:42:08.499]                   ...future.rng), globalenv = if (FALSE) 
[17:42:08.499]                   list(added = base::setdiff(base::names(base::.GlobalEnv), 
[17:42:08.499]                     ...future.globalenv.names))
[17:42:08.499]                 else NULL, started = ...future.startTime, version = "1.8")
[17:42:08.499]         }, condition = base::local({
[17:42:08.499]             c <- base::c
[17:42:08.499]             inherits <- base::inherits
[17:42:08.499]             invokeRestart <- base::invokeRestart
[17:42:08.499]             length <- base::length
[17:42:08.499]             list <- base::list
[17:42:08.499]             seq.int <- base::seq.int
[17:42:08.499]             signalCondition <- base::signalCondition
[17:42:08.499]             sys.calls <- base::sys.calls
[17:42:08.499]             `[[` <- base::`[[`
[17:42:08.499]             `+` <- base::`+`
[17:42:08.499]             `<<-` <- base::`<<-`
[17:42:08.499]             sysCalls <- function(calls = sys.calls(), from = 1L) {
[17:42:08.499]                 calls[seq.int(from = from + 12L, to = length(calls) - 
[17:42:08.499]                   3L)]
[17:42:08.499]             }
[17:42:08.499]             function(cond) {
[17:42:08.499]                 is_error <- inherits(cond, "error")
[17:42:08.499]                 ignore <- !is_error && !is.null(NULL) && inherits(cond, 
[17:42:08.499]                   NULL)
[17:42:08.499]                 if (is_error) {
[17:42:08.499]                   sessionInformation <- function() {
[17:42:08.499]                     list(r = base::R.Version(), locale = base::Sys.getlocale(), 
[17:42:08.499]                       rngkind = base::RNGkind(), namespaces = base::loadedNamespaces(), 
[17:42:08.499]                       search = base::search(), system = base::Sys.info())
[17:42:08.499]                   }
[17:42:08.499]                   ...future.conditions[[length(...future.conditions) + 
[17:42:08.499]                     1L]] <<- list(condition = cond, calls = c(sysCalls(from = ...future.frame), 
[17:42:08.499]                     cond$call), session = sessionInformation(), 
[17:42:08.499]                     timestamp = base::Sys.time(), signaled = 0L)
[17:42:08.499]                   signalCondition(cond)
[17:42:08.499]                 }
[17:42:08.499]                 else if (!ignore && TRUE && inherits(cond, c("condition", 
[17:42:08.499]                 "immediateCondition"))) {
[17:42:08.499]                   signal <- TRUE && inherits(cond, "immediateCondition")
[17:42:08.499]                   ...future.conditions[[length(...future.conditions) + 
[17:42:08.499]                     1L]] <<- list(condition = cond, signaled = base::as.integer(signal))
[17:42:08.499]                   if (TRUE && !signal) {
[17:42:08.499]                     muffleCondition <- function (cond, pattern = "^muffle") 
[17:42:08.499]                     {
[17:42:08.499]                       inherits <- base::inherits
[17:42:08.499]                       invokeRestart <- base::invokeRestart
[17:42:08.499]                       is.null <- base::is.null
[17:42:08.499]                       muffled <- FALSE
[17:42:08.499]                       if (inherits(cond, "message")) {
[17:42:08.499]                         muffled <- grepl(pattern, "muffleMessage")
[17:42:08.499]                         if (muffled) 
[17:42:08.499]                           invokeRestart("muffleMessage")
[17:42:08.499]                       }
[17:42:08.499]                       else if (inherits(cond, "warning")) {
[17:42:08.499]                         muffled <- grepl(pattern, "muffleWarning")
[17:42:08.499]                         if (muffled) 
[17:42:08.499]                           invokeRestart("muffleWarning")
[17:42:08.499]                       }
[17:42:08.499]                       else if (inherits(cond, "condition")) {
[17:42:08.499]                         if (!is.null(pattern)) {
[17:42:08.499]                           computeRestarts <- base::computeRestarts
[17:42:08.499]                           grepl <- base::grepl
[17:42:08.499]                           restarts <- computeRestarts(cond)
[17:42:08.499]                           for (restart in restarts) {
[17:42:08.499]                             name <- restart$name
[17:42:08.499]                             if (is.null(name)) 
[17:42:08.499]                               next
[17:42:08.499]                             if (!grepl(pattern, name)) 
[17:42:08.499]                               next
[17:42:08.499]                             invokeRestart(restart)
[17:42:08.499]                             muffled <- TRUE
[17:42:08.499]                             break
[17:42:08.499]                           }
[17:42:08.499]                         }
[17:42:08.499]                       }
[17:42:08.499]                       invisible(muffled)
[17:42:08.499]                     }
[17:42:08.499]                     muffleCondition(cond, pattern = "^muffle")
[17:42:08.499]                   }
[17:42:08.499]                 }
[17:42:08.499]                 else {
[17:42:08.499]                   if (TRUE) {
[17:42:08.499]                     muffleCondition <- function (cond, pattern = "^muffle") 
[17:42:08.499]                     {
[17:42:08.499]                       inherits <- base::inherits
[17:42:08.499]                       invokeRestart <- base::invokeRestart
[17:42:08.499]                       is.null <- base::is.null
[17:42:08.499]                       muffled <- FALSE
[17:42:08.499]                       if (inherits(cond, "message")) {
[17:42:08.499]                         muffled <- grepl(pattern, "muffleMessage")
[17:42:08.499]                         if (muffled) 
[17:42:08.499]                           invokeRestart("muffleMessage")
[17:42:08.499]                       }
[17:42:08.499]                       else if (inherits(cond, "warning")) {
[17:42:08.499]                         muffled <- grepl(pattern, "muffleWarning")
[17:42:08.499]                         if (muffled) 
[17:42:08.499]                           invokeRestart("muffleWarning")
[17:42:08.499]                       }
[17:42:08.499]                       else if (inherits(cond, "condition")) {
[17:42:08.499]                         if (!is.null(pattern)) {
[17:42:08.499]                           computeRestarts <- base::computeRestarts
[17:42:08.499]                           grepl <- base::grepl
[17:42:08.499]                           restarts <- computeRestarts(cond)
[17:42:08.499]                           for (restart in restarts) {
[17:42:08.499]                             name <- restart$name
[17:42:08.499]                             if (is.null(name)) 
[17:42:08.499]                               next
[17:42:08.499]                             if (!grepl(pattern, name)) 
[17:42:08.499]                               next
[17:42:08.499]                             invokeRestart(restart)
[17:42:08.499]                             muffled <- TRUE
[17:42:08.499]                             break
[17:42:08.499]                           }
[17:42:08.499]                         }
[17:42:08.499]                       }
[17:42:08.499]                       invisible(muffled)
[17:42:08.499]                     }
[17:42:08.499]                     muffleCondition(cond, pattern = "^muffle")
[17:42:08.499]                   }
[17:42:08.499]                 }
[17:42:08.499]             }
[17:42:08.499]         }))
[17:42:08.499]     }, error = function(ex) {
[17:42:08.499]         base::structure(base::list(value = NULL, visible = NULL, 
[17:42:08.499]             conditions = ...future.conditions, rng = !identical(base::globalenv()$.Random.seed, 
[17:42:08.499]                 ...future.rng), started = ...future.startTime, 
[17:42:08.499]             finished = Sys.time(), session_uuid = NA_character_, 
[17:42:08.499]             version = "1.8"), class = "FutureResult")
[17:42:08.499]     }, finally = {
[17:42:08.499]         if (!identical(...future.workdir, getwd())) 
[17:42:08.499]             setwd(...future.workdir)
[17:42:08.499]         {
[17:42:08.499]             if (identical(getOption("nwarnings"), ...future.oldOptions$nwarnings)) {
[17:42:08.499]                 ...future.oldOptions$nwarnings <- NULL
[17:42:08.499]             }
[17:42:08.499]             base::options(...future.oldOptions)
[17:42:08.499]             if (.Platform$OS.type == "windows") {
[17:42:08.499]                 old_names <- names(...future.oldEnvVars)
[17:42:08.499]                 envs <- base::Sys.getenv()
[17:42:08.499]                 names <- names(envs)
[17:42:08.499]                 common <- intersect(names, old_names)
[17:42:08.499]                 added <- setdiff(names, old_names)
[17:42:08.499]                 removed <- setdiff(old_names, names)
[17:42:08.499]                 changed <- common[...future.oldEnvVars[common] != 
[17:42:08.499]                   envs[common]]
[17:42:08.499]                 NAMES <- toupper(changed)
[17:42:08.499]                 args <- list()
[17:42:08.499]                 for (kk in seq_along(NAMES)) {
[17:42:08.499]                   name <- changed[[kk]]
[17:42:08.499]                   NAME <- NAMES[[kk]]
[17:42:08.499]                   if (name != NAME && is.element(NAME, old_names)) 
[17:42:08.499]                     next
[17:42:08.499]                   args[[name]] <- ...future.oldEnvVars[[name]]
[17:42:08.499]                 }
[17:42:08.499]                 NAMES <- toupper(added)
[17:42:08.499]                 for (kk in seq_along(NAMES)) {
[17:42:08.499]                   name <- added[[kk]]
[17:42:08.499]                   NAME <- NAMES[[kk]]
[17:42:08.499]                   if (name != NAME && is.element(NAME, old_names)) 
[17:42:08.499]                     next
[17:42:08.499]                   args[[name]] <- ""
[17:42:08.499]                 }
[17:42:08.499]                 NAMES <- toupper(removed)
[17:42:08.499]                 for (kk in seq_along(NAMES)) {
[17:42:08.499]                   name <- removed[[kk]]
[17:42:08.499]                   NAME <- NAMES[[kk]]
[17:42:08.499]                   if (name != NAME && is.element(NAME, old_names)) 
[17:42:08.499]                     next
[17:42:08.499]                   args[[name]] <- ...future.oldEnvVars[[name]]
[17:42:08.499]                 }
[17:42:08.499]                 if (length(args) > 0) 
[17:42:08.499]                   base::do.call(base::Sys.setenv, args = args)
[17:42:08.499]                 args <- names <- old_names <- NAMES <- envs <- common <- added <- removed <- NULL
[17:42:08.499]             }
[17:42:08.499]             else {
[17:42:08.499]                 base::do.call(base::Sys.setenv, args = base::as.list(...future.oldEnvVars))
[17:42:08.499]             }
[17:42:08.499]             {
[17:42:08.499]                 if (base::length(...future.futureOptionsAdded) > 
[17:42:08.499]                   0L) {
[17:42:08.499]                   opts <- base::vector("list", length = base::length(...future.futureOptionsAdded))
[17:42:08.499]                   base::names(opts) <- ...future.futureOptionsAdded
[17:42:08.499]                   base::options(opts)
[17:42:08.499]                 }
[17:42:08.499]                 {
[17:42:08.499]                   {
[17:42:08.499]                     NULL
[17:42:08.499]                     RNGkind("Mersenne-Twister")
[17:42:08.499]                     base::rm(list = ".Random.seed", envir = base::globalenv(), 
[17:42:08.499]                       inherits = FALSE)
[17:42:08.499]                   }
[17:42:08.499]                   options(future.plan = NULL)
[17:42:08.499]                   if (is.na(NA_character_)) 
[17:42:08.499]                     Sys.unsetenv("R_FUTURE_PLAN")
[17:42:08.499]                   else Sys.setenv(R_FUTURE_PLAN = NA_character_)
[17:42:08.499]                   future::plan(list(function (..., envir = parent.frame()) 
[17:42:08.499]                   {
[17:42:08.499]                     future <- SequentialFuture(..., envir = envir)
[17:42:08.499]                     if (!future$lazy) 
[17:42:08.499]                       future <- run(future)
[17:42:08.499]                     invisible(future)
[17:42:08.499]                   }), .cleanup = FALSE, .init = FALSE)
[17:42:08.499]                 }
[17:42:08.499]             }
[17:42:08.499]         }
[17:42:08.499]     })
[17:42:08.499]     if (TRUE) {
[17:42:08.499]         base::sink(type = "output", split = FALSE)
[17:42:08.499]         if (TRUE) {
[17:42:08.499]             ...future.result$stdout <- base::rawToChar(base::rawConnectionValue(...future.stdout))
[17:42:08.499]         }
[17:42:08.499]         else {
[17:42:08.499]             ...future.result["stdout"] <- base::list(NULL)
[17:42:08.499]         }
[17:42:08.499]         base::close(...future.stdout)
[17:42:08.499]         ...future.stdout <- NULL
[17:42:08.499]     }
[17:42:08.499]     ...future.result$conditions <- ...future.conditions
[17:42:08.499]     ...future.result$finished <- base::Sys.time()
[17:42:08.499]     ...future.result
[17:42:08.499] }
[17:42:08.501] plan(): Setting new future strategy stack:
[17:42:08.501] List of future strategies:
[17:42:08.501] 1. sequential:
[17:42:08.501]    - args: function (..., envir = parent.frame())
[17:42:08.501]    - tweaked: FALSE
[17:42:08.501]    - call: NULL
[17:42:08.501] plan(): nbrOfWorkers() = 1
[17:42:08.502] plan(): Setting new future strategy stack:
[17:42:08.502] List of future strategies:
[17:42:08.502] 1. sequential:
[17:42:08.502]    - args: function (..., envir = parent.frame())
[17:42:08.502]    - tweaked: FALSE
[17:42:08.502]    - call: future::plan("sequential")
[17:42:08.503] plan(): nbrOfWorkers() = 1
[17:42:08.503] SequentialFuture started (and completed)
[17:42:08.504] - Launch lazy future ... done
[17:42:08.504] run() for ‘SequentialFuture’ ... done
> str(y)
List of 1
 $ B: logi TRUE
> stopifnot(length(y) == 1)
> stopifnot(identical(names(y), "B"))
> 
> 
> message("*** %<-% to environment: Potential task name clashes")
*** %<-% to environment: Potential task name clashes
> u <- new.env()
> u$a %<-% { 1 } %lazy% TRUE
[17:42:08.507] getGlobalsAndPackages() ...
[17:42:08.507] Searching for globals...
[17:42:08.508] - globals found: [1] ‘{’
[17:42:08.508] Searching for globals ... DONE
[17:42:08.508] Resolving globals: FALSE
[17:42:08.509] 
[17:42:08.509] 
[17:42:08.509] getGlobalsAndPackages() ... DONE
> stopifnot(length(u) == 2)
> stopifnot("a" %in% names(u))
> fu <- futureOf(u$a)
> 
> v <- new.env()
> v$a %<-% { 2 } %lazy% TRUE
[17:42:08.510] getGlobalsAndPackages() ...
[17:42:08.510] Searching for globals...
[17:42:08.510] - globals found: [1] ‘{’
[17:42:08.510] Searching for globals ... DONE
[17:42:08.511] Resolving globals: FALSE
[17:42:08.511] 
[17:42:08.511] 
[17:42:08.511] getGlobalsAndPackages() ... DONE
> stopifnot(length(v) == 2)
> stopifnot("a" %in% names(v))
> fv <- futureOf(v$a)
> stopifnot(!identical(fu, fv))
> 
> fu <- futureOf(u$a)
> stopifnot(!identical(fu, fv))
> 
> stopifnot(identical(u$a, 1))
[17:42:08.512] run() for ‘Future’ ...
[17:42:08.512] - state: ‘created’
[17:42:08.512] - Future backend: ‘FutureStrategy’, ‘sequential’, ‘uniprocess’, ‘future’, ‘function’
[17:42:08.512] - Future class: ‘SequentialFuture’, ‘UniprocessFuture’, ‘Future’, ‘environment’
[17:42:08.512] - Copy elements of temporary ‘SequentialFuture’ to final ‘Future’ object ...
[17:42:08.513]   - Field: ‘label’
[17:42:08.513]   - Field: ‘local’
[17:42:08.513]   - Field: ‘owner’
[17:42:08.513]   - Field: ‘envir’
[17:42:08.513]   - Field: ‘packages’
[17:42:08.513]   - Field: ‘gc’
[17:42:08.513]   - Field: ‘conditions’
[17:42:08.513]   - Field: ‘expr’
[17:42:08.513]   - Field: ‘uuid’
[17:42:08.517]   - Field: ‘seed’
[17:42:08.517]   - Field: ‘version’
[17:42:08.517]   - Field: ‘result’
[17:42:08.517]   - Field: ‘asynchronous’
[17:42:08.517]   - Field: ‘calls’
[17:42:08.517]   - Field: ‘globals’
[17:42:08.517]   - Field: ‘stdout’
[17:42:08.517]   - Field: ‘earlySignal’
[17:42:08.517]   - Field: ‘lazy’
[17:42:08.517]   - Field: ‘state’
[17:42:08.517] - Copy elements of temporary ‘SequentialFuture’ to final ‘Future’ object ... done
[17:42:08.518] - Launch lazy future ...
[17:42:08.518] Packages needed by the future expression (n = 0): <none>
[17:42:08.518] Packages needed by future strategies (n = 0): <none>
[17:42:08.518] {
[17:42:08.518]     {
[17:42:08.518]         {
[17:42:08.518]             ...future.startTime <- base::Sys.time()
[17:42:08.518]             {
[17:42:08.518]                 {
[17:42:08.518]                   {
[17:42:08.518]                     base::local({
[17:42:08.518]                       has_future <- base::requireNamespace("future", 
[17:42:08.518]                         quietly = TRUE)
[17:42:08.518]                       if (has_future) {
[17:42:08.518]                         ns <- base::getNamespace("future")
[17:42:08.518]                         version <- ns[[".package"]][["version"]]
[17:42:08.518]                         if (is.null(version)) 
[17:42:08.518]                           version <- utils::packageVersion("future")
[17:42:08.518]                       }
[17:42:08.518]                       else {
[17:42:08.518]                         version <- NULL
[17:42:08.518]                       }
[17:42:08.518]                       if (!has_future || version < "1.8.0") {
[17:42:08.518]                         info <- base::c(r_version = base::gsub("R version ", 
[17:42:08.518]                           "", base::R.version$version.string), 
[17:42:08.518]                           platform = base::sprintf("%s (%s-bit)", 
[17:42:08.518]                             base::R.version$platform, 8 * base::.Machine$sizeof.pointer), 
[17:42:08.518]                           os = base::paste(base::Sys.info()[base::c("sysname", 
[17:42:08.518]                             "release", "version")], collapse = " "), 
[17:42:08.518]                           hostname = base::Sys.info()[["nodename"]])
[17:42:08.518]                         info <- base::sprintf("%s: %s", base::names(info), 
[17:42:08.518]                           info)
[17:42:08.518]                         info <- base::paste(info, collapse = "; ")
[17:42:08.518]                         if (!has_future) {
[17:42:08.518]                           msg <- base::sprintf("Package 'future' is not installed on worker (%s)", 
[17:42:08.518]                             info)
[17:42:08.518]                         }
[17:42:08.518]                         else {
[17:42:08.518]                           msg <- base::sprintf("Package 'future' on worker (%s) must be of version >= 1.8.0: %s", 
[17:42:08.518]                             info, version)
[17:42:08.518]                         }
[17:42:08.518]                         base::stop(msg)
[17:42:08.518]                       }
[17:42:08.518]                     })
[17:42:08.518]                   }
[17:42:08.518]                   options(future.plan = NULL)
[17:42:08.518]                   Sys.unsetenv("R_FUTURE_PLAN")
[17:42:08.518]                   future::plan("default", .cleanup = FALSE, .init = FALSE)
[17:42:08.518]                 }
[17:42:08.518]                 ...future.workdir <- getwd()
[17:42:08.518]             }
[17:42:08.518]             ...future.oldOptions <- base::as.list(base::.Options)
[17:42:08.518]             ...future.oldEnvVars <- base::Sys.getenv()
[17:42:08.518]         }
[17:42:08.518]         base::options(future.startup.script = FALSE, future.globals.onMissing = NULL, 
[17:42:08.518]             future.globals.maxSize = NULL, future.globals.method = NULL, 
[17:42:08.518]             future.globals.onMissing = NULL, future.globals.onReference = NULL, 
[17:42:08.518]             future.globals.resolve = NULL, future.resolve.recursive = NULL, 
[17:42:08.518]             future.rng.onMisuse = NULL, future.rng.onMisuse.keepFuture = NULL, 
[17:42:08.518]             future.stdout.windows.reencode = NULL, width = 80L)
[17:42:08.518]         ...future.futureOptionsAdded <- base::setdiff(base::names(base::.Options), 
[17:42:08.518]             base::names(...future.oldOptions))
[17:42:08.518]     }
[17:42:08.518]     if (FALSE) {
[17:42:08.518]     }
[17:42:08.518]     else {
[17:42:08.518]         if (TRUE) {
[17:42:08.518]             ...future.stdout <- base::rawConnection(base::raw(0L), 
[17:42:08.518]                 open = "w")
[17:42:08.518]         }
[17:42:08.518]         else {
[17:42:08.518]             ...future.stdout <- base::file(base::switch(.Platform$OS.type, 
[17:42:08.518]                 windows = "NUL", "/dev/null"), open = "w")
[17:42:08.518]         }
[17:42:08.518]         base::sink(...future.stdout, type = "output", split = FALSE)
[17:42:08.518]         base::on.exit(if (!base::is.null(...future.stdout)) {
[17:42:08.518]             base::sink(type = "output", split = FALSE)
[17:42:08.518]             base::close(...future.stdout)
[17:42:08.518]         }, add = TRUE)
[17:42:08.518]     }
[17:42:08.518]     ...future.frame <- base::sys.nframe()
[17:42:08.518]     ...future.conditions <- base::list()
[17:42:08.518]     ...future.rng <- base::globalenv()$.Random.seed
[17:42:08.518]     if (FALSE) {
[17:42:08.518]         ...future.globalenv.names <- c(base::names(base::.GlobalEnv), 
[17:42:08.518]             "...future.value", "...future.globalenv.names", ".Random.seed")
[17:42:08.518]     }
[17:42:08.518]     ...future.result <- base::tryCatch({
[17:42:08.518]         base::withCallingHandlers({
[17:42:08.518]             ...future.value <- base::withVisible(base::local({
[17:42:08.518]                 1
[17:42:08.518]             }))
[17:42:08.518]             future::FutureResult(value = ...future.value$value, 
[17:42:08.518]                 visible = ...future.value$visible, rng = !identical(base::globalenv()$.Random.seed, 
[17:42:08.518]                   ...future.rng), globalenv = if (FALSE) 
[17:42:08.518]                   list(added = base::setdiff(base::names(base::.GlobalEnv), 
[17:42:08.518]                     ...future.globalenv.names))
[17:42:08.518]                 else NULL, started = ...future.startTime, version = "1.8")
[17:42:08.518]         }, condition = base::local({
[17:42:08.518]             c <- base::c
[17:42:08.518]             inherits <- base::inherits
[17:42:08.518]             invokeRestart <- base::invokeRestart
[17:42:08.518]             length <- base::length
[17:42:08.518]             list <- base::list
[17:42:08.518]             seq.int <- base::seq.int
[17:42:08.518]             signalCondition <- base::signalCondition
[17:42:08.518]             sys.calls <- base::sys.calls
[17:42:08.518]             `[[` <- base::`[[`
[17:42:08.518]             `+` <- base::`+`
[17:42:08.518]             `<<-` <- base::`<<-`
[17:42:08.518]             sysCalls <- function(calls = sys.calls(), from = 1L) {
[17:42:08.518]                 calls[seq.int(from = from + 12L, to = length(calls) - 
[17:42:08.518]                   3L)]
[17:42:08.518]             }
[17:42:08.518]             function(cond) {
[17:42:08.518]                 is_error <- inherits(cond, "error")
[17:42:08.518]                 ignore <- !is_error && !is.null(NULL) && inherits(cond, 
[17:42:08.518]                   NULL)
[17:42:08.518]                 if (is_error) {
[17:42:08.518]                   sessionInformation <- function() {
[17:42:08.518]                     list(r = base::R.Version(), locale = base::Sys.getlocale(), 
[17:42:08.518]                       rngkind = base::RNGkind(), namespaces = base::loadedNamespaces(), 
[17:42:08.518]                       search = base::search(), system = base::Sys.info())
[17:42:08.518]                   }
[17:42:08.518]                   ...future.conditions[[length(...future.conditions) + 
[17:42:08.518]                     1L]] <<- list(condition = cond, calls = c(sysCalls(from = ...future.frame), 
[17:42:08.518]                     cond$call), session = sessionInformation(), 
[17:42:08.518]                     timestamp = base::Sys.time(), signaled = 0L)
[17:42:08.518]                   signalCondition(cond)
[17:42:08.518]                 }
[17:42:08.518]                 else if (!ignore && TRUE && inherits(cond, c("condition", 
[17:42:08.518]                 "immediateCondition"))) {
[17:42:08.518]                   signal <- TRUE && inherits(cond, "immediateCondition")
[17:42:08.518]                   ...future.conditions[[length(...future.conditions) + 
[17:42:08.518]                     1L]] <<- list(condition = cond, signaled = base::as.integer(signal))
[17:42:08.518]                   if (TRUE && !signal) {
[17:42:08.518]                     muffleCondition <- function (cond, pattern = "^muffle") 
[17:42:08.518]                     {
[17:42:08.518]                       inherits <- base::inherits
[17:42:08.518]                       invokeRestart <- base::invokeRestart
[17:42:08.518]                       is.null <- base::is.null
[17:42:08.518]                       muffled <- FALSE
[17:42:08.518]                       if (inherits(cond, "message")) {
[17:42:08.518]                         muffled <- grepl(pattern, "muffleMessage")
[17:42:08.518]                         if (muffled) 
[17:42:08.518]                           invokeRestart("muffleMessage")
[17:42:08.518]                       }
[17:42:08.518]                       else if (inherits(cond, "warning")) {
[17:42:08.518]                         muffled <- grepl(pattern, "muffleWarning")
[17:42:08.518]                         if (muffled) 
[17:42:08.518]                           invokeRestart("muffleWarning")
[17:42:08.518]                       }
[17:42:08.518]                       else if (inherits(cond, "condition")) {
[17:42:08.518]                         if (!is.null(pattern)) {
[17:42:08.518]                           computeRestarts <- base::computeRestarts
[17:42:08.518]                           grepl <- base::grepl
[17:42:08.518]                           restarts <- computeRestarts(cond)
[17:42:08.518]                           for (restart in restarts) {
[17:42:08.518]                             name <- restart$name
[17:42:08.518]                             if (is.null(name)) 
[17:42:08.518]                               next
[17:42:08.518]                             if (!grepl(pattern, name)) 
[17:42:08.518]                               next
[17:42:08.518]                             invokeRestart(restart)
[17:42:08.518]                             muffled <- TRUE
[17:42:08.518]                             break
[17:42:08.518]                           }
[17:42:08.518]                         }
[17:42:08.518]                       }
[17:42:08.518]                       invisible(muffled)
[17:42:08.518]                     }
[17:42:08.518]                     muffleCondition(cond, pattern = "^muffle")
[17:42:08.518]                   }
[17:42:08.518]                 }
[17:42:08.518]                 else {
[17:42:08.518]                   if (TRUE) {
[17:42:08.518]                     muffleCondition <- function (cond, pattern = "^muffle") 
[17:42:08.518]                     {
[17:42:08.518]                       inherits <- base::inherits
[17:42:08.518]                       invokeRestart <- base::invokeRestart
[17:42:08.518]                       is.null <- base::is.null
[17:42:08.518]                       muffled <- FALSE
[17:42:08.518]                       if (inherits(cond, "message")) {
[17:42:08.518]                         muffled <- grepl(pattern, "muffleMessage")
[17:42:08.518]                         if (muffled) 
[17:42:08.518]                           invokeRestart("muffleMessage")
[17:42:08.518]                       }
[17:42:08.518]                       else if (inherits(cond, "warning")) {
[17:42:08.518]                         muffled <- grepl(pattern, "muffleWarning")
[17:42:08.518]                         if (muffled) 
[17:42:08.518]                           invokeRestart("muffleWarning")
[17:42:08.518]                       }
[17:42:08.518]                       else if (inherits(cond, "condition")) {
[17:42:08.518]                         if (!is.null(pattern)) {
[17:42:08.518]                           computeRestarts <- base::computeRestarts
[17:42:08.518]                           grepl <- base::grepl
[17:42:08.518]                           restarts <- computeRestarts(cond)
[17:42:08.518]                           for (restart in restarts) {
[17:42:08.518]                             name <- restart$name
[17:42:08.518]                             if (is.null(name)) 
[17:42:08.518]                               next
[17:42:08.518]                             if (!grepl(pattern, name)) 
[17:42:08.518]                               next
[17:42:08.518]                             invokeRestart(restart)
[17:42:08.518]                             muffled <- TRUE
[17:42:08.518]                             break
[17:42:08.518]                           }
[17:42:08.518]                         }
[17:42:08.518]                       }
[17:42:08.518]                       invisible(muffled)
[17:42:08.518]                     }
[17:42:08.518]                     muffleCondition(cond, pattern = "^muffle")
[17:42:08.518]                   }
[17:42:08.518]                 }
[17:42:08.518]             }
[17:42:08.518]         }))
[17:42:08.518]     }, error = function(ex) {
[17:42:08.518]         base::structure(base::list(value = NULL, visible = NULL, 
[17:42:08.518]             conditions = ...future.conditions, rng = !identical(base::globalenv()$.Random.seed, 
[17:42:08.518]                 ...future.rng), started = ...future.startTime, 
[17:42:08.518]             finished = Sys.time(), session_uuid = NA_character_, 
[17:42:08.518]             version = "1.8"), class = "FutureResult")
[17:42:08.518]     }, finally = {
[17:42:08.518]         if (!identical(...future.workdir, getwd())) 
[17:42:08.518]             setwd(...future.workdir)
[17:42:08.518]         {
[17:42:08.518]             if (identical(getOption("nwarnings"), ...future.oldOptions$nwarnings)) {
[17:42:08.518]                 ...future.oldOptions$nwarnings <- NULL
[17:42:08.518]             }
[17:42:08.518]             base::options(...future.oldOptions)
[17:42:08.518]             if (.Platform$OS.type == "windows") {
[17:42:08.518]                 old_names <- names(...future.oldEnvVars)
[17:42:08.518]                 envs <- base::Sys.getenv()
[17:42:08.518]                 names <- names(envs)
[17:42:08.518]                 common <- intersect(names, old_names)
[17:42:08.518]                 added <- setdiff(names, old_names)
[17:42:08.518]                 removed <- setdiff(old_names, names)
[17:42:08.518]                 changed <- common[...future.oldEnvVars[common] != 
[17:42:08.518]                   envs[common]]
[17:42:08.518]                 NAMES <- toupper(changed)
[17:42:08.518]                 args <- list()
[17:42:08.518]                 for (kk in seq_along(NAMES)) {
[17:42:08.518]                   name <- changed[[kk]]
[17:42:08.518]                   NAME <- NAMES[[kk]]
[17:42:08.518]                   if (name != NAME && is.element(NAME, old_names)) 
[17:42:08.518]                     next
[17:42:08.518]                   args[[name]] <- ...future.oldEnvVars[[name]]
[17:42:08.518]                 }
[17:42:08.518]                 NAMES <- toupper(added)
[17:42:08.518]                 for (kk in seq_along(NAMES)) {
[17:42:08.518]                   name <- added[[kk]]
[17:42:08.518]                   NAME <- NAMES[[kk]]
[17:42:08.518]                   if (name != NAME && is.element(NAME, old_names)) 
[17:42:08.518]                     next
[17:42:08.518]                   args[[name]] <- ""
[17:42:08.518]                 }
[17:42:08.518]                 NAMES <- toupper(removed)
[17:42:08.518]                 for (kk in seq_along(NAMES)) {
[17:42:08.518]                   name <- removed[[kk]]
[17:42:08.518]                   NAME <- NAMES[[kk]]
[17:42:08.518]                   if (name != NAME && is.element(NAME, old_names)) 
[17:42:08.518]                     next
[17:42:08.518]                   args[[name]] <- ...future.oldEnvVars[[name]]
[17:42:08.518]                 }
[17:42:08.518]                 if (length(args) > 0) 
[17:42:08.518]                   base::do.call(base::Sys.setenv, args = args)
[17:42:08.518]                 args <- names <- old_names <- NAMES <- envs <- common <- added <- removed <- NULL
[17:42:08.518]             }
[17:42:08.518]             else {
[17:42:08.518]                 base::do.call(base::Sys.setenv, args = base::as.list(...future.oldEnvVars))
[17:42:08.518]             }
[17:42:08.518]             {
[17:42:08.518]                 if (base::length(...future.futureOptionsAdded) > 
[17:42:08.518]                   0L) {
[17:42:08.518]                   opts <- base::vector("list", length = base::length(...future.futureOptionsAdded))
[17:42:08.518]                   base::names(opts) <- ...future.futureOptionsAdded
[17:42:08.518]                   base::options(opts)
[17:42:08.518]                 }
[17:42:08.518]                 {
[17:42:08.518]                   {
[17:42:08.518]                     NULL
[17:42:08.518]                     RNGkind("Mersenne-Twister")
[17:42:08.518]                     base::rm(list = ".Random.seed", envir = base::globalenv(), 
[17:42:08.518]                       inherits = FALSE)
[17:42:08.518]                   }
[17:42:08.518]                   options(future.plan = NULL)
[17:42:08.518]                   if (is.na(NA_character_)) 
[17:42:08.518]                     Sys.unsetenv("R_FUTURE_PLAN")
[17:42:08.518]                   else Sys.setenv(R_FUTURE_PLAN = NA_character_)
[17:42:08.518]                   future::plan(list(function (..., envir = parent.frame()) 
[17:42:08.518]                   {
[17:42:08.518]                     future <- SequentialFuture(..., envir = envir)
[17:42:08.518]                     if (!future$lazy) 
[17:42:08.518]                       future <- run(future)
[17:42:08.518]                     invisible(future)
[17:42:08.518]                   }), .cleanup = FALSE, .init = FALSE)
[17:42:08.518]                 }
[17:42:08.518]             }
[17:42:08.518]         }
[17:42:08.518]     })
[17:42:08.518]     if (TRUE) {
[17:42:08.518]         base::sink(type = "output", split = FALSE)
[17:42:08.518]         if (TRUE) {
[17:42:08.518]             ...future.result$stdout <- base::rawToChar(base::rawConnectionValue(...future.stdout))
[17:42:08.518]         }
[17:42:08.518]         else {
[17:42:08.518]             ...future.result["stdout"] <- base::list(NULL)
[17:42:08.518]         }
[17:42:08.518]         base::close(...future.stdout)
[17:42:08.518]         ...future.stdout <- NULL
[17:42:08.518]     }
[17:42:08.518]     ...future.result$conditions <- ...future.conditions
[17:42:08.518]     ...future.result$finished <- base::Sys.time()
[17:42:08.518]     ...future.result
[17:42:08.518] }
[17:42:08.520] plan(): Setting new future strategy stack:
[17:42:08.520] List of future strategies:
[17:42:08.520] 1. sequential:
[17:42:08.520]    - args: function (..., envir = parent.frame())
[17:42:08.520]    - tweaked: FALSE
[17:42:08.520]    - call: NULL
[17:42:08.521] plan(): nbrOfWorkers() = 1
[17:42:08.521] plan(): Setting new future strategy stack:
[17:42:08.522] List of future strategies:
[17:42:08.522] 1. sequential:
[17:42:08.522]    - args: function (..., envir = parent.frame())
[17:42:08.522]    - tweaked: FALSE
[17:42:08.522]    - call: future::plan("sequential")
[17:42:08.522] plan(): nbrOfWorkers() = 1
[17:42:08.522] SequentialFuture started (and completed)
[17:42:08.522] - Launch lazy future ... done
[17:42:08.522] run() for ‘SequentialFuture’ ... done
> stopifnot(identical(v$a, 2))
[17:42:08.523] run() for ‘Future’ ...
[17:42:08.523] - state: ‘created’
[17:42:08.523] - Future backend: ‘FutureStrategy’, ‘sequential’, ‘uniprocess’, ‘future’, ‘function’
[17:42:08.523] - Future class: ‘SequentialFuture’, ‘UniprocessFuture’, ‘Future’, ‘environment’
[17:42:08.523] - Copy elements of temporary ‘SequentialFuture’ to final ‘Future’ object ...
[17:42:08.523]   - Field: ‘label’
[17:42:08.523]   - Field: ‘local’
[17:42:08.524]   - Field: ‘owner’
[17:42:08.524]   - Field: ‘envir’
[17:42:08.524]   - Field: ‘packages’
[17:42:08.524]   - Field: ‘gc’
[17:42:08.524]   - Field: ‘conditions’
[17:42:08.524]   - Field: ‘expr’
[17:42:08.524]   - Field: ‘uuid’
[17:42:08.524]   - Field: ‘seed’
[17:42:08.524]   - Field: ‘version’
[17:42:08.524]   - Field: ‘result’
[17:42:08.524]   - Field: ‘asynchronous’
[17:42:08.525]   - Field: ‘calls’
[17:42:08.525]   - Field: ‘globals’
[17:42:08.525]   - Field: ‘stdout’
[17:42:08.525]   - Field: ‘earlySignal’
[17:42:08.525]   - Field: ‘lazy’
[17:42:08.525]   - Field: ‘state’
[17:42:08.525] - Copy elements of temporary ‘SequentialFuture’ to final ‘Future’ object ... done
[17:42:08.526] - Launch lazy future ...
[17:42:08.526] Packages needed by the future expression (n = 0): <none>
[17:42:08.526] Packages needed by future strategies (n = 0): <none>
[17:42:08.526] {
[17:42:08.526]     {
[17:42:08.526]         {
[17:42:08.526]             ...future.startTime <- base::Sys.time()
[17:42:08.526]             {
[17:42:08.526]                 {
[17:42:08.526]                   {
[17:42:08.526]                     base::local({
[17:42:08.526]                       has_future <- base::requireNamespace("future", 
[17:42:08.526]                         quietly = TRUE)
[17:42:08.526]                       if (has_future) {
[17:42:08.526]                         ns <- base::getNamespace("future")
[17:42:08.526]                         version <- ns[[".package"]][["version"]]
[17:42:08.526]                         if (is.null(version)) 
[17:42:08.526]                           version <- utils::packageVersion("future")
[17:42:08.526]                       }
[17:42:08.526]                       else {
[17:42:08.526]                         version <- NULL
[17:42:08.526]                       }
[17:42:08.526]                       if (!has_future || version < "1.8.0") {
[17:42:08.526]                         info <- base::c(r_version = base::gsub("R version ", 
[17:42:08.526]                           "", base::R.version$version.string), 
[17:42:08.526]                           platform = base::sprintf("%s (%s-bit)", 
[17:42:08.526]                             base::R.version$platform, 8 * base::.Machine$sizeof.pointer), 
[17:42:08.526]                           os = base::paste(base::Sys.info()[base::c("sysname", 
[17:42:08.526]                             "release", "version")], collapse = " "), 
[17:42:08.526]                           hostname = base::Sys.info()[["nodename"]])
[17:42:08.526]                         info <- base::sprintf("%s: %s", base::names(info), 
[17:42:08.526]                           info)
[17:42:08.526]                         info <- base::paste(info, collapse = "; ")
[17:42:08.526]                         if (!has_future) {
[17:42:08.526]                           msg <- base::sprintf("Package 'future' is not installed on worker (%s)", 
[17:42:08.526]                             info)
[17:42:08.526]                         }
[17:42:08.526]                         else {
[17:42:08.526]                           msg <- base::sprintf("Package 'future' on worker (%s) must be of version >= 1.8.0: %s", 
[17:42:08.526]                             info, version)
[17:42:08.526]                         }
[17:42:08.526]                         base::stop(msg)
[17:42:08.526]                       }
[17:42:08.526]                     })
[17:42:08.526]                   }
[17:42:08.526]                   options(future.plan = NULL)
[17:42:08.526]                   Sys.unsetenv("R_FUTURE_PLAN")
[17:42:08.526]                   future::plan("default", .cleanup = FALSE, .init = FALSE)
[17:42:08.526]                 }
[17:42:08.526]                 ...future.workdir <- getwd()
[17:42:08.526]             }
[17:42:08.526]             ...future.oldOptions <- base::as.list(base::.Options)
[17:42:08.526]             ...future.oldEnvVars <- base::Sys.getenv()
[17:42:08.526]         }
[17:42:08.526]         base::options(future.startup.script = FALSE, future.globals.onMissing = NULL, 
[17:42:08.526]             future.globals.maxSize = NULL, future.globals.method = NULL, 
[17:42:08.526]             future.globals.onMissing = NULL, future.globals.onReference = NULL, 
[17:42:08.526]             future.globals.resolve = NULL, future.resolve.recursive = NULL, 
[17:42:08.526]             future.rng.onMisuse = NULL, future.rng.onMisuse.keepFuture = NULL, 
[17:42:08.526]             future.stdout.windows.reencode = NULL, width = 80L)
[17:42:08.526]         ...future.futureOptionsAdded <- base::setdiff(base::names(base::.Options), 
[17:42:08.526]             base::names(...future.oldOptions))
[17:42:08.526]     }
[17:42:08.526]     if (FALSE) {
[17:42:08.526]     }
[17:42:08.526]     else {
[17:42:08.526]         if (TRUE) {
[17:42:08.526]             ...future.stdout <- base::rawConnection(base::raw(0L), 
[17:42:08.526]                 open = "w")
[17:42:08.526]         }
[17:42:08.526]         else {
[17:42:08.526]             ...future.stdout <- base::file(base::switch(.Platform$OS.type, 
[17:42:08.526]                 windows = "NUL", "/dev/null"), open = "w")
[17:42:08.526]         }
[17:42:08.526]         base::sink(...future.stdout, type = "output", split = FALSE)
[17:42:08.526]         base::on.exit(if (!base::is.null(...future.stdout)) {
[17:42:08.526]             base::sink(type = "output", split = FALSE)
[17:42:08.526]             base::close(...future.stdout)
[17:42:08.526]         }, add = TRUE)
[17:42:08.526]     }
[17:42:08.526]     ...future.frame <- base::sys.nframe()
[17:42:08.526]     ...future.conditions <- base::list()
[17:42:08.526]     ...future.rng <- base::globalenv()$.Random.seed
[17:42:08.526]     if (FALSE) {
[17:42:08.526]         ...future.globalenv.names <- c(base::names(base::.GlobalEnv), 
[17:42:08.526]             "...future.value", "...future.globalenv.names", ".Random.seed")
[17:42:08.526]     }
[17:42:08.526]     ...future.result <- base::tryCatch({
[17:42:08.526]         base::withCallingHandlers({
[17:42:08.526]             ...future.value <- base::withVisible(base::local({
[17:42:08.526]                 2
[17:42:08.526]             }))
[17:42:08.526]             future::FutureResult(value = ...future.value$value, 
[17:42:08.526]                 visible = ...future.value$visible, rng = !identical(base::globalenv()$.Random.seed, 
[17:42:08.526]                   ...future.rng), globalenv = if (FALSE) 
[17:42:08.526]                   list(added = base::setdiff(base::names(base::.GlobalEnv), 
[17:42:08.526]                     ...future.globalenv.names))
[17:42:08.526]                 else NULL, started = ...future.startTime, version = "1.8")
[17:42:08.526]         }, condition = base::local({
[17:42:08.526]             c <- base::c
[17:42:08.526]             inherits <- base::inherits
[17:42:08.526]             invokeRestart <- base::invokeRestart
[17:42:08.526]             length <- base::length
[17:42:08.526]             list <- base::list
[17:42:08.526]             seq.int <- base::seq.int
[17:42:08.526]             signalCondition <- base::signalCondition
[17:42:08.526]             sys.calls <- base::sys.calls
[17:42:08.526]             `[[` <- base::`[[`
[17:42:08.526]             `+` <- base::`+`
[17:42:08.526]             `<<-` <- base::`<<-`
[17:42:08.526]             sysCalls <- function(calls = sys.calls(), from = 1L) {
[17:42:08.526]                 calls[seq.int(from = from + 12L, to = length(calls) - 
[17:42:08.526]                   3L)]
[17:42:08.526]             }
[17:42:08.526]             function(cond) {
[17:42:08.526]                 is_error <- inherits(cond, "error")
[17:42:08.526]                 ignore <- !is_error && !is.null(NULL) && inherits(cond, 
[17:42:08.526]                   NULL)
[17:42:08.526]                 if (is_error) {
[17:42:08.526]                   sessionInformation <- function() {
[17:42:08.526]                     list(r = base::R.Version(), locale = base::Sys.getlocale(), 
[17:42:08.526]                       rngkind = base::RNGkind(), namespaces = base::loadedNamespaces(), 
[17:42:08.526]                       search = base::search(), system = base::Sys.info())
[17:42:08.526]                   }
[17:42:08.526]                   ...future.conditions[[length(...future.conditions) + 
[17:42:08.526]                     1L]] <<- list(condition = cond, calls = c(sysCalls(from = ...future.frame), 
[17:42:08.526]                     cond$call), session = sessionInformation(), 
[17:42:08.526]                     timestamp = base::Sys.time(), signaled = 0L)
[17:42:08.526]                   signalCondition(cond)
[17:42:08.526]                 }
[17:42:08.526]                 else if (!ignore && TRUE && inherits(cond, c("condition", 
[17:42:08.526]                 "immediateCondition"))) {
[17:42:08.526]                   signal <- TRUE && inherits(cond, "immediateCondition")
[17:42:08.526]                   ...future.conditions[[length(...future.conditions) + 
[17:42:08.526]                     1L]] <<- list(condition = cond, signaled = base::as.integer(signal))
[17:42:08.526]                   if (TRUE && !signal) {
[17:42:08.526]                     muffleCondition <- function (cond, pattern = "^muffle") 
[17:42:08.526]                     {
[17:42:08.526]                       inherits <- base::inherits
[17:42:08.526]                       invokeRestart <- base::invokeRestart
[17:42:08.526]                       is.null <- base::is.null
[17:42:08.526]                       muffled <- FALSE
[17:42:08.526]                       if (inherits(cond, "message")) {
[17:42:08.526]                         muffled <- grepl(pattern, "muffleMessage")
[17:42:08.526]                         if (muffled) 
[17:42:08.526]                           invokeRestart("muffleMessage")
[17:42:08.526]                       }
[17:42:08.526]                       else if (inherits(cond, "warning")) {
[17:42:08.526]                         muffled <- grepl(pattern, "muffleWarning")
[17:42:08.526]                         if (muffled) 
[17:42:08.526]                           invokeRestart("muffleWarning")
[17:42:08.526]                       }
[17:42:08.526]                       else if (inherits(cond, "condition")) {
[17:42:08.526]                         if (!is.null(pattern)) {
[17:42:08.526]                           computeRestarts <- base::computeRestarts
[17:42:08.526]                           grepl <- base::grepl
[17:42:08.526]                           restarts <- computeRestarts(cond)
[17:42:08.526]                           for (restart in restarts) {
[17:42:08.526]                             name <- restart$name
[17:42:08.526]                             if (is.null(name)) 
[17:42:08.526]                               next
[17:42:08.526]                             if (!grepl(pattern, name)) 
[17:42:08.526]                               next
[17:42:08.526]                             invokeRestart(restart)
[17:42:08.526]                             muffled <- TRUE
[17:42:08.526]                             break
[17:42:08.526]                           }
[17:42:08.526]                         }
[17:42:08.526]                       }
[17:42:08.526]                       invisible(muffled)
[17:42:08.526]                     }
[17:42:08.526]                     muffleCondition(cond, pattern = "^muffle")
[17:42:08.526]                   }
[17:42:08.526]                 }
[17:42:08.526]                 else {
[17:42:08.526]                   if (TRUE) {
[17:42:08.526]                     muffleCondition <- function (cond, pattern = "^muffle") 
[17:42:08.526]                     {
[17:42:08.526]                       inherits <- base::inherits
[17:42:08.526]                       invokeRestart <- base::invokeRestart
[17:42:08.526]                       is.null <- base::is.null
[17:42:08.526]                       muffled <- FALSE
[17:42:08.526]                       if (inherits(cond, "message")) {
[17:42:08.526]                         muffled <- grepl(pattern, "muffleMessage")
[17:42:08.526]                         if (muffled) 
[17:42:08.526]                           invokeRestart("muffleMessage")
[17:42:08.526]                       }
[17:42:08.526]                       else if (inherits(cond, "warning")) {
[17:42:08.526]                         muffled <- grepl(pattern, "muffleWarning")
[17:42:08.526]                         if (muffled) 
[17:42:08.526]                           invokeRestart("muffleWarning")
[17:42:08.526]                       }
[17:42:08.526]                       else if (inherits(cond, "condition")) {
[17:42:08.526]                         if (!is.null(pattern)) {
[17:42:08.526]                           computeRestarts <- base::computeRestarts
[17:42:08.526]                           grepl <- base::grepl
[17:42:08.526]                           restarts <- computeRestarts(cond)
[17:42:08.526]                           for (restart in restarts) {
[17:42:08.526]                             name <- restart$name
[17:42:08.526]                             if (is.null(name)) 
[17:42:08.526]                               next
[17:42:08.526]                             if (!grepl(pattern, name)) 
[17:42:08.526]                               next
[17:42:08.526]                             invokeRestart(restart)
[17:42:08.526]                             muffled <- TRUE
[17:42:08.526]                             break
[17:42:08.526]                           }
[17:42:08.526]                         }
[17:42:08.526]                       }
[17:42:08.526]                       invisible(muffled)
[17:42:08.526]                     }
[17:42:08.526]                     muffleCondition(cond, pattern = "^muffle")
[17:42:08.526]                   }
[17:42:08.526]                 }
[17:42:08.526]             }
[17:42:08.526]         }))
[17:42:08.526]     }, error = function(ex) {
[17:42:08.526]         base::structure(base::list(value = NULL, visible = NULL, 
[17:42:08.526]             conditions = ...future.conditions, rng = !identical(base::globalenv()$.Random.seed, 
[17:42:08.526]                 ...future.rng), started = ...future.startTime, 
[17:42:08.526]             finished = Sys.time(), session_uuid = NA_character_, 
[17:42:08.526]             version = "1.8"), class = "FutureResult")
[17:42:08.526]     }, finally = {
[17:42:08.526]         if (!identical(...future.workdir, getwd())) 
[17:42:08.526]             setwd(...future.workdir)
[17:42:08.526]         {
[17:42:08.526]             if (identical(getOption("nwarnings"), ...future.oldOptions$nwarnings)) {
[17:42:08.526]                 ...future.oldOptions$nwarnings <- NULL
[17:42:08.526]             }
[17:42:08.526]             base::options(...future.oldOptions)
[17:42:08.526]             if (.Platform$OS.type == "windows") {
[17:42:08.526]                 old_names <- names(...future.oldEnvVars)
[17:42:08.526]                 envs <- base::Sys.getenv()
[17:42:08.526]                 names <- names(envs)
[17:42:08.526]                 common <- intersect(names, old_names)
[17:42:08.526]                 added <- setdiff(names, old_names)
[17:42:08.526]                 removed <- setdiff(old_names, names)
[17:42:08.526]                 changed <- common[...future.oldEnvVars[common] != 
[17:42:08.526]                   envs[common]]
[17:42:08.526]                 NAMES <- toupper(changed)
[17:42:08.526]                 args <- list()
[17:42:08.526]                 for (kk in seq_along(NAMES)) {
[17:42:08.526]                   name <- changed[[kk]]
[17:42:08.526]                   NAME <- NAMES[[kk]]
[17:42:08.526]                   if (name != NAME && is.element(NAME, old_names)) 
[17:42:08.526]                     next
[17:42:08.526]                   args[[name]] <- ...future.oldEnvVars[[name]]
[17:42:08.526]                 }
[17:42:08.526]                 NAMES <- toupper(added)
[17:42:08.526]                 for (kk in seq_along(NAMES)) {
[17:42:08.526]                   name <- added[[kk]]
[17:42:08.526]                   NAME <- NAMES[[kk]]
[17:42:08.526]                   if (name != NAME && is.element(NAME, old_names)) 
[17:42:08.526]                     next
[17:42:08.526]                   args[[name]] <- ""
[17:42:08.526]                 }
[17:42:08.526]                 NAMES <- toupper(removed)
[17:42:08.526]                 for (kk in seq_along(NAMES)) {
[17:42:08.526]                   name <- removed[[kk]]
[17:42:08.526]                   NAME <- NAMES[[kk]]
[17:42:08.526]                   if (name != NAME && is.element(NAME, old_names)) 
[17:42:08.526]                     next
[17:42:08.526]                   args[[name]] <- ...future.oldEnvVars[[name]]
[17:42:08.526]                 }
[17:42:08.526]                 if (length(args) > 0) 
[17:42:08.526]                   base::do.call(base::Sys.setenv, args = args)
[17:42:08.526]                 args <- names <- old_names <- NAMES <- envs <- common <- added <- removed <- NULL
[17:42:08.526]             }
[17:42:08.526]             else {
[17:42:08.526]                 base::do.call(base::Sys.setenv, args = base::as.list(...future.oldEnvVars))
[17:42:08.526]             }
[17:42:08.526]             {
[17:42:08.526]                 if (base::length(...future.futureOptionsAdded) > 
[17:42:08.526]                   0L) {
[17:42:08.526]                   opts <- base::vector("list", length = base::length(...future.futureOptionsAdded))
[17:42:08.526]                   base::names(opts) <- ...future.futureOptionsAdded
[17:42:08.526]                   base::options(opts)
[17:42:08.526]                 }
[17:42:08.526]                 {
[17:42:08.526]                   {
[17:42:08.526]                     NULL
[17:42:08.526]                     RNGkind("Mersenne-Twister")
[17:42:08.526]                     base::rm(list = ".Random.seed", envir = base::globalenv(), 
[17:42:08.526]                       inherits = FALSE)
[17:42:08.526]                   }
[17:42:08.526]                   options(future.plan = NULL)
[17:42:08.526]                   if (is.na(NA_character_)) 
[17:42:08.526]                     Sys.unsetenv("R_FUTURE_PLAN")
[17:42:08.526]                   else Sys.setenv(R_FUTURE_PLAN = NA_character_)
[17:42:08.526]                   future::plan(list(function (..., envir = parent.frame()) 
[17:42:08.526]                   {
[17:42:08.526]                     future <- SequentialFuture(..., envir = envir)
[17:42:08.526]                     if (!future$lazy) 
[17:42:08.526]                       future <- run(future)
[17:42:08.526]                     invisible(future)
[17:42:08.526]                   }), .cleanup = FALSE, .init = FALSE)
[17:42:08.526]                 }
[17:42:08.526]             }
[17:42:08.526]         }
[17:42:08.526]     })
[17:42:08.526]     if (TRUE) {
[17:42:08.526]         base::sink(type = "output", split = FALSE)
[17:42:08.526]         if (TRUE) {
[17:42:08.526]             ...future.result$stdout <- base::rawToChar(base::rawConnectionValue(...future.stdout))
[17:42:08.526]         }
[17:42:08.526]         else {
[17:42:08.526]             ...future.result["stdout"] <- base::list(NULL)
[17:42:08.526]         }
[17:42:08.526]         base::close(...future.stdout)
[17:42:08.526]         ...future.stdout <- NULL
[17:42:08.526]     }
[17:42:08.526]     ...future.result$conditions <- ...future.conditions
[17:42:08.526]     ...future.result$finished <- base::Sys.time()
[17:42:08.526]     ...future.result
[17:42:08.526] }
[17:42:08.528] plan(): Setting new future strategy stack:
[17:42:08.528] List of future strategies:
[17:42:08.528] 1. sequential:
[17:42:08.528]    - args: function (..., envir = parent.frame())
[17:42:08.528]    - tweaked: FALSE
[17:42:08.528]    - call: NULL
[17:42:08.529] plan(): nbrOfWorkers() = 1
[17:42:08.529] plan(): Setting new future strategy stack:
[17:42:08.529] List of future strategies:
[17:42:08.529] 1. sequential:
[17:42:08.529]    - args: function (..., envir = parent.frame())
[17:42:08.529]    - tweaked: FALSE
[17:42:08.529]    - call: future::plan("sequential")
[17:42:08.530] plan(): nbrOfWorkers() = 1
[17:42:08.530] SequentialFuture started (and completed)
[17:42:08.530] - Launch lazy future ... done
[17:42:08.530] run() for ‘SequentialFuture’ ... done
> 
> message("*** %<-% to environment ... DONE")
*** %<-% to environment ... DONE
> 
> source("incl/end.R")
[17:42:08.531] plan(): Setting new future strategy stack:
[17:42:08.531] List of future strategies:
[17:42:08.531] 1. FutureStrategy:
[17:42:08.531]    - args: function (..., envir = parent.frame())
[17:42:08.531]    - tweaked: FALSE
[17:42:08.531]    - call: future::plan(oplan)
[17:42:08.542] plan(): nbrOfWorkers() = 1
> 
