
R version 4.3.0 (2023-04-21) -- "Already Tomorrow"
Copyright (C) 2023 The R Foundation for Statistical Computing
Platform: x86_64-pc-linux-gnu (64-bit)

R is free software and comes with ABSOLUTELY NO WARRANTY.
You are welcome to redistribute it under certain conditions.
Type 'license()' or 'licence()' for distribution details.

R is a collaborative project with many contributors.
Type 'contributors()' for more information and
'citation()' on how to cite R or R packages in publications.

Type 'demo()' for some demos, 'help()' for on-line help, or
'help.start()' for an HTML browser interface to help.
Type 'q()' to quit R.

> source("incl/start.R")
[13:20:14.259] plan(): Setting new future strategy stack:
[13:20:14.259] List of future strategies:
[13:20:14.259] 1. sequential:
[13:20:14.259]    - args: function (..., envir = parent.frame())
[13:20:14.259]    - tweaked: FALSE
[13:20:14.259]    - call: future::plan("sequential")
[13:20:14.272] plan(): nbrOfWorkers() = 1
> 
> ## BACKWARD COMPATIBILITY
> if (getRversion() < "3.2.0") {
+   names <- function(x) if (is.environment(x)) ls(envir = x) else base::names(x)
+ }
> 
> message("*** %<-% to environment ...")
*** %<-% to environment ...
> 
> ## - - - - - - - - - - - - - - - - - - - - - - - - - - - -
> ## Async delayed assignment (infix operator)
> ## - - - - - - - - - - - - - - - - - - - - - - - - - - - -
> z <- new.env()
> stopifnot(length(names(z)) == 0L)
> 
> message("*** %<-% to environment: Assign by index (not allowed)")
*** %<-% to environment: Assign by index (not allowed)
> res <- try(z[[1]] %<-% { 2 } %lazy% TRUE, silent = TRUE)
> stopifnot(inherits(res, "try-error"))
> 
> message("*** %<-% to environment: Assign by name (new)")
*** %<-% to environment: Assign by name (new)
> z$B %<-% { TRUE }  %lazy% TRUE
[13:20:14.285] getGlobalsAndPackages() ...
[13:20:14.285] Searching for globals...
[13:20:14.288] - globals found: [1] ‘{’
[13:20:14.288] Searching for globals ... DONE
[13:20:14.288] Resolving globals: FALSE
[13:20:14.289] 
[13:20:14.289] 
[13:20:14.289] getGlobalsAndPackages() ... DONE
> stopifnot(length(z) == 2) # sic!
> stopifnot("B" %in% ls(z))
> 
> y <- as.list(z)
[13:20:14.290] run() for ‘Future’ ...
[13:20:14.290] - state: ‘created’
[13:20:14.290] - Future backend: ‘FutureStrategy’, ‘sequential’, ‘uniprocess’, ‘future’, ‘function’
[13:20:14.291] - Future class: ‘SequentialFuture’, ‘UniprocessFuture’, ‘Future’, ‘environment’
[13:20:14.291] - Copy elements of temporary ‘SequentialFuture’ to final ‘Future’ object ...
[13:20:14.291]   - Field: ‘label’
[13:20:14.291]   - Field: ‘local’
[13:20:14.291]   - Field: ‘owner’
[13:20:14.291]   - Field: ‘envir’
[13:20:14.291]   - Field: ‘packages’
[13:20:14.291]   - Field: ‘gc’
[13:20:14.292]   - Field: ‘conditions’
[13:20:14.292]   - Field: ‘expr’
[13:20:14.292]   - Field: ‘uuid’
[13:20:14.292]   - Field: ‘seed’
[13:20:14.292]   - Field: ‘version’
[13:20:14.292]   - Field: ‘result’
[13:20:14.292]   - Field: ‘asynchronous’
[13:20:14.292]   - Field: ‘calls’
[13:20:14.292]   - Field: ‘globals’
[13:20:14.292]   - Field: ‘stdout’
[13:20:14.292]   - Field: ‘earlySignal’
[13:20:14.293]   - Field: ‘lazy’
[13:20:14.293]   - Field: ‘state’
[13:20:14.293] - Copy elements of temporary ‘SequentialFuture’ to final ‘Future’ object ... done
[13:20:14.293] - Launch lazy future ...
[13:20:14.294] Packages needed by the future expression (n = 0): <none>
[13:20:14.294] Packages needed by future strategies (n = 0): <none>
[13:20:14.295] {
[13:20:14.295]     {
[13:20:14.295]         {
[13:20:14.295]             ...future.startTime <- base::Sys.time()
[13:20:14.295]             {
[13:20:14.295]                 {
[13:20:14.295]                   {
[13:20:14.295]                     base::local({
[13:20:14.295]                       has_future <- base::requireNamespace("future", 
[13:20:14.295]                         quietly = TRUE)
[13:20:14.295]                       if (has_future) {
[13:20:14.295]                         ns <- base::getNamespace("future")
[13:20:14.295]                         version <- ns[[".package"]][["version"]]
[13:20:14.295]                         if (is.null(version)) 
[13:20:14.295]                           version <- utils::packageVersion("future")
[13:20:14.295]                       }
[13:20:14.295]                       else {
[13:20:14.295]                         version <- NULL
[13:20:14.295]                       }
[13:20:14.295]                       if (!has_future || version < "1.8.0") {
[13:20:14.295]                         info <- base::c(r_version = base::gsub("R version ", 
[13:20:14.295]                           "", base::R.version$version.string), 
[13:20:14.295]                           platform = base::sprintf("%s (%s-bit)", 
[13:20:14.295]                             base::R.version$platform, 8 * base::.Machine$sizeof.pointer), 
[13:20:14.295]                           os = base::paste(base::Sys.info()[base::c("sysname", 
[13:20:14.295]                             "release", "version")], collapse = " "), 
[13:20:14.295]                           hostname = base::Sys.info()[["nodename"]])
[13:20:14.295]                         info <- base::sprintf("%s: %s", base::names(info), 
[13:20:14.295]                           info)
[13:20:14.295]                         info <- base::paste(info, collapse = "; ")
[13:20:14.295]                         if (!has_future) {
[13:20:14.295]                           msg <- base::sprintf("Package 'future' is not installed on worker (%s)", 
[13:20:14.295]                             info)
[13:20:14.295]                         }
[13:20:14.295]                         else {
[13:20:14.295]                           msg <- base::sprintf("Package 'future' on worker (%s) must be of version >= 1.8.0: %s", 
[13:20:14.295]                             info, version)
[13:20:14.295]                         }
[13:20:14.295]                         base::stop(msg)
[13:20:14.295]                       }
[13:20:14.295]                     })
[13:20:14.295]                   }
[13:20:14.295]                   options(future.plan = NULL)
[13:20:14.295]                   Sys.unsetenv("R_FUTURE_PLAN")
[13:20:14.295]                   future::plan("default", .cleanup = FALSE, .init = FALSE)
[13:20:14.295]                 }
[13:20:14.295]                 ...future.workdir <- getwd()
[13:20:14.295]             }
[13:20:14.295]             ...future.oldOptions <- base::as.list(base::.Options)
[13:20:14.295]             ...future.oldEnvVars <- base::Sys.getenv()
[13:20:14.295]         }
[13:20:14.295]         base::options(future.startup.script = FALSE, future.globals.onMissing = NULL, 
[13:20:14.295]             future.globals.maxSize = NULL, future.globals.method = NULL, 
[13:20:14.295]             future.globals.onMissing = NULL, future.globals.onReference = NULL, 
[13:20:14.295]             future.globals.resolve = NULL, future.resolve.recursive = NULL, 
[13:20:14.295]             future.rng.onMisuse = NULL, future.rng.onMisuse.keepFuture = NULL, 
[13:20:14.295]             future.stdout.windows.reencode = NULL, width = 80L)
[13:20:14.295]         ...future.futureOptionsAdded <- base::setdiff(base::names(base::.Options), 
[13:20:14.295]             base::names(...future.oldOptions))
[13:20:14.295]     }
[13:20:14.295]     if (FALSE) {
[13:20:14.295]     }
[13:20:14.295]     else {
[13:20:14.295]         if (TRUE) {
[13:20:14.295]             ...future.stdout <- base::rawConnection(base::raw(0L), 
[13:20:14.295]                 open = "w")
[13:20:14.295]         }
[13:20:14.295]         else {
[13:20:14.295]             ...future.stdout <- base::file(base::switch(.Platform$OS.type, 
[13:20:14.295]                 windows = "NUL", "/dev/null"), open = "w")
[13:20:14.295]         }
[13:20:14.295]         base::sink(...future.stdout, type = "output", split = FALSE)
[13:20:14.295]         base::on.exit(if (!base::is.null(...future.stdout)) {
[13:20:14.295]             base::sink(type = "output", split = FALSE)
[13:20:14.295]             base::close(...future.stdout)
[13:20:14.295]         }, add = TRUE)
[13:20:14.295]     }
[13:20:14.295]     ...future.frame <- base::sys.nframe()
[13:20:14.295]     ...future.conditions <- base::list()
[13:20:14.295]     ...future.rng <- base::globalenv()$.Random.seed
[13:20:14.295]     if (FALSE) {
[13:20:14.295]         ...future.globalenv.names <- c(base::names(base::.GlobalEnv), 
[13:20:14.295]             "...future.value", "...future.globalenv.names", ".Random.seed")
[13:20:14.295]     }
[13:20:14.295]     ...future.result <- base::tryCatch({
[13:20:14.295]         base::withCallingHandlers({
[13:20:14.295]             ...future.value <- base::withVisible(base::local({
[13:20:14.295]                 TRUE
[13:20:14.295]             }))
[13:20:14.295]             future::FutureResult(value = ...future.value$value, 
[13:20:14.295]                 visible = ...future.value$visible, rng = !identical(base::globalenv()$.Random.seed, 
[13:20:14.295]                   ...future.rng), globalenv = if (FALSE) 
[13:20:14.295]                   list(added = base::setdiff(base::names(base::.GlobalEnv), 
[13:20:14.295]                     ...future.globalenv.names))
[13:20:14.295]                 else NULL, started = ...future.startTime, version = "1.8")
[13:20:14.295]         }, condition = base::local({
[13:20:14.295]             c <- base::c
[13:20:14.295]             inherits <- base::inherits
[13:20:14.295]             invokeRestart <- base::invokeRestart
[13:20:14.295]             length <- base::length
[13:20:14.295]             list <- base::list
[13:20:14.295]             seq.int <- base::seq.int
[13:20:14.295]             signalCondition <- base::signalCondition
[13:20:14.295]             sys.calls <- base::sys.calls
[13:20:14.295]             `[[` <- base::`[[`
[13:20:14.295]             `+` <- base::`+`
[13:20:14.295]             `<<-` <- base::`<<-`
[13:20:14.295]             sysCalls <- function(calls = sys.calls(), from = 1L) {
[13:20:14.295]                 calls[seq.int(from = from + 12L, to = length(calls) - 
[13:20:14.295]                   3L)]
[13:20:14.295]             }
[13:20:14.295]             function(cond) {
[13:20:14.295]                 is_error <- inherits(cond, "error")
[13:20:14.295]                 ignore <- !is_error && !is.null(NULL) && inherits(cond, 
[13:20:14.295]                   NULL)
[13:20:14.295]                 if (is_error) {
[13:20:14.295]                   sessionInformation <- function() {
[13:20:14.295]                     list(r = base::R.Version(), locale = base::Sys.getlocale(), 
[13:20:14.295]                       rngkind = base::RNGkind(), namespaces = base::loadedNamespaces(), 
[13:20:14.295]                       search = base::search(), system = base::Sys.info())
[13:20:14.295]                   }
[13:20:14.295]                   ...future.conditions[[length(...future.conditions) + 
[13:20:14.295]                     1L]] <<- list(condition = cond, calls = c(sysCalls(from = ...future.frame), 
[13:20:14.295]                     cond$call), session = sessionInformation(), 
[13:20:14.295]                     timestamp = base::Sys.time(), signaled = 0L)
[13:20:14.295]                   signalCondition(cond)
[13:20:14.295]                 }
[13:20:14.295]                 else if (!ignore && TRUE && inherits(cond, c("condition", 
[13:20:14.295]                 "immediateCondition"))) {
[13:20:14.295]                   signal <- TRUE && inherits(cond, "immediateCondition")
[13:20:14.295]                   ...future.conditions[[length(...future.conditions) + 
[13:20:14.295]                     1L]] <<- list(condition = cond, signaled = base::as.integer(signal))
[13:20:14.295]                   if (TRUE && !signal) {
[13:20:14.295]                     muffleCondition <- function (cond, pattern = "^muffle") 
[13:20:14.295]                     {
[13:20:14.295]                       inherits <- base::inherits
[13:20:14.295]                       invokeRestart <- base::invokeRestart
[13:20:14.295]                       is.null <- base::is.null
[13:20:14.295]                       muffled <- FALSE
[13:20:14.295]                       if (inherits(cond, "message")) {
[13:20:14.295]                         muffled <- grepl(pattern, "muffleMessage")
[13:20:14.295]                         if (muffled) 
[13:20:14.295]                           invokeRestart("muffleMessage")
[13:20:14.295]                       }
[13:20:14.295]                       else if (inherits(cond, "warning")) {
[13:20:14.295]                         muffled <- grepl(pattern, "muffleWarning")
[13:20:14.295]                         if (muffled) 
[13:20:14.295]                           invokeRestart("muffleWarning")
[13:20:14.295]                       }
[13:20:14.295]                       else if (inherits(cond, "condition")) {
[13:20:14.295]                         if (!is.null(pattern)) {
[13:20:14.295]                           computeRestarts <- base::computeRestarts
[13:20:14.295]                           grepl <- base::grepl
[13:20:14.295]                           restarts <- computeRestarts(cond)
[13:20:14.295]                           for (restart in restarts) {
[13:20:14.295]                             name <- restart$name
[13:20:14.295]                             if (is.null(name)) 
[13:20:14.295]                               next
[13:20:14.295]                             if (!grepl(pattern, name)) 
[13:20:14.295]                               next
[13:20:14.295]                             invokeRestart(restart)
[13:20:14.295]                             muffled <- TRUE
[13:20:14.295]                             break
[13:20:14.295]                           }
[13:20:14.295]                         }
[13:20:14.295]                       }
[13:20:14.295]                       invisible(muffled)
[13:20:14.295]                     }
[13:20:14.295]                     muffleCondition(cond, pattern = "^muffle")
[13:20:14.295]                   }
[13:20:14.295]                 }
[13:20:14.295]                 else {
[13:20:14.295]                   if (TRUE) {
[13:20:14.295]                     muffleCondition <- function (cond, pattern = "^muffle") 
[13:20:14.295]                     {
[13:20:14.295]                       inherits <- base::inherits
[13:20:14.295]                       invokeRestart <- base::invokeRestart
[13:20:14.295]                       is.null <- base::is.null
[13:20:14.295]                       muffled <- FALSE
[13:20:14.295]                       if (inherits(cond, "message")) {
[13:20:14.295]                         muffled <- grepl(pattern, "muffleMessage")
[13:20:14.295]                         if (muffled) 
[13:20:14.295]                           invokeRestart("muffleMessage")
[13:20:14.295]                       }
[13:20:14.295]                       else if (inherits(cond, "warning")) {
[13:20:14.295]                         muffled <- grepl(pattern, "muffleWarning")
[13:20:14.295]                         if (muffled) 
[13:20:14.295]                           invokeRestart("muffleWarning")
[13:20:14.295]                       }
[13:20:14.295]                       else if (inherits(cond, "condition")) {
[13:20:14.295]                         if (!is.null(pattern)) {
[13:20:14.295]                           computeRestarts <- base::computeRestarts
[13:20:14.295]                           grepl <- base::grepl
[13:20:14.295]                           restarts <- computeRestarts(cond)
[13:20:14.295]                           for (restart in restarts) {
[13:20:14.295]                             name <- restart$name
[13:20:14.295]                             if (is.null(name)) 
[13:20:14.295]                               next
[13:20:14.295]                             if (!grepl(pattern, name)) 
[13:20:14.295]                               next
[13:20:14.295]                             invokeRestart(restart)
[13:20:14.295]                             muffled <- TRUE
[13:20:14.295]                             break
[13:20:14.295]                           }
[13:20:14.295]                         }
[13:20:14.295]                       }
[13:20:14.295]                       invisible(muffled)
[13:20:14.295]                     }
[13:20:14.295]                     muffleCondition(cond, pattern = "^muffle")
[13:20:14.295]                   }
[13:20:14.295]                 }
[13:20:14.295]             }
[13:20:14.295]         }))
[13:20:14.295]     }, error = function(ex) {
[13:20:14.295]         base::structure(base::list(value = NULL, visible = NULL, 
[13:20:14.295]             conditions = ...future.conditions, rng = !identical(base::globalenv()$.Random.seed, 
[13:20:14.295]                 ...future.rng), started = ...future.startTime, 
[13:20:14.295]             finished = Sys.time(), session_uuid = NA_character_, 
[13:20:14.295]             version = "1.8"), class = "FutureResult")
[13:20:14.295]     }, finally = {
[13:20:14.295]         if (!identical(...future.workdir, getwd())) 
[13:20:14.295]             setwd(...future.workdir)
[13:20:14.295]         {
[13:20:14.295]             if (identical(getOption("nwarnings"), ...future.oldOptions$nwarnings)) {
[13:20:14.295]                 ...future.oldOptions$nwarnings <- NULL
[13:20:14.295]             }
[13:20:14.295]             base::options(...future.oldOptions)
[13:20:14.295]             if (.Platform$OS.type == "windows") {
[13:20:14.295]                 old_names <- names(...future.oldEnvVars)
[13:20:14.295]                 envs <- base::Sys.getenv()
[13:20:14.295]                 names <- names(envs)
[13:20:14.295]                 common <- intersect(names, old_names)
[13:20:14.295]                 added <- setdiff(names, old_names)
[13:20:14.295]                 removed <- setdiff(old_names, names)
[13:20:14.295]                 changed <- common[...future.oldEnvVars[common] != 
[13:20:14.295]                   envs[common]]
[13:20:14.295]                 NAMES <- toupper(changed)
[13:20:14.295]                 args <- list()
[13:20:14.295]                 for (kk in seq_along(NAMES)) {
[13:20:14.295]                   name <- changed[[kk]]
[13:20:14.295]                   NAME <- NAMES[[kk]]
[13:20:14.295]                   if (name != NAME && is.element(NAME, old_names)) 
[13:20:14.295]                     next
[13:20:14.295]                   args[[name]] <- ...future.oldEnvVars[[name]]
[13:20:14.295]                 }
[13:20:14.295]                 NAMES <- toupper(added)
[13:20:14.295]                 for (kk in seq_along(NAMES)) {
[13:20:14.295]                   name <- added[[kk]]
[13:20:14.295]                   NAME <- NAMES[[kk]]
[13:20:14.295]                   if (name != NAME && is.element(NAME, old_names)) 
[13:20:14.295]                     next
[13:20:14.295]                   args[[name]] <- ""
[13:20:14.295]                 }
[13:20:14.295]                 NAMES <- toupper(removed)
[13:20:14.295]                 for (kk in seq_along(NAMES)) {
[13:20:14.295]                   name <- removed[[kk]]
[13:20:14.295]                   NAME <- NAMES[[kk]]
[13:20:14.295]                   if (name != NAME && is.element(NAME, old_names)) 
[13:20:14.295]                     next
[13:20:14.295]                   args[[name]] <- ...future.oldEnvVars[[name]]
[13:20:14.295]                 }
[13:20:14.295]                 if (length(args) > 0) 
[13:20:14.295]                   base::do.call(base::Sys.setenv, args = args)
[13:20:14.295]                 args <- names <- old_names <- NAMES <- envs <- common <- added <- removed <- NULL
[13:20:14.295]             }
[13:20:14.295]             else {
[13:20:14.295]                 base::do.call(base::Sys.setenv, args = base::as.list(...future.oldEnvVars))
[13:20:14.295]             }
[13:20:14.295]             {
[13:20:14.295]                 if (base::length(...future.futureOptionsAdded) > 
[13:20:14.295]                   0L) {
[13:20:14.295]                   opts <- base::vector("list", length = base::length(...future.futureOptionsAdded))
[13:20:14.295]                   base::names(opts) <- ...future.futureOptionsAdded
[13:20:14.295]                   base::options(opts)
[13:20:14.295]                 }
[13:20:14.295]                 {
[13:20:14.295]                   {
[13:20:14.295]                     NULL
[13:20:14.295]                     RNGkind("Mersenne-Twister")
[13:20:14.295]                     base::rm(list = ".Random.seed", envir = base::globalenv(), 
[13:20:14.295]                       inherits = FALSE)
[13:20:14.295]                   }
[13:20:14.295]                   options(future.plan = NULL)
[13:20:14.295]                   if (is.na(NA_character_)) 
[13:20:14.295]                     Sys.unsetenv("R_FUTURE_PLAN")
[13:20:14.295]                   else Sys.setenv(R_FUTURE_PLAN = NA_character_)
[13:20:14.295]                   future::plan(list(function (..., envir = parent.frame()) 
[13:20:14.295]                   {
[13:20:14.295]                     future <- SequentialFuture(..., envir = envir)
[13:20:14.295]                     if (!future$lazy) 
[13:20:14.295]                       future <- run(future)
[13:20:14.295]                     invisible(future)
[13:20:14.295]                   }), .cleanup = FALSE, .init = FALSE)
[13:20:14.295]                 }
[13:20:14.295]             }
[13:20:14.295]         }
[13:20:14.295]     })
[13:20:14.295]     if (TRUE) {
[13:20:14.295]         base::sink(type = "output", split = FALSE)
[13:20:14.295]         if (TRUE) {
[13:20:14.295]             ...future.result$stdout <- base::rawToChar(base::rawConnectionValue(...future.stdout))
[13:20:14.295]         }
[13:20:14.295]         else {
[13:20:14.295]             ...future.result["stdout"] <- base::list(NULL)
[13:20:14.295]         }
[13:20:14.295]         base::close(...future.stdout)
[13:20:14.295]         ...future.stdout <- NULL
[13:20:14.295]     }
[13:20:14.295]     ...future.result$conditions <- ...future.conditions
[13:20:14.295]     ...future.result$finished <- base::Sys.time()
[13:20:14.295]     ...future.result
[13:20:14.295] }
[13:20:14.297] plan(): Setting new future strategy stack:
[13:20:14.297] List of future strategies:
[13:20:14.297] 1. sequential:
[13:20:14.297]    - args: function (..., envir = parent.frame())
[13:20:14.297]    - tweaked: FALSE
[13:20:14.297]    - call: NULL
[13:20:14.297] plan(): nbrOfWorkers() = 1
[13:20:14.298] plan(): Setting new future strategy stack:
[13:20:14.298] List of future strategies:
[13:20:14.298] 1. sequential:
[13:20:14.298]    - args: function (..., envir = parent.frame())
[13:20:14.298]    - tweaked: FALSE
[13:20:14.298]    - call: future::plan("sequential")
[13:20:14.299] plan(): nbrOfWorkers() = 1
[13:20:14.299] SequentialFuture started (and completed)
[13:20:14.299] - Launch lazy future ... done
[13:20:14.299] run() for ‘SequentialFuture’ ... done
> str(y)
List of 1
 $ B: logi TRUE
> stopifnot(length(y) == 1)
> stopifnot(identical(names(y), "B"))
> 
> 
> message("*** %<-% to environment: Potential task name clashes")
*** %<-% to environment: Potential task name clashes
> u <- new.env()
> u$a %<-% { 1 } %lazy% TRUE
[13:20:14.303] getGlobalsAndPackages() ...
[13:20:14.303] Searching for globals...
[13:20:14.303] - globals found: [1] ‘{’
[13:20:14.304] Searching for globals ... DONE
[13:20:14.304] Resolving globals: FALSE
[13:20:14.304] 
[13:20:14.304] 
[13:20:14.304] getGlobalsAndPackages() ... DONE
> stopifnot(length(u) == 2)
> stopifnot("a" %in% names(u))
> fu <- futureOf(u$a)
> 
> v <- new.env()
> v$a %<-% { 2 } %lazy% TRUE
[13:20:14.305] getGlobalsAndPackages() ...
[13:20:14.305] Searching for globals...
[13:20:14.306] - globals found: [1] ‘{’
[13:20:14.306] Searching for globals ... DONE
[13:20:14.306] Resolving globals: FALSE
[13:20:14.306] 
[13:20:14.306] 
[13:20:14.306] getGlobalsAndPackages() ... DONE
> stopifnot(length(v) == 2)
> stopifnot("a" %in% names(v))
> fv <- futureOf(v$a)
> stopifnot(!identical(fu, fv))
> 
> fu <- futureOf(u$a)
> stopifnot(!identical(fu, fv))
> 
> stopifnot(identical(u$a, 1))
[13:20:14.307] run() for ‘Future’ ...
[13:20:14.307] - state: ‘created’
[13:20:14.307] - Future backend: ‘FutureStrategy’, ‘sequential’, ‘uniprocess’, ‘future’, ‘function’
[13:20:14.308] - Future class: ‘SequentialFuture’, ‘UniprocessFuture’, ‘Future’, ‘environment’
[13:20:14.308] - Copy elements of temporary ‘SequentialFuture’ to final ‘Future’ object ...
[13:20:14.308]   - Field: ‘label’
[13:20:14.308]   - Field: ‘local’
[13:20:14.308]   - Field: ‘owner’
[13:20:14.308]   - Field: ‘envir’
[13:20:14.308]   - Field: ‘packages’
[13:20:14.308]   - Field: ‘gc’
[13:20:14.308]   - Field: ‘conditions’
[13:20:14.309]   - Field: ‘expr’
[13:20:14.309]   - Field: ‘uuid’
[13:20:14.311]   - Field: ‘seed’
[13:20:14.312]   - Field: ‘version’
[13:20:14.312]   - Field: ‘result’
[13:20:14.312]   - Field: ‘asynchronous’
[13:20:14.312]   - Field: ‘calls’
[13:20:14.312]   - Field: ‘globals’
[13:20:14.312]   - Field: ‘stdout’
[13:20:14.312]   - Field: ‘earlySignal’
[13:20:14.312]   - Field: ‘lazy’
[13:20:14.312]   - Field: ‘state’
[13:20:14.312] - Copy elements of temporary ‘SequentialFuture’ to final ‘Future’ object ... done
[13:20:14.312] - Launch lazy future ...
[13:20:14.313] Packages needed by the future expression (n = 0): <none>
[13:20:14.313] Packages needed by future strategies (n = 0): <none>
[13:20:14.313] {
[13:20:14.313]     {
[13:20:14.313]         {
[13:20:14.313]             ...future.startTime <- base::Sys.time()
[13:20:14.313]             {
[13:20:14.313]                 {
[13:20:14.313]                   {
[13:20:14.313]                     base::local({
[13:20:14.313]                       has_future <- base::requireNamespace("future", 
[13:20:14.313]                         quietly = TRUE)
[13:20:14.313]                       if (has_future) {
[13:20:14.313]                         ns <- base::getNamespace("future")
[13:20:14.313]                         version <- ns[[".package"]][["version"]]
[13:20:14.313]                         if (is.null(version)) 
[13:20:14.313]                           version <- utils::packageVersion("future")
[13:20:14.313]                       }
[13:20:14.313]                       else {
[13:20:14.313]                         version <- NULL
[13:20:14.313]                       }
[13:20:14.313]                       if (!has_future || version < "1.8.0") {
[13:20:14.313]                         info <- base::c(r_version = base::gsub("R version ", 
[13:20:14.313]                           "", base::R.version$version.string), 
[13:20:14.313]                           platform = base::sprintf("%s (%s-bit)", 
[13:20:14.313]                             base::R.version$platform, 8 * base::.Machine$sizeof.pointer), 
[13:20:14.313]                           os = base::paste(base::Sys.info()[base::c("sysname", 
[13:20:14.313]                             "release", "version")], collapse = " "), 
[13:20:14.313]                           hostname = base::Sys.info()[["nodename"]])
[13:20:14.313]                         info <- base::sprintf("%s: %s", base::names(info), 
[13:20:14.313]                           info)
[13:20:14.313]                         info <- base::paste(info, collapse = "; ")
[13:20:14.313]                         if (!has_future) {
[13:20:14.313]                           msg <- base::sprintf("Package 'future' is not installed on worker (%s)", 
[13:20:14.313]                             info)
[13:20:14.313]                         }
[13:20:14.313]                         else {
[13:20:14.313]                           msg <- base::sprintf("Package 'future' on worker (%s) must be of version >= 1.8.0: %s", 
[13:20:14.313]                             info, version)
[13:20:14.313]                         }
[13:20:14.313]                         base::stop(msg)
[13:20:14.313]                       }
[13:20:14.313]                     })
[13:20:14.313]                   }
[13:20:14.313]                   options(future.plan = NULL)
[13:20:14.313]                   Sys.unsetenv("R_FUTURE_PLAN")
[13:20:14.313]                   future::plan("default", .cleanup = FALSE, .init = FALSE)
[13:20:14.313]                 }
[13:20:14.313]                 ...future.workdir <- getwd()
[13:20:14.313]             }
[13:20:14.313]             ...future.oldOptions <- base::as.list(base::.Options)
[13:20:14.313]             ...future.oldEnvVars <- base::Sys.getenv()
[13:20:14.313]         }
[13:20:14.313]         base::options(future.startup.script = FALSE, future.globals.onMissing = NULL, 
[13:20:14.313]             future.globals.maxSize = NULL, future.globals.method = NULL, 
[13:20:14.313]             future.globals.onMissing = NULL, future.globals.onReference = NULL, 
[13:20:14.313]             future.globals.resolve = NULL, future.resolve.recursive = NULL, 
[13:20:14.313]             future.rng.onMisuse = NULL, future.rng.onMisuse.keepFuture = NULL, 
[13:20:14.313]             future.stdout.windows.reencode = NULL, width = 80L)
[13:20:14.313]         ...future.futureOptionsAdded <- base::setdiff(base::names(base::.Options), 
[13:20:14.313]             base::names(...future.oldOptions))
[13:20:14.313]     }
[13:20:14.313]     if (FALSE) {
[13:20:14.313]     }
[13:20:14.313]     else {
[13:20:14.313]         if (TRUE) {
[13:20:14.313]             ...future.stdout <- base::rawConnection(base::raw(0L), 
[13:20:14.313]                 open = "w")
[13:20:14.313]         }
[13:20:14.313]         else {
[13:20:14.313]             ...future.stdout <- base::file(base::switch(.Platform$OS.type, 
[13:20:14.313]                 windows = "NUL", "/dev/null"), open = "w")
[13:20:14.313]         }
[13:20:14.313]         base::sink(...future.stdout, type = "output", split = FALSE)
[13:20:14.313]         base::on.exit(if (!base::is.null(...future.stdout)) {
[13:20:14.313]             base::sink(type = "output", split = FALSE)
[13:20:14.313]             base::close(...future.stdout)
[13:20:14.313]         }, add = TRUE)
[13:20:14.313]     }
[13:20:14.313]     ...future.frame <- base::sys.nframe()
[13:20:14.313]     ...future.conditions <- base::list()
[13:20:14.313]     ...future.rng <- base::globalenv()$.Random.seed
[13:20:14.313]     if (FALSE) {
[13:20:14.313]         ...future.globalenv.names <- c(base::names(base::.GlobalEnv), 
[13:20:14.313]             "...future.value", "...future.globalenv.names", ".Random.seed")
[13:20:14.313]     }
[13:20:14.313]     ...future.result <- base::tryCatch({
[13:20:14.313]         base::withCallingHandlers({
[13:20:14.313]             ...future.value <- base::withVisible(base::local({
[13:20:14.313]                 1
[13:20:14.313]             }))
[13:20:14.313]             future::FutureResult(value = ...future.value$value, 
[13:20:14.313]                 visible = ...future.value$visible, rng = !identical(base::globalenv()$.Random.seed, 
[13:20:14.313]                   ...future.rng), globalenv = if (FALSE) 
[13:20:14.313]                   list(added = base::setdiff(base::names(base::.GlobalEnv), 
[13:20:14.313]                     ...future.globalenv.names))
[13:20:14.313]                 else NULL, started = ...future.startTime, version = "1.8")
[13:20:14.313]         }, condition = base::local({
[13:20:14.313]             c <- base::c
[13:20:14.313]             inherits <- base::inherits
[13:20:14.313]             invokeRestart <- base::invokeRestart
[13:20:14.313]             length <- base::length
[13:20:14.313]             list <- base::list
[13:20:14.313]             seq.int <- base::seq.int
[13:20:14.313]             signalCondition <- base::signalCondition
[13:20:14.313]             sys.calls <- base::sys.calls
[13:20:14.313]             `[[` <- base::`[[`
[13:20:14.313]             `+` <- base::`+`
[13:20:14.313]             `<<-` <- base::`<<-`
[13:20:14.313]             sysCalls <- function(calls = sys.calls(), from = 1L) {
[13:20:14.313]                 calls[seq.int(from = from + 12L, to = length(calls) - 
[13:20:14.313]                   3L)]
[13:20:14.313]             }
[13:20:14.313]             function(cond) {
[13:20:14.313]                 is_error <- inherits(cond, "error")
[13:20:14.313]                 ignore <- !is_error && !is.null(NULL) && inherits(cond, 
[13:20:14.313]                   NULL)
[13:20:14.313]                 if (is_error) {
[13:20:14.313]                   sessionInformation <- function() {
[13:20:14.313]                     list(r = base::R.Version(), locale = base::Sys.getlocale(), 
[13:20:14.313]                       rngkind = base::RNGkind(), namespaces = base::loadedNamespaces(), 
[13:20:14.313]                       search = base::search(), system = base::Sys.info())
[13:20:14.313]                   }
[13:20:14.313]                   ...future.conditions[[length(...future.conditions) + 
[13:20:14.313]                     1L]] <<- list(condition = cond, calls = c(sysCalls(from = ...future.frame), 
[13:20:14.313]                     cond$call), session = sessionInformation(), 
[13:20:14.313]                     timestamp = base::Sys.time(), signaled = 0L)
[13:20:14.313]                   signalCondition(cond)
[13:20:14.313]                 }
[13:20:14.313]                 else if (!ignore && TRUE && inherits(cond, c("condition", 
[13:20:14.313]                 "immediateCondition"))) {
[13:20:14.313]                   signal <- TRUE && inherits(cond, "immediateCondition")
[13:20:14.313]                   ...future.conditions[[length(...future.conditions) + 
[13:20:14.313]                     1L]] <<- list(condition = cond, signaled = base::as.integer(signal))
[13:20:14.313]                   if (TRUE && !signal) {
[13:20:14.313]                     muffleCondition <- function (cond, pattern = "^muffle") 
[13:20:14.313]                     {
[13:20:14.313]                       inherits <- base::inherits
[13:20:14.313]                       invokeRestart <- base::invokeRestart
[13:20:14.313]                       is.null <- base::is.null
[13:20:14.313]                       muffled <- FALSE
[13:20:14.313]                       if (inherits(cond, "message")) {
[13:20:14.313]                         muffled <- grepl(pattern, "muffleMessage")
[13:20:14.313]                         if (muffled) 
[13:20:14.313]                           invokeRestart("muffleMessage")
[13:20:14.313]                       }
[13:20:14.313]                       else if (inherits(cond, "warning")) {
[13:20:14.313]                         muffled <- grepl(pattern, "muffleWarning")
[13:20:14.313]                         if (muffled) 
[13:20:14.313]                           invokeRestart("muffleWarning")
[13:20:14.313]                       }
[13:20:14.313]                       else if (inherits(cond, "condition")) {
[13:20:14.313]                         if (!is.null(pattern)) {
[13:20:14.313]                           computeRestarts <- base::computeRestarts
[13:20:14.313]                           grepl <- base::grepl
[13:20:14.313]                           restarts <- computeRestarts(cond)
[13:20:14.313]                           for (restart in restarts) {
[13:20:14.313]                             name <- restart$name
[13:20:14.313]                             if (is.null(name)) 
[13:20:14.313]                               next
[13:20:14.313]                             if (!grepl(pattern, name)) 
[13:20:14.313]                               next
[13:20:14.313]                             invokeRestart(restart)
[13:20:14.313]                             muffled <- TRUE
[13:20:14.313]                             break
[13:20:14.313]                           }
[13:20:14.313]                         }
[13:20:14.313]                       }
[13:20:14.313]                       invisible(muffled)
[13:20:14.313]                     }
[13:20:14.313]                     muffleCondition(cond, pattern = "^muffle")
[13:20:14.313]                   }
[13:20:14.313]                 }
[13:20:14.313]                 else {
[13:20:14.313]                   if (TRUE) {
[13:20:14.313]                     muffleCondition <- function (cond, pattern = "^muffle") 
[13:20:14.313]                     {
[13:20:14.313]                       inherits <- base::inherits
[13:20:14.313]                       invokeRestart <- base::invokeRestart
[13:20:14.313]                       is.null <- base::is.null
[13:20:14.313]                       muffled <- FALSE
[13:20:14.313]                       if (inherits(cond, "message")) {
[13:20:14.313]                         muffled <- grepl(pattern, "muffleMessage")
[13:20:14.313]                         if (muffled) 
[13:20:14.313]                           invokeRestart("muffleMessage")
[13:20:14.313]                       }
[13:20:14.313]                       else if (inherits(cond, "warning")) {
[13:20:14.313]                         muffled <- grepl(pattern, "muffleWarning")
[13:20:14.313]                         if (muffled) 
[13:20:14.313]                           invokeRestart("muffleWarning")
[13:20:14.313]                       }
[13:20:14.313]                       else if (inherits(cond, "condition")) {
[13:20:14.313]                         if (!is.null(pattern)) {
[13:20:14.313]                           computeRestarts <- base::computeRestarts
[13:20:14.313]                           grepl <- base::grepl
[13:20:14.313]                           restarts <- computeRestarts(cond)
[13:20:14.313]                           for (restart in restarts) {
[13:20:14.313]                             name <- restart$name
[13:20:14.313]                             if (is.null(name)) 
[13:20:14.313]                               next
[13:20:14.313]                             if (!grepl(pattern, name)) 
[13:20:14.313]                               next
[13:20:14.313]                             invokeRestart(restart)
[13:20:14.313]                             muffled <- TRUE
[13:20:14.313]                             break
[13:20:14.313]                           }
[13:20:14.313]                         }
[13:20:14.313]                       }
[13:20:14.313]                       invisible(muffled)
[13:20:14.313]                     }
[13:20:14.313]                     muffleCondition(cond, pattern = "^muffle")
[13:20:14.313]                   }
[13:20:14.313]                 }
[13:20:14.313]             }
[13:20:14.313]         }))
[13:20:14.313]     }, error = function(ex) {
[13:20:14.313]         base::structure(base::list(value = NULL, visible = NULL, 
[13:20:14.313]             conditions = ...future.conditions, rng = !identical(base::globalenv()$.Random.seed, 
[13:20:14.313]                 ...future.rng), started = ...future.startTime, 
[13:20:14.313]             finished = Sys.time(), session_uuid = NA_character_, 
[13:20:14.313]             version = "1.8"), class = "FutureResult")
[13:20:14.313]     }, finally = {
[13:20:14.313]         if (!identical(...future.workdir, getwd())) 
[13:20:14.313]             setwd(...future.workdir)
[13:20:14.313]         {
[13:20:14.313]             if (identical(getOption("nwarnings"), ...future.oldOptions$nwarnings)) {
[13:20:14.313]                 ...future.oldOptions$nwarnings <- NULL
[13:20:14.313]             }
[13:20:14.313]             base::options(...future.oldOptions)
[13:20:14.313]             if (.Platform$OS.type == "windows") {
[13:20:14.313]                 old_names <- names(...future.oldEnvVars)
[13:20:14.313]                 envs <- base::Sys.getenv()
[13:20:14.313]                 names <- names(envs)
[13:20:14.313]                 common <- intersect(names, old_names)
[13:20:14.313]                 added <- setdiff(names, old_names)
[13:20:14.313]                 removed <- setdiff(old_names, names)
[13:20:14.313]                 changed <- common[...future.oldEnvVars[common] != 
[13:20:14.313]                   envs[common]]
[13:20:14.313]                 NAMES <- toupper(changed)
[13:20:14.313]                 args <- list()
[13:20:14.313]                 for (kk in seq_along(NAMES)) {
[13:20:14.313]                   name <- changed[[kk]]
[13:20:14.313]                   NAME <- NAMES[[kk]]
[13:20:14.313]                   if (name != NAME && is.element(NAME, old_names)) 
[13:20:14.313]                     next
[13:20:14.313]                   args[[name]] <- ...future.oldEnvVars[[name]]
[13:20:14.313]                 }
[13:20:14.313]                 NAMES <- toupper(added)
[13:20:14.313]                 for (kk in seq_along(NAMES)) {
[13:20:14.313]                   name <- added[[kk]]
[13:20:14.313]                   NAME <- NAMES[[kk]]
[13:20:14.313]                   if (name != NAME && is.element(NAME, old_names)) 
[13:20:14.313]                     next
[13:20:14.313]                   args[[name]] <- ""
[13:20:14.313]                 }
[13:20:14.313]                 NAMES <- toupper(removed)
[13:20:14.313]                 for (kk in seq_along(NAMES)) {
[13:20:14.313]                   name <- removed[[kk]]
[13:20:14.313]                   NAME <- NAMES[[kk]]
[13:20:14.313]                   if (name != NAME && is.element(NAME, old_names)) 
[13:20:14.313]                     next
[13:20:14.313]                   args[[name]] <- ...future.oldEnvVars[[name]]
[13:20:14.313]                 }
[13:20:14.313]                 if (length(args) > 0) 
[13:20:14.313]                   base::do.call(base::Sys.setenv, args = args)
[13:20:14.313]                 args <- names <- old_names <- NAMES <- envs <- common <- added <- removed <- NULL
[13:20:14.313]             }
[13:20:14.313]             else {
[13:20:14.313]                 base::do.call(base::Sys.setenv, args = base::as.list(...future.oldEnvVars))
[13:20:14.313]             }
[13:20:14.313]             {
[13:20:14.313]                 if (base::length(...future.futureOptionsAdded) > 
[13:20:14.313]                   0L) {
[13:20:14.313]                   opts <- base::vector("list", length = base::length(...future.futureOptionsAdded))
[13:20:14.313]                   base::names(opts) <- ...future.futureOptionsAdded
[13:20:14.313]                   base::options(opts)
[13:20:14.313]                 }
[13:20:14.313]                 {
[13:20:14.313]                   {
[13:20:14.313]                     NULL
[13:20:14.313]                     RNGkind("Mersenne-Twister")
[13:20:14.313]                     base::rm(list = ".Random.seed", envir = base::globalenv(), 
[13:20:14.313]                       inherits = FALSE)
[13:20:14.313]                   }
[13:20:14.313]                   options(future.plan = NULL)
[13:20:14.313]                   if (is.na(NA_character_)) 
[13:20:14.313]                     Sys.unsetenv("R_FUTURE_PLAN")
[13:20:14.313]                   else Sys.setenv(R_FUTURE_PLAN = NA_character_)
[13:20:14.313]                   future::plan(list(function (..., envir = parent.frame()) 
[13:20:14.313]                   {
[13:20:14.313]                     future <- SequentialFuture(..., envir = envir)
[13:20:14.313]                     if (!future$lazy) 
[13:20:14.313]                       future <- run(future)
[13:20:14.313]                     invisible(future)
[13:20:14.313]                   }), .cleanup = FALSE, .init = FALSE)
[13:20:14.313]                 }
[13:20:14.313]             }
[13:20:14.313]         }
[13:20:14.313]     })
[13:20:14.313]     if (TRUE) {
[13:20:14.313]         base::sink(type = "output", split = FALSE)
[13:20:14.313]         if (TRUE) {
[13:20:14.313]             ...future.result$stdout <- base::rawToChar(base::rawConnectionValue(...future.stdout))
[13:20:14.313]         }
[13:20:14.313]         else {
[13:20:14.313]             ...future.result["stdout"] <- base::list(NULL)
[13:20:14.313]         }
[13:20:14.313]         base::close(...future.stdout)
[13:20:14.313]         ...future.stdout <- NULL
[13:20:14.313]     }
[13:20:14.313]     ...future.result$conditions <- ...future.conditions
[13:20:14.313]     ...future.result$finished <- base::Sys.time()
[13:20:14.313]     ...future.result
[13:20:14.313] }
[13:20:14.315] plan(): Setting new future strategy stack:
[13:20:14.315] List of future strategies:
[13:20:14.315] 1. sequential:
[13:20:14.315]    - args: function (..., envir = parent.frame())
[13:20:14.315]    - tweaked: FALSE
[13:20:14.315]    - call: NULL
[13:20:14.316] plan(): nbrOfWorkers() = 1
[13:20:14.316] plan(): Setting new future strategy stack:
[13:20:14.316] List of future strategies:
[13:20:14.316] 1. sequential:
[13:20:14.316]    - args: function (..., envir = parent.frame())
[13:20:14.316]    - tweaked: FALSE
[13:20:14.316]    - call: future::plan("sequential")
[13:20:14.317] plan(): nbrOfWorkers() = 1
[13:20:14.317] SequentialFuture started (and completed)
[13:20:14.317] - Launch lazy future ... done
[13:20:14.317] run() for ‘SequentialFuture’ ... done
> stopifnot(identical(v$a, 2))
[13:20:14.317] run() for ‘Future’ ...
[13:20:14.318] - state: ‘created’
[13:20:14.318] - Future backend: ‘FutureStrategy’, ‘sequential’, ‘uniprocess’, ‘future’, ‘function’
[13:20:14.318] - Future class: ‘SequentialFuture’, ‘UniprocessFuture’, ‘Future’, ‘environment’
[13:20:14.318] - Copy elements of temporary ‘SequentialFuture’ to final ‘Future’ object ...
[13:20:14.318]   - Field: ‘label’
[13:20:14.318]   - Field: ‘local’
[13:20:14.318]   - Field: ‘owner’
[13:20:14.319]   - Field: ‘envir’
[13:20:14.319]   - Field: ‘packages’
[13:20:14.319]   - Field: ‘gc’
[13:20:14.319]   - Field: ‘conditions’
[13:20:14.319]   - Field: ‘expr’
[13:20:14.319]   - Field: ‘uuid’
[13:20:14.319]   - Field: ‘seed’
[13:20:14.319]   - Field: ‘version’
[13:20:14.319]   - Field: ‘result’
[13:20:14.319]   - Field: ‘asynchronous’
[13:20:14.319]   - Field: ‘calls’
[13:20:14.320]   - Field: ‘globals’
[13:20:14.320]   - Field: ‘stdout’
[13:20:14.320]   - Field: ‘earlySignal’
[13:20:14.320]   - Field: ‘lazy’
[13:20:14.320]   - Field: ‘state’
[13:20:14.320] - Copy elements of temporary ‘SequentialFuture’ to final ‘Future’ object ... done
[13:20:14.320] - Launch lazy future ...
[13:20:14.320] Packages needed by the future expression (n = 0): <none>
[13:20:14.320] Packages needed by future strategies (n = 0): <none>
[13:20:14.321] {
[13:20:14.321]     {
[13:20:14.321]         {
[13:20:14.321]             ...future.startTime <- base::Sys.time()
[13:20:14.321]             {
[13:20:14.321]                 {
[13:20:14.321]                   {
[13:20:14.321]                     base::local({
[13:20:14.321]                       has_future <- base::requireNamespace("future", 
[13:20:14.321]                         quietly = TRUE)
[13:20:14.321]                       if (has_future) {
[13:20:14.321]                         ns <- base::getNamespace("future")
[13:20:14.321]                         version <- ns[[".package"]][["version"]]
[13:20:14.321]                         if (is.null(version)) 
[13:20:14.321]                           version <- utils::packageVersion("future")
[13:20:14.321]                       }
[13:20:14.321]                       else {
[13:20:14.321]                         version <- NULL
[13:20:14.321]                       }
[13:20:14.321]                       if (!has_future || version < "1.8.0") {
[13:20:14.321]                         info <- base::c(r_version = base::gsub("R version ", 
[13:20:14.321]                           "", base::R.version$version.string), 
[13:20:14.321]                           platform = base::sprintf("%s (%s-bit)", 
[13:20:14.321]                             base::R.version$platform, 8 * base::.Machine$sizeof.pointer), 
[13:20:14.321]                           os = base::paste(base::Sys.info()[base::c("sysname", 
[13:20:14.321]                             "release", "version")], collapse = " "), 
[13:20:14.321]                           hostname = base::Sys.info()[["nodename"]])
[13:20:14.321]                         info <- base::sprintf("%s: %s", base::names(info), 
[13:20:14.321]                           info)
[13:20:14.321]                         info <- base::paste(info, collapse = "; ")
[13:20:14.321]                         if (!has_future) {
[13:20:14.321]                           msg <- base::sprintf("Package 'future' is not installed on worker (%s)", 
[13:20:14.321]                             info)
[13:20:14.321]                         }
[13:20:14.321]                         else {
[13:20:14.321]                           msg <- base::sprintf("Package 'future' on worker (%s) must be of version >= 1.8.0: %s", 
[13:20:14.321]                             info, version)
[13:20:14.321]                         }
[13:20:14.321]                         base::stop(msg)
[13:20:14.321]                       }
[13:20:14.321]                     })
[13:20:14.321]                   }
[13:20:14.321]                   options(future.plan = NULL)
[13:20:14.321]                   Sys.unsetenv("R_FUTURE_PLAN")
[13:20:14.321]                   future::plan("default", .cleanup = FALSE, .init = FALSE)
[13:20:14.321]                 }
[13:20:14.321]                 ...future.workdir <- getwd()
[13:20:14.321]             }
[13:20:14.321]             ...future.oldOptions <- base::as.list(base::.Options)
[13:20:14.321]             ...future.oldEnvVars <- base::Sys.getenv()
[13:20:14.321]         }
[13:20:14.321]         base::options(future.startup.script = FALSE, future.globals.onMissing = NULL, 
[13:20:14.321]             future.globals.maxSize = NULL, future.globals.method = NULL, 
[13:20:14.321]             future.globals.onMissing = NULL, future.globals.onReference = NULL, 
[13:20:14.321]             future.globals.resolve = NULL, future.resolve.recursive = NULL, 
[13:20:14.321]             future.rng.onMisuse = NULL, future.rng.onMisuse.keepFuture = NULL, 
[13:20:14.321]             future.stdout.windows.reencode = NULL, width = 80L)
[13:20:14.321]         ...future.futureOptionsAdded <- base::setdiff(base::names(base::.Options), 
[13:20:14.321]             base::names(...future.oldOptions))
[13:20:14.321]     }
[13:20:14.321]     if (FALSE) {
[13:20:14.321]     }
[13:20:14.321]     else {
[13:20:14.321]         if (TRUE) {
[13:20:14.321]             ...future.stdout <- base::rawConnection(base::raw(0L), 
[13:20:14.321]                 open = "w")
[13:20:14.321]         }
[13:20:14.321]         else {
[13:20:14.321]             ...future.stdout <- base::file(base::switch(.Platform$OS.type, 
[13:20:14.321]                 windows = "NUL", "/dev/null"), open = "w")
[13:20:14.321]         }
[13:20:14.321]         base::sink(...future.stdout, type = "output", split = FALSE)
[13:20:14.321]         base::on.exit(if (!base::is.null(...future.stdout)) {
[13:20:14.321]             base::sink(type = "output", split = FALSE)
[13:20:14.321]             base::close(...future.stdout)
[13:20:14.321]         }, add = TRUE)
[13:20:14.321]     }
[13:20:14.321]     ...future.frame <- base::sys.nframe()
[13:20:14.321]     ...future.conditions <- base::list()
[13:20:14.321]     ...future.rng <- base::globalenv()$.Random.seed
[13:20:14.321]     if (FALSE) {
[13:20:14.321]         ...future.globalenv.names <- c(base::names(base::.GlobalEnv), 
[13:20:14.321]             "...future.value", "...future.globalenv.names", ".Random.seed")
[13:20:14.321]     }
[13:20:14.321]     ...future.result <- base::tryCatch({
[13:20:14.321]         base::withCallingHandlers({
[13:20:14.321]             ...future.value <- base::withVisible(base::local({
[13:20:14.321]                 2
[13:20:14.321]             }))
[13:20:14.321]             future::FutureResult(value = ...future.value$value, 
[13:20:14.321]                 visible = ...future.value$visible, rng = !identical(base::globalenv()$.Random.seed, 
[13:20:14.321]                   ...future.rng), globalenv = if (FALSE) 
[13:20:14.321]                   list(added = base::setdiff(base::names(base::.GlobalEnv), 
[13:20:14.321]                     ...future.globalenv.names))
[13:20:14.321]                 else NULL, started = ...future.startTime, version = "1.8")
[13:20:14.321]         }, condition = base::local({
[13:20:14.321]             c <- base::c
[13:20:14.321]             inherits <- base::inherits
[13:20:14.321]             invokeRestart <- base::invokeRestart
[13:20:14.321]             length <- base::length
[13:20:14.321]             list <- base::list
[13:20:14.321]             seq.int <- base::seq.int
[13:20:14.321]             signalCondition <- base::signalCondition
[13:20:14.321]             sys.calls <- base::sys.calls
[13:20:14.321]             `[[` <- base::`[[`
[13:20:14.321]             `+` <- base::`+`
[13:20:14.321]             `<<-` <- base::`<<-`
[13:20:14.321]             sysCalls <- function(calls = sys.calls(), from = 1L) {
[13:20:14.321]                 calls[seq.int(from = from + 12L, to = length(calls) - 
[13:20:14.321]                   3L)]
[13:20:14.321]             }
[13:20:14.321]             function(cond) {
[13:20:14.321]                 is_error <- inherits(cond, "error")
[13:20:14.321]                 ignore <- !is_error && !is.null(NULL) && inherits(cond, 
[13:20:14.321]                   NULL)
[13:20:14.321]                 if (is_error) {
[13:20:14.321]                   sessionInformation <- function() {
[13:20:14.321]                     list(r = base::R.Version(), locale = base::Sys.getlocale(), 
[13:20:14.321]                       rngkind = base::RNGkind(), namespaces = base::loadedNamespaces(), 
[13:20:14.321]                       search = base::search(), system = base::Sys.info())
[13:20:14.321]                   }
[13:20:14.321]                   ...future.conditions[[length(...future.conditions) + 
[13:20:14.321]                     1L]] <<- list(condition = cond, calls = c(sysCalls(from = ...future.frame), 
[13:20:14.321]                     cond$call), session = sessionInformation(), 
[13:20:14.321]                     timestamp = base::Sys.time(), signaled = 0L)
[13:20:14.321]                   signalCondition(cond)
[13:20:14.321]                 }
[13:20:14.321]                 else if (!ignore && TRUE && inherits(cond, c("condition", 
[13:20:14.321]                 "immediateCondition"))) {
[13:20:14.321]                   signal <- TRUE && inherits(cond, "immediateCondition")
[13:20:14.321]                   ...future.conditions[[length(...future.conditions) + 
[13:20:14.321]                     1L]] <<- list(condition = cond, signaled = base::as.integer(signal))
[13:20:14.321]                   if (TRUE && !signal) {
[13:20:14.321]                     muffleCondition <- function (cond, pattern = "^muffle") 
[13:20:14.321]                     {
[13:20:14.321]                       inherits <- base::inherits
[13:20:14.321]                       invokeRestart <- base::invokeRestart
[13:20:14.321]                       is.null <- base::is.null
[13:20:14.321]                       muffled <- FALSE
[13:20:14.321]                       if (inherits(cond, "message")) {
[13:20:14.321]                         muffled <- grepl(pattern, "muffleMessage")
[13:20:14.321]                         if (muffled) 
[13:20:14.321]                           invokeRestart("muffleMessage")
[13:20:14.321]                       }
[13:20:14.321]                       else if (inherits(cond, "warning")) {
[13:20:14.321]                         muffled <- grepl(pattern, "muffleWarning")
[13:20:14.321]                         if (muffled) 
[13:20:14.321]                           invokeRestart("muffleWarning")
[13:20:14.321]                       }
[13:20:14.321]                       else if (inherits(cond, "condition")) {
[13:20:14.321]                         if (!is.null(pattern)) {
[13:20:14.321]                           computeRestarts <- base::computeRestarts
[13:20:14.321]                           grepl <- base::grepl
[13:20:14.321]                           restarts <- computeRestarts(cond)
[13:20:14.321]                           for (restart in restarts) {
[13:20:14.321]                             name <- restart$name
[13:20:14.321]                             if (is.null(name)) 
[13:20:14.321]                               next
[13:20:14.321]                             if (!grepl(pattern, name)) 
[13:20:14.321]                               next
[13:20:14.321]                             invokeRestart(restart)
[13:20:14.321]                             muffled <- TRUE
[13:20:14.321]                             break
[13:20:14.321]                           }
[13:20:14.321]                         }
[13:20:14.321]                       }
[13:20:14.321]                       invisible(muffled)
[13:20:14.321]                     }
[13:20:14.321]                     muffleCondition(cond, pattern = "^muffle")
[13:20:14.321]                   }
[13:20:14.321]                 }
[13:20:14.321]                 else {
[13:20:14.321]                   if (TRUE) {
[13:20:14.321]                     muffleCondition <- function (cond, pattern = "^muffle") 
[13:20:14.321]                     {
[13:20:14.321]                       inherits <- base::inherits
[13:20:14.321]                       invokeRestart <- base::invokeRestart
[13:20:14.321]                       is.null <- base::is.null
[13:20:14.321]                       muffled <- FALSE
[13:20:14.321]                       if (inherits(cond, "message")) {
[13:20:14.321]                         muffled <- grepl(pattern, "muffleMessage")
[13:20:14.321]                         if (muffled) 
[13:20:14.321]                           invokeRestart("muffleMessage")
[13:20:14.321]                       }
[13:20:14.321]                       else if (inherits(cond, "warning")) {
[13:20:14.321]                         muffled <- grepl(pattern, "muffleWarning")
[13:20:14.321]                         if (muffled) 
[13:20:14.321]                           invokeRestart("muffleWarning")
[13:20:14.321]                       }
[13:20:14.321]                       else if (inherits(cond, "condition")) {
[13:20:14.321]                         if (!is.null(pattern)) {
[13:20:14.321]                           computeRestarts <- base::computeRestarts
[13:20:14.321]                           grepl <- base::grepl
[13:20:14.321]                           restarts <- computeRestarts(cond)
[13:20:14.321]                           for (restart in restarts) {
[13:20:14.321]                             name <- restart$name
[13:20:14.321]                             if (is.null(name)) 
[13:20:14.321]                               next
[13:20:14.321]                             if (!grepl(pattern, name)) 
[13:20:14.321]                               next
[13:20:14.321]                             invokeRestart(restart)
[13:20:14.321]                             muffled <- TRUE
[13:20:14.321]                             break
[13:20:14.321]                           }
[13:20:14.321]                         }
[13:20:14.321]                       }
[13:20:14.321]                       invisible(muffled)
[13:20:14.321]                     }
[13:20:14.321]                     muffleCondition(cond, pattern = "^muffle")
[13:20:14.321]                   }
[13:20:14.321]                 }
[13:20:14.321]             }
[13:20:14.321]         }))
[13:20:14.321]     }, error = function(ex) {
[13:20:14.321]         base::structure(base::list(value = NULL, visible = NULL, 
[13:20:14.321]             conditions = ...future.conditions, rng = !identical(base::globalenv()$.Random.seed, 
[13:20:14.321]                 ...future.rng), started = ...future.startTime, 
[13:20:14.321]             finished = Sys.time(), session_uuid = NA_character_, 
[13:20:14.321]             version = "1.8"), class = "FutureResult")
[13:20:14.321]     }, finally = {
[13:20:14.321]         if (!identical(...future.workdir, getwd())) 
[13:20:14.321]             setwd(...future.workdir)
[13:20:14.321]         {
[13:20:14.321]             if (identical(getOption("nwarnings"), ...future.oldOptions$nwarnings)) {
[13:20:14.321]                 ...future.oldOptions$nwarnings <- NULL
[13:20:14.321]             }
[13:20:14.321]             base::options(...future.oldOptions)
[13:20:14.321]             if (.Platform$OS.type == "windows") {
[13:20:14.321]                 old_names <- names(...future.oldEnvVars)
[13:20:14.321]                 envs <- base::Sys.getenv()
[13:20:14.321]                 names <- names(envs)
[13:20:14.321]                 common <- intersect(names, old_names)
[13:20:14.321]                 added <- setdiff(names, old_names)
[13:20:14.321]                 removed <- setdiff(old_names, names)
[13:20:14.321]                 changed <- common[...future.oldEnvVars[common] != 
[13:20:14.321]                   envs[common]]
[13:20:14.321]                 NAMES <- toupper(changed)
[13:20:14.321]                 args <- list()
[13:20:14.321]                 for (kk in seq_along(NAMES)) {
[13:20:14.321]                   name <- changed[[kk]]
[13:20:14.321]                   NAME <- NAMES[[kk]]
[13:20:14.321]                   if (name != NAME && is.element(NAME, old_names)) 
[13:20:14.321]                     next
[13:20:14.321]                   args[[name]] <- ...future.oldEnvVars[[name]]
[13:20:14.321]                 }
[13:20:14.321]                 NAMES <- toupper(added)
[13:20:14.321]                 for (kk in seq_along(NAMES)) {
[13:20:14.321]                   name <- added[[kk]]
[13:20:14.321]                   NAME <- NAMES[[kk]]
[13:20:14.321]                   if (name != NAME && is.element(NAME, old_names)) 
[13:20:14.321]                     next
[13:20:14.321]                   args[[name]] <- ""
[13:20:14.321]                 }
[13:20:14.321]                 NAMES <- toupper(removed)
[13:20:14.321]                 for (kk in seq_along(NAMES)) {
[13:20:14.321]                   name <- removed[[kk]]
[13:20:14.321]                   NAME <- NAMES[[kk]]
[13:20:14.321]                   if (name != NAME && is.element(NAME, old_names)) 
[13:20:14.321]                     next
[13:20:14.321]                   args[[name]] <- ...future.oldEnvVars[[name]]
[13:20:14.321]                 }
[13:20:14.321]                 if (length(args) > 0) 
[13:20:14.321]                   base::do.call(base::Sys.setenv, args = args)
[13:20:14.321]                 args <- names <- old_names <- NAMES <- envs <- common <- added <- removed <- NULL
[13:20:14.321]             }
[13:20:14.321]             else {
[13:20:14.321]                 base::do.call(base::Sys.setenv, args = base::as.list(...future.oldEnvVars))
[13:20:14.321]             }
[13:20:14.321]             {
[13:20:14.321]                 if (base::length(...future.futureOptionsAdded) > 
[13:20:14.321]                   0L) {
[13:20:14.321]                   opts <- base::vector("list", length = base::length(...future.futureOptionsAdded))
[13:20:14.321]                   base::names(opts) <- ...future.futureOptionsAdded
[13:20:14.321]                   base::options(opts)
[13:20:14.321]                 }
[13:20:14.321]                 {
[13:20:14.321]                   {
[13:20:14.321]                     NULL
[13:20:14.321]                     RNGkind("Mersenne-Twister")
[13:20:14.321]                     base::rm(list = ".Random.seed", envir = base::globalenv(), 
[13:20:14.321]                       inherits = FALSE)
[13:20:14.321]                   }
[13:20:14.321]                   options(future.plan = NULL)
[13:20:14.321]                   if (is.na(NA_character_)) 
[13:20:14.321]                     Sys.unsetenv("R_FUTURE_PLAN")
[13:20:14.321]                   else Sys.setenv(R_FUTURE_PLAN = NA_character_)
[13:20:14.321]                   future::plan(list(function (..., envir = parent.frame()) 
[13:20:14.321]                   {
[13:20:14.321]                     future <- SequentialFuture(..., envir = envir)
[13:20:14.321]                     if (!future$lazy) 
[13:20:14.321]                       future <- run(future)
[13:20:14.321]                     invisible(future)
[13:20:14.321]                   }), .cleanup = FALSE, .init = FALSE)
[13:20:14.321]                 }
[13:20:14.321]             }
[13:20:14.321]         }
[13:20:14.321]     })
[13:20:14.321]     if (TRUE) {
[13:20:14.321]         base::sink(type = "output", split = FALSE)
[13:20:14.321]         if (TRUE) {
[13:20:14.321]             ...future.result$stdout <- base::rawToChar(base::rawConnectionValue(...future.stdout))
[13:20:14.321]         }
[13:20:14.321]         else {
[13:20:14.321]             ...future.result["stdout"] <- base::list(NULL)
[13:20:14.321]         }
[13:20:14.321]         base::close(...future.stdout)
[13:20:14.321]         ...future.stdout <- NULL
[13:20:14.321]     }
[13:20:14.321]     ...future.result$conditions <- ...future.conditions
[13:20:14.321]     ...future.result$finished <- base::Sys.time()
[13:20:14.321]     ...future.result
[13:20:14.321] }
[13:20:14.323] plan(): Setting new future strategy stack:
[13:20:14.323] List of future strategies:
[13:20:14.323] 1. sequential:
[13:20:14.323]    - args: function (..., envir = parent.frame())
[13:20:14.323]    - tweaked: FALSE
[13:20:14.323]    - call: NULL
[13:20:14.323] plan(): nbrOfWorkers() = 1
[13:20:14.324] plan(): Setting new future strategy stack:
[13:20:14.324] List of future strategies:
[13:20:14.324] 1. sequential:
[13:20:14.324]    - args: function (..., envir = parent.frame())
[13:20:14.324]    - tweaked: FALSE
[13:20:14.324]    - call: future::plan("sequential")
[13:20:14.324] plan(): nbrOfWorkers() = 1
[13:20:14.324] SequentialFuture started (and completed)
[13:20:14.325] - Launch lazy future ... done
[13:20:14.325] run() for ‘SequentialFuture’ ... done
> 
> message("*** %<-% to environment ... DONE")
*** %<-% to environment ... DONE
> 
> source("incl/end.R")
[13:20:14.325] plan(): Setting new future strategy stack:
[13:20:14.326] List of future strategies:
[13:20:14.326] 1. FutureStrategy:
[13:20:14.326]    - args: function (..., envir = parent.frame())
[13:20:14.326]    - tweaked: FALSE
[13:20:14.326]    - call: future::plan(oplan)
[13:20:14.337] plan(): nbrOfWorkers() = 1
> 
