
R version 4.3.0 (2023-04-21) -- "Already Tomorrow"
Copyright (C) 2023 The R Foundation for Statistical Computing
Platform: x86_64-pc-linux-gnu (64-bit)

R is free software and comes with ABSOLUTELY NO WARRANTY.
You are welcome to redistribute it under certain conditions.
Type 'license()' or 'licence()' for distribution details.

R is a collaborative project with many contributors.
Type 'contributors()' for more information and
'citation()' on how to cite R or R packages in publications.

Type 'demo()' for some demos, 'help()' for on-line help, or
'help.start()' for an HTML browser interface to help.
Type 'q()' to quit R.

> source("incl/start.R")
[16:12:24.117] plan(): Setting new future strategy stack:
[16:12:24.117] List of future strategies:
[16:12:24.117] 1. sequential:
[16:12:24.117]    - args: function (..., envir = parent.frame())
[16:12:24.117]    - tweaked: FALSE
[16:12:24.117]    - call: future::plan("sequential")
[16:12:24.130] plan(): nbrOfWorkers() = 1
> 
> message("*** FutureError class ...")
*** FutureError class ...
> 
> ## Minimal
> ex <- FutureError(message = "Woops")
> print(ex)
<FutureError: Woops>


Future UUID: <NA>
> 
> cond <- tryCatch(message("Woops", appendLF = FALSE), message = identity)
> ex2 <- FutureError(message = cond)
> print(ex2)
<FutureError: Woops>


Future UUID: <NA>
> stopifnot(conditionMessage(ex2) == conditionMessage(ex))
> 
> f <- future({ 42L; stop("woops") })
[16:12:24.140] getGlobalsAndPackages() ...
[16:12:24.140] Searching for globals...
[16:12:24.147] - globals found: [2] ‘{’, ‘stop’
[16:12:24.147] Searching for globals ... DONE
[16:12:24.147] Resolving globals: FALSE
[16:12:24.147] 
[16:12:24.147] 
[16:12:24.148] getGlobalsAndPackages() ... DONE
[16:12:24.148] run() for ‘Future’ ...
[16:12:24.148] - state: ‘created’
[16:12:24.149] - Future backend: ‘FutureStrategy’, ‘sequential’, ‘uniprocess’, ‘future’, ‘function’
[16:12:24.149] - Future class: ‘SequentialFuture’, ‘UniprocessFuture’, ‘Future’, ‘environment’
[16:12:24.149] - Copy elements of temporary ‘SequentialFuture’ to final ‘Future’ object ...
[16:12:24.149]   - Field: ‘label’
[16:12:24.149]   - Field: ‘local’
[16:12:24.149]   - Field: ‘owner’
[16:12:24.149]   - Field: ‘envir’
[16:12:24.150]   - Field: ‘packages’
[16:12:24.150]   - Field: ‘gc’
[16:12:24.150]   - Field: ‘conditions’
[16:12:24.150]   - Field: ‘expr’
[16:12:24.150]   - Field: ‘uuid’
[16:12:24.150]   - Field: ‘seed’
[16:12:24.150]   - Field: ‘version’
[16:12:24.150]   - Field: ‘result’
[16:12:24.150]   - Field: ‘asynchronous’
[16:12:24.150]   - Field: ‘calls’
[16:12:24.150]   - Field: ‘globals’
[16:12:24.150]   - Field: ‘stdout’
[16:12:24.151]   - Field: ‘earlySignal’
[16:12:24.151]   - Field: ‘lazy’
[16:12:24.151]   - Field: ‘state’
[16:12:24.151] - Copy elements of temporary ‘SequentialFuture’ to final ‘Future’ object ... done
[16:12:24.151] - Launch lazy future ...
[16:12:24.152] Packages needed by the future expression (n = 0): <none>
[16:12:24.152] Packages needed by future strategies (n = 0): <none>
[16:12:24.153] {
[16:12:24.153]     {
[16:12:24.153]         {
[16:12:24.153]             ...future.startTime <- base::Sys.time()
[16:12:24.153]             {
[16:12:24.153]                 {
[16:12:24.153]                   {
[16:12:24.153]                     base::local({
[16:12:24.153]                       has_future <- base::requireNamespace("future", 
[16:12:24.153]                         quietly = TRUE)
[16:12:24.153]                       if (has_future) {
[16:12:24.153]                         ns <- base::getNamespace("future")
[16:12:24.153]                         version <- ns[[".package"]][["version"]]
[16:12:24.153]                         if (is.null(version)) 
[16:12:24.153]                           version <- utils::packageVersion("future")
[16:12:24.153]                       }
[16:12:24.153]                       else {
[16:12:24.153]                         version <- NULL
[16:12:24.153]                       }
[16:12:24.153]                       if (!has_future || version < "1.8.0") {
[16:12:24.153]                         info <- base::c(r_version = base::gsub("R version ", 
[16:12:24.153]                           "", base::R.version$version.string), 
[16:12:24.153]                           platform = base::sprintf("%s (%s-bit)", 
[16:12:24.153]                             base::R.version$platform, 8 * base::.Machine$sizeof.pointer), 
[16:12:24.153]                           os = base::paste(base::Sys.info()[base::c("sysname", 
[16:12:24.153]                             "release", "version")], collapse = " "), 
[16:12:24.153]                           hostname = base::Sys.info()[["nodename"]])
[16:12:24.153]                         info <- base::sprintf("%s: %s", base::names(info), 
[16:12:24.153]                           info)
[16:12:24.153]                         info <- base::paste(info, collapse = "; ")
[16:12:24.153]                         if (!has_future) {
[16:12:24.153]                           msg <- base::sprintf("Package 'future' is not installed on worker (%s)", 
[16:12:24.153]                             info)
[16:12:24.153]                         }
[16:12:24.153]                         else {
[16:12:24.153]                           msg <- base::sprintf("Package 'future' on worker (%s) must be of version >= 1.8.0: %s", 
[16:12:24.153]                             info, version)
[16:12:24.153]                         }
[16:12:24.153]                         base::stop(msg)
[16:12:24.153]                       }
[16:12:24.153]                     })
[16:12:24.153]                   }
[16:12:24.153]                   options(future.plan = NULL)
[16:12:24.153]                   Sys.unsetenv("R_FUTURE_PLAN")
[16:12:24.153]                   future::plan("default", .cleanup = FALSE, .init = FALSE)
[16:12:24.153]                 }
[16:12:24.153]                 ...future.workdir <- getwd()
[16:12:24.153]             }
[16:12:24.153]             ...future.oldOptions <- base::as.list(base::.Options)
[16:12:24.153]             ...future.oldEnvVars <- base::Sys.getenv()
[16:12:24.153]         }
[16:12:24.153]         base::options(future.startup.script = FALSE, future.globals.onMissing = NULL, 
[16:12:24.153]             future.globals.maxSize = NULL, future.globals.method = NULL, 
[16:12:24.153]             future.globals.onMissing = NULL, future.globals.onReference = NULL, 
[16:12:24.153]             future.globals.resolve = NULL, future.resolve.recursive = NULL, 
[16:12:24.153]             future.rng.onMisuse = NULL, future.rng.onMisuse.keepFuture = NULL, 
[16:12:24.153]             future.stdout.windows.reencode = NULL, width = 80L)
[16:12:24.153]         ...future.futureOptionsAdded <- base::setdiff(base::names(base::.Options), 
[16:12:24.153]             base::names(...future.oldOptions))
[16:12:24.153]     }
[16:12:24.153]     if (FALSE) {
[16:12:24.153]     }
[16:12:24.153]     else {
[16:12:24.153]         if (TRUE) {
[16:12:24.153]             ...future.stdout <- base::rawConnection(base::raw(0L), 
[16:12:24.153]                 open = "w")
[16:12:24.153]         }
[16:12:24.153]         else {
[16:12:24.153]             ...future.stdout <- base::file(base::switch(.Platform$OS.type, 
[16:12:24.153]                 windows = "NUL", "/dev/null"), open = "w")
[16:12:24.153]         }
[16:12:24.153]         base::sink(...future.stdout, type = "output", split = FALSE)
[16:12:24.153]         base::on.exit(if (!base::is.null(...future.stdout)) {
[16:12:24.153]             base::sink(type = "output", split = FALSE)
[16:12:24.153]             base::close(...future.stdout)
[16:12:24.153]         }, add = TRUE)
[16:12:24.153]     }
[16:12:24.153]     ...future.frame <- base::sys.nframe()
[16:12:24.153]     ...future.conditions <- base::list()
[16:12:24.153]     ...future.rng <- base::globalenv()$.Random.seed
[16:12:24.153]     if (FALSE) {
[16:12:24.153]         ...future.globalenv.names <- c(base::names(base::.GlobalEnv), 
[16:12:24.153]             "...future.value", "...future.globalenv.names", ".Random.seed")
[16:12:24.153]     }
[16:12:24.153]     ...future.result <- base::tryCatch({
[16:12:24.153]         base::withCallingHandlers({
[16:12:24.153]             ...future.value <- base::withVisible(base::local({
[16:12:24.153]                 42L
[16:12:24.153]                 stop("woops")
[16:12:24.153]             }))
[16:12:24.153]             future::FutureResult(value = ...future.value$value, 
[16:12:24.153]                 visible = ...future.value$visible, rng = !identical(base::globalenv()$.Random.seed, 
[16:12:24.153]                   ...future.rng), globalenv = if (FALSE) 
[16:12:24.153]                   list(added = base::setdiff(base::names(base::.GlobalEnv), 
[16:12:24.153]                     ...future.globalenv.names))
[16:12:24.153]                 else NULL, started = ...future.startTime, version = "1.8")
[16:12:24.153]         }, condition = base::local({
[16:12:24.153]             c <- base::c
[16:12:24.153]             inherits <- base::inherits
[16:12:24.153]             invokeRestart <- base::invokeRestart
[16:12:24.153]             length <- base::length
[16:12:24.153]             list <- base::list
[16:12:24.153]             seq.int <- base::seq.int
[16:12:24.153]             signalCondition <- base::signalCondition
[16:12:24.153]             sys.calls <- base::sys.calls
[16:12:24.153]             `[[` <- base::`[[`
[16:12:24.153]             `+` <- base::`+`
[16:12:24.153]             `<<-` <- base::`<<-`
[16:12:24.153]             sysCalls <- function(calls = sys.calls(), from = 1L) {
[16:12:24.153]                 calls[seq.int(from = from + 12L, to = length(calls) - 
[16:12:24.153]                   3L)]
[16:12:24.153]             }
[16:12:24.153]             function(cond) {
[16:12:24.153]                 is_error <- inherits(cond, "error")
[16:12:24.153]                 ignore <- !is_error && !is.null(NULL) && inherits(cond, 
[16:12:24.153]                   NULL)
[16:12:24.153]                 if (is_error) {
[16:12:24.153]                   sessionInformation <- function() {
[16:12:24.153]                     list(r = base::R.Version(), locale = base::Sys.getlocale(), 
[16:12:24.153]                       rngkind = base::RNGkind(), namespaces = base::loadedNamespaces(), 
[16:12:24.153]                       search = base::search(), system = base::Sys.info())
[16:12:24.153]                   }
[16:12:24.153]                   ...future.conditions[[length(...future.conditions) + 
[16:12:24.153]                     1L]] <<- list(condition = cond, calls = c(sysCalls(from = ...future.frame), 
[16:12:24.153]                     cond$call), session = sessionInformation(), 
[16:12:24.153]                     timestamp = base::Sys.time(), signaled = 0L)
[16:12:24.153]                   signalCondition(cond)
[16:12:24.153]                 }
[16:12:24.153]                 else if (!ignore && TRUE && inherits(cond, c("condition", 
[16:12:24.153]                 "immediateCondition"))) {
[16:12:24.153]                   signal <- TRUE && inherits(cond, "immediateCondition")
[16:12:24.153]                   ...future.conditions[[length(...future.conditions) + 
[16:12:24.153]                     1L]] <<- list(condition = cond, signaled = base::as.integer(signal))
[16:12:24.153]                   if (TRUE && !signal) {
[16:12:24.153]                     muffleCondition <- function (cond, pattern = "^muffle") 
[16:12:24.153]                     {
[16:12:24.153]                       inherits <- base::inherits
[16:12:24.153]                       invokeRestart <- base::invokeRestart
[16:12:24.153]                       is.null <- base::is.null
[16:12:24.153]                       muffled <- FALSE
[16:12:24.153]                       if (inherits(cond, "message")) {
[16:12:24.153]                         muffled <- grepl(pattern, "muffleMessage")
[16:12:24.153]                         if (muffled) 
[16:12:24.153]                           invokeRestart("muffleMessage")
[16:12:24.153]                       }
[16:12:24.153]                       else if (inherits(cond, "warning")) {
[16:12:24.153]                         muffled <- grepl(pattern, "muffleWarning")
[16:12:24.153]                         if (muffled) 
[16:12:24.153]                           invokeRestart("muffleWarning")
[16:12:24.153]                       }
[16:12:24.153]                       else if (inherits(cond, "condition")) {
[16:12:24.153]                         if (!is.null(pattern)) {
[16:12:24.153]                           computeRestarts <- base::computeRestarts
[16:12:24.153]                           grepl <- base::grepl
[16:12:24.153]                           restarts <- computeRestarts(cond)
[16:12:24.153]                           for (restart in restarts) {
[16:12:24.153]                             name <- restart$name
[16:12:24.153]                             if (is.null(name)) 
[16:12:24.153]                               next
[16:12:24.153]                             if (!grepl(pattern, name)) 
[16:12:24.153]                               next
[16:12:24.153]                             invokeRestart(restart)
[16:12:24.153]                             muffled <- TRUE
[16:12:24.153]                             break
[16:12:24.153]                           }
[16:12:24.153]                         }
[16:12:24.153]                       }
[16:12:24.153]                       invisible(muffled)
[16:12:24.153]                     }
[16:12:24.153]                     muffleCondition(cond, pattern = "^muffle")
[16:12:24.153]                   }
[16:12:24.153]                 }
[16:12:24.153]                 else {
[16:12:24.153]                   if (TRUE) {
[16:12:24.153]                     muffleCondition <- function (cond, pattern = "^muffle") 
[16:12:24.153]                     {
[16:12:24.153]                       inherits <- base::inherits
[16:12:24.153]                       invokeRestart <- base::invokeRestart
[16:12:24.153]                       is.null <- base::is.null
[16:12:24.153]                       muffled <- FALSE
[16:12:24.153]                       if (inherits(cond, "message")) {
[16:12:24.153]                         muffled <- grepl(pattern, "muffleMessage")
[16:12:24.153]                         if (muffled) 
[16:12:24.153]                           invokeRestart("muffleMessage")
[16:12:24.153]                       }
[16:12:24.153]                       else if (inherits(cond, "warning")) {
[16:12:24.153]                         muffled <- grepl(pattern, "muffleWarning")
[16:12:24.153]                         if (muffled) 
[16:12:24.153]                           invokeRestart("muffleWarning")
[16:12:24.153]                       }
[16:12:24.153]                       else if (inherits(cond, "condition")) {
[16:12:24.153]                         if (!is.null(pattern)) {
[16:12:24.153]                           computeRestarts <- base::computeRestarts
[16:12:24.153]                           grepl <- base::grepl
[16:12:24.153]                           restarts <- computeRestarts(cond)
[16:12:24.153]                           for (restart in restarts) {
[16:12:24.153]                             name <- restart$name
[16:12:24.153]                             if (is.null(name)) 
[16:12:24.153]                               next
[16:12:24.153]                             if (!grepl(pattern, name)) 
[16:12:24.153]                               next
[16:12:24.153]                             invokeRestart(restart)
[16:12:24.153]                             muffled <- TRUE
[16:12:24.153]                             break
[16:12:24.153]                           }
[16:12:24.153]                         }
[16:12:24.153]                       }
[16:12:24.153]                       invisible(muffled)
[16:12:24.153]                     }
[16:12:24.153]                     muffleCondition(cond, pattern = "^muffle")
[16:12:24.153]                   }
[16:12:24.153]                 }
[16:12:24.153]             }
[16:12:24.153]         }))
[16:12:24.153]     }, error = function(ex) {
[16:12:24.153]         base::structure(base::list(value = NULL, visible = NULL, 
[16:12:24.153]             conditions = ...future.conditions, rng = !identical(base::globalenv()$.Random.seed, 
[16:12:24.153]                 ...future.rng), started = ...future.startTime, 
[16:12:24.153]             finished = Sys.time(), session_uuid = NA_character_, 
[16:12:24.153]             version = "1.8"), class = "FutureResult")
[16:12:24.153]     }, finally = {
[16:12:24.153]         if (!identical(...future.workdir, getwd())) 
[16:12:24.153]             setwd(...future.workdir)
[16:12:24.153]         {
[16:12:24.153]             if (identical(getOption("nwarnings"), ...future.oldOptions$nwarnings)) {
[16:12:24.153]                 ...future.oldOptions$nwarnings <- NULL
[16:12:24.153]             }
[16:12:24.153]             base::options(...future.oldOptions)
[16:12:24.153]             if (.Platform$OS.type == "windows") {
[16:12:24.153]                 old_names <- names(...future.oldEnvVars)
[16:12:24.153]                 envs <- base::Sys.getenv()
[16:12:24.153]                 names <- names(envs)
[16:12:24.153]                 common <- intersect(names, old_names)
[16:12:24.153]                 added <- setdiff(names, old_names)
[16:12:24.153]                 removed <- setdiff(old_names, names)
[16:12:24.153]                 changed <- common[...future.oldEnvVars[common] != 
[16:12:24.153]                   envs[common]]
[16:12:24.153]                 NAMES <- toupper(changed)
[16:12:24.153]                 args <- list()
[16:12:24.153]                 for (kk in seq_along(NAMES)) {
[16:12:24.153]                   name <- changed[[kk]]
[16:12:24.153]                   NAME <- NAMES[[kk]]
[16:12:24.153]                   if (name != NAME && is.element(NAME, old_names)) 
[16:12:24.153]                     next
[16:12:24.153]                   args[[name]] <- ...future.oldEnvVars[[name]]
[16:12:24.153]                 }
[16:12:24.153]                 NAMES <- toupper(added)
[16:12:24.153]                 for (kk in seq_along(NAMES)) {
[16:12:24.153]                   name <- added[[kk]]
[16:12:24.153]                   NAME <- NAMES[[kk]]
[16:12:24.153]                   if (name != NAME && is.element(NAME, old_names)) 
[16:12:24.153]                     next
[16:12:24.153]                   args[[name]] <- ""
[16:12:24.153]                 }
[16:12:24.153]                 NAMES <- toupper(removed)
[16:12:24.153]                 for (kk in seq_along(NAMES)) {
[16:12:24.153]                   name <- removed[[kk]]
[16:12:24.153]                   NAME <- NAMES[[kk]]
[16:12:24.153]                   if (name != NAME && is.element(NAME, old_names)) 
[16:12:24.153]                     next
[16:12:24.153]                   args[[name]] <- ...future.oldEnvVars[[name]]
[16:12:24.153]                 }
[16:12:24.153]                 if (length(args) > 0) 
[16:12:24.153]                   base::do.call(base::Sys.setenv, args = args)
[16:12:24.153]                 args <- names <- old_names <- NAMES <- envs <- common <- added <- removed <- NULL
[16:12:24.153]             }
[16:12:24.153]             else {
[16:12:24.153]                 base::do.call(base::Sys.setenv, args = base::as.list(...future.oldEnvVars))
[16:12:24.153]             }
[16:12:24.153]             {
[16:12:24.153]                 if (base::length(...future.futureOptionsAdded) > 
[16:12:24.153]                   0L) {
[16:12:24.153]                   opts <- base::vector("list", length = base::length(...future.futureOptionsAdded))
[16:12:24.153]                   base::names(opts) <- ...future.futureOptionsAdded
[16:12:24.153]                   base::options(opts)
[16:12:24.153]                 }
[16:12:24.153]                 {
[16:12:24.153]                   {
[16:12:24.153]                     NULL
[16:12:24.153]                     RNGkind("Mersenne-Twister")
[16:12:24.153]                     base::rm(list = ".Random.seed", envir = base::globalenv(), 
[16:12:24.153]                       inherits = FALSE)
[16:12:24.153]                   }
[16:12:24.153]                   options(future.plan = NULL)
[16:12:24.153]                   if (is.na(NA_character_)) 
[16:12:24.153]                     Sys.unsetenv("R_FUTURE_PLAN")
[16:12:24.153]                   else Sys.setenv(R_FUTURE_PLAN = NA_character_)
[16:12:24.153]                   future::plan(list(function (..., envir = parent.frame()) 
[16:12:24.153]                   {
[16:12:24.153]                     future <- SequentialFuture(..., envir = envir)
[16:12:24.153]                     if (!future$lazy) 
[16:12:24.153]                       future <- run(future)
[16:12:24.153]                     invisible(future)
[16:12:24.153]                   }), .cleanup = FALSE, .init = FALSE)
[16:12:24.153]                 }
[16:12:24.153]             }
[16:12:24.153]         }
[16:12:24.153]     })
[16:12:24.153]     if (TRUE) {
[16:12:24.153]         base::sink(type = "output", split = FALSE)
[16:12:24.153]         if (TRUE) {
[16:12:24.153]             ...future.result$stdout <- base::rawToChar(base::rawConnectionValue(...future.stdout))
[16:12:24.153]         }
[16:12:24.153]         else {
[16:12:24.153]             ...future.result["stdout"] <- base::list(NULL)
[16:12:24.153]         }
[16:12:24.153]         base::close(...future.stdout)
[16:12:24.153]         ...future.stdout <- NULL
[16:12:24.153]     }
[16:12:24.153]     ...future.result$conditions <- ...future.conditions
[16:12:24.153]     ...future.result$finished <- base::Sys.time()
[16:12:24.153]     ...future.result
[16:12:24.153] }
[16:12:24.155] plan(): Setting new future strategy stack:
[16:12:24.155] List of future strategies:
[16:12:24.155] 1. sequential:
[16:12:24.155]    - args: function (..., envir = parent.frame())
[16:12:24.155]    - tweaked: FALSE
[16:12:24.155]    - call: NULL
[16:12:24.155] plan(): nbrOfWorkers() = 1
[16:12:24.156] plan(): Setting new future strategy stack:
[16:12:24.156] List of future strategies:
[16:12:24.156] 1. sequential:
[16:12:24.156]    - args: function (..., envir = parent.frame())
[16:12:24.156]    - tweaked: FALSE
[16:12:24.156]    - call: future::plan("sequential")
[16:12:24.156] plan(): nbrOfWorkers() = 1
[16:12:24.157] SequentialFuture started (and completed)
[16:12:24.157] signalConditions() ...
[16:12:24.157]  - include = ‘immediateCondition’
[16:12:24.157]  - exclude = 
[16:12:24.157]  - resignal = FALSE
[16:12:24.157]  - Number of conditions: 1
[16:12:24.157] signalConditions() ... done
[16:12:24.158] - Launch lazy future ... done
[16:12:24.158] run() for ‘SequentialFuture’ ... done
> v <- value(f, signal = FALSE)
[16:12:24.158] signalConditions() ...
[16:12:24.158]  - include = ‘immediateCondition’
[16:12:24.158]  - exclude = 
[16:12:24.158]  - resignal = FALSE
[16:12:24.158]  - Number of conditions: 1
[16:12:24.158] signalConditions() ... done
> print(v)
<simpleError in eval(quote({    42L    stop("woops")}), new.env()): woops>
> ex <- FutureError(message = "Woops", future = f)
> print(ex)
<FutureError: Woops>


Future UUID: 21bf018b-e0de-eb64-47d2-8870c9ad017c


DEBUG: BEGIN TROUBLESHOOTING HELP
Future involved:
SequentialFuture:
Label: ‘<none>’
Expression:
{
    42L
    stop("woops")
}
Lazy evaluation: FALSE
Asynchronous evaluation: FALSE
Local evaluation: TRUE
Environment: R_GlobalEnv
Capture standard output: TRUE
Capture condition classes: ‘condition’ (excluding ‘nothing’)
Globals: <none>
Packages: <none>
L'Ecuyer-CMRG RNG seed: <none> (seed = FALSE)
Resolved: TRUE
Value: 0 bytes of class ‘NULL’
Conditions captured: [n=1] ‘simpleError’
Early signaling: FALSE
Owner process: 24ac77d1-92f6-f289-8d57-a3d89ca60665
Class: ‘SequentialFuture’, ‘UniprocessFuture’, ‘Future’, ‘environment’

DEBUG: END TROUBLESHOOTING HELP
> 
> message("*** FutureError class ... DONE")
*** FutureError class ... DONE
> 
> source("incl/end.R")
[16:12:24.160] plan(): Setting new future strategy stack:
[16:12:24.160] List of future strategies:
[16:12:24.160] 1. FutureStrategy:
[16:12:24.160]    - args: function (..., envir = parent.frame())
[16:12:24.160]    - tweaked: FALSE
[16:12:24.160]    - call: future::plan(oplan)
[16:12:24.173] plan(): nbrOfWorkers() = 1
> 
