
R version 4.3.0 (2023-04-21) -- "Already Tomorrow"
Copyright (C) 2023 The R Foundation for Statistical Computing
Platform: x86_64-pc-linux-gnu (64-bit)

R is free software and comes with ABSOLUTELY NO WARRANTY.
You are welcome to redistribute it under certain conditions.
Type 'license()' or 'licence()' for distribution details.

R is a collaborative project with many contributors.
Type 'contributors()' for more information and
'citation()' on how to cite R or R packages in publications.

Type 'demo()' for some demos, 'help()' for on-line help, or
'help.start()' for an HTML browser interface to help.
Type 'q()' to quit R.

> source("incl/start.R")
[17:42:16.833] plan(): Setting new future strategy stack:
[17:42:16.834] List of future strategies:
[17:42:16.834] 1. sequential:
[17:42:16.834]    - args: function (..., envir = parent.frame())
[17:42:16.834]    - tweaked: FALSE
[17:42:16.834]    - call: future::plan("sequential")
[17:42:16.847] plan(): nbrOfWorkers() = 1
> 
> message("*** FutureError class ...")
*** FutureError class ...
> 
> ## Minimal
> ex <- FutureError(message = "Woops")
> print(ex)
<FutureError: Woops>


Future UUID: <NA>
> 
> cond <- tryCatch(message("Woops", appendLF = FALSE), message = identity)
> ex2 <- FutureError(message = cond)
> print(ex2)
<FutureError: Woops>


Future UUID: <NA>
> stopifnot(conditionMessage(ex2) == conditionMessage(ex))
> 
> f <- future({ 42L; stop("woops") })
[17:42:16.859] getGlobalsAndPackages() ...
[17:42:16.859] Searching for globals...
[17:42:16.865] - globals found: [2] ‘{’, ‘stop’
[17:42:16.865] Searching for globals ... DONE
[17:42:16.866] Resolving globals: FALSE
[17:42:16.866] 
[17:42:16.866] 
[17:42:16.866] getGlobalsAndPackages() ... DONE
[17:42:16.867] run() for ‘Future’ ...
[17:42:16.867] - state: ‘created’
[17:42:16.867] - Future backend: ‘FutureStrategy’, ‘sequential’, ‘uniprocess’, ‘future’, ‘function’
[17:42:16.868] - Future class: ‘SequentialFuture’, ‘UniprocessFuture’, ‘Future’, ‘environment’
[17:42:16.868] - Copy elements of temporary ‘SequentialFuture’ to final ‘Future’ object ...
[17:42:16.868]   - Field: ‘label’
[17:42:16.868]   - Field: ‘local’
[17:42:16.868]   - Field: ‘owner’
[17:42:16.868]   - Field: ‘envir’
[17:42:16.868]   - Field: ‘packages’
[17:42:16.868]   - Field: ‘gc’
[17:42:16.869]   - Field: ‘conditions’
[17:42:16.869]   - Field: ‘expr’
[17:42:16.869]   - Field: ‘uuid’
[17:42:16.869]   - Field: ‘seed’
[17:42:16.869]   - Field: ‘version’
[17:42:16.869]   - Field: ‘result’
[17:42:16.869]   - Field: ‘asynchronous’
[17:42:16.869]   - Field: ‘calls’
[17:42:16.869]   - Field: ‘globals’
[17:42:16.869]   - Field: ‘stdout’
[17:42:16.869]   - Field: ‘earlySignal’
[17:42:16.870]   - Field: ‘lazy’
[17:42:16.870]   - Field: ‘state’
[17:42:16.870] - Copy elements of temporary ‘SequentialFuture’ to final ‘Future’ object ... done
[17:42:16.870] - Launch lazy future ...
[17:42:16.871] Packages needed by the future expression (n = 0): <none>
[17:42:16.871] Packages needed by future strategies (n = 0): <none>
[17:42:16.872] {
[17:42:16.872]     {
[17:42:16.872]         {
[17:42:16.872]             ...future.startTime <- base::Sys.time()
[17:42:16.872]             {
[17:42:16.872]                 {
[17:42:16.872]                   {
[17:42:16.872]                     base::local({
[17:42:16.872]                       has_future <- base::requireNamespace("future", 
[17:42:16.872]                         quietly = TRUE)
[17:42:16.872]                       if (has_future) {
[17:42:16.872]                         ns <- base::getNamespace("future")
[17:42:16.872]                         version <- ns[[".package"]][["version"]]
[17:42:16.872]                         if (is.null(version)) 
[17:42:16.872]                           version <- utils::packageVersion("future")
[17:42:16.872]                       }
[17:42:16.872]                       else {
[17:42:16.872]                         version <- NULL
[17:42:16.872]                       }
[17:42:16.872]                       if (!has_future || version < "1.8.0") {
[17:42:16.872]                         info <- base::c(r_version = base::gsub("R version ", 
[17:42:16.872]                           "", base::R.version$version.string), 
[17:42:16.872]                           platform = base::sprintf("%s (%s-bit)", 
[17:42:16.872]                             base::R.version$platform, 8 * base::.Machine$sizeof.pointer), 
[17:42:16.872]                           os = base::paste(base::Sys.info()[base::c("sysname", 
[17:42:16.872]                             "release", "version")], collapse = " "), 
[17:42:16.872]                           hostname = base::Sys.info()[["nodename"]])
[17:42:16.872]                         info <- base::sprintf("%s: %s", base::names(info), 
[17:42:16.872]                           info)
[17:42:16.872]                         info <- base::paste(info, collapse = "; ")
[17:42:16.872]                         if (!has_future) {
[17:42:16.872]                           msg <- base::sprintf("Package 'future' is not installed on worker (%s)", 
[17:42:16.872]                             info)
[17:42:16.872]                         }
[17:42:16.872]                         else {
[17:42:16.872]                           msg <- base::sprintf("Package 'future' on worker (%s) must be of version >= 1.8.0: %s", 
[17:42:16.872]                             info, version)
[17:42:16.872]                         }
[17:42:16.872]                         base::stop(msg)
[17:42:16.872]                       }
[17:42:16.872]                     })
[17:42:16.872]                   }
[17:42:16.872]                   options(future.plan = NULL)
[17:42:16.872]                   Sys.unsetenv("R_FUTURE_PLAN")
[17:42:16.872]                   future::plan("default", .cleanup = FALSE, .init = FALSE)
[17:42:16.872]                 }
[17:42:16.872]                 ...future.workdir <- getwd()
[17:42:16.872]             }
[17:42:16.872]             ...future.oldOptions <- base::as.list(base::.Options)
[17:42:16.872]             ...future.oldEnvVars <- base::Sys.getenv()
[17:42:16.872]         }
[17:42:16.872]         base::options(future.startup.script = FALSE, future.globals.onMissing = NULL, 
[17:42:16.872]             future.globals.maxSize = NULL, future.globals.method = NULL, 
[17:42:16.872]             future.globals.onMissing = NULL, future.globals.onReference = NULL, 
[17:42:16.872]             future.globals.resolve = NULL, future.resolve.recursive = NULL, 
[17:42:16.872]             future.rng.onMisuse = NULL, future.rng.onMisuse.keepFuture = NULL, 
[17:42:16.872]             future.stdout.windows.reencode = NULL, width = 80L)
[17:42:16.872]         ...future.futureOptionsAdded <- base::setdiff(base::names(base::.Options), 
[17:42:16.872]             base::names(...future.oldOptions))
[17:42:16.872]     }
[17:42:16.872]     if (FALSE) {
[17:42:16.872]     }
[17:42:16.872]     else {
[17:42:16.872]         if (TRUE) {
[17:42:16.872]             ...future.stdout <- base::rawConnection(base::raw(0L), 
[17:42:16.872]                 open = "w")
[17:42:16.872]         }
[17:42:16.872]         else {
[17:42:16.872]             ...future.stdout <- base::file(base::switch(.Platform$OS.type, 
[17:42:16.872]                 windows = "NUL", "/dev/null"), open = "w")
[17:42:16.872]         }
[17:42:16.872]         base::sink(...future.stdout, type = "output", split = FALSE)
[17:42:16.872]         base::on.exit(if (!base::is.null(...future.stdout)) {
[17:42:16.872]             base::sink(type = "output", split = FALSE)
[17:42:16.872]             base::close(...future.stdout)
[17:42:16.872]         }, add = TRUE)
[17:42:16.872]     }
[17:42:16.872]     ...future.frame <- base::sys.nframe()
[17:42:16.872]     ...future.conditions <- base::list()
[17:42:16.872]     ...future.rng <- base::globalenv()$.Random.seed
[17:42:16.872]     if (FALSE) {
[17:42:16.872]         ...future.globalenv.names <- c(base::names(base::.GlobalEnv), 
[17:42:16.872]             "...future.value", "...future.globalenv.names", ".Random.seed")
[17:42:16.872]     }
[17:42:16.872]     ...future.result <- base::tryCatch({
[17:42:16.872]         base::withCallingHandlers({
[17:42:16.872]             ...future.value <- base::withVisible(base::local({
[17:42:16.872]                 42L
[17:42:16.872]                 stop("woops")
[17:42:16.872]             }))
[17:42:16.872]             future::FutureResult(value = ...future.value$value, 
[17:42:16.872]                 visible = ...future.value$visible, rng = !identical(base::globalenv()$.Random.seed, 
[17:42:16.872]                   ...future.rng), globalenv = if (FALSE) 
[17:42:16.872]                   list(added = base::setdiff(base::names(base::.GlobalEnv), 
[17:42:16.872]                     ...future.globalenv.names))
[17:42:16.872]                 else NULL, started = ...future.startTime, version = "1.8")
[17:42:16.872]         }, condition = base::local({
[17:42:16.872]             c <- base::c
[17:42:16.872]             inherits <- base::inherits
[17:42:16.872]             invokeRestart <- base::invokeRestart
[17:42:16.872]             length <- base::length
[17:42:16.872]             list <- base::list
[17:42:16.872]             seq.int <- base::seq.int
[17:42:16.872]             signalCondition <- base::signalCondition
[17:42:16.872]             sys.calls <- base::sys.calls
[17:42:16.872]             `[[` <- base::`[[`
[17:42:16.872]             `+` <- base::`+`
[17:42:16.872]             `<<-` <- base::`<<-`
[17:42:16.872]             sysCalls <- function(calls = sys.calls(), from = 1L) {
[17:42:16.872]                 calls[seq.int(from = from + 12L, to = length(calls) - 
[17:42:16.872]                   3L)]
[17:42:16.872]             }
[17:42:16.872]             function(cond) {
[17:42:16.872]                 is_error <- inherits(cond, "error")
[17:42:16.872]                 ignore <- !is_error && !is.null(NULL) && inherits(cond, 
[17:42:16.872]                   NULL)
[17:42:16.872]                 if (is_error) {
[17:42:16.872]                   sessionInformation <- function() {
[17:42:16.872]                     list(r = base::R.Version(), locale = base::Sys.getlocale(), 
[17:42:16.872]                       rngkind = base::RNGkind(), namespaces = base::loadedNamespaces(), 
[17:42:16.872]                       search = base::search(), system = base::Sys.info())
[17:42:16.872]                   }
[17:42:16.872]                   ...future.conditions[[length(...future.conditions) + 
[17:42:16.872]                     1L]] <<- list(condition = cond, calls = c(sysCalls(from = ...future.frame), 
[17:42:16.872]                     cond$call), session = sessionInformation(), 
[17:42:16.872]                     timestamp = base::Sys.time(), signaled = 0L)
[17:42:16.872]                   signalCondition(cond)
[17:42:16.872]                 }
[17:42:16.872]                 else if (!ignore && TRUE && inherits(cond, c("condition", 
[17:42:16.872]                 "immediateCondition"))) {
[17:42:16.872]                   signal <- TRUE && inherits(cond, "immediateCondition")
[17:42:16.872]                   ...future.conditions[[length(...future.conditions) + 
[17:42:16.872]                     1L]] <<- list(condition = cond, signaled = base::as.integer(signal))
[17:42:16.872]                   if (TRUE && !signal) {
[17:42:16.872]                     muffleCondition <- function (cond, pattern = "^muffle") 
[17:42:16.872]                     {
[17:42:16.872]                       inherits <- base::inherits
[17:42:16.872]                       invokeRestart <- base::invokeRestart
[17:42:16.872]                       is.null <- base::is.null
[17:42:16.872]                       muffled <- FALSE
[17:42:16.872]                       if (inherits(cond, "message")) {
[17:42:16.872]                         muffled <- grepl(pattern, "muffleMessage")
[17:42:16.872]                         if (muffled) 
[17:42:16.872]                           invokeRestart("muffleMessage")
[17:42:16.872]                       }
[17:42:16.872]                       else if (inherits(cond, "warning")) {
[17:42:16.872]                         muffled <- grepl(pattern, "muffleWarning")
[17:42:16.872]                         if (muffled) 
[17:42:16.872]                           invokeRestart("muffleWarning")
[17:42:16.872]                       }
[17:42:16.872]                       else if (inherits(cond, "condition")) {
[17:42:16.872]                         if (!is.null(pattern)) {
[17:42:16.872]                           computeRestarts <- base::computeRestarts
[17:42:16.872]                           grepl <- base::grepl
[17:42:16.872]                           restarts <- computeRestarts(cond)
[17:42:16.872]                           for (restart in restarts) {
[17:42:16.872]                             name <- restart$name
[17:42:16.872]                             if (is.null(name)) 
[17:42:16.872]                               next
[17:42:16.872]                             if (!grepl(pattern, name)) 
[17:42:16.872]                               next
[17:42:16.872]                             invokeRestart(restart)
[17:42:16.872]                             muffled <- TRUE
[17:42:16.872]                             break
[17:42:16.872]                           }
[17:42:16.872]                         }
[17:42:16.872]                       }
[17:42:16.872]                       invisible(muffled)
[17:42:16.872]                     }
[17:42:16.872]                     muffleCondition(cond, pattern = "^muffle")
[17:42:16.872]                   }
[17:42:16.872]                 }
[17:42:16.872]                 else {
[17:42:16.872]                   if (TRUE) {
[17:42:16.872]                     muffleCondition <- function (cond, pattern = "^muffle") 
[17:42:16.872]                     {
[17:42:16.872]                       inherits <- base::inherits
[17:42:16.872]                       invokeRestart <- base::invokeRestart
[17:42:16.872]                       is.null <- base::is.null
[17:42:16.872]                       muffled <- FALSE
[17:42:16.872]                       if (inherits(cond, "message")) {
[17:42:16.872]                         muffled <- grepl(pattern, "muffleMessage")
[17:42:16.872]                         if (muffled) 
[17:42:16.872]                           invokeRestart("muffleMessage")
[17:42:16.872]                       }
[17:42:16.872]                       else if (inherits(cond, "warning")) {
[17:42:16.872]                         muffled <- grepl(pattern, "muffleWarning")
[17:42:16.872]                         if (muffled) 
[17:42:16.872]                           invokeRestart("muffleWarning")
[17:42:16.872]                       }
[17:42:16.872]                       else if (inherits(cond, "condition")) {
[17:42:16.872]                         if (!is.null(pattern)) {
[17:42:16.872]                           computeRestarts <- base::computeRestarts
[17:42:16.872]                           grepl <- base::grepl
[17:42:16.872]                           restarts <- computeRestarts(cond)
[17:42:16.872]                           for (restart in restarts) {
[17:42:16.872]                             name <- restart$name
[17:42:16.872]                             if (is.null(name)) 
[17:42:16.872]                               next
[17:42:16.872]                             if (!grepl(pattern, name)) 
[17:42:16.872]                               next
[17:42:16.872]                             invokeRestart(restart)
[17:42:16.872]                             muffled <- TRUE
[17:42:16.872]                             break
[17:42:16.872]                           }
[17:42:16.872]                         }
[17:42:16.872]                       }
[17:42:16.872]                       invisible(muffled)
[17:42:16.872]                     }
[17:42:16.872]                     muffleCondition(cond, pattern = "^muffle")
[17:42:16.872]                   }
[17:42:16.872]                 }
[17:42:16.872]             }
[17:42:16.872]         }))
[17:42:16.872]     }, error = function(ex) {
[17:42:16.872]         base::structure(base::list(value = NULL, visible = NULL, 
[17:42:16.872]             conditions = ...future.conditions, rng = !identical(base::globalenv()$.Random.seed, 
[17:42:16.872]                 ...future.rng), started = ...future.startTime, 
[17:42:16.872]             finished = Sys.time(), session_uuid = NA_character_, 
[17:42:16.872]             version = "1.8"), class = "FutureResult")
[17:42:16.872]     }, finally = {
[17:42:16.872]         if (!identical(...future.workdir, getwd())) 
[17:42:16.872]             setwd(...future.workdir)
[17:42:16.872]         {
[17:42:16.872]             if (identical(getOption("nwarnings"), ...future.oldOptions$nwarnings)) {
[17:42:16.872]                 ...future.oldOptions$nwarnings <- NULL
[17:42:16.872]             }
[17:42:16.872]             base::options(...future.oldOptions)
[17:42:16.872]             if (.Platform$OS.type == "windows") {
[17:42:16.872]                 old_names <- names(...future.oldEnvVars)
[17:42:16.872]                 envs <- base::Sys.getenv()
[17:42:16.872]                 names <- names(envs)
[17:42:16.872]                 common <- intersect(names, old_names)
[17:42:16.872]                 added <- setdiff(names, old_names)
[17:42:16.872]                 removed <- setdiff(old_names, names)
[17:42:16.872]                 changed <- common[...future.oldEnvVars[common] != 
[17:42:16.872]                   envs[common]]
[17:42:16.872]                 NAMES <- toupper(changed)
[17:42:16.872]                 args <- list()
[17:42:16.872]                 for (kk in seq_along(NAMES)) {
[17:42:16.872]                   name <- changed[[kk]]
[17:42:16.872]                   NAME <- NAMES[[kk]]
[17:42:16.872]                   if (name != NAME && is.element(NAME, old_names)) 
[17:42:16.872]                     next
[17:42:16.872]                   args[[name]] <- ...future.oldEnvVars[[name]]
[17:42:16.872]                 }
[17:42:16.872]                 NAMES <- toupper(added)
[17:42:16.872]                 for (kk in seq_along(NAMES)) {
[17:42:16.872]                   name <- added[[kk]]
[17:42:16.872]                   NAME <- NAMES[[kk]]
[17:42:16.872]                   if (name != NAME && is.element(NAME, old_names)) 
[17:42:16.872]                     next
[17:42:16.872]                   args[[name]] <- ""
[17:42:16.872]                 }
[17:42:16.872]                 NAMES <- toupper(removed)
[17:42:16.872]                 for (kk in seq_along(NAMES)) {
[17:42:16.872]                   name <- removed[[kk]]
[17:42:16.872]                   NAME <- NAMES[[kk]]
[17:42:16.872]                   if (name != NAME && is.element(NAME, old_names)) 
[17:42:16.872]                     next
[17:42:16.872]                   args[[name]] <- ...future.oldEnvVars[[name]]
[17:42:16.872]                 }
[17:42:16.872]                 if (length(args) > 0) 
[17:42:16.872]                   base::do.call(base::Sys.setenv, args = args)
[17:42:16.872]                 args <- names <- old_names <- NAMES <- envs <- common <- added <- removed <- NULL
[17:42:16.872]             }
[17:42:16.872]             else {
[17:42:16.872]                 base::do.call(base::Sys.setenv, args = base::as.list(...future.oldEnvVars))
[17:42:16.872]             }
[17:42:16.872]             {
[17:42:16.872]                 if (base::length(...future.futureOptionsAdded) > 
[17:42:16.872]                   0L) {
[17:42:16.872]                   opts <- base::vector("list", length = base::length(...future.futureOptionsAdded))
[17:42:16.872]                   base::names(opts) <- ...future.futureOptionsAdded
[17:42:16.872]                   base::options(opts)
[17:42:16.872]                 }
[17:42:16.872]                 {
[17:42:16.872]                   {
[17:42:16.872]                     NULL
[17:42:16.872]                     RNGkind("Mersenne-Twister")
[17:42:16.872]                     base::rm(list = ".Random.seed", envir = base::globalenv(), 
[17:42:16.872]                       inherits = FALSE)
[17:42:16.872]                   }
[17:42:16.872]                   options(future.plan = NULL)
[17:42:16.872]                   if (is.na(NA_character_)) 
[17:42:16.872]                     Sys.unsetenv("R_FUTURE_PLAN")
[17:42:16.872]                   else Sys.setenv(R_FUTURE_PLAN = NA_character_)
[17:42:16.872]                   future::plan(list(function (..., envir = parent.frame()) 
[17:42:16.872]                   {
[17:42:16.872]                     future <- SequentialFuture(..., envir = envir)
[17:42:16.872]                     if (!future$lazy) 
[17:42:16.872]                       future <- run(future)
[17:42:16.872]                     invisible(future)
[17:42:16.872]                   }), .cleanup = FALSE, .init = FALSE)
[17:42:16.872]                 }
[17:42:16.872]             }
[17:42:16.872]         }
[17:42:16.872]     })
[17:42:16.872]     if (TRUE) {
[17:42:16.872]         base::sink(type = "output", split = FALSE)
[17:42:16.872]         if (TRUE) {
[17:42:16.872]             ...future.result$stdout <- base::rawToChar(base::rawConnectionValue(...future.stdout))
[17:42:16.872]         }
[17:42:16.872]         else {
[17:42:16.872]             ...future.result["stdout"] <- base::list(NULL)
[17:42:16.872]         }
[17:42:16.872]         base::close(...future.stdout)
[17:42:16.872]         ...future.stdout <- NULL
[17:42:16.872]     }
[17:42:16.872]     ...future.result$conditions <- ...future.conditions
[17:42:16.872]     ...future.result$finished <- base::Sys.time()
[17:42:16.872]     ...future.result
[17:42:16.872] }
[17:42:16.874] plan(): Setting new future strategy stack:
[17:42:16.874] List of future strategies:
[17:42:16.874] 1. sequential:
[17:42:16.874]    - args: function (..., envir = parent.frame())
[17:42:16.874]    - tweaked: FALSE
[17:42:16.874]    - call: NULL
[17:42:16.874] plan(): nbrOfWorkers() = 1
[17:42:16.875] plan(): Setting new future strategy stack:
[17:42:16.876] List of future strategies:
[17:42:16.876] 1. sequential:
[17:42:16.876]    - args: function (..., envir = parent.frame())
[17:42:16.876]    - tweaked: FALSE
[17:42:16.876]    - call: future::plan("sequential")
[17:42:16.876] plan(): nbrOfWorkers() = 1
[17:42:16.876] SequentialFuture started (and completed)
[17:42:16.877] signalConditions() ...
[17:42:16.877]  - include = ‘immediateCondition’
[17:42:16.877]  - exclude = 
[17:42:16.877]  - resignal = FALSE
[17:42:16.877]  - Number of conditions: 1
[17:42:16.877] signalConditions() ... done
[17:42:16.877] - Launch lazy future ... done
[17:42:16.877] run() for ‘SequentialFuture’ ... done
> v <- value(f, signal = FALSE)
[17:42:16.878] signalConditions() ...
[17:42:16.878]  - include = ‘immediateCondition’
[17:42:16.878]  - exclude = 
[17:42:16.878]  - resignal = FALSE
[17:42:16.878]  - Number of conditions: 1
[17:42:16.878] signalConditions() ... done
> print(v)
<simpleError in eval(quote({    42L    stop("woops")}), new.env()): woops>
> ex <- FutureError(message = "Woops", future = f)
> print(ex)
<FutureError: Woops>


Future UUID: 4d62c7e3-bae9-e3a2-6ef6-4a4cd831954a


DEBUG: BEGIN TROUBLESHOOTING HELP
Future involved:
SequentialFuture:
Label: ‘<none>’
Expression:
{
    42L
    stop("woops")
}
Lazy evaluation: FALSE
Asynchronous evaluation: FALSE
Local evaluation: TRUE
Environment: R_GlobalEnv
Capture standard output: TRUE
Capture condition classes: ‘condition’ (excluding ‘nothing’)
Globals: <none>
Packages: <none>
L'Ecuyer-CMRG RNG seed: <none> (seed = FALSE)
Resolved: TRUE
Value: 0 bytes of class ‘NULL’
Conditions captured: [n=1] ‘simpleError’
Early signaling: FALSE
Owner process: 1e423fe5-4b3d-d5ca-6aa5-0e9578dfdffe
Class: ‘SequentialFuture’, ‘UniprocessFuture’, ‘Future’, ‘environment’

DEBUG: END TROUBLESHOOTING HELP
> 
> message("*** FutureError class ... DONE")
*** FutureError class ... DONE
> 
> source("incl/end.R")
[17:42:16.880] plan(): Setting new future strategy stack:
[17:42:16.880] List of future strategies:
[17:42:16.880] 1. FutureStrategy:
[17:42:16.880]    - args: function (..., envir = parent.frame())
[17:42:16.880]    - tweaked: FALSE
[17:42:16.880]    - call: future::plan(oplan)
[17:42:16.895] plan(): nbrOfWorkers() = 1
> 
