
R version 4.3.0 (2023-04-21) -- "Already Tomorrow"
Copyright (C) 2023 The R Foundation for Statistical Computing
Platform: x86_64-pc-linux-gnu (64-bit)

R is free software and comes with ABSOLUTELY NO WARRANTY.
You are welcome to redistribute it under certain conditions.
Type 'license()' or 'licence()' for distribution details.

R is a collaborative project with many contributors.
Type 'contributors()' for more information and
'citation()' on how to cite R or R packages in publications.

Type 'demo()' for some demos, 'help()' for on-line help, or
'help.start()' for an HTML browser interface to help.
Type 'q()' to quit R.

> source("incl/start.R")
[13:20:23.364] plan(): Setting new future strategy stack:
[13:20:23.365] List of future strategies:
[13:20:23.365] 1. sequential:
[13:20:23.365]    - args: function (..., envir = parent.frame())
[13:20:23.365]    - tweaked: FALSE
[13:20:23.365]    - call: future::plan("sequential")
[13:20:23.378] plan(): nbrOfWorkers() = 1
> 
> suppressWarnings(rm(list = c("x", "z")))
> 
> message("*** futureOf() with environment ...")
*** futureOf() with environment ...
> 
> message("*** futureOf() with environment - future assignments ...")
*** futureOf() with environment - future assignments ...
> 
> x <- new.env()
> x$a %<-% { 1 }
[13:20:23.390] getGlobalsAndPackages() ...
[13:20:23.390] Searching for globals...
[13:20:23.393] - globals found: [1] ‘{’
[13:20:23.393] Searching for globals ... DONE
[13:20:23.393] Resolving globals: FALSE
[13:20:23.394] 
[13:20:23.394] 
[13:20:23.394] getGlobalsAndPackages() ... DONE
[13:20:23.395] run() for ‘Future’ ...
[13:20:23.395] - state: ‘created’
[13:20:23.395] - Future backend: ‘FutureStrategy’, ‘sequential’, ‘uniprocess’, ‘future’, ‘function’
[13:20:23.395] - Future class: ‘SequentialFuture’, ‘UniprocessFuture’, ‘Future’, ‘environment’
[13:20:23.396] - Copy elements of temporary ‘SequentialFuture’ to final ‘Future’ object ...
[13:20:23.396]   - Field: ‘label’
[13:20:23.396]   - Field: ‘local’
[13:20:23.396]   - Field: ‘owner’
[13:20:23.396]   - Field: ‘envir’
[13:20:23.396]   - Field: ‘packages’
[13:20:23.396]   - Field: ‘gc’
[13:20:23.396]   - Field: ‘conditions’
[13:20:23.396]   - Field: ‘expr’
[13:20:23.396]   - Field: ‘uuid’
[13:20:23.397]   - Field: ‘seed’
[13:20:23.397]   - Field: ‘version’
[13:20:23.397]   - Field: ‘result’
[13:20:23.397]   - Field: ‘asynchronous’
[13:20:23.397]   - Field: ‘calls’
[13:20:23.397]   - Field: ‘globals’
[13:20:23.397]   - Field: ‘stdout’
[13:20:23.397]   - Field: ‘earlySignal’
[13:20:23.397]   - Field: ‘lazy’
[13:20:23.397]   - Field: ‘state’
[13:20:23.397] - Copy elements of temporary ‘SequentialFuture’ to final ‘Future’ object ... done
[13:20:23.398] - Launch lazy future ...
[13:20:23.398] Packages needed by the future expression (n = 0): <none>
[13:20:23.398] Packages needed by future strategies (n = 0): <none>
[13:20:23.399] {
[13:20:23.399]     {
[13:20:23.399]         {
[13:20:23.399]             ...future.startTime <- base::Sys.time()
[13:20:23.399]             {
[13:20:23.399]                 {
[13:20:23.399]                   {
[13:20:23.399]                     base::local({
[13:20:23.399]                       has_future <- base::requireNamespace("future", 
[13:20:23.399]                         quietly = TRUE)
[13:20:23.399]                       if (has_future) {
[13:20:23.399]                         ns <- base::getNamespace("future")
[13:20:23.399]                         version <- ns[[".package"]][["version"]]
[13:20:23.399]                         if (is.null(version)) 
[13:20:23.399]                           version <- utils::packageVersion("future")
[13:20:23.399]                       }
[13:20:23.399]                       else {
[13:20:23.399]                         version <- NULL
[13:20:23.399]                       }
[13:20:23.399]                       if (!has_future || version < "1.8.0") {
[13:20:23.399]                         info <- base::c(r_version = base::gsub("R version ", 
[13:20:23.399]                           "", base::R.version$version.string), 
[13:20:23.399]                           platform = base::sprintf("%s (%s-bit)", 
[13:20:23.399]                             base::R.version$platform, 8 * base::.Machine$sizeof.pointer), 
[13:20:23.399]                           os = base::paste(base::Sys.info()[base::c("sysname", 
[13:20:23.399]                             "release", "version")], collapse = " "), 
[13:20:23.399]                           hostname = base::Sys.info()[["nodename"]])
[13:20:23.399]                         info <- base::sprintf("%s: %s", base::names(info), 
[13:20:23.399]                           info)
[13:20:23.399]                         info <- base::paste(info, collapse = "; ")
[13:20:23.399]                         if (!has_future) {
[13:20:23.399]                           msg <- base::sprintf("Package 'future' is not installed on worker (%s)", 
[13:20:23.399]                             info)
[13:20:23.399]                         }
[13:20:23.399]                         else {
[13:20:23.399]                           msg <- base::sprintf("Package 'future' on worker (%s) must be of version >= 1.8.0: %s", 
[13:20:23.399]                             info, version)
[13:20:23.399]                         }
[13:20:23.399]                         base::stop(msg)
[13:20:23.399]                       }
[13:20:23.399]                     })
[13:20:23.399]                   }
[13:20:23.399]                   options(future.plan = NULL)
[13:20:23.399]                   Sys.unsetenv("R_FUTURE_PLAN")
[13:20:23.399]                   future::plan("default", .cleanup = FALSE, .init = FALSE)
[13:20:23.399]                 }
[13:20:23.399]                 ...future.workdir <- getwd()
[13:20:23.399]             }
[13:20:23.399]             ...future.oldOptions <- base::as.list(base::.Options)
[13:20:23.399]             ...future.oldEnvVars <- base::Sys.getenv()
[13:20:23.399]         }
[13:20:23.399]         base::options(future.startup.script = FALSE, future.globals.onMissing = NULL, 
[13:20:23.399]             future.globals.maxSize = NULL, future.globals.method = NULL, 
[13:20:23.399]             future.globals.onMissing = NULL, future.globals.onReference = NULL, 
[13:20:23.399]             future.globals.resolve = NULL, future.resolve.recursive = NULL, 
[13:20:23.399]             future.rng.onMisuse = NULL, future.rng.onMisuse.keepFuture = NULL, 
[13:20:23.399]             future.stdout.windows.reencode = NULL, width = 80L)
[13:20:23.399]         ...future.futureOptionsAdded <- base::setdiff(base::names(base::.Options), 
[13:20:23.399]             base::names(...future.oldOptions))
[13:20:23.399]     }
[13:20:23.399]     if (FALSE) {
[13:20:23.399]     }
[13:20:23.399]     else {
[13:20:23.399]         if (TRUE) {
[13:20:23.399]             ...future.stdout <- base::rawConnection(base::raw(0L), 
[13:20:23.399]                 open = "w")
[13:20:23.399]         }
[13:20:23.399]         else {
[13:20:23.399]             ...future.stdout <- base::file(base::switch(.Platform$OS.type, 
[13:20:23.399]                 windows = "NUL", "/dev/null"), open = "w")
[13:20:23.399]         }
[13:20:23.399]         base::sink(...future.stdout, type = "output", split = FALSE)
[13:20:23.399]         base::on.exit(if (!base::is.null(...future.stdout)) {
[13:20:23.399]             base::sink(type = "output", split = FALSE)
[13:20:23.399]             base::close(...future.stdout)
[13:20:23.399]         }, add = TRUE)
[13:20:23.399]     }
[13:20:23.399]     ...future.frame <- base::sys.nframe()
[13:20:23.399]     ...future.conditions <- base::list()
[13:20:23.399]     ...future.rng <- base::globalenv()$.Random.seed
[13:20:23.399]     if (FALSE) {
[13:20:23.399]         ...future.globalenv.names <- c(base::names(base::.GlobalEnv), 
[13:20:23.399]             "...future.value", "...future.globalenv.names", ".Random.seed")
[13:20:23.399]     }
[13:20:23.399]     ...future.result <- base::tryCatch({
[13:20:23.399]         base::withCallingHandlers({
[13:20:23.399]             ...future.value <- base::withVisible(base::local({
[13:20:23.399]                 1
[13:20:23.399]             }))
[13:20:23.399]             future::FutureResult(value = ...future.value$value, 
[13:20:23.399]                 visible = ...future.value$visible, rng = !identical(base::globalenv()$.Random.seed, 
[13:20:23.399]                   ...future.rng), globalenv = if (FALSE) 
[13:20:23.399]                   list(added = base::setdiff(base::names(base::.GlobalEnv), 
[13:20:23.399]                     ...future.globalenv.names))
[13:20:23.399]                 else NULL, started = ...future.startTime, version = "1.8")
[13:20:23.399]         }, condition = base::local({
[13:20:23.399]             c <- base::c
[13:20:23.399]             inherits <- base::inherits
[13:20:23.399]             invokeRestart <- base::invokeRestart
[13:20:23.399]             length <- base::length
[13:20:23.399]             list <- base::list
[13:20:23.399]             seq.int <- base::seq.int
[13:20:23.399]             signalCondition <- base::signalCondition
[13:20:23.399]             sys.calls <- base::sys.calls
[13:20:23.399]             `[[` <- base::`[[`
[13:20:23.399]             `+` <- base::`+`
[13:20:23.399]             `<<-` <- base::`<<-`
[13:20:23.399]             sysCalls <- function(calls = sys.calls(), from = 1L) {
[13:20:23.399]                 calls[seq.int(from = from + 12L, to = length(calls) - 
[13:20:23.399]                   3L)]
[13:20:23.399]             }
[13:20:23.399]             function(cond) {
[13:20:23.399]                 is_error <- inherits(cond, "error")
[13:20:23.399]                 ignore <- !is_error && !is.null(NULL) && inherits(cond, 
[13:20:23.399]                   NULL)
[13:20:23.399]                 if (is_error) {
[13:20:23.399]                   sessionInformation <- function() {
[13:20:23.399]                     list(r = base::R.Version(), locale = base::Sys.getlocale(), 
[13:20:23.399]                       rngkind = base::RNGkind(), namespaces = base::loadedNamespaces(), 
[13:20:23.399]                       search = base::search(), system = base::Sys.info())
[13:20:23.399]                   }
[13:20:23.399]                   ...future.conditions[[length(...future.conditions) + 
[13:20:23.399]                     1L]] <<- list(condition = cond, calls = c(sysCalls(from = ...future.frame), 
[13:20:23.399]                     cond$call), session = sessionInformation(), 
[13:20:23.399]                     timestamp = base::Sys.time(), signaled = 0L)
[13:20:23.399]                   signalCondition(cond)
[13:20:23.399]                 }
[13:20:23.399]                 else if (!ignore && TRUE && inherits(cond, c("condition", 
[13:20:23.399]                 "immediateCondition"))) {
[13:20:23.399]                   signal <- TRUE && inherits(cond, "immediateCondition")
[13:20:23.399]                   ...future.conditions[[length(...future.conditions) + 
[13:20:23.399]                     1L]] <<- list(condition = cond, signaled = base::as.integer(signal))
[13:20:23.399]                   if (TRUE && !signal) {
[13:20:23.399]                     muffleCondition <- function (cond, pattern = "^muffle") 
[13:20:23.399]                     {
[13:20:23.399]                       inherits <- base::inherits
[13:20:23.399]                       invokeRestart <- base::invokeRestart
[13:20:23.399]                       is.null <- base::is.null
[13:20:23.399]                       muffled <- FALSE
[13:20:23.399]                       if (inherits(cond, "message")) {
[13:20:23.399]                         muffled <- grepl(pattern, "muffleMessage")
[13:20:23.399]                         if (muffled) 
[13:20:23.399]                           invokeRestart("muffleMessage")
[13:20:23.399]                       }
[13:20:23.399]                       else if (inherits(cond, "warning")) {
[13:20:23.399]                         muffled <- grepl(pattern, "muffleWarning")
[13:20:23.399]                         if (muffled) 
[13:20:23.399]                           invokeRestart("muffleWarning")
[13:20:23.399]                       }
[13:20:23.399]                       else if (inherits(cond, "condition")) {
[13:20:23.399]                         if (!is.null(pattern)) {
[13:20:23.399]                           computeRestarts <- base::computeRestarts
[13:20:23.399]                           grepl <- base::grepl
[13:20:23.399]                           restarts <- computeRestarts(cond)
[13:20:23.399]                           for (restart in restarts) {
[13:20:23.399]                             name <- restart$name
[13:20:23.399]                             if (is.null(name)) 
[13:20:23.399]                               next
[13:20:23.399]                             if (!grepl(pattern, name)) 
[13:20:23.399]                               next
[13:20:23.399]                             invokeRestart(restart)
[13:20:23.399]                             muffled <- TRUE
[13:20:23.399]                             break
[13:20:23.399]                           }
[13:20:23.399]                         }
[13:20:23.399]                       }
[13:20:23.399]                       invisible(muffled)
[13:20:23.399]                     }
[13:20:23.399]                     muffleCondition(cond, pattern = "^muffle")
[13:20:23.399]                   }
[13:20:23.399]                 }
[13:20:23.399]                 else {
[13:20:23.399]                   if (TRUE) {
[13:20:23.399]                     muffleCondition <- function (cond, pattern = "^muffle") 
[13:20:23.399]                     {
[13:20:23.399]                       inherits <- base::inherits
[13:20:23.399]                       invokeRestart <- base::invokeRestart
[13:20:23.399]                       is.null <- base::is.null
[13:20:23.399]                       muffled <- FALSE
[13:20:23.399]                       if (inherits(cond, "message")) {
[13:20:23.399]                         muffled <- grepl(pattern, "muffleMessage")
[13:20:23.399]                         if (muffled) 
[13:20:23.399]                           invokeRestart("muffleMessage")
[13:20:23.399]                       }
[13:20:23.399]                       else if (inherits(cond, "warning")) {
[13:20:23.399]                         muffled <- grepl(pattern, "muffleWarning")
[13:20:23.399]                         if (muffled) 
[13:20:23.399]                           invokeRestart("muffleWarning")
[13:20:23.399]                       }
[13:20:23.399]                       else if (inherits(cond, "condition")) {
[13:20:23.399]                         if (!is.null(pattern)) {
[13:20:23.399]                           computeRestarts <- base::computeRestarts
[13:20:23.399]                           grepl <- base::grepl
[13:20:23.399]                           restarts <- computeRestarts(cond)
[13:20:23.399]                           for (restart in restarts) {
[13:20:23.399]                             name <- restart$name
[13:20:23.399]                             if (is.null(name)) 
[13:20:23.399]                               next
[13:20:23.399]                             if (!grepl(pattern, name)) 
[13:20:23.399]                               next
[13:20:23.399]                             invokeRestart(restart)
[13:20:23.399]                             muffled <- TRUE
[13:20:23.399]                             break
[13:20:23.399]                           }
[13:20:23.399]                         }
[13:20:23.399]                       }
[13:20:23.399]                       invisible(muffled)
[13:20:23.399]                     }
[13:20:23.399]                     muffleCondition(cond, pattern = "^muffle")
[13:20:23.399]                   }
[13:20:23.399]                 }
[13:20:23.399]             }
[13:20:23.399]         }))
[13:20:23.399]     }, error = function(ex) {
[13:20:23.399]         base::structure(base::list(value = NULL, visible = NULL, 
[13:20:23.399]             conditions = ...future.conditions, rng = !identical(base::globalenv()$.Random.seed, 
[13:20:23.399]                 ...future.rng), started = ...future.startTime, 
[13:20:23.399]             finished = Sys.time(), session_uuid = NA_character_, 
[13:20:23.399]             version = "1.8"), class = "FutureResult")
[13:20:23.399]     }, finally = {
[13:20:23.399]         if (!identical(...future.workdir, getwd())) 
[13:20:23.399]             setwd(...future.workdir)
[13:20:23.399]         {
[13:20:23.399]             if (identical(getOption("nwarnings"), ...future.oldOptions$nwarnings)) {
[13:20:23.399]                 ...future.oldOptions$nwarnings <- NULL
[13:20:23.399]             }
[13:20:23.399]             base::options(...future.oldOptions)
[13:20:23.399]             if (.Platform$OS.type == "windows") {
[13:20:23.399]                 old_names <- names(...future.oldEnvVars)
[13:20:23.399]                 envs <- base::Sys.getenv()
[13:20:23.399]                 names <- names(envs)
[13:20:23.399]                 common <- intersect(names, old_names)
[13:20:23.399]                 added <- setdiff(names, old_names)
[13:20:23.399]                 removed <- setdiff(old_names, names)
[13:20:23.399]                 changed <- common[...future.oldEnvVars[common] != 
[13:20:23.399]                   envs[common]]
[13:20:23.399]                 NAMES <- toupper(changed)
[13:20:23.399]                 args <- list()
[13:20:23.399]                 for (kk in seq_along(NAMES)) {
[13:20:23.399]                   name <- changed[[kk]]
[13:20:23.399]                   NAME <- NAMES[[kk]]
[13:20:23.399]                   if (name != NAME && is.element(NAME, old_names)) 
[13:20:23.399]                     next
[13:20:23.399]                   args[[name]] <- ...future.oldEnvVars[[name]]
[13:20:23.399]                 }
[13:20:23.399]                 NAMES <- toupper(added)
[13:20:23.399]                 for (kk in seq_along(NAMES)) {
[13:20:23.399]                   name <- added[[kk]]
[13:20:23.399]                   NAME <- NAMES[[kk]]
[13:20:23.399]                   if (name != NAME && is.element(NAME, old_names)) 
[13:20:23.399]                     next
[13:20:23.399]                   args[[name]] <- ""
[13:20:23.399]                 }
[13:20:23.399]                 NAMES <- toupper(removed)
[13:20:23.399]                 for (kk in seq_along(NAMES)) {
[13:20:23.399]                   name <- removed[[kk]]
[13:20:23.399]                   NAME <- NAMES[[kk]]
[13:20:23.399]                   if (name != NAME && is.element(NAME, old_names)) 
[13:20:23.399]                     next
[13:20:23.399]                   args[[name]] <- ...future.oldEnvVars[[name]]
[13:20:23.399]                 }
[13:20:23.399]                 if (length(args) > 0) 
[13:20:23.399]                   base::do.call(base::Sys.setenv, args = args)
[13:20:23.399]                 args <- names <- old_names <- NAMES <- envs <- common <- added <- removed <- NULL
[13:20:23.399]             }
[13:20:23.399]             else {
[13:20:23.399]                 base::do.call(base::Sys.setenv, args = base::as.list(...future.oldEnvVars))
[13:20:23.399]             }
[13:20:23.399]             {
[13:20:23.399]                 if (base::length(...future.futureOptionsAdded) > 
[13:20:23.399]                   0L) {
[13:20:23.399]                   opts <- base::vector("list", length = base::length(...future.futureOptionsAdded))
[13:20:23.399]                   base::names(opts) <- ...future.futureOptionsAdded
[13:20:23.399]                   base::options(opts)
[13:20:23.399]                 }
[13:20:23.399]                 {
[13:20:23.399]                   {
[13:20:23.399]                     NULL
[13:20:23.399]                     RNGkind("Mersenne-Twister")
[13:20:23.399]                     base::rm(list = ".Random.seed", envir = base::globalenv(), 
[13:20:23.399]                       inherits = FALSE)
[13:20:23.399]                   }
[13:20:23.399]                   options(future.plan = NULL)
[13:20:23.399]                   if (is.na(NA_character_)) 
[13:20:23.399]                     Sys.unsetenv("R_FUTURE_PLAN")
[13:20:23.399]                   else Sys.setenv(R_FUTURE_PLAN = NA_character_)
[13:20:23.399]                   future::plan(list(function (..., envir = parent.frame()) 
[13:20:23.399]                   {
[13:20:23.399]                     future <- SequentialFuture(..., envir = envir)
[13:20:23.399]                     if (!future$lazy) 
[13:20:23.399]                       future <- run(future)
[13:20:23.399]                     invisible(future)
[13:20:23.399]                   }), .cleanup = FALSE, .init = FALSE)
[13:20:23.399]                 }
[13:20:23.399]             }
[13:20:23.399]         }
[13:20:23.399]     })
[13:20:23.399]     if (TRUE) {
[13:20:23.399]         base::sink(type = "output", split = FALSE)
[13:20:23.399]         if (TRUE) {
[13:20:23.399]             ...future.result$stdout <- base::rawToChar(base::rawConnectionValue(...future.stdout))
[13:20:23.399]         }
[13:20:23.399]         else {
[13:20:23.399]             ...future.result["stdout"] <- base::list(NULL)
[13:20:23.399]         }
[13:20:23.399]         base::close(...future.stdout)
[13:20:23.399]         ...future.stdout <- NULL
[13:20:23.399]     }
[13:20:23.399]     ...future.result$conditions <- ...future.conditions
[13:20:23.399]     ...future.result$finished <- base::Sys.time()
[13:20:23.399]     ...future.result
[13:20:23.399] }
[13:20:23.401] plan(): Setting new future strategy stack:
[13:20:23.401] List of future strategies:
[13:20:23.401] 1. sequential:
[13:20:23.401]    - args: function (..., envir = parent.frame())
[13:20:23.401]    - tweaked: FALSE
[13:20:23.401]    - call: NULL
[13:20:23.402] plan(): nbrOfWorkers() = 1
[13:20:23.403] plan(): Setting new future strategy stack:
[13:20:23.403] List of future strategies:
[13:20:23.403] 1. sequential:
[13:20:23.403]    - args: function (..., envir = parent.frame())
[13:20:23.403]    - tweaked: FALSE
[13:20:23.403]    - call: future::plan("sequential")
[13:20:23.403] plan(): nbrOfWorkers() = 1
[13:20:23.404] SequentialFuture started (and completed)
[13:20:23.404] - Launch lazy future ... done
[13:20:23.404] run() for ‘SequentialFuture’ ... done
> 
> f1 <- futureOf("a", envir = x)
> print(f1)
SequentialFuture:
Label: ‘<none>’
Expression:
{
    1
}
Lazy evaluation: FALSE
Asynchronous evaluation: FALSE
Local evaluation: TRUE
Environment: R_GlobalEnv
Capture standard output: TRUE
Capture condition classes: ‘condition’ (excluding ‘nothing’)
Globals: <none>
Packages: <none>
L'Ecuyer-CMRG RNG seed: <none> (seed = FALSE)
Resolved: TRUE
Value: 56 bytes of class ‘numeric’
Early signaling: FALSE
Owner process: 9a4016d1-91ab-1479-a19b-9b0f781bab04
Class: ‘SequentialFuture’, ‘UniprocessFuture’, ‘Future’, ‘environment’
> f2 <- futureOf(a, envir = x)
> f3 <- futureOf(x[["a"]])
> f4 <- futureOf(x$a)
> stopifnot(identical(f2, f1), identical(f3, f1), identical(f4, f1))
> 
> ## Identify all futures
> fs <- futureOf(envir = x)
> print(fs)
$a
SequentialFuture:
Label: ‘<none>’
Expression:
{
    1
}
Lazy evaluation: FALSE
Asynchronous evaluation: FALSE
Local evaluation: TRUE
Environment: R_GlobalEnv
Capture standard output: TRUE
Capture condition classes: ‘condition’ (excluding ‘nothing’)
Globals: <none>
Packages: <none>
L'Ecuyer-CMRG RNG seed: <none> (seed = FALSE)
Resolved: TRUE
Value: 56 bytes of class ‘numeric’
Early signaling: FALSE
Owner process: 9a4016d1-91ab-1479-a19b-9b0f781bab04
Class: ‘SequentialFuture’, ‘UniprocessFuture’, ‘Future’, ‘environment’

> stopifnot(identical(names(fs), c("a")))
> stopifnot(identical(fs$a, f1))
> 
> fsD <- futureOf(envir = x, drop = TRUE)
> print(fsD)
$a
SequentialFuture:
Label: ‘<none>’
Expression:
{
    1
}
Lazy evaluation: FALSE
Asynchronous evaluation: FALSE
Local evaluation: TRUE
Environment: R_GlobalEnv
Capture standard output: TRUE
Capture condition classes: ‘condition’ (excluding ‘nothing’)
Globals: <none>
Packages: <none>
L'Ecuyer-CMRG RNG seed: <none> (seed = FALSE)
Resolved: TRUE
Value: 56 bytes of class ‘numeric’
Early signaling: FALSE
Owner process: 9a4016d1-91ab-1479-a19b-9b0f781bab04
Class: ‘SequentialFuture’, ‘UniprocessFuture’, ‘Future’, ‘environment’

> stopifnot(all(sapply(fsD, FUN = inherits, "Future")))
> stopifnot(identical(fsD, fs))
> 
> message("*** futureOf() with environment - future assignments ... DONE")
*** futureOf() with environment - future assignments ... DONE
> 
> 
> message("*** futureOf() with environment - futures ...")
*** futureOf() with environment - futures ...
> 
> x <- new.env()
> x$a <- future({ 1 })
[13:20:23.407] getGlobalsAndPackages() ...
[13:20:23.407] Searching for globals...
[13:20:23.408] - globals found: [1] ‘{’
[13:20:23.408] Searching for globals ... DONE
[13:20:23.408] Resolving globals: FALSE
[13:20:23.408] 
[13:20:23.409] 
[13:20:23.409] getGlobalsAndPackages() ... DONE
[13:20:23.409] run() for ‘Future’ ...
[13:20:23.409] - state: ‘created’
[13:20:23.409] - Future backend: ‘FutureStrategy’, ‘sequential’, ‘uniprocess’, ‘future’, ‘function’
[13:20:23.409] - Future class: ‘SequentialFuture’, ‘UniprocessFuture’, ‘Future’, ‘environment’
[13:20:23.410] - Copy elements of temporary ‘SequentialFuture’ to final ‘Future’ object ...
[13:20:23.410]   - Field: ‘label’
[13:20:23.410]   - Field: ‘local’
[13:20:23.410]   - Field: ‘owner’
[13:20:23.410]   - Field: ‘envir’
[13:20:23.410]   - Field: ‘packages’
[13:20:23.410]   - Field: ‘gc’
[13:20:23.410]   - Field: ‘conditions’
[13:20:23.410]   - Field: ‘expr’
[13:20:23.410]   - Field: ‘uuid’
[13:20:23.410]   - Field: ‘seed’
[13:20:23.411]   - Field: ‘version’
[13:20:23.411]   - Field: ‘result’
[13:20:23.411]   - Field: ‘asynchronous’
[13:20:23.411]   - Field: ‘calls’
[13:20:23.411]   - Field: ‘globals’
[13:20:23.411]   - Field: ‘stdout’
[13:20:23.411]   - Field: ‘earlySignal’
[13:20:23.411]   - Field: ‘lazy’
[13:20:23.411]   - Field: ‘state’
[13:20:23.411] - Copy elements of temporary ‘SequentialFuture’ to final ‘Future’ object ... done
[13:20:23.411] - Launch lazy future ...
[13:20:23.412] Packages needed by the future expression (n = 0): <none>
[13:20:23.412] Packages needed by future strategies (n = 0): <none>
[13:20:23.412] {
[13:20:23.412]     {
[13:20:23.412]         {
[13:20:23.412]             ...future.startTime <- base::Sys.time()
[13:20:23.412]             {
[13:20:23.412]                 {
[13:20:23.412]                   {
[13:20:23.412]                     base::local({
[13:20:23.412]                       has_future <- base::requireNamespace("future", 
[13:20:23.412]                         quietly = TRUE)
[13:20:23.412]                       if (has_future) {
[13:20:23.412]                         ns <- base::getNamespace("future")
[13:20:23.412]                         version <- ns[[".package"]][["version"]]
[13:20:23.412]                         if (is.null(version)) 
[13:20:23.412]                           version <- utils::packageVersion("future")
[13:20:23.412]                       }
[13:20:23.412]                       else {
[13:20:23.412]                         version <- NULL
[13:20:23.412]                       }
[13:20:23.412]                       if (!has_future || version < "1.8.0") {
[13:20:23.412]                         info <- base::c(r_version = base::gsub("R version ", 
[13:20:23.412]                           "", base::R.version$version.string), 
[13:20:23.412]                           platform = base::sprintf("%s (%s-bit)", 
[13:20:23.412]                             base::R.version$platform, 8 * base::.Machine$sizeof.pointer), 
[13:20:23.412]                           os = base::paste(base::Sys.info()[base::c("sysname", 
[13:20:23.412]                             "release", "version")], collapse = " "), 
[13:20:23.412]                           hostname = base::Sys.info()[["nodename"]])
[13:20:23.412]                         info <- base::sprintf("%s: %s", base::names(info), 
[13:20:23.412]                           info)
[13:20:23.412]                         info <- base::paste(info, collapse = "; ")
[13:20:23.412]                         if (!has_future) {
[13:20:23.412]                           msg <- base::sprintf("Package 'future' is not installed on worker (%s)", 
[13:20:23.412]                             info)
[13:20:23.412]                         }
[13:20:23.412]                         else {
[13:20:23.412]                           msg <- base::sprintf("Package 'future' on worker (%s) must be of version >= 1.8.0: %s", 
[13:20:23.412]                             info, version)
[13:20:23.412]                         }
[13:20:23.412]                         base::stop(msg)
[13:20:23.412]                       }
[13:20:23.412]                     })
[13:20:23.412]                   }
[13:20:23.412]                   options(future.plan = NULL)
[13:20:23.412]                   Sys.unsetenv("R_FUTURE_PLAN")
[13:20:23.412]                   future::plan("default", .cleanup = FALSE, .init = FALSE)
[13:20:23.412]                 }
[13:20:23.412]                 ...future.workdir <- getwd()
[13:20:23.412]             }
[13:20:23.412]             ...future.oldOptions <- base::as.list(base::.Options)
[13:20:23.412]             ...future.oldEnvVars <- base::Sys.getenv()
[13:20:23.412]         }
[13:20:23.412]         base::options(future.startup.script = FALSE, future.globals.onMissing = NULL, 
[13:20:23.412]             future.globals.maxSize = NULL, future.globals.method = NULL, 
[13:20:23.412]             future.globals.onMissing = NULL, future.globals.onReference = NULL, 
[13:20:23.412]             future.globals.resolve = NULL, future.resolve.recursive = NULL, 
[13:20:23.412]             future.rng.onMisuse = NULL, future.rng.onMisuse.keepFuture = NULL, 
[13:20:23.412]             future.stdout.windows.reencode = NULL, width = 80L)
[13:20:23.412]         ...future.futureOptionsAdded <- base::setdiff(base::names(base::.Options), 
[13:20:23.412]             base::names(...future.oldOptions))
[13:20:23.412]     }
[13:20:23.412]     if (FALSE) {
[13:20:23.412]     }
[13:20:23.412]     else {
[13:20:23.412]         if (TRUE) {
[13:20:23.412]             ...future.stdout <- base::rawConnection(base::raw(0L), 
[13:20:23.412]                 open = "w")
[13:20:23.412]         }
[13:20:23.412]         else {
[13:20:23.412]             ...future.stdout <- base::file(base::switch(.Platform$OS.type, 
[13:20:23.412]                 windows = "NUL", "/dev/null"), open = "w")
[13:20:23.412]         }
[13:20:23.412]         base::sink(...future.stdout, type = "output", split = FALSE)
[13:20:23.412]         base::on.exit(if (!base::is.null(...future.stdout)) {
[13:20:23.412]             base::sink(type = "output", split = FALSE)
[13:20:23.412]             base::close(...future.stdout)
[13:20:23.412]         }, add = TRUE)
[13:20:23.412]     }
[13:20:23.412]     ...future.frame <- base::sys.nframe()
[13:20:23.412]     ...future.conditions <- base::list()
[13:20:23.412]     ...future.rng <- base::globalenv()$.Random.seed
[13:20:23.412]     if (FALSE) {
[13:20:23.412]         ...future.globalenv.names <- c(base::names(base::.GlobalEnv), 
[13:20:23.412]             "...future.value", "...future.globalenv.names", ".Random.seed")
[13:20:23.412]     }
[13:20:23.412]     ...future.result <- base::tryCatch({
[13:20:23.412]         base::withCallingHandlers({
[13:20:23.412]             ...future.value <- base::withVisible(base::local({
[13:20:23.412]                 1
[13:20:23.412]             }))
[13:20:23.412]             future::FutureResult(value = ...future.value$value, 
[13:20:23.412]                 visible = ...future.value$visible, rng = !identical(base::globalenv()$.Random.seed, 
[13:20:23.412]                   ...future.rng), globalenv = if (FALSE) 
[13:20:23.412]                   list(added = base::setdiff(base::names(base::.GlobalEnv), 
[13:20:23.412]                     ...future.globalenv.names))
[13:20:23.412]                 else NULL, started = ...future.startTime, version = "1.8")
[13:20:23.412]         }, condition = base::local({
[13:20:23.412]             c <- base::c
[13:20:23.412]             inherits <- base::inherits
[13:20:23.412]             invokeRestart <- base::invokeRestart
[13:20:23.412]             length <- base::length
[13:20:23.412]             list <- base::list
[13:20:23.412]             seq.int <- base::seq.int
[13:20:23.412]             signalCondition <- base::signalCondition
[13:20:23.412]             sys.calls <- base::sys.calls
[13:20:23.412]             `[[` <- base::`[[`
[13:20:23.412]             `+` <- base::`+`
[13:20:23.412]             `<<-` <- base::`<<-`
[13:20:23.412]             sysCalls <- function(calls = sys.calls(), from = 1L) {
[13:20:23.412]                 calls[seq.int(from = from + 12L, to = length(calls) - 
[13:20:23.412]                   3L)]
[13:20:23.412]             }
[13:20:23.412]             function(cond) {
[13:20:23.412]                 is_error <- inherits(cond, "error")
[13:20:23.412]                 ignore <- !is_error && !is.null(NULL) && inherits(cond, 
[13:20:23.412]                   NULL)
[13:20:23.412]                 if (is_error) {
[13:20:23.412]                   sessionInformation <- function() {
[13:20:23.412]                     list(r = base::R.Version(), locale = base::Sys.getlocale(), 
[13:20:23.412]                       rngkind = base::RNGkind(), namespaces = base::loadedNamespaces(), 
[13:20:23.412]                       search = base::search(), system = base::Sys.info())
[13:20:23.412]                   }
[13:20:23.412]                   ...future.conditions[[length(...future.conditions) + 
[13:20:23.412]                     1L]] <<- list(condition = cond, calls = c(sysCalls(from = ...future.frame), 
[13:20:23.412]                     cond$call), session = sessionInformation(), 
[13:20:23.412]                     timestamp = base::Sys.time(), signaled = 0L)
[13:20:23.412]                   signalCondition(cond)
[13:20:23.412]                 }
[13:20:23.412]                 else if (!ignore && TRUE && inherits(cond, c("condition", 
[13:20:23.412]                 "immediateCondition"))) {
[13:20:23.412]                   signal <- TRUE && inherits(cond, "immediateCondition")
[13:20:23.412]                   ...future.conditions[[length(...future.conditions) + 
[13:20:23.412]                     1L]] <<- list(condition = cond, signaled = base::as.integer(signal))
[13:20:23.412]                   if (TRUE && !signal) {
[13:20:23.412]                     muffleCondition <- function (cond, pattern = "^muffle") 
[13:20:23.412]                     {
[13:20:23.412]                       inherits <- base::inherits
[13:20:23.412]                       invokeRestart <- base::invokeRestart
[13:20:23.412]                       is.null <- base::is.null
[13:20:23.412]                       muffled <- FALSE
[13:20:23.412]                       if (inherits(cond, "message")) {
[13:20:23.412]                         muffled <- grepl(pattern, "muffleMessage")
[13:20:23.412]                         if (muffled) 
[13:20:23.412]                           invokeRestart("muffleMessage")
[13:20:23.412]                       }
[13:20:23.412]                       else if (inherits(cond, "warning")) {
[13:20:23.412]                         muffled <- grepl(pattern, "muffleWarning")
[13:20:23.412]                         if (muffled) 
[13:20:23.412]                           invokeRestart("muffleWarning")
[13:20:23.412]                       }
[13:20:23.412]                       else if (inherits(cond, "condition")) {
[13:20:23.412]                         if (!is.null(pattern)) {
[13:20:23.412]                           computeRestarts <- base::computeRestarts
[13:20:23.412]                           grepl <- base::grepl
[13:20:23.412]                           restarts <- computeRestarts(cond)
[13:20:23.412]                           for (restart in restarts) {
[13:20:23.412]                             name <- restart$name
[13:20:23.412]                             if (is.null(name)) 
[13:20:23.412]                               next
[13:20:23.412]                             if (!grepl(pattern, name)) 
[13:20:23.412]                               next
[13:20:23.412]                             invokeRestart(restart)
[13:20:23.412]                             muffled <- TRUE
[13:20:23.412]                             break
[13:20:23.412]                           }
[13:20:23.412]                         }
[13:20:23.412]                       }
[13:20:23.412]                       invisible(muffled)
[13:20:23.412]                     }
[13:20:23.412]                     muffleCondition(cond, pattern = "^muffle")
[13:20:23.412]                   }
[13:20:23.412]                 }
[13:20:23.412]                 else {
[13:20:23.412]                   if (TRUE) {
[13:20:23.412]                     muffleCondition <- function (cond, pattern = "^muffle") 
[13:20:23.412]                     {
[13:20:23.412]                       inherits <- base::inherits
[13:20:23.412]                       invokeRestart <- base::invokeRestart
[13:20:23.412]                       is.null <- base::is.null
[13:20:23.412]                       muffled <- FALSE
[13:20:23.412]                       if (inherits(cond, "message")) {
[13:20:23.412]                         muffled <- grepl(pattern, "muffleMessage")
[13:20:23.412]                         if (muffled) 
[13:20:23.412]                           invokeRestart("muffleMessage")
[13:20:23.412]                       }
[13:20:23.412]                       else if (inherits(cond, "warning")) {
[13:20:23.412]                         muffled <- grepl(pattern, "muffleWarning")
[13:20:23.412]                         if (muffled) 
[13:20:23.412]                           invokeRestart("muffleWarning")
[13:20:23.412]                       }
[13:20:23.412]                       else if (inherits(cond, "condition")) {
[13:20:23.412]                         if (!is.null(pattern)) {
[13:20:23.412]                           computeRestarts <- base::computeRestarts
[13:20:23.412]                           grepl <- base::grepl
[13:20:23.412]                           restarts <- computeRestarts(cond)
[13:20:23.412]                           for (restart in restarts) {
[13:20:23.412]                             name <- restart$name
[13:20:23.412]                             if (is.null(name)) 
[13:20:23.412]                               next
[13:20:23.412]                             if (!grepl(pattern, name)) 
[13:20:23.412]                               next
[13:20:23.412]                             invokeRestart(restart)
[13:20:23.412]                             muffled <- TRUE
[13:20:23.412]                             break
[13:20:23.412]                           }
[13:20:23.412]                         }
[13:20:23.412]                       }
[13:20:23.412]                       invisible(muffled)
[13:20:23.412]                     }
[13:20:23.412]                     muffleCondition(cond, pattern = "^muffle")
[13:20:23.412]                   }
[13:20:23.412]                 }
[13:20:23.412]             }
[13:20:23.412]         }))
[13:20:23.412]     }, error = function(ex) {
[13:20:23.412]         base::structure(base::list(value = NULL, visible = NULL, 
[13:20:23.412]             conditions = ...future.conditions, rng = !identical(base::globalenv()$.Random.seed, 
[13:20:23.412]                 ...future.rng), started = ...future.startTime, 
[13:20:23.412]             finished = Sys.time(), session_uuid = NA_character_, 
[13:20:23.412]             version = "1.8"), class = "FutureResult")
[13:20:23.412]     }, finally = {
[13:20:23.412]         if (!identical(...future.workdir, getwd())) 
[13:20:23.412]             setwd(...future.workdir)
[13:20:23.412]         {
[13:20:23.412]             if (identical(getOption("nwarnings"), ...future.oldOptions$nwarnings)) {
[13:20:23.412]                 ...future.oldOptions$nwarnings <- NULL
[13:20:23.412]             }
[13:20:23.412]             base::options(...future.oldOptions)
[13:20:23.412]             if (.Platform$OS.type == "windows") {
[13:20:23.412]                 old_names <- names(...future.oldEnvVars)
[13:20:23.412]                 envs <- base::Sys.getenv()
[13:20:23.412]                 names <- names(envs)
[13:20:23.412]                 common <- intersect(names, old_names)
[13:20:23.412]                 added <- setdiff(names, old_names)
[13:20:23.412]                 removed <- setdiff(old_names, names)
[13:20:23.412]                 changed <- common[...future.oldEnvVars[common] != 
[13:20:23.412]                   envs[common]]
[13:20:23.412]                 NAMES <- toupper(changed)
[13:20:23.412]                 args <- list()
[13:20:23.412]                 for (kk in seq_along(NAMES)) {
[13:20:23.412]                   name <- changed[[kk]]
[13:20:23.412]                   NAME <- NAMES[[kk]]
[13:20:23.412]                   if (name != NAME && is.element(NAME, old_names)) 
[13:20:23.412]                     next
[13:20:23.412]                   args[[name]] <- ...future.oldEnvVars[[name]]
[13:20:23.412]                 }
[13:20:23.412]                 NAMES <- toupper(added)
[13:20:23.412]                 for (kk in seq_along(NAMES)) {
[13:20:23.412]                   name <- added[[kk]]
[13:20:23.412]                   NAME <- NAMES[[kk]]
[13:20:23.412]                   if (name != NAME && is.element(NAME, old_names)) 
[13:20:23.412]                     next
[13:20:23.412]                   args[[name]] <- ""
[13:20:23.412]                 }
[13:20:23.412]                 NAMES <- toupper(removed)
[13:20:23.412]                 for (kk in seq_along(NAMES)) {
[13:20:23.412]                   name <- removed[[kk]]
[13:20:23.412]                   NAME <- NAMES[[kk]]
[13:20:23.412]                   if (name != NAME && is.element(NAME, old_names)) 
[13:20:23.412]                     next
[13:20:23.412]                   args[[name]] <- ...future.oldEnvVars[[name]]
[13:20:23.412]                 }
[13:20:23.412]                 if (length(args) > 0) 
[13:20:23.412]                   base::do.call(base::Sys.setenv, args = args)
[13:20:23.412]                 args <- names <- old_names <- NAMES <- envs <- common <- added <- removed <- NULL
[13:20:23.412]             }
[13:20:23.412]             else {
[13:20:23.412]                 base::do.call(base::Sys.setenv, args = base::as.list(...future.oldEnvVars))
[13:20:23.412]             }
[13:20:23.412]             {
[13:20:23.412]                 if (base::length(...future.futureOptionsAdded) > 
[13:20:23.412]                   0L) {
[13:20:23.412]                   opts <- base::vector("list", length = base::length(...future.futureOptionsAdded))
[13:20:23.412]                   base::names(opts) <- ...future.futureOptionsAdded
[13:20:23.412]                   base::options(opts)
[13:20:23.412]                 }
[13:20:23.412]                 {
[13:20:23.412]                   {
[13:20:23.412]                     NULL
[13:20:23.412]                     RNGkind("Mersenne-Twister")
[13:20:23.412]                     base::rm(list = ".Random.seed", envir = base::globalenv(), 
[13:20:23.412]                       inherits = FALSE)
[13:20:23.412]                   }
[13:20:23.412]                   options(future.plan = NULL)
[13:20:23.412]                   if (is.na(NA_character_)) 
[13:20:23.412]                     Sys.unsetenv("R_FUTURE_PLAN")
[13:20:23.412]                   else Sys.setenv(R_FUTURE_PLAN = NA_character_)
[13:20:23.412]                   future::plan(list(function (..., envir = parent.frame()) 
[13:20:23.412]                   {
[13:20:23.412]                     future <- SequentialFuture(..., envir = envir)
[13:20:23.412]                     if (!future$lazy) 
[13:20:23.412]                       future <- run(future)
[13:20:23.412]                     invisible(future)
[13:20:23.412]                   }), .cleanup = FALSE, .init = FALSE)
[13:20:23.412]                 }
[13:20:23.412]             }
[13:20:23.412]         }
[13:20:23.412]     })
[13:20:23.412]     if (TRUE) {
[13:20:23.412]         base::sink(type = "output", split = FALSE)
[13:20:23.412]         if (TRUE) {
[13:20:23.412]             ...future.result$stdout <- base::rawToChar(base::rawConnectionValue(...future.stdout))
[13:20:23.412]         }
[13:20:23.412]         else {
[13:20:23.412]             ...future.result["stdout"] <- base::list(NULL)
[13:20:23.412]         }
[13:20:23.412]         base::close(...future.stdout)
[13:20:23.412]         ...future.stdout <- NULL
[13:20:23.412]     }
[13:20:23.412]     ...future.result$conditions <- ...future.conditions
[13:20:23.412]     ...future.result$finished <- base::Sys.time()
[13:20:23.412]     ...future.result
[13:20:23.412] }
[13:20:23.414] plan(): Setting new future strategy stack:
[13:20:23.414] List of future strategies:
[13:20:23.414] 1. sequential:
[13:20:23.414]    - args: function (..., envir = parent.frame())
[13:20:23.414]    - tweaked: FALSE
[13:20:23.414]    - call: NULL
[13:20:23.414] plan(): nbrOfWorkers() = 1
[13:20:23.418] plan(): Setting new future strategy stack:
[13:20:23.418] List of future strategies:
[13:20:23.418] 1. sequential:
[13:20:23.418]    - args: function (..., envir = parent.frame())
[13:20:23.418]    - tweaked: FALSE
[13:20:23.418]    - call: future::plan("sequential")
[13:20:23.418] plan(): nbrOfWorkers() = 1
[13:20:23.418] SequentialFuture started (and completed)
[13:20:23.418] - Launch lazy future ... done
[13:20:23.418] run() for ‘SequentialFuture’ ... done
> 
> f1 <- futureOf("a", envir = x)
> print(f1)
SequentialFuture:
Label: ‘<none>’
Expression:
{
    1
}
Lazy evaluation: FALSE
Asynchronous evaluation: FALSE
Local evaluation: TRUE
Environment: R_GlobalEnv
Capture standard output: TRUE
Capture condition classes: ‘condition’ (excluding ‘nothing’)
Globals: <none>
Packages: <none>
L'Ecuyer-CMRG RNG seed: <none> (seed = FALSE)
Resolved: TRUE
Value: 56 bytes of class ‘numeric’
Early signaling: FALSE
Owner process: 9a4016d1-91ab-1479-a19b-9b0f781bab04
Class: ‘SequentialFuture’, ‘UniprocessFuture’, ‘Future’, ‘environment’
> stopifnot(identical(f1, x$a))
> f2 <- futureOf(a, envir = x)
> stopifnot(identical(f2, x$a))
> f3 <- futureOf(x[["a"]])
> stopifnot(identical(f3, x$a))
> f4 <- futureOf(x$a)
> stopifnot(identical(f4, x$a))
> 
> ## Identify all futures
> fs <- futureOf(envir = x)
> print(fs)
$a
SequentialFuture:
Label: ‘<none>’
Expression:
{
    1
}
Lazy evaluation: FALSE
Asynchronous evaluation: FALSE
Local evaluation: TRUE
Environment: R_GlobalEnv
Capture standard output: TRUE
Capture condition classes: ‘condition’ (excluding ‘nothing’)
Globals: <none>
Packages: <none>
L'Ecuyer-CMRG RNG seed: <none> (seed = FALSE)
Resolved: TRUE
Value: 56 bytes of class ‘numeric’
Early signaling: FALSE
Owner process: 9a4016d1-91ab-1479-a19b-9b0f781bab04
Class: ‘SequentialFuture’, ‘UniprocessFuture’, ‘Future’, ‘environment’

> stopifnot(identical(names(fs), c("a")))
> stopifnot(identical(fs$a, f1))
> 
> fsD <- futureOf(envir = x, drop = TRUE)
> print(fsD)
$a
SequentialFuture:
Label: ‘<none>’
Expression:
{
    1
}
Lazy evaluation: FALSE
Asynchronous evaluation: FALSE
Local evaluation: TRUE
Environment: R_GlobalEnv
Capture standard output: TRUE
Capture condition classes: ‘condition’ (excluding ‘nothing’)
Globals: <none>
Packages: <none>
L'Ecuyer-CMRG RNG seed: <none> (seed = FALSE)
Resolved: TRUE
Value: 56 bytes of class ‘numeric’
Early signaling: FALSE
Owner process: 9a4016d1-91ab-1479-a19b-9b0f781bab04
Class: ‘SequentialFuture’, ‘UniprocessFuture’, ‘Future’, ‘environment’

> stopifnot(all(sapply(fsD, FUN = inherits, "Future")))
> stopifnot(identical(fsD, fs))
> 
> message("*** futureOf() with environment - futures ... DONE")
*** futureOf() with environment - futures ... DONE
> 
> 
> message("*** futureOf() with environment - exceptions ...")
*** futureOf() with environment - exceptions ...
> 
> ## Invalid subset
> res <- tryCatch(futureOf(x[[0]], mustExist = FALSE), error = identity)
> stopifnot(inherits(res, "error"))
> 
> res <- tryCatch(futureOf(x[[0]], mustExist = TRUE), error = identity)
> stopifnot(inherits(res, "error"))
> 
> res <- tryCatch(futureOf(x[[10]], mustExist = TRUE), error = identity)
> stopifnot(inherits(res, "error"))
> 
> res <- tryCatch(futureOf(x[[1 + 2i]], mustExist = TRUE), error = identity)
> stopifnot(inherits(res, "error"))
> 
> message("*** futureOf() with environment - exceptions ... DONE")
*** futureOf() with environment - exceptions ... DONE
> 
> message("*** futureOf() with environment ... DONE")
*** futureOf() with environment ... DONE
> 
> source("incl/end.R")
[13:20:23.422] plan(): Setting new future strategy stack:
[13:20:23.422] List of future strategies:
[13:20:23.422] 1. FutureStrategy:
[13:20:23.422]    - args: function (..., envir = parent.frame())
[13:20:23.422]    - tweaked: FALSE
[13:20:23.422]    - call: future::plan(oplan)
[13:20:23.433] plan(): nbrOfWorkers() = 1
> 
