
R version 4.3.0 (2023-04-21) -- "Already Tomorrow"
Copyright (C) 2023 The R Foundation for Statistical Computing
Platform: x86_64-pc-linux-gnu (64-bit)

R is free software and comes with ABSOLUTELY NO WARRANTY.
You are welcome to redistribute it under certain conditions.
Type 'license()' or 'licence()' for distribution details.

R is a collaborative project with many contributors.
Type 'contributors()' for more information and
'citation()' on how to cite R or R packages in publications.

Type 'demo()' for some demos, 'help()' for on-line help, or
'help.start()' for an HTML browser interface to help.
Type 'q()' to quit R.

> source("incl/start.R")
[13:20:23.709] plan(): Setting new future strategy stack:
[13:20:23.710] List of future strategies:
[13:20:23.710] 1. sequential:
[13:20:23.710]    - args: function (..., envir = parent.frame())
[13:20:23.710]    - tweaked: FALSE
[13:20:23.710]    - call: future::plan("sequential")
[13:20:23.723] plan(): nbrOfWorkers() = 1
> library("listenv")
> 
> message("*** futureOf() with listenv ...")
*** futureOf() with listenv ...
> 
> message("*** futureOf() with listenv - future assignments ...")
*** futureOf() with listenv - future assignments ...
> 
> x <- listenv()
> x$a %<-% { 1 } %lazy% TRUE
[13:20:23.738] getGlobalsAndPackages() ...
[13:20:23.738] Searching for globals...
[13:20:23.741] - globals found: [1] ‘{’
[13:20:23.741] Searching for globals ... DONE
[13:20:23.742] Resolving globals: FALSE
[13:20:23.742] 
[13:20:23.742] 
[13:20:23.742] getGlobalsAndPackages() ... DONE
> 
> f1 <- futureOf("a", envir = x)
> print(f1)
Future:
Label: ‘<none>’
Expression:
{
    1
}
Lazy evaluation: TRUE
Asynchronous evaluation: TRUE
Local evaluation: TRUE
Environment: R_GlobalEnv
Capture standard output: TRUE
Capture condition classes: ‘condition’ (excluding ‘nothing’)
Globals: <none>
Packages: <none>
L'Ecuyer-CMRG RNG seed: <none> (seed = FALSE)
Resolved: FALSE
Value: <not collected>
Conditions captured: <none>
Early signaling: FALSE
Owner process: cc02db22-cb0a-dffc-28a9-c59b7f7dfa93
Class: ‘Future’, ‘environment’
> f2 <- futureOf(a, envir = x)
> f3 <- futureOf(1, envir = x)
> f4 <- futureOf(x[["a"]])
> f5 <- futureOf(x$a)
> f6 <- futureOf(x[[1]])
> stopifnot(identical(f2, f1), identical(f3, f2), identical(f4, f3),
+           identical(f5, f4), identical(f6, f5))
> 
> x[[3]] %<-% { 3 } %lazy% TRUE
[13:20:23.745] getGlobalsAndPackages() ...
[13:20:23.745] Searching for globals...
[13:20:23.745] - globals found: [1] ‘{’
[13:20:23.746] Searching for globals ... DONE
[13:20:23.746] Resolving globals: FALSE
[13:20:23.746] 
[13:20:23.746] 
[13:20:23.746] getGlobalsAndPackages() ... DONE
> x$d %<-% { 4 } %lazy% TRUE
[13:20:23.746] getGlobalsAndPackages() ...
[13:20:23.747] Searching for globals...
[13:20:23.747] - globals found: [1] ‘{’
[13:20:23.747] Searching for globals ... DONE
[13:20:23.747] Resolving globals: FALSE
[13:20:23.748] 
[13:20:23.748] 
[13:20:23.748] getGlobalsAndPackages() ... DONE
> x[[5]] <- 5
> 
> ## Identify all futures
> fs <- futureOf(envir = x)
> print(fs)
$a
Future:
Label: ‘<none>’
Expression:
{
    1
}
Lazy evaluation: TRUE
Asynchronous evaluation: TRUE
Local evaluation: TRUE
Environment: R_GlobalEnv
Capture standard output: TRUE
Capture condition classes: ‘condition’ (excluding ‘nothing’)
Globals: <none>
Packages: <none>
L'Ecuyer-CMRG RNG seed: <none> (seed = FALSE)
Resolved: FALSE
Value: <not collected>
Conditions captured: <none>
Early signaling: FALSE
Owner process: cc02db22-cb0a-dffc-28a9-c59b7f7dfa93
Class: ‘Future’, ‘environment’

[[2]]
[1] NA
attr(,"reason")
[1] "No such future variable: 2L"

[[3]]
Future:
Label: ‘<none>’
Expression:
{
    3
}
Lazy evaluation: TRUE
Asynchronous evaluation: TRUE
Local evaluation: TRUE
Environment: R_GlobalEnv
Capture standard output: TRUE
Capture condition classes: ‘condition’ (excluding ‘nothing’)
Globals: <none>
Packages: <none>
L'Ecuyer-CMRG RNG seed: <none> (seed = FALSE)
Resolved: FALSE
Value: <not collected>
Conditions captured: <none>
Early signaling: FALSE
Owner process: cc02db22-cb0a-dffc-28a9-c59b7f7dfa93
Class: ‘Future’, ‘environment’

$d
Future:
Label: ‘<none>’
Expression:
{
    4
}
Lazy evaluation: TRUE
Asynchronous evaluation: TRUE
Local evaluation: TRUE
Environment: R_GlobalEnv
Capture standard output: TRUE
Capture condition classes: ‘condition’ (excluding ‘nothing’)
Globals: <none>
Packages: <none>
L'Ecuyer-CMRG RNG seed: <none> (seed = FALSE)
Resolved: FALSE
Value: <not collected>
Conditions captured: <none>
Early signaling: FALSE
Owner process: cc02db22-cb0a-dffc-28a9-c59b7f7dfa93
Class: ‘Future’, ‘environment’

[[5]]
[1] NA
attr(,"reason")
[1] "Future (‘.listenv_var_2.000000’) not found in listenv ‘<noname>’: ‘5L’"

> stopifnot(identical(names(fs), names(x)))
> stopifnot(identical(fs$a, f1))
> stopifnot(identical(fs[[3]], futureOf(3L, envir = x)))
> stopifnot(identical(fs$d, futureOf("d", envir = x)))
> 
> fsD <- futureOf(envir = x, drop = TRUE)
> print(fsD)
$a
Future:
Label: ‘<none>’
Expression:
{
    1
}
Lazy evaluation: TRUE
Asynchronous evaluation: TRUE
Local evaluation: TRUE
Environment: R_GlobalEnv
Capture standard output: TRUE
Capture condition classes: ‘condition’ (excluding ‘nothing’)
Globals: <none>
Packages: <none>
L'Ecuyer-CMRG RNG seed: <none> (seed = FALSE)
Resolved: FALSE
Value: <not collected>
Conditions captured: <none>
Early signaling: FALSE
Owner process: cc02db22-cb0a-dffc-28a9-c59b7f7dfa93
Class: ‘Future’, ‘environment’

[[2]]
Future:
Label: ‘<none>’
Expression:
{
    3
}
Lazy evaluation: TRUE
Asynchronous evaluation: TRUE
Local evaluation: TRUE
Environment: R_GlobalEnv
Capture standard output: TRUE
Capture condition classes: ‘condition’ (excluding ‘nothing’)
Globals: <none>
Packages: <none>
L'Ecuyer-CMRG RNG seed: <none> (seed = FALSE)
Resolved: FALSE
Value: <not collected>
Conditions captured: <none>
Early signaling: FALSE
Owner process: cc02db22-cb0a-dffc-28a9-c59b7f7dfa93
Class: ‘Future’, ‘environment’

$d
Future:
Label: ‘<none>’
Expression:
{
    4
}
Lazy evaluation: TRUE
Asynchronous evaluation: TRUE
Local evaluation: TRUE
Environment: R_GlobalEnv
Capture standard output: TRUE
Capture condition classes: ‘condition’ (excluding ‘nothing’)
Globals: <none>
Packages: <none>
L'Ecuyer-CMRG RNG seed: <none> (seed = FALSE)
Resolved: FALSE
Value: <not collected>
Conditions captured: <none>
Early signaling: FALSE
Owner process: cc02db22-cb0a-dffc-28a9-c59b7f7dfa93
Class: ‘Future’, ‘environment’

> stopifnot(all(sapply(fsD, FUN = inherits, "Future")))
> stopifnot(!identical(fsD, fs))
> 
> message("*** futureOf() with listenv - future assignments ... DONE")
*** futureOf() with listenv - future assignments ... DONE
> 
> 
> message("*** futureOf() with listenv - futures ...")
*** futureOf() with listenv - futures ...
> 
> x <- listenv()
> x$a <- future({ 1 }, lazy = TRUE)
[13:20:23.751] getGlobalsAndPackages() ...
[13:20:23.752] Searching for globals...
[13:20:23.752] - globals found: [1] ‘{’
[13:20:23.752] Searching for globals ... DONE
[13:20:23.752] Resolving globals: FALSE
[13:20:23.753] 
[13:20:23.753] 
[13:20:23.753] getGlobalsAndPackages() ... DONE
> 
> f1 <- futureOf("a", envir = x)
> print(f1)
Future:
Label: ‘<none>’
Expression:
{
    1
}
Lazy evaluation: TRUE
Asynchronous evaluation: TRUE
Local evaluation: TRUE
Environment: R_GlobalEnv
Capture standard output: TRUE
Capture condition classes: ‘condition’ (excluding ‘nothing’)
Globals: <none>
Packages: <none>
L'Ecuyer-CMRG RNG seed: <none> (seed = FALSE)
Resolved: FALSE
Value: <not collected>
Conditions captured: <none>
Early signaling: FALSE
Owner process: cc02db22-cb0a-dffc-28a9-c59b7f7dfa93
Class: ‘Future’, ‘environment’
> stopifnot(identical(f1, x$a))
> f2 <- futureOf(a, envir = x)
> stopifnot(identical(f2, x$a))
> f3 <- futureOf(1, envir = x)
> stopifnot(identical(f3, x$a))
> f4 <- futureOf(x[["a"]])
> stopifnot(identical(f4, x$a))
> f5 <- futureOf(x$a)
> stopifnot(identical(f5, x$a))
> f6 <- futureOf(x[[1]])
> stopifnot(identical(f6, x$a))
> 
> x[[3]] <- future({ 3 }, lazy = TRUE)
[13:20:23.754] getGlobalsAndPackages() ...
[13:20:23.755] Searching for globals...
[13:20:23.755] - globals found: [1] ‘{’
[13:20:23.755] Searching for globals ... DONE
[13:20:23.755] Resolving globals: FALSE
[13:20:23.756] 
[13:20:23.756] 
[13:20:23.756] getGlobalsAndPackages() ... DONE
> x$d <- future({ 4 }, lazy = TRUE)
[13:20:23.756] getGlobalsAndPackages() ...
[13:20:23.756] Searching for globals...
[13:20:23.757] - globals found: [1] ‘{’
[13:20:23.757] Searching for globals ... DONE
[13:20:23.757] Resolving globals: FALSE
[13:20:23.757] 
[13:20:23.757] 
[13:20:23.757] getGlobalsAndPackages() ... DONE
> x[[5]] <- 5
> 
> ## Identify all futures
> fs <- futureOf(envir = x)
> print(fs)
$a
Future:
Label: ‘<none>’
Expression:
{
    1
}
Lazy evaluation: TRUE
Asynchronous evaluation: TRUE
Local evaluation: TRUE
Environment: R_GlobalEnv
Capture standard output: TRUE
Capture condition classes: ‘condition’ (excluding ‘nothing’)
Globals: <none>
Packages: <none>
L'Ecuyer-CMRG RNG seed: <none> (seed = FALSE)
Resolved: FALSE
Value: <not collected>
Conditions captured: <none>
Early signaling: FALSE
Owner process: cc02db22-cb0a-dffc-28a9-c59b7f7dfa93
Class: ‘Future’, ‘environment’

[[2]]
[1] NA
attr(,"reason")
[1] "No such future variable: 2L"

[[3]]
Future:
Label: ‘<none>’
Expression:
{
    3
}
Lazy evaluation: TRUE
Asynchronous evaluation: TRUE
Local evaluation: TRUE
Environment: R_GlobalEnv
Capture standard output: TRUE
Capture condition classes: ‘condition’ (excluding ‘nothing’)
Globals: <none>
Packages: <none>
L'Ecuyer-CMRG RNG seed: <none> (seed = FALSE)
Resolved: FALSE
Value: <not collected>
Conditions captured: <none>
Early signaling: FALSE
Owner process: cc02db22-cb0a-dffc-28a9-c59b7f7dfa93
Class: ‘Future’, ‘environment’

$d
Future:
Label: ‘<none>’
Expression:
{
    4
}
Lazy evaluation: TRUE
Asynchronous evaluation: TRUE
Local evaluation: TRUE
Environment: R_GlobalEnv
Capture standard output: TRUE
Capture condition classes: ‘condition’ (excluding ‘nothing’)
Globals: <none>
Packages: <none>
L'Ecuyer-CMRG RNG seed: <none> (seed = FALSE)
Resolved: FALSE
Value: <not collected>
Conditions captured: <none>
Early signaling: FALSE
Owner process: cc02db22-cb0a-dffc-28a9-c59b7f7dfa93
Class: ‘Future’, ‘environment’

[[5]]
[1] NA
attr(,"reason")
[1] "Future (‘.listenv_var_2.000000’) not found in listenv ‘<noname>’: ‘5L’"

> stopifnot(identical(names(fs), names(x)))
> stopifnot(identical(fs$a, f1))
> stopifnot(identical(fs[[3]], futureOf(3L, envir = x)))
> stopifnot(identical(fs$d, futureOf("d", envir = x)))
> 
> fsD <- futureOf(envir = x, drop = TRUE)
> print(fsD)
$a
Future:
Label: ‘<none>’
Expression:
{
    1
}
Lazy evaluation: TRUE
Asynchronous evaluation: TRUE
Local evaluation: TRUE
Environment: R_GlobalEnv
Capture standard output: TRUE
Capture condition classes: ‘condition’ (excluding ‘nothing’)
Globals: <none>
Packages: <none>
L'Ecuyer-CMRG RNG seed: <none> (seed = FALSE)
Resolved: FALSE
Value: <not collected>
Conditions captured: <none>
Early signaling: FALSE
Owner process: cc02db22-cb0a-dffc-28a9-c59b7f7dfa93
Class: ‘Future’, ‘environment’

[[2]]
Future:
Label: ‘<none>’
Expression:
{
    3
}
Lazy evaluation: TRUE
Asynchronous evaluation: TRUE
Local evaluation: TRUE
Environment: R_GlobalEnv
Capture standard output: TRUE
Capture condition classes: ‘condition’ (excluding ‘nothing’)
Globals: <none>
Packages: <none>
L'Ecuyer-CMRG RNG seed: <none> (seed = FALSE)
Resolved: FALSE
Value: <not collected>
Conditions captured: <none>
Early signaling: FALSE
Owner process: cc02db22-cb0a-dffc-28a9-c59b7f7dfa93
Class: ‘Future’, ‘environment’

$d
Future:
Label: ‘<none>’
Expression:
{
    4
}
Lazy evaluation: TRUE
Asynchronous evaluation: TRUE
Local evaluation: TRUE
Environment: R_GlobalEnv
Capture standard output: TRUE
Capture condition classes: ‘condition’ (excluding ‘nothing’)
Globals: <none>
Packages: <none>
L'Ecuyer-CMRG RNG seed: <none> (seed = FALSE)
Resolved: FALSE
Value: <not collected>
Conditions captured: <none>
Early signaling: FALSE
Owner process: cc02db22-cb0a-dffc-28a9-c59b7f7dfa93
Class: ‘Future’, ‘environment’

> stopifnot(all(sapply(fsD, FUN = inherits, "Future")))
> stopifnot(!identical(fsD, fs))
> 
> message("*** futureOf() with listenv - futures ... DONE")
*** futureOf() with listenv - futures ... DONE
> 
> 
> message("*** futureOf() with listenv - exceptions ...")
*** futureOf() with listenv - exceptions ...
> 
> ## Invalid subset
> res <- tryCatch(futureOf(x[[0]], mustExist = FALSE), error = identity)
> stopifnot(inherits(res, "error"))
> 
> res <- tryCatch(futureOf(x[[0]], mustExist = TRUE), error = identity)
> stopifnot(inherits(res, "error"))
> 
> ## Out-of-bound subscript, cf lists
> stopifnot(is.na(futureOf(x[[10]], mustExist = FALSE)))
> res <- tryCatch(futureOf(x[[10]], mustExist = TRUE), error = identity)
[13:20:23.764] ERROR: No such future variable: x[[10]]
> stopifnot(inherits(res, "error"))
> 
> ## Invalid subscript
> res <- tryCatch(futureOf(x[[1 + 2i]], mustExist = TRUE), error = identity)
> stopifnot(inherits(res, "error"))
> 
> ## Non-existing object
> res <- tryCatch(futureOf(z[[1]], mustExist = TRUE), error = identity)
> stopifnot(inherits(res, "error"))
> 
> message("*** futureOf() with listenv - exceptions ... DONE")
*** futureOf() with listenv - exceptions ... DONE
> 
> 
> message("*** futureOf() with listenv ... DONE")
*** futureOf() with listenv ... DONE
> 
> source("incl/end.R")
[13:20:23.765] plan(): Setting new future strategy stack:
[13:20:23.765] List of future strategies:
[13:20:23.765] 1. FutureStrategy:
[13:20:23.765]    - args: function (..., envir = parent.frame())
[13:20:23.765]    - tweaked: FALSE
[13:20:23.765]    - call: future::plan(oplan)
[13:20:23.776] plan(): nbrOfWorkers() = 1
> 
