
R version 4.3.0 (2023-04-21) -- "Already Tomorrow"
Copyright (C) 2023 The R Foundation for Statistical Computing
Platform: x86_64-pc-linux-gnu (64-bit)

R is free software and comes with ABSOLUTELY NO WARRANTY.
You are welcome to redistribute it under certain conditions.
Type 'license()' or 'licence()' for distribution details.

R is a collaborative project with many contributors.
Type 'contributors()' for more information and
'citation()' on how to cite R or R packages in publications.

Type 'demo()' for some demos, 'help()' for on-line help, or
'help.start()' for an HTML browser interface to help.
Type 'q()' to quit R.

> source("incl/start.R")
[16:12:25.432] plan(): Setting new future strategy stack:
[16:12:25.433] List of future strategies:
[16:12:25.433] 1. sequential:
[16:12:25.433]    - args: function (..., envir = parent.frame())
[16:12:25.433]    - tweaked: FALSE
[16:12:25.433]    - call: future::plan("sequential")
[16:12:25.446] plan(): nbrOfWorkers() = 1
> library("listenv")
> 
> message("*** futureOf() ...")
*** futureOf() ...
> 
> a %<-% { 1 } %lazy% TRUE
[16:12:25.459] getGlobalsAndPackages() ...
[16:12:25.459] Searching for globals...
[16:12:25.462] - globals found: [1] ‘{’
[16:12:25.462] Searching for globals ... DONE
[16:12:25.462] Resolving globals: FALSE
[16:12:25.463] 
[16:12:25.463] 
[16:12:25.463] getGlobalsAndPackages() ... DONE
> 
> f1 <- futureOf("a")
> print(f1)
Future:
Label: ‘<none>’
Expression:
{
    1
}
Lazy evaluation: TRUE
Asynchronous evaluation: TRUE
Local evaluation: TRUE
Environment: R_GlobalEnv
Capture standard output: TRUE
Capture condition classes: ‘condition’ (excluding ‘nothing’)
Globals: <none>
Packages: <none>
L'Ecuyer-CMRG RNG seed: <none> (seed = FALSE)
Resolved: FALSE
Value: <not collected>
Conditions captured: <none>
Early signaling: FALSE
Owner process: 6cee6184-a981-362a-d77a-6d59207a2d6f
Class: ‘Future’, ‘environment’
> f2 <- futureOf(a)
> print(f2)
Future:
Label: ‘<none>’
Expression:
{
    1
}
Lazy evaluation: TRUE
Asynchronous evaluation: TRUE
Local evaluation: TRUE
Environment: R_GlobalEnv
Capture standard output: TRUE
Capture condition classes: ‘condition’ (excluding ‘nothing’)
Globals: <none>
Packages: <none>
L'Ecuyer-CMRG RNG seed: <none> (seed = FALSE)
Resolved: FALSE
Value: <not collected>
Conditions captured: <none>
Early signaling: FALSE
Owner process: 6cee6184-a981-362a-d77a-6d59207a2d6f
Class: ‘Future’, ‘environment’
> stopifnot(identical(f2, f1))
> 
> ## Get all futures in the current environment
> fs <- futureOf(drop = TRUE)
> print(fs)
$a
Future:
Label: ‘<none>’
Expression:
{
    1
}
Lazy evaluation: TRUE
Asynchronous evaluation: TRUE
Local evaluation: TRUE
Environment: R_GlobalEnv
Capture standard output: TRUE
Capture condition classes: ‘condition’ (excluding ‘nothing’)
Globals: <none>
Packages: <none>
L'Ecuyer-CMRG RNG seed: <none> (seed = FALSE)
Resolved: FALSE
Value: <not collected>
Conditions captured: <none>
Early signaling: FALSE
Owner process: 6cee6184-a981-362a-d77a-6d59207a2d6f
Class: ‘Future’, ‘environment’

$f1
Future:
Label: ‘<none>’
Expression:
{
    1
}
Lazy evaluation: TRUE
Asynchronous evaluation: TRUE
Local evaluation: TRUE
Environment: R_GlobalEnv
Capture standard output: TRUE
Capture condition classes: ‘condition’ (excluding ‘nothing’)
Globals: <none>
Packages: <none>
L'Ecuyer-CMRG RNG seed: <none> (seed = FALSE)
Resolved: FALSE
Value: <not collected>
Conditions captured: <none>
Early signaling: FALSE
Owner process: 6cee6184-a981-362a-d77a-6d59207a2d6f
Class: ‘Future’, ‘environment’

$f2
Future:
Label: ‘<none>’
Expression:
{
    1
}
Lazy evaluation: TRUE
Asynchronous evaluation: TRUE
Local evaluation: TRUE
Environment: R_GlobalEnv
Capture standard output: TRUE
Capture condition classes: ‘condition’ (excluding ‘nothing’)
Globals: <none>
Packages: <none>
L'Ecuyer-CMRG RNG seed: <none> (seed = FALSE)
Resolved: FALSE
Value: <not collected>
Conditions captured: <none>
Early signaling: FALSE
Owner process: 6cee6184-a981-362a-d77a-6d59207a2d6f
Class: ‘Future’, ‘environment’

> stopifnot(
+   is.list(fs),
+   length(fs) == 3L,
+   all(names(fs) %in% c("a", "f1", "f2"))
+ )
> 
> ## Non-existing object
> res <- tryCatch(futureOf("non-exiting-object", mustExist = TRUE), error = identity)
[16:12:25.471] ERROR: No such future variable: "non-exiting-object"
> stopifnot(inherits(res, "error"))
> 
> message("*** futureOf() ... DONE")
*** futureOf() ... DONE
> 
> source("incl/end.R")
[16:12:25.472] plan(): Setting new future strategy stack:
[16:12:25.472] List of future strategies:
[16:12:25.472] 1. FutureStrategy:
[16:12:25.472]    - args: function (..., envir = parent.frame())
[16:12:25.472]    - tweaked: FALSE
[16:12:25.472]    - call: future::plan(oplan)
[16:12:25.484] plan(): nbrOfWorkers() = 1
> 
