
R version 4.3.0 (2023-04-21) -- "Already Tomorrow"
Copyright (C) 2023 The R Foundation for Statistical Computing
Platform: x86_64-pc-linux-gnu (64-bit)

R is free software and comes with ABSOLUTELY NO WARRANTY.
You are welcome to redistribute it under certain conditions.
Type 'license()' or 'licence()' for distribution details.

R is a collaborative project with many contributors.
Type 'contributors()' for more information and
'citation()' on how to cite R or R packages in publications.

Type 'demo()' for some demos, 'help()' for on-line help, or
'help.start()' for an HTML browser interface to help.
Type 'q()' to quit R.

> source("incl/start.R")
[16:14:26.278] plan(): Setting new future strategy stack:
[16:14:26.279] List of future strategies:
[16:14:26.279] 1. sequential:
[16:14:26.279]    - args: function (..., envir = parent.frame())
[16:14:26.279]    - tweaked: FALSE
[16:14:26.279]    - call: future::plan("sequential")
[16:14:26.292] plan(): nbrOfWorkers() = 1
> 
> message("*** sequential() ...")
*** sequential() ...
> 
> message("- sequential() w/ required packages ...")
- sequential() w/ required packages ...
> 
> f <- future(median(1:3), lazy = TRUE)
[16:14:26.302] getGlobalsAndPackages() ...
[16:14:26.303] Searching for globals...
[16:14:26.306] - globals found: [2] ‘median’, ‘:’
[16:14:26.307] Searching for globals ... DONE
[16:14:26.307] Resolving globals: FALSE
[16:14:26.307] 
[16:14:26.307] - packages: [1] ‘stats’
[16:14:26.308] getGlobalsAndPackages() ... DONE
> print(f)
Future:
Label: ‘<none>’
Expression:
median(1:3)
Lazy evaluation: TRUE
Asynchronous evaluation: TRUE
Local evaluation: TRUE
Environment: R_GlobalEnv
Capture standard output: TRUE
Capture condition classes: ‘condition’ (excluding ‘nothing’)
Globals: <none>
Packages: 1 packages (‘stats’)
L'Ecuyer-CMRG RNG seed: <none> (seed = FALSE)
Resolved: FALSE
Value: <not collected>
Conditions captured: <none>
Early signaling: FALSE
Owner process: dda483d4-7dd6-1b64-b8d0-c0809c42175b
Class: ‘Future’, ‘environment’
> 
> ## Doesn't work if covr that depends on stats is loaded
> try(unloadNamespace("stats"))
> 
> v <- value(f)
[16:14:26.310] run() for ‘Future’ ...
[16:14:26.311] - state: ‘created’
[16:14:26.311] - Future backend: ‘FutureStrategy’, ‘sequential’, ‘uniprocess’, ‘future’, ‘function’
[16:14:26.311] - Future class: ‘SequentialFuture’, ‘UniprocessFuture’, ‘Future’, ‘environment’
[16:14:26.311] - Copy elements of temporary ‘SequentialFuture’ to final ‘Future’ object ...
[16:14:26.311]   - Field: ‘label’
[16:14:26.311]   - Field: ‘local’
[16:14:26.312]   - Field: ‘owner’
[16:14:26.312]   - Field: ‘envir’
[16:14:26.312]   - Field: ‘packages’
[16:14:26.312]   - Field: ‘gc’
[16:14:26.312]   - Field: ‘conditions’
[16:14:26.312]   - Field: ‘expr’
[16:14:26.312]   - Field: ‘uuid’
[16:14:26.312]   - Field: ‘seed’
[16:14:26.312]   - Field: ‘version’
[16:14:26.312]   - Field: ‘result’
[16:14:26.312]   - Field: ‘asynchronous’
[16:14:26.313]   - Field: ‘calls’
[16:14:26.313]   - Field: ‘globals’
[16:14:26.313]   - Field: ‘stdout’
[16:14:26.313]   - Field: ‘earlySignal’
[16:14:26.313]   - Field: ‘lazy’
[16:14:26.313]   - Field: ‘state’
[16:14:26.313] - Copy elements of temporary ‘SequentialFuture’ to final ‘Future’ object ... done
[16:14:26.313] - Launch lazy future ...
[16:14:26.314] Packages needed by the future expression (n = 1): ‘stats’
[16:14:26.314] Packages needed by future strategies (n = 0): <none>
[16:14:26.360] {
[16:14:26.360]     {
[16:14:26.360]         {
[16:14:26.360]             ...future.startTime <- base::Sys.time()
[16:14:26.360]             {
[16:14:26.360]                 {
[16:14:26.360]                   {
[16:14:26.360]                     {
[16:14:26.360]                       base::local({
[16:14:26.360]                         has_future <- base::requireNamespace("future", 
[16:14:26.360]                           quietly = TRUE)
[16:14:26.360]                         if (has_future) {
[16:14:26.360]                           ns <- base::getNamespace("future")
[16:14:26.360]                           version <- ns[[".package"]][["version"]]
[16:14:26.360]                           if (is.null(version)) 
[16:14:26.360]                             version <- utils::packageVersion("future")
[16:14:26.360]                         }
[16:14:26.360]                         else {
[16:14:26.360]                           version <- NULL
[16:14:26.360]                         }
[16:14:26.360]                         if (!has_future || version < "1.8.0") {
[16:14:26.360]                           info <- base::c(r_version = base::gsub("R version ", 
[16:14:26.360]                             "", base::R.version$version.string), 
[16:14:26.360]                             platform = base::sprintf("%s (%s-bit)", 
[16:14:26.360]                               base::R.version$platform, 8 * base::.Machine$sizeof.pointer), 
[16:14:26.360]                             os = base::paste(base::Sys.info()[base::c("sysname", 
[16:14:26.360]                               "release", "version")], collapse = " "), 
[16:14:26.360]                             hostname = base::Sys.info()[["nodename"]])
[16:14:26.360]                           info <- base::sprintf("%s: %s", base::names(info), 
[16:14:26.360]                             info)
[16:14:26.360]                           info <- base::paste(info, collapse = "; ")
[16:14:26.360]                           if (!has_future) {
[16:14:26.360]                             msg <- base::sprintf("Package 'future' is not installed on worker (%s)", 
[16:14:26.360]                               info)
[16:14:26.360]                           }
[16:14:26.360]                           else {
[16:14:26.360]                             msg <- base::sprintf("Package 'future' on worker (%s) must be of version >= 1.8.0: %s", 
[16:14:26.360]                               info, version)
[16:14:26.360]                           }
[16:14:26.360]                           base::stop(msg)
[16:14:26.360]                         }
[16:14:26.360]                       })
[16:14:26.360]                     }
[16:14:26.360]                     base::local({
[16:14:26.360]                       for (pkg in "stats") {
[16:14:26.360]                         base::loadNamespace(pkg)
[16:14:26.360]                         base::library(pkg, character.only = TRUE)
[16:14:26.360]                       }
[16:14:26.360]                     })
[16:14:26.360]                   }
[16:14:26.360]                   options(future.plan = NULL)
[16:14:26.360]                   Sys.unsetenv("R_FUTURE_PLAN")
[16:14:26.360]                   future::plan("default", .cleanup = FALSE, .init = FALSE)
[16:14:26.360]                 }
[16:14:26.360]                 ...future.workdir <- getwd()
[16:14:26.360]             }
[16:14:26.360]             ...future.oldOptions <- base::as.list(base::.Options)
[16:14:26.360]             ...future.oldEnvVars <- base::Sys.getenv()
[16:14:26.360]         }
[16:14:26.360]         base::options(future.startup.script = FALSE, future.globals.onMissing = NULL, 
[16:14:26.360]             future.globals.maxSize = NULL, future.globals.method = NULL, 
[16:14:26.360]             future.globals.onMissing = NULL, future.globals.onReference = NULL, 
[16:14:26.360]             future.globals.resolve = NULL, future.resolve.recursive = NULL, 
[16:14:26.360]             future.rng.onMisuse = NULL, future.rng.onMisuse.keepFuture = NULL, 
[16:14:26.360]             future.stdout.windows.reencode = NULL, width = 80L)
[16:14:26.360]         ...future.futureOptionsAdded <- base::setdiff(base::names(base::.Options), 
[16:14:26.360]             base::names(...future.oldOptions))
[16:14:26.360]     }
[16:14:26.360]     if (FALSE) {
[16:14:26.360]     }
[16:14:26.360]     else {
[16:14:26.360]         if (TRUE) {
[16:14:26.360]             ...future.stdout <- base::rawConnection(base::raw(0L), 
[16:14:26.360]                 open = "w")
[16:14:26.360]         }
[16:14:26.360]         else {
[16:14:26.360]             ...future.stdout <- base::file(base::switch(.Platform$OS.type, 
[16:14:26.360]                 windows = "NUL", "/dev/null"), open = "w")
[16:14:26.360]         }
[16:14:26.360]         base::sink(...future.stdout, type = "output", split = FALSE)
[16:14:26.360]         base::on.exit(if (!base::is.null(...future.stdout)) {
[16:14:26.360]             base::sink(type = "output", split = FALSE)
[16:14:26.360]             base::close(...future.stdout)
[16:14:26.360]         }, add = TRUE)
[16:14:26.360]     }
[16:14:26.360]     ...future.frame <- base::sys.nframe()
[16:14:26.360]     ...future.conditions <- base::list()
[16:14:26.360]     ...future.rng <- base::globalenv()$.Random.seed
[16:14:26.360]     if (FALSE) {
[16:14:26.360]         ...future.globalenv.names <- c(base::names(base::.GlobalEnv), 
[16:14:26.360]             "...future.value", "...future.globalenv.names", ".Random.seed")
[16:14:26.360]     }
[16:14:26.360]     ...future.result <- base::tryCatch({
[16:14:26.360]         base::withCallingHandlers({
[16:14:26.360]             ...future.value <- base::withVisible(base::local(median(1:3)))
[16:14:26.360]             future::FutureResult(value = ...future.value$value, 
[16:14:26.360]                 visible = ...future.value$visible, rng = !identical(base::globalenv()$.Random.seed, 
[16:14:26.360]                   ...future.rng), globalenv = if (FALSE) 
[16:14:26.360]                   list(added = base::setdiff(base::names(base::.GlobalEnv), 
[16:14:26.360]                     ...future.globalenv.names))
[16:14:26.360]                 else NULL, started = ...future.startTime, version = "1.8")
[16:14:26.360]         }, condition = base::local({
[16:14:26.360]             c <- base::c
[16:14:26.360]             inherits <- base::inherits
[16:14:26.360]             invokeRestart <- base::invokeRestart
[16:14:26.360]             length <- base::length
[16:14:26.360]             list <- base::list
[16:14:26.360]             seq.int <- base::seq.int
[16:14:26.360]             signalCondition <- base::signalCondition
[16:14:26.360]             sys.calls <- base::sys.calls
[16:14:26.360]             `[[` <- base::`[[`
[16:14:26.360]             `+` <- base::`+`
[16:14:26.360]             `<<-` <- base::`<<-`
[16:14:26.360]             sysCalls <- function(calls = sys.calls(), from = 1L) {
[16:14:26.360]                 calls[seq.int(from = from + 12L, to = length(calls) - 
[16:14:26.360]                   3L)]
[16:14:26.360]             }
[16:14:26.360]             function(cond) {
[16:14:26.360]                 is_error <- inherits(cond, "error")
[16:14:26.360]                 ignore <- !is_error && !is.null(NULL) && inherits(cond, 
[16:14:26.360]                   NULL)
[16:14:26.360]                 if (is_error) {
[16:14:26.360]                   sessionInformation <- function() {
[16:14:26.360]                     list(r = base::R.Version(), locale = base::Sys.getlocale(), 
[16:14:26.360]                       rngkind = base::RNGkind(), namespaces = base::loadedNamespaces(), 
[16:14:26.360]                       search = base::search(), system = base::Sys.info())
[16:14:26.360]                   }
[16:14:26.360]                   ...future.conditions[[length(...future.conditions) + 
[16:14:26.360]                     1L]] <<- list(condition = cond, calls = c(sysCalls(from = ...future.frame), 
[16:14:26.360]                     cond$call), session = sessionInformation(), 
[16:14:26.360]                     timestamp = base::Sys.time(), signaled = 0L)
[16:14:26.360]                   signalCondition(cond)
[16:14:26.360]                 }
[16:14:26.360]                 else if (!ignore && TRUE && inherits(cond, c("condition", 
[16:14:26.360]                 "immediateCondition"))) {
[16:14:26.360]                   signal <- TRUE && inherits(cond, "immediateCondition")
[16:14:26.360]                   ...future.conditions[[length(...future.conditions) + 
[16:14:26.360]                     1L]] <<- list(condition = cond, signaled = base::as.integer(signal))
[16:14:26.360]                   if (TRUE && !signal) {
[16:14:26.360]                     muffleCondition <- function (cond, pattern = "^muffle") 
[16:14:26.360]                     {
[16:14:26.360]                       inherits <- base::inherits
[16:14:26.360]                       invokeRestart <- base::invokeRestart
[16:14:26.360]                       is.null <- base::is.null
[16:14:26.360]                       muffled <- FALSE
[16:14:26.360]                       if (inherits(cond, "message")) {
[16:14:26.360]                         muffled <- grepl(pattern, "muffleMessage")
[16:14:26.360]                         if (muffled) 
[16:14:26.360]                           invokeRestart("muffleMessage")
[16:14:26.360]                       }
[16:14:26.360]                       else if (inherits(cond, "warning")) {
[16:14:26.360]                         muffled <- grepl(pattern, "muffleWarning")
[16:14:26.360]                         if (muffled) 
[16:14:26.360]                           invokeRestart("muffleWarning")
[16:14:26.360]                       }
[16:14:26.360]                       else if (inherits(cond, "condition")) {
[16:14:26.360]                         if (!is.null(pattern)) {
[16:14:26.360]                           computeRestarts <- base::computeRestarts
[16:14:26.360]                           grepl <- base::grepl
[16:14:26.360]                           restarts <- computeRestarts(cond)
[16:14:26.360]                           for (restart in restarts) {
[16:14:26.360]                             name <- restart$name
[16:14:26.360]                             if (is.null(name)) 
[16:14:26.360]                               next
[16:14:26.360]                             if (!grepl(pattern, name)) 
[16:14:26.360]                               next
[16:14:26.360]                             invokeRestart(restart)
[16:14:26.360]                             muffled <- TRUE
[16:14:26.360]                             break
[16:14:26.360]                           }
[16:14:26.360]                         }
[16:14:26.360]                       }
[16:14:26.360]                       invisible(muffled)
[16:14:26.360]                     }
[16:14:26.360]                     muffleCondition(cond, pattern = "^muffle")
[16:14:26.360]                   }
[16:14:26.360]                 }
[16:14:26.360]                 else {
[16:14:26.360]                   if (TRUE) {
[16:14:26.360]                     muffleCondition <- function (cond, pattern = "^muffle") 
[16:14:26.360]                     {
[16:14:26.360]                       inherits <- base::inherits
[16:14:26.360]                       invokeRestart <- base::invokeRestart
[16:14:26.360]                       is.null <- base::is.null
[16:14:26.360]                       muffled <- FALSE
[16:14:26.360]                       if (inherits(cond, "message")) {
[16:14:26.360]                         muffled <- grepl(pattern, "muffleMessage")
[16:14:26.360]                         if (muffled) 
[16:14:26.360]                           invokeRestart("muffleMessage")
[16:14:26.360]                       }
[16:14:26.360]                       else if (inherits(cond, "warning")) {
[16:14:26.360]                         muffled <- grepl(pattern, "muffleWarning")
[16:14:26.360]                         if (muffled) 
[16:14:26.360]                           invokeRestart("muffleWarning")
[16:14:26.360]                       }
[16:14:26.360]                       else if (inherits(cond, "condition")) {
[16:14:26.360]                         if (!is.null(pattern)) {
[16:14:26.360]                           computeRestarts <- base::computeRestarts
[16:14:26.360]                           grepl <- base::grepl
[16:14:26.360]                           restarts <- computeRestarts(cond)
[16:14:26.360]                           for (restart in restarts) {
[16:14:26.360]                             name <- restart$name
[16:14:26.360]                             if (is.null(name)) 
[16:14:26.360]                               next
[16:14:26.360]                             if (!grepl(pattern, name)) 
[16:14:26.360]                               next
[16:14:26.360]                             invokeRestart(restart)
[16:14:26.360]                             muffled <- TRUE
[16:14:26.360]                             break
[16:14:26.360]                           }
[16:14:26.360]                         }
[16:14:26.360]                       }
[16:14:26.360]                       invisible(muffled)
[16:14:26.360]                     }
[16:14:26.360]                     muffleCondition(cond, pattern = "^muffle")
[16:14:26.360]                   }
[16:14:26.360]                 }
[16:14:26.360]             }
[16:14:26.360]         }))
[16:14:26.360]     }, error = function(ex) {
[16:14:26.360]         base::structure(base::list(value = NULL, visible = NULL, 
[16:14:26.360]             conditions = ...future.conditions, rng = !identical(base::globalenv()$.Random.seed, 
[16:14:26.360]                 ...future.rng), started = ...future.startTime, 
[16:14:26.360]             finished = Sys.time(), session_uuid = NA_character_, 
[16:14:26.360]             version = "1.8"), class = "FutureResult")
[16:14:26.360]     }, finally = {
[16:14:26.360]         if (!identical(...future.workdir, getwd())) 
[16:14:26.360]             setwd(...future.workdir)
[16:14:26.360]         {
[16:14:26.360]             if (identical(getOption("nwarnings"), ...future.oldOptions$nwarnings)) {
[16:14:26.360]                 ...future.oldOptions$nwarnings <- NULL
[16:14:26.360]             }
[16:14:26.360]             base::options(...future.oldOptions)
[16:14:26.360]             if (.Platform$OS.type == "windows") {
[16:14:26.360]                 old_names <- names(...future.oldEnvVars)
[16:14:26.360]                 envs <- base::Sys.getenv()
[16:14:26.360]                 names <- names(envs)
[16:14:26.360]                 common <- intersect(names, old_names)
[16:14:26.360]                 added <- setdiff(names, old_names)
[16:14:26.360]                 removed <- setdiff(old_names, names)
[16:14:26.360]                 changed <- common[...future.oldEnvVars[common] != 
[16:14:26.360]                   envs[common]]
[16:14:26.360]                 NAMES <- toupper(changed)
[16:14:26.360]                 args <- list()
[16:14:26.360]                 for (kk in seq_along(NAMES)) {
[16:14:26.360]                   name <- changed[[kk]]
[16:14:26.360]                   NAME <- NAMES[[kk]]
[16:14:26.360]                   if (name != NAME && is.element(NAME, old_names)) 
[16:14:26.360]                     next
[16:14:26.360]                   args[[name]] <- ...future.oldEnvVars[[name]]
[16:14:26.360]                 }
[16:14:26.360]                 NAMES <- toupper(added)
[16:14:26.360]                 for (kk in seq_along(NAMES)) {
[16:14:26.360]                   name <- added[[kk]]
[16:14:26.360]                   NAME <- NAMES[[kk]]
[16:14:26.360]                   if (name != NAME && is.element(NAME, old_names)) 
[16:14:26.360]                     next
[16:14:26.360]                   args[[name]] <- ""
[16:14:26.360]                 }
[16:14:26.360]                 NAMES <- toupper(removed)
[16:14:26.360]                 for (kk in seq_along(NAMES)) {
[16:14:26.360]                   name <- removed[[kk]]
[16:14:26.360]                   NAME <- NAMES[[kk]]
[16:14:26.360]                   if (name != NAME && is.element(NAME, old_names)) 
[16:14:26.360]                     next
[16:14:26.360]                   args[[name]] <- ...future.oldEnvVars[[name]]
[16:14:26.360]                 }
[16:14:26.360]                 if (length(args) > 0) 
[16:14:26.360]                   base::do.call(base::Sys.setenv, args = args)
[16:14:26.360]                 args <- names <- old_names <- NAMES <- envs <- common <- added <- removed <- NULL
[16:14:26.360]             }
[16:14:26.360]             else {
[16:14:26.360]                 base::do.call(base::Sys.setenv, args = base::as.list(...future.oldEnvVars))
[16:14:26.360]             }
[16:14:26.360]             {
[16:14:26.360]                 if (base::length(...future.futureOptionsAdded) > 
[16:14:26.360]                   0L) {
[16:14:26.360]                   opts <- base::vector("list", length = base::length(...future.futureOptionsAdded))
[16:14:26.360]                   base::names(opts) <- ...future.futureOptionsAdded
[16:14:26.360]                   base::options(opts)
[16:14:26.360]                 }
[16:14:26.360]                 {
[16:14:26.360]                   {
[16:14:26.360]                     NULL
[16:14:26.360]                     RNGkind("Mersenne-Twister")
[16:14:26.360]                     base::rm(list = ".Random.seed", envir = base::globalenv(), 
[16:14:26.360]                       inherits = FALSE)
[16:14:26.360]                   }
[16:14:26.360]                   options(future.plan = NULL)
[16:14:26.360]                   if (is.na(NA_character_)) 
[16:14:26.360]                     Sys.unsetenv("R_FUTURE_PLAN")
[16:14:26.360]                   else Sys.setenv(R_FUTURE_PLAN = NA_character_)
[16:14:26.360]                   future::plan(list(function (..., envir = parent.frame()) 
[16:14:26.360]                   {
[16:14:26.360]                     future <- SequentialFuture(..., envir = envir)
[16:14:26.360]                     if (!future$lazy) 
[16:14:26.360]                       future <- run(future)
[16:14:26.360]                     invisible(future)
[16:14:26.360]                   }), .cleanup = FALSE, .init = FALSE)
[16:14:26.360]                 }
[16:14:26.360]             }
[16:14:26.360]         }
[16:14:26.360]     })
[16:14:26.360]     if (TRUE) {
[16:14:26.360]         base::sink(type = "output", split = FALSE)
[16:14:26.360]         if (TRUE) {
[16:14:26.360]             ...future.result$stdout <- base::rawToChar(base::rawConnectionValue(...future.stdout))
[16:14:26.360]         }
[16:14:26.360]         else {
[16:14:26.360]             ...future.result["stdout"] <- base::list(NULL)
[16:14:26.360]         }
[16:14:26.360]         base::close(...future.stdout)
[16:14:26.360]         ...future.stdout <- NULL
[16:14:26.360]     }
[16:14:26.360]     ...future.result$conditions <- ...future.conditions
[16:14:26.360]     ...future.result$finished <- base::Sys.time()
[16:14:26.360]     ...future.result
[16:14:26.360] }
[16:14:26.364] plan(): Setting new future strategy stack:
[16:14:26.365] List of future strategies:
[16:14:26.365] 1. sequential:
[16:14:26.365]    - args: function (..., envir = parent.frame())
[16:14:26.365]    - tweaked: FALSE
[16:14:26.365]    - call: NULL
[16:14:26.365] plan(): nbrOfWorkers() = 1
[16:14:26.366] plan(): Setting new future strategy stack:
[16:14:26.366] List of future strategies:
[16:14:26.366] 1. sequential:
[16:14:26.366]    - args: function (..., envir = parent.frame())
[16:14:26.366]    - tweaked: FALSE
[16:14:26.366]    - call: future::plan("sequential")
[16:14:26.367] plan(): nbrOfWorkers() = 1
[16:14:26.367] SequentialFuture started (and completed)
[16:14:26.367] - Launch lazy future ... done
[16:14:26.368] run() for ‘SequentialFuture’ ... done
> print(v)
[1] 2
> stopifnot(identical(v, 2L))
> 
> stopifnot("stats" %in% loadedNamespaces())
> 
> message("- SequentialFuture() - 'local = FALSE' is defunct ...")
- SequentialFuture() - 'local = FALSE' is defunct ...
> 
> res <- tryCatch({
+   f <- SequentialFuture(42, local = FALSE)
+ }, error = identity)
[16:14:26.368] getGlobalsAndPackages() ...
[16:14:26.368] Searching for globals...
[16:14:26.368] 
[16:14:26.369] Searching for globals ... DONE
[16:14:26.369] - globals: [0] <none>
[16:14:26.369] getGlobalsAndPackages() ... DONE
> stopifnot(inherits(res, "error"))
> 
> message("*** sequential() ... DONE")
*** sequential() ... DONE
> 
> source("incl/end.R")
[16:14:26.369] plan(): Setting new future strategy stack:
[16:14:26.369] List of future strategies:
[16:14:26.369] 1. FutureStrategy:
[16:14:26.369]    - args: function (..., envir = parent.frame())
[16:14:26.369]    - tweaked: FALSE
[16:14:26.369]    - call: future::plan(oplan)
[16:14:26.404] plan(): nbrOfWorkers() = 1
> 
