
R version 4.3.0 (2023-04-21) -- "Already Tomorrow"
Copyright (C) 2023 The R Foundation for Statistical Computing
Platform: x86_64-pc-linux-gnu (64-bit)

R is free software and comes with ABSOLUTELY NO WARRANTY.
You are welcome to redistribute it under certain conditions.
Type 'license()' or 'licence()' for distribution details.

R is a collaborative project with many contributors.
Type 'contributors()' for more information and
'citation()' on how to cite R or R packages in publications.

Type 'demo()' for some demos, 'help()' for on-line help, or
'help.start()' for an HTML browser interface to help.
Type 'q()' to quit R.

> source("incl/start.R")
[13:22:26.324] plan(): Setting new future strategy stack:
[13:22:26.325] List of future strategies:
[13:22:26.325] 1. sequential:
[13:22:26.325]    - args: function (..., envir = parent.frame())
[13:22:26.325]    - tweaked: FALSE
[13:22:26.325]    - call: future::plan("sequential")
[13:22:26.338] plan(): nbrOfWorkers() = 1
> 
> message("*** sequential() ...")
*** sequential() ...
> 
> message("- sequential() w/ required packages ...")
- sequential() w/ required packages ...
> 
> f <- future(median(1:3), lazy = TRUE)
[13:22:26.348] getGlobalsAndPackages() ...
[13:22:26.348] Searching for globals...
[13:22:26.352] - globals found: [2] ‘median’, ‘:’
[13:22:26.352] Searching for globals ... DONE
[13:22:26.353] Resolving globals: FALSE
[13:22:26.353] 
[13:22:26.353] - packages: [1] ‘stats’
[13:22:26.353] getGlobalsAndPackages() ... DONE
> print(f)
Future:
Label: ‘<none>’
Expression:
median(1:3)
Lazy evaluation: TRUE
Asynchronous evaluation: TRUE
Local evaluation: TRUE
Environment: R_GlobalEnv
Capture standard output: TRUE
Capture condition classes: ‘condition’ (excluding ‘nothing’)
Globals: <none>
Packages: 1 packages (‘stats’)
L'Ecuyer-CMRG RNG seed: <none> (seed = FALSE)
Resolved: FALSE
Value: <not collected>
Conditions captured: <none>
Early signaling: FALSE
Owner process: 77536797-2c7a-efcb-85dc-3a53d82090b2
Class: ‘Future’, ‘environment’
> 
> ## Doesn't work if covr that depends on stats is loaded
> try(unloadNamespace("stats"))
> 
> v <- value(f)
[13:22:26.356] run() for ‘Future’ ...
[13:22:26.357] - state: ‘created’
[13:22:26.357] - Future backend: ‘FutureStrategy’, ‘sequential’, ‘uniprocess’, ‘future’, ‘function’
[13:22:26.357] - Future class: ‘SequentialFuture’, ‘UniprocessFuture’, ‘Future’, ‘environment’
[13:22:26.357] - Copy elements of temporary ‘SequentialFuture’ to final ‘Future’ object ...
[13:22:26.357]   - Field: ‘label’
[13:22:26.357]   - Field: ‘local’
[13:22:26.358]   - Field: ‘owner’
[13:22:26.358]   - Field: ‘envir’
[13:22:26.358]   - Field: ‘packages’
[13:22:26.358]   - Field: ‘gc’
[13:22:26.358]   - Field: ‘conditions’
[13:22:26.358]   - Field: ‘expr’
[13:22:26.358]   - Field: ‘uuid’
[13:22:26.358]   - Field: ‘seed’
[13:22:26.358]   - Field: ‘version’
[13:22:26.358]   - Field: ‘result’
[13:22:26.358]   - Field: ‘asynchronous’
[13:22:26.359]   - Field: ‘calls’
[13:22:26.359]   - Field: ‘globals’
[13:22:26.359]   - Field: ‘stdout’
[13:22:26.359]   - Field: ‘earlySignal’
[13:22:26.359]   - Field: ‘lazy’
[13:22:26.359]   - Field: ‘state’
[13:22:26.359] - Copy elements of temporary ‘SequentialFuture’ to final ‘Future’ object ... done
[13:22:26.359] - Launch lazy future ...
[13:22:26.360] Packages needed by the future expression (n = 1): ‘stats’
[13:22:26.360] Packages needed by future strategies (n = 0): <none>
[13:22:26.408] {
[13:22:26.408]     {
[13:22:26.408]         {
[13:22:26.408]             ...future.startTime <- base::Sys.time()
[13:22:26.408]             {
[13:22:26.408]                 {
[13:22:26.408]                   {
[13:22:26.408]                     {
[13:22:26.408]                       base::local({
[13:22:26.408]                         has_future <- base::requireNamespace("future", 
[13:22:26.408]                           quietly = TRUE)
[13:22:26.408]                         if (has_future) {
[13:22:26.408]                           ns <- base::getNamespace("future")
[13:22:26.408]                           version <- ns[[".package"]][["version"]]
[13:22:26.408]                           if (is.null(version)) 
[13:22:26.408]                             version <- utils::packageVersion("future")
[13:22:26.408]                         }
[13:22:26.408]                         else {
[13:22:26.408]                           version <- NULL
[13:22:26.408]                         }
[13:22:26.408]                         if (!has_future || version < "1.8.0") {
[13:22:26.408]                           info <- base::c(r_version = base::gsub("R version ", 
[13:22:26.408]                             "", base::R.version$version.string), 
[13:22:26.408]                             platform = base::sprintf("%s (%s-bit)", 
[13:22:26.408]                               base::R.version$platform, 8 * base::.Machine$sizeof.pointer), 
[13:22:26.408]                             os = base::paste(base::Sys.info()[base::c("sysname", 
[13:22:26.408]                               "release", "version")], collapse = " "), 
[13:22:26.408]                             hostname = base::Sys.info()[["nodename"]])
[13:22:26.408]                           info <- base::sprintf("%s: %s", base::names(info), 
[13:22:26.408]                             info)
[13:22:26.408]                           info <- base::paste(info, collapse = "; ")
[13:22:26.408]                           if (!has_future) {
[13:22:26.408]                             msg <- base::sprintf("Package 'future' is not installed on worker (%s)", 
[13:22:26.408]                               info)
[13:22:26.408]                           }
[13:22:26.408]                           else {
[13:22:26.408]                             msg <- base::sprintf("Package 'future' on worker (%s) must be of version >= 1.8.0: %s", 
[13:22:26.408]                               info, version)
[13:22:26.408]                           }
[13:22:26.408]                           base::stop(msg)
[13:22:26.408]                         }
[13:22:26.408]                       })
[13:22:26.408]                     }
[13:22:26.408]                     base::local({
[13:22:26.408]                       for (pkg in "stats") {
[13:22:26.408]                         base::loadNamespace(pkg)
[13:22:26.408]                         base::library(pkg, character.only = TRUE)
[13:22:26.408]                       }
[13:22:26.408]                     })
[13:22:26.408]                   }
[13:22:26.408]                   options(future.plan = NULL)
[13:22:26.408]                   Sys.unsetenv("R_FUTURE_PLAN")
[13:22:26.408]                   future::plan("default", .cleanup = FALSE, .init = FALSE)
[13:22:26.408]                 }
[13:22:26.408]                 ...future.workdir <- getwd()
[13:22:26.408]             }
[13:22:26.408]             ...future.oldOptions <- base::as.list(base::.Options)
[13:22:26.408]             ...future.oldEnvVars <- base::Sys.getenv()
[13:22:26.408]         }
[13:22:26.408]         base::options(future.startup.script = FALSE, future.globals.onMissing = NULL, 
[13:22:26.408]             future.globals.maxSize = NULL, future.globals.method = NULL, 
[13:22:26.408]             future.globals.onMissing = NULL, future.globals.onReference = NULL, 
[13:22:26.408]             future.globals.resolve = NULL, future.resolve.recursive = NULL, 
[13:22:26.408]             future.rng.onMisuse = NULL, future.rng.onMisuse.keepFuture = NULL, 
[13:22:26.408]             future.stdout.windows.reencode = NULL, width = 80L)
[13:22:26.408]         ...future.futureOptionsAdded <- base::setdiff(base::names(base::.Options), 
[13:22:26.408]             base::names(...future.oldOptions))
[13:22:26.408]     }
[13:22:26.408]     if (FALSE) {
[13:22:26.408]     }
[13:22:26.408]     else {
[13:22:26.408]         if (TRUE) {
[13:22:26.408]             ...future.stdout <- base::rawConnection(base::raw(0L), 
[13:22:26.408]                 open = "w")
[13:22:26.408]         }
[13:22:26.408]         else {
[13:22:26.408]             ...future.stdout <- base::file(base::switch(.Platform$OS.type, 
[13:22:26.408]                 windows = "NUL", "/dev/null"), open = "w")
[13:22:26.408]         }
[13:22:26.408]         base::sink(...future.stdout, type = "output", split = FALSE)
[13:22:26.408]         base::on.exit(if (!base::is.null(...future.stdout)) {
[13:22:26.408]             base::sink(type = "output", split = FALSE)
[13:22:26.408]             base::close(...future.stdout)
[13:22:26.408]         }, add = TRUE)
[13:22:26.408]     }
[13:22:26.408]     ...future.frame <- base::sys.nframe()
[13:22:26.408]     ...future.conditions <- base::list()
[13:22:26.408]     ...future.rng <- base::globalenv()$.Random.seed
[13:22:26.408]     if (FALSE) {
[13:22:26.408]         ...future.globalenv.names <- c(base::names(base::.GlobalEnv), 
[13:22:26.408]             "...future.value", "...future.globalenv.names", ".Random.seed")
[13:22:26.408]     }
[13:22:26.408]     ...future.result <- base::tryCatch({
[13:22:26.408]         base::withCallingHandlers({
[13:22:26.408]             ...future.value <- base::withVisible(base::local(median(1:3)))
[13:22:26.408]             future::FutureResult(value = ...future.value$value, 
[13:22:26.408]                 visible = ...future.value$visible, rng = !identical(base::globalenv()$.Random.seed, 
[13:22:26.408]                   ...future.rng), globalenv = if (FALSE) 
[13:22:26.408]                   list(added = base::setdiff(base::names(base::.GlobalEnv), 
[13:22:26.408]                     ...future.globalenv.names))
[13:22:26.408]                 else NULL, started = ...future.startTime, version = "1.8")
[13:22:26.408]         }, condition = base::local({
[13:22:26.408]             c <- base::c
[13:22:26.408]             inherits <- base::inherits
[13:22:26.408]             invokeRestart <- base::invokeRestart
[13:22:26.408]             length <- base::length
[13:22:26.408]             list <- base::list
[13:22:26.408]             seq.int <- base::seq.int
[13:22:26.408]             signalCondition <- base::signalCondition
[13:22:26.408]             sys.calls <- base::sys.calls
[13:22:26.408]             `[[` <- base::`[[`
[13:22:26.408]             `+` <- base::`+`
[13:22:26.408]             `<<-` <- base::`<<-`
[13:22:26.408]             sysCalls <- function(calls = sys.calls(), from = 1L) {
[13:22:26.408]                 calls[seq.int(from = from + 12L, to = length(calls) - 
[13:22:26.408]                   3L)]
[13:22:26.408]             }
[13:22:26.408]             function(cond) {
[13:22:26.408]                 is_error <- inherits(cond, "error")
[13:22:26.408]                 ignore <- !is_error && !is.null(NULL) && inherits(cond, 
[13:22:26.408]                   NULL)
[13:22:26.408]                 if (is_error) {
[13:22:26.408]                   sessionInformation <- function() {
[13:22:26.408]                     list(r = base::R.Version(), locale = base::Sys.getlocale(), 
[13:22:26.408]                       rngkind = base::RNGkind(), namespaces = base::loadedNamespaces(), 
[13:22:26.408]                       search = base::search(), system = base::Sys.info())
[13:22:26.408]                   }
[13:22:26.408]                   ...future.conditions[[length(...future.conditions) + 
[13:22:26.408]                     1L]] <<- list(condition = cond, calls = c(sysCalls(from = ...future.frame), 
[13:22:26.408]                     cond$call), session = sessionInformation(), 
[13:22:26.408]                     timestamp = base::Sys.time(), signaled = 0L)
[13:22:26.408]                   signalCondition(cond)
[13:22:26.408]                 }
[13:22:26.408]                 else if (!ignore && TRUE && inherits(cond, c("condition", 
[13:22:26.408]                 "immediateCondition"))) {
[13:22:26.408]                   signal <- TRUE && inherits(cond, "immediateCondition")
[13:22:26.408]                   ...future.conditions[[length(...future.conditions) + 
[13:22:26.408]                     1L]] <<- list(condition = cond, signaled = base::as.integer(signal))
[13:22:26.408]                   if (TRUE && !signal) {
[13:22:26.408]                     muffleCondition <- function (cond, pattern = "^muffle") 
[13:22:26.408]                     {
[13:22:26.408]                       inherits <- base::inherits
[13:22:26.408]                       invokeRestart <- base::invokeRestart
[13:22:26.408]                       is.null <- base::is.null
[13:22:26.408]                       muffled <- FALSE
[13:22:26.408]                       if (inherits(cond, "message")) {
[13:22:26.408]                         muffled <- grepl(pattern, "muffleMessage")
[13:22:26.408]                         if (muffled) 
[13:22:26.408]                           invokeRestart("muffleMessage")
[13:22:26.408]                       }
[13:22:26.408]                       else if (inherits(cond, "warning")) {
[13:22:26.408]                         muffled <- grepl(pattern, "muffleWarning")
[13:22:26.408]                         if (muffled) 
[13:22:26.408]                           invokeRestart("muffleWarning")
[13:22:26.408]                       }
[13:22:26.408]                       else if (inherits(cond, "condition")) {
[13:22:26.408]                         if (!is.null(pattern)) {
[13:22:26.408]                           computeRestarts <- base::computeRestarts
[13:22:26.408]                           grepl <- base::grepl
[13:22:26.408]                           restarts <- computeRestarts(cond)
[13:22:26.408]                           for (restart in restarts) {
[13:22:26.408]                             name <- restart$name
[13:22:26.408]                             if (is.null(name)) 
[13:22:26.408]                               next
[13:22:26.408]                             if (!grepl(pattern, name)) 
[13:22:26.408]                               next
[13:22:26.408]                             invokeRestart(restart)
[13:22:26.408]                             muffled <- TRUE
[13:22:26.408]                             break
[13:22:26.408]                           }
[13:22:26.408]                         }
[13:22:26.408]                       }
[13:22:26.408]                       invisible(muffled)
[13:22:26.408]                     }
[13:22:26.408]                     muffleCondition(cond, pattern = "^muffle")
[13:22:26.408]                   }
[13:22:26.408]                 }
[13:22:26.408]                 else {
[13:22:26.408]                   if (TRUE) {
[13:22:26.408]                     muffleCondition <- function (cond, pattern = "^muffle") 
[13:22:26.408]                     {
[13:22:26.408]                       inherits <- base::inherits
[13:22:26.408]                       invokeRestart <- base::invokeRestart
[13:22:26.408]                       is.null <- base::is.null
[13:22:26.408]                       muffled <- FALSE
[13:22:26.408]                       if (inherits(cond, "message")) {
[13:22:26.408]                         muffled <- grepl(pattern, "muffleMessage")
[13:22:26.408]                         if (muffled) 
[13:22:26.408]                           invokeRestart("muffleMessage")
[13:22:26.408]                       }
[13:22:26.408]                       else if (inherits(cond, "warning")) {
[13:22:26.408]                         muffled <- grepl(pattern, "muffleWarning")
[13:22:26.408]                         if (muffled) 
[13:22:26.408]                           invokeRestart("muffleWarning")
[13:22:26.408]                       }
[13:22:26.408]                       else if (inherits(cond, "condition")) {
[13:22:26.408]                         if (!is.null(pattern)) {
[13:22:26.408]                           computeRestarts <- base::computeRestarts
[13:22:26.408]                           grepl <- base::grepl
[13:22:26.408]                           restarts <- computeRestarts(cond)
[13:22:26.408]                           for (restart in restarts) {
[13:22:26.408]                             name <- restart$name
[13:22:26.408]                             if (is.null(name)) 
[13:22:26.408]                               next
[13:22:26.408]                             if (!grepl(pattern, name)) 
[13:22:26.408]                               next
[13:22:26.408]                             invokeRestart(restart)
[13:22:26.408]                             muffled <- TRUE
[13:22:26.408]                             break
[13:22:26.408]                           }
[13:22:26.408]                         }
[13:22:26.408]                       }
[13:22:26.408]                       invisible(muffled)
[13:22:26.408]                     }
[13:22:26.408]                     muffleCondition(cond, pattern = "^muffle")
[13:22:26.408]                   }
[13:22:26.408]                 }
[13:22:26.408]             }
[13:22:26.408]         }))
[13:22:26.408]     }, error = function(ex) {
[13:22:26.408]         base::structure(base::list(value = NULL, visible = NULL, 
[13:22:26.408]             conditions = ...future.conditions, rng = !identical(base::globalenv()$.Random.seed, 
[13:22:26.408]                 ...future.rng), started = ...future.startTime, 
[13:22:26.408]             finished = Sys.time(), session_uuid = NA_character_, 
[13:22:26.408]             version = "1.8"), class = "FutureResult")
[13:22:26.408]     }, finally = {
[13:22:26.408]         if (!identical(...future.workdir, getwd())) 
[13:22:26.408]             setwd(...future.workdir)
[13:22:26.408]         {
[13:22:26.408]             if (identical(getOption("nwarnings"), ...future.oldOptions$nwarnings)) {
[13:22:26.408]                 ...future.oldOptions$nwarnings <- NULL
[13:22:26.408]             }
[13:22:26.408]             base::options(...future.oldOptions)
[13:22:26.408]             if (.Platform$OS.type == "windows") {
[13:22:26.408]                 old_names <- names(...future.oldEnvVars)
[13:22:26.408]                 envs <- base::Sys.getenv()
[13:22:26.408]                 names <- names(envs)
[13:22:26.408]                 common <- intersect(names, old_names)
[13:22:26.408]                 added <- setdiff(names, old_names)
[13:22:26.408]                 removed <- setdiff(old_names, names)
[13:22:26.408]                 changed <- common[...future.oldEnvVars[common] != 
[13:22:26.408]                   envs[common]]
[13:22:26.408]                 NAMES <- toupper(changed)
[13:22:26.408]                 args <- list()
[13:22:26.408]                 for (kk in seq_along(NAMES)) {
[13:22:26.408]                   name <- changed[[kk]]
[13:22:26.408]                   NAME <- NAMES[[kk]]
[13:22:26.408]                   if (name != NAME && is.element(NAME, old_names)) 
[13:22:26.408]                     next
[13:22:26.408]                   args[[name]] <- ...future.oldEnvVars[[name]]
[13:22:26.408]                 }
[13:22:26.408]                 NAMES <- toupper(added)
[13:22:26.408]                 for (kk in seq_along(NAMES)) {
[13:22:26.408]                   name <- added[[kk]]
[13:22:26.408]                   NAME <- NAMES[[kk]]
[13:22:26.408]                   if (name != NAME && is.element(NAME, old_names)) 
[13:22:26.408]                     next
[13:22:26.408]                   args[[name]] <- ""
[13:22:26.408]                 }
[13:22:26.408]                 NAMES <- toupper(removed)
[13:22:26.408]                 for (kk in seq_along(NAMES)) {
[13:22:26.408]                   name <- removed[[kk]]
[13:22:26.408]                   NAME <- NAMES[[kk]]
[13:22:26.408]                   if (name != NAME && is.element(NAME, old_names)) 
[13:22:26.408]                     next
[13:22:26.408]                   args[[name]] <- ...future.oldEnvVars[[name]]
[13:22:26.408]                 }
[13:22:26.408]                 if (length(args) > 0) 
[13:22:26.408]                   base::do.call(base::Sys.setenv, args = args)
[13:22:26.408]                 args <- names <- old_names <- NAMES <- envs <- common <- added <- removed <- NULL
[13:22:26.408]             }
[13:22:26.408]             else {
[13:22:26.408]                 base::do.call(base::Sys.setenv, args = base::as.list(...future.oldEnvVars))
[13:22:26.408]             }
[13:22:26.408]             {
[13:22:26.408]                 if (base::length(...future.futureOptionsAdded) > 
[13:22:26.408]                   0L) {
[13:22:26.408]                   opts <- base::vector("list", length = base::length(...future.futureOptionsAdded))
[13:22:26.408]                   base::names(opts) <- ...future.futureOptionsAdded
[13:22:26.408]                   base::options(opts)
[13:22:26.408]                 }
[13:22:26.408]                 {
[13:22:26.408]                   {
[13:22:26.408]                     NULL
[13:22:26.408]                     RNGkind("Mersenne-Twister")
[13:22:26.408]                     base::rm(list = ".Random.seed", envir = base::globalenv(), 
[13:22:26.408]                       inherits = FALSE)
[13:22:26.408]                   }
[13:22:26.408]                   options(future.plan = NULL)
[13:22:26.408]                   if (is.na(NA_character_)) 
[13:22:26.408]                     Sys.unsetenv("R_FUTURE_PLAN")
[13:22:26.408]                   else Sys.setenv(R_FUTURE_PLAN = NA_character_)
[13:22:26.408]                   future::plan(list(function (..., envir = parent.frame()) 
[13:22:26.408]                   {
[13:22:26.408]                     future <- SequentialFuture(..., envir = envir)
[13:22:26.408]                     if (!future$lazy) 
[13:22:26.408]                       future <- run(future)
[13:22:26.408]                     invisible(future)
[13:22:26.408]                   }), .cleanup = FALSE, .init = FALSE)
[13:22:26.408]                 }
[13:22:26.408]             }
[13:22:26.408]         }
[13:22:26.408]     })
[13:22:26.408]     if (TRUE) {
[13:22:26.408]         base::sink(type = "output", split = FALSE)
[13:22:26.408]         if (TRUE) {
[13:22:26.408]             ...future.result$stdout <- base::rawToChar(base::rawConnectionValue(...future.stdout))
[13:22:26.408]         }
[13:22:26.408]         else {
[13:22:26.408]             ...future.result["stdout"] <- base::list(NULL)
[13:22:26.408]         }
[13:22:26.408]         base::close(...future.stdout)
[13:22:26.408]         ...future.stdout <- NULL
[13:22:26.408]     }
[13:22:26.408]     ...future.result$conditions <- ...future.conditions
[13:22:26.408]     ...future.result$finished <- base::Sys.time()
[13:22:26.408]     ...future.result
[13:22:26.408] }
[13:22:26.412] plan(): Setting new future strategy stack:
[13:22:26.412] List of future strategies:
[13:22:26.412] 1. sequential:
[13:22:26.412]    - args: function (..., envir = parent.frame())
[13:22:26.412]    - tweaked: FALSE
[13:22:26.412]    - call: NULL
[13:22:26.413] plan(): nbrOfWorkers() = 1
[13:22:26.414] plan(): Setting new future strategy stack:
[13:22:26.414] List of future strategies:
[13:22:26.414] 1. sequential:
[13:22:26.414]    - args: function (..., envir = parent.frame())
[13:22:26.414]    - tweaked: FALSE
[13:22:26.414]    - call: future::plan("sequential")
[13:22:26.415] plan(): nbrOfWorkers() = 1
[13:22:26.415] SequentialFuture started (and completed)
[13:22:26.415] - Launch lazy future ... done
[13:22:26.415] run() for ‘SequentialFuture’ ... done
> print(v)
[1] 2
> stopifnot(identical(v, 2L))
> 
> stopifnot("stats" %in% loadedNamespaces())
> 
> message("- SequentialFuture() - 'local = FALSE' is defunct ...")
- SequentialFuture() - 'local = FALSE' is defunct ...
> 
> res <- tryCatch({
+   f <- SequentialFuture(42, local = FALSE)
+ }, error = identity)
[13:22:26.416] getGlobalsAndPackages() ...
[13:22:26.416] Searching for globals...
[13:22:26.416] 
[13:22:26.416] Searching for globals ... DONE
[13:22:26.416] - globals: [0] <none>
[13:22:26.417] getGlobalsAndPackages() ... DONE
> stopifnot(inherits(res, "error"))
> 
> message("*** sequential() ... DONE")
*** sequential() ... DONE
> 
> source("incl/end.R")
[13:22:26.417] plan(): Setting new future strategy stack:
[13:22:26.417] List of future strategies:
[13:22:26.417] 1. FutureStrategy:
[13:22:26.417]    - args: function (..., envir = parent.frame())
[13:22:26.417]    - tweaked: FALSE
[13:22:26.417]    - call: future::plan(oplan)
[13:22:26.454] plan(): nbrOfWorkers() = 1
> 
