
R version 4.3.0 (2023-04-21) -- "Already Tomorrow"
Copyright (C) 2023 The R Foundation for Statistical Computing
Platform: x86_64-pc-linux-gnu (64-bit)

R is free software and comes with ABSOLUTELY NO WARRANTY.
You are welcome to redistribute it under certain conditions.
Type 'license()' or 'licence()' for distribution details.

R is a collaborative project with many contributors.
Type 'contributors()' for more information and
'citation()' on how to cite R or R packages in publications.

Type 'demo()' for some demos, 'help()' for on-line help, or
'help.start()' for an HTML browser interface to help.
Type 'q()' to quit R.

> source("incl/start,load-only.R")
[13:22:31.318] plan(): Setting new future strategy stack:
[13:22:31.319] List of future strategies:
[13:22:31.319] 1. sequential:
[13:22:31.319]    - args: function (..., envir = parent.frame())
[13:22:31.319]    - tweaked: FALSE
[13:22:31.319]    - call: future::plan("sequential")
[13:22:31.332] plan(): nbrOfWorkers() = 1
> 
> message("*** Tweaking future strategies ...")
*** Tweaking future strategies ...
> 
> message("*** y <- tweak(future::sequential) ...")
*** y <- tweak(future::sequential) ...
> sequential2 <- future::tweak(future::sequential)
> print(args(sequential2))
function (..., envir = parent.frame()) 
NULL
> stopifnot(identical(sequential2, future::sequential))
> stopifnot(!inherits(sequential2, "tweaked"))
> 
> 
> message("*** y <- tweak(future::sequential, abc = FALSE) ...")
*** y <- tweak(future::sequential, abc = FALSE) ...
> sequential2 <- future::tweak(future::sequential, abc = FALSE)
Warning: Detected 1 unknown future arguments: ‘abc’
> print(args(sequential2))
function (..., abc = FALSE, envir = parent.frame()) 
NULL
> stopifnot(!identical(sequential2, future::sequential))
> stopifnot(inherits(sequential2, "tweaked"))
> stopifnot(identical(formals(sequential2)$abc, FALSE))
> 
> 
> message("*** y <- tweak('sequential', abc = FALSE) ...")
*** y <- tweak('sequential', abc = FALSE) ...
> sequential2 <- future::tweak("sequential", abc = FALSE)
Warning: Detected 1 unknown future arguments: ‘abc’
> print(args(sequential2))
function (..., abc = FALSE, envir = parent.frame()) 
NULL
> stopifnot(!identical(sequential2, future::sequential))
> stopifnot(inherits(sequential2, "tweaked"))
> stopifnot(identical(formals(sequential2)$abc, FALSE))
> 
> 
> library("future")
[13:22:31.346] Option 'future.startup.script': TRUE
[13:22:31.346] Future startup scripts considered: ‘.future.R’, ‘~/.future.R’
[13:22:31.346] Future startup scripts found: <none>
> 
> message("*** y <- tweak(sequential, abc = FALSE) ...")
*** y <- tweak(sequential, abc = FALSE) ...
> sequential2 <- future::tweak(sequential, abc = FALSE)
Warning: Detected 1 unknown future arguments: ‘abc’
> print(args(sequential2))
function (..., abc = FALSE, envir = parent.frame()) 
NULL
> stopifnot(!identical(sequential2, future::sequential))
> stopifnot(inherits(sequential2, "tweaked"))
> stopifnot(identical(formals(sequential2)$abc, FALSE))
> 
> message("*** y <- tweak('sequential', abc = FALSE) ...")
*** y <- tweak('sequential', abc = FALSE) ...
> sequential2 <- future::tweak('sequential', abc = FALSE)
Warning: Detected 1 unknown future arguments: ‘abc’
> print(args(sequential2))
function (..., abc = FALSE, envir = parent.frame()) 
NULL
> stopifnot(!identical(sequential2, future::sequential))
> stopifnot(inherits(sequential2, "tweaked"))
> stopifnot(identical(formals(sequential2)$abc, FALSE))
> 
> 
> message("*** y <- tweak('sequential', abc = FALSE, abc = 1, def = TRUE) ...")
*** y <- tweak('sequential', abc = FALSE, abc = 1, def = TRUE) ...
> res <- tryCatch({
+   sequential2 <- future::tweak('sequential', abc = FALSE, abc = 1, def = TRUE)
+ }, warning = function(w) {
+   w
+ })
> stopifnot(inherits(res, "warning"))
> sequential2 <- future::tweak('sequential', abc = FALSE, abc = 1, def = TRUE)
Warning: Detected 2 unknown future arguments: ‘abc’, ‘def’
> print(args(sequential2))
function (..., abc = FALSE, def = TRUE, envir = parent.frame()) 
NULL
> stopifnot(!identical(sequential2, future::sequential))
> stopifnot(inherits(sequential2, "tweaked"))
> stopifnot(identical(formals(sequential2)$abc, FALSE))
> 
> 
> 
> message("*** y <- tweak(cluster, rscript_startup = quote(...)) ...")
*** y <- tweak(cluster, rscript_startup = quote(...)) ...
> cl <- 42L
> cluster2 <- tweak(cluster, workers = cl, rscript_startup = quote(options(abc = 42L)))
> print(args(cluster2))
function (..., workers = 42L, rscript_startup = quote(options(abc = 42L)), 
    envir = parent.frame()) 
NULL
> stopifnot(!identical(cluster2, future::cluster))
> stopifnot(inherits(cluster2, "tweaked"))
> formals2 <- formals(cluster2)
> stopifnot(identical(formals2$workers, cl))
> stopifnot("rscript_startup" %in% names(formals2))
> rscript_startup <- formals2$rscript_startup
> stopifnot(!is.null(rscript_startup),
+           is.language(rscript_startup), is.call(rscript_startup))
> value <- eval(rscript_startup)
> stopifnot(is.language(value), is.call(value))
> 
> 
> message("*** plan() - tweak without introducting package dependencies ...")
*** plan() - tweak without introducting package dependencies ...
> 
> ## Requires a auxillary package that is available and not already loaded
> if (!covr_testing && requireNamespace("grid")) {
+   local({
+     cl <- makeClusterPSOCK(1L)
+     on.exit(parallel:::stopCluster(cl))
+     ns0 <- unlist(parallel::clusterEvalQ(cl, loadedNamespaces()))
+ 
+     ## When using futures, the 'future' package is loaded on the worker
+     ns0 <- c(ns0, c("tools", "parallelly",
+                     "codetools", "digest", "globals", "listenv", "future"))
+     if (!is.element("grid", ns0)) {
+       ## Assert that a global copy from a package does not trigger
+       ## that package from being loaded on the worker
+       dummy <- grid::depth
+       oplan <- future::plan(future::cluster, workers = cl)
+       on.exit(future::plan(oplan), add = TRUE)
+       ns <- unlist(parallel::clusterEvalQ(cl, loadedNamespaces()))
+       diff <- setdiff(ns, ns0)
+       if ("covr" %in% diff) diff <- setdiff(diff, c("lazyeval", "rex", "covr"))
+       if (length(diff) > 0) {
+         print(loadedNamespaces())
+         stop("plan() with a tweak() causes new packages to be loaded: ", sQuote(paste(diff, collapse = ", ")))
+       }
+     }
+   })
+ }
Loading required namespace: grid
[13:22:31.362] [local output] makeClusterPSOCK() ...
[13:22:31.395] [local output] Workers: [n = 1] ‘localhost’
[13:22:31.401] [local output] Base port: 11523
[13:22:31.401] [local output] Getting setup options for 1 cluster nodes ...
[13:22:31.401] [local output]  - Node 1 of 1 ...
[13:22:31.401] [local output] localMachine=TRUE => revtunnel=FALSE

[13:22:31.402] Testing if worker's PID can be inferred: ‘'/usr/local/lib/R/bin/Rscript' -e 'try(suppressWarnings(cat(Sys.getpid(),file="/tmp/Rtmpcj88Ze/worker.rank=1.parallelly.parent=93662.16dde50b2bfd4.pid")), silent = TRUE)' -e 'file.exists("/tmp/Rtmpcj88Ze/worker.rank=1.parallelly.parent=93662.16dde50b2bfd4.pid")'’
[13:22:31.591] - Possible to infer worker's PID: TRUE
[13:22:31.591] [local output] Rscript port: 11523

[13:22:31.592] [local output] Getting setup options for 1 cluster nodes ... done
[13:22:31.592] [local output]  - Parallel setup requested for some PSOCK nodes
[13:22:31.592] [local output] Setting up PSOCK nodes in parallel
[13:22:31.593] List of 36
[13:22:31.593]  $ worker          : chr "localhost"
[13:22:31.593]   ..- attr(*, "localhost")= logi TRUE
[13:22:31.593]  $ master          : chr "localhost"
[13:22:31.593]  $ port            : int 11523
[13:22:31.593]  $ connectTimeout  : num 120
[13:22:31.593]  $ timeout         : num 2592000
[13:22:31.593]  $ rscript         : chr "'/usr/local/lib/R/bin/Rscript'"
[13:22:31.593]  $ homogeneous     : logi TRUE
[13:22:31.593]  $ rscript_args    : chr "--default-packages=datasets,utils,grDevices,graphics,stats,methods -e 'try(suppressWarnings(cat(Sys.getpid(),fi"| __truncated__
[13:22:31.593]  $ rscript_envs    : NULL
[13:22:31.593]  $ rscript_libs    : NULL
[13:22:31.593]  $ rscript_startup : NULL
[13:22:31.593]  $ rscript_sh      : chr "sh"
[13:22:31.593]  $ default_packages: chr [1:6] "datasets" "utils" "grDevices" "graphics" ...
[13:22:31.593]  $ methods         : logi TRUE
[13:22:31.593]  $ socketOptions   : chr "no-delay"
[13:22:31.593]  $ useXDR          : logi FALSE
[13:22:31.593]  $ outfile         : chr "/dev/null"
[13:22:31.593]  $ renice          : int NA
[13:22:31.593]  $ rshcmd          : NULL
[13:22:31.593]  $ user            : chr(0) 
[13:22:31.593]  $ revtunnel       : logi FALSE
[13:22:31.593]  $ rshlogfile      : NULL
[13:22:31.593]  $ rshopts         : chr(0) 
[13:22:31.593]  $ rank            : int 1
[13:22:31.593]  $ manual          : logi FALSE
[13:22:31.593]  $ dryrun          : logi FALSE
[13:22:31.593]  $ quiet           : logi FALSE
[13:22:31.593]  $ setup_strategy  : chr "parallel"
[13:22:31.593]  $ local_cmd       : chr "'/usr/local/lib/R/bin/Rscript' --default-packages=datasets,utils,grDevices,graphics,stats,methods -e 'try(suppr"| __truncated__
[13:22:31.593]  $ pidfile         : chr "/tmp/Rtmpcj88Ze/worker.rank=1.parallelly.parent=93662.16dde50b2bfd4.pid"
[13:22:31.593]  $ rshcmd_label    : NULL
[13:22:31.593]  $ rsh_call        : NULL
[13:22:31.593]  $ cmd             : chr "'/usr/local/lib/R/bin/Rscript' --default-packages=datasets,utils,grDevices,graphics,stats,methods -e 'try(suppr"| __truncated__
[13:22:31.593]  $ localMachine    : logi TRUE
[13:22:31.593]  $ make_fcn        :function (worker = getOption2("parallelly.localhost.hostname", "localhost"), 
[13:22:31.593]     master = NULL, port, connectTimeout = getOption2("parallelly.makeNodePSOCK.connectTimeout", 
[13:22:31.593]         2 * 60), timeout = getOption2("parallelly.makeNodePSOCK.timeout", 
[13:22:31.593]         30 * 24 * 60 * 60), rscript = NULL, homogeneous = NULL, rscript_args = NULL, 
[13:22:31.593]     rscript_envs = NULL, rscript_libs = NULL, rscript_startup = NULL, rscript_sh = c("auto", 
[13:22:31.593]         "cmd", "sh"), default_packages = c("datasets", "utils", "grDevices", 
[13:22:31.593]         "graphics", "stats", if (methods) "methods"), methods = TRUE, socketOptions = getOption2("parallelly.makeNodePSOCK.socketOptions", 
[13:22:31.593]         "no-delay"), useXDR = getOption2("parallelly.makeNodePSOCK.useXDR", 
[13:22:31.593]         FALSE), outfile = "/dev/null", renice = NA_integer_, rshcmd = getOption2("parallelly.makeNodePSOCK.rshcmd", 
[13:22:31.593]         NULL), user = NULL, revtunnel = NA, rshlogfile = NULL, rshopts = getOption2("parallelly.makeNodePSOCK.rshopts", 
[13:22:31.593]         NULL), rank = 1L, manual = FALSE, dryrun = FALSE, quiet = FALSE, 
[13:22:31.593]     setup_strategy = getOption2("parallelly.makeNodePSOCK.setup_strategy", 
[13:22:31.593]         "parallel"), action = c("launch", "options"), verbose = FALSE)  
[13:22:31.593]  $ arguments       :List of 28
[13:22:31.593]   ..$ worker          : chr "localhost"
[13:22:31.593]   ..$ master          : NULL
[13:22:31.593]   ..$ port            : int 11523
[13:22:31.593]   ..$ connectTimeout  : num 120
[13:22:31.593]   ..$ timeout         : num 2592000
[13:22:31.593]   ..$ rscript         : NULL
[13:22:31.593]   ..$ homogeneous     : NULL
[13:22:31.593]   ..$ rscript_args    : NULL
[13:22:31.593]   ..$ rscript_envs    : NULL
[13:22:31.593]   ..$ rscript_libs    : NULL
[13:22:31.593]   ..$ rscript_startup : NULL
[13:22:31.593]   ..$ rscript_sh      : chr [1:3] "auto" "cmd" "sh"
[13:22:31.593]   ..$ default_packages: chr [1:6] "datasets" "utils" "grDevices" "graphics" ...
[13:22:31.593]   ..$ methods         : logi TRUE
[13:22:31.593]   ..$ socketOptions   : chr "no-delay"
[13:22:31.593]   ..$ useXDR          : logi FALSE
[13:22:31.593]   ..$ outfile         : chr "/dev/null"
[13:22:31.593]   ..$ renice          : int NA
[13:22:31.593]   ..$ rshcmd          : NULL
[13:22:31.593]   ..$ user            : NULL
[13:22:31.593]   ..$ revtunnel       : logi NA
[13:22:31.593]   ..$ rshlogfile      : NULL
[13:22:31.593]   ..$ rshopts         : NULL
[13:22:31.593]   ..$ rank            : int 1
[13:22:31.593]   ..$ manual          : logi FALSE
[13:22:31.593]   ..$ dryrun          : logi FALSE
[13:22:31.593]   ..$ quiet           : logi FALSE
[13:22:31.593]   ..$ setup_strategy  : chr "parallel"
[13:22:31.593]  - attr(*, "class")= chr [1:2] "makeNodePSOCKOptions" "makeNodeOptions"
[13:22:31.611] [local output] System call to launch all workers:
[13:22:31.611] [local output] '/usr/local/lib/R/bin/Rscript' --default-packages=datasets,utils,grDevices,graphics,stats,methods -e 'try(suppressWarnings(cat(Sys.getpid(),file="/tmp/Rtmpcj88Ze/worker.rank=1.parallelly.parent=93662.16dde50b2bfd4.pid")), silent = TRUE)' -e 'options(socketOptions = "no-delay")' -e 'workRSOCK <- tryCatch(parallel:::.workRSOCK, error=function(e) parallel:::.slaveRSOCK); workRSOCK()' MASTER=localhost PORT=11523 OUT=/dev/null TIMEOUT=2592000 XDR=FALSE SETUPTIMEOUT=120 SETUPSTRATEGY=parallel
[13:22:31.611] [local output] Starting PSOCK main server
[13:22:31.613] [local output] Workers launched
[13:22:31.613] [local output] Waiting for workers to connect back
[13:22:31.613]  - [local output] 0 workers out of 1 ready
[13:22:31.808]  - [local output] 0 workers out of 1 ready
[13:22:31.809]  - [local output] 1 workers out of 1 ready
[13:22:31.809] [local output] Launching of workers completed
[13:22:31.809] [local output] Collecting session information from workers
[13:22:31.810] [local output]  - Worker #1 of 1
[13:22:31.810] [local output] makeClusterPSOCK() ... done
[13:22:31.811] plan(): Setting new future strategy stack:
[13:22:31.811] List of future strategies:
[13:22:31.811] 1. cluster:
[13:22:31.811]    - args: function (..., workers = "<Socket cluster with 1 nodes where 1 node is on host ‘localhost’ (R version 4.3.0 (2023-04-21), platform x86_64-pc-linux-gnu)>", envir = parent.frame())
[13:22:31.811]    - tweaked: TRUE
[13:22:31.811]    - call: future::plan(future::cluster, workers = cl)
[13:22:31.828] plan(): plan_init() of ‘tweaked’, ‘cluster’, ‘multiprocess’, ‘future’, ‘function’ ...
[13:22:31.828] cluster:
[13:22:31.828] - args: function (..., workers = "<Socket cluster with 1 nodes where 1 node is on host ‘localhost’ (R version 4.3.0 (2023-04-21), platform x86_64-pc-linux-gnu)>", envir = parent.frame())
[13:22:31.828] - tweaked: TRUE
[13:22:31.828] - call: future::plan(future::cluster, workers = cl)
[13:22:31.831] getGlobalsAndPackages() ...
[13:22:31.831] Not searching for globals
[13:22:31.831] - globals: [0] <none>
[13:22:31.832] getGlobalsAndPackages() ... DONE
[13:22:31.839] Packages needed by the future expression (n = 0): <none>
[13:22:31.839] Packages needed by future strategies (n = 0): <none>
[13:22:31.840] {
[13:22:31.840]     {
[13:22:31.840]         {
[13:22:31.840]             ...future.startTime <- base::Sys.time()
[13:22:31.840]             {
[13:22:31.840]                 {
[13:22:31.840]                   {
[13:22:31.840]                     base::local({
[13:22:31.840]                       has_future <- base::requireNamespace("future", 
[13:22:31.840]                         quietly = TRUE)
[13:22:31.840]                       if (has_future) {
[13:22:31.840]                         ns <- base::getNamespace("future")
[13:22:31.840]                         version <- ns[[".package"]][["version"]]
[13:22:31.840]                         if (is.null(version)) 
[13:22:31.840]                           version <- utils::packageVersion("future")
[13:22:31.840]                       }
[13:22:31.840]                       else {
[13:22:31.840]                         version <- NULL
[13:22:31.840]                       }
[13:22:31.840]                       if (!has_future || version < "1.8.0") {
[13:22:31.840]                         info <- base::c(r_version = base::gsub("R version ", 
[13:22:31.840]                           "", base::R.version$version.string), 
[13:22:31.840]                           platform = base::sprintf("%s (%s-bit)", 
[13:22:31.840]                             base::R.version$platform, 8 * base::.Machine$sizeof.pointer), 
[13:22:31.840]                           os = base::paste(base::Sys.info()[base::c("sysname", 
[13:22:31.840]                             "release", "version")], collapse = " "), 
[13:22:31.840]                           hostname = base::Sys.info()[["nodename"]])
[13:22:31.840]                         info <- base::sprintf("%s: %s", base::names(info), 
[13:22:31.840]                           info)
[13:22:31.840]                         info <- base::paste(info, collapse = "; ")
[13:22:31.840]                         if (!has_future) {
[13:22:31.840]                           msg <- base::sprintf("Package 'future' is not installed on worker (%s)", 
[13:22:31.840]                             info)
[13:22:31.840]                         }
[13:22:31.840]                         else {
[13:22:31.840]                           msg <- base::sprintf("Package 'future' on worker (%s) must be of version >= 1.8.0: %s", 
[13:22:31.840]                             info, version)
[13:22:31.840]                         }
[13:22:31.840]                         base::stop(msg)
[13:22:31.840]                       }
[13:22:31.840]                     })
[13:22:31.840]                   }
[13:22:31.840]                   options(future.plan = NULL)
[13:22:31.840]                   Sys.unsetenv("R_FUTURE_PLAN")
[13:22:31.840]                   future::plan("default", .cleanup = FALSE, .init = FALSE)
[13:22:31.840]                 }
[13:22:31.840]                 ...future.workdir <- getwd()
[13:22:31.840]             }
[13:22:31.840]             ...future.oldOptions <- base::as.list(base::.Options)
[13:22:31.840]             ...future.oldEnvVars <- base::Sys.getenv()
[13:22:31.840]         }
[13:22:31.840]         base::options(future.startup.script = FALSE, future.globals.onMissing = NULL, 
[13:22:31.840]             future.globals.maxSize = NULL, future.globals.method = NULL, 
[13:22:31.840]             future.globals.onMissing = NULL, future.globals.onReference = NULL, 
[13:22:31.840]             future.globals.resolve = NULL, future.resolve.recursive = NULL, 
[13:22:31.840]             future.rng.onMisuse = NULL, future.rng.onMisuse.keepFuture = NULL, 
[13:22:31.840]             future.stdout.windows.reencode = NULL, width = 80L)
[13:22:31.840]         ...future.futureOptionsAdded <- base::setdiff(base::names(base::.Options), 
[13:22:31.840]             base::names(...future.oldOptions))
[13:22:31.840]     }
[13:22:31.840]     if (FALSE) {
[13:22:31.840]     }
[13:22:31.840]     else {
[13:22:31.840]         if (TRUE) {
[13:22:31.840]             ...future.stdout <- base::rawConnection(base::raw(0L), 
[13:22:31.840]                 open = "w")
[13:22:31.840]         }
[13:22:31.840]         else {
[13:22:31.840]             ...future.stdout <- base::file(base::switch(.Platform$OS.type, 
[13:22:31.840]                 windows = "NUL", "/dev/null"), open = "w")
[13:22:31.840]         }
[13:22:31.840]         base::sink(...future.stdout, type = "output", split = FALSE)
[13:22:31.840]         base::on.exit(if (!base::is.null(...future.stdout)) {
[13:22:31.840]             base::sink(type = "output", split = FALSE)
[13:22:31.840]             base::close(...future.stdout)
[13:22:31.840]         }, add = TRUE)
[13:22:31.840]     }
[13:22:31.840]     ...future.frame <- base::sys.nframe()
[13:22:31.840]     ...future.conditions <- base::list()
[13:22:31.840]     ...future.rng <- base::globalenv()$.Random.seed
[13:22:31.840]     if (FALSE) {
[13:22:31.840]         ...future.globalenv.names <- c(base::names(base::.GlobalEnv), 
[13:22:31.840]             "...future.value", "...future.globalenv.names", ".Random.seed")
[13:22:31.840]     }
[13:22:31.840]     ...future.result <- base::tryCatch({
[13:22:31.840]         base::withCallingHandlers({
[13:22:31.840]             ...future.value <- base::withVisible(base::local({
[13:22:31.840]                 ...future.makeSendCondition <- local({
[13:22:31.840]                   sendCondition <- NULL
[13:22:31.840]                   function(frame = 1L) {
[13:22:31.840]                     if (is.function(sendCondition)) 
[13:22:31.840]                       return(sendCondition)
[13:22:31.840]                     ns <- getNamespace("parallel")
[13:22:31.840]                     if (exists("sendData", mode = "function", 
[13:22:31.840]                       envir = ns)) {
[13:22:31.840]                       parallel_sendData <- get("sendData", mode = "function", 
[13:22:31.840]                         envir = ns)
[13:22:31.840]                       envir <- sys.frame(frame)
[13:22:31.840]                       master <- NULL
[13:22:31.840]                       while (!identical(envir, .GlobalEnv) && 
[13:22:31.840]                         !identical(envir, emptyenv())) {
[13:22:31.840]                         if (exists("master", mode = "list", envir = envir, 
[13:22:31.840]                           inherits = FALSE)) {
[13:22:31.840]                           master <- get("master", mode = "list", 
[13:22:31.840]                             envir = envir, inherits = FALSE)
[13:22:31.840]                           if (inherits(master, c("SOCKnode", 
[13:22:31.840]                             "SOCK0node"))) {
[13:22:31.840]                             sendCondition <<- function(cond) {
[13:22:31.840]                               data <- list(type = "VALUE", value = cond, 
[13:22:31.840]                                 success = TRUE)
[13:22:31.840]                               parallel_sendData(master, data)
[13:22:31.840]                             }
[13:22:31.840]                             return(sendCondition)
[13:22:31.840]                           }
[13:22:31.840]                         }
[13:22:31.840]                         frame <- frame + 1L
[13:22:31.840]                         envir <- sys.frame(frame)
[13:22:31.840]                       }
[13:22:31.840]                     }
[13:22:31.840]                     sendCondition <<- function(cond) NULL
[13:22:31.840]                   }
[13:22:31.840]                 })
[13:22:31.840]                 withCallingHandlers({
[13:22:31.840]                   NA
[13:22:31.840]                 }, immediateCondition = function(cond) {
[13:22:31.840]                   sendCondition <- ...future.makeSendCondition()
[13:22:31.840]                   sendCondition(cond)
[13:22:31.840]                   muffleCondition <- function (cond, pattern = "^muffle") 
[13:22:31.840]                   {
[13:22:31.840]                     inherits <- base::inherits
[13:22:31.840]                     invokeRestart <- base::invokeRestart
[13:22:31.840]                     is.null <- base::is.null
[13:22:31.840]                     muffled <- FALSE
[13:22:31.840]                     if (inherits(cond, "message")) {
[13:22:31.840]                       muffled <- grepl(pattern, "muffleMessage")
[13:22:31.840]                       if (muffled) 
[13:22:31.840]                         invokeRestart("muffleMessage")
[13:22:31.840]                     }
[13:22:31.840]                     else if (inherits(cond, "warning")) {
[13:22:31.840]                       muffled <- grepl(pattern, "muffleWarning")
[13:22:31.840]                       if (muffled) 
[13:22:31.840]                         invokeRestart("muffleWarning")
[13:22:31.840]                     }
[13:22:31.840]                     else if (inherits(cond, "condition")) {
[13:22:31.840]                       if (!is.null(pattern)) {
[13:22:31.840]                         computeRestarts <- base::computeRestarts
[13:22:31.840]                         grepl <- base::grepl
[13:22:31.840]                         restarts <- computeRestarts(cond)
[13:22:31.840]                         for (restart in restarts) {
[13:22:31.840]                           name <- restart$name
[13:22:31.840]                           if (is.null(name)) 
[13:22:31.840]                             next
[13:22:31.840]                           if (!grepl(pattern, name)) 
[13:22:31.840]                             next
[13:22:31.840]                           invokeRestart(restart)
[13:22:31.840]                           muffled <- TRUE
[13:22:31.840]                           break
[13:22:31.840]                         }
[13:22:31.840]                       }
[13:22:31.840]                     }
[13:22:31.840]                     invisible(muffled)
[13:22:31.840]                   }
[13:22:31.840]                   muffleCondition(cond)
[13:22:31.840]                 })
[13:22:31.840]             }))
[13:22:31.840]             future::FutureResult(value = ...future.value$value, 
[13:22:31.840]                 visible = ...future.value$visible, rng = !identical(base::globalenv()$.Random.seed, 
[13:22:31.840]                   ...future.rng), globalenv = if (FALSE) 
[13:22:31.840]                   list(added = base::setdiff(base::names(base::.GlobalEnv), 
[13:22:31.840]                     ...future.globalenv.names))
[13:22:31.840]                 else NULL, started = ...future.startTime, version = "1.8")
[13:22:31.840]         }, condition = base::local({
[13:22:31.840]             c <- base::c
[13:22:31.840]             inherits <- base::inherits
[13:22:31.840]             invokeRestart <- base::invokeRestart
[13:22:31.840]             length <- base::length
[13:22:31.840]             list <- base::list
[13:22:31.840]             seq.int <- base::seq.int
[13:22:31.840]             signalCondition <- base::signalCondition
[13:22:31.840]             sys.calls <- base::sys.calls
[13:22:31.840]             `[[` <- base::`[[`
[13:22:31.840]             `+` <- base::`+`
[13:22:31.840]             `<<-` <- base::`<<-`
[13:22:31.840]             sysCalls <- function(calls = sys.calls(), from = 1L) {
[13:22:31.840]                 calls[seq.int(from = from + 12L, to = length(calls) - 
[13:22:31.840]                   3L)]
[13:22:31.840]             }
[13:22:31.840]             function(cond) {
[13:22:31.840]                 is_error <- inherits(cond, "error")
[13:22:31.840]                 ignore <- !is_error && !is.null(NULL) && inherits(cond, 
[13:22:31.840]                   NULL)
[13:22:31.840]                 if (is_error) {
[13:22:31.840]                   sessionInformation <- function() {
[13:22:31.840]                     list(r = base::R.Version(), locale = base::Sys.getlocale(), 
[13:22:31.840]                       rngkind = base::RNGkind(), namespaces = base::loadedNamespaces(), 
[13:22:31.840]                       search = base::search(), system = base::Sys.info())
[13:22:31.840]                   }
[13:22:31.840]                   ...future.conditions[[length(...future.conditions) + 
[13:22:31.840]                     1L]] <<- list(condition = cond, calls = c(sysCalls(from = ...future.frame), 
[13:22:31.840]                     cond$call), session = sessionInformation(), 
[13:22:31.840]                     timestamp = base::Sys.time(), signaled = 0L)
[13:22:31.840]                   signalCondition(cond)
[13:22:31.840]                 }
[13:22:31.840]                 else if (!ignore && TRUE && inherits(cond, c("condition", 
[13:22:31.840]                 "immediateCondition"))) {
[13:22:31.840]                   signal <- TRUE && inherits(cond, "immediateCondition")
[13:22:31.840]                   ...future.conditions[[length(...future.conditions) + 
[13:22:31.840]                     1L]] <<- list(condition = cond, signaled = base::as.integer(signal))
[13:22:31.840]                   if (TRUE && !signal) {
[13:22:31.840]                     muffleCondition <- function (cond, pattern = "^muffle") 
[13:22:31.840]                     {
[13:22:31.840]                       inherits <- base::inherits
[13:22:31.840]                       invokeRestart <- base::invokeRestart
[13:22:31.840]                       is.null <- base::is.null
[13:22:31.840]                       muffled <- FALSE
[13:22:31.840]                       if (inherits(cond, "message")) {
[13:22:31.840]                         muffled <- grepl(pattern, "muffleMessage")
[13:22:31.840]                         if (muffled) 
[13:22:31.840]                           invokeRestart("muffleMessage")
[13:22:31.840]                       }
[13:22:31.840]                       else if (inherits(cond, "warning")) {
[13:22:31.840]                         muffled <- grepl(pattern, "muffleWarning")
[13:22:31.840]                         if (muffled) 
[13:22:31.840]                           invokeRestart("muffleWarning")
[13:22:31.840]                       }
[13:22:31.840]                       else if (inherits(cond, "condition")) {
[13:22:31.840]                         if (!is.null(pattern)) {
[13:22:31.840]                           computeRestarts <- base::computeRestarts
[13:22:31.840]                           grepl <- base::grepl
[13:22:31.840]                           restarts <- computeRestarts(cond)
[13:22:31.840]                           for (restart in restarts) {
[13:22:31.840]                             name <- restart$name
[13:22:31.840]                             if (is.null(name)) 
[13:22:31.840]                               next
[13:22:31.840]                             if (!grepl(pattern, name)) 
[13:22:31.840]                               next
[13:22:31.840]                             invokeRestart(restart)
[13:22:31.840]                             muffled <- TRUE
[13:22:31.840]                             break
[13:22:31.840]                           }
[13:22:31.840]                         }
[13:22:31.840]                       }
[13:22:31.840]                       invisible(muffled)
[13:22:31.840]                     }
[13:22:31.840]                     muffleCondition(cond, pattern = "^muffle")
[13:22:31.840]                   }
[13:22:31.840]                 }
[13:22:31.840]                 else {
[13:22:31.840]                   if (TRUE) {
[13:22:31.840]                     muffleCondition <- function (cond, pattern = "^muffle") 
[13:22:31.840]                     {
[13:22:31.840]                       inherits <- base::inherits
[13:22:31.840]                       invokeRestart <- base::invokeRestart
[13:22:31.840]                       is.null <- base::is.null
[13:22:31.840]                       muffled <- FALSE
[13:22:31.840]                       if (inherits(cond, "message")) {
[13:22:31.840]                         muffled <- grepl(pattern, "muffleMessage")
[13:22:31.840]                         if (muffled) 
[13:22:31.840]                           invokeRestart("muffleMessage")
[13:22:31.840]                       }
[13:22:31.840]                       else if (inherits(cond, "warning")) {
[13:22:31.840]                         muffled <- grepl(pattern, "muffleWarning")
[13:22:31.840]                         if (muffled) 
[13:22:31.840]                           invokeRestart("muffleWarning")
[13:22:31.840]                       }
[13:22:31.840]                       else if (inherits(cond, "condition")) {
[13:22:31.840]                         if (!is.null(pattern)) {
[13:22:31.840]                           computeRestarts <- base::computeRestarts
[13:22:31.840]                           grepl <- base::grepl
[13:22:31.840]                           restarts <- computeRestarts(cond)
[13:22:31.840]                           for (restart in restarts) {
[13:22:31.840]                             name <- restart$name
[13:22:31.840]                             if (is.null(name)) 
[13:22:31.840]                               next
[13:22:31.840]                             if (!grepl(pattern, name)) 
[13:22:31.840]                               next
[13:22:31.840]                             invokeRestart(restart)
[13:22:31.840]                             muffled <- TRUE
[13:22:31.840]                             break
[13:22:31.840]                           }
[13:22:31.840]                         }
[13:22:31.840]                       }
[13:22:31.840]                       invisible(muffled)
[13:22:31.840]                     }
[13:22:31.840]                     muffleCondition(cond, pattern = "^muffle")
[13:22:31.840]                   }
[13:22:31.840]                 }
[13:22:31.840]             }
[13:22:31.840]         }))
[13:22:31.840]     }, error = function(ex) {
[13:22:31.840]         base::structure(base::list(value = NULL, visible = NULL, 
[13:22:31.840]             conditions = ...future.conditions, rng = !identical(base::globalenv()$.Random.seed, 
[13:22:31.840]                 ...future.rng), started = ...future.startTime, 
[13:22:31.840]             finished = Sys.time(), session_uuid = NA_character_, 
[13:22:31.840]             version = "1.8"), class = "FutureResult")
[13:22:31.840]     }, finally = {
[13:22:31.840]         if (!identical(...future.workdir, getwd())) 
[13:22:31.840]             setwd(...future.workdir)
[13:22:31.840]         {
[13:22:31.840]             if (identical(getOption("nwarnings"), ...future.oldOptions$nwarnings)) {
[13:22:31.840]                 ...future.oldOptions$nwarnings <- NULL
[13:22:31.840]             }
[13:22:31.840]             base::options(...future.oldOptions)
[13:22:31.840]             if (.Platform$OS.type == "windows") {
[13:22:31.840]                 old_names <- names(...future.oldEnvVars)
[13:22:31.840]                 envs <- base::Sys.getenv()
[13:22:31.840]                 names <- names(envs)
[13:22:31.840]                 common <- intersect(names, old_names)
[13:22:31.840]                 added <- setdiff(names, old_names)
[13:22:31.840]                 removed <- setdiff(old_names, names)
[13:22:31.840]                 changed <- common[...future.oldEnvVars[common] != 
[13:22:31.840]                   envs[common]]
[13:22:31.840]                 NAMES <- toupper(changed)
[13:22:31.840]                 args <- list()
[13:22:31.840]                 for (kk in seq_along(NAMES)) {
[13:22:31.840]                   name <- changed[[kk]]
[13:22:31.840]                   NAME <- NAMES[[kk]]
[13:22:31.840]                   if (name != NAME && is.element(NAME, old_names)) 
[13:22:31.840]                     next
[13:22:31.840]                   args[[name]] <- ...future.oldEnvVars[[name]]
[13:22:31.840]                 }
[13:22:31.840]                 NAMES <- toupper(added)
[13:22:31.840]                 for (kk in seq_along(NAMES)) {
[13:22:31.840]                   name <- added[[kk]]
[13:22:31.840]                   NAME <- NAMES[[kk]]
[13:22:31.840]                   if (name != NAME && is.element(NAME, old_names)) 
[13:22:31.840]                     next
[13:22:31.840]                   args[[name]] <- ""
[13:22:31.840]                 }
[13:22:31.840]                 NAMES <- toupper(removed)
[13:22:31.840]                 for (kk in seq_along(NAMES)) {
[13:22:31.840]                   name <- removed[[kk]]
[13:22:31.840]                   NAME <- NAMES[[kk]]
[13:22:31.840]                   if (name != NAME && is.element(NAME, old_names)) 
[13:22:31.840]                     next
[13:22:31.840]                   args[[name]] <- ...future.oldEnvVars[[name]]
[13:22:31.840]                 }
[13:22:31.840]                 if (length(args) > 0) 
[13:22:31.840]                   base::do.call(base::Sys.setenv, args = args)
[13:22:31.840]                 args <- names <- old_names <- NAMES <- envs <- common <- added <- removed <- NULL
[13:22:31.840]             }
[13:22:31.840]             else {
[13:22:31.840]                 base::do.call(base::Sys.setenv, args = base::as.list(...future.oldEnvVars))
[13:22:31.840]             }
[13:22:31.840]             {
[13:22:31.840]                 if (base::length(...future.futureOptionsAdded) > 
[13:22:31.840]                   0L) {
[13:22:31.840]                   opts <- base::vector("list", length = base::length(...future.futureOptionsAdded))
[13:22:31.840]                   base::names(opts) <- ...future.futureOptionsAdded
[13:22:31.840]                   base::options(opts)
[13:22:31.840]                 }
[13:22:31.840]                 {
[13:22:31.840]                   NULL
[13:22:31.840]                   options(future.plan = NULL)
[13:22:31.840]                   if (is.na(NA_character_)) 
[13:22:31.840]                     Sys.unsetenv("R_FUTURE_PLAN")
[13:22:31.840]                   else Sys.setenv(R_FUTURE_PLAN = NA_character_)
[13:22:31.840]                   future::plan(list(function (..., workers = list(
[13:22:31.840]                     list(con = 4L, host = "localhost", rank = 0L, 
[13:22:31.840]                       session_info = list(r = list(platform = "x86_64-pc-linux-gnu", 
[13:22:31.840]                         arch = "x86_64", os = "linux-gnu", system = "x86_64, linux-gnu", 
[13:22:31.840]                         status = "", major = "4", minor = "3.0", 
[13:22:31.840]                         year = "2023", month = "04", day = "21", 
[13:22:31.840]                         `svn rev` = "84292", language = "R", 
[13:22:31.840]                         version.string = "R version 4.3.0 (2023-04-21)", 
[13:22:31.840]                         nickname = "Already Tomorrow", os.type = "unix"), 
[13:22:31.840]                         system = list(sysname = "Linux", release = "6.5.0-1025-azure", 
[13:22:31.840]                           version = "#26~22.04.1-Ubuntu SMP Thu Jul 11 22:33:04 UTC 2024", 
[13:22:31.840]                           nodename = "5853cd8d1af0", machine = "x86_64", 
[13:22:31.840]                           login = "unknown", user = "root", effective_user = "root"), 
[13:22:31.840]                         libs = c("/usr/local/lib/R/site-library", 
[13:22:31.840]                         "/usr/local/lib/R/library"), pkgs = NULL, 
[13:22:31.840]                         pwd = "/__w/rocker_uat/rocker_uat/packages/future/future-tests", 
[13:22:31.840]                         process = list(pid = 93713L)))), envir = parent.frame()) 
[13:22:31.840]                   strategy(..., workers = workers, envir = envir)), 
[13:22:31.840]                     .cleanup = FALSE, .init = FALSE)
[13:22:31.840]                 }
[13:22:31.840]             }
[13:22:31.840]         }
[13:22:31.840]     })
[13:22:31.840]     if (TRUE) {
[13:22:31.840]         base::sink(type = "output", split = FALSE)
[13:22:31.840]         if (TRUE) {
[13:22:31.840]             ...future.result$stdout <- base::rawToChar(base::rawConnectionValue(...future.stdout))
[13:22:31.840]         }
[13:22:31.840]         else {
[13:22:31.840]             ...future.result["stdout"] <- base::list(NULL)
[13:22:31.840]         }
[13:22:31.840]         base::close(...future.stdout)
[13:22:31.840]         ...future.stdout <- NULL
[13:22:31.840]     }
[13:22:31.840]     ...future.result$conditions <- ...future.conditions
[13:22:31.840]     ...future.result$finished <- base::Sys.time()
[13:22:31.840]     ...future.result
[13:22:31.840] }
[13:22:31.917] ClusterFuture started
[13:22:31.918] result() for ClusterFuture ...
[13:22:31.919] receiveMessageFromWorker() for ClusterFuture ...
[13:22:31.919] - Validating connection of ClusterFuture
[13:22:31.943] - received message: FutureResult
[13:22:31.943] - Received FutureResult
[13:22:31.946] - Erased future from FutureRegistry
[13:22:31.946] result() for ClusterFuture ...
[13:22:31.947] - result already collected: FutureResult
[13:22:31.947] result() for ClusterFuture ... done
[13:22:31.947] receiveMessageFromWorker() for ClusterFuture ... done
[13:22:31.947] result() for ClusterFuture ... done
[13:22:31.947] result() for ClusterFuture ...
[13:22:31.947] - result already collected: FutureResult
[13:22:31.947] result() for ClusterFuture ... done
[13:22:31.947] plan(): plan_init() of ‘tweaked’, ‘cluster’, ‘multiprocess’, ‘future’, ‘function’ ... DONE
[13:22:31.948] plan(): nbrOfWorkers() = 1
[13:22:31.948] plan(): Setting new future strategy stack:
[13:22:31.949] List of future strategies:
[13:22:31.949] 1. sequential:
[13:22:31.949]    - args: function (..., envir = parent.frame())
[13:22:31.949]    - tweaked: FALSE
[13:22:31.949]    - call: future::plan("sequential")
[13:22:31.949] plan(): nbrOfWorkers() = 1
> 
> message("*** plan() - tweak without introducting package dependencies ... DONE")
*** plan() - tweak without introducting package dependencies ... DONE
> 
> 
> message("*** y %<-% { expr } %tweak% tweaks ...")
*** y %<-% { expr } %tweak% tweaks ...
> 
> plan(sequential)
[13:22:31.950] plan(): Setting new future strategy stack:
[13:22:31.950] List of future strategies:
[13:22:31.950] 1. sequential:
[13:22:31.950]    - args: function (..., envir = parent.frame())
[13:22:31.950]    - tweaked: FALSE
[13:22:31.950]    - call: plan(sequential)
[13:22:31.950] plan(): nbrOfWorkers() = 1
> 
> a <- 0
> x %<-% { a <- 1; a }
[13:22:31.952] getGlobalsAndPackages() ...
[13:22:31.952] Searching for globals...
[13:22:31.961] - globals found: [2] ‘{’, ‘<-’
[13:22:31.961] Searching for globals ... DONE
[13:22:31.962] Resolving globals: FALSE
[13:22:31.962] 
[13:22:31.962] 
[13:22:31.962] getGlobalsAndPackages() ... DONE
[13:22:31.963] run() for ‘Future’ ...
[13:22:31.963] - state: ‘created’
[13:22:31.963] - Future backend: ‘FutureStrategy’, ‘sequential’, ‘uniprocess’, ‘future’, ‘function’
[13:22:31.963] - Future class: ‘SequentialFuture’, ‘UniprocessFuture’, ‘Future’, ‘environment’
[13:22:31.963] - Copy elements of temporary ‘SequentialFuture’ to final ‘Future’ object ...
[13:22:31.964]   - Field: ‘label’
[13:22:31.964]   - Field: ‘local’
[13:22:31.964]   - Field: ‘owner’
[13:22:31.964]   - Field: ‘envir’
[13:22:31.964]   - Field: ‘packages’
[13:22:31.964]   - Field: ‘gc’
[13:22:31.964]   - Field: ‘conditions’
[13:22:31.964]   - Field: ‘expr’
[13:22:31.964]   - Field: ‘uuid’
[13:22:31.964]   - Field: ‘seed’
[13:22:31.964]   - Field: ‘version’
[13:22:31.965]   - Field: ‘result’
[13:22:31.965]   - Field: ‘asynchronous’
[13:22:31.965]   - Field: ‘calls’
[13:22:31.965]   - Field: ‘globals’
[13:22:31.965]   - Field: ‘stdout’
[13:22:31.965]   - Field: ‘earlySignal’
[13:22:31.965]   - Field: ‘lazy’
[13:22:31.965]   - Field: ‘state’
[13:22:31.965] - Copy elements of temporary ‘SequentialFuture’ to final ‘Future’ object ... done
[13:22:31.965] - Launch lazy future ...
[13:22:31.966] Packages needed by the future expression (n = 0): <none>
[13:22:31.966] Packages needed by future strategies (n = 0): <none>
[13:22:31.966] {
[13:22:31.966]     {
[13:22:31.966]         {
[13:22:31.966]             ...future.startTime <- base::Sys.time()
[13:22:31.966]             {
[13:22:31.966]                 {
[13:22:31.966]                   {
[13:22:31.966]                     base::local({
[13:22:31.966]                       has_future <- base::requireNamespace("future", 
[13:22:31.966]                         quietly = TRUE)
[13:22:31.966]                       if (has_future) {
[13:22:31.966]                         ns <- base::getNamespace("future")
[13:22:31.966]                         version <- ns[[".package"]][["version"]]
[13:22:31.966]                         if (is.null(version)) 
[13:22:31.966]                           version <- utils::packageVersion("future")
[13:22:31.966]                       }
[13:22:31.966]                       else {
[13:22:31.966]                         version <- NULL
[13:22:31.966]                       }
[13:22:31.966]                       if (!has_future || version < "1.8.0") {
[13:22:31.966]                         info <- base::c(r_version = base::gsub("R version ", 
[13:22:31.966]                           "", base::R.version$version.string), 
[13:22:31.966]                           platform = base::sprintf("%s (%s-bit)", 
[13:22:31.966]                             base::R.version$platform, 8 * base::.Machine$sizeof.pointer), 
[13:22:31.966]                           os = base::paste(base::Sys.info()[base::c("sysname", 
[13:22:31.966]                             "release", "version")], collapse = " "), 
[13:22:31.966]                           hostname = base::Sys.info()[["nodename"]])
[13:22:31.966]                         info <- base::sprintf("%s: %s", base::names(info), 
[13:22:31.966]                           info)
[13:22:31.966]                         info <- base::paste(info, collapse = "; ")
[13:22:31.966]                         if (!has_future) {
[13:22:31.966]                           msg <- base::sprintf("Package 'future' is not installed on worker (%s)", 
[13:22:31.966]                             info)
[13:22:31.966]                         }
[13:22:31.966]                         else {
[13:22:31.966]                           msg <- base::sprintf("Package 'future' on worker (%s) must be of version >= 1.8.0: %s", 
[13:22:31.966]                             info, version)
[13:22:31.966]                         }
[13:22:31.966]                         base::stop(msg)
[13:22:31.966]                       }
[13:22:31.966]                     })
[13:22:31.966]                   }
[13:22:31.966]                   options(future.plan = NULL)
[13:22:31.966]                   Sys.unsetenv("R_FUTURE_PLAN")
[13:22:31.966]                   future::plan("default", .cleanup = FALSE, .init = FALSE)
[13:22:31.966]                 }
[13:22:31.966]                 ...future.workdir <- getwd()
[13:22:31.966]             }
[13:22:31.966]             ...future.oldOptions <- base::as.list(base::.Options)
[13:22:31.966]             ...future.oldEnvVars <- base::Sys.getenv()
[13:22:31.966]         }
[13:22:31.966]         base::options(future.startup.script = FALSE, future.globals.onMissing = NULL, 
[13:22:31.966]             future.globals.maxSize = NULL, future.globals.method = NULL, 
[13:22:31.966]             future.globals.onMissing = NULL, future.globals.onReference = NULL, 
[13:22:31.966]             future.globals.resolve = NULL, future.resolve.recursive = NULL, 
[13:22:31.966]             future.rng.onMisuse = NULL, future.rng.onMisuse.keepFuture = NULL, 
[13:22:31.966]             future.stdout.windows.reencode = NULL, width = 80L)
[13:22:31.966]         ...future.futureOptionsAdded <- base::setdiff(base::names(base::.Options), 
[13:22:31.966]             base::names(...future.oldOptions))
[13:22:31.966]     }
[13:22:31.966]     if (FALSE) {
[13:22:31.966]     }
[13:22:31.966]     else {
[13:22:31.966]         if (TRUE) {
[13:22:31.966]             ...future.stdout <- base::rawConnection(base::raw(0L), 
[13:22:31.966]                 open = "w")
[13:22:31.966]         }
[13:22:31.966]         else {
[13:22:31.966]             ...future.stdout <- base::file(base::switch(.Platform$OS.type, 
[13:22:31.966]                 windows = "NUL", "/dev/null"), open = "w")
[13:22:31.966]         }
[13:22:31.966]         base::sink(...future.stdout, type = "output", split = FALSE)
[13:22:31.966]         base::on.exit(if (!base::is.null(...future.stdout)) {
[13:22:31.966]             base::sink(type = "output", split = FALSE)
[13:22:31.966]             base::close(...future.stdout)
[13:22:31.966]         }, add = TRUE)
[13:22:31.966]     }
[13:22:31.966]     ...future.frame <- base::sys.nframe()
[13:22:31.966]     ...future.conditions <- base::list()
[13:22:31.966]     ...future.rng <- base::globalenv()$.Random.seed
[13:22:31.966]     if (FALSE) {
[13:22:31.966]         ...future.globalenv.names <- c(base::names(base::.GlobalEnv), 
[13:22:31.966]             "...future.value", "...future.globalenv.names", ".Random.seed")
[13:22:31.966]     }
[13:22:31.966]     ...future.result <- base::tryCatch({
[13:22:31.966]         base::withCallingHandlers({
[13:22:31.966]             ...future.value <- base::withVisible(base::local({
[13:22:31.966]                 a <- 1
[13:22:31.966]                 a
[13:22:31.966]             }))
[13:22:31.966]             future::FutureResult(value = ...future.value$value, 
[13:22:31.966]                 visible = ...future.value$visible, rng = !identical(base::globalenv()$.Random.seed, 
[13:22:31.966]                   ...future.rng), globalenv = if (FALSE) 
[13:22:31.966]                   list(added = base::setdiff(base::names(base::.GlobalEnv), 
[13:22:31.966]                     ...future.globalenv.names))
[13:22:31.966]                 else NULL, started = ...future.startTime, version = "1.8")
[13:22:31.966]         }, condition = base::local({
[13:22:31.966]             c <- base::c
[13:22:31.966]             inherits <- base::inherits
[13:22:31.966]             invokeRestart <- base::invokeRestart
[13:22:31.966]             length <- base::length
[13:22:31.966]             list <- base::list
[13:22:31.966]             seq.int <- base::seq.int
[13:22:31.966]             signalCondition <- base::signalCondition
[13:22:31.966]             sys.calls <- base::sys.calls
[13:22:31.966]             `[[` <- base::`[[`
[13:22:31.966]             `+` <- base::`+`
[13:22:31.966]             `<<-` <- base::`<<-`
[13:22:31.966]             sysCalls <- function(calls = sys.calls(), from = 1L) {
[13:22:31.966]                 calls[seq.int(from = from + 12L, to = length(calls) - 
[13:22:31.966]                   3L)]
[13:22:31.966]             }
[13:22:31.966]             function(cond) {
[13:22:31.966]                 is_error <- inherits(cond, "error")
[13:22:31.966]                 ignore <- !is_error && !is.null(NULL) && inherits(cond, 
[13:22:31.966]                   NULL)
[13:22:31.966]                 if (is_error) {
[13:22:31.966]                   sessionInformation <- function() {
[13:22:31.966]                     list(r = base::R.Version(), locale = base::Sys.getlocale(), 
[13:22:31.966]                       rngkind = base::RNGkind(), namespaces = base::loadedNamespaces(), 
[13:22:31.966]                       search = base::search(), system = base::Sys.info())
[13:22:31.966]                   }
[13:22:31.966]                   ...future.conditions[[length(...future.conditions) + 
[13:22:31.966]                     1L]] <<- list(condition = cond, calls = c(sysCalls(from = ...future.frame), 
[13:22:31.966]                     cond$call), session = sessionInformation(), 
[13:22:31.966]                     timestamp = base::Sys.time(), signaled = 0L)
[13:22:31.966]                   signalCondition(cond)
[13:22:31.966]                 }
[13:22:31.966]                 else if (!ignore && TRUE && inherits(cond, c("condition", 
[13:22:31.966]                 "immediateCondition"))) {
[13:22:31.966]                   signal <- TRUE && inherits(cond, "immediateCondition")
[13:22:31.966]                   ...future.conditions[[length(...future.conditions) + 
[13:22:31.966]                     1L]] <<- list(condition = cond, signaled = base::as.integer(signal))
[13:22:31.966]                   if (TRUE && !signal) {
[13:22:31.966]                     muffleCondition <- function (cond, pattern = "^muffle") 
[13:22:31.966]                     {
[13:22:31.966]                       inherits <- base::inherits
[13:22:31.966]                       invokeRestart <- base::invokeRestart
[13:22:31.966]                       is.null <- base::is.null
[13:22:31.966]                       muffled <- FALSE
[13:22:31.966]                       if (inherits(cond, "message")) {
[13:22:31.966]                         muffled <- grepl(pattern, "muffleMessage")
[13:22:31.966]                         if (muffled) 
[13:22:31.966]                           invokeRestart("muffleMessage")
[13:22:31.966]                       }
[13:22:31.966]                       else if (inherits(cond, "warning")) {
[13:22:31.966]                         muffled <- grepl(pattern, "muffleWarning")
[13:22:31.966]                         if (muffled) 
[13:22:31.966]                           invokeRestart("muffleWarning")
[13:22:31.966]                       }
[13:22:31.966]                       else if (inherits(cond, "condition")) {
[13:22:31.966]                         if (!is.null(pattern)) {
[13:22:31.966]                           computeRestarts <- base::computeRestarts
[13:22:31.966]                           grepl <- base::grepl
[13:22:31.966]                           restarts <- computeRestarts(cond)
[13:22:31.966]                           for (restart in restarts) {
[13:22:31.966]                             name <- restart$name
[13:22:31.966]                             if (is.null(name)) 
[13:22:31.966]                               next
[13:22:31.966]                             if (!grepl(pattern, name)) 
[13:22:31.966]                               next
[13:22:31.966]                             invokeRestart(restart)
[13:22:31.966]                             muffled <- TRUE
[13:22:31.966]                             break
[13:22:31.966]                           }
[13:22:31.966]                         }
[13:22:31.966]                       }
[13:22:31.966]                       invisible(muffled)
[13:22:31.966]                     }
[13:22:31.966]                     muffleCondition(cond, pattern = "^muffle")
[13:22:31.966]                   }
[13:22:31.966]                 }
[13:22:31.966]                 else {
[13:22:31.966]                   if (TRUE) {
[13:22:31.966]                     muffleCondition <- function (cond, pattern = "^muffle") 
[13:22:31.966]                     {
[13:22:31.966]                       inherits <- base::inherits
[13:22:31.966]                       invokeRestart <- base::invokeRestart
[13:22:31.966]                       is.null <- base::is.null
[13:22:31.966]                       muffled <- FALSE
[13:22:31.966]                       if (inherits(cond, "message")) {
[13:22:31.966]                         muffled <- grepl(pattern, "muffleMessage")
[13:22:31.966]                         if (muffled) 
[13:22:31.966]                           invokeRestart("muffleMessage")
[13:22:31.966]                       }
[13:22:31.966]                       else if (inherits(cond, "warning")) {
[13:22:31.966]                         muffled <- grepl(pattern, "muffleWarning")
[13:22:31.966]                         if (muffled) 
[13:22:31.966]                           invokeRestart("muffleWarning")
[13:22:31.966]                       }
[13:22:31.966]                       else if (inherits(cond, "condition")) {
[13:22:31.966]                         if (!is.null(pattern)) {
[13:22:31.966]                           computeRestarts <- base::computeRestarts
[13:22:31.966]                           grepl <- base::grepl
[13:22:31.966]                           restarts <- computeRestarts(cond)
[13:22:31.966]                           for (restart in restarts) {
[13:22:31.966]                             name <- restart$name
[13:22:31.966]                             if (is.null(name)) 
[13:22:31.966]                               next
[13:22:31.966]                             if (!grepl(pattern, name)) 
[13:22:31.966]                               next
[13:22:31.966]                             invokeRestart(restart)
[13:22:31.966]                             muffled <- TRUE
[13:22:31.966]                             break
[13:22:31.966]                           }
[13:22:31.966]                         }
[13:22:31.966]                       }
[13:22:31.966]                       invisible(muffled)
[13:22:31.966]                     }
[13:22:31.966]                     muffleCondition(cond, pattern = "^muffle")
[13:22:31.966]                   }
[13:22:31.966]                 }
[13:22:31.966]             }
[13:22:31.966]         }))
[13:22:31.966]     }, error = function(ex) {
[13:22:31.966]         base::structure(base::list(value = NULL, visible = NULL, 
[13:22:31.966]             conditions = ...future.conditions, rng = !identical(base::globalenv()$.Random.seed, 
[13:22:31.966]                 ...future.rng), started = ...future.startTime, 
[13:22:31.966]             finished = Sys.time(), session_uuid = NA_character_, 
[13:22:31.966]             version = "1.8"), class = "FutureResult")
[13:22:31.966]     }, finally = {
[13:22:31.966]         if (!identical(...future.workdir, getwd())) 
[13:22:31.966]             setwd(...future.workdir)
[13:22:31.966]         {
[13:22:31.966]             if (identical(getOption("nwarnings"), ...future.oldOptions$nwarnings)) {
[13:22:31.966]                 ...future.oldOptions$nwarnings <- NULL
[13:22:31.966]             }
[13:22:31.966]             base::options(...future.oldOptions)
[13:22:31.966]             if (.Platform$OS.type == "windows") {
[13:22:31.966]                 old_names <- names(...future.oldEnvVars)
[13:22:31.966]                 envs <- base::Sys.getenv()
[13:22:31.966]                 names <- names(envs)
[13:22:31.966]                 common <- intersect(names, old_names)
[13:22:31.966]                 added <- setdiff(names, old_names)
[13:22:31.966]                 removed <- setdiff(old_names, names)
[13:22:31.966]                 changed <- common[...future.oldEnvVars[common] != 
[13:22:31.966]                   envs[common]]
[13:22:31.966]                 NAMES <- toupper(changed)
[13:22:31.966]                 args <- list()
[13:22:31.966]                 for (kk in seq_along(NAMES)) {
[13:22:31.966]                   name <- changed[[kk]]
[13:22:31.966]                   NAME <- NAMES[[kk]]
[13:22:31.966]                   if (name != NAME && is.element(NAME, old_names)) 
[13:22:31.966]                     next
[13:22:31.966]                   args[[name]] <- ...future.oldEnvVars[[name]]
[13:22:31.966]                 }
[13:22:31.966]                 NAMES <- toupper(added)
[13:22:31.966]                 for (kk in seq_along(NAMES)) {
[13:22:31.966]                   name <- added[[kk]]
[13:22:31.966]                   NAME <- NAMES[[kk]]
[13:22:31.966]                   if (name != NAME && is.element(NAME, old_names)) 
[13:22:31.966]                     next
[13:22:31.966]                   args[[name]] <- ""
[13:22:31.966]                 }
[13:22:31.966]                 NAMES <- toupper(removed)
[13:22:31.966]                 for (kk in seq_along(NAMES)) {
[13:22:31.966]                   name <- removed[[kk]]
[13:22:31.966]                   NAME <- NAMES[[kk]]
[13:22:31.966]                   if (name != NAME && is.element(NAME, old_names)) 
[13:22:31.966]                     next
[13:22:31.966]                   args[[name]] <- ...future.oldEnvVars[[name]]
[13:22:31.966]                 }
[13:22:31.966]                 if (length(args) > 0) 
[13:22:31.966]                   base::do.call(base::Sys.setenv, args = args)
[13:22:31.966]                 args <- names <- old_names <- NAMES <- envs <- common <- added <- removed <- NULL
[13:22:31.966]             }
[13:22:31.966]             else {
[13:22:31.966]                 base::do.call(base::Sys.setenv, args = base::as.list(...future.oldEnvVars))
[13:22:31.966]             }
[13:22:31.966]             {
[13:22:31.966]                 if (base::length(...future.futureOptionsAdded) > 
[13:22:31.966]                   0L) {
[13:22:31.966]                   opts <- base::vector("list", length = base::length(...future.futureOptionsAdded))
[13:22:31.966]                   base::names(opts) <- ...future.futureOptionsAdded
[13:22:31.966]                   base::options(opts)
[13:22:31.966]                 }
[13:22:31.966]                 {
[13:22:31.966]                   {
[13:22:31.966]                     NULL
[13:22:31.966]                     RNGkind("Mersenne-Twister")
[13:22:31.966]                     base::rm(list = ".Random.seed", envir = base::globalenv(), 
[13:22:31.966]                       inherits = FALSE)
[13:22:31.966]                   }
[13:22:31.966]                   options(future.plan = NULL)
[13:22:31.966]                   if (is.na(NA_character_)) 
[13:22:31.966]                     Sys.unsetenv("R_FUTURE_PLAN")
[13:22:31.966]                   else Sys.setenv(R_FUTURE_PLAN = NA_character_)
[13:22:31.966]                   future::plan(list(function (..., envir = parent.frame()) 
[13:22:31.966]                   {
[13:22:31.966]                     future <- SequentialFuture(..., envir = envir)
[13:22:31.966]                     if (!future$lazy) 
[13:22:31.966]                       future <- run(future)
[13:22:31.966]                     invisible(future)
[13:22:31.966]                   }), .cleanup = FALSE, .init = FALSE)
[13:22:31.966]                 }
[13:22:31.966]             }
[13:22:31.966]         }
[13:22:31.966]     })
[13:22:31.966]     if (TRUE) {
[13:22:31.966]         base::sink(type = "output", split = FALSE)
[13:22:31.966]         if (TRUE) {
[13:22:31.966]             ...future.result$stdout <- base::rawToChar(base::rawConnectionValue(...future.stdout))
[13:22:31.966]         }
[13:22:31.966]         else {
[13:22:31.966]             ...future.result["stdout"] <- base::list(NULL)
[13:22:31.966]         }
[13:22:31.966]         base::close(...future.stdout)
[13:22:31.966]         ...future.stdout <- NULL
[13:22:31.966]     }
[13:22:31.966]     ...future.result$conditions <- ...future.conditions
[13:22:31.966]     ...future.result$finished <- base::Sys.time()
[13:22:31.966]     ...future.result
[13:22:31.966] }
[13:22:31.968] plan(): Setting new future strategy stack:
[13:22:31.968] List of future strategies:
[13:22:31.968] 1. sequential:
[13:22:31.968]    - args: function (..., envir = parent.frame())
[13:22:31.968]    - tweaked: FALSE
[13:22:31.968]    - call: NULL
[13:22:31.969] plan(): nbrOfWorkers() = 1
[13:22:31.970] plan(): Setting new future strategy stack:
[13:22:31.970] List of future strategies:
[13:22:31.970] 1. sequential:
[13:22:31.970]    - args: function (..., envir = parent.frame())
[13:22:31.970]    - tweaked: FALSE
[13:22:31.970]    - call: plan(sequential)
[13:22:31.971] plan(): nbrOfWorkers() = 1
[13:22:31.971] SequentialFuture started (and completed)
[13:22:31.971] - Launch lazy future ... done
[13:22:31.971] run() for ‘SequentialFuture’ ... done
> print(x)
[1] 1
> stopifnot(a == 0, x == 1)
> 
> 
> plan(sequential, abc = FALSE)
Warning: Detected 1 unknown future arguments: ‘abc’
[13:22:31.972] plan(): Setting new future strategy stack:
[13:22:31.972] List of future strategies:
[13:22:31.972] 1. sequential:
[13:22:31.972]    - args: function (..., abc = FALSE, envir = parent.frame())
[13:22:31.972]    - tweaked: TRUE
[13:22:31.972]    - call: plan(sequential, abc = FALSE)
[13:22:31.972] plan(): nbrOfWorkers() = 1
> 
> a <- 0
> x %<-% { a <- 1; a }
[13:22:31.973] getGlobalsAndPackages() ...
[13:22:31.973] Searching for globals...
[13:22:31.974] - globals found: [2] ‘{’, ‘<-’
[13:22:31.974] Searching for globals ... DONE
[13:22:31.974] Resolving globals: FALSE
[13:22:31.974] 
[13:22:31.974] 
[13:22:31.974] getGlobalsAndPackages() ... DONE
[13:22:31.975] run() for ‘Future’ ...
[13:22:31.975] - state: ‘created’
[13:22:31.975] - Future backend: ‘FutureStrategy’, ‘tweaked’, ‘sequential’, ‘uniprocess’, ‘future’, ‘function’
[13:22:31.975] - Future class: ‘SequentialFuture’, ‘UniprocessFuture’, ‘Future’, ‘environment’
[13:22:31.975] - Copy elements of temporary ‘SequentialFuture’ to final ‘Future’ object ...
[13:22:31.975]   - Field: ‘label’
[13:22:31.975]   - Field: ‘local’
[13:22:31.976]   - Field: ‘owner’
[13:22:31.976]   - Field: ‘envir’
[13:22:31.976]   - Field: ‘packages’
[13:22:31.976]   - Field: ‘gc’
[13:22:31.976]   - Field: ‘conditions’
[13:22:31.976]   - Field: ‘expr’
[13:22:31.976]   - Field: ‘uuid’
[13:22:31.976]   - Field: ‘seed’
[13:22:31.976]   - Field: ‘version’
[13:22:31.976]   - Field: ‘result’
[13:22:31.976]   - Field: ‘asynchronous’
[13:22:31.977]   - Field: ‘calls’
[13:22:31.977]   - Field: ‘abc’
[13:22:31.977]   - Field: ‘globals’
[13:22:31.977]   - Field: ‘stdout’
[13:22:31.977]   - Field: ‘earlySignal’
[13:22:31.977]   - Field: ‘lazy’
[13:22:31.977]   - Field: ‘state’
[13:22:31.977] - Copy elements of temporary ‘SequentialFuture’ to final ‘Future’ object ... done
[13:22:31.977] - Launch lazy future ...
[13:22:31.977] Packages needed by the future expression (n = 0): <none>
[13:22:31.978] Packages needed by future strategies (n = 0): <none>
[13:22:31.978] {
[13:22:31.978]     {
[13:22:31.978]         {
[13:22:31.978]             ...future.startTime <- base::Sys.time()
[13:22:31.978]             {
[13:22:31.978]                 {
[13:22:31.978]                   {
[13:22:31.978]                     base::local({
[13:22:31.978]                       has_future <- base::requireNamespace("future", 
[13:22:31.978]                         quietly = TRUE)
[13:22:31.978]                       if (has_future) {
[13:22:31.978]                         ns <- base::getNamespace("future")
[13:22:31.978]                         version <- ns[[".package"]][["version"]]
[13:22:31.978]                         if (is.null(version)) 
[13:22:31.978]                           version <- utils::packageVersion("future")
[13:22:31.978]                       }
[13:22:31.978]                       else {
[13:22:31.978]                         version <- NULL
[13:22:31.978]                       }
[13:22:31.978]                       if (!has_future || version < "1.8.0") {
[13:22:31.978]                         info <- base::c(r_version = base::gsub("R version ", 
[13:22:31.978]                           "", base::R.version$version.string), 
[13:22:31.978]                           platform = base::sprintf("%s (%s-bit)", 
[13:22:31.978]                             base::R.version$platform, 8 * base::.Machine$sizeof.pointer), 
[13:22:31.978]                           os = base::paste(base::Sys.info()[base::c("sysname", 
[13:22:31.978]                             "release", "version")], collapse = " "), 
[13:22:31.978]                           hostname = base::Sys.info()[["nodename"]])
[13:22:31.978]                         info <- base::sprintf("%s: %s", base::names(info), 
[13:22:31.978]                           info)
[13:22:31.978]                         info <- base::paste(info, collapse = "; ")
[13:22:31.978]                         if (!has_future) {
[13:22:31.978]                           msg <- base::sprintf("Package 'future' is not installed on worker (%s)", 
[13:22:31.978]                             info)
[13:22:31.978]                         }
[13:22:31.978]                         else {
[13:22:31.978]                           msg <- base::sprintf("Package 'future' on worker (%s) must be of version >= 1.8.0: %s", 
[13:22:31.978]                             info, version)
[13:22:31.978]                         }
[13:22:31.978]                         base::stop(msg)
[13:22:31.978]                       }
[13:22:31.978]                     })
[13:22:31.978]                   }
[13:22:31.978]                   options(future.plan = NULL)
[13:22:31.978]                   Sys.unsetenv("R_FUTURE_PLAN")
[13:22:31.978]                   future::plan("default", .cleanup = FALSE, .init = FALSE)
[13:22:31.978]                 }
[13:22:31.978]                 ...future.workdir <- getwd()
[13:22:31.978]             }
[13:22:31.978]             ...future.oldOptions <- base::as.list(base::.Options)
[13:22:31.978]             ...future.oldEnvVars <- base::Sys.getenv()
[13:22:31.978]         }
[13:22:31.978]         base::options(future.startup.script = FALSE, future.globals.onMissing = NULL, 
[13:22:31.978]             future.globals.maxSize = NULL, future.globals.method = NULL, 
[13:22:31.978]             future.globals.onMissing = NULL, future.globals.onReference = NULL, 
[13:22:31.978]             future.globals.resolve = NULL, future.resolve.recursive = NULL, 
[13:22:31.978]             future.rng.onMisuse = NULL, future.rng.onMisuse.keepFuture = NULL, 
[13:22:31.978]             future.stdout.windows.reencode = NULL, width = 80L)
[13:22:31.978]         ...future.futureOptionsAdded <- base::setdiff(base::names(base::.Options), 
[13:22:31.978]             base::names(...future.oldOptions))
[13:22:31.978]     }
[13:22:31.978]     if (FALSE) {
[13:22:31.978]     }
[13:22:31.978]     else {
[13:22:31.978]         if (TRUE) {
[13:22:31.978]             ...future.stdout <- base::rawConnection(base::raw(0L), 
[13:22:31.978]                 open = "w")
[13:22:31.978]         }
[13:22:31.978]         else {
[13:22:31.978]             ...future.stdout <- base::file(base::switch(.Platform$OS.type, 
[13:22:31.978]                 windows = "NUL", "/dev/null"), open = "w")
[13:22:31.978]         }
[13:22:31.978]         base::sink(...future.stdout, type = "output", split = FALSE)
[13:22:31.978]         base::on.exit(if (!base::is.null(...future.stdout)) {
[13:22:31.978]             base::sink(type = "output", split = FALSE)
[13:22:31.978]             base::close(...future.stdout)
[13:22:31.978]         }, add = TRUE)
[13:22:31.978]     }
[13:22:31.978]     ...future.frame <- base::sys.nframe()
[13:22:31.978]     ...future.conditions <- base::list()
[13:22:31.978]     ...future.rng <- base::globalenv()$.Random.seed
[13:22:31.978]     if (FALSE) {
[13:22:31.978]         ...future.globalenv.names <- c(base::names(base::.GlobalEnv), 
[13:22:31.978]             "...future.value", "...future.globalenv.names", ".Random.seed")
[13:22:31.978]     }
[13:22:31.978]     ...future.result <- base::tryCatch({
[13:22:31.978]         base::withCallingHandlers({
[13:22:31.978]             ...future.value <- base::withVisible(base::local({
[13:22:31.978]                 a <- 1
[13:22:31.978]                 a
[13:22:31.978]             }))
[13:22:31.978]             future::FutureResult(value = ...future.value$value, 
[13:22:31.978]                 visible = ...future.value$visible, rng = !identical(base::globalenv()$.Random.seed, 
[13:22:31.978]                   ...future.rng), globalenv = if (FALSE) 
[13:22:31.978]                   list(added = base::setdiff(base::names(base::.GlobalEnv), 
[13:22:31.978]                     ...future.globalenv.names))
[13:22:31.978]                 else NULL, started = ...future.startTime, version = "1.8")
[13:22:31.978]         }, condition = base::local({
[13:22:31.978]             c <- base::c
[13:22:31.978]             inherits <- base::inherits
[13:22:31.978]             invokeRestart <- base::invokeRestart
[13:22:31.978]             length <- base::length
[13:22:31.978]             list <- base::list
[13:22:31.978]             seq.int <- base::seq.int
[13:22:31.978]             signalCondition <- base::signalCondition
[13:22:31.978]             sys.calls <- base::sys.calls
[13:22:31.978]             `[[` <- base::`[[`
[13:22:31.978]             `+` <- base::`+`
[13:22:31.978]             `<<-` <- base::`<<-`
[13:22:31.978]             sysCalls <- function(calls = sys.calls(), from = 1L) {
[13:22:31.978]                 calls[seq.int(from = from + 12L, to = length(calls) - 
[13:22:31.978]                   3L)]
[13:22:31.978]             }
[13:22:31.978]             function(cond) {
[13:22:31.978]                 is_error <- inherits(cond, "error")
[13:22:31.978]                 ignore <- !is_error && !is.null(NULL) && inherits(cond, 
[13:22:31.978]                   NULL)
[13:22:31.978]                 if (is_error) {
[13:22:31.978]                   sessionInformation <- function() {
[13:22:31.978]                     list(r = base::R.Version(), locale = base::Sys.getlocale(), 
[13:22:31.978]                       rngkind = base::RNGkind(), namespaces = base::loadedNamespaces(), 
[13:22:31.978]                       search = base::search(), system = base::Sys.info())
[13:22:31.978]                   }
[13:22:31.978]                   ...future.conditions[[length(...future.conditions) + 
[13:22:31.978]                     1L]] <<- list(condition = cond, calls = c(sysCalls(from = ...future.frame), 
[13:22:31.978]                     cond$call), session = sessionInformation(), 
[13:22:31.978]                     timestamp = base::Sys.time(), signaled = 0L)
[13:22:31.978]                   signalCondition(cond)
[13:22:31.978]                 }
[13:22:31.978]                 else if (!ignore && TRUE && inherits(cond, c("condition", 
[13:22:31.978]                 "immediateCondition"))) {
[13:22:31.978]                   signal <- TRUE && inherits(cond, "immediateCondition")
[13:22:31.978]                   ...future.conditions[[length(...future.conditions) + 
[13:22:31.978]                     1L]] <<- list(condition = cond, signaled = base::as.integer(signal))
[13:22:31.978]                   if (TRUE && !signal) {
[13:22:31.978]                     muffleCondition <- function (cond, pattern = "^muffle") 
[13:22:31.978]                     {
[13:22:31.978]                       inherits <- base::inherits
[13:22:31.978]                       invokeRestart <- base::invokeRestart
[13:22:31.978]                       is.null <- base::is.null
[13:22:31.978]                       muffled <- FALSE
[13:22:31.978]                       if (inherits(cond, "message")) {
[13:22:31.978]                         muffled <- grepl(pattern, "muffleMessage")
[13:22:31.978]                         if (muffled) 
[13:22:31.978]                           invokeRestart("muffleMessage")
[13:22:31.978]                       }
[13:22:31.978]                       else if (inherits(cond, "warning")) {
[13:22:31.978]                         muffled <- grepl(pattern, "muffleWarning")
[13:22:31.978]                         if (muffled) 
[13:22:31.978]                           invokeRestart("muffleWarning")
[13:22:31.978]                       }
[13:22:31.978]                       else if (inherits(cond, "condition")) {
[13:22:31.978]                         if (!is.null(pattern)) {
[13:22:31.978]                           computeRestarts <- base::computeRestarts
[13:22:31.978]                           grepl <- base::grepl
[13:22:31.978]                           restarts <- computeRestarts(cond)
[13:22:31.978]                           for (restart in restarts) {
[13:22:31.978]                             name <- restart$name
[13:22:31.978]                             if (is.null(name)) 
[13:22:31.978]                               next
[13:22:31.978]                             if (!grepl(pattern, name)) 
[13:22:31.978]                               next
[13:22:31.978]                             invokeRestart(restart)
[13:22:31.978]                             muffled <- TRUE
[13:22:31.978]                             break
[13:22:31.978]                           }
[13:22:31.978]                         }
[13:22:31.978]                       }
[13:22:31.978]                       invisible(muffled)
[13:22:31.978]                     }
[13:22:31.978]                     muffleCondition(cond, pattern = "^muffle")
[13:22:31.978]                   }
[13:22:31.978]                 }
[13:22:31.978]                 else {
[13:22:31.978]                   if (TRUE) {
[13:22:31.978]                     muffleCondition <- function (cond, pattern = "^muffle") 
[13:22:31.978]                     {
[13:22:31.978]                       inherits <- base::inherits
[13:22:31.978]                       invokeRestart <- base::invokeRestart
[13:22:31.978]                       is.null <- base::is.null
[13:22:31.978]                       muffled <- FALSE
[13:22:31.978]                       if (inherits(cond, "message")) {
[13:22:31.978]                         muffled <- grepl(pattern, "muffleMessage")
[13:22:31.978]                         if (muffled) 
[13:22:31.978]                           invokeRestart("muffleMessage")
[13:22:31.978]                       }
[13:22:31.978]                       else if (inherits(cond, "warning")) {
[13:22:31.978]                         muffled <- grepl(pattern, "muffleWarning")
[13:22:31.978]                         if (muffled) 
[13:22:31.978]                           invokeRestart("muffleWarning")
[13:22:31.978]                       }
[13:22:31.978]                       else if (inherits(cond, "condition")) {
[13:22:31.978]                         if (!is.null(pattern)) {
[13:22:31.978]                           computeRestarts <- base::computeRestarts
[13:22:31.978]                           grepl <- base::grepl
[13:22:31.978]                           restarts <- computeRestarts(cond)
[13:22:31.978]                           for (restart in restarts) {
[13:22:31.978]                             name <- restart$name
[13:22:31.978]                             if (is.null(name)) 
[13:22:31.978]                               next
[13:22:31.978]                             if (!grepl(pattern, name)) 
[13:22:31.978]                               next
[13:22:31.978]                             invokeRestart(restart)
[13:22:31.978]                             muffled <- TRUE
[13:22:31.978]                             break
[13:22:31.978]                           }
[13:22:31.978]                         }
[13:22:31.978]                       }
[13:22:31.978]                       invisible(muffled)
[13:22:31.978]                     }
[13:22:31.978]                     muffleCondition(cond, pattern = "^muffle")
[13:22:31.978]                   }
[13:22:31.978]                 }
[13:22:31.978]             }
[13:22:31.978]         }))
[13:22:31.978]     }, error = function(ex) {
[13:22:31.978]         base::structure(base::list(value = NULL, visible = NULL, 
[13:22:31.978]             conditions = ...future.conditions, rng = !identical(base::globalenv()$.Random.seed, 
[13:22:31.978]                 ...future.rng), started = ...future.startTime, 
[13:22:31.978]             finished = Sys.time(), session_uuid = NA_character_, 
[13:22:31.978]             version = "1.8"), class = "FutureResult")
[13:22:31.978]     }, finally = {
[13:22:31.978]         if (!identical(...future.workdir, getwd())) 
[13:22:31.978]             setwd(...future.workdir)
[13:22:31.978]         {
[13:22:31.978]             if (identical(getOption("nwarnings"), ...future.oldOptions$nwarnings)) {
[13:22:31.978]                 ...future.oldOptions$nwarnings <- NULL
[13:22:31.978]             }
[13:22:31.978]             base::options(...future.oldOptions)
[13:22:31.978]             if (.Platform$OS.type == "windows") {
[13:22:31.978]                 old_names <- names(...future.oldEnvVars)
[13:22:31.978]                 envs <- base::Sys.getenv()
[13:22:31.978]                 names <- names(envs)
[13:22:31.978]                 common <- intersect(names, old_names)
[13:22:31.978]                 added <- setdiff(names, old_names)
[13:22:31.978]                 removed <- setdiff(old_names, names)
[13:22:31.978]                 changed <- common[...future.oldEnvVars[common] != 
[13:22:31.978]                   envs[common]]
[13:22:31.978]                 NAMES <- toupper(changed)
[13:22:31.978]                 args <- list()
[13:22:31.978]                 for (kk in seq_along(NAMES)) {
[13:22:31.978]                   name <- changed[[kk]]
[13:22:31.978]                   NAME <- NAMES[[kk]]
[13:22:31.978]                   if (name != NAME && is.element(NAME, old_names)) 
[13:22:31.978]                     next
[13:22:31.978]                   args[[name]] <- ...future.oldEnvVars[[name]]
[13:22:31.978]                 }
[13:22:31.978]                 NAMES <- toupper(added)
[13:22:31.978]                 for (kk in seq_along(NAMES)) {
[13:22:31.978]                   name <- added[[kk]]
[13:22:31.978]                   NAME <- NAMES[[kk]]
[13:22:31.978]                   if (name != NAME && is.element(NAME, old_names)) 
[13:22:31.978]                     next
[13:22:31.978]                   args[[name]] <- ""
[13:22:31.978]                 }
[13:22:31.978]                 NAMES <- toupper(removed)
[13:22:31.978]                 for (kk in seq_along(NAMES)) {
[13:22:31.978]                   name <- removed[[kk]]
[13:22:31.978]                   NAME <- NAMES[[kk]]
[13:22:31.978]                   if (name != NAME && is.element(NAME, old_names)) 
[13:22:31.978]                     next
[13:22:31.978]                   args[[name]] <- ...future.oldEnvVars[[name]]
[13:22:31.978]                 }
[13:22:31.978]                 if (length(args) > 0) 
[13:22:31.978]                   base::do.call(base::Sys.setenv, args = args)
[13:22:31.978]                 args <- names <- old_names <- NAMES <- envs <- common <- added <- removed <- NULL
[13:22:31.978]             }
[13:22:31.978]             else {
[13:22:31.978]                 base::do.call(base::Sys.setenv, args = base::as.list(...future.oldEnvVars))
[13:22:31.978]             }
[13:22:31.978]             {
[13:22:31.978]                 if (base::length(...future.futureOptionsAdded) > 
[13:22:31.978]                   0L) {
[13:22:31.978]                   opts <- base::vector("list", length = base::length(...future.futureOptionsAdded))
[13:22:31.978]                   base::names(opts) <- ...future.futureOptionsAdded
[13:22:31.978]                   base::options(opts)
[13:22:31.978]                 }
[13:22:31.978]                 {
[13:22:31.978]                   {
[13:22:31.978]                     NULL
[13:22:31.978]                     RNGkind("Mersenne-Twister")
[13:22:31.978]                     base::rm(list = ".Random.seed", envir = base::globalenv(), 
[13:22:31.978]                       inherits = FALSE)
[13:22:31.978]                   }
[13:22:31.978]                   options(future.plan = NULL)
[13:22:31.978]                   if (is.na(NA_character_)) 
[13:22:31.978]                     Sys.unsetenv("R_FUTURE_PLAN")
[13:22:31.978]                   else Sys.setenv(R_FUTURE_PLAN = NA_character_)
[13:22:31.978]                   future::plan(list(function (..., abc = FALSE, 
[13:22:31.978]                     envir = parent.frame()) 
[13:22:31.978]                   strategy(..., abc = abc, envir = envir)), .cleanup = FALSE, 
[13:22:31.978]                     .init = FALSE)
[13:22:31.978]                 }
[13:22:31.978]             }
[13:22:31.978]         }
[13:22:31.978]     })
[13:22:31.978]     if (TRUE) {
[13:22:31.978]         base::sink(type = "output", split = FALSE)
[13:22:31.978]         if (TRUE) {
[13:22:31.978]             ...future.result$stdout <- base::rawToChar(base::rawConnectionValue(...future.stdout))
[13:22:31.978]         }
[13:22:31.978]         else {
[13:22:31.978]             ...future.result["stdout"] <- base::list(NULL)
[13:22:31.978]         }
[13:22:31.978]         base::close(...future.stdout)
[13:22:31.978]         ...future.stdout <- NULL
[13:22:31.978]     }
[13:22:31.978]     ...future.result$conditions <- ...future.conditions
[13:22:31.978]     ...future.result$finished <- base::Sys.time()
[13:22:31.978]     ...future.result
[13:22:31.978] }
[13:22:31.980] plan(): Setting new future strategy stack:
[13:22:31.980] List of future strategies:
[13:22:31.980] 1. sequential:
[13:22:31.980]    - args: function (..., envir = parent.frame())
[13:22:31.980]    - tweaked: FALSE
[13:22:31.980]    - call: NULL
[13:22:31.980] plan(): nbrOfWorkers() = 1
[13:22:31.981] plan(): Setting new future strategy stack:
[13:22:31.981] List of future strategies:
[13:22:31.981] 1. sequential:
[13:22:31.981]    - args: function (..., abc = FALSE, envir = parent.frame())
[13:22:31.981]    - tweaked: TRUE
[13:22:31.981]    - call: plan(sequential, abc = FALSE)
[13:22:31.981] plan(): nbrOfWorkers() = 1
[13:22:31.982] SequentialFuture started (and completed)
[13:22:31.982] - Launch lazy future ... done
[13:22:31.982] run() for ‘SequentialFuture’ ... done
> print(x)
[1] 1
> stopifnot(a == 0, x == 1)
> 
> x %<-% { a <- 2; a } %tweak% list(abc = TRUE)
[13:22:31.982] plan(): Setting new future strategy stack:
[13:22:31.982] List of future strategies:
[13:22:31.982] 1. sequential:
[13:22:31.982]    - args: function (..., abc = TRUE, envir = parent.frame())
[13:22:31.982]    - tweaked: TRUE
[13:22:31.982]    - call: plan(sequential, abc = FALSE)
[13:22:31.983] plan(): nbrOfWorkers() = 1
[13:22:31.983] getGlobalsAndPackages() ...
[13:22:31.983] Searching for globals...
[13:22:31.984] - globals found: [2] ‘{’, ‘<-’
[13:22:31.984] Searching for globals ... DONE
[13:22:31.984] Resolving globals: FALSE
[13:22:31.985] 
[13:22:31.985] 
[13:22:31.985] getGlobalsAndPackages() ... DONE
[13:22:31.985] run() for ‘Future’ ...
[13:22:31.985] - state: ‘created’
[13:22:31.985] - Future backend: ‘FutureStrategy’, ‘tweaked’, ‘tweaked’, ‘sequential’, ‘uniprocess’, ‘future’, ‘function’
[13:22:31.986] - Future class: ‘SequentialFuture’, ‘UniprocessFuture’, ‘Future’, ‘environment’
[13:22:31.986] - Copy elements of temporary ‘SequentialFuture’ to final ‘Future’ object ...
[13:22:31.986]   - Field: ‘label’
[13:22:31.986]   - Field: ‘local’
[13:22:31.986]   - Field: ‘owner’
[13:22:31.986]   - Field: ‘envir’
[13:22:31.986]   - Field: ‘packages’
[13:22:31.986]   - Field: ‘gc’
[13:22:31.986]   - Field: ‘conditions’
[13:22:31.986]   - Field: ‘expr’
[13:22:31.987]   - Field: ‘uuid’
[13:22:31.987]   - Field: ‘seed’
[13:22:31.987]   - Field: ‘version’
[13:22:31.987]   - Field: ‘result’
[13:22:31.987]   - Field: ‘asynchronous’
[13:22:31.987]   - Field: ‘calls’
[13:22:31.987]   - Field: ‘abc’
[13:22:31.987]   - Field: ‘globals’
[13:22:31.987]   - Field: ‘stdout’
[13:22:31.987]   - Field: ‘earlySignal’
[13:22:31.987]   - Field: ‘lazy’
[13:22:31.988]   - Field: ‘state’
[13:22:31.988] - Copy elements of temporary ‘SequentialFuture’ to final ‘Future’ object ... done
[13:22:31.988] - Launch lazy future ...
[13:22:31.988] Packages needed by the future expression (n = 0): <none>
[13:22:31.988] Packages needed by future strategies (n = 0): <none>
[13:22:31.988] {
[13:22:31.988]     {
[13:22:31.988]         {
[13:22:31.988]             ...future.startTime <- base::Sys.time()
[13:22:31.988]             {
[13:22:31.988]                 {
[13:22:31.988]                   {
[13:22:31.988]                     base::local({
[13:22:31.988]                       has_future <- base::requireNamespace("future", 
[13:22:31.988]                         quietly = TRUE)
[13:22:31.988]                       if (has_future) {
[13:22:31.988]                         ns <- base::getNamespace("future")
[13:22:31.988]                         version <- ns[[".package"]][["version"]]
[13:22:31.988]                         if (is.null(version)) 
[13:22:31.988]                           version <- utils::packageVersion("future")
[13:22:31.988]                       }
[13:22:31.988]                       else {
[13:22:31.988]                         version <- NULL
[13:22:31.988]                       }
[13:22:31.988]                       if (!has_future || version < "1.8.0") {
[13:22:31.988]                         info <- base::c(r_version = base::gsub("R version ", 
[13:22:31.988]                           "", base::R.version$version.string), 
[13:22:31.988]                           platform = base::sprintf("%s (%s-bit)", 
[13:22:31.988]                             base::R.version$platform, 8 * base::.Machine$sizeof.pointer), 
[13:22:31.988]                           os = base::paste(base::Sys.info()[base::c("sysname", 
[13:22:31.988]                             "release", "version")], collapse = " "), 
[13:22:31.988]                           hostname = base::Sys.info()[["nodename"]])
[13:22:31.988]                         info <- base::sprintf("%s: %s", base::names(info), 
[13:22:31.988]                           info)
[13:22:31.988]                         info <- base::paste(info, collapse = "; ")
[13:22:31.988]                         if (!has_future) {
[13:22:31.988]                           msg <- base::sprintf("Package 'future' is not installed on worker (%s)", 
[13:22:31.988]                             info)
[13:22:31.988]                         }
[13:22:31.988]                         else {
[13:22:31.988]                           msg <- base::sprintf("Package 'future' on worker (%s) must be of version >= 1.8.0: %s", 
[13:22:31.988]                             info, version)
[13:22:31.988]                         }
[13:22:31.988]                         base::stop(msg)
[13:22:31.988]                       }
[13:22:31.988]                     })
[13:22:31.988]                   }
[13:22:31.988]                   options(future.plan = NULL)
[13:22:31.988]                   Sys.unsetenv("R_FUTURE_PLAN")
[13:22:31.988]                   future::plan("default", .cleanup = FALSE, .init = FALSE)
[13:22:31.988]                 }
[13:22:31.988]                 ...future.workdir <- getwd()
[13:22:31.988]             }
[13:22:31.988]             ...future.oldOptions <- base::as.list(base::.Options)
[13:22:31.988]             ...future.oldEnvVars <- base::Sys.getenv()
[13:22:31.988]         }
[13:22:31.988]         base::options(future.startup.script = FALSE, future.globals.onMissing = NULL, 
[13:22:31.988]             future.globals.maxSize = NULL, future.globals.method = NULL, 
[13:22:31.988]             future.globals.onMissing = NULL, future.globals.onReference = NULL, 
[13:22:31.988]             future.globals.resolve = NULL, future.resolve.recursive = NULL, 
[13:22:31.988]             future.rng.onMisuse = NULL, future.rng.onMisuse.keepFuture = NULL, 
[13:22:31.988]             future.stdout.windows.reencode = NULL, width = 80L)
[13:22:31.988]         ...future.futureOptionsAdded <- base::setdiff(base::names(base::.Options), 
[13:22:31.988]             base::names(...future.oldOptions))
[13:22:31.988]     }
[13:22:31.988]     if (FALSE) {
[13:22:31.988]     }
[13:22:31.988]     else {
[13:22:31.988]         if (TRUE) {
[13:22:31.988]             ...future.stdout <- base::rawConnection(base::raw(0L), 
[13:22:31.988]                 open = "w")
[13:22:31.988]         }
[13:22:31.988]         else {
[13:22:31.988]             ...future.stdout <- base::file(base::switch(.Platform$OS.type, 
[13:22:31.988]                 windows = "NUL", "/dev/null"), open = "w")
[13:22:31.988]         }
[13:22:31.988]         base::sink(...future.stdout, type = "output", split = FALSE)
[13:22:31.988]         base::on.exit(if (!base::is.null(...future.stdout)) {
[13:22:31.988]             base::sink(type = "output", split = FALSE)
[13:22:31.988]             base::close(...future.stdout)
[13:22:31.988]         }, add = TRUE)
[13:22:31.988]     }
[13:22:31.988]     ...future.frame <- base::sys.nframe()
[13:22:31.988]     ...future.conditions <- base::list()
[13:22:31.988]     ...future.rng <- base::globalenv()$.Random.seed
[13:22:31.988]     if (FALSE) {
[13:22:31.988]         ...future.globalenv.names <- c(base::names(base::.GlobalEnv), 
[13:22:31.988]             "...future.value", "...future.globalenv.names", ".Random.seed")
[13:22:31.988]     }
[13:22:31.988]     ...future.result <- base::tryCatch({
[13:22:31.988]         base::withCallingHandlers({
[13:22:31.988]             ...future.value <- base::withVisible(base::local({
[13:22:31.988]                 a <- 2
[13:22:31.988]                 a
[13:22:31.988]             }))
[13:22:31.988]             future::FutureResult(value = ...future.value$value, 
[13:22:31.988]                 visible = ...future.value$visible, rng = !identical(base::globalenv()$.Random.seed, 
[13:22:31.988]                   ...future.rng), globalenv = if (FALSE) 
[13:22:31.988]                   list(added = base::setdiff(base::names(base::.GlobalEnv), 
[13:22:31.988]                     ...future.globalenv.names))
[13:22:31.988]                 else NULL, started = ...future.startTime, version = "1.8")
[13:22:31.988]         }, condition = base::local({
[13:22:31.988]             c <- base::c
[13:22:31.988]             inherits <- base::inherits
[13:22:31.988]             invokeRestart <- base::invokeRestart
[13:22:31.988]             length <- base::length
[13:22:31.988]             list <- base::list
[13:22:31.988]             seq.int <- base::seq.int
[13:22:31.988]             signalCondition <- base::signalCondition
[13:22:31.988]             sys.calls <- base::sys.calls
[13:22:31.988]             `[[` <- base::`[[`
[13:22:31.988]             `+` <- base::`+`
[13:22:31.988]             `<<-` <- base::`<<-`
[13:22:31.988]             sysCalls <- function(calls = sys.calls(), from = 1L) {
[13:22:31.988]                 calls[seq.int(from = from + 12L, to = length(calls) - 
[13:22:31.988]                   3L)]
[13:22:31.988]             }
[13:22:31.988]             function(cond) {
[13:22:31.988]                 is_error <- inherits(cond, "error")
[13:22:31.988]                 ignore <- !is_error && !is.null(NULL) && inherits(cond, 
[13:22:31.988]                   NULL)
[13:22:31.988]                 if (is_error) {
[13:22:31.988]                   sessionInformation <- function() {
[13:22:31.988]                     list(r = base::R.Version(), locale = base::Sys.getlocale(), 
[13:22:31.988]                       rngkind = base::RNGkind(), namespaces = base::loadedNamespaces(), 
[13:22:31.988]                       search = base::search(), system = base::Sys.info())
[13:22:31.988]                   }
[13:22:31.988]                   ...future.conditions[[length(...future.conditions) + 
[13:22:31.988]                     1L]] <<- list(condition = cond, calls = c(sysCalls(from = ...future.frame), 
[13:22:31.988]                     cond$call), session = sessionInformation(), 
[13:22:31.988]                     timestamp = base::Sys.time(), signaled = 0L)
[13:22:31.988]                   signalCondition(cond)
[13:22:31.988]                 }
[13:22:31.988]                 else if (!ignore && TRUE && inherits(cond, c("condition", 
[13:22:31.988]                 "immediateCondition"))) {
[13:22:31.988]                   signal <- TRUE && inherits(cond, "immediateCondition")
[13:22:31.988]                   ...future.conditions[[length(...future.conditions) + 
[13:22:31.988]                     1L]] <<- list(condition = cond, signaled = base::as.integer(signal))
[13:22:31.988]                   if (TRUE && !signal) {
[13:22:31.988]                     muffleCondition <- function (cond, pattern = "^muffle") 
[13:22:31.988]                     {
[13:22:31.988]                       inherits <- base::inherits
[13:22:31.988]                       invokeRestart <- base::invokeRestart
[13:22:31.988]                       is.null <- base::is.null
[13:22:31.988]                       muffled <- FALSE
[13:22:31.988]                       if (inherits(cond, "message")) {
[13:22:31.988]                         muffled <- grepl(pattern, "muffleMessage")
[13:22:31.988]                         if (muffled) 
[13:22:31.988]                           invokeRestart("muffleMessage")
[13:22:31.988]                       }
[13:22:31.988]                       else if (inherits(cond, "warning")) {
[13:22:31.988]                         muffled <- grepl(pattern, "muffleWarning")
[13:22:31.988]                         if (muffled) 
[13:22:31.988]                           invokeRestart("muffleWarning")
[13:22:31.988]                       }
[13:22:31.988]                       else if (inherits(cond, "condition")) {
[13:22:31.988]                         if (!is.null(pattern)) {
[13:22:31.988]                           computeRestarts <- base::computeRestarts
[13:22:31.988]                           grepl <- base::grepl
[13:22:31.988]                           restarts <- computeRestarts(cond)
[13:22:31.988]                           for (restart in restarts) {
[13:22:31.988]                             name <- restart$name
[13:22:31.988]                             if (is.null(name)) 
[13:22:31.988]                               next
[13:22:31.988]                             if (!grepl(pattern, name)) 
[13:22:31.988]                               next
[13:22:31.988]                             invokeRestart(restart)
[13:22:31.988]                             muffled <- TRUE
[13:22:31.988]                             break
[13:22:31.988]                           }
[13:22:31.988]                         }
[13:22:31.988]                       }
[13:22:31.988]                       invisible(muffled)
[13:22:31.988]                     }
[13:22:31.988]                     muffleCondition(cond, pattern = "^muffle")
[13:22:31.988]                   }
[13:22:31.988]                 }
[13:22:31.988]                 else {
[13:22:31.988]                   if (TRUE) {
[13:22:31.988]                     muffleCondition <- function (cond, pattern = "^muffle") 
[13:22:31.988]                     {
[13:22:31.988]                       inherits <- base::inherits
[13:22:31.988]                       invokeRestart <- base::invokeRestart
[13:22:31.988]                       is.null <- base::is.null
[13:22:31.988]                       muffled <- FALSE
[13:22:31.988]                       if (inherits(cond, "message")) {
[13:22:31.988]                         muffled <- grepl(pattern, "muffleMessage")
[13:22:31.988]                         if (muffled) 
[13:22:31.988]                           invokeRestart("muffleMessage")
[13:22:31.988]                       }
[13:22:31.988]                       else if (inherits(cond, "warning")) {
[13:22:31.988]                         muffled <- grepl(pattern, "muffleWarning")
[13:22:31.988]                         if (muffled) 
[13:22:31.988]                           invokeRestart("muffleWarning")
[13:22:31.988]                       }
[13:22:31.988]                       else if (inherits(cond, "condition")) {
[13:22:31.988]                         if (!is.null(pattern)) {
[13:22:31.988]                           computeRestarts <- base::computeRestarts
[13:22:31.988]                           grepl <- base::grepl
[13:22:31.988]                           restarts <- computeRestarts(cond)
[13:22:31.988]                           for (restart in restarts) {
[13:22:31.988]                             name <- restart$name
[13:22:31.988]                             if (is.null(name)) 
[13:22:31.988]                               next
[13:22:31.988]                             if (!grepl(pattern, name)) 
[13:22:31.988]                               next
[13:22:31.988]                             invokeRestart(restart)
[13:22:31.988]                             muffled <- TRUE
[13:22:31.988]                             break
[13:22:31.988]                           }
[13:22:31.988]                         }
[13:22:31.988]                       }
[13:22:31.988]                       invisible(muffled)
[13:22:31.988]                     }
[13:22:31.988]                     muffleCondition(cond, pattern = "^muffle")
[13:22:31.988]                   }
[13:22:31.988]                 }
[13:22:31.988]             }
[13:22:31.988]         }))
[13:22:31.988]     }, error = function(ex) {
[13:22:31.988]         base::structure(base::list(value = NULL, visible = NULL, 
[13:22:31.988]             conditions = ...future.conditions, rng = !identical(base::globalenv()$.Random.seed, 
[13:22:31.988]                 ...future.rng), started = ...future.startTime, 
[13:22:31.988]             finished = Sys.time(), session_uuid = NA_character_, 
[13:22:31.988]             version = "1.8"), class = "FutureResult")
[13:22:31.988]     }, finally = {
[13:22:31.988]         if (!identical(...future.workdir, getwd())) 
[13:22:31.988]             setwd(...future.workdir)
[13:22:31.988]         {
[13:22:31.988]             if (identical(getOption("nwarnings"), ...future.oldOptions$nwarnings)) {
[13:22:31.988]                 ...future.oldOptions$nwarnings <- NULL
[13:22:31.988]             }
[13:22:31.988]             base::options(...future.oldOptions)
[13:22:31.988]             if (.Platform$OS.type == "windows") {
[13:22:31.988]                 old_names <- names(...future.oldEnvVars)
[13:22:31.988]                 envs <- base::Sys.getenv()
[13:22:31.988]                 names <- names(envs)
[13:22:31.988]                 common <- intersect(names, old_names)
[13:22:31.988]                 added <- setdiff(names, old_names)
[13:22:31.988]                 removed <- setdiff(old_names, names)
[13:22:31.988]                 changed <- common[...future.oldEnvVars[common] != 
[13:22:31.988]                   envs[common]]
[13:22:31.988]                 NAMES <- toupper(changed)
[13:22:31.988]                 args <- list()
[13:22:31.988]                 for (kk in seq_along(NAMES)) {
[13:22:31.988]                   name <- changed[[kk]]
[13:22:31.988]                   NAME <- NAMES[[kk]]
[13:22:31.988]                   if (name != NAME && is.element(NAME, old_names)) 
[13:22:31.988]                     next
[13:22:31.988]                   args[[name]] <- ...future.oldEnvVars[[name]]
[13:22:31.988]                 }
[13:22:31.988]                 NAMES <- toupper(added)
[13:22:31.988]                 for (kk in seq_along(NAMES)) {
[13:22:31.988]                   name <- added[[kk]]
[13:22:31.988]                   NAME <- NAMES[[kk]]
[13:22:31.988]                   if (name != NAME && is.element(NAME, old_names)) 
[13:22:31.988]                     next
[13:22:31.988]                   args[[name]] <- ""
[13:22:31.988]                 }
[13:22:31.988]                 NAMES <- toupper(removed)
[13:22:31.988]                 for (kk in seq_along(NAMES)) {
[13:22:31.988]                   name <- removed[[kk]]
[13:22:31.988]                   NAME <- NAMES[[kk]]
[13:22:31.988]                   if (name != NAME && is.element(NAME, old_names)) 
[13:22:31.988]                     next
[13:22:31.988]                   args[[name]] <- ...future.oldEnvVars[[name]]
[13:22:31.988]                 }
[13:22:31.988]                 if (length(args) > 0) 
[13:22:31.988]                   base::do.call(base::Sys.setenv, args = args)
[13:22:31.988]                 args <- names <- old_names <- NAMES <- envs <- common <- added <- removed <- NULL
[13:22:31.988]             }
[13:22:31.988]             else {
[13:22:31.988]                 base::do.call(base::Sys.setenv, args = base::as.list(...future.oldEnvVars))
[13:22:31.988]             }
[13:22:31.988]             {
[13:22:31.988]                 if (base::length(...future.futureOptionsAdded) > 
[13:22:31.988]                   0L) {
[13:22:31.988]                   opts <- base::vector("list", length = base::length(...future.futureOptionsAdded))
[13:22:31.988]                   base::names(opts) <- ...future.futureOptionsAdded
[13:22:31.988]                   base::options(opts)
[13:22:31.988]                 }
[13:22:31.988]                 {
[13:22:31.988]                   {
[13:22:31.988]                     NULL
[13:22:31.988]                     RNGkind("Mersenne-Twister")
[13:22:31.988]                     base::rm(list = ".Random.seed", envir = base::globalenv(), 
[13:22:31.988]                       inherits = FALSE)
[13:22:31.988]                   }
[13:22:31.988]                   options(future.plan = NULL)
[13:22:31.988]                   if (is.na(NA_character_)) 
[13:22:31.988]                     Sys.unsetenv("R_FUTURE_PLAN")
[13:22:31.988]                   else Sys.setenv(R_FUTURE_PLAN = NA_character_)
[13:22:31.988]                   future::plan(list(function (..., abc = TRUE, 
[13:22:31.988]                     envir = parent.frame()) 
[13:22:31.988]                   strategy(..., abc = abc, envir = envir)), .cleanup = FALSE, 
[13:22:31.988]                     .init = FALSE)
[13:22:31.988]                 }
[13:22:31.988]             }
[13:22:31.988]         }
[13:22:31.988]     })
[13:22:31.988]     if (TRUE) {
[13:22:31.988]         base::sink(type = "output", split = FALSE)
[13:22:31.988]         if (TRUE) {
[13:22:31.988]             ...future.result$stdout <- base::rawToChar(base::rawConnectionValue(...future.stdout))
[13:22:31.988]         }
[13:22:31.988]         else {
[13:22:31.988]             ...future.result["stdout"] <- base::list(NULL)
[13:22:31.988]         }
[13:22:31.988]         base::close(...future.stdout)
[13:22:31.988]         ...future.stdout <- NULL
[13:22:31.988]     }
[13:22:31.988]     ...future.result$conditions <- ...future.conditions
[13:22:31.988]     ...future.result$finished <- base::Sys.time()
[13:22:31.988]     ...future.result
[13:22:31.988] }
[13:22:31.990] plan(): Setting new future strategy stack:
[13:22:31.990] List of future strategies:
[13:22:31.990] 1. sequential:
[13:22:31.990]    - args: function (..., envir = parent.frame())
[13:22:31.990]    - tweaked: FALSE
[13:22:31.990]    - call: NULL
[13:22:31.991] plan(): nbrOfWorkers() = 1
[13:22:31.991] plan(): Setting new future strategy stack:
[13:22:31.991] List of future strategies:
[13:22:31.991] 1. sequential:
[13:22:31.991]    - args: function (..., abc = TRUE, envir = parent.frame())
[13:22:31.991]    - tweaked: TRUE
[13:22:31.991]    - call: plan(sequential, abc = FALSE)
[13:22:31.992] plan(): nbrOfWorkers() = 1
[13:22:31.992] SequentialFuture started (and completed)
[13:22:31.992] - Launch lazy future ... done
[13:22:31.992] run() for ‘SequentialFuture’ ... done
[13:22:31.992] plan(): Setting new future strategy stack:
[13:22:31.992] List of future strategies:
[13:22:31.992] 1. sequential:
[13:22:31.992]    - args: function (..., abc = FALSE, envir = parent.frame())
[13:22:31.992]    - tweaked: TRUE
[13:22:31.992]    - call: plan(sequential, abc = FALSE)
[13:22:31.993] plan(): nbrOfWorkers() = 1
> print(x)
[1] 2
> stopifnot(a == 0, x == 2)
> 
> 
> # Preserve nested futures
> plan(list(A = sequential, B = tweak(sequential, abc = FALSE)))
Warning: Detected 1 unknown future arguments: ‘abc’
[13:22:31.993] plan(): Setting new future strategy stack:
[13:22:31.994] List of future strategies:
[13:22:31.994] 1. sequential:
[13:22:31.994]    - args: function (..., envir = parent.frame())
[13:22:31.994]    - tweaked: FALSE
[13:22:31.994]    - call: plan(list(A = sequential, B = tweak(sequential, abc = FALSE)))
[13:22:31.994] 2. sequential:
[13:22:31.994]    - args: function (..., abc = FALSE, envir = parent.frame())
[13:22:31.994]    - tweaked: TRUE
[13:22:31.994]    - call: plan(list(A = sequential, B = tweak(sequential, abc = FALSE)))
[13:22:31.994] plan(): nbrOfWorkers() = 1
> a <- 0
> 
> x %<-% {
+   stopifnot(identical(names(plan("list")), "B"))
+   a <- 1
+   a
+ }
[13:22:31.994] getGlobalsAndPackages() ...
[13:22:31.994] Searching for globals...
[13:22:31.998] - globals found: [6] ‘{’, ‘stopifnot’, ‘identical’, ‘names’, ‘plan’, ‘<-’
[13:22:31.998] Searching for globals ... DONE
[13:22:31.998] Resolving globals: FALSE
[13:22:32.000] The total size of the 1 globals is 403.23 KiB (412912 bytes)
[13:22:32.000] The total size of the 1 globals exported for future expression (‘{; stopifnot(identical(names(plan("list")), "B")); a <- 1; a; }’) is 403.23 KiB.. This exceeds the maximum allowed size of 500.00 MiB (option 'future.globals.maxSize'). There is one global: ‘plan’ (403.23 KiB of class ‘function’)
[13:22:32.000] - globals: [1] ‘plan’
[13:22:32.000] 
[13:22:32.000] getGlobalsAndPackages() ... DONE
[13:22:32.001] run() for ‘Future’ ...
[13:22:32.001] - state: ‘created’
[13:22:32.001] - Future backend: ‘FutureStrategy’, ‘sequential’, ‘uniprocess’, ‘future’, ‘function’
[13:22:32.001] - Future class: ‘SequentialFuture’, ‘UniprocessFuture’, ‘Future’, ‘environment’
[13:22:32.001] - Copy elements of temporary ‘SequentialFuture’ to final ‘Future’ object ...
[13:22:32.001]   - Field: ‘label’
[13:22:32.001]   - Field: ‘local’
[13:22:32.001]   - Field: ‘owner’
[13:22:32.002]   - Field: ‘envir’
[13:22:32.002]   - Field: ‘packages’
[13:22:32.002]   - Field: ‘gc’
[13:22:32.002]   - Field: ‘conditions’
[13:22:32.002]   - Field: ‘expr’
[13:22:32.002]   - Field: ‘uuid’
[13:22:32.002]   - Field: ‘seed’
[13:22:32.002]   - Field: ‘version’
[13:22:32.002]   - Field: ‘result’
[13:22:32.002]   - Field: ‘asynchronous’
[13:22:32.002]   - Field: ‘calls’
[13:22:32.003]   - Field: ‘globals’
[13:22:32.003]   - Field: ‘stdout’
[13:22:32.003]   - Field: ‘earlySignal’
[13:22:32.003]   - Field: ‘lazy’
[13:22:32.003]   - Field: ‘state’
[13:22:32.003] - Copy elements of temporary ‘SequentialFuture’ to final ‘Future’ object ... done
[13:22:32.003] - Launch lazy future ...
[13:22:32.003] Packages needed by the future expression (n = 0): <none>
[13:22:32.003] Packages needed by future strategies (n = 0): 
[13:22:32.004] {
[13:22:32.004]     {
[13:22:32.004]         {
[13:22:32.004]             ...future.startTime <- base::Sys.time()
[13:22:32.004]             {
[13:22:32.004]                 {
[13:22:32.004]                   {
[13:22:32.004]                     base::local({
[13:22:32.004]                       has_future <- base::requireNamespace("future", 
[13:22:32.004]                         quietly = TRUE)
[13:22:32.004]                       if (has_future) {
[13:22:32.004]                         ns <- base::getNamespace("future")
[13:22:32.004]                         version <- ns[[".package"]][["version"]]
[13:22:32.004]                         if (is.null(version)) 
[13:22:32.004]                           version <- utils::packageVersion("future")
[13:22:32.004]                       }
[13:22:32.004]                       else {
[13:22:32.004]                         version <- NULL
[13:22:32.004]                       }
[13:22:32.004]                       if (!has_future || version < "1.8.0") {
[13:22:32.004]                         info <- base::c(r_version = base::gsub("R version ", 
[13:22:32.004]                           "", base::R.version$version.string), 
[13:22:32.004]                           platform = base::sprintf("%s (%s-bit)", 
[13:22:32.004]                             base::R.version$platform, 8 * base::.Machine$sizeof.pointer), 
[13:22:32.004]                           os = base::paste(base::Sys.info()[base::c("sysname", 
[13:22:32.004]                             "release", "version")], collapse = " "), 
[13:22:32.004]                           hostname = base::Sys.info()[["nodename"]])
[13:22:32.004]                         info <- base::sprintf("%s: %s", base::names(info), 
[13:22:32.004]                           info)
[13:22:32.004]                         info <- base::paste(info, collapse = "; ")
[13:22:32.004]                         if (!has_future) {
[13:22:32.004]                           msg <- base::sprintf("Package 'future' is not installed on worker (%s)", 
[13:22:32.004]                             info)
[13:22:32.004]                         }
[13:22:32.004]                         else {
[13:22:32.004]                           msg <- base::sprintf("Package 'future' on worker (%s) must be of version >= 1.8.0: %s", 
[13:22:32.004]                             info, version)
[13:22:32.004]                         }
[13:22:32.004]                         base::stop(msg)
[13:22:32.004]                       }
[13:22:32.004]                     })
[13:22:32.004]                   }
[13:22:32.004]                   options(future.plan = NULL)
[13:22:32.004]                   Sys.unsetenv("R_FUTURE_PLAN")
[13:22:32.004]                   future::plan(list(B = function (..., abc = FALSE, 
[13:22:32.004]                     envir = parent.frame()) 
[13:22:32.004]                   strategy(..., abc = abc, envir = envir)), .cleanup = FALSE, 
[13:22:32.004]                     .init = FALSE)
[13:22:32.004]                 }
[13:22:32.004]                 ...future.workdir <- getwd()
[13:22:32.004]             }
[13:22:32.004]             ...future.oldOptions <- base::as.list(base::.Options)
[13:22:32.004]             ...future.oldEnvVars <- base::Sys.getenv()
[13:22:32.004]         }
[13:22:32.004]         base::options(future.startup.script = FALSE, future.globals.onMissing = NULL, 
[13:22:32.004]             future.globals.maxSize = NULL, future.globals.method = NULL, 
[13:22:32.004]             future.globals.onMissing = NULL, future.globals.onReference = NULL, 
[13:22:32.004]             future.globals.resolve = NULL, future.resolve.recursive = NULL, 
[13:22:32.004]             future.rng.onMisuse = NULL, future.rng.onMisuse.keepFuture = NULL, 
[13:22:32.004]             future.stdout.windows.reencode = NULL, width = 80L)
[13:22:32.004]         ...future.futureOptionsAdded <- base::setdiff(base::names(base::.Options), 
[13:22:32.004]             base::names(...future.oldOptions))
[13:22:32.004]     }
[13:22:32.004]     if (FALSE) {
[13:22:32.004]     }
[13:22:32.004]     else {
[13:22:32.004]         if (TRUE) {
[13:22:32.004]             ...future.stdout <- base::rawConnection(base::raw(0L), 
[13:22:32.004]                 open = "w")
[13:22:32.004]         }
[13:22:32.004]         else {
[13:22:32.004]             ...future.stdout <- base::file(base::switch(.Platform$OS.type, 
[13:22:32.004]                 windows = "NUL", "/dev/null"), open = "w")
[13:22:32.004]         }
[13:22:32.004]         base::sink(...future.stdout, type = "output", split = FALSE)
[13:22:32.004]         base::on.exit(if (!base::is.null(...future.stdout)) {
[13:22:32.004]             base::sink(type = "output", split = FALSE)
[13:22:32.004]             base::close(...future.stdout)
[13:22:32.004]         }, add = TRUE)
[13:22:32.004]     }
[13:22:32.004]     ...future.frame <- base::sys.nframe()
[13:22:32.004]     ...future.conditions <- base::list()
[13:22:32.004]     ...future.rng <- base::globalenv()$.Random.seed
[13:22:32.004]     if (FALSE) {
[13:22:32.004]         ...future.globalenv.names <- c(base::names(base::.GlobalEnv), 
[13:22:32.004]             "...future.value", "...future.globalenv.names", ".Random.seed")
[13:22:32.004]     }
[13:22:32.004]     ...future.result <- base::tryCatch({
[13:22:32.004]         base::withCallingHandlers({
[13:22:32.004]             ...future.value <- base::withVisible(base::local({
[13:22:32.004]                 stopifnot(identical(names(plan("list")), "B"))
[13:22:32.004]                 a <- 1
[13:22:32.004]                 a
[13:22:32.004]             }))
[13:22:32.004]             future::FutureResult(value = ...future.value$value, 
[13:22:32.004]                 visible = ...future.value$visible, rng = !identical(base::globalenv()$.Random.seed, 
[13:22:32.004]                   ...future.rng), globalenv = if (FALSE) 
[13:22:32.004]                   list(added = base::setdiff(base::names(base::.GlobalEnv), 
[13:22:32.004]                     ...future.globalenv.names))
[13:22:32.004]                 else NULL, started = ...future.startTime, version = "1.8")
[13:22:32.004]         }, condition = base::local({
[13:22:32.004]             c <- base::c
[13:22:32.004]             inherits <- base::inherits
[13:22:32.004]             invokeRestart <- base::invokeRestart
[13:22:32.004]             length <- base::length
[13:22:32.004]             list <- base::list
[13:22:32.004]             seq.int <- base::seq.int
[13:22:32.004]             signalCondition <- base::signalCondition
[13:22:32.004]             sys.calls <- base::sys.calls
[13:22:32.004]             `[[` <- base::`[[`
[13:22:32.004]             `+` <- base::`+`
[13:22:32.004]             `<<-` <- base::`<<-`
[13:22:32.004]             sysCalls <- function(calls = sys.calls(), from = 1L) {
[13:22:32.004]                 calls[seq.int(from = from + 12L, to = length(calls) - 
[13:22:32.004]                   3L)]
[13:22:32.004]             }
[13:22:32.004]             function(cond) {
[13:22:32.004]                 is_error <- inherits(cond, "error")
[13:22:32.004]                 ignore <- !is_error && !is.null(NULL) && inherits(cond, 
[13:22:32.004]                   NULL)
[13:22:32.004]                 if (is_error) {
[13:22:32.004]                   sessionInformation <- function() {
[13:22:32.004]                     list(r = base::R.Version(), locale = base::Sys.getlocale(), 
[13:22:32.004]                       rngkind = base::RNGkind(), namespaces = base::loadedNamespaces(), 
[13:22:32.004]                       search = base::search(), system = base::Sys.info())
[13:22:32.004]                   }
[13:22:32.004]                   ...future.conditions[[length(...future.conditions) + 
[13:22:32.004]                     1L]] <<- list(condition = cond, calls = c(sysCalls(from = ...future.frame), 
[13:22:32.004]                     cond$call), session = sessionInformation(), 
[13:22:32.004]                     timestamp = base::Sys.time(), signaled = 0L)
[13:22:32.004]                   signalCondition(cond)
[13:22:32.004]                 }
[13:22:32.004]                 else if (!ignore && TRUE && inherits(cond, c("condition", 
[13:22:32.004]                 "immediateCondition"))) {
[13:22:32.004]                   signal <- TRUE && inherits(cond, "immediateCondition")
[13:22:32.004]                   ...future.conditions[[length(...future.conditions) + 
[13:22:32.004]                     1L]] <<- list(condition = cond, signaled = base::as.integer(signal))
[13:22:32.004]                   if (TRUE && !signal) {
[13:22:32.004]                     muffleCondition <- function (cond, pattern = "^muffle") 
[13:22:32.004]                     {
[13:22:32.004]                       inherits <- base::inherits
[13:22:32.004]                       invokeRestart <- base::invokeRestart
[13:22:32.004]                       is.null <- base::is.null
[13:22:32.004]                       muffled <- FALSE
[13:22:32.004]                       if (inherits(cond, "message")) {
[13:22:32.004]                         muffled <- grepl(pattern, "muffleMessage")
[13:22:32.004]                         if (muffled) 
[13:22:32.004]                           invokeRestart("muffleMessage")
[13:22:32.004]                       }
[13:22:32.004]                       else if (inherits(cond, "warning")) {
[13:22:32.004]                         muffled <- grepl(pattern, "muffleWarning")
[13:22:32.004]                         if (muffled) 
[13:22:32.004]                           invokeRestart("muffleWarning")
[13:22:32.004]                       }
[13:22:32.004]                       else if (inherits(cond, "condition")) {
[13:22:32.004]                         if (!is.null(pattern)) {
[13:22:32.004]                           computeRestarts <- base::computeRestarts
[13:22:32.004]                           grepl <- base::grepl
[13:22:32.004]                           restarts <- computeRestarts(cond)
[13:22:32.004]                           for (restart in restarts) {
[13:22:32.004]                             name <- restart$name
[13:22:32.004]                             if (is.null(name)) 
[13:22:32.004]                               next
[13:22:32.004]                             if (!grepl(pattern, name)) 
[13:22:32.004]                               next
[13:22:32.004]                             invokeRestart(restart)
[13:22:32.004]                             muffled <- TRUE
[13:22:32.004]                             break
[13:22:32.004]                           }
[13:22:32.004]                         }
[13:22:32.004]                       }
[13:22:32.004]                       invisible(muffled)
[13:22:32.004]                     }
[13:22:32.004]                     muffleCondition(cond, pattern = "^muffle")
[13:22:32.004]                   }
[13:22:32.004]                 }
[13:22:32.004]                 else {
[13:22:32.004]                   if (TRUE) {
[13:22:32.004]                     muffleCondition <- function (cond, pattern = "^muffle") 
[13:22:32.004]                     {
[13:22:32.004]                       inherits <- base::inherits
[13:22:32.004]                       invokeRestart <- base::invokeRestart
[13:22:32.004]                       is.null <- base::is.null
[13:22:32.004]                       muffled <- FALSE
[13:22:32.004]                       if (inherits(cond, "message")) {
[13:22:32.004]                         muffled <- grepl(pattern, "muffleMessage")
[13:22:32.004]                         if (muffled) 
[13:22:32.004]                           invokeRestart("muffleMessage")
[13:22:32.004]                       }
[13:22:32.004]                       else if (inherits(cond, "warning")) {
[13:22:32.004]                         muffled <- grepl(pattern, "muffleWarning")
[13:22:32.004]                         if (muffled) 
[13:22:32.004]                           invokeRestart("muffleWarning")
[13:22:32.004]                       }
[13:22:32.004]                       else if (inherits(cond, "condition")) {
[13:22:32.004]                         if (!is.null(pattern)) {
[13:22:32.004]                           computeRestarts <- base::computeRestarts
[13:22:32.004]                           grepl <- base::grepl
[13:22:32.004]                           restarts <- computeRestarts(cond)
[13:22:32.004]                           for (restart in restarts) {
[13:22:32.004]                             name <- restart$name
[13:22:32.004]                             if (is.null(name)) 
[13:22:32.004]                               next
[13:22:32.004]                             if (!grepl(pattern, name)) 
[13:22:32.004]                               next
[13:22:32.004]                             invokeRestart(restart)
[13:22:32.004]                             muffled <- TRUE
[13:22:32.004]                             break
[13:22:32.004]                           }
[13:22:32.004]                         }
[13:22:32.004]                       }
[13:22:32.004]                       invisible(muffled)
[13:22:32.004]                     }
[13:22:32.004]                     muffleCondition(cond, pattern = "^muffle")
[13:22:32.004]                   }
[13:22:32.004]                 }
[13:22:32.004]             }
[13:22:32.004]         }))
[13:22:32.004]     }, error = function(ex) {
[13:22:32.004]         base::structure(base::list(value = NULL, visible = NULL, 
[13:22:32.004]             conditions = ...future.conditions, rng = !identical(base::globalenv()$.Random.seed, 
[13:22:32.004]                 ...future.rng), started = ...future.startTime, 
[13:22:32.004]             finished = Sys.time(), session_uuid = NA_character_, 
[13:22:32.004]             version = "1.8"), class = "FutureResult")
[13:22:32.004]     }, finally = {
[13:22:32.004]         if (!identical(...future.workdir, getwd())) 
[13:22:32.004]             setwd(...future.workdir)
[13:22:32.004]         {
[13:22:32.004]             if (identical(getOption("nwarnings"), ...future.oldOptions$nwarnings)) {
[13:22:32.004]                 ...future.oldOptions$nwarnings <- NULL
[13:22:32.004]             }
[13:22:32.004]             base::options(...future.oldOptions)
[13:22:32.004]             if (.Platform$OS.type == "windows") {
[13:22:32.004]                 old_names <- names(...future.oldEnvVars)
[13:22:32.004]                 envs <- base::Sys.getenv()
[13:22:32.004]                 names <- names(envs)
[13:22:32.004]                 common <- intersect(names, old_names)
[13:22:32.004]                 added <- setdiff(names, old_names)
[13:22:32.004]                 removed <- setdiff(old_names, names)
[13:22:32.004]                 changed <- common[...future.oldEnvVars[common] != 
[13:22:32.004]                   envs[common]]
[13:22:32.004]                 NAMES <- toupper(changed)
[13:22:32.004]                 args <- list()
[13:22:32.004]                 for (kk in seq_along(NAMES)) {
[13:22:32.004]                   name <- changed[[kk]]
[13:22:32.004]                   NAME <- NAMES[[kk]]
[13:22:32.004]                   if (name != NAME && is.element(NAME, old_names)) 
[13:22:32.004]                     next
[13:22:32.004]                   args[[name]] <- ...future.oldEnvVars[[name]]
[13:22:32.004]                 }
[13:22:32.004]                 NAMES <- toupper(added)
[13:22:32.004]                 for (kk in seq_along(NAMES)) {
[13:22:32.004]                   name <- added[[kk]]
[13:22:32.004]                   NAME <- NAMES[[kk]]
[13:22:32.004]                   if (name != NAME && is.element(NAME, old_names)) 
[13:22:32.004]                     next
[13:22:32.004]                   args[[name]] <- ""
[13:22:32.004]                 }
[13:22:32.004]                 NAMES <- toupper(removed)
[13:22:32.004]                 for (kk in seq_along(NAMES)) {
[13:22:32.004]                   name <- removed[[kk]]
[13:22:32.004]                   NAME <- NAMES[[kk]]
[13:22:32.004]                   if (name != NAME && is.element(NAME, old_names)) 
[13:22:32.004]                     next
[13:22:32.004]                   args[[name]] <- ...future.oldEnvVars[[name]]
[13:22:32.004]                 }
[13:22:32.004]                 if (length(args) > 0) 
[13:22:32.004]                   base::do.call(base::Sys.setenv, args = args)
[13:22:32.004]                 args <- names <- old_names <- NAMES <- envs <- common <- added <- removed <- NULL
[13:22:32.004]             }
[13:22:32.004]             else {
[13:22:32.004]                 base::do.call(base::Sys.setenv, args = base::as.list(...future.oldEnvVars))
[13:22:32.004]             }
[13:22:32.004]             {
[13:22:32.004]                 if (base::length(...future.futureOptionsAdded) > 
[13:22:32.004]                   0L) {
[13:22:32.004]                   opts <- base::vector("list", length = base::length(...future.futureOptionsAdded))
[13:22:32.004]                   base::names(opts) <- ...future.futureOptionsAdded
[13:22:32.004]                   base::options(opts)
[13:22:32.004]                 }
[13:22:32.004]                 {
[13:22:32.004]                   {
[13:22:32.004]                     NULL
[13:22:32.004]                     RNGkind("Mersenne-Twister")
[13:22:32.004]                     base::rm(list = ".Random.seed", envir = base::globalenv(), 
[13:22:32.004]                       inherits = FALSE)
[13:22:32.004]                   }
[13:22:32.004]                   options(future.plan = NULL)
[13:22:32.004]                   if (is.na(NA_character_)) 
[13:22:32.004]                     Sys.unsetenv("R_FUTURE_PLAN")
[13:22:32.004]                   else Sys.setenv(R_FUTURE_PLAN = NA_character_)
[13:22:32.004]                   future::plan(list(A = function (..., envir = parent.frame()) 
[13:22:32.004]                   {
[13:22:32.004]                     future <- SequentialFuture(..., envir = envir)
[13:22:32.004]                     if (!future$lazy) 
[13:22:32.004]                       future <- run(future)
[13:22:32.004]                     invisible(future)
[13:22:32.004]                   }, B = function (..., abc = FALSE, envir = parent.frame()) 
[13:22:32.004]                   strategy(..., abc = abc, envir = envir)), .cleanup = FALSE, 
[13:22:32.004]                     .init = FALSE)
[13:22:32.004]                 }
[13:22:32.004]             }
[13:22:32.004]         }
[13:22:32.004]     })
[13:22:32.004]     if (TRUE) {
[13:22:32.004]         base::sink(type = "output", split = FALSE)
[13:22:32.004]         if (TRUE) {
[13:22:32.004]             ...future.result$stdout <- base::rawToChar(base::rawConnectionValue(...future.stdout))
[13:22:32.004]         }
[13:22:32.004]         else {
[13:22:32.004]             ...future.result["stdout"] <- base::list(NULL)
[13:22:32.004]         }
[13:22:32.004]         base::close(...future.stdout)
[13:22:32.004]         ...future.stdout <- NULL
[13:22:32.004]     }
[13:22:32.004]     ...future.result$conditions <- ...future.conditions
[13:22:32.004]     ...future.result$finished <- base::Sys.time()
[13:22:32.004]     ...future.result
[13:22:32.004] }
[13:22:32.006] assign_globals() ...
[13:22:32.006] List of 1
[13:22:32.006]  $ plan:function (strategy = NULL, ..., substitute = TRUE, .skip = FALSE, .call = TRUE, 
[13:22:32.006]     .cleanup = TRUE, .init = TRUE)  
[13:22:32.006]  - attr(*, "where")=List of 1
[13:22:32.006]   ..$ plan:<environment: R_EmptyEnv> 
[13:22:32.006]  - attr(*, "class")= chr [1:3] "FutureGlobals" "Globals" "list"
[13:22:32.006]  - attr(*, "resolved")= logi FALSE
[13:22:32.006]  - attr(*, "total_size")= num 412912
[13:22:32.006]  - attr(*, "already-done")= logi TRUE
[13:22:32.008] - copied ‘plan’ to environment
[13:22:32.008] assign_globals() ... done
[13:22:32.009] plan(): Setting new future strategy stack:
[13:22:32.009] List of future strategies:
[13:22:32.009] 1. sequential:
[13:22:32.009]    - args: function (..., abc = FALSE, envir = parent.frame())
[13:22:32.009]    - tweaked: TRUE
[13:22:32.009]    - call: plan(list(A = sequential, B = tweak(sequential, abc = FALSE)))
[13:22:32.009] plan(): nbrOfWorkers() = 1
[13:22:32.010] plan(): Setting new future strategy stack:
[13:22:32.010] List of future strategies:
[13:22:32.010] 1. sequential:
[13:22:32.010]    - args: function (..., envir = parent.frame())
[13:22:32.010]    - tweaked: FALSE
[13:22:32.010]    - call: plan(list(A = sequential, B = tweak(sequential, abc = FALSE)))
[13:22:32.010] 2. sequential:
[13:22:32.010]    - args: function (..., abc = FALSE, envir = parent.frame())
[13:22:32.010]    - tweaked: TRUE
[13:22:32.010]    - call: plan(list(A = sequential, B = tweak(sequential, abc = FALSE)))
[13:22:32.010] plan(): nbrOfWorkers() = 1
[13:22:32.011] SequentialFuture started (and completed)
[13:22:32.011] - Launch lazy future ... done
[13:22:32.011] run() for ‘SequentialFuture’ ... done
> print(x)
[1] 1
> stopifnot(a == 0, x == 1)
> 
> 
> message("*** y %<-% { expr } %tweak% tweaks ... DONE")
*** y %<-% { expr } %tweak% tweaks ... DONE
> 
> 
> message("*** tweak() - abc = TRUE ...")
*** tweak() - abc = TRUE ...
> 
> res <- tryCatch(tweak(multisession, gc = TRUE), condition = identity)
> stopifnot(inherits(res, "tweaked"))
> 
> ## Argument 'gc' is unknown
> res <- tryCatch(tweak(sequential, abc = TRUE), condition = identity)
> stopifnot(inherits(res, "warning"))
> 
> res <- tryCatch(tweak(multicore, abc = TRUE), condition = identity)
> stopifnot(inherits(res, "warning"))
> 
> message("*** tweak() - abc = TRUE ... DONE")
*** tweak() - abc = TRUE ... DONE
> 
> 
> message("*** tweak() - odds and ends ...")
*** tweak() - odds and ends ...
> 
> ## BUG: getGlobalsAndPackages(Formula::Formula(~ x)) would produce
> ## "the condition has length > 1" warnings.
> ## https://github.com/HenrikBengtsson/future/issues/395
> length.Formula <- function(x) c(1L, 1L)
> expr <- structure(y ~ x, class = "Formula")
> stopifnot(length(length(expr)) == 2L)
> gp <- future::getGlobalsAndPackages(expr)
[13:22:32.012] getGlobalsAndPackages() ...
[13:22:32.012] Searching for globals...
[13:22:32.014] - globals found: [4] ‘{’, ‘y’, ‘x’, ‘~’
[13:22:32.014] Searching for globals ... DONE
[13:22:32.015] Resolving globals: FALSE
[13:22:32.015] The total size of the 1 globals is 56 bytes (56 bytes)
[13:22:32.015] The total size of the 1 globals exported for future expression (‘y ~ x’) is 56 bytes.. This exceeds the maximum allowed size of 500.00 MiB (option 'future.globals.maxSize'). There is one global: ‘x’ (56 bytes of class ‘numeric’)
[13:22:32.015] - globals: [1] ‘x’
[13:22:32.016] 
[13:22:32.016] getGlobalsAndPackages() ... DONE
> stopifnot(
+   !inherits(gp, "error"),
+   is.list(gp),
+   all(c("expr", "globals", "packages") %in% names(gp))
+ )
> 
> message("*** tweak() - odds and ends ... DONE")
*** tweak() - odds and ends ... DONE
> 
> 
> message("*** tweak() - exceptions ...")
*** tweak() - exceptions ...
> 
> res <- try(tweak("<unknown-future-strategy>"), silent = TRUE)
> stopifnot(inherits(res, "try-error"))
> 
> res <- try(tweak(base::eval), silent = TRUE)
> stopifnot(inherits(res, "try-error"))
> 
> res <- try(tweak(sequential, "unnamed-argument"), silent = TRUE)
> stopifnot(inherits(res, "try-error"))
> 
> ## Arguments that must not be tweaked
> res <- try(tweak(sequential, lazy = TRUE), silent = TRUE)
> stopifnot(inherits(res, "try-error"))
> 
> res <- try(tweak(sequential, asynchronous = FALSE), silent = TRUE)
> stopifnot(inherits(res, "try-error"))
> 
> res <- try(tweak(sequential, seed = 42L), silent = TRUE)
> stopifnot(inherits(res, "try-error"))
> 
> message("*** tweak() - exceptions ... DONE")
*** tweak() - exceptions ... DONE
> 
> 
> message("*** Tweaking future strategies ... DONE")
*** Tweaking future strategies ... DONE
> 
> source("incl/end.R")
[13:22:32.058] plan(): Setting new future strategy stack:
[13:22:32.058] List of future strategies:
[13:22:32.058] 1. FutureStrategy:
[13:22:32.058]    - args: function (..., envir = parent.frame())
[13:22:32.058]    - tweaked: FALSE
[13:22:32.058]    - call: future::plan(oplan)
[13:22:32.058] plan(): nbrOfWorkers() = 1
> 
