
R version 4.3.0 (2023-04-21) -- "Already Tomorrow"
Copyright (C) 2023 The R Foundation for Statistical Computing
Platform: x86_64-pc-linux-gnu (64-bit)

R is free software and comes with ABSOLUTELY NO WARRANTY.
You are welcome to redistribute it under certain conditions.
Type 'license()' or 'licence()' for distribution details.

  Natural language support but running in an English locale

R is a collaborative project with many contributors.
Type 'contributors()' for more information and
'citation()' on how to cite R or R packages in publications.

Type 'demo()' for some demos, 'help()' for on-line help, or
'help.start()' for an HTML browser interface to help.
Type 'q()' to quit R.

> pkgname <- "httr2"
> source(file.path(R.home("share"), "R", "examples-header.R"))
> options(warn = 1)
> library('httr2')
> 
> base::assign(".oldSearch", base::search(), pos = 'CheckExEnv')
> base::assign(".old_wd", base::getwd(), pos = 'CheckExEnv')
> cleanEx()
> nameEx("curl_translate")
> ### * curl_translate
> 
> flush(stderr()); flush(stdout())
> 
> ### Name: curl_translate
> ### Title: Translate curl syntax to httr2
> ### Aliases: curl_translate curl_help
> 
> ### ** Examples
> 
> curl_translate("curl http://example.com")
request("http://example.com") %>% 
  req_perform()
> curl_translate("curl http://example.com -X DELETE")
request("http://example.com") %>% 
  req_method("DELETE") %>% 
  req_perform()
> curl_translate("curl http://example.com --header A:1 --header B:2")
request("http://example.com") %>% 
  req_headers(
    A = "1",
    B = "2",
  ) %>% 
  req_perform()
> curl_translate("curl http://example.com --verbose")
request("http://example.com") %>% 
  req_perform(verbosity = 1)
> 
> 
> 
> cleanEx()
> nameEx("jwt_claim")
> ### * jwt_claim
> 
> flush(stderr()); flush(stdout())
> 
> ### Name: jwt_claim
> ### Title: Create and encode a JWT
> ### Aliases: jwt_claim jwt_encode_sig jwt_encode_hmac
> 
> ### ** Examples
> 
> claim <- jwt_claim()
Error in loadNamespace(x) : there is no package called ‘jose’
Calls: jwt_claim ... loadNamespace -> withRestarts -> withOneRestart -> doWithOneRestart
Execution halted
