
R version 4.4.3 (2025-02-28) -- "Trophy Case"
Copyright (C) 2025 The R Foundation for Statistical Computing
Platform: x86_64-pc-linux-gnu

R is free software and comes with ABSOLUTELY NO WARRANTY.
You are welcome to redistribute it under certain conditions.
Type 'license()' or 'licence()' for distribution details.

R is a collaborative project with many contributors.
Type 'contributors()' for more information and
'citation()' on how to cite R or R packages in publications.

Type 'demo()' for some demos, 'help()' for on-line help, or
'help.start()' for an HTML browser interface to help.
Type 'q()' to quit R.

> library("R.utils")
Loading required package: R.oo
Loading required package: R.methodsS3
R.methodsS3 v1.8.2 (2022-06-13 22:00:14 UTC) successfully loaded. See ?R.methodsS3 for help.
R.oo v1.27.0 (2024-11-01 18:00:02 UTC) successfully loaded. See ?R.oo for help.

Attaching package: ‘R.oo’

The following object is masked from ‘package:R.methodsS3’:

    throw

The following objects are masked from ‘package:methods’:

    getClasses, getMethods

The following objects are masked from ‘package:base’:

    attach, detach, load, save

R.utils v2.13.0 (2025-02-24 21:20:02 UTC) successfully loaded. See ?R.utils for help.

Attaching package: ‘R.utils’

The following object is masked from ‘package:utils’:

    timestamp

The following objects are masked from ‘package:base’:

    cat, commandArgs, getOption, isOpen, nullfile, parse, use, warnings

> 
> oopts <- options(warn=1)
> 
> message("*** compressPDF() ...")
*** compressPDF() ...
> 
> pathname <- file.path(R.home("doc"), "NEWS.pdf")
> if (file_test("-f", pathname)) {
+   tryCatch({
+     pathnameZ <- compressPDF(pathname)
+     print(pathnameZ)
+ 
+     pathnameZ <- compressPDF(pathname, skip=TRUE)
+     print(pathnameZ)
+ 
+     pathnameZ <- compressPDF(pathname, overwrite=TRUE)
+     print(pathnameZ)
+ 
+     file.remove(pathnameZ)
+     removeDirectory(dirname(pathnameZ))
+   }, error = function(ex) {
+     warning("TEST ERROR: ", ex$message)
+   })
+ }
Warning in compressPDF.default(pathname) :
  PDF compression saved less than 10% or less than 10kB on the original file size (381980 bytes) so tools::compactPDF() decided to keep the PDF as is: compressedPDFs.tmp/file6d1b70d939c3.pdf
[1] "compressedPDFs/NEWS.pdf"
attr(,"result")
/usr/local/lib/R/doc/NEWS.pdf       compressedPDFs/NEWS.pdf 
                       381980                        381980 
[1] "compressedPDFs/NEWS.pdf"
Warning in compressPDF.default(pathname, overwrite = TRUE) :
  PDF compression saved less than 10% or less than 10kB on the original file size (381980 bytes) so tools::compactPDF() decided to keep the PDF as is: compressedPDFs.tmp/file6d1b315d0e82.pdf
[1] "compressedPDFs/NEWS.pdf"
attr(,"result")
/usr/local/lib/R/doc/NEWS.pdf       compressedPDFs/NEWS.pdf 
                       381980                        381980 
> 
> message("*** compressPDF() ...DONE")
*** compressPDF() ...DONE
> 
> options(oopts)
> 
