
R version 4.5.0 (2025-04-11) -- "How About a Twenty-Six"
Copyright (C) 2025 The R Foundation for Statistical Computing
Platform: x86_64-pc-linux-gnu

R is free software and comes with ABSOLUTELY NO WARRANTY.
You are welcome to redistribute it under certain conditions.
Type 'license()' or 'licence()' for distribution details.

R is a collaborative project with many contributors.
Type 'contributors()' for more information and
'citation()' on how to cite R or R packages in publications.

Type 'demo()' for some demos, 'help()' for on-line help, or
'help.start()' for an HTML browser interface to help.
Type 'q()' to quit R.

> ### This needs a local (partial) CRAN mirror or Internet access
> ## Specifically, needs web/packages/packages.rds and web/checks/*.rds
> 
> ## This may need to download, so increase the timeout.
> options(warn = 1L, timeout = max(600, getOption('timeout')))
> 
> .ptime <- proc.time()
> 
> ## Look up CRAN mirror in the same way the functions do.
> ## Uses R_CRAN_WEB if set, otherwise getOption('repos')["CRAN"]
> ## then the (possibly local) 'repositories' file
> ## and if still unset, https://CRAN.R-project.org
> mirror <- tools:::CRAN_baseurl_for_web_area()
> message("Using CRAN mirror ",  sQuote(mirror))
Using CRAN mirror 'https://CRAN.R-project.org'
> 
> ## Sanity check: the examples use /web/packages/packages.rds and
> ## web/checks/check_*.rds,
> ## but partial mirrors for package installation only need src/contrib.
> ## This would fail with a file:// mirror but provides a cheap check
> ## of the availability of a https:// one.
> if(!startsWith(mirror, "file://")) {
+     foo <- tryCatch(readLines(paste0(mirror, "/web/packages")),
+                     error = function(e) {
+                     message(conditionMessage(e))
+                     ## and bail out
+                     cat("Time elapsed: ", proc.time() - .ptime,"\n")
+                     q("no")
+     })
+ }
> 
> ## no longer conditionalized on Internet access
> library(tools)
> example("CRAN_package_db", run.donttest = TRUE)

CRAN__> ## No test: 
CRAN__> ## This can be rather slow  with a non-local CRAN mirror
CRAN__> ## and might fail (slowly) without Internet access in that case.
CRAN__> 
CRAN__> set.seed(11)  # but the packages chosen will change as soon as CRAN does.

CRAN__> pdb <- CRAN_package_db()

CRAN__> dim(pdb)
[1] 22411    69

CRAN__> ## DESCRIPTION fields included:
CRAN__> colnames(pdb)
 [1] "Package"                 "Version"                
 [3] "Priority"                "Depends"                
 [5] "Imports"                 "LinkingTo"              
 [7] "Suggests"                "Enhances"               
 [9] "License"                 "License_is_FOSS"        
[11] "License_restricts_use"   "OS_type"                
[13] "Archs"                   "MD5sum"                 
[15] "NeedsCompilation"        "Additional_repositories"
[17] "Author"                  "Authors@R"              
[19] "Biarch"                  "BugReports"             
[21] "BuildKeepEmpty"          "BuildManual"            
[23] "BuildResaveData"         "BuildVignettes"         
[25] "Built"                   "ByteCompile"            
[27] "Classification/ACM"      "Classification/ACM-2012"
[29] "Classification/JEL"      "Classification/MSC"     
[31] "Classification/MSC-2010" "Collate"                
[33] "Collate.unix"            "Collate.windows"        
[35] "Contact"                 "Copyright"              
[37] "Date"                    "Date/Publication"       
[39] "Description"             "Encoding"               
[41] "KeepSource"              "Language"               
[43] "LazyData"                "LazyDataCompression"    
[45] "LazyLoad"                "MailingList"            
[47] "Maintainer"              "Note"                   
[49] "Packaged"                "RdMacros"               
[51] "StagedInstall"           "SysDataCompression"     
[53] "SystemRequirements"      "Title"                  
[55] "Type"                    "URL"                    
[57] "UseLTO"                  "VignetteBuilder"        
[59] "ZipData"                 "Path"                   
[61] "X-CRAN-Comment"          "Published"              
[63] "Reverse depends"         "Reverse imports"        
[65] "Reverse linking to"      "Reverse suggests"       
[67] "Reverse enhances"        "Deadline"               
[69] "DOI"                    

CRAN__> ## Summarize publication dates:
CRAN__> summary(as.Date(pdb$Published))
        Min.      1st Qu.       Median         Mean      3rd Qu.         Max. 
"2008-09-08" "2021-06-09" "2023-08-25" "2022-10-04" "2024-09-29" "2025-05-06" 

CRAN__> ## Summarize numbers of packages according to maintainer:
CRAN__> summary(lengths(split(pdb$Package, pdb$Maintainer)))
   Min. 1st Qu.  Median    Mean 3rd Qu.    Max. 
  1.000   1.000   1.000   1.781   2.000  76.000 

CRAN__> ## Packages with 'LASSO' in their Description:
CRAN__> pdb$Package[grepl("LASSO", pdb$Description)]
 [1] "ablasso"               "ConnectednessApproach" "csmpv"                
 [4] "emBayes"               "expandFunctions"       "extlasso"             
 [7] "fastcmprsk"            "FeaLect"               "FindIt"               
[10] "frailtyMMpen"          "gcdnet"                "glassoFast"           
[13] "glmmPen"               "glmnetr"               "glmnetSE"             
[16] "glmvsd"                "grpnet"                "GWRLASSO"             
[19] "hdmed"                 "higlasso"              "HTLR"                 
[22] "MetabolicSurv"         "MicrobiomeSurv"        "midasml"              
[25] "milr"                  "miselect"              "MTE"                  
[28] "ncpen"                 "nets"                  "pgee.mixed"           
[31] "planningML"            "polywog"               "ppmlasso"             
[34] "pqrBayes"              "pqrfe"                 "predhy"               
[37] "predhy.GUI"            "priorityelasticnet"    "rbridge"              
[40] "REN"                   "rqPen"                 "rrat"                 
[43] "SentimentAnalysis"     "SGPR"                  "sharp"                
[46] "slasso"                "SparseBiplots"         "SpTe2M"               
[49] "stR"                   "SuRF.vs"               "SurvHiDim"            
[52] "VSOLassoBag"          

CRAN__> results <- CRAN_check_results()

CRAN__> ## Available variables:
CRAN__> names(results)
 [1] "Flavor"     "Package"    "Version"    "Priority"   "Maintainer"
 [6] "Status"     "Flags"      "T_install"  "T_check"    "T_total"   

CRAN__> ## Tabulate overall check status according to flavor:
CRAN__> with(results, table(Flavor, Status))
                                   Status
Flavor                                 OK  NOTE WARNING ERROR FAILURE
  r-devel-linux-x86_64-debian-clang 13379  8937      19    30       1
  r-devel-linux-x86_64-debian-gcc   13380  8934      28    22       2
  r-devel-linux-x86_64-fedora-clang 18377  3941      10    33       0
  r-devel-linux-x86_64-fedora-gcc   18367  3933      23    45       0
  r-devel-windows-x86_64            18499  3784      26    33      12
  r-oldrel-macos-arm64              16859  5406      23    82       0
  r-oldrel-macos-x86_64             16872  5432       9    64       0
  r-oldrel-windows-x86_64           17657  4614      13    59       3
  r-patched-linux-x86_64            18346  3979      10    18       0
  r-release-linux-x86_64            18359  3972       9    22       2
  r-release-macos-arm64             19394  2818      29   137       0
  r-release-macos-x86_64            19468  2780      15   117       0
  r-release-windows-x86_64          18501  3794       9    30      11

CRAN__> details <- CRAN_check_details()

CRAN__> ## Available variables:
CRAN__> names(details)
[1] "Package"    "Version"    "Flavor"     "Check"      "Status"    
[6] "Output"     "Flags"      "Maintainer"

CRAN__> ## Tabulate checks according to their status:
CRAN__> tab <- with(details, table(Check, Status))

CRAN__> ## Inspect some installation problems:
CRAN__> bad <- subset(details,
CRAN__+               ((Check == "whether package can be installed") &
CRAN__+                (Status != "OK")))

CRAN__> ## Show a random sample of up to 6
CRAN__> head(bad[sample(seq_len(NROW(bad)), NROW(bad)), ])
Package: sox 1.2.1
Flavor: r-devel-linux-x86_64-fedora-gcc
Check: whether package can be installed, Result: ERROR
  Installation failed.
  See <U+2018>/data/gannet/ripley/R/packages/tests-devel/sox.Rcheck/00install.out<U+2019> for details.

Package: RobLoxBioC 1.2.3
Flavor: r-oldrel-windows-x86_64
Check: whether package can be installed, Result: ERROR
  Installation failed.
  See 'd:/Rcompile/CRANpkg/local/4.4/RobLoxBioC.Rcheck/00install.out' for details.

Package: RMark 3.0.0
Flavor: r-oldrel-macos-arm64
Check: whether package can be installed, Result: WARNING
  Found the following significant warnings:
    Warning: Software mark not found in path.
  See <U+2018>/Volumes/Builds/packages/big-sur-arm64/results/4.4/RMark.Rcheck/00install.out<U+2019> for details.

Package: Apoderoides 3.0.0
Flavor: r-devel-windows-x86_64
Check: whether package can be installed, Result: WARNING
  Found the following significant warnings:
    D:/rtools45/x86_64-w64-mingw32.static.posix/lib/gcc/x86_64-w64-mingw32.static.posix/14.2.0/include/c++/bits/stl_algobase.h:452:30: warning: 'void* __builtin_memmove(void*, const void*, long long unsigned int)' forming offset 4 is out of the bounds [0, 4] [-Warray-bounds=]
  See 'd:/Rcompile/CRANpkg/local/4.6/Apoderoides.Rcheck/00install.out' for details.
  * used C++ compiler: 'g++.exe (GCC) 14.2.0'

Package: cpp11tesseract 5.3.5
Flavor: r-release-macos-arm64
Check: whether package can be installed, Result: ERROR
  Installation failed.
  See <U+2018>/Volumes/Builds/packages/big-sur-arm64/results/4.5/cpp11tesseract.Rcheck/00install.out<U+2019> for details.

Package: SurfRough 0.0.1.1
Flavor: r-oldrel-macos-arm64
Check: whether package can be installed, Result: ERROR
  Installation failed.
  See <U+2018>/Volumes/Builds/packages/big-sur-arm64/results/4.4/SurfRough.Rcheck/00install.out<U+2019> for details.

CRAN__> issues <- CRAN_check_issues()

CRAN__> head(issues)
      Package Version  kind
1    EmbedSOM    <NA>  0len
4       dartR    <NA>  0len
5    fedmatch    <NA>  0len
9    timeplyr    <NA>  0len
16      NMsim   0.2.1 ATLAS
29 forestdata   0.3.0 ATLAS
                                                            href
1           https://www.stats.ox.ac.uk/pub/bdr/0len/EmbedSOM.out
4              https://www.stats.ox.ac.uk/pub/bdr/0len/dartR.out
5           https://www.stats.ox.ac.uk/pub/bdr/0len/fedmatch.out
9           https://www.stats.ox.ac.uk/pub/bdr/0len/timeplyr.out
16      https://www.stats.ox.ac.uk/pub/bdr/Rblas/ATLAS/NMsim.out
29 https://www.stats.ox.ac.uk/pub/bdr/Rblas/ATLAS/forestdata.out

CRAN__> ## Show counts of issues according to kind:
CRAN__> table(issues[, "kind"])

       0len       ATLAS       Intel         LTO       M1mac         MKL 
          4           3          13           1          16          15 
   OpenBLAS      Strict  clang-ASAN clang-UBSAN     clang19    donttest 
          5           8           2           2           4          85 
        gcc    gcc-ASAN   gcc-UBSAN        noLD     noRemap  noSuggests 
         12           2          32           4           6          43 
       rchk       rcnst    valgrind 
         83           1           4 

CRAN__> ## Summarize CRAN check status for 10 randomly-selected packages
CRAN__> ## (reusing the information already read in):
CRAN__> pos <- sample(seq_len(NROW(pdb)), 10L)

CRAN__> summarize_CRAN_check_status(pdb[pos, "Package"],
CRAN__+                             results, details, issues)
Package: misc3d
***************

Current CRAN status: OK: 9, NOTE: 4
See: <https://CRAN.R-project.org/web/checks/check_results_misc3d.html>

Version: 0.9-1
Check: CRAN incoming feasibility, Result: NOTE
  Maintainer: <U+2018>Luke Tierney <luke-tierney@uiowa.edu><U+2019>
  
  No Authors@R field in DESCRIPTION.
  Please add one, modifying
    Authors@R: c(person(given = "Dai",
                        family = "Feng",
                        role = "aut"),
                 person(given = "Luke",
                        family = "Tierney",
                        role = c("aut", "cre"),
                        email = "luke-tierney@uiowa.edu"))
  as necessary.
  
  Package CITATION file contains call(s) to old-style personList() or
  as.personList().  Please use c() on person objects instead.
  Package CITATION file contains call(s) to old-style citEntry().  Please
  use bibentry() instead.
See: <https://www.r-project.org/nosvn/R.check/r-devel-linux-x86_64-debian-clang/misc3d-00check.html>,
     <https://www.r-project.org/nosvn/R.check/r-devel-linux-x86_64-debian-gcc/misc3d-00check.html>

Version: 0.9-1
Check: for unstated dependencies in <U+2018>demo<U+2019>, Result: NOTE
  'library' or 'require' call not declared from: <U+2018>maps<U+2019>
See: <https://www.r-project.org/nosvn/R.check/r-devel-linux-x86_64-debian-clang/misc3d-00check.html>,
     <https://www.r-project.org/nosvn/R.check/r-devel-linux-x86_64-debian-gcc/misc3d-00check.html>,
     <https://www.r-project.org/nosvn/R.check/r-patched-linux-x86_64/misc3d-00check.html>,
     <https://www.r-project.org/nosvn/R.check/r-release-linux-x86_64/misc3d-00check.html>

Package: BCDAG
**************

Current CRAN status: OK: 13
See: <https://CRAN.R-project.org/web/checks/check_results_BCDAG.html>

Package: multilinguer
*********************

Current CRAN status: OK: 13
See: <https://CRAN.R-project.org/web/checks/check_results_multilinguer.html>

Package: pmd
************

Current CRAN status: OK: 13
See: <https://CRAN.R-project.org/web/checks/check_results_pmd.html>

Package: multimolang
********************

Current CRAN status: OK: 13
See: <https://CRAN.R-project.org/web/checks/check_results_multimolang.html>

Package: ezCutoffs
******************

Current CRAN status: OK: 13
See: <https://CRAN.R-project.org/web/checks/check_results_ezCutoffs.html>

Package: lingglosses
********************

Current CRAN status: OK: 13
See: <https://CRAN.R-project.org/web/checks/check_results_lingglosses.html>

Package: aprean3
****************

Current CRAN status: OK: 13
See: <https://CRAN.R-project.org/web/checks/check_results_aprean3.html>

Package: stbl
*************

Current CRAN status: OK: 13
See: <https://CRAN.R-project.org/web/checks/check_results_stbl.html>

Package: pPCA
*************

Current CRAN status: OK: 13
See: <https://CRAN.R-project.org/web/checks/check_results_pPCA.html>

CRAN__> ## End(No test)
CRAN__> 
CRAN__> 
> 
> cat("Time elapsed: ", proc.time() - .ptime,"\n")
Time elapsed:  2.555 0.13 9.728 0 0 
> 
