
R version 4.5.2 (2025-10-31) -- "[Not] Part in a Rumble"
Copyright (C) 2025 The R Foundation for Statistical Computing
Platform: x86_64-pc-linux-gnu

R is free software and comes with ABSOLUTELY NO WARRANTY.
You are welcome to redistribute it under certain conditions.
Type 'license()' or 'licence()' for distribution details.

R is a collaborative project with many contributors.
Type 'contributors()' for more information and
'citation()' on how to cite R or R packages in publications.

Type 'demo()' for some demos, 'help()' for on-line help, or
'help.start()' for an HTML browser interface to help.
Type 'q()' to quit R.

> #! /usr/bin/env Rscript
> ## This runs testme test script inst/testme/test-killNode.R
> ## Don't edit - it was autogenerated by inst/testme/deploy.R
> parallelly:::testme("killNode")
Test ‘killNode’ ...

> library(parallelly)

> if (on_windows) {
+     killNode <- function(cl) {
+         if (is.null(cl)) {
+             parallelly::killNode(NULL)
+         }
+         else  .... [TRUNCATED] 

> options(parallelly.debug = TRUE)

> message("*** killNode() and isNodeAlive() ...")
*** killNode() and isNodeAlive() ...

> isNodeAliveSupported <- isTRUE(parallelly:::pid_exists(Sys.getpid()))
[10:25:49.729] Attempting to find a working pid_exists_*() function ...
[10:25:49.730] Call: tools::pskill(104775, signal = 0L): TRUE
[10:25:49.730] Call: tools::pskill(104775, signal = 0L): TRUE
[10:25:49.730] - success
[10:25:49.730] Attempting to find a working pid_exists_*() function ... done

> message("isNodeAlive() works: ", isNodeAliveSupported)
isNodeAlive() works: TRUE

> cl <- makeClusterPSOCK(2, autoStop = FALSE)
[10:25:49.730] [local output] makeClusterPSOCK() ...
[10:25:49.771] |  [local output] Workers: [n = 2] ‘localhost’, ‘localhost’
[10:25:49.772] |  [local output] Base port: 11887
[10:25:49.772] |  [local output] Getting setup options for 2 cluster nodes ...
[10:25:49.772] |  [local output] Node #1 of 2 ...
[10:25:49.773] |  [local output] localMachine=TRUE => revtunnel=FALSE

[10:25:49.773] |  Testing if worker's PID can be inferred: ‘'/usr/local/lib/R/bin/Rscript' -e 'try(suppressWarnings(cat(Sys.getpid(),file="/tmp/RtmpGkARfe/worker.rank=1.parallelly.parent=104775.199471042619c.pid")),silent=TRUE)' -e 'file.exists("/tmp/RtmpGkARfe/worker.rank=1.parallelly.parent=104775.199471042619c.pid")'’
[10:25:49.950] |  - Possible to infer worker's PID: TRUE
[10:25:49.950] |  [local output] Rscript port: 11887

[10:25:49.950] |  [local output] Node #2 of 2 ...
[10:25:49.951] |  [local output] localMachine=TRUE => revtunnel=FALSE

[10:25:49.952] |  [local output] Rscript port: 11887

[10:25:49.952] |  [local output] Getting setup options for 2 cluster nodes ... done
[10:25:49.952] |  [local output] Parallel setup requested for some PSOCK nodes
[10:25:49.952] |  [local output] Setting up PSOCK nodes in parallel
[10:25:49.953] |  List of 36
[10:25:49.953] |   $ worker          : chr "localhost"
[10:25:49.953] |    ..- attr(*, "localhost")= logi TRUE
[10:25:49.953] |   $ master          : chr "localhost"
[10:25:49.953] |   $ port            : int 11887
[10:25:49.953] |   $ connectTimeout  : num 120
[10:25:49.953] |   $ timeout         : num 2592000
[10:25:49.953] |   $ rscript         : chr "'/usr/local/lib/R/bin/Rscript'"
[10:25:49.953] |   $ homogeneous     : logi TRUE
[10:25:49.953] |   $ rscript_args    : chr "--default-packages=datasets,utils,grDevices,graphics,stats,methods -e 'try(suppressWarnings(cat(Sys.getpid(),fi"| __truncated__
[10:25:49.953] |   $ rscript_envs    : NULL
[10:25:49.953] |   $ rscript_libs    : NULL
[10:25:49.953] |   $ rscript_startup : NULL
[10:25:49.953] |   $ rscript_sh      : chr [1:2] "sh" "sh"
[10:25:49.953] |   $ default_packages: chr [1:6] "datasets" "utils" "grDevices" "graphics" ...
[10:25:49.953] |   $ methods         : logi TRUE
[10:25:49.953] |   $ socketOptions   : chr "no-delay"
[10:25:49.953] |   $ useXDR          : logi FALSE
[10:25:49.953] |   $ outfile         : chr "/dev/null"
[10:25:49.953] |   $ renice          : int NA
[10:25:49.953] |   $ rshcmd          : NULL
[10:25:49.953] |   $ user            : chr(0) 
[10:25:49.953] |   $ revtunnel       : logi FALSE
[10:25:49.953] |   $ rshlogfile      : NULL
[10:25:49.953] |   $ rshopts         : chr(0) 
[10:25:49.953] |   $ rank            : int 1
[10:25:49.953] |   $ manual          : logi FALSE
[10:25:49.953] |   $ dryrun          : logi FALSE
[10:25:49.953] |   $ quiet           : logi FALSE
[10:25:49.953] |   $ setup_strategy  : chr "parallel"
[10:25:49.953] |   $ local_cmd       : chr "'/usr/local/lib/R/bin/Rscript' --default-packages=datasets,utils,grDevices,graphics,stats,methods -e 'try(suppr"| __truncated__
[10:25:49.953] |   $ pidfile         : chr "/tmp/RtmpGkARfe/worker.rank=1.parallelly.parent=104775.199471042619c.pid"
[10:25:49.953] |   $ rshcmd_label    : NULL
[10:25:49.953] |   $ rsh_call        : NULL
[10:25:49.953] |   $ cmd             : chr "'/usr/local/lib/R/bin/Rscript' --default-packages=datasets,utils,grDevices,graphics,stats,methods -e 'try(suppr"| __truncated__
[10:25:49.953] |   $ localMachine    : logi TRUE
[10:25:49.953] |   $ make_fcn        :function (worker = getOption2("parallelly.localhost.hostname", "localhost"), 
[10:25:49.953] |      master = NULL, port, connectTimeout = getOption2("parallelly.makeNodePSOCK.connectTimeout", 
[10:25:49.953] |          2 * 60), timeout = getOption2("parallelly.makeNodePSOCK.timeout", 
[10:25:49.953] |          30 * 24 * 60 * 60), rscript = NULL, homogeneous = NULL, rscript_args = NULL, 
[10:25:49.953] |      rscript_envs = NULL, rscript_libs = NULL, rscript_startup = NULL, rscript_sh = c("auto", 
[10:25:49.953] |          "cmd", "sh", "none"), default_packages = c("datasets", "utils", 
[10:25:49.953] |          "grDevices", "graphics", "stats", if (methods) "methods"), methods = TRUE, 
[10:25:49.953] |      socketOptions = getOption2("parallelly.makeNodePSOCK.socketOptions", 
[10:25:49.953] |          "no-delay"), useXDR = getOption2("parallelly.makeNodePSOCK.useXDR", 
[10:25:49.953] |          FALSE), outfile = "/dev/null", renice = NA_integer_, rshcmd = getOption2("parallelly.makeNodePSOCK.rshcmd", 
[10:25:49.953] |          NULL), user = NULL, revtunnel = NA, rshlogfile = NULL, rshopts = getOption2("parallelly.makeNodePSOCK.rshopts", 
[10:25:49.953] |          NULL), rank = 1L, manual = FALSE, dryrun = FALSE, quiet = FALSE, 
[10:25:49.953] |      setup_strategy = getOption2("parallelly.makeNodePSOCK.setup_strategy", 
[10:25:49.953] |          "parallel"), calls = getOption2("parallelly.makeNodePSOCK.calls", 
[10:25:49.953] |          FALSE), action = c("launch", "options"), verbose = FALSE)  
[10:25:49.953] |   $ arguments       :List of 29
[10:25:49.953] |    ..$ worker          : chr "localhost"
[10:25:49.953] |    ..$ master          : NULL
[10:25:49.953] |    ..$ port            : int 11887
[10:25:49.953] |    ..$ connectTimeout  : num 120
[10:25:49.953] |    ..$ timeout         : num 2592000
[10:25:49.953] |    ..$ rscript         : NULL
[10:25:49.953] |    ..$ homogeneous     : NULL
[10:25:49.953] |    ..$ rscript_args    : NULL
[10:25:49.953] |    ..$ rscript_envs    : NULL
[10:25:49.953] |    ..$ rscript_libs    : NULL
[10:25:49.953] |    ..$ rscript_startup : NULL
[10:25:49.953] |    ..$ rscript_sh      : chr "auto"
[10:25:49.953] |    ..$ default_packages: chr [1:6] "datasets" "utils" "grDevices" "graphics" ...
[10:25:49.953] |    ..$ methods         : logi TRUE
[10:25:49.953] |    ..$ socketOptions   : chr "no-delay"
[10:25:49.953] |    ..$ useXDR          : logi FALSE
[10:25:49.953] |    ..$ outfile         : chr "/dev/null"
[10:25:49.953] |    ..$ renice          : int NA
[10:25:49.953] |    ..$ rshcmd          : NULL
[10:25:49.953] |    ..$ user            : NULL
[10:25:49.953] |    ..$ revtunnel       : logi NA
[10:25:49.953] |    ..$ rshlogfile      : NULL
[10:25:49.953] |    ..$ rshopts         : NULL
[10:25:49.953] |    ..$ rank            : int 1
[10:25:49.953] |    ..$ manual          : logi FALSE
[10:25:49.953] |    ..$ dryrun          : logi FALSE
[10:25:49.953] |    ..$ quiet           : logi FALSE
[10:25:49.953] |    ..$ setup_strategy  : chr "parallel"
[10:25:49.953] |    ..$ calls           : logi FALSE
[10:25:49.953] |   - attr(*, "class")= chr [1:2] "makeNodePSOCKOptions" "makeNodeOptions"
[10:25:49.973] |  [local output] System call to launch all workers:
[10:25:49.973] |  [local output] '/usr/local/lib/R/bin/Rscript' --default-packages=datasets,utils,grDevices,graphics,stats,methods -e 'try(suppressWarnings(cat(Sys.getpid(),file="/tmp/RtmpGkARfe/worker.rank=1.parallelly.parent=104775.199471042619c.pid")),silent=TRUE)' -e 'options(socketOptions="no-delay")' -e 'workRSOCK<-tryCatch(parallel:::.workRSOCK,error=function(e)parallel:::.slaveRSOCK);workRSOCK()' MASTER=localhost PORT=11887 OUT=/dev/null TIMEOUT=2592000 XDR=FALSE SETUPTIMEOUT=120 SETUPSTRATEGY=parallel
[10:25:49.973] |  [local output] Starting PSOCK main server
[10:25:49.979] |  [local output] Workers launched
[10:25:49.979] |  [local output] Waiting for workers to connect back ...
[10:25:49.979] |  :  [local output] 0 workers out of 2 ready
[10:25:50.213] |  :  [local output] 0 workers out of 2 ready
[10:25:50.213] |  :  [local output] 1 workers out of 2 ready
[10:25:50.214] |  :  [local output] 2 workers out of 2 ready
[10:25:50.214] |  [local output] Waiting for workers to connect back ... done
[10:25:50.214] |  [local output] Launching of 2 workers completed
[10:25:50.214] |  [local output] Number of nodes in cluster: 2
[10:25:50.214] |  [local output] Collecting session information from 2 workers
[10:25:50.215] |  :  [local output] Worker #1 of 2
[10:25:50.216] |  :  [local output] Worker #2 of 2
[10:25:50.216] |  [local output] Collecting session information from 2 workers
[10:25:50.216] [local output] makeClusterPSOCK() ... done

> names(cl) <- sprintf("Node %d", seq_along(cl))

> print(cl)
Socket cluster with 2 nodes on host ‘localhost’ (R version 4.5.2 (2025-10-31), platform x86_64-pc-linux-gnu)

> if (on_windows) {
+     files <- setdiff(dir(path = tempdir(), all.files = TRUE), 
+         c(".", ".."))
+     files <- file.path(tempdir(), files .... [TRUNCATED] 

> alive <- isNodeAlive(cl)
[10:25:50.219] isNodeAlive() for RichSOCKnode ...
[10:25:50.219] |  Timeout: 0 seconds
[10:25:50.220] |  The R worker is running on the current host
[10:25:50.220] |  Call: tools::pskill(104826, signal = 0L): TRUE
[10:25:50.220] isNodeAlive() for RichSOCKnode ... DONE
[10:25:50.220] isNodeAlive() for RichSOCKnode ...
[10:25:50.220] |  Timeout: 0 seconds
[10:25:50.220] |  The R worker is running on the current host
[10:25:50.220] |  Call: tools::pskill(104827, signal = 0L): TRUE
[10:25:50.220] isNodeAlive() for RichSOCKnode ... DONE

> print(alive)
Node 1 Node 2 
  TRUE   TRUE 

> stopifnot(length(alive) == length(cl), is.logical(alive))

> if (isNodeAliveSupported) {
+     stopifnot(!anyNA(alive), isTRUE(alive[[1]]), isTRUE(alive[[2]]), 
+         all(alive))
+ }

> message("- Terminate cluster nodes")
- Terminate cluster nodes

> signaled <- killNode(cl)
[10:25:50.221] killNode() for RichSOCKnode ...
[10:25:50.222] |  Timeout: 0 seconds
[10:25:50.222] |  The R worker is running on the current host
[10:25:50.222] |  pskill(pid = 104826, signal = 15)
[10:25:50.222] |  Post-kill cleanup ...
[10:25:50.222] |  :  Signal: 15
[10:25:50.222] |  :  Closing node socket connection ...
[10:25:50.223] |  :  .  Socket connection closed successfully: TRUE
[10:25:50.223] |  :  Closing node socket connection ... done
[10:25:50.223] |  :  Remove node's temporary directory ...
[10:25:50.223] |  :  .  Host: ‘localhost’ (localhost)
[10:25:50.223] |  :  .  Directory: ‘/tmp/Rtmp04HVCB’
[10:25:50.223] |  :  .  Directory removed successfully: TRUE
[10:25:50.223] |  :  Remove node's temporary directory ... done
[10:25:50.223] |  Post-kill cleanup ... done
[10:25:50.224] |  RichSOCKnode killed successfully: TRUE
[10:25:50.224] killNode() for RichSOCKnode ... DONE
[10:25:50.224] killNode() for RichSOCKnode ...
[10:25:50.224] |  Timeout: 0 seconds
[10:25:50.224] |  The R worker is running on the current host
[10:25:50.224] |  pskill(pid = 104827, signal = 15)
[10:25:50.225] |  Post-kill cleanup ...
[10:25:50.225] |  :  Signal: 15
[10:25:50.225] |  :  Closing node socket connection ...
[10:25:50.225] |  :  .  Socket connection closed successfully: TRUE
[10:25:50.225] |  :  Closing node socket connection ... done
[10:25:50.226] |  :  Remove node's temporary directory ...
[10:25:50.226] |  :  .  Host: ‘localhost’ (localhost)
[10:25:50.226] |  :  .  Directory: ‘/tmp/RtmpJDKuHY’
[10:25:50.226] |  :  .  Directory removed successfully: TRUE
[10:25:50.226] |  :  Remove node's temporary directory ... done
[10:25:50.227] |  Post-kill cleanup ... done
[10:25:50.227] |  RichSOCKnode killed successfully: TRUE
[10:25:50.227] killNode() for RichSOCKnode ... DONE

> print(signaled)
Node 1 Node 2 
  TRUE   TRUE 

> stopifnot(length(signaled) == length(cl), is.logical(signaled))

> if (getRversion() >= "3.5.0") {
+     stopifnot(isTRUE(signaled[[1]]), isTRUE(signaled[[2]]), all(signaled))
+ }

> message("- Waiting for cluster nodes to terminate")
- Waiting for cluster nodes to terminate

> timeout <- Sys.time() + 30

> repeat {
+     alive <- isNodeAlive(cl)
+     print(alive)
+     stopifnot(length(alive) == length(cl), is.logical(alive))
+     if (!any(alive, na. .... [TRUNCATED] 
[10:25:50.236] isNodeAlive() for RichSOCKnode ...
[10:25:50.236] |  Timeout: 0 seconds
[10:25:50.236] |  The R worker is running on the current host
[10:25:50.236] |  Call: tools::pskill(104826, signal = 0L): TRUE
[10:25:50.236] isNodeAlive() for RichSOCKnode ... DONE
[10:25:50.236] isNodeAlive() for RichSOCKnode ...
[10:25:50.236] |  Timeout: 0 seconds
[10:25:50.237] |  The R worker is running on the current host
[10:25:50.237] |  Call: tools::pskill(104827, signal = 0L): TRUE
[10:25:50.237] isNodeAlive() for RichSOCKnode ... DONE
Node 1 Node 2 
  TRUE   TRUE 
[10:25:50.738] isNodeAlive() for RichSOCKnode ...
[10:25:50.738] |  Timeout: 0 seconds
[10:25:50.738] |  The R worker is running on the current host
[10:25:50.739] |  Call: tools::pskill(104826, signal = 0L): TRUE
[10:25:50.739] isNodeAlive() for RichSOCKnode ... DONE
[10:25:50.739] isNodeAlive() for RichSOCKnode ...
[10:25:50.739] |  Timeout: 0 seconds
[10:25:50.739] |  The R worker is running on the current host
[10:25:50.739] |  Call: tools::pskill(104827, signal = 0L): TRUE
[10:25:50.739] isNodeAlive() for RichSOCKnode ... DONE
Node 1 Node 2 
  TRUE   TRUE 
[10:25:51.240] isNodeAlive() for RichSOCKnode ...
[10:25:51.241] |  Timeout: 0 seconds
[10:25:51.241] |  The R worker is running on the current host
[10:25:51.241] |  Call: tools::pskill(104826, signal = 0L): TRUE
[10:25:51.241] isNodeAlive() for RichSOCKnode ... DONE
[10:25:51.241] isNodeAlive() for RichSOCKnode ...
[10:25:51.242] |  Timeout: 0 seconds
[10:25:51.242] |  The R worker is running on the current host
[10:25:51.242] |  Call: tools::pskill(104827, signal = 0L): TRUE
[10:25:51.242] isNodeAlive() for RichSOCKnode ... DONE
Node 1 Node 2 
  TRUE   TRUE 
[10:25:51.743] isNodeAlive() for RichSOCKnode ...
[10:25:51.743] |  Timeout: 0 seconds
[10:25:51.743] |  The R worker is running on the current host
[10:25:51.744] |  Call: tools::pskill(104826, signal = 0L): TRUE
[10:25:51.744] isNodeAlive() for RichSOCKnode ... DONE
[10:25:51.744] isNodeAlive() for RichSOCKnode ...
[10:25:51.744] |  Timeout: 0 seconds
[10:25:51.744] |  The R worker is running on the current host
[10:25:51.744] |  Call: tools::pskill(104827, signal = 0L): TRUE
[10:25:51.744] isNodeAlive() for RichSOCKnode ... DONE
Node 1 Node 2 
  TRUE   TRUE 
[10:25:52.245] isNodeAlive() for RichSOCKnode ...
[10:25:52.246] |  Timeout: 0 seconds
[10:25:52.246] |  The R worker is running on the current host
[10:25:52.246] |  Call: tools::pskill(104826, signal = 0L): TRUE
[10:25:52.246] isNodeAlive() for RichSOCKnode ... DONE
[10:25:52.246] isNodeAlive() for RichSOCKnode ...
[10:25:52.246] |  Timeout: 0 seconds
[10:25:52.247] |  The R worker is running on the current host
[10:25:52.247] |  Call: tools::pskill(104827, signal = 0L): TRUE
[10:25:52.247] isNodeAlive() for RichSOCKnode ... DONE
Node 1 Node 2 
  TRUE   TRUE 
[10:25:52.748] isNodeAlive() for RichSOCKnode ...
[10:25:52.748] |  Timeout: 0 seconds
[10:25:52.748] |  The R worker is running on the current host
[10:25:52.748] |  Call: tools::pskill(104826, signal = 0L): TRUE
[10:25:52.749] isNodeAlive() for RichSOCKnode ... DONE
[10:25:52.749] isNodeAlive() for RichSOCKnode ...
[10:25:52.749] |  Timeout: 0 seconds
[10:25:52.749] |  The R worker is running on the current host
[10:25:52.749] |  Call: tools::pskill(104827, signal = 0L): TRUE
[10:25:52.749] isNodeAlive() for RichSOCKnode ... DONE
Node 1 Node 2 
  TRUE   TRUE 
[10:25:53.250] isNodeAlive() for RichSOCKnode ...
[10:25:53.250] |  Timeout: 0 seconds
[10:25:53.251] |  The R worker is running on the current host
[10:25:53.251] |  Call: tools::pskill(104826, signal = 0L): TRUE
[10:25:53.251] isNodeAlive() for RichSOCKnode ... DONE
[10:25:53.251] isNodeAlive() for RichSOCKnode ...
[10:25:53.251] |  Timeout: 0 seconds
[10:25:53.252] |  The R worker is running on the current host
[10:25:53.252] |  Call: tools::pskill(104827, signal = 0L): TRUE
[10:25:53.252] isNodeAlive() for RichSOCKnode ... DONE
Node 1 Node 2 
  TRUE   TRUE 
[10:25:53.753] isNodeAlive() for RichSOCKnode ...
[10:25:53.753] |  Timeout: 0 seconds
[10:25:53.753] |  The R worker is running on the current host
[10:25:53.753] |  Call: tools::pskill(104826, signal = 0L): TRUE
[10:25:53.754] isNodeAlive() for RichSOCKnode ... DONE
[10:25:53.754] isNodeAlive() for RichSOCKnode ...
[10:25:53.754] |  Timeout: 0 seconds
[10:25:53.756] |  The R worker is running on the current host
[10:25:53.756] |  Call: tools::pskill(104827, signal = 0L): TRUE
[10:25:53.757] isNodeAlive() for RichSOCKnode ... DONE
Node 1 Node 2 
  TRUE   TRUE 
[10:25:54.257] isNodeAlive() for RichSOCKnode ...
[10:25:54.258] |  Timeout: 0 seconds
[10:25:54.258] |  The R worker is running on the current host
[10:25:54.258] |  Call: tools::pskill(104826, signal = 0L): TRUE
[10:25:54.258] isNodeAlive() for RichSOCKnode ... DONE
[10:25:54.258] isNodeAlive() for RichSOCKnode ...
[10:25:54.258] |  Timeout: 0 seconds
[10:25:54.259] |  The R worker is running on the current host
[10:25:54.259] |  Call: tools::pskill(104827, signal = 0L): TRUE
[10:25:54.259] isNodeAlive() for RichSOCKnode ... DONE
Node 1 Node 2 
  TRUE   TRUE 
[10:25:54.760] isNodeAlive() for RichSOCKnode ...
[10:25:54.760] |  Timeout: 0 seconds
[10:25:54.760] |  The R worker is running on the current host
[10:25:54.760] |  Call: tools::pskill(104826, signal = 0L): TRUE
[10:25:54.760] isNodeAlive() for RichSOCKnode ... DONE
[10:25:54.761] isNodeAlive() for RichSOCKnode ...
[10:25:54.761] |  Timeout: 0 seconds
[10:25:54.761] |  The R worker is running on the current host
[10:25:54.761] |  Call: tools::pskill(104827, signal = 0L): TRUE
[10:25:54.761] isNodeAlive() for RichSOCKnode ... DONE
Node 1 Node 2 
  TRUE   TRUE 
[10:25:55.262] isNodeAlive() for RichSOCKnode ...
[10:25:55.262] |  Timeout: 0 seconds
[10:25:55.262] |  The R worker is running on the current host
[10:25:55.262] |  Call: tools::pskill(104826, signal = 0L): TRUE
[10:25:55.263] isNodeAlive() for RichSOCKnode ... DONE
[10:25:55.263] isNodeAlive() for RichSOCKnode ...
[10:25:55.263] |  Timeout: 0 seconds
[10:25:55.263] |  The R worker is running on the current host
[10:25:55.263] |  Call: tools::pskill(104827, signal = 0L): TRUE
[10:25:55.263] isNodeAlive() for RichSOCKnode ... DONE
Node 1 Node 2 
  TRUE   TRUE 
[10:25:55.764] isNodeAlive() for RichSOCKnode ...
[10:25:55.764] |  Timeout: 0 seconds
[10:25:55.764] |  The R worker is running on the current host
[10:25:55.765] |  Call: tools::pskill(104826, signal = 0L): TRUE
[10:25:55.765] isNodeAlive() for RichSOCKnode ... DONE
[10:25:55.765] isNodeAlive() for RichSOCKnode ...
[10:25:55.765] |  Timeout: 0 seconds
[10:25:55.765] |  The R worker is running on the current host
[10:25:55.765] |  Call: tools::pskill(104827, signal = 0L): TRUE
[10:25:55.765] isNodeAlive() for RichSOCKnode ... DONE
Node 1 Node 2 
  TRUE   TRUE 
[10:25:56.266] isNodeAlive() for RichSOCKnode ...
[10:25:56.266] |  Timeout: 0 seconds
[10:25:56.267] |  The R worker is running on the current host
[10:25:56.267] |  Call: tools::pskill(104826, signal = 0L): TRUE
[10:25:56.267] isNodeAlive() for RichSOCKnode ... DONE
[10:25:56.267] isNodeAlive() for RichSOCKnode ...
[10:25:56.267] |  Timeout: 0 seconds
[10:25:56.267] |  The R worker is running on the current host
[10:25:56.267] |  Call: tools::pskill(104827, signal = 0L): TRUE
[10:25:56.268] isNodeAlive() for RichSOCKnode ... DONE
Node 1 Node 2 
  TRUE   TRUE 
[10:25:56.768] isNodeAlive() for RichSOCKnode ...
[10:25:56.769] |  Timeout: 0 seconds
[10:25:56.769] |  The R worker is running on the current host
[10:25:56.769] |  Call: tools::pskill(104826, signal = 0L): TRUE
[10:25:56.769] isNodeAlive() for RichSOCKnode ... DONE
[10:25:56.769] isNodeAlive() for RichSOCKnode ...
[10:25:56.769] |  Timeout: 0 seconds
[10:25:56.769] |  The R worker is running on the current host
[10:25:56.770] |  Call: tools::pskill(104827, signal = 0L): TRUE
[10:25:56.770] isNodeAlive() for RichSOCKnode ... DONE
Node 1 Node 2 
  TRUE   TRUE 
[10:25:57.271] isNodeAlive() for RichSOCKnode ...
[10:25:57.271] |  Timeout: 0 seconds
[10:25:57.271] |  The R worker is running on the current host
[10:25:57.271] |  Call: tools::pskill(104826, signal = 0L): TRUE
[10:25:57.271] isNodeAlive() for RichSOCKnode ... DONE
[10:25:57.272] isNodeAlive() for RichSOCKnode ...
[10:25:57.272] |  Timeout: 0 seconds
[10:25:57.272] |  The R worker is running on the current host
[10:25:57.272] |  Call: tools::pskill(104827, signal = 0L): TRUE
[10:25:57.272] isNodeAlive() for RichSOCKnode ... DONE
Node 1 Node 2 
  TRUE   TRUE 
[10:25:57.773] isNodeAlive() for RichSOCKnode ...
[10:25:57.773] |  Timeout: 0 seconds
[10:25:57.773] |  The R worker is running on the current host
[10:25:57.774] |  Call: tools::pskill(104826, signal = 0L): TRUE
[10:25:57.774] isNodeAlive() for RichSOCKnode ... DONE
[10:25:57.774] isNodeAlive() for RichSOCKnode ...
[10:25:57.774] |  Timeout: 0 seconds
[10:25:57.774] |  The R worker is running on the current host
[10:25:57.774] |  Call: tools::pskill(104827, signal = 0L): TRUE
[10:25:57.774] isNodeAlive() for RichSOCKnode ... DONE
Node 1 Node 2 
  TRUE   TRUE 
[10:25:58.275] isNodeAlive() for RichSOCKnode ...
[10:25:58.276] |  Timeout: 0 seconds
[10:25:58.276] |  The R worker is running on the current host
[10:25:58.276] |  Call: tools::pskill(104826, signal = 0L): TRUE
[10:25:58.276] isNodeAlive() for RichSOCKnode ... DONE
[10:25:58.276] isNodeAlive() for RichSOCKnode ...
[10:25:58.276] |  Timeout: 0 seconds
[10:25:58.276] |  The R worker is running on the current host
[10:25:58.276] |  Call: tools::pskill(104827, signal = 0L): TRUE
[10:25:58.277] isNodeAlive() for RichSOCKnode ... DONE
Node 1 Node 2 
  TRUE   TRUE 
[10:25:58.777] isNodeAlive() for RichSOCKnode ...
[10:25:58.778] |  Timeout: 0 seconds
[10:25:58.778] |  The R worker is running on the current host
[10:25:58.778] |  Call: tools::pskill(104826, signal = 0L): TRUE
[10:25:58.778] isNodeAlive() for RichSOCKnode ... DONE
[10:25:58.778] isNodeAlive() for RichSOCKnode ...
[10:25:58.779] |  Timeout: 0 seconds
[10:25:58.779] |  The R worker is running on the current host
[10:25:58.779] |  Call: tools::pskill(104827, signal = 0L): TRUE
[10:25:58.779] isNodeAlive() for RichSOCKnode ... DONE
Node 1 Node 2 
  TRUE   TRUE 
[10:25:59.280] isNodeAlive() for RichSOCKnode ...
[10:25:59.280] |  Timeout: 0 seconds
[10:25:59.280] |  The R worker is running on the current host
[10:25:59.280] |  Call: tools::pskill(104826, signal = 0L): TRUE
[10:25:59.280] isNodeAlive() for RichSOCKnode ... DONE
[10:25:59.281] isNodeAlive() for RichSOCKnode ...
[10:25:59.281] |  Timeout: 0 seconds
[10:25:59.281] |  The R worker is running on the current host
[10:25:59.281] |  Call: tools::pskill(104827, signal = 0L): TRUE
[10:25:59.281] isNodeAlive() for RichSOCKnode ... DONE
Node 1 Node 2 
  TRUE   TRUE 
[10:25:59.782] isNodeAlive() for RichSOCKnode ...
[10:25:59.782] |  Timeout: 0 seconds
[10:25:59.782] |  The R worker is running on the current host
[10:25:59.783] |  Call: tools::pskill(104826, signal = 0L): TRUE
[10:25:59.783] isNodeAlive() for RichSOCKnode ... DONE
[10:25:59.783] isNodeAlive() for RichSOCKnode ...
[10:25:59.783] |  Timeout: 0 seconds
[10:25:59.783] |  The R worker is running on the current host
[10:25:59.783] |  Call: tools::pskill(104827, signal = 0L): TRUE
[10:25:59.783] isNodeAlive() for RichSOCKnode ... DONE
Node 1 Node 2 
  TRUE   TRUE 
[10:26:00.284] isNodeAlive() for RichSOCKnode ...
[10:26:00.284] |  Timeout: 0 seconds
[10:26:00.285] |  The R worker is running on the current host
[10:26:00.285] |  Call: tools::pskill(104826, signal = 0L): TRUE
[10:26:00.285] isNodeAlive() for RichSOCKnode ... DONE
[10:26:00.285] isNodeAlive() for RichSOCKnode ...
[10:26:00.285] |  Timeout: 0 seconds
[10:26:00.285] |  The R worker is running on the current host
[10:26:00.286] |  Call: tools::pskill(104827, signal = 0L): TRUE
[10:26:00.286] isNodeAlive() for RichSOCKnode ... DONE
Node 1 Node 2 
  TRUE   TRUE 
[10:26:00.787] isNodeAlive() for RichSOCKnode ...
[10:26:00.787] |  Timeout: 0 seconds
[10:26:00.787] |  The R worker is running on the current host
[10:26:00.787] |  Call: tools::pskill(104826, signal = 0L): TRUE
[10:26:00.787] isNodeAlive() for RichSOCKnode ... DONE
[10:26:00.787] isNodeAlive() for RichSOCKnode ...
[10:26:00.787] |  Timeout: 0 seconds
[10:26:00.788] |  The R worker is running on the current host
[10:26:00.788] |  Call: tools::pskill(104827, signal = 0L): TRUE
[10:26:00.788] isNodeAlive() for RichSOCKnode ... DONE
Node 1 Node 2 
  TRUE   TRUE 
[10:26:01.289] isNodeAlive() for RichSOCKnode ...
[10:26:01.289] |  Timeout: 0 seconds
[10:26:01.289] |  The R worker is running on the current host
[10:26:01.289] |  Call: tools::pskill(104826, signal = 0L): TRUE
[10:26:01.289] isNodeAlive() for RichSOCKnode ... DONE
[10:26:01.290] isNodeAlive() for RichSOCKnode ...
[10:26:01.290] |  Timeout: 0 seconds
[10:26:01.290] |  The R worker is running on the current host
[10:26:01.290] |  Call: tools::pskill(104827, signal = 0L): TRUE
[10:26:01.290] isNodeAlive() for RichSOCKnode ... DONE
Node 1 Node 2 
  TRUE   TRUE 
[10:26:01.791] isNodeAlive() for RichSOCKnode ...
[10:26:01.791] |  Timeout: 0 seconds
[10:26:01.791] |  The R worker is running on the current host
[10:26:01.792] |  Call: tools::pskill(104826, signal = 0L): TRUE
[10:26:01.792] isNodeAlive() for RichSOCKnode ... DONE
[10:26:01.792] isNodeAlive() for RichSOCKnode ...
[10:26:01.792] |  Timeout: 0 seconds
[10:26:01.792] |  The R worker is running on the current host
[10:26:01.792] |  Call: tools::pskill(104827, signal = 0L): TRUE
[10:26:01.792] isNodeAlive() for RichSOCKnode ... DONE
Node 1 Node 2 
  TRUE   TRUE 
[10:26:02.293] isNodeAlive() for RichSOCKnode ...
[10:26:02.293] |  Timeout: 0 seconds
[10:26:02.293] |  The R worker is running on the current host
[10:26:02.293] |  Call: tools::pskill(104826, signal = 0L): TRUE
[10:26:02.294] isNodeAlive() for RichSOCKnode ... DONE
[10:26:02.294] isNodeAlive() for RichSOCKnode ...
[10:26:02.294] |  Timeout: 0 seconds
[10:26:02.294] |  The R worker is running on the current host
[10:26:02.294] |  Call: tools::pskill(104827, signal = 0L): TRUE
[10:26:02.294] isNodeAlive() for RichSOCKnode ... DONE
Node 1 Node 2 
  TRUE   TRUE 
[10:26:02.795] isNodeAlive() for RichSOCKnode ...
[10:26:02.795] |  Timeout: 0 seconds
[10:26:02.796] |  The R worker is running on the current host
[10:26:02.796] |  Call: tools::pskill(104826, signal = 0L): TRUE
[10:26:02.796] isNodeAlive() for RichSOCKnode ... DONE
[10:26:02.796] isNodeAlive() for RichSOCKnode ...
[10:26:02.796] |  Timeout: 0 seconds
[10:26:02.796] |  The R worker is running on the current host
[10:26:02.797] |  Call: tools::pskill(104827, signal = 0L): TRUE
[10:26:02.797] isNodeAlive() for RichSOCKnode ... DONE
Node 1 Node 2 
  TRUE   TRUE 
[10:26:03.297] isNodeAlive() for RichSOCKnode ...
[10:26:03.298] |  Timeout: 0 seconds
[10:26:03.298] |  The R worker is running on the current host
[10:26:03.298] |  Call: tools::pskill(104826, signal = 0L): TRUE
[10:26:03.298] isNodeAlive() for RichSOCKnode ... DONE
[10:26:03.298] isNodeAlive() for RichSOCKnode ...
[10:26:03.298] |  Timeout: 0 seconds
[10:26:03.299] |  The R worker is running on the current host
[10:26:03.299] |  Call: tools::pskill(104827, signal = 0L): TRUE
[10:26:03.299] isNodeAlive() for RichSOCKnode ... DONE
Node 1 Node 2 
  TRUE   TRUE 
[10:26:03.800] isNodeAlive() for RichSOCKnode ...
[10:26:03.800] |  Timeout: 0 seconds
[10:26:03.800] |  The R worker is running on the current host
[10:26:03.800] |  Call: tools::pskill(104826, signal = 0L): TRUE
[10:26:03.800] isNodeAlive() for RichSOCKnode ... DONE
[10:26:03.801] isNodeAlive() for RichSOCKnode ...
[10:26:03.801] |  Timeout: 0 seconds
[10:26:03.801] |  The R worker is running on the current host
[10:26:03.801] |  Call: tools::pskill(104827, signal = 0L): TRUE
[10:26:03.801] isNodeAlive() for RichSOCKnode ... DONE
Node 1 Node 2 
  TRUE   TRUE 
[10:26:04.302] isNodeAlive() for RichSOCKnode ...
[10:26:04.302] |  Timeout: 0 seconds
[10:26:04.302] |  The R worker is running on the current host
[10:26:04.303] |  Call: tools::pskill(104826, signal = 0L): TRUE
[10:26:04.303] isNodeAlive() for RichSOCKnode ... DONE
[10:26:04.303] isNodeAlive() for RichSOCKnode ...
[10:26:04.303] |  Timeout: 0 seconds
[10:26:04.303] |  The R worker is running on the current host
[10:26:04.303] |  Call: tools::pskill(104827, signal = 0L): TRUE
[10:26:04.303] isNodeAlive() for RichSOCKnode ... DONE
Node 1 Node 2 
  TRUE   TRUE 
[10:26:04.804] isNodeAlive() for RichSOCKnode ...
[10:26:04.804] |  Timeout: 0 seconds
[10:26:04.805] |  The R worker is running on the current host
[10:26:04.805] |  Call: tools::pskill(104826, signal = 0L): TRUE
[10:26:04.805] isNodeAlive() for RichSOCKnode ... DONE
[10:26:04.805] isNodeAlive() for RichSOCKnode ...
[10:26:04.805] |  Timeout: 0 seconds
[10:26:04.805] |  The R worker is running on the current host
[10:26:04.805] |  Call: tools::pskill(104827, signal = 0L): TRUE
[10:26:04.806] isNodeAlive() for RichSOCKnode ... DONE
Node 1 Node 2 
  TRUE   TRUE 
[10:26:05.306] isNodeAlive() for RichSOCKnode ...
[10:26:05.307] |  Timeout: 0 seconds
[10:26:05.307] |  The R worker is running on the current host
[10:26:05.307] |  Call: tools::pskill(104826, signal = 0L): TRUE
[10:26:05.307] isNodeAlive() for RichSOCKnode ... DONE
[10:26:05.307] isNodeAlive() for RichSOCKnode ...
[10:26:05.307] |  Timeout: 0 seconds
[10:26:05.307] |  The R worker is running on the current host
[10:26:05.308] |  Call: tools::pskill(104827, signal = 0L): TRUE
[10:26:05.308] isNodeAlive() for RichSOCKnode ... DONE
Node 1 Node 2 
  TRUE   TRUE 
[10:26:05.808] isNodeAlive() for RichSOCKnode ...
[10:26:05.809] |  Timeout: 0 seconds
[10:26:05.809] |  The R worker is running on the current host
[10:26:05.809] |  Call: tools::pskill(104826, signal = 0L): TRUE
[10:26:05.809] isNodeAlive() for RichSOCKnode ... DONE
[10:26:05.809] isNodeAlive() for RichSOCKnode ...
[10:26:05.809] |  Timeout: 0 seconds
[10:26:05.809] |  The R worker is running on the current host
[10:26:05.810] |  Call: tools::pskill(104827, signal = 0L): TRUE
[10:26:05.810] isNodeAlive() for RichSOCKnode ... DONE
Node 1 Node 2 
  TRUE   TRUE 
[10:26:06.311] isNodeAlive() for RichSOCKnode ...
[10:26:06.311] |  Timeout: 0 seconds
[10:26:06.311] |  The R worker is running on the current host
[10:26:06.311] |  Call: tools::pskill(104826, signal = 0L): TRUE
[10:26:06.311] isNodeAlive() for RichSOCKnode ... DONE
[10:26:06.312] isNodeAlive() for RichSOCKnode ...
[10:26:06.312] |  Timeout: 0 seconds
[10:26:06.312] |  The R worker is running on the current host
[10:26:06.312] |  Call: tools::pskill(104827, signal = 0L): TRUE
[10:26:06.312] isNodeAlive() for RichSOCKnode ... DONE
Node 1 Node 2 
  TRUE   TRUE 
[10:26:06.813] isNodeAlive() for RichSOCKnode ...
[10:26:06.813] |  Timeout: 0 seconds
[10:26:06.813] |  The R worker is running on the current host
[10:26:06.814] |  Call: tools::pskill(104826, signal = 0L): TRUE
[10:26:06.814] isNodeAlive() for RichSOCKnode ... DONE
[10:26:06.814] isNodeAlive() for RichSOCKnode ...
[10:26:06.814] |  Timeout: 0 seconds
[10:26:06.815] |  The R worker is running on the current host
[10:26:06.815] |  Call: tools::pskill(104827, signal = 0L): TRUE
[10:26:06.815] isNodeAlive() for RichSOCKnode ... DONE
Node 1 Node 2 
  TRUE   TRUE 
[10:26:07.316] isNodeAlive() for RichSOCKnode ...
[10:26:07.316] |  Timeout: 0 seconds
[10:26:07.316] |  The R worker is running on the current host
[10:26:07.316] |  Call: tools::pskill(104826, signal = 0L): TRUE
[10:26:07.317] isNodeAlive() for RichSOCKnode ... DONE
[10:26:07.317] isNodeAlive() for RichSOCKnode ...
[10:26:07.317] |  Timeout: 0 seconds
[10:26:07.317] |  The R worker is running on the current host
[10:26:07.317] |  Call: tools::pskill(104827, signal = 0L): TRUE
[10:26:07.317] isNodeAlive() for RichSOCKnode ... DONE
Node 1 Node 2 
  TRUE   TRUE 
[10:26:07.818] isNodeAlive() for RichSOCKnode ...
[10:26:07.818] |  Timeout: 0 seconds
[10:26:07.818] |  The R worker is running on the current host
[10:26:07.819] |  Call: tools::pskill(104826, signal = 0L): TRUE
[10:26:07.819] isNodeAlive() for RichSOCKnode ... DONE
[10:26:07.819] isNodeAlive() for RichSOCKnode ...
[10:26:07.819] |  Timeout: 0 seconds
[10:26:07.819] |  The R worker is running on the current host
[10:26:07.819] |  Call: tools::pskill(104827, signal = 0L): TRUE
[10:26:07.819] isNodeAlive() for RichSOCKnode ... DONE
Node 1 Node 2 
  TRUE   TRUE 
[10:26:08.320] isNodeAlive() for RichSOCKnode ...
[10:26:08.321] |  Timeout: 0 seconds
[10:26:08.321] |  The R worker is running on the current host
[10:26:08.321] |  Call: tools::pskill(104826, signal = 0L): TRUE
[10:26:08.321] isNodeAlive() for RichSOCKnode ... DONE
[10:26:08.321] isNodeAlive() for RichSOCKnode ...
[10:26:08.321] |  Timeout: 0 seconds
[10:26:08.321] |  The R worker is running on the current host
[10:26:08.321] |  Call: tools::pskill(104827, signal = 0L): TRUE
[10:26:08.322] isNodeAlive() for RichSOCKnode ... DONE
Node 1 Node 2 
  TRUE   TRUE 
[10:26:08.822] isNodeAlive() for RichSOCKnode ...
[10:26:08.823] |  Timeout: 0 seconds
[10:26:08.823] |  The R worker is running on the current host
[10:26:08.823] |  Call: tools::pskill(104826, signal = 0L): TRUE
[10:26:08.823] isNodeAlive() for RichSOCKnode ... DONE
[10:26:08.823] isNodeAlive() for RichSOCKnode ...
[10:26:08.823] |  Timeout: 0 seconds
[10:26:08.823] |  The R worker is running on the current host
[10:26:08.824] |  Call: tools::pskill(104827, signal = 0L): TRUE
[10:26:08.824] isNodeAlive() for RichSOCKnode ... DONE
Node 1 Node 2 
  TRUE   TRUE 
[10:26:09.325] isNodeAlive() for RichSOCKnode ...
[10:26:09.325] |  Timeout: 0 seconds
[10:26:09.325] |  The R worker is running on the current host
[10:26:09.325] |  Call: tools::pskill(104826, signal = 0L): TRUE
[10:26:09.325] isNodeAlive() for RichSOCKnode ... DONE
[10:26:09.325] isNodeAlive() for RichSOCKnode ...
[10:26:09.326] |  Timeout: 0 seconds
[10:26:09.326] |  The R worker is running on the current host
[10:26:09.326] |  Call: tools::pskill(104827, signal = 0L): TRUE
[10:26:09.326] isNodeAlive() for RichSOCKnode ... DONE
Node 1 Node 2 
  TRUE   TRUE 
[10:26:09.827] isNodeAlive() for RichSOCKnode ...
[10:26:09.827] |  Timeout: 0 seconds
[10:26:09.827] |  The R worker is running on the current host
[10:26:09.827] |  Call: tools::pskill(104826, signal = 0L): TRUE
[10:26:09.828] isNodeAlive() for RichSOCKnode ... DONE
[10:26:09.828] isNodeAlive() for RichSOCKnode ...
[10:26:09.828] |  Timeout: 0 seconds
[10:26:09.828] |  The R worker is running on the current host
[10:26:09.828] |  Call: tools::pskill(104827, signal = 0L): TRUE
[10:26:09.828] isNodeAlive() for RichSOCKnode ... DONE
Node 1 Node 2 
  TRUE   TRUE 
[10:26:10.329] isNodeAlive() for RichSOCKnode ...
[10:26:10.329] |  Timeout: 0 seconds
[10:26:10.330] |  The R worker is running on the current host
[10:26:10.330] |  Call: tools::pskill(104826, signal = 0L): TRUE
[10:26:10.330] isNodeAlive() for RichSOCKnode ... DONE
[10:26:10.330] isNodeAlive() for RichSOCKnode ...
[10:26:10.330] |  Timeout: 0 seconds
[10:26:10.330] |  The R worker is running on the current host
[10:26:10.330] |  Call: tools::pskill(104827, signal = 0L): TRUE
[10:26:10.330] isNodeAlive() for RichSOCKnode ... DONE
Node 1 Node 2 
  TRUE   TRUE 
[10:26:10.831] isNodeAlive() for RichSOCKnode ...
[10:26:10.831] |  Timeout: 0 seconds
[10:26:10.832] |  The R worker is running on the current host
[10:26:10.832] |  Call: tools::pskill(104826, signal = 0L): TRUE
[10:26:10.832] isNodeAlive() for RichSOCKnode ... DONE
[10:26:10.832] isNodeAlive() for RichSOCKnode ...
[10:26:10.832] |  Timeout: 0 seconds
[10:26:10.832] |  The R worker is running on the current host
[10:26:10.832] |  Call: tools::pskill(104827, signal = 0L): TRUE
[10:26:10.833] isNodeAlive() for RichSOCKnode ... DONE
Node 1 Node 2 
  TRUE   TRUE 
[10:26:11.333] isNodeAlive() for RichSOCKnode ...
[10:26:11.334] |  Timeout: 0 seconds
[10:26:11.334] |  The R worker is running on the current host
[10:26:11.334] |  Call: tools::pskill(104826, signal = 0L): TRUE
[10:26:11.334] isNodeAlive() for RichSOCKnode ... DONE
[10:26:11.334] isNodeAlive() for RichSOCKnode ...
[10:26:11.334] |  Timeout: 0 seconds
[10:26:11.335] |  The R worker is running on the current host
[10:26:11.335] |  Call: tools::pskill(104827, signal = 0L): TRUE
[10:26:11.335] isNodeAlive() for RichSOCKnode ... DONE
Node 1 Node 2 
  TRUE   TRUE 
[10:26:11.836] isNodeAlive() for RichSOCKnode ...
[10:26:11.836] |  Timeout: 0 seconds
[10:26:11.836] |  The R worker is running on the current host
[10:26:11.836] |  Call: tools::pskill(104826, signal = 0L): TRUE
[10:26:11.836] isNodeAlive() for RichSOCKnode ... DONE
[10:26:11.836] isNodeAlive() for RichSOCKnode ...
[10:26:11.836] |  Timeout: 0 seconds
[10:26:11.837] |  The R worker is running on the current host
[10:26:11.837] |  Call: tools::pskill(104827, signal = 0L): TRUE
[10:26:11.837] isNodeAlive() for RichSOCKnode ... DONE
Node 1 Node 2 
  TRUE   TRUE 
[10:26:12.338] isNodeAlive() for RichSOCKnode ...
[10:26:12.338] |  Timeout: 0 seconds
[10:26:12.338] |  The R worker is running on the current host
[10:26:12.338] |  Call: tools::pskill(104826, signal = 0L): TRUE
[10:26:12.338] isNodeAlive() for RichSOCKnode ... DONE
[10:26:12.338] isNodeAlive() for RichSOCKnode ...
[10:26:12.339] |  Timeout: 0 seconds
[10:26:12.339] |  The R worker is running on the current host
[10:26:12.339] |  Call: tools::pskill(104827, signal = 0L): TRUE
[10:26:12.339] isNodeAlive() for RichSOCKnode ... DONE
Node 1 Node 2 
  TRUE   TRUE 
[10:26:12.840] isNodeAlive() for RichSOCKnode ...
[10:26:12.840] |  Timeout: 0 seconds
[10:26:12.840] |  The R worker is running on the current host
[10:26:12.840] |  Call: tools::pskill(104826, signal = 0L): TRUE
[10:26:12.841] isNodeAlive() for RichSOCKnode ... DONE
[10:26:12.841] isNodeAlive() for RichSOCKnode ...
[10:26:12.841] |  Timeout: 0 seconds
[10:26:12.841] |  The R worker is running on the current host
[10:26:12.841] |  Call: tools::pskill(104827, signal = 0L): TRUE
[10:26:12.841] isNodeAlive() for RichSOCKnode ... DONE
Node 1 Node 2 
  TRUE   TRUE 
[10:26:13.342] isNodeAlive() for RichSOCKnode ...
[10:26:13.342] |  Timeout: 0 seconds
[10:26:13.343] |  The R worker is running on the current host
[10:26:13.343] |  Call: tools::pskill(104826, signal = 0L): TRUE
[10:26:13.343] isNodeAlive() for RichSOCKnode ... DONE
[10:26:13.343] isNodeAlive() for RichSOCKnode ...
[10:26:13.343] |  Timeout: 0 seconds
[10:26:13.343] |  The R worker is running on the current host
[10:26:13.343] |  Call: tools::pskill(104827, signal = 0L): TRUE
[10:26:13.343] isNodeAlive() for RichSOCKnode ... DONE
Node 1 Node 2 
  TRUE   TRUE 
[10:26:13.844] isNodeAlive() for RichSOCKnode ...
[10:26:13.845] |  Timeout: 0 seconds
[10:26:13.845] |  The R worker is running on the current host
[10:26:13.845] |  Call: tools::pskill(104826, signal = 0L): TRUE
[10:26:13.845] isNodeAlive() for RichSOCKnode ... DONE
[10:26:13.845] isNodeAlive() for RichSOCKnode ...
[10:26:13.845] |  Timeout: 0 seconds
[10:26:13.845] |  The R worker is running on the current host
[10:26:13.846] |  Call: tools::pskill(104827, signal = 0L): TRUE
[10:26:13.846] isNodeAlive() for RichSOCKnode ... DONE
Node 1 Node 2 
  TRUE   TRUE 
[10:26:14.347] isNodeAlive() for RichSOCKnode ...
[10:26:14.347] |  Timeout: 0 seconds
[10:26:14.347] |  The R worker is running on the current host
[10:26:14.347] |  Call: tools::pskill(104826, signal = 0L): TRUE
[10:26:14.348] isNodeAlive() for RichSOCKnode ... DONE
[10:26:14.348] isNodeAlive() for RichSOCKnode ...
[10:26:14.348] |  Timeout: 0 seconds
[10:26:14.348] |  The R worker is running on the current host
[10:26:14.348] |  Call: tools::pskill(104827, signal = 0L): TRUE
[10:26:14.348] isNodeAlive() for RichSOCKnode ... DONE
Node 1 Node 2 
  TRUE   TRUE 
[10:26:14.849] isNodeAlive() for RichSOCKnode ...
[10:26:14.849] |  Timeout: 0 seconds
[10:26:14.850] |  The R worker is running on the current host
[10:26:14.850] |  Call: tools::pskill(104826, signal = 0L): TRUE
[10:26:14.850] isNodeAlive() for RichSOCKnode ... DONE
[10:26:14.850] isNodeAlive() for RichSOCKnode ...
[10:26:14.850] |  Timeout: 0 seconds
[10:26:14.850] |  The R worker is running on the current host
[10:26:14.850] |  Call: tools::pskill(104827, signal = 0L): TRUE
[10:26:14.850] isNodeAlive() for RichSOCKnode ... DONE
Node 1 Node 2 
  TRUE   TRUE 
[10:26:15.351] isNodeAlive() for RichSOCKnode ...
[10:26:15.352] |  Timeout: 0 seconds
[10:26:15.352] |  The R worker is running on the current host
[10:26:15.352] |  Call: tools::pskill(104826, signal = 0L): TRUE
[10:26:15.352] isNodeAlive() for RichSOCKnode ... DONE
[10:26:15.352] isNodeAlive() for RichSOCKnode ...
[10:26:15.352] |  Timeout: 0 seconds
[10:26:15.352] |  The R worker is running on the current host
[10:26:15.353] |  Call: tools::pskill(104827, signal = 0L): TRUE
[10:26:15.353] isNodeAlive() for RichSOCKnode ... DONE
Node 1 Node 2 
  TRUE   TRUE 
[10:26:15.853] isNodeAlive() for RichSOCKnode ...
[10:26:15.854] |  Timeout: 0 seconds
[10:26:15.854] |  The R worker is running on the current host
[10:26:15.854] |  Call: tools::pskill(104826, signal = 0L): TRUE
[10:26:15.854] isNodeAlive() for RichSOCKnode ... DONE
[10:26:15.854] isNodeAlive() for RichSOCKnode ...
[10:26:15.854] |  Timeout: 0 seconds
[10:26:15.855] |  The R worker is running on the current host
[10:26:15.855] |  Call: tools::pskill(104827, signal = 0L): TRUE
[10:26:15.855] isNodeAlive() for RichSOCKnode ... DONE
Node 1 Node 2 
  TRUE   TRUE 
[10:26:16.356] isNodeAlive() for RichSOCKnode ...
[10:26:16.356] |  Timeout: 0 seconds
[10:26:16.356] |  The R worker is running on the current host
[10:26:16.356] |  Call: tools::pskill(104826, signal = 0L): TRUE
[10:26:16.356] isNodeAlive() for RichSOCKnode ... DONE
[10:26:16.357] isNodeAlive() for RichSOCKnode ...
[10:26:16.357] |  Timeout: 0 seconds
[10:26:16.357] |  The R worker is running on the current host
[10:26:16.357] |  Call: tools::pskill(104827, signal = 0L): TRUE
[10:26:16.357] isNodeAlive() for RichSOCKnode ... DONE
Node 1 Node 2 
  TRUE   TRUE 
[10:26:16.858] isNodeAlive() for RichSOCKnode ...
[10:26:16.858] |  Timeout: 0 seconds
[10:26:16.858] |  The R worker is running on the current host
[10:26:16.859] |  Call: tools::pskill(104826, signal = 0L): TRUE
[10:26:16.859] isNodeAlive() for RichSOCKnode ... DONE
[10:26:16.859] isNodeAlive() for RichSOCKnode ...
[10:26:16.859] |  Timeout: 0 seconds
[10:26:16.859] |  The R worker is running on the current host
[10:26:16.859] |  Call: tools::pskill(104827, signal = 0L): TRUE
[10:26:16.859] isNodeAlive() for RichSOCKnode ... DONE
Node 1 Node 2 
  TRUE   TRUE 
[10:26:17.362] isNodeAlive() for RichSOCKnode ...
[10:26:17.362] |  Timeout: 0 seconds
[10:26:17.362] |  The R worker is running on the current host
[10:26:17.362] |  Call: tools::pskill(104826, signal = 0L): TRUE
[10:26:17.362] isNodeAlive() for RichSOCKnode ... DONE
[10:26:17.363] isNodeAlive() for RichSOCKnode ...
[10:26:17.363] |  Timeout: 0 seconds
[10:26:17.363] |  The R worker is running on the current host
[10:26:17.363] |  Call: tools::pskill(104827, signal = 0L): TRUE
[10:26:17.363] isNodeAlive() for RichSOCKnode ... DONE
Node 1 Node 2 
  TRUE   TRUE 
[10:26:17.864] isNodeAlive() for RichSOCKnode ...
[10:26:17.864] |  Timeout: 0 seconds
[10:26:17.864] |  The R worker is running on the current host
[10:26:17.865] |  Call: tools::pskill(104826, signal = 0L): TRUE
[10:26:17.865] isNodeAlive() for RichSOCKnode ... DONE
[10:26:17.865] isNodeAlive() for RichSOCKnode ...
[10:26:17.865] |  Timeout: 0 seconds
[10:26:17.865] |  The R worker is running on the current host
[10:26:17.865] |  Call: tools::pskill(104827, signal = 0L): TRUE
[10:26:17.865] isNodeAlive() for RichSOCKnode ... DONE
Node 1 Node 2 
  TRUE   TRUE 
[10:26:18.366] isNodeAlive() for RichSOCKnode ...
[10:26:18.366] |  Timeout: 0 seconds
[10:26:18.367] |  The R worker is running on the current host
[10:26:18.367] |  Call: tools::pskill(104826, signal = 0L): TRUE
[10:26:18.367] isNodeAlive() for RichSOCKnode ... DONE
[10:26:18.367] isNodeAlive() for RichSOCKnode ...
[10:26:18.367] |  Timeout: 0 seconds
[10:26:18.367] |  The R worker is running on the current host
[10:26:18.367] |  Call: tools::pskill(104827, signal = 0L): TRUE
[10:26:18.367] isNodeAlive() for RichSOCKnode ... DONE
Node 1 Node 2 
  TRUE   TRUE 
[10:26:18.868] isNodeAlive() for RichSOCKnode ...
[10:26:18.868] |  Timeout: 0 seconds
[10:26:18.869] |  The R worker is running on the current host
[10:26:18.869] |  Call: tools::pskill(104826, signal = 0L): TRUE
[10:26:18.869] isNodeAlive() for RichSOCKnode ... DONE
[10:26:18.869] isNodeAlive() for RichSOCKnode ...
[10:26:18.869] |  Timeout: 0 seconds
[10:26:18.869] |  The R worker is running on the current host
[10:26:18.869] |  Call: tools::pskill(104827, signal = 0L): TRUE
[10:26:18.869] isNodeAlive() for RichSOCKnode ... DONE
Node 1 Node 2 
  TRUE   TRUE 
[10:26:19.370] isNodeAlive() for RichSOCKnode ...
[10:26:19.370] |  Timeout: 0 seconds
[10:26:19.371] |  The R worker is running on the current host
[10:26:19.371] |  Call: tools::pskill(104826, signal = 0L): TRUE
[10:26:19.371] isNodeAlive() for RichSOCKnode ... DONE
[10:26:19.371] isNodeAlive() for RichSOCKnode ...
[10:26:19.371] |  Timeout: 0 seconds
[10:26:19.371] |  The R worker is running on the current host
[10:26:19.372] |  Call: tools::pskill(104827, signal = 0L): TRUE
[10:26:19.372] isNodeAlive() for RichSOCKnode ... DONE
Node 1 Node 2 
  TRUE   TRUE 
[10:26:19.872] isNodeAlive() for RichSOCKnode ...
[10:26:19.873] |  Timeout: 0 seconds
[10:26:19.873] |  The R worker is running on the current host
[10:26:19.873] |  Call: tools::pskill(104826, signal = 0L): TRUE
[10:26:19.873] isNodeAlive() for RichSOCKnode ... DONE
[10:26:19.873] isNodeAlive() for RichSOCKnode ...
[10:26:19.873] |  Timeout: 0 seconds
[10:26:19.874] |  The R worker is running on the current host
[10:26:19.874] |  Call: tools::pskill(104827, signal = 0L): TRUE
[10:26:19.874] isNodeAlive() for RichSOCKnode ... DONE
Node 1 Node 2 
  TRUE   TRUE 
[10:26:20.375] isNodeAlive() for RichSOCKnode ...
[10:26:20.375] |  Timeout: 0 seconds
[10:26:20.375] |  The R worker is running on the current host
[10:26:20.375] |  Call: tools::pskill(104826, signal = 0L): TRUE
[10:26:20.376] isNodeAlive() for RichSOCKnode ... DONE
[10:26:20.376] isNodeAlive() for RichSOCKnode ...
[10:26:20.376] |  Timeout: 0 seconds
[10:26:20.376] |  The R worker is running on the current host
[10:26:20.376] |  Call: tools::pskill(104827, signal = 0L): TRUE
[10:26:20.376] isNodeAlive() for RichSOCKnode ... DONE
Node 1 Node 2 
  TRUE   TRUE 
Error in eval(ei, envir) : 
  One or more cluster nodes are still running after 30 seconds
Calls: <Anonymous> ... testme_run_test -> source -> withVisible -> eval -> eval
Execution halted
