
R version 4.4.3 (2025-02-28) -- "Trophy Case"
Copyright (C) 2025 The R Foundation for Statistical Computing
Platform: x86_64-pc-linux-gnu

R is free software and comes with ABSOLUTELY NO WARRANTY.
You are welcome to redistribute it under certain conditions.
Type 'license()' or 'licence()' for distribution details.

R is a collaborative project with many contributors.
Type 'contributors()' for more information and
'citation()' on how to cite R or R packages in publications.

Type 'demo()' for some demos, 'help()' for on-line help, or
'help.start()' for an HTML browser interface to help.
Type 'q()' to quit R.

> ### This needs a local (partial) CRAN mirror or Internet access
> ## Specifically, needs web/packages/packages.rds and web/checks/*.rds
> 
> ## This may need to download, so increase the timeout.
> options(warn = 1L, timeout = max(600, getOption('timeout')))
> 
> .ptime <- proc.time()
> 
> ## Look up CRAN mirror in the same way the functions do.
> ## Uses R_CRAN_WEB if set, otherwise getOption('repos')["CRAN"]
> ## then the (possibly local) 'repositories' file
> ## and if still unset, https://CRAN.R-project.org
> mirror <- tools:::CRAN_baseurl_for_web_area()
> message("Using CRAN mirror ",  sQuote(mirror))
Using CRAN mirror 'https://CRAN.R-project.org'
> 
> ## Sanity check: the examples use /web/packages/packages.rds and
> ## web/checks/check_*.rds,
> ## but partial mirrors for package installation only need src/contrib.
> ## This would fail with a file:// mirror but provides a cheap check
> ## of the availability of a https:// one.
> if(!startsWith(mirror, "file://")) {
+     foo <- tryCatch(readLines(paste0(mirror, "/web/packages")),
+                     error = function(e) {
+                     message(conditionMessage(e))
+                     ## and bail out
+                     cat("Time elapsed: ", proc.time() - .ptime,"\n")
+                     q("no")
+     })
+ }
> 
> ## no longer conditionalized on Internet access
> library(tools)
> example("CRAN_package_db", run.donttest = TRUE)

CRAN__> ## No test: 
CRAN__> ## This can be rather slow  with a non-local CRAN mirror
CRAN__> ## and might fail (slowly) without Internet access in that case.
CRAN__> 
CRAN__> set.seed(11)  # but the packages chosen will change as soon as CRAN does.

CRAN__> pdb <- CRAN_package_db()

CRAN__> dim(pdb)
[1] 22329    69

CRAN__> ## DESCRIPTION fields included:
CRAN__> colnames(pdb)
 [1] "Package"                 "Version"                
 [3] "Priority"                "Depends"                
 [5] "Imports"                 "LinkingTo"              
 [7] "Suggests"                "Enhances"               
 [9] "License"                 "License_is_FOSS"        
[11] "License_restricts_use"   "OS_type"                
[13] "Archs"                   "MD5sum"                 
[15] "NeedsCompilation"        "Additional_repositories"
[17] "Author"                  "Authors@R"              
[19] "Biarch"                  "BugReports"             
[21] "BuildKeepEmpty"          "BuildManual"            
[23] "BuildResaveData"         "BuildVignettes"         
[25] "Built"                   "ByteCompile"            
[27] "Classification/ACM"      "Classification/ACM-2012"
[29] "Classification/JEL"      "Classification/MSC"     
[31] "Classification/MSC-2010" "Collate"                
[33] "Collate.unix"            "Collate.windows"        
[35] "Contact"                 "Copyright"              
[37] "Date"                    "Date/Publication"       
[39] "Description"             "Encoding"               
[41] "KeepSource"              "Language"               
[43] "LazyData"                "LazyDataCompression"    
[45] "LazyLoad"                "MailingList"            
[47] "Maintainer"              "Note"                   
[49] "Packaged"                "RdMacros"               
[51] "StagedInstall"           "SysDataCompression"     
[53] "SystemRequirements"      "Title"                  
[55] "Type"                    "URL"                    
[57] "UseLTO"                  "VignetteBuilder"        
[59] "ZipData"                 "Path"                   
[61] "X-CRAN-Comment"          "Published"              
[63] "Reverse depends"         "Reverse imports"        
[65] "Reverse linking to"      "Reverse suggests"       
[67] "Reverse enhances"        "Deadline"               
[69] "DOI"                    

CRAN__> ## Summarize publication dates:
CRAN__> summary(as.Date(pdb$Published))
        Min.      1st Qu.       Median         Mean      3rd Qu.         Max. 
"2008-09-08" "2021-05-12" "2023-08-18" "2022-09-09" "2024-09-09" "2025-04-15" 

CRAN__> ## Summarize numbers of packages according to maintainer:
CRAN__> summary(lengths(split(pdb$Package, pdb$Maintainer)))
   Min. 1st Qu.  Median    Mean 3rd Qu.    Max. 
  1.000   1.000   1.000   1.781   2.000  76.000 

CRAN__> ## Packages with 'LASSO' in their Description:
CRAN__> pdb$Package[grepl("LASSO", pdb$Description)]
 [1] "ablasso"               "ConnectednessApproach" "csmpv"                
 [4] "emBayes"               "expandFunctions"       "extlasso"             
 [7] "fastcmprsk"            "FeaLect"               "FindIt"               
[10] "frailtyMMpen"          "gcdnet"                "glassoFast"           
[13] "glmmPen"               "glmnetr"               "glmnetSE"             
[16] "glmvsd"                "grpnet"                "GWRLASSO"             
[19] "hdmed"                 "higlasso"              "HTLR"                 
[22] "MetabolicSurv"         "MicrobiomeSurv"        "midasml"              
[25] "milr"                  "miselect"              "MTE"                  
[28] "ncpen"                 "nets"                  "pgee.mixed"           
[31] "planningML"            "polywog"               "ppmlasso"             
[34] "pqrBayes"              "pqrfe"                 "predhy"               
[37] "predhy.GUI"            "priorityelasticnet"    "rbridge"              
[40] "REN"                   "rqPen"                 "rrat"                 
[43] "SentimentAnalysis"     "SGPR"                  "sharp"                
[46] "slasso"                "SparseBiplots"         "SpTe2M"               
[49] "stR"                   "SuRF.vs"               "SurvHiDim"            
[52] "VSOLassoBag"          

CRAN__> results <- CRAN_check_results()

CRAN__> ## Available variables:
CRAN__> names(results)
 [1] "Flavor"     "Package"    "Version"    "Priority"   "Maintainer"
 [6] "Status"     "Flags"      "T_install"  "T_check"    "T_total"   

CRAN__> ## Tabulate overall check status according to flavor:
CRAN__> with(results, table(Flavor, Status))
                                   Status
Flavor                                 OK  NOTE WARNING ERROR FAILURE
  r-devel-linux-x86_64-debian-clang 18072  4147      28    53       0
  r-devel-linux-x86_64-debian-gcc   18088  4147      24    40       1
  r-devel-linux-x86_64-fedora-clang 18175  4020      29    56       0
  r-devel-linux-x86_64-fedora-gcc   18192  4017      25    52       0
  r-devel-windows-x86_64            18068  3977     160    67       9
  r-oldrel-macos-arm64              16741  5454      25    76       0
  r-oldrel-macos-x86_64             16747  5482      10    59       0
  r-oldrel-windows-x86_64           17535  4673      14    62       1
  r-patched-linux-x86_64            18026  4196      32    32       3
  r-release-linux-x86_64            18051  4183      28    34       1
  r-release-macos-arm64             19217  2897      38   145       0
  r-release-macos-x86_64            19294  2859      24   121       0
  r-release-windows-x86_64          18097  3999     135    40      10

CRAN__> details <- CRAN_check_details()

CRAN__> ## Available variables:
CRAN__> names(details)
[1] "Package"    "Version"    "Flavor"     "Check"      "Status"    
[6] "Output"     "Flags"      "Maintainer"

CRAN__> ## Tabulate checks according to their status:
CRAN__> tab <- with(details, table(Check, Status))

CRAN__> ## Inspect some installation problems:
CRAN__> bad <- subset(details,
CRAN__+               ((Check == "whether package can be installed") &
CRAN__+                (Status != "OK")))

CRAN__> ## Show a random sample of up to 6
CRAN__> head(bad[sample(seq_len(NROW(bad)), NROW(bad)), ])
Package: RInside 0.2.18
Flavor: r-devel-linux-x86_64-fedora-gcc
Check: whether package can be installed, Result: ERROR
  Installation failed.
  See <U+2018>/data/gannet/ripley/R/packages/tests-devel/RInside.Rcheck/00install.out<U+2019> for details.

Package: RobLoxBioC 1.2.3
Flavor: r-oldrel-windows-x86_64
Check: whether package can be installed, Result: ERROR
  Installation failed.
  See 'd:/Rcompile/CRANpkg/local/4.4/RobLoxBioC.Rcheck/00install.out' for details.

Package: ROracle 1.3-1.1
Flavor: r-oldrel-macos-arm64
Check: whether package can be installed, Result: ERROR
  Installation failed.
  See <U+2018>/Volumes/Builds/packages/big-sur-arm64/results/4.4/ROracle.Rcheck/00install.out<U+2019> for details.

Package: BonEV 1.0
Flavor: r-devel-windows-x86_64
Check: whether package can be installed, Result: ERROR
  Installation failed.
  See 'd:/Rcompile/CRANpkg/local/4.6/BonEV.Rcheck/00install.out' for details.

Package: Rcplex 0.3-6
Flavor: r-release-macos-arm64
Check: whether package can be installed, Result: ERROR
  Installation failed.
  See <U+2018>/Volumes/Builds/packages/big-sur-arm64/results/4.5/Rcplex.Rcheck/00install.out<U+2019> for details.

Package: cpp11tesseract 5.3.5
Flavor: r-oldrel-macos-x86_64
Check: whether package can be installed, Result: ERROR
  Installation failed.
  See <U+2018>/Volumes/Builds/packages/big-sur-x86_64/results/4.4/cpp11tesseract.Rcheck/00install.out<U+2019> for details.

CRAN__> issues <- CRAN_check_issues()

CRAN__> head(issues)
          Package Version    kind
1        EmbedSOM    <NA>    0len
4           dartR    <NA>    0len
5        fedmatch    <NA>    0len
9        timeplyr    <NA>    0len
38        rrcovNA   0.5-2   ATLAS
69 cpp11tesseract   5.3.2 clang19
                                                            href
1           https://www.stats.ox.ac.uk/pub/bdr/0len/EmbedSOM.out
4              https://www.stats.ox.ac.uk/pub/bdr/0len/dartR.out
5           https://www.stats.ox.ac.uk/pub/bdr/0len/fedmatch.out
9           https://www.stats.ox.ac.uk/pub/bdr/0len/timeplyr.out
38    https://www.stats.ox.ac.uk/pub/bdr/Rblas/ATLAS/rrcovNA.out
69 https://www.stats.ox.ac.uk/pub/bdr/clang19/cpp11tesseract.log

CRAN__> ## Show counts of issues according to kind:
CRAN__> table(issues[, "kind"])

       0len       ATLAS       Intel         LTO       M1mac         MKL 
          4           1          14           3          38          11 
   OpenBLAS      Strict clang-UBSAN     clang19    donttest    gcc-ASAN 
          7           8           1           4          84           2 
  gcc-UBSAN       gcc15        noLD     noRemap  noSuggests        rchk 
          9           3           7           6          51          83 
      rcnst      rlibro    valgrind 
          1           1           1 

CRAN__> ## Summarize CRAN check status for 10 randomly-selected packages
CRAN__> ## (reusing the information already read in):
CRAN__> pos <- sample(seq_len(NROW(pdb)), 10L)

CRAN__> summarize_CRAN_check_status(pdb[pos, "Package"],
CRAN__+                             results, details, issues)
Package: mitml
**************

Current CRAN status: OK: 13
See: <https://CRAN.R-project.org/web/checks/check_results_mitml.html>

Package: BCEE
*************

Current CRAN status: OK: 13
See: <https://CRAN.R-project.org/web/checks/check_results_BCEE.html>

Package: multiROC
*****************

Current CRAN status: OK: 13
See: <https://CRAN.R-project.org/web/checks/check_results_multiROC.html>

Package: POINT
**************

Current CRAN status: OK: 13
See: <https://CRAN.R-project.org/web/checks/check_results_POINT.html>

Package: MultiSkew
******************

Current CRAN status: OK: 13
See: <https://CRAN.R-project.org/web/checks/check_results_MultiSkew.html>

Package: ezr
************

Current CRAN status: OK: 10, NOTE: 3
See: <https://CRAN.R-project.org/web/checks/check_results_ezr.html>

Version: 0.1.5
Check: LazyData, Result: NOTE
    'LazyData' is specified without a 'data' directory
See: <https://www.r-project.org/nosvn/R.check/r-oldrel-macos-arm64/ezr-00check.html>,
     <https://www.r-project.org/nosvn/R.check/r-oldrel-macos-x86_64/ezr-00check.html>,
     <https://www.r-project.org/nosvn/R.check/r-oldrel-windows-x86_64/ezr-00check.html>

Package: listarrays
*******************

Current CRAN status: OK: 13
See: <https://CRAN.R-project.org/web/checks/check_results_listarrays.html>

Package: aprof
**************

Current CRAN status: OK: 11, NOTE: 2
See: <https://CRAN.R-project.org/web/checks/check_results_aprof.html>

Version: 0.4.1
Check: dependencies in R code, Result: NOTE
  Namespace in Imports field not imported from: <U+2018>testthat<U+2019>
    All declared Imports should be used.
See: <https://www.r-project.org/nosvn/R.check/r-devel-linux-x86_64-fedora-clang/aprof-00check.html>,
     <https://www.r-project.org/nosvn/R.check/r-devel-linux-x86_64-fedora-gcc/aprof-00check.html>

Package: stmCorrViz
*******************

Current CRAN status: OK: 7, NOTE: 6
See: <https://CRAN.R-project.org/web/checks/check_results_stmCorrViz.html>

Version: 1.3
Check: for non-standard things in the check directory, Result: NOTE
  Found the following files/directories:
    <U+2018>corrviz.html<U+2019>
See: <https://www.r-project.org/nosvn/R.check/r-devel-linux-x86_64-debian-clang/stmCorrViz-00check.html>,
     <https://www.r-project.org/nosvn/R.check/r-devel-linux-x86_64-debian-gcc/stmCorrViz-00check.html>,
     <https://www.r-project.org/nosvn/R.check/r-devel-linux-x86_64-fedora-clang/stmCorrViz-00check.html>,
     <https://www.r-project.org/nosvn/R.check/r-devel-linux-x86_64-fedora-gcc/stmCorrViz-00check.html>,
     <https://www.r-project.org/nosvn/R.check/r-patched-linux-x86_64/stmCorrViz-00check.html>,
     <https://www.r-project.org/nosvn/R.check/r-release-linux-x86_64/stmCorrViz-00check.html>

Version: 1.3
Check: dependencies in R code, Result: NOTE
  Namespaces in Imports field not imported from:
    <U+2018>SnowballC<U+2019> <U+2018>tm<U+2019>
    All declared Imports should be used.
See: <https://www.r-project.org/nosvn/R.check/r-devel-linux-x86_64-fedora-clang/stmCorrViz-00check.html>,
     <https://www.r-project.org/nosvn/R.check/r-devel-linux-x86_64-fedora-gcc/stmCorrViz-00check.html>

Package: practicalSigni
***********************

Current CRAN status: OK: 13
See: <https://CRAN.R-project.org/web/checks/check_results_practicalSigni.html>

CRAN__> ## End(No test)
CRAN__> 
CRAN__> 
> 
> cat("Time elapsed: ", proc.time() - .ptime,"\n")
Time elapsed:  2.321 0.18 7.186 0 0 
> 
