
R version 4.4.3 (2025-02-28) -- "Trophy Case"
Copyright (C) 2025 The R Foundation for Statistical Computing
Platform: x86_64-pc-linux-gnu

R is free software and comes with ABSOLUTELY NO WARRANTY.
You are welcome to redistribute it under certain conditions.
Type 'license()' or 'licence()' for distribution details.

R is a collaborative project with many contributors.
Type 'contributors()' for more information and
'citation()' on how to cite R or R packages in publications.

Type 'demo()' for some demos, 'help()' for on-line help, or
'help.start()' for an HTML browser interface to help.
Type 'q()' to quit R.

> ### This needs a local (partial) CRAN mirror or Internet access
> ## Specifically, needs web/packages/packages.rds and web/checks/*.rds
> 
> ## This may need to download, so increase the timeout.
> options(warn = 1L, timeout = max(600, getOption('timeout')))
> 
> .ptime <- proc.time()
> 
> ## Look up CRAN mirror in the same way the functions do.
> ## Uses R_CRAN_WEB if set, otherwise getOption('repos')["CRAN"]
> ## then the (possibly local) 'repositories' file
> ## and if still unset, https://CRAN.R-project.org
> mirror <- tools:::CRAN_baseurl_for_web_area()
> message("Using CRAN mirror ",  sQuote(mirror))
Using CRAN mirror 'https://CRAN.R-project.org'
> 
> ## Sanity check: the examples use /web/packages/packages.rds and
> ## web/checks/check_*.rds,
> ## but partial mirrors for package installation only need src/contrib.
> ## This would fail with a file:// mirror but provides a cheap check
> ## of the availability of a https:// one.
> if(!startsWith(mirror, "file://")) {
+     foo <- tryCatch(readLines(paste0(mirror, "/web/packages")),
+                     error = function(e) {
+                     message(conditionMessage(e))
+                     ## and bail out
+                     cat("Time elapsed: ", proc.time() - .ptime,"\n")
+                     q("no")
+     })
+ }
> 
> ## no longer conditionalized on Internet access
> library(tools)
> example("CRAN_package_db", run.donttest = TRUE)

CRAN__> ## No test: 
CRAN__> ## This can be rather slow  with a non-local CRAN mirror
CRAN__> ## and might fail (slowly) without Internet access in that case.
CRAN__> 
CRAN__> set.seed(11)  # but the packages chosen will change as soon as CRAN does.

CRAN__> pdb <- CRAN_package_db()

CRAN__> dim(pdb)
[1] 22362    69

CRAN__> ## DESCRIPTION fields included:
CRAN__> colnames(pdb)
 [1] "Package"                 "Version"                
 [3] "Priority"                "Depends"                
 [5] "Imports"                 "LinkingTo"              
 [7] "Suggests"                "Enhances"               
 [9] "License"                 "License_is_FOSS"        
[11] "License_restricts_use"   "OS_type"                
[13] "Archs"                   "MD5sum"                 
[15] "NeedsCompilation"        "Additional_repositories"
[17] "Author"                  "Authors@R"              
[19] "Biarch"                  "BugReports"             
[21] "BuildKeepEmpty"          "BuildManual"            
[23] "BuildResaveData"         "BuildVignettes"         
[25] "Built"                   "ByteCompile"            
[27] "Classification/ACM"      "Classification/ACM-2012"
[29] "Classification/JEL"      "Classification/MSC"     
[31] "Classification/MSC-2010" "Collate"                
[33] "Collate.unix"            "Collate.windows"        
[35] "Contact"                 "Copyright"              
[37] "Date"                    "Date/Publication"       
[39] "Description"             "Encoding"               
[41] "KeepSource"              "Language"               
[43] "LazyData"                "LazyDataCompression"    
[45] "LazyLoad"                "MailingList"            
[47] "Maintainer"              "Note"                   
[49] "Packaged"                "RdMacros"               
[51] "StagedInstall"           "SysDataCompression"     
[53] "SystemRequirements"      "Title"                  
[55] "Type"                    "URL"                    
[57] "UseLTO"                  "VignetteBuilder"        
[59] "ZipData"                 "Path"                   
[61] "X-CRAN-Comment"          "Published"              
[63] "Reverse depends"         "Reverse imports"        
[65] "Reverse linking to"      "Reverse suggests"       
[67] "Reverse enhances"        "Deadline"               
[69] "DOI"                    

CRAN__> ## Summarize publication dates:
CRAN__> summary(as.Date(pdb$Published))
        Min.      1st Qu.       Median         Mean      3rd Qu.         Max. 
"2008-10-28" "2021-08-27" "2023-09-27" "2022-11-23" "2024-11-10" "2025-06-17" 

CRAN__> ## Summarize numbers of packages according to maintainer:
CRAN__> summary(lengths(split(pdb$Package, pdb$Maintainer)))
   Min. 1st Qu.  Median    Mean 3rd Qu.    Max. 
  1.000   1.000   1.000   1.784   2.000  76.000 

CRAN__> ## Packages with 'LASSO' in their Description:
CRAN__> pdb$Package[grepl("LASSO", pdb$Description)]
 [1] "ablasso"               "ConnectednessApproach" "csmpv"                
 [4] "difR"                  "emBayes"               "expandFunctions"      
 [7] "extlasso"              "fastcmprsk"            "FeaLect"              
[10] "frailtyMMpen"          "gcdnet"                "glassoFast"           
[13] "glmmPen"               "glmnetr"               "glmnetSE"             
[16] "glmvsd"                "grpnet"                "GWRLASSO"             
[19] "hdmed"                 "higlasso"              "HTLR"                 
[22] "MetabolicSurv"         "MicrobiomeSurv"        "midasml"              
[25] "milr"                  "miselect"              "MTE"                  
[28] "ncpen"                 "nets"                  "pgee.mixed"           
[31] "planningML"            "polywog"               "ppmlasso"             
[34] "pqrBayes"              "pqrfe"                 "predhy"               
[37] "predhy.GUI"            "priorityelasticnet"    "rbridge"              
[40] "REN"                   "rqPen"                 "rrat"                 
[43] "SentimentAnalysis"     "SGPR"                  "sharp"                
[46] "slasso"                "SparseBiplots"         "SpTe2M"               
[49] "stR"                   "SuRF.vs"               "SurvHiDim"            
[52] "VSOLassoBag"          

CRAN__> results <- CRAN_check_results()

CRAN__> ## Available variables:
CRAN__> names(results)
 [1] "Flavor"     "Package"    "Version"    "Priority"   "Maintainer"
 [6] "Status"     "Flags"      "T_install"  "T_check"    "T_total"   

CRAN__> ## Tabulate overall check status according to flavor:
CRAN__> with(results, table(Flavor, Status))
                                   Status
Flavor                                 OK  NOTE WARNING ERROR FAILURE
  r-devel-linux-x86_64-debian-clang 13921  8365      16    35       0
  r-devel-linux-x86_64-debian-gcc   13920  8365      19    32       1
  r-devel-linux-x86_64-fedora-clang 18563  3713       5    45       0
  r-devel-linux-x86_64-fedora-gcc   18575  3714       6    39       0
  r-devel-windows-x86_64            18881  3397       6    29       9
  r-oldrel-macos-arm64              16993  5244      25    80       0
  r-oldrel-macos-x86_64             16915  5279      15    68       0
  r-oldrel-windows-x86_64           17797  4444      10    61       4
  r-patched-linux-x86_64            18697  3584       6    18       0
  r-release-linux-x86_64            18734  3566       5    24       0
  r-release-macos-arm64             19565  2631      25   127       0
  r-release-macos-x86_64            19533  2624      18   106       0
  r-release-windows-x86_64          18863  3397       6    34      17

CRAN__> details <- CRAN_check_details()

CRAN__> ## Available variables:
CRAN__> names(details)
[1] "Package"    "Version"    "Flavor"     "Check"      "Status"    
[6] "Output"     "Flags"      "Maintainer"

CRAN__> ## Tabulate checks according to their status:
CRAN__> tab <- with(details, table(Check, Status))

CRAN__> ## Inspect some installation problems:
CRAN__> bad <- subset(details,
CRAN__+               ((Check == "whether package can be installed") &
CRAN__+                (Status != "OK")))

CRAN__> ## Show a random sample of up to 6
CRAN__> head(bad[sample(seq_len(NROW(bad)), NROW(bad)), ])
Package: RSP 0.4
Flavor: r-patched-linux-x86_64
Check: whether package can be installed, Result: WARNING
  Found the following significant warnings:
    Note: possible error in 'mvn(data = data, mvnTest = "hz")': unused argument (mvnTest = "hz") 
    Note: possible error in 'mvn(data = data, mvnTest = "mardia")': unused argument (mvnTest = "mardia") 
  See <U+2018>/home/hornik/tmp/R.check/r-patched-gcc/Work/PKGS/RSP.Rcheck/00install.out<U+2019> for details.
  Information on the location(s) of code generating the <U+2018>Note<U+2019>s can be
  obtained by re-running with environment variable R_KEEP_PKG_SOURCE set
  to <U+2018>yes<U+2019>.

Package: Rmpi 0.7-3.3
Flavor: r-oldrel-macos-x86_64
Check: whether package can be installed, Result: ERROR
  Installation failed.
  See <U+2018>/Volumes/Builds/packages/big-sur-x86_64/results/4.4/Rmpi.Rcheck/00install.out<U+2019> for details.

Package: RSP 0.4
Flavor: r-release-linux-x86_64
Check: whether package can be installed, Result: WARNING
  Found the following significant warnings:
    Note: possible error in 'mvn(data = data, mvnTest = "hz")': unused argument (mvnTest = "hz") 
    Note: possible error in 'mvn(data = data, mvnTest = "mardia")': unused argument (mvnTest = "mardia") 
  See <U+2018>/home/hornik/tmp/R.check/r-release-gcc/Work/PKGS/RSP.Rcheck/00install.out<U+2019> for details.
  Information on the location(s) of code generating the <U+2018>Note<U+2019>s can be
  obtained by re-running with environment variable R_KEEP_PKG_SOURCE set
  to <U+2018>yes<U+2019>.

Package: RcppMeCab 0.0.1.2
Flavor: r-release-macos-x86_64
Check: whether package can be installed, Result: ERROR
  Installation failed.
  See <U+2018>/Volumes/Builds/packages/big-sur-x86_64/results/4.5/RcppMeCab.Rcheck/00install.out<U+2019> for details.

Package: SurfRough 0.0.1.1
Flavor: r-oldrel-macos-x86_64
Check: whether package can be installed, Result: ERROR
  Installation failed.
  See <U+2018>/Volumes/Builds/packages/big-sur-x86_64/results/4.4/SurfRough.Rcheck/00install.out<U+2019> for details.

Package: RmecabKo 0.1.6.2
Flavor: r-release-macos-x86_64
Check: whether package can be installed, Result: ERROR
  Installation failed.
  See <U+2018>/Volumes/Builds/packages/big-sur-x86_64/results/4.5/RmecabKo.Rcheck/00install.out<U+2019> for details.

CRAN__> issues <- CRAN_check_issues()

CRAN__> head(issues)
    Package Version    kind
1  EmbedSOM    <NA>    0len
4     dartR    <NA>    0len
5  fedmatch    <NA>    0len
9  timeplyr    <NA>    0len
17    NMsim   0.2.3   ATLAS
71 raybevel   0.1.3 clang19
                                                       href
1      https://www.stats.ox.ac.uk/pub/bdr/0len/EmbedSOM.out
4         https://www.stats.ox.ac.uk/pub/bdr/0len/dartR.out
5      https://www.stats.ox.ac.uk/pub/bdr/0len/fedmatch.out
9      https://www.stats.ox.ac.uk/pub/bdr/0len/timeplyr.out
17 https://www.stats.ox.ac.uk/pub/bdr/Rblas/ATLAS/NMsim.out
71  https://www.stats.ox.ac.uk/pub/bdr/clang19/raybevel.log

CRAN__> ## Show counts of issues according to kind:
CRAN__> table(issues[, "kind"])

      0len      ATLAS      Intel        LTO      M1mac        MKL   OpenBLAS 
         4          1         13          1         12          2          1 
    Strict clang-ASAN    clang19   donttest        gcc       noLD    noRemap 
         9          3          2         89          1          4          6 
noSuggests       rchk      rcnst   valgrind 
        45         88          1          2 

CRAN__> ## Summarize CRAN check status for 10 randomly-selected packages
CRAN__> ## (reusing the information already read in):
CRAN__> pos <- sample(seq_len(NROW(pdb)), 10L)

CRAN__> summarize_CRAN_check_status(pdb[pos, "Package"],
CRAN__+                             results, details, issues)
Package: SMUT
*************

Current CRAN status: OK: 11, NOTE: 2
See: <https://CRAN.R-project.org/web/checks/check_results_SMUT.html>

Version: 1.1
Check: CRAN incoming feasibility, Result: NOTE
  Maintainer: <U+2018>Wujuan Zhong <zhongwujuan@gmail.com><U+2019>
  
  No Authors@R field in DESCRIPTION.
  Please add one, modifying
    Authors@R: person(given = "Wujuan",
                      family = "Zhong",
                      role = c("aut", "cre"),
                      email = "zhongwujuan@gmail.com")
  as necessary.
See: <https://www.r-project.org/nosvn/R.check/r-devel-linux-x86_64-debian-clang/SMUT-00check.html>,
     <https://www.r-project.org/nosvn/R.check/r-devel-linux-x86_64-debian-gcc/SMUT-00check.html>

Package: spectralAnomaly
************************

Current CRAN status: OK: 13
See: <https://CRAN.R-project.org/web/checks/check_results_spectralAnomaly.html>

Package: sig
************

Current CRAN status: NOTE: 13
See: <https://CRAN.R-project.org/web/checks/check_results_sig.html>

Version: 0.0-6
Check: Rd files, Result: NOTE
  checkRd: (-1) sig.Rd:35: Lost braces in \itemize; \value handles \item{}{} directly
  checkRd: (-1) sig.Rd:36: Lost braces in \itemize; \value handles \item{}{} directly
  checkRd: (-1) sig_report.Rd:41: Lost braces in \itemize; \value handles \item{}{} directly
  checkRd: (-1) sig_report.Rd:42: Lost braces in \itemize; \value handles \item{}{} directly
  checkRd: (-1) sig_report.Rd:43: Lost braces in \itemize; \value handles \item{}{} directly
  checkRd: (-1) sig_report.Rd:44: Lost braces in \itemize; \value handles \item{}{} directly
  checkRd: (-1) sig_report.Rd:45-46: Lost braces in \itemize; \value handles \item{}{} directly
  checkRd: (-1) sig_report.Rd:47: Lost braces in \itemize; \value handles \item{}{} directly
  checkRd: (-1) sig_report.Rd:48: Lost braces in \itemize; \value handles \item{}{} directly
  checkRd: (-1) sig_report.Rd:49-50: Lost braces in \itemize; \value handles \item{}{} directly
See: <https://www.r-project.org/nosvn/R.check/r-devel-linux-x86_64-debian-clang/sig-00check.html>,
     <https://www.r-project.org/nosvn/R.check/r-devel-linux-x86_64-debian-gcc/sig-00check.html>,
     <https://www.r-project.org/nosvn/R.check/r-devel-linux-x86_64-fedora-clang/sig-00check.html>,
     <https://www.r-project.org/nosvn/R.check/r-devel-linux-x86_64-fedora-gcc/sig-00check.html>,
     <https://www.r-project.org/nosvn/R.check/r-devel-windows-x86_64/sig-00check.html>,
     <https://www.r-project.org/nosvn/R.check/r-patched-linux-x86_64/sig-00check.html>,
     <https://www.r-project.org/nosvn/R.check/r-release-linux-x86_64/sig-00check.html>,
     <https://www.r-project.org/nosvn/R.check/r-release-macos-arm64/sig-00check.html>,
     <https://www.r-project.org/nosvn/R.check/r-release-macos-x86_64/sig-00check.html>,
     <https://www.r-project.org/nosvn/R.check/r-release-windows-x86_64/sig-00check.html>,
     <https://www.r-project.org/nosvn/R.check/r-oldrel-macos-arm64/sig-00check.html>,
     <https://www.r-project.org/nosvn/R.check/r-oldrel-macos-x86_64/sig-00check.html>,
     <https://www.r-project.org/nosvn/R.check/r-oldrel-windows-x86_64/sig-00check.html>

Package: Nmix
*************

Current CRAN status: OK: 13
See: <https://CRAN.R-project.org/web/checks/check_results_Nmix.html>

Package: optimalThreshold
*************************

Current CRAN status: OK: 13
See: <https://CRAN.R-project.org/web/checks/check_results_optimalThreshold.html>

Package: HDoutliers
*******************

Current CRAN status: OK: 13
See: <https://CRAN.R-project.org/web/checks/check_results_HDoutliers.html>

Package: ProbBreed
******************

Current CRAN status: OK: 10, NOTE: 3
See: <https://CRAN.R-project.org/web/checks/check_results_ProbBreed.html>

Version: 1.0.4.6
Check: installed package size, Result: NOTE
    installed size is 227.0Mb
    sub-directories of 1Mb or more:
      libs  225.8Mb
See: <https://www.r-project.org/nosvn/R.check/r-oldrel-macos-arm64/ProbBreed-00check.html>,
     <https://www.r-project.org/nosvn/R.check/r-oldrel-macos-x86_64/ProbBreed-00check.html>,
     <https://www.r-project.org/nosvn/R.check/r-oldrel-windows-x86_64/ProbBreed-00check.html>

Version: 1.0.4.6
Check: for GNU extensions in Makefiles, Result: NOTE
  GNU make is a SystemRequirements.
See: <https://www.r-project.org/nosvn/R.check/r-oldrel-macos-arm64/ProbBreed-00check.html>,
     <https://www.r-project.org/nosvn/R.check/r-oldrel-macos-x86_64/ProbBreed-00check.html>,
     <https://www.r-project.org/nosvn/R.check/r-oldrel-windows-x86_64/ProbBreed-00check.html>

Package: dynparam
*****************

Current CRAN status: OK: 8, NOTE: 5
See: <https://CRAN.R-project.org/web/checks/check_results_dynparam.html>

Version: 1.0.2
Check: CRAN incoming feasibility, Result: NOTE
  Maintainer: <U+2018>Robrecht Cannoodt <rcannood@gmail.com><U+2019>
  
  Package CITATION file contains call(s) to old-style citEntry().  Please
  use bibentry() instead.
See: <https://www.r-project.org/nosvn/R.check/r-devel-linux-x86_64-debian-clang/dynparam-00check.html>,
     <https://www.r-project.org/nosvn/R.check/r-devel-linux-x86_64-debian-gcc/dynparam-00check.html>

Version: 1.0.2
Check: DESCRIPTION meta-information, Result: NOTE
  Author field differs from that derived from Authors@R
    Author:    <U+2018>Robrecht Cannoodt [aut, cre] (<https://orcid.org/0000-0003-3641-729X>, rcannood), Wouter Saelens [aut] (<https://orcid.org/0000-0002-7114-6248>, zouter)<U+2019>
    Authors@R: <U+2018>Robrecht Cannoodt [aut, cre] (ORCID: <https://orcid.org/0000-0003-3641-729X>, github: rcannood), Wouter Saelens [aut] (ORCID: <https://orcid.org/0000-0002-7114-6248>, github: zouter)<U+2019>
See: <https://www.r-project.org/nosvn/R.check/r-devel-linux-x86_64-debian-clang/dynparam-00check.html>,
     <https://www.r-project.org/nosvn/R.check/r-devel-linux-x86_64-debian-gcc/dynparam-00check.html>

Version: 1.0.2
Check: LazyData, Result: NOTE
    'LazyData' is specified without a 'data' directory
See: <https://www.r-project.org/nosvn/R.check/r-oldrel-macos-arm64/dynparam-00check.html>,
     <https://www.r-project.org/nosvn/R.check/r-oldrel-macos-x86_64/dynparam-00check.html>,
     <https://www.r-project.org/nosvn/R.check/r-oldrel-windows-x86_64/dynparam-00check.html>

Package: scriptuRs
******************

Current CRAN status: OK: 11, NOTE: 2
See: <https://CRAN.R-project.org/web/checks/check_results_scriptuRs.html>

Version: 0.1.0
Check: CRAN incoming feasibility, Result: NOTE
  Maintainer: <U+2018>Andrew Heiss <andrew@andrewheiss.com><U+2019>
  
  Found the following (possibly) invalid file URI:
    URI: CONDUCT.md
      From: README.md
See: <https://www.r-project.org/nosvn/R.check/r-devel-linux-x86_64-debian-clang/scriptuRs-00check.html>,
     <https://www.r-project.org/nosvn/R.check/r-devel-linux-x86_64-debian-gcc/scriptuRs-00check.html>

Package: rotatogram
*******************

Current CRAN status: OK: 13
See: <https://CRAN.R-project.org/web/checks/check_results_rotatogram.html>

CRAN__> ## End(No test)
CRAN__> 
CRAN__> 
> 
> cat("Time elapsed: ", proc.time() - .ptime,"\n")
Time elapsed:  2.457 0.095 10.532 0 0 
> 
