
R version 4.4.2 (2024-10-31) -- "Pile of Leaves"
Copyright (C) 2024 The R Foundation for Statistical Computing
Platform: x86_64-pc-linux-gnu

R is free software and comes with ABSOLUTELY NO WARRANTY.
You are welcome to redistribute it under certain conditions.
Type 'license()' or 'licence()' for distribution details.

  Natural language support but running in an English locale

R is a collaborative project with many contributors.
Type 'contributors()' for more information and
'citation()' on how to cite R or R packages in publications.

Type 'demo()' for some demos, 'help()' for on-line help, or
'help.start()' for an HTML browser interface to help.
Type 'q()' to quit R.

> pkgname <- "xtable"
> source(file.path(R.home("share"), "R", "examples-header.R"))
> options(warn = 1)
> library('xtable')
> 
> base::assign(".oldSearch", base::search(), pos = 'CheckExEnv')
> base::assign(".old_wd", base::getwd(), pos = 'CheckExEnv')
> cleanEx()
> nameEx("autoformat")
> ### * autoformat
> 
> flush(stderr()); flush(stdout())
> 
> ### Name: autoformat
> ### Title: Automatically Format Export Tables
> ### Aliases: autoformat xalign xdigits xdisplay
> ### Keywords: array print
> 
> ### ** Examples
> 
> ## 1  Vector
> xalign(precip)
[1] "r"
> xdigits(precip)
[1] 1
> xdisplay(precip)
[1] "f"
> 
> 
> ## 2  Data frame
> head(mtcars)
                   mpg cyl disp  hp drat    wt  qsec vs am gear carb
Mazda RX4         21.0   6  160 110 3.90 2.620 16.46  0  1    4    4
Mazda RX4 Wag     21.0   6  160 110 3.90 2.875 17.02  0  1    4    4
Datsun 710        22.8   4  108  93 3.85 2.320 18.61  1  1    4    1
Hornet 4 Drive    21.4   6  258 110 3.08 3.215 19.44  1  0    3    1
Hornet Sportabout 18.7   8  360 175 3.15 3.440 17.02  0  0    3    2
Valiant           18.1   6  225 105 2.76 3.460 20.22  1  0    3    1
> xdigits(mtcars, pad = FALSE)
 mpg  cyl disp   hp drat   wt qsec   vs   am gear carb 
   1    0    1    0    2    3    2    0    0    0    0 
> xdigits(mtcars, pad = TRUE)
      mpg  cyl disp   hp drat   wt qsec   vs   am gear carb 
   0    1    0    1    0    2    3    2    0    0    0    0 
> xalign(mtcars)
      mpg  cyl disp   hp drat   wt qsec   vs   am gear carb 
 "l"  "r"  "r"  "r"  "r"  "r"  "r"  "r"  "r"  "r"  "r"  "r" 
> xdisplay(mtcars)
      mpg  cyl disp   hp drat   wt qsec   vs   am gear carb 
 "s"  "f"  "d"  "f"  "d"  "f"  "f"  "f"  "d"  "d"  "d"  "d" 
> 
> 
> ## 3  Autoformat when xtable is created
> xtable(mtcars, align = xalign(mtcars), digits = xdigits(mtcars),
+        display = xdisplay(mtcars))
% latex table generated in R 4.4.2 by xtable 1.8-4 package
% Tue Jan  7 13:58:53 2025
\begin{table}[ht]
\centering
\begin{tabular}{lrrrrrrrrrrr}
  \hline
 & mpg & cyl & disp & hp & drat & wt & qsec & vs & am & gear & carb \\ 
  \hline
Mazda RX4 & 21.0 & 6 & 160.0 & 110 & 3.90 & 2.620 & 16.46 & 0 & 1 & 4 & 4 \\ 
  Mazda RX4 Wag & 21.0 & 6 & 160.0 & 110 & 3.90 & 2.875 & 17.02 & 0 & 1 & 4 & 4 \\ 
  Datsun 710 & 22.8 & 4 & 108.0 & 93 & 3.85 & 2.320 & 18.61 & 1 & 1 & 4 & 1 \\ 
  Hornet 4 Drive & 21.4 & 6 & 258.0 & 110 & 3.08 & 3.215 & 19.44 & 1 & 0 & 3 & 1 \\ 
  Hornet Sportabout & 18.7 & 8 & 360.0 & 175 & 3.15 & 3.440 & 17.02 & 0 & 0 & 3 & 2 \\ 
  Valiant & 18.1 & 6 & 225.0 & 105 & 2.76 & 3.460 & 20.22 & 1 & 0 & 3 & 1 \\ 
  Duster 360 & 14.3 & 8 & 360.0 & 245 & 3.21 & 3.570 & 15.84 & 0 & 0 & 3 & 4 \\ 
  Merc 240D & 24.4 & 4 & 146.7 & 62 & 3.69 & 3.190 & 20.00 & 1 & 0 & 4 & 2 \\ 
  Merc 230 & 22.8 & 4 & 140.8 & 95 & 3.92 & 3.150 & 22.90 & 1 & 0 & 4 & 2 \\ 
  Merc 280 & 19.2 & 6 & 167.6 & 123 & 3.92 & 3.440 & 18.30 & 1 & 0 & 4 & 4 \\ 
  Merc 280C & 17.8 & 6 & 167.6 & 123 & 3.92 & 3.440 & 18.90 & 1 & 0 & 4 & 4 \\ 
  Merc 450SE & 16.4 & 8 & 275.8 & 180 & 3.07 & 4.070 & 17.40 & 0 & 0 & 3 & 3 \\ 
  Merc 450SL & 17.3 & 8 & 275.8 & 180 & 3.07 & 3.730 & 17.60 & 0 & 0 & 3 & 3 \\ 
  Merc 450SLC & 15.2 & 8 & 275.8 & 180 & 3.07 & 3.780 & 18.00 & 0 & 0 & 3 & 3 \\ 
  Cadillac Fleetwood & 10.4 & 8 & 472.0 & 205 & 2.93 & 5.250 & 17.98 & 0 & 0 & 3 & 4 \\ 
  Lincoln Continental & 10.4 & 8 & 460.0 & 215 & 3.00 & 5.424 & 17.82 & 0 & 0 & 3 & 4 \\ 
  Chrysler Imperial & 14.7 & 8 & 440.0 & 230 & 3.23 & 5.345 & 17.42 & 0 & 0 & 3 & 4 \\ 
  Fiat 128 & 32.4 & 4 & 78.7 & 66 & 4.08 & 2.200 & 19.47 & 1 & 1 & 4 & 1 \\ 
  Honda Civic & 30.4 & 4 & 75.7 & 52 & 4.93 & 1.615 & 18.52 & 1 & 1 & 4 & 2 \\ 
  Toyota Corolla & 33.9 & 4 & 71.1 & 65 & 4.22 & 1.835 & 19.90 & 1 & 1 & 4 & 1 \\ 
  Toyota Corona & 21.5 & 4 & 120.1 & 97 & 3.70 & 2.465 & 20.01 & 1 & 0 & 3 & 1 \\ 
  Dodge Challenger & 15.5 & 8 & 318.0 & 150 & 2.76 & 3.520 & 16.87 & 0 & 0 & 3 & 2 \\ 
  AMC Javelin & 15.2 & 8 & 304.0 & 150 & 3.15 & 3.435 & 17.30 & 0 & 0 & 3 & 2 \\ 
  Camaro Z28 & 13.3 & 8 & 350.0 & 245 & 3.73 & 3.840 & 15.41 & 0 & 0 & 3 & 4 \\ 
  Pontiac Firebird & 19.2 & 8 & 400.0 & 175 & 3.08 & 3.845 & 17.05 & 0 & 0 & 3 & 2 \\ 
  Fiat X1-9 & 27.3 & 4 & 79.0 & 66 & 4.08 & 1.935 & 18.90 & 1 & 1 & 4 & 1 \\ 
  Porsche 914-2 & 26.0 & 4 & 120.3 & 91 & 4.43 & 2.140 & 16.70 & 0 & 1 & 5 & 2 \\ 
  Lotus Europa & 30.4 & 4 & 95.1 & 113 & 3.77 & 1.513 & 16.90 & 1 & 1 & 5 & 2 \\ 
  Ford Pantera L & 15.8 & 8 & 351.0 & 264 & 4.22 & 3.170 & 14.50 & 0 & 1 & 5 & 4 \\ 
  Ferrari Dino & 19.7 & 6 & 145.0 & 175 & 3.62 & 2.770 & 15.50 & 0 & 1 & 5 & 6 \\ 
  Maserati Bora & 15.0 & 8 & 301.0 & 335 & 3.54 & 3.570 & 14.60 & 0 & 1 & 5 & 8 \\ 
  Volvo 142E & 21.4 & 4 & 121.0 & 109 & 4.11 & 2.780 & 18.60 & 1 & 1 & 4 & 2 \\ 
   \hline
\end{tabular}
\end{table}
> 
> ## equivalent shortcut
> xtable(mtcars, auto = TRUE)
% latex table generated in R 4.4.2 by xtable 1.8-4 package
% Tue Jan  7 13:58:53 2025
\begin{table}[ht]
\centering
\begin{tabular}{lrrrrrrrrrrr}
  \hline
 & mpg & cyl & disp & hp & drat & wt & qsec & vs & am & gear & carb \\ 
  \hline
Mazda RX4 & 21.0 & 6 & 160.0 & 110 & 3.90 & 2.620 & 16.46 & 0 & 1 & 4 & 4 \\ 
  Mazda RX4 Wag & 21.0 & 6 & 160.0 & 110 & 3.90 & 2.875 & 17.02 & 0 & 1 & 4 & 4 \\ 
  Datsun 710 & 22.8 & 4 & 108.0 & 93 & 3.85 & 2.320 & 18.61 & 1 & 1 & 4 & 1 \\ 
  Hornet 4 Drive & 21.4 & 6 & 258.0 & 110 & 3.08 & 3.215 & 19.44 & 1 & 0 & 3 & 1 \\ 
  Hornet Sportabout & 18.7 & 8 & 360.0 & 175 & 3.15 & 3.440 & 17.02 & 0 & 0 & 3 & 2 \\ 
  Valiant & 18.1 & 6 & 225.0 & 105 & 2.76 & 3.460 & 20.22 & 1 & 0 & 3 & 1 \\ 
  Duster 360 & 14.3 & 8 & 360.0 & 245 & 3.21 & 3.570 & 15.84 & 0 & 0 & 3 & 4 \\ 
  Merc 240D & 24.4 & 4 & 146.7 & 62 & 3.69 & 3.190 & 20.00 & 1 & 0 & 4 & 2 \\ 
  Merc 230 & 22.8 & 4 & 140.8 & 95 & 3.92 & 3.150 & 22.90 & 1 & 0 & 4 & 2 \\ 
  Merc 280 & 19.2 & 6 & 167.6 & 123 & 3.92 & 3.440 & 18.30 & 1 & 0 & 4 & 4 \\ 
  Merc 280C & 17.8 & 6 & 167.6 & 123 & 3.92 & 3.440 & 18.90 & 1 & 0 & 4 & 4 \\ 
  Merc 450SE & 16.4 & 8 & 275.8 & 180 & 3.07 & 4.070 & 17.40 & 0 & 0 & 3 & 3 \\ 
  Merc 450SL & 17.3 & 8 & 275.8 & 180 & 3.07 & 3.730 & 17.60 & 0 & 0 & 3 & 3 \\ 
  Merc 450SLC & 15.2 & 8 & 275.8 & 180 & 3.07 & 3.780 & 18.00 & 0 & 0 & 3 & 3 \\ 
  Cadillac Fleetwood & 10.4 & 8 & 472.0 & 205 & 2.93 & 5.250 & 17.98 & 0 & 0 & 3 & 4 \\ 
  Lincoln Continental & 10.4 & 8 & 460.0 & 215 & 3.00 & 5.424 & 17.82 & 0 & 0 & 3 & 4 \\ 
  Chrysler Imperial & 14.7 & 8 & 440.0 & 230 & 3.23 & 5.345 & 17.42 & 0 & 0 & 3 & 4 \\ 
  Fiat 128 & 32.4 & 4 & 78.7 & 66 & 4.08 & 2.200 & 19.47 & 1 & 1 & 4 & 1 \\ 
  Honda Civic & 30.4 & 4 & 75.7 & 52 & 4.93 & 1.615 & 18.52 & 1 & 1 & 4 & 2 \\ 
  Toyota Corolla & 33.9 & 4 & 71.1 & 65 & 4.22 & 1.835 & 19.90 & 1 & 1 & 4 & 1 \\ 
  Toyota Corona & 21.5 & 4 & 120.1 & 97 & 3.70 & 2.465 & 20.01 & 1 & 0 & 3 & 1 \\ 
  Dodge Challenger & 15.5 & 8 & 318.0 & 150 & 2.76 & 3.520 & 16.87 & 0 & 0 & 3 & 2 \\ 
  AMC Javelin & 15.2 & 8 & 304.0 & 150 & 3.15 & 3.435 & 17.30 & 0 & 0 & 3 & 2 \\ 
  Camaro Z28 & 13.3 & 8 & 350.0 & 245 & 3.73 & 3.840 & 15.41 & 0 & 0 & 3 & 4 \\ 
  Pontiac Firebird & 19.2 & 8 & 400.0 & 175 & 3.08 & 3.845 & 17.05 & 0 & 0 & 3 & 2 \\ 
  Fiat X1-9 & 27.3 & 4 & 79.0 & 66 & 4.08 & 1.935 & 18.90 & 1 & 1 & 4 & 1 \\ 
  Porsche 914-2 & 26.0 & 4 & 120.3 & 91 & 4.43 & 2.140 & 16.70 & 0 & 1 & 5 & 2 \\ 
  Lotus Europa & 30.4 & 4 & 95.1 & 113 & 3.77 & 1.513 & 16.90 & 1 & 1 & 5 & 2 \\ 
  Ford Pantera L & 15.8 & 8 & 351.0 & 264 & 4.22 & 3.170 & 14.50 & 0 & 1 & 5 & 4 \\ 
  Ferrari Dino & 19.7 & 6 & 145.0 & 175 & 3.62 & 2.770 & 15.50 & 0 & 1 & 5 & 6 \\ 
  Maserati Bora & 15.0 & 8 & 301.0 & 335 & 3.54 & 3.570 & 14.60 & 0 & 1 & 5 & 8 \\ 
  Volvo 142E & 21.4 & 4 & 121.0 & 109 & 4.11 & 2.780 & 18.60 & 1 & 1 & 4 & 2 \\ 
   \hline
\end{tabular}
\end{table}
> 
> 
> ## 4  Autoformat existing xtable
> mt <- xtable(mtcars)
> align(mt) <- xalign(mt)
> digits(mt) <- xdigits(mt)
> display(mt) <- xdisplay(mt)
> 
> ## equivalent shortcut
> mt <- autoformat(mt)
> 
> 
> 
> cleanEx()
> nameEx("print.xtable")
> ### * print.xtable
> 
> flush(stderr()); flush(stdout())
> 
> ### Name: print.xtable
> ### Title: Print Export Tables
> ### Aliases: print.xtable
> ### Keywords: print
> 
> ### ** Examples
> 
> df <- data.frame(A = c(1.00123, 33.1, 6),
+                  B = c(111111, 3333333, 3123.233))
> ## The following code gives the error
> ## formal argument "digits" matched by multiple actual arguments
> ## print(xtable(df, display = c("s","e","e")),
> ##       format.args = list(digits = 3, big.mark = " ", decimal.mark = ","))
> ## specify digits as argument to xtable instead
> print(xtable(df, display = c("s","f","f"), digits = 4),
+       format.args = list(big.mark = " ", decimal.mark = ","))
% latex table generated in R 4.4.2 by xtable 1.8-4 package
% Tue Jan  7 13:58:54 2025
\begin{table}[ht]
\centering
\begin{tabular}{rrr}
  \hline
 & A & B \\ 
  \hline
1 & 1,0012 & 111 111,0000 \\ 
  2 & 33,1000 & 3 333 333,0000 \\ 
  3 & 6,0000 & 3 123,2330 \\ 
   \hline
\end{tabular}
\end{table}
> ## The following code gives the error
> ## formal argument "format" matched by multiple actual arguments
> ## print(xtable(df, digits = 4),
> ##       format.args = list(format = c("s","e","e"),
> ##                          big.mark = " ", decimal.mark = ","))
> ## specify format using display argument in xtable
> print(xtable(df, display = c("s","e","e"), digits = 4),
+       format.args = list(big.mark = " ", decimal.mark = ","))
% latex table generated in R 4.4.2 by xtable 1.8-4 package
% Tue Jan  7 13:58:54 2025
\begin{table}[ht]
\centering
\begin{tabular}{rrr}
  \hline
 & A & B \\ 
  \hline
1 & 1,0012e+00 & 1,1111e+05 \\ 
  2 & 3,3100e+01 & 3,3333e+06 \\ 
  3 & 6,0000e+00 & 3,1232e+03 \\ 
   \hline
\end{tabular}
\end{table}
> 
> 
> 
> 
> cleanEx()
> nameEx("print.xtableMatharray")
> ### * print.xtableMatharray
> 
> flush(stderr()); flush(stdout())
> 
> ### Name: print.xtableMatharray
> ### Title: Print Math Array
> ### Aliases: print.xtableMatharray
> ### Keywords: print
> 
> ### ** Examples
> 
> V <- matrix(c(1.140380e-03,  3.010497e-05,  7.334879e-05,
+               3.010497e-05,  3.320683e-04, -5.284854e-05,
+               7.334879e-05, -5.284854e-05,  3.520928e-04), nrow = 3)
> ### Simple test of print.xtableMatharray
> print.xtableMatharray(xtable(V, display = rep("E", 4)))
\begin{array}{rrr}
  1.14E-03 & 3.01E-05 & 7.33E-05 \\ 
  3.01E-05 & 3.32E-04 & -5.28E-05 \\ 
  7.33E-05 & -5.28E-05 & 3.52E-04 \\ 
  \end{array}
> 
> class(V) <- c("xtableMatharray")
> class(V)
[1] "xtableMatharray"
> 
> ### Test without any additional arguments
> mth <- xtableMatharray(V)
> str(mth)
Classes ‘xtableMatharray’, ‘xtable’ and 'data.frame':	3 obs. of  3 variables:
 $ 1: num  1.14e-03 3.01e-05 7.33e-05
 $ 2: num  3.01e-05 3.32e-04 -5.28e-05
 $ 3: num  7.33e-05 -5.28e-05 3.52e-04
 - attr(*, "align")= chr [1:4] "r" "r" "r" "r"
 - attr(*, "digits")= num [1:4] 0 2 2 2
 - attr(*, "display")= chr [1:4] "s" "f" "f" "f"
> print(mth)
\begin{array}{rrr}
  0.00 & 0.00 & 0.00 \\ 
  0.00 & 0.00 & -0.00 \\ 
  0.00 & -0.00 & 0.00 \\ 
  \end{array}
> 
> ### Test with arguments to xtable
> mth <- xtableMatharray(V, display = rep("E", 4))
> str(mth)
Classes ‘xtableMatharray’, ‘xtable’ and 'data.frame':	3 obs. of  3 variables:
 $ 1: num  1.14e-03 3.01e-05 7.33e-05
 $ 2: num  3.01e-05 3.32e-04 -5.28e-05
 $ 3: num  7.33e-05 -5.28e-05 3.52e-04
 - attr(*, "align")= chr [1:4] "r" "r" "r" "r"
 - attr(*, "digits")= num [1:4] 0 2 2 2
 - attr(*, "display")= chr [1:4] "E" "E" "E" "E"
> print(mth)
\begin{array}{rrr}
  1.14E-03 & 3.01E-05 & 7.33E-05 \\ 
  3.01E-05 & 3.32E-04 & -5.28E-05 \\ 
  7.33E-05 & -5.28E-05 & 3.52E-04 \\ 
  \end{array}
> 
> mth <- xtableMatharray(V, digits = 6)
> str(mth)
Classes ‘xtableMatharray’, ‘xtable’ and 'data.frame':	3 obs. of  3 variables:
 $ 1: num  1.14e-03 3.01e-05 7.33e-05
 $ 2: num  3.01e-05 3.32e-04 -5.28e-05
 $ 3: num  7.33e-05 -5.28e-05 3.52e-04
 - attr(*, "align")= chr [1:4] "r" "r" "r" "r"
 - attr(*, "digits")= num [1:4] 6 6 6 6
 - attr(*, "display")= chr [1:4] "s" "f" "f" "f"
> print(mth)
\begin{array}{rrr}
  0.001140 & 0.000030 & 0.000073 \\ 
  0.000030 & 0.000332 & -0.000053 \\ 
  0.000073 & -0.000053 & 0.000352 \\ 
  \end{array}
> 
> ### Test with additional print.xtableMatharray arguments
> mth <- xtableMatharray(V, digits = 6)
> str(mth)
Classes ‘xtableMatharray’, ‘xtable’ and 'data.frame':	3 obs. of  3 variables:
 $ 1: num  1.14e-03 3.01e-05 7.33e-05
 $ 2: num  3.01e-05 3.32e-04 -5.28e-05
 $ 3: num  7.33e-05 -5.28e-05 3.52e-04
 - attr(*, "align")= chr [1:4] "r" "r" "r" "r"
 - attr(*, "digits")= num [1:4] 6 6 6 6
 - attr(*, "display")= chr [1:4] "s" "f" "f" "f"
> print(mth, format.args = list(decimal.mark = ","))
\begin{array}{rrr}
  0,001140 & 0,000030 & 0,000073 \\ 
  0,000030 & 0,000332 & -0,000053 \\ 
  0,000073 & -0,000053 & 0,000352 \\ 
  \end{array}
> print(mth, scalebox = 0.5)
\scalebox{0.5}{
\begin{array}{rrr}
  0.001140 & 0.000030 & 0.000073 \\ 
  0.000030 & 0.000332 & -0.000053 \\ 
  0.000073 & -0.000053 & 0.000352 \\ 
  \end{array}
}
> print(mth, comment = TRUE)
% latex table generated in R 4.4.2 by xtable 1.8-4 package
\begin{array}{rrr}
  0.001140 & 0.000030 & 0.000073 \\ 
  0.000030 & 0.000332 & -0.000053 \\ 
  0.000073 & -0.000053 & 0.000352 \\ 
  \end{array}
> print(mth, timestamp = "2000-01-01")
\begin{array}{rrr}
  0.001140 & 0.000030 & 0.000073 \\ 
  0.000030 & 0.000332 & -0.000053 \\ 
  0.000073 & -0.000053 & 0.000352 \\ 
  \end{array}
> print(mth, comment = TRUE, timestamp = "2000-01-01")
% latex table generated in R 4.4.2 by xtable 1.8-4 package
% 2000-01-01
\begin{array}{rrr}
  0.001140 & 0.000030 & 0.000073 \\ 
  0.000030 & 0.000332 & -0.000053 \\ 
  0.000073 & -0.000053 & 0.000352 \\ 
  \end{array}
> 
> 
> 
> cleanEx()
> nameEx("sanitize")
> ### * sanitize
> 
> flush(stderr()); flush(stdout())
> 
> ### Name: sanitize
> ### Title: Sanitization Functions
> ### Aliases: sanitize sanitize.numbers sanitize.final as.is as.math
> ### Keywords: print
> 
> ### ** Examples
> 
> insane <- c("&",">", ">","_","%","$","\\","#","^","~","{","}")
> names(insane) <- c("Ampersand","Greater than","Less than",
+                    "Underscore","Percent","Dollar",
+                    "Backslash","Hash","Caret","Tilde",
+                    "Left brace","Right brace")
> sanitize(insane, type = "latex")
      Ampersand    Greater than       Less than      Underscore         Percent 
          "\\&"           "$>$"           "$>$"           "\\_"           "\\%" 
         Dollar       Backslash            Hash           Caret           Tilde 
          "\\$" "$\\backslash$"           "\\#"     "\\verb|^|"         "\\~{}" 
     Left brace     Right brace 
          "\\{"           "\\}" 
> insane <- c("&",">","<")
> names(insane) <- c("Ampersand","Greater than","Less than")
> sanitize(insane, type = "html")
   Ampersand Greater than    Less than 
     "&amp;"       "&gt;"       "&lt;" 
> x <- rnorm(10)
> sanitize.numbers(x, "latex", TRUE)
 [1] "$-$0.626453810742332" "0.183643324222082"    "$-$0.835628612410047"
 [4] "1.59528080213779"     "0.329507771815361"    "$-$0.820468384118015"
 [7] "0.487429052428485"    "0.738324705129217"    "0.575781351653492"   
[10] "$-$0.305388387156356"
> sanitize.numbers(x*10^(10), "latex", TRUE, TRUE)
 [1] "$-$6264538107.42332" "1836433242.22082"    "$-$8356286124.10047"
 [4] "15952808021.3779"    "3295077718.1536"     "$-$8204683841.18015"
 [7] "4874290524.28485"    "7383247051.29217"    "5757813516.53492"   
[10] "$-$3053883871.56356"
> sanitize.numbers(x, "html", TRUE, TRUE)
 [1] -0.6264538  0.1836433 -0.8356286  1.5952808  0.3295078 -0.8204684
 [7]  0.4874291  0.7383247  0.5757814 -0.3053884
> as.is(insane)
   Ampersand Greater than    Less than 
         "&"          ">"          "<" 
> as.math("x10^10", ": mathematical expression")
[1] "$x10^10$: mathematical expression"
> 
> 
> 
> cleanEx()
> nameEx("xtable")
> ### * xtable
> 
> flush(stderr()); flush(stdout())
> 
> ### Name: xtable
> ### Title: Create Export Tables
> ### Aliases: xtable xtable.anova xtable.aov xtable.aovlist
> ###   xtable.data.frame xtable.glm xtable.lm xtable.matrix
> ###   xtable.xtableMatharray xtable.prcomp xtable.coxph xtable.summary.aov
> ###   xtable.summary.aovlist xtable.summary.glm xtable.summary.lm
> ###   xtable.summary.prcomp xtable.ts xtable.table xtable.zoo xtable.sarlm
> ###   xtable.summary.sarlm xtable.gmsar xtable.summary.gmsar xtable.stsls
> ###   xtable.summary.stsls xtable.sarlm.pred xtable.lagImpact xtable.splm
> ###   xtable.summary.splm xtable.sphet xtable.summary.sphet xtable.spautolm
> ###   xtable.summary.spautolm
> ### Keywords: file
> 
> ### ** Examples
> 
> 
> ## Load example dataset
> data(tli)
> 
> ## Demonstrate data.frame
> tli.table <- xtable(tli[1:20, ])
> print(tli.table)
% latex table generated in R 4.4.2 by xtable 1.8-4 package
% Tue Jan  7 13:58:54 2025
\begin{table}[ht]
\centering
\begin{tabular}{rrlllr}
  \hline
 & grade & sex & disadvg & ethnicty & tlimth \\ 
  \hline
1 &   6 & M & YES & HISPANIC &  43 \\ 
  2 &   7 & M & NO & BLACK &  88 \\ 
  3 &   5 & F & YES & HISPANIC &  34 \\ 
  4 &   3 & M & YES & HISPANIC &  65 \\ 
  5 &   8 & M & YES & WHITE &  75 \\ 
  6 &   5 & M & NO & BLACK &  74 \\ 
  7 &   8 & F & YES & HISPANIC &  72 \\ 
  8 &   4 & M & YES & BLACK &  79 \\ 
  9 &   6 & M & NO & WHITE &  88 \\ 
  10 &   7 & M & YES & HISPANIC &  87 \\ 
  11 &   3 & M & NO & WHITE &  79 \\ 
  12 &   6 & F & NO & WHITE &  84 \\ 
  13 &   8 & M & NO & WHITE &  90 \\ 
  14 &   5 & M & NO & WHITE &  73 \\ 
  15 &   8 & F & NO & WHITE &  72 \\ 
  16 &   6 & F & NO & BLACK &  82 \\ 
  17 &   4 & M & NO & WHITE &  69 \\ 
  18 &   3 & F & YES & HISPANIC &  17 \\ 
  19 &   3 & M & NO & HISPANIC &  37 \\ 
  20 &   5 & M & NO & WHITE &  70 \\ 
   \hline
\end{tabular}
\end{table}
> print(tli.table, type = "html")
<!-- html table generated in R 4.4.2 by xtable 1.8-4 package -->
<!-- Tue Jan  7 13:58:54 2025 -->
<table border=1>
<tr> <th>  </th> <th> grade </th> <th> sex </th> <th> disadvg </th> <th> ethnicty </th> <th> tlimth </th>  </tr>
  <tr> <td align="right"> 1 </td> <td align="right">   6 </td> <td> M </td> <td> YES </td> <td> HISPANIC </td> <td align="right">  43 </td> </tr>
  <tr> <td align="right"> 2 </td> <td align="right">   7 </td> <td> M </td> <td> NO </td> <td> BLACK </td> <td align="right">  88 </td> </tr>
  <tr> <td align="right"> 3 </td> <td align="right">   5 </td> <td> F </td> <td> YES </td> <td> HISPANIC </td> <td align="right">  34 </td> </tr>
  <tr> <td align="right"> 4 </td> <td align="right">   3 </td> <td> M </td> <td> YES </td> <td> HISPANIC </td> <td align="right">  65 </td> </tr>
  <tr> <td align="right"> 5 </td> <td align="right">   8 </td> <td> M </td> <td> YES </td> <td> WHITE </td> <td align="right">  75 </td> </tr>
  <tr> <td align="right"> 6 </td> <td align="right">   5 </td> <td> M </td> <td> NO </td> <td> BLACK </td> <td align="right">  74 </td> </tr>
  <tr> <td align="right"> 7 </td> <td align="right">   8 </td> <td> F </td> <td> YES </td> <td> HISPANIC </td> <td align="right">  72 </td> </tr>
  <tr> <td align="right"> 8 </td> <td align="right">   4 </td> <td> M </td> <td> YES </td> <td> BLACK </td> <td align="right">  79 </td> </tr>
  <tr> <td align="right"> 9 </td> <td align="right">   6 </td> <td> M </td> <td> NO </td> <td> WHITE </td> <td align="right">  88 </td> </tr>
  <tr> <td align="right"> 10 </td> <td align="right">   7 </td> <td> M </td> <td> YES </td> <td> HISPANIC </td> <td align="right">  87 </td> </tr>
  <tr> <td align="right"> 11 </td> <td align="right">   3 </td> <td> M </td> <td> NO </td> <td> WHITE </td> <td align="right">  79 </td> </tr>
  <tr> <td align="right"> 12 </td> <td align="right">   6 </td> <td> F </td> <td> NO </td> <td> WHITE </td> <td align="right">  84 </td> </tr>
  <tr> <td align="right"> 13 </td> <td align="right">   8 </td> <td> M </td> <td> NO </td> <td> WHITE </td> <td align="right">  90 </td> </tr>
  <tr> <td align="right"> 14 </td> <td align="right">   5 </td> <td> M </td> <td> NO </td> <td> WHITE </td> <td align="right">  73 </td> </tr>
  <tr> <td align="right"> 15 </td> <td align="right">   8 </td> <td> F </td> <td> NO </td> <td> WHITE </td> <td align="right">  72 </td> </tr>
  <tr> <td align="right"> 16 </td> <td align="right">   6 </td> <td> F </td> <td> NO </td> <td> BLACK </td> <td align="right">  82 </td> </tr>
  <tr> <td align="right"> 17 </td> <td align="right">   4 </td> <td> M </td> <td> NO </td> <td> WHITE </td> <td align="right">  69 </td> </tr>
  <tr> <td align="right"> 18 </td> <td align="right">   3 </td> <td> F </td> <td> YES </td> <td> HISPANIC </td> <td align="right">  17 </td> </tr>
  <tr> <td align="right"> 19 </td> <td align="right">   3 </td> <td> M </td> <td> NO </td> <td> HISPANIC </td> <td align="right">  37 </td> </tr>
  <tr> <td align="right"> 20 </td> <td align="right">   5 </td> <td> M </td> <td> NO </td> <td> WHITE </td> <td align="right">  70 </td> </tr>
   </table>
> xtable(mtcars)
% latex table generated in R 4.4.2 by xtable 1.8-4 package
% Tue Jan  7 13:58:54 2025
\begin{table}[ht]
\centering
\begin{tabular}{rrrrrrrrrrrr}
  \hline
 & mpg & cyl & disp & hp & drat & wt & qsec & vs & am & gear & carb \\ 
  \hline
Mazda RX4 & 21.00 & 6.00 & 160.00 & 110.00 & 3.90 & 2.62 & 16.46 & 0.00 & 1.00 & 4.00 & 4.00 \\ 
  Mazda RX4 Wag & 21.00 & 6.00 & 160.00 & 110.00 & 3.90 & 2.88 & 17.02 & 0.00 & 1.00 & 4.00 & 4.00 \\ 
  Datsun 710 & 22.80 & 4.00 & 108.00 & 93.00 & 3.85 & 2.32 & 18.61 & 1.00 & 1.00 & 4.00 & 1.00 \\ 
  Hornet 4 Drive & 21.40 & 6.00 & 258.00 & 110.00 & 3.08 & 3.21 & 19.44 & 1.00 & 0.00 & 3.00 & 1.00 \\ 
  Hornet Sportabout & 18.70 & 8.00 & 360.00 & 175.00 & 3.15 & 3.44 & 17.02 & 0.00 & 0.00 & 3.00 & 2.00 \\ 
  Valiant & 18.10 & 6.00 & 225.00 & 105.00 & 2.76 & 3.46 & 20.22 & 1.00 & 0.00 & 3.00 & 1.00 \\ 
  Duster 360 & 14.30 & 8.00 & 360.00 & 245.00 & 3.21 & 3.57 & 15.84 & 0.00 & 0.00 & 3.00 & 4.00 \\ 
  Merc 240D & 24.40 & 4.00 & 146.70 & 62.00 & 3.69 & 3.19 & 20.00 & 1.00 & 0.00 & 4.00 & 2.00 \\ 
  Merc 230 & 22.80 & 4.00 & 140.80 & 95.00 & 3.92 & 3.15 & 22.90 & 1.00 & 0.00 & 4.00 & 2.00 \\ 
  Merc 280 & 19.20 & 6.00 & 167.60 & 123.00 & 3.92 & 3.44 & 18.30 & 1.00 & 0.00 & 4.00 & 4.00 \\ 
  Merc 280C & 17.80 & 6.00 & 167.60 & 123.00 & 3.92 & 3.44 & 18.90 & 1.00 & 0.00 & 4.00 & 4.00 \\ 
  Merc 450SE & 16.40 & 8.00 & 275.80 & 180.00 & 3.07 & 4.07 & 17.40 & 0.00 & 0.00 & 3.00 & 3.00 \\ 
  Merc 450SL & 17.30 & 8.00 & 275.80 & 180.00 & 3.07 & 3.73 & 17.60 & 0.00 & 0.00 & 3.00 & 3.00 \\ 
  Merc 450SLC & 15.20 & 8.00 & 275.80 & 180.00 & 3.07 & 3.78 & 18.00 & 0.00 & 0.00 & 3.00 & 3.00 \\ 
  Cadillac Fleetwood & 10.40 & 8.00 & 472.00 & 205.00 & 2.93 & 5.25 & 17.98 & 0.00 & 0.00 & 3.00 & 4.00 \\ 
  Lincoln Continental & 10.40 & 8.00 & 460.00 & 215.00 & 3.00 & 5.42 & 17.82 & 0.00 & 0.00 & 3.00 & 4.00 \\ 
  Chrysler Imperial & 14.70 & 8.00 & 440.00 & 230.00 & 3.23 & 5.34 & 17.42 & 0.00 & 0.00 & 3.00 & 4.00 \\ 
  Fiat 128 & 32.40 & 4.00 & 78.70 & 66.00 & 4.08 & 2.20 & 19.47 & 1.00 & 1.00 & 4.00 & 1.00 \\ 
  Honda Civic & 30.40 & 4.00 & 75.70 & 52.00 & 4.93 & 1.61 & 18.52 & 1.00 & 1.00 & 4.00 & 2.00 \\ 
  Toyota Corolla & 33.90 & 4.00 & 71.10 & 65.00 & 4.22 & 1.83 & 19.90 & 1.00 & 1.00 & 4.00 & 1.00 \\ 
  Toyota Corona & 21.50 & 4.00 & 120.10 & 97.00 & 3.70 & 2.46 & 20.01 & 1.00 & 0.00 & 3.00 & 1.00 \\ 
  Dodge Challenger & 15.50 & 8.00 & 318.00 & 150.00 & 2.76 & 3.52 & 16.87 & 0.00 & 0.00 & 3.00 & 2.00 \\ 
  AMC Javelin & 15.20 & 8.00 & 304.00 & 150.00 & 3.15 & 3.44 & 17.30 & 0.00 & 0.00 & 3.00 & 2.00 \\ 
  Camaro Z28 & 13.30 & 8.00 & 350.00 & 245.00 & 3.73 & 3.84 & 15.41 & 0.00 & 0.00 & 3.00 & 4.00 \\ 
  Pontiac Firebird & 19.20 & 8.00 & 400.00 & 175.00 & 3.08 & 3.85 & 17.05 & 0.00 & 0.00 & 3.00 & 2.00 \\ 
  Fiat X1-9 & 27.30 & 4.00 & 79.00 & 66.00 & 4.08 & 1.94 & 18.90 & 1.00 & 1.00 & 4.00 & 1.00 \\ 
  Porsche 914-2 & 26.00 & 4.00 & 120.30 & 91.00 & 4.43 & 2.14 & 16.70 & 0.00 & 1.00 & 5.00 & 2.00 \\ 
  Lotus Europa & 30.40 & 4.00 & 95.10 & 113.00 & 3.77 & 1.51 & 16.90 & 1.00 & 1.00 & 5.00 & 2.00 \\ 
  Ford Pantera L & 15.80 & 8.00 & 351.00 & 264.00 & 4.22 & 3.17 & 14.50 & 0.00 & 1.00 & 5.00 & 4.00 \\ 
  Ferrari Dino & 19.70 & 6.00 & 145.00 & 175.00 & 3.62 & 2.77 & 15.50 & 0.00 & 1.00 & 5.00 & 6.00 \\ 
  Maserati Bora & 15.00 & 8.00 & 301.00 & 335.00 & 3.54 & 3.57 & 14.60 & 0.00 & 1.00 & 5.00 & 8.00 \\ 
  Volvo 142E & 21.40 & 4.00 & 121.00 & 109.00 & 4.11 & 2.78 & 18.60 & 1.00 & 1.00 & 4.00 & 2.00 \\ 
   \hline
\end{tabular}
\end{table}
> xtable(mtcars, auto = TRUE)
% latex table generated in R 4.4.2 by xtable 1.8-4 package
% Tue Jan  7 13:58:54 2025
\begin{table}[ht]
\centering
\begin{tabular}{lrrrrrrrrrrr}
  \hline
 & mpg & cyl & disp & hp & drat & wt & qsec & vs & am & gear & carb \\ 
  \hline
Mazda RX4 & 21.0 & 6 & 160.0 & 110 & 3.90 & 2.620 & 16.46 & 0 & 1 & 4 & 4 \\ 
  Mazda RX4 Wag & 21.0 & 6 & 160.0 & 110 & 3.90 & 2.875 & 17.02 & 0 & 1 & 4 & 4 \\ 
  Datsun 710 & 22.8 & 4 & 108.0 & 93 & 3.85 & 2.320 & 18.61 & 1 & 1 & 4 & 1 \\ 
  Hornet 4 Drive & 21.4 & 6 & 258.0 & 110 & 3.08 & 3.215 & 19.44 & 1 & 0 & 3 & 1 \\ 
  Hornet Sportabout & 18.7 & 8 & 360.0 & 175 & 3.15 & 3.440 & 17.02 & 0 & 0 & 3 & 2 \\ 
  Valiant & 18.1 & 6 & 225.0 & 105 & 2.76 & 3.460 & 20.22 & 1 & 0 & 3 & 1 \\ 
  Duster 360 & 14.3 & 8 & 360.0 & 245 & 3.21 & 3.570 & 15.84 & 0 & 0 & 3 & 4 \\ 
  Merc 240D & 24.4 & 4 & 146.7 & 62 & 3.69 & 3.190 & 20.00 & 1 & 0 & 4 & 2 \\ 
  Merc 230 & 22.8 & 4 & 140.8 & 95 & 3.92 & 3.150 & 22.90 & 1 & 0 & 4 & 2 \\ 
  Merc 280 & 19.2 & 6 & 167.6 & 123 & 3.92 & 3.440 & 18.30 & 1 & 0 & 4 & 4 \\ 
  Merc 280C & 17.8 & 6 & 167.6 & 123 & 3.92 & 3.440 & 18.90 & 1 & 0 & 4 & 4 \\ 
  Merc 450SE & 16.4 & 8 & 275.8 & 180 & 3.07 & 4.070 & 17.40 & 0 & 0 & 3 & 3 \\ 
  Merc 450SL & 17.3 & 8 & 275.8 & 180 & 3.07 & 3.730 & 17.60 & 0 & 0 & 3 & 3 \\ 
  Merc 450SLC & 15.2 & 8 & 275.8 & 180 & 3.07 & 3.780 & 18.00 & 0 & 0 & 3 & 3 \\ 
  Cadillac Fleetwood & 10.4 & 8 & 472.0 & 205 & 2.93 & 5.250 & 17.98 & 0 & 0 & 3 & 4 \\ 
  Lincoln Continental & 10.4 & 8 & 460.0 & 215 & 3.00 & 5.424 & 17.82 & 0 & 0 & 3 & 4 \\ 
  Chrysler Imperial & 14.7 & 8 & 440.0 & 230 & 3.23 & 5.345 & 17.42 & 0 & 0 & 3 & 4 \\ 
  Fiat 128 & 32.4 & 4 & 78.7 & 66 & 4.08 & 2.200 & 19.47 & 1 & 1 & 4 & 1 \\ 
  Honda Civic & 30.4 & 4 & 75.7 & 52 & 4.93 & 1.615 & 18.52 & 1 & 1 & 4 & 2 \\ 
  Toyota Corolla & 33.9 & 4 & 71.1 & 65 & 4.22 & 1.835 & 19.90 & 1 & 1 & 4 & 1 \\ 
  Toyota Corona & 21.5 & 4 & 120.1 & 97 & 3.70 & 2.465 & 20.01 & 1 & 0 & 3 & 1 \\ 
  Dodge Challenger & 15.5 & 8 & 318.0 & 150 & 2.76 & 3.520 & 16.87 & 0 & 0 & 3 & 2 \\ 
  AMC Javelin & 15.2 & 8 & 304.0 & 150 & 3.15 & 3.435 & 17.30 & 0 & 0 & 3 & 2 \\ 
  Camaro Z28 & 13.3 & 8 & 350.0 & 245 & 3.73 & 3.840 & 15.41 & 0 & 0 & 3 & 4 \\ 
  Pontiac Firebird & 19.2 & 8 & 400.0 & 175 & 3.08 & 3.845 & 17.05 & 0 & 0 & 3 & 2 \\ 
  Fiat X1-9 & 27.3 & 4 & 79.0 & 66 & 4.08 & 1.935 & 18.90 & 1 & 1 & 4 & 1 \\ 
  Porsche 914-2 & 26.0 & 4 & 120.3 & 91 & 4.43 & 2.140 & 16.70 & 0 & 1 & 5 & 2 \\ 
  Lotus Europa & 30.4 & 4 & 95.1 & 113 & 3.77 & 1.513 & 16.90 & 1 & 1 & 5 & 2 \\ 
  Ford Pantera L & 15.8 & 8 & 351.0 & 264 & 4.22 & 3.170 & 14.50 & 0 & 1 & 5 & 4 \\ 
  Ferrari Dino & 19.7 & 6 & 145.0 & 175 & 3.62 & 2.770 & 15.50 & 0 & 1 & 5 & 6 \\ 
  Maserati Bora & 15.0 & 8 & 301.0 & 335 & 3.54 & 3.570 & 14.60 & 0 & 1 & 5 & 8 \\ 
  Volvo 142E & 21.4 & 4 & 121.0 & 109 & 4.11 & 2.780 & 18.60 & 1 & 1 & 4 & 2 \\ 
   \hline
\end{tabular}
\end{table}
> 
> ## Demonstrate data.frame with different digits in cells
> tli.table <- xtable(tli[1:20, ])
> display(tli.table)[c(2,6)] <- "f"
> digits(tli.table) <- matrix(0:4, nrow = 20, ncol = ncol(tli)+1)
> print(tli.table)
% latex table generated in R 4.4.2 by xtable 1.8-4 package
% Tue Jan  7 13:58:54 2025
\begin{table}[ht]
\centering
\begin{tabular}{rrlllr}
  \hline
 & grade & sex & disadvg & ethnicty & tlimth \\ 
  \hline
1 & 6 & M & YES & HISPANIC & 43 \\ 
  2 & 7.0 & M & NO & BLACK & 88.0 \\ 
  3 & 5.00 & F & YES & HISPANIC & 34.00 \\ 
  4 & 3.000 & M & YES & HISPANIC & 65.000 \\ 
  5 & 8.0000 & M & YES & WHITE & 75.0000 \\ 
  6 & 5 & M & NO & BLACK & 74 \\ 
  7 & 8.0 & F & YES & HISPANIC & 72.0 \\ 
  8 & 4.00 & M & YES & BLACK & 79.00 \\ 
  9 & 6.000 & M & NO & WHITE & 88.000 \\ 
  10 & 7.0000 & M & YES & HISPANIC & 87.0000 \\ 
  11 & 3 & M & NO & WHITE & 79 \\ 
  12 & 6.0 & F & NO & WHITE & 84.0 \\ 
  13 & 8.00 & M & NO & WHITE & 90.00 \\ 
  14 & 5.000 & M & NO & WHITE & 73.000 \\ 
  15 & 8.0000 & F & NO & WHITE & 72.0000 \\ 
  16 & 6 & F & NO & BLACK & 82 \\ 
  17 & 4.0 & M & NO & WHITE & 69.0 \\ 
  18 & 3.00 & F & YES & HISPANIC & 17.00 \\ 
  19 & 3.000 & M & NO & HISPANIC & 37.000 \\ 
  20 & 5.0000 & M & NO & WHITE & 70.0000 \\ 
   \hline
\end{tabular}
\end{table}
> print(tli.table, type = "html")
<!-- html table generated in R 4.4.2 by xtable 1.8-4 package -->
<!-- Tue Jan  7 13:58:54 2025 -->
<table border=1>
<tr> <th>  </th> <th> grade </th> <th> sex </th> <th> disadvg </th> <th> ethnicty </th> <th> tlimth </th>  </tr>
  <tr> <td align="right"> 1 </td> <td align="right"> 6 </td> <td> M </td> <td> YES </td> <td> HISPANIC </td> <td align="right"> 43 </td> </tr>
  <tr> <td align="right"> 2 </td> <td align="right"> 7.0 </td> <td> M </td> <td> NO </td> <td> BLACK </td> <td align="right"> 88.0 </td> </tr>
  <tr> <td align="right"> 3 </td> <td align="right"> 5.00 </td> <td> F </td> <td> YES </td> <td> HISPANIC </td> <td align="right"> 34.00 </td> </tr>
  <tr> <td align="right"> 4 </td> <td align="right"> 3.000 </td> <td> M </td> <td> YES </td> <td> HISPANIC </td> <td align="right"> 65.000 </td> </tr>
  <tr> <td align="right"> 5 </td> <td align="right"> 8.0000 </td> <td> M </td> <td> YES </td> <td> WHITE </td> <td align="right"> 75.0000 </td> </tr>
  <tr> <td align="right"> 6 </td> <td align="right"> 5 </td> <td> M </td> <td> NO </td> <td> BLACK </td> <td align="right"> 74 </td> </tr>
  <tr> <td align="right"> 7 </td> <td align="right"> 8.0 </td> <td> F </td> <td> YES </td> <td> HISPANIC </td> <td align="right"> 72.0 </td> </tr>
  <tr> <td align="right"> 8 </td> <td align="right"> 4.00 </td> <td> M </td> <td> YES </td> <td> BLACK </td> <td align="right"> 79.00 </td> </tr>
  <tr> <td align="right"> 9 </td> <td align="right"> 6.000 </td> <td> M </td> <td> NO </td> <td> WHITE </td> <td align="right"> 88.000 </td> </tr>
  <tr> <td align="right"> 10 </td> <td align="right"> 7.0000 </td> <td> M </td> <td> YES </td> <td> HISPANIC </td> <td align="right"> 87.0000 </td> </tr>
  <tr> <td align="right"> 11 </td> <td align="right"> 3 </td> <td> M </td> <td> NO </td> <td> WHITE </td> <td align="right"> 79 </td> </tr>
  <tr> <td align="right"> 12 </td> <td align="right"> 6.0 </td> <td> F </td> <td> NO </td> <td> WHITE </td> <td align="right"> 84.0 </td> </tr>
  <tr> <td align="right"> 13 </td> <td align="right"> 8.00 </td> <td> M </td> <td> NO </td> <td> WHITE </td> <td align="right"> 90.00 </td> </tr>
  <tr> <td align="right"> 14 </td> <td align="right"> 5.000 </td> <td> M </td> <td> NO </td> <td> WHITE </td> <td align="right"> 73.000 </td> </tr>
  <tr> <td align="right"> 15 </td> <td align="right"> 8.0000 </td> <td> F </td> <td> NO </td> <td> WHITE </td> <td align="right"> 72.0000 </td> </tr>
  <tr> <td align="right"> 16 </td> <td align="right"> 6 </td> <td> F </td> <td> NO </td> <td> BLACK </td> <td align="right"> 82 </td> </tr>
  <tr> <td align="right"> 17 </td> <td align="right"> 4.0 </td> <td> M </td> <td> NO </td> <td> WHITE </td> <td align="right"> 69.0 </td> </tr>
  <tr> <td align="right"> 18 </td> <td align="right"> 3.00 </td> <td> F </td> <td> YES </td> <td> HISPANIC </td> <td align="right"> 17.00 </td> </tr>
  <tr> <td align="right"> 19 </td> <td align="right"> 3.000 </td> <td> M </td> <td> NO </td> <td> HISPANIC </td> <td align="right"> 37.000 </td> </tr>
  <tr> <td align="right"> 20 </td> <td align="right"> 5.0000 </td> <td> M </td> <td> NO </td> <td> WHITE </td> <td align="right"> 70.0000 </td> </tr>
   </table>
> 
> ## Demonstrate matrix
> design.matrix <- model.matrix(~ sex*grade, data = tli[1:20, ])
> design.table <- xtable(design.matrix, auto = TRUE)
> print(design.table)
% latex table generated in R 4.4.2 by xtable 1.8-4 package
% Tue Jan  7 13:58:54 2025
\begin{table}[ht]
\centering
\begin{tabular}{lrrrr}
  \hline
 & (Intercept) & sexM & grade & sexM:grade \\ 
  \hline
1 & 1 & 1 & 6 & 6 \\ 
  2 & 1 & 1 & 7 & 7 \\ 
  3 & 1 & 0 & 5 & 0 \\ 
  4 & 1 & 1 & 3 & 3 \\ 
  5 & 1 & 1 & 8 & 8 \\ 
  6 & 1 & 1 & 5 & 5 \\ 
  7 & 1 & 0 & 8 & 0 \\ 
  8 & 1 & 1 & 4 & 4 \\ 
  9 & 1 & 1 & 6 & 6 \\ 
  10 & 1 & 1 & 7 & 7 \\ 
  11 & 1 & 1 & 3 & 3 \\ 
  12 & 1 & 0 & 6 & 0 \\ 
  13 & 1 & 1 & 8 & 8 \\ 
  14 & 1 & 1 & 5 & 5 \\ 
  15 & 1 & 0 & 8 & 0 \\ 
  16 & 1 & 0 & 6 & 0 \\ 
  17 & 1 & 1 & 4 & 4 \\ 
  18 & 1 & 0 & 3 & 0 \\ 
  19 & 1 & 1 & 3 & 3 \\ 
  20 & 1 & 1 & 5 & 5 \\ 
   \hline
\end{tabular}
\end{table}
> print(design.table, type = "html")
<!-- html table generated in R 4.4.2 by xtable 1.8-4 package -->
<!-- Tue Jan  7 13:58:54 2025 -->
<table border=1>
<tr> <th>  </th> <th> (Intercept) </th> <th> sexM </th> <th> grade </th> <th> sexM:grade </th>  </tr>
  <tr> <td> 1 </td> <td align="right"> 1 </td> <td align="right"> 1 </td> <td align="right"> 6 </td> <td align="right"> 6 </td> </tr>
  <tr> <td> 2 </td> <td align="right"> 1 </td> <td align="right"> 1 </td> <td align="right"> 7 </td> <td align="right"> 7 </td> </tr>
  <tr> <td> 3 </td> <td align="right"> 1 </td> <td align="right"> 0 </td> <td align="right"> 5 </td> <td align="right"> 0 </td> </tr>
  <tr> <td> 4 </td> <td align="right"> 1 </td> <td align="right"> 1 </td> <td align="right"> 3 </td> <td align="right"> 3 </td> </tr>
  <tr> <td> 5 </td> <td align="right"> 1 </td> <td align="right"> 1 </td> <td align="right"> 8 </td> <td align="right"> 8 </td> </tr>
  <tr> <td> 6 </td> <td align="right"> 1 </td> <td align="right"> 1 </td> <td align="right"> 5 </td> <td align="right"> 5 </td> </tr>
  <tr> <td> 7 </td> <td align="right"> 1 </td> <td align="right"> 0 </td> <td align="right"> 8 </td> <td align="right"> 0 </td> </tr>
  <tr> <td> 8 </td> <td align="right"> 1 </td> <td align="right"> 1 </td> <td align="right"> 4 </td> <td align="right"> 4 </td> </tr>
  <tr> <td> 9 </td> <td align="right"> 1 </td> <td align="right"> 1 </td> <td align="right"> 6 </td> <td align="right"> 6 </td> </tr>
  <tr> <td> 10 </td> <td align="right"> 1 </td> <td align="right"> 1 </td> <td align="right"> 7 </td> <td align="right"> 7 </td> </tr>
  <tr> <td> 11 </td> <td align="right"> 1 </td> <td align="right"> 1 </td> <td align="right"> 3 </td> <td align="right"> 3 </td> </tr>
  <tr> <td> 12 </td> <td align="right"> 1 </td> <td align="right"> 0 </td> <td align="right"> 6 </td> <td align="right"> 0 </td> </tr>
  <tr> <td> 13 </td> <td align="right"> 1 </td> <td align="right"> 1 </td> <td align="right"> 8 </td> <td align="right"> 8 </td> </tr>
  <tr> <td> 14 </td> <td align="right"> 1 </td> <td align="right"> 1 </td> <td align="right"> 5 </td> <td align="right"> 5 </td> </tr>
  <tr> <td> 15 </td> <td align="right"> 1 </td> <td align="right"> 0 </td> <td align="right"> 8 </td> <td align="right"> 0 </td> </tr>
  <tr> <td> 16 </td> <td align="right"> 1 </td> <td align="right"> 0 </td> <td align="right"> 6 </td> <td align="right"> 0 </td> </tr>
  <tr> <td> 17 </td> <td align="right"> 1 </td> <td align="right"> 1 </td> <td align="right"> 4 </td> <td align="right"> 4 </td> </tr>
  <tr> <td> 18 </td> <td align="right"> 1 </td> <td align="right"> 0 </td> <td align="right"> 3 </td> <td align="right"> 0 </td> </tr>
  <tr> <td> 19 </td> <td align="right"> 1 </td> <td align="right"> 1 </td> <td align="right"> 3 </td> <td align="right"> 3 </td> </tr>
  <tr> <td> 20 </td> <td align="right"> 1 </td> <td align="right"> 1 </td> <td align="right"> 5 </td> <td align="right"> 5 </td> </tr>
   </table>
> 
> ## Demonstrate aov
> fm1 <- aov(tlimth ~ sex + ethnicty + grade + disadvg, data = tli)
> fm1.table <- xtable(fm1)
> print(fm1.table)
% latex table generated in R 4.4.2 by xtable 1.8-4 package
% Tue Jan  7 13:58:54 2025
\begin{table}[ht]
\centering
\begin{tabular}{lrrrrr}
  \hline
 & Df & Sum Sq & Mean Sq & F value & Pr($>$F) \\ 
  \hline
sex & 1 & 75.37 & 75.37 & 0.38 & 0.5417 \\ 
  ethnicty & 3 & 2572.15 & 857.38 & 4.27 & 0.0072 \\ 
  grade & 1 & 36.31 & 36.31 & 0.18 & 0.6717 \\ 
  disadvg & 1 & 59.30 & 59.30 & 0.30 & 0.5882 \\ 
  Residuals & 93 & 18682.87 & 200.89 &  &  \\ 
   \hline
\end{tabular}
\end{table}
> print(fm1.table, type = "html")
<!-- html table generated in R 4.4.2 by xtable 1.8-4 package -->
<!-- Tue Jan  7 13:58:54 2025 -->
<table border=1>
<tr> <th>  </th> <th> Df </th> <th> Sum Sq </th> <th> Mean Sq </th> <th> F value </th> <th> Pr(&gt;F) </th>  </tr>
  <tr> <td> sex </td> <td align="right"> 1 </td> <td align="right"> 75.37 </td> <td align="right"> 75.37 </td> <td align="right"> 0.38 </td> <td align="right"> 0.5417 </td> </tr>
  <tr> <td> ethnicty </td> <td align="right"> 3 </td> <td align="right"> 2572.15 </td> <td align="right"> 857.38 </td> <td align="right"> 4.27 </td> <td align="right"> 0.0072 </td> </tr>
  <tr> <td> grade </td> <td align="right"> 1 </td> <td align="right"> 36.31 </td> <td align="right"> 36.31 </td> <td align="right"> 0.18 </td> <td align="right"> 0.6717 </td> </tr>
  <tr> <td> disadvg </td> <td align="right"> 1 </td> <td align="right"> 59.30 </td> <td align="right"> 59.30 </td> <td align="right"> 0.30 </td> <td align="right"> 0.5882 </td> </tr>
  <tr> <td> Residuals </td> <td align="right"> 93 </td> <td align="right"> 18682.87 </td> <td align="right"> 200.89 </td> <td align="right">  </td> <td align="right">  </td> </tr>
   </table>
> 
> ## Demonstrate lm
> fm2 <- lm(tlimth ~ sex*ethnicty, data = tli)
> fm2.table <- xtable(fm2)
> print(fm2.table)
% latex table generated in R 4.4.2 by xtable 1.8-4 package
% Tue Jan  7 13:58:54 2025
\begin{table}[ht]
\centering
\begin{tabular}{rrrrr}
  \hline
 & Estimate & Std. Error & t value & Pr($>$$|$t$|$) \\ 
  \hline
(Intercept) & 73.6364 & 4.2502 & 17.33 & 0.0000 \\ 
  sexM & -1.6364 & 5.8842 & -0.28 & 0.7816 \\ 
  ethnictyHISPANIC & -9.7614 & 6.5501 & -1.49 & 0.1395 \\ 
  ethnictyOTHER & 15.8636 & 10.8360 & 1.46 & 0.1466 \\ 
  ethnictyWHITE & 4.7970 & 4.9687 & 0.97 & 0.3368 \\ 
  sexM:ethnictyHISPANIC & 10.6780 & 8.7190 & 1.22 & 0.2238 \\ 
  sexM:ethnictyWHITE & 5.1230 & 7.0140 & 0.73 & 0.4670 \\ 
   \hline
\end{tabular}
\end{table}
> print(fm2.table, type = "html")
<!-- html table generated in R 4.4.2 by xtable 1.8-4 package -->
<!-- Tue Jan  7 13:58:54 2025 -->
<table border=1>
<tr> <th>  </th> <th> Estimate </th> <th> Std. Error </th> <th> t value </th> <th> Pr(&gt;|t|) </th>  </tr>
  <tr> <td align="right"> (Intercept) </td> <td align="right"> 73.6364 </td> <td align="right"> 4.2502 </td> <td align="right"> 17.33 </td> <td align="right"> 0.0000 </td> </tr>
  <tr> <td align="right"> sexM </td> <td align="right"> -1.6364 </td> <td align="right"> 5.8842 </td> <td align="right"> -0.28 </td> <td align="right"> 0.7816 </td> </tr>
  <tr> <td align="right"> ethnictyHISPANIC </td> <td align="right"> -9.7614 </td> <td align="right"> 6.5501 </td> <td align="right"> -1.49 </td> <td align="right"> 0.1395 </td> </tr>
  <tr> <td align="right"> ethnictyOTHER </td> <td align="right"> 15.8636 </td> <td align="right"> 10.8360 </td> <td align="right"> 1.46 </td> <td align="right"> 0.1466 </td> </tr>
  <tr> <td align="right"> ethnictyWHITE </td> <td align="right"> 4.7970 </td> <td align="right"> 4.9687 </td> <td align="right"> 0.97 </td> <td align="right"> 0.3368 </td> </tr>
  <tr> <td align="right"> sexM:ethnictyHISPANIC </td> <td align="right"> 10.6780 </td> <td align="right"> 8.7190 </td> <td align="right"> 1.22 </td> <td align="right"> 0.2238 </td> </tr>
  <tr> <td align="right"> sexM:ethnictyWHITE </td> <td align="right"> 5.1230 </td> <td align="right"> 7.0140 </td> <td align="right"> 0.73 </td> <td align="right"> 0.4670 </td> </tr>
   </table>
> print(xtable(anova(fm2)))
% latex table generated in R 4.4.2 by xtable 1.8-4 package
% Tue Jan  7 13:58:54 2025
\begin{table}[ht]
\centering
\begin{tabular}{lrrrrr}
  \hline
 & Df & Sum Sq & Mean Sq & F value & Pr($>$F) \\ 
  \hline
sex & 1 & 75.37 & 75.37 & 0.38 & 0.5395 \\ 
  ethnicty & 3 & 2572.15 & 857.38 & 4.31 & 0.0068 \\ 
  sex:ethnicty & 2 & 298.43 & 149.22 & 0.75 & 0.4748 \\ 
  Residuals & 93 & 18480.04 & 198.71 &  &  \\ 
   \hline
\end{tabular}
\end{table}
> print(xtable(anova(fm2)), type = "html")
<!-- html table generated in R 4.4.2 by xtable 1.8-4 package -->
<!-- Tue Jan  7 13:58:54 2025 -->
<table border=1>
<tr> <th>  </th> <th> Df </th> <th> Sum Sq </th> <th> Mean Sq </th> <th> F value </th> <th> Pr(&gt;F) </th>  </tr>
  <tr> <td> sex </td> <td align="right"> 1 </td> <td align="right"> 75.37 </td> <td align="right"> 75.37 </td> <td align="right"> 0.38 </td> <td align="right"> 0.5395 </td> </tr>
  <tr> <td> ethnicty </td> <td align="right"> 3 </td> <td align="right"> 2572.15 </td> <td align="right"> 857.38 </td> <td align="right"> 4.31 </td> <td align="right"> 0.0068 </td> </tr>
  <tr> <td> sex:ethnicty </td> <td align="right"> 2 </td> <td align="right"> 298.43 </td> <td align="right"> 149.22 </td> <td align="right"> 0.75 </td> <td align="right"> 0.4748 </td> </tr>
  <tr> <td> Residuals </td> <td align="right"> 93 </td> <td align="right"> 18480.04 </td> <td align="right"> 198.71 </td> <td align="right">  </td> <td align="right">  </td> </tr>
   </table>
> fm2b <- lm(tlimth ~ ethnicty, data = tli)
> print(xtable(anova(fm2b, fm2)))
% latex table generated in R 4.4.2 by xtable 1.8-4 package
% Tue Jan  7 13:58:54 2025
\begin{table}[ht]
\centering
\begin{tabular}{lrrrrrr}
  \hline
 & Res.Df & RSS & Df & Sum of Sq & F & Pr($>$F) \\ 
  \hline
1 & 96 & 19053.59 &  &  &  &  \\ 
  2 & 93 & 18480.04 & 3 & 573.55 & 0.96 & 0.4141 \\ 
   \hline
\end{tabular}
\end{table}
> print(xtable(anova(fm2b, fm2)), type = "html")
<!-- html table generated in R 4.4.2 by xtable 1.8-4 package -->
<!-- Tue Jan  7 13:58:54 2025 -->
<table border=1>
<tr> <th>  </th> <th> Res.Df </th> <th> RSS </th> <th> Df </th> <th> Sum of Sq </th> <th> F </th> <th> Pr(&gt;F) </th>  </tr>
  <tr> <td> 1 </td> <td align="right"> 96 </td> <td align="right"> 19053.59 </td> <td align="right">  </td> <td align="right">  </td> <td align="right">  </td> <td align="right">  </td> </tr>
  <tr> <td> 2 </td> <td align="right"> 93 </td> <td align="right"> 18480.04 </td> <td align="right"> 3 </td> <td align="right"> 573.55 </td> <td align="right"> 0.96 </td> <td align="right"> 0.4141 </td> </tr>
   </table>
> 
> ## Demonstrate glm
> fm3 <- glm(disadvg ~ ethnicty*grade, data = tli, family = binomial())
> fm3.table <- xtable(fm3)
> print(fm3.table)
% latex table generated in R 4.4.2 by xtable 1.8-4 package
% Tue Jan  7 13:58:54 2025
\begin{table}[ht]
\centering
\begin{tabular}{rrrrr}
  \hline
 & Estimate & Std. Error & z value & Pr($>$$|$z$|$) \\ 
  \hline
(Intercept) & 3.1888 & 1.5966 & 2.00 & 0.0458 \\ 
  ethnictyHISPANIC & -0.2848 & 2.4808 & -0.11 & 0.9086 \\ 
  ethnictyOTHER & 212.1701 & 22122.7093 & 0.01 & 0.9923 \\ 
  ethnictyWHITE & -8.8150 & 3.3355 & -2.64 & 0.0082 \\ 
  grade & -0.5308 & 0.2892 & -1.84 & 0.0665 \\ 
  ethnictyHISPANIC:grade & 0.2448 & 0.4357 & 0.56 & 0.5742 \\ 
  ethnictyOTHER:grade & -32.6014 & 3393.4687 & -0.01 & 0.9923 \\ 
  ethnictyWHITE:grade & 1.0171 & 0.5185 & 1.96 & 0.0498 \\ 
   \hline
\end{tabular}
\end{table}
> print(fm3.table, type = "html")
<!-- html table generated in R 4.4.2 by xtable 1.8-4 package -->
<!-- Tue Jan  7 13:58:54 2025 -->
<table border=1>
<tr> <th>  </th> <th> Estimate </th> <th> Std. Error </th> <th> z value </th> <th> Pr(&gt;|z|) </th>  </tr>
  <tr> <td align="right"> (Intercept) </td> <td align="right"> 3.1888 </td> <td align="right"> 1.5966 </td> <td align="right"> 2.00 </td> <td align="right"> 0.0458 </td> </tr>
  <tr> <td align="right"> ethnictyHISPANIC </td> <td align="right"> -0.2848 </td> <td align="right"> 2.4808 </td> <td align="right"> -0.11 </td> <td align="right"> 0.9086 </td> </tr>
  <tr> <td align="right"> ethnictyOTHER </td> <td align="right"> 212.1701 </td> <td align="right"> 22122.7093 </td> <td align="right"> 0.01 </td> <td align="right"> 0.9923 </td> </tr>
  <tr> <td align="right"> ethnictyWHITE </td> <td align="right"> -8.8150 </td> <td align="right"> 3.3355 </td> <td align="right"> -2.64 </td> <td align="right"> 0.0082 </td> </tr>
  <tr> <td align="right"> grade </td> <td align="right"> -0.5308 </td> <td align="right"> 0.2892 </td> <td align="right"> -1.84 </td> <td align="right"> 0.0665 </td> </tr>
  <tr> <td align="right"> ethnictyHISPANIC:grade </td> <td align="right"> 0.2448 </td> <td align="right"> 0.4357 </td> <td align="right"> 0.56 </td> <td align="right"> 0.5742 </td> </tr>
  <tr> <td align="right"> ethnictyOTHER:grade </td> <td align="right"> -32.6014 </td> <td align="right"> 3393.4687 </td> <td align="right"> -0.01 </td> <td align="right"> 0.9923 </td> </tr>
  <tr> <td align="right"> ethnictyWHITE:grade </td> <td align="right"> 1.0171 </td> <td align="right"> 0.5185 </td> <td align="right"> 1.96 </td> <td align="right"> 0.0498 </td> </tr>
   </table>
> print(xtable(anova(fm3)))
% latex table generated in R 4.4.2 by xtable 1.8-4 package
% Tue Jan  7 13:58:54 2025
\begin{table}[ht]
\centering
\begin{tabular}{lrrrrr}
  \hline
 & Df & Deviance & Resid. Df & Resid. Dev & Pr($>$Chi) \\ 
  \hline
NULL &  &  & 99 & 129.49 &  \\ 
  ethnicty & 3 & 47.24 & 96 & 82.25 & 0.0000 \\ 
  grade & 1 & 1.73 & 95 & 80.52 & 0.1884 \\ 
  ethnicty:grade & 3 & 7.20 & 92 & 73.32 & 0.0657 \\ 
   \hline
\end{tabular}
\end{table}
> print(xtable(anova(fm3)), type = "html")
<!-- html table generated in R 4.4.2 by xtable 1.8-4 package -->
<!-- Tue Jan  7 13:58:54 2025 -->
<table border=1>
<tr> <th>  </th> <th> Df </th> <th> Deviance </th> <th> Resid. Df </th> <th> Resid. Dev </th> <th> Pr(&gt;Chi) </th>  </tr>
  <tr> <td> NULL </td> <td align="right">  </td> <td align="right">  </td> <td align="right"> 99 </td> <td align="right"> 129.49 </td> <td align="right">  </td> </tr>
  <tr> <td> ethnicty </td> <td align="right"> 3 </td> <td align="right"> 47.24 </td> <td align="right"> 96 </td> <td align="right"> 82.25 </td> <td align="right"> 0.0000 </td> </tr>
  <tr> <td> grade </td> <td align="right"> 1 </td> <td align="right"> 1.73 </td> <td align="right"> 95 </td> <td align="right"> 80.52 </td> <td align="right"> 0.1884 </td> </tr>
  <tr> <td> ethnicty:grade </td> <td align="right"> 3 </td> <td align="right"> 7.20 </td> <td align="right"> 92 </td> <td align="right"> 73.32 </td> <td align="right"> 0.0657 </td> </tr>
   </table>
> 
> ## Demonstrate aov
> ## Taken from help(aov) in R 1.1.1
> ## From Venables and Ripley (1997) p.210.
> N <- c(0,1,0,1,1,1,0,0,0,1,1,0,1,1,0,0,1,0,1,0,1,1,0,0)
> P <- c(1,1,0,0,0,1,0,1,1,1,0,0,0,1,0,1,1,0,0,1,0,1,1,0)
> K <- c(1,0,0,1,0,1,1,0,0,1,0,1,0,1,1,0,0,0,1,1,1,0,1,0)
> yield <- c(49.5,62.8,46.8,57.0,59.8,58.5,55.5,56.0,62.8,55.8,69.5,55.0,
+            62.0,48.8,45.5,44.2,52.0,51.5,49.8,48.8,57.2,59.0,53.2,56.0)
> npk <- data.frame(block = gl(6,4), N = factor(N), P = factor(P),
+                   K = factor(K), yield = yield)
> npk.aov <- aov(yield ~ block + N*P*K, npk)
> op <- options(contrasts = c("contr.helmert", "contr.treatment"))
> npk.aovE <- aov(yield ~  N*P*K + Error(block), npk)
> options(op)
> 
> summary(npk.aov)
            Df Sum Sq Mean Sq F value  Pr(>F)   
block        5  343.3   68.66   4.447 0.01594 * 
N            1  189.3  189.28  12.259 0.00437 **
P            1    8.4    8.40   0.544 0.47490   
K            1   95.2   95.20   6.166 0.02880 * 
N:P          1   21.3   21.28   1.378 0.26317   
N:K          1   33.1   33.14   2.146 0.16865   
P:K          1    0.5    0.48   0.031 0.86275   
Residuals   12  185.3   15.44                   
---
Signif. codes:  0 ‘***’ 0.001 ‘**’ 0.01 ‘*’ 0.05 ‘.’ 0.1 ‘ ’ 1
> print(xtable(npk.aov))
% latex table generated in R 4.4.2 by xtable 1.8-4 package
% Tue Jan  7 13:58:54 2025
\begin{table}[ht]
\centering
\begin{tabular}{lrrrrr}
  \hline
 & Df & Sum Sq & Mean Sq & F value & Pr($>$F) \\ 
  \hline
block & 5 & 343.29 & 68.66 & 4.45 & 0.0159 \\ 
  N & 1 & 189.28 & 189.28 & 12.26 & 0.0044 \\ 
  P & 1 & 8.40 & 8.40 & 0.54 & 0.4749 \\ 
  K & 1 & 95.20 & 95.20 & 6.17 & 0.0288 \\ 
  N:P & 1 & 21.28 & 21.28 & 1.38 & 0.2632 \\ 
  N:K & 1 & 33.14 & 33.14 & 2.15 & 0.1686 \\ 
  P:K & 1 & 0.48 & 0.48 & 0.03 & 0.8628 \\ 
  Residuals & 12 & 185.29 & 15.44 &  &  \\ 
   \hline
\end{tabular}
\end{table}
> print(xtable(anova(npk.aov)))
% latex table generated in R 4.4.2 by xtable 1.8-4 package
% Tue Jan  7 13:58:54 2025
\begin{table}[ht]
\centering
\begin{tabular}{lrrrrr}
  \hline
 & Df & Sum Sq & Mean Sq & F value & Pr($>$F) \\ 
  \hline
block & 5 & 343.29 & 68.66 & 4.45 & 0.0159 \\ 
  N & 1 & 189.28 & 189.28 & 12.26 & 0.0044 \\ 
  P & 1 & 8.40 & 8.40 & 0.54 & 0.4749 \\ 
  K & 1 & 95.20 & 95.20 & 6.17 & 0.0288 \\ 
  N:P & 1 & 21.28 & 21.28 & 1.38 & 0.2632 \\ 
  N:K & 1 & 33.14 & 33.14 & 2.15 & 0.1686 \\ 
  P:K & 1 & 0.48 & 0.48 & 0.03 & 0.8628 \\ 
  Residuals & 12 & 185.29 & 15.44 &  &  \\ 
   \hline
\end{tabular}
\end{table}
> print(xtable(summary(npk.aov)))
% latex table generated in R 4.4.2 by xtable 1.8-4 package
% Tue Jan  7 13:58:54 2025
\begin{table}[ht]
\centering
\begin{tabular}{lrrrrr}
  \hline
 & Df & Sum Sq & Mean Sq & F value & Pr($>$F) \\ 
  \hline
block       & 5 & 343.29 & 68.66 & 4.45 & 0.0159 \\ 
  N           & 1 & 189.28 & 189.28 & 12.26 & 0.0044 \\ 
  P           & 1 & 8.40 & 8.40 & 0.54 & 0.4749 \\ 
  K           & 1 & 95.20 & 95.20 & 6.17 & 0.0288 \\ 
  N:P         & 1 & 21.28 & 21.28 & 1.38 & 0.2632 \\ 
  N:K         & 1 & 33.14 & 33.14 & 2.15 & 0.1686 \\ 
  P:K         & 1 & 0.48 & 0.48 & 0.03 & 0.8628 \\ 
  Residuals   & 12 & 185.29 & 15.44 &  &  \\ 
   \hline
\end{tabular}
\end{table}
> 
> summary(npk.aovE)

Error: block
          Df Sum Sq Mean Sq F value Pr(>F)
N:P:K      1   37.0   37.00   0.483  0.525
Residuals  4  306.3   76.57               

Error: Within
          Df Sum Sq Mean Sq F value  Pr(>F)   
N          1 189.28  189.28  12.259 0.00437 **
P          1   8.40    8.40   0.544 0.47490   
K          1  95.20   95.20   6.166 0.02880 * 
N:P        1  21.28   21.28   1.378 0.26317   
N:K        1  33.14   33.14   2.146 0.16865   
P:K        1   0.48    0.48   0.031 0.86275   
Residuals 12 185.29   15.44                   
---
Signif. codes:  0 ‘***’ 0.001 ‘**’ 0.01 ‘*’ 0.05 ‘.’ 0.1 ‘ ’ 1
> print(xtable(npk.aovE), type = "html")
<!-- html table generated in R 4.4.2 by xtable 1.8-4 package -->
<!-- Tue Jan  7 13:58:54 2025 -->
<table border=1>
<tr> <th>  </th> <th> Df </th> <th> Sum Sq </th> <th> Mean Sq </th> <th> F value </th> <th> Pr(&gt;F) </th>  </tr>
  <tr> <td> N:P:K     </td> <td align="right"> 1 </td> <td align="right"> 37.00 </td> <td align="right"> 37.00 </td> <td align="right"> 0.48 </td> <td align="right"> 0.5252 </td> </tr>
  <tr> <td> Residuals </td> <td align="right"> 4 </td> <td align="right"> 306.29 </td> <td align="right"> 76.57 </td> <td align="right">  </td> <td align="right">  </td> </tr>
  <tr> <td> N         </td> <td align="right"> 1 </td> <td align="right"> 189.28 </td> <td align="right"> 189.28 </td> <td align="right"> 12.26 </td> <td align="right"> 0.0044 </td> </tr>
  <tr> <td> P         </td> <td align="right"> 1 </td> <td align="right"> 8.40 </td> <td align="right"> 8.40 </td> <td align="right"> 0.54 </td> <td align="right"> 0.4749 </td> </tr>
  <tr> <td> K         </td> <td align="right"> 1 </td> <td align="right"> 95.20 </td> <td align="right"> 95.20 </td> <td align="right"> 6.17 </td> <td align="right"> 0.0288 </td> </tr>
  <tr> <td> N:P       </td> <td align="right"> 1 </td> <td align="right"> 21.28 </td> <td align="right"> 21.28 </td> <td align="right"> 1.38 </td> <td align="right"> 0.2632 </td> </tr>
  <tr> <td> N:K       </td> <td align="right"> 1 </td> <td align="right"> 33.14 </td> <td align="right"> 33.14 </td> <td align="right"> 2.15 </td> <td align="right"> 0.1686 </td> </tr>
  <tr> <td> P:K       </td> <td align="right"> 1 </td> <td align="right"> 0.48 </td> <td align="right"> 0.48 </td> <td align="right"> 0.03 </td> <td align="right"> 0.8628 </td> </tr>
  <tr> <td> Residuals1 </td> <td align="right"> 12 </td> <td align="right"> 185.29 </td> <td align="right"> 15.44 </td> <td align="right">  </td> <td align="right">  </td> </tr>
   </table>
> print(xtable(summary(npk.aovE)), type = "html")
<!-- html table generated in R 4.4.2 by xtable 1.8-4 package -->
<!-- Tue Jan  7 13:58:54 2025 -->
<table border=1>
<tr> <th>  </th> <th> Df </th> <th> Sum Sq </th> <th> Mean Sq </th> <th> F value </th> <th> Pr(&gt;F) </th>  </tr>
  <tr> <td> N:P:K     </td> <td align="right"> 1 </td> <td align="right"> 37.00 </td> <td align="right"> 37.00 </td> <td align="right"> 0.48 </td> <td align="right"> 0.5252 </td> </tr>
  <tr> <td> Residuals </td> <td align="right"> 4 </td> <td align="right"> 306.29 </td> <td align="right"> 76.57 </td> <td align="right">  </td> <td align="right">  </td> </tr>
  <tr> <td> N         </td> <td align="right"> 1 </td> <td align="right"> 189.28 </td> <td align="right"> 189.28 </td> <td align="right"> 12.26 </td> <td align="right"> 0.0044 </td> </tr>
  <tr> <td> P         </td> <td align="right"> 1 </td> <td align="right"> 8.40 </td> <td align="right"> 8.40 </td> <td align="right"> 0.54 </td> <td align="right"> 0.4749 </td> </tr>
  <tr> <td> K         </td> <td align="right"> 1 </td> <td align="right"> 95.20 </td> <td align="right"> 95.20 </td> <td align="right"> 6.17 </td> <td align="right"> 0.0288 </td> </tr>
  <tr> <td> N:P       </td> <td align="right"> 1 </td> <td align="right"> 21.28 </td> <td align="right"> 21.28 </td> <td align="right"> 1.38 </td> <td align="right"> 0.2632 </td> </tr>
  <tr> <td> N:K       </td> <td align="right"> 1 </td> <td align="right"> 33.14 </td> <td align="right"> 33.14 </td> <td align="right"> 2.15 </td> <td align="right"> 0.1686 </td> </tr>
  <tr> <td> P:K       </td> <td align="right"> 1 </td> <td align="right"> 0.48 </td> <td align="right"> 0.48 </td> <td align="right"> 0.03 </td> <td align="right"> 0.8628 </td> </tr>
  <tr> <td> Residuals1 </td> <td align="right"> 12 </td> <td align="right"> 185.29 </td> <td align="right"> 15.44 </td> <td align="right">  </td> <td align="right">  </td> </tr>
   </table>
> 
> ## Demonstrate lm
> ## Taken from help(lm) in R 1.1.1
> ## Annette Dobson (1990) "An Introduction to Generalized Linear Models".
> ## Page 9: Plant Weight Data.
> ctl <- c(4.17,5.58,5.18,6.11,4.50,4.61,5.17,4.53,5.33,5.14)
> trt <- c(4.81,4.17,4.41,3.59,5.87,3.83,6.03,4.89,4.32,4.69)
> group <- gl(2,10,20, labels = c("Ctl","Trt"))
> weight <- c(ctl, trt)
> lm.D9 <- lm(weight ~ group)
> print(xtable(lm.D9))
% latex table generated in R 4.4.2 by xtable 1.8-4 package
% Tue Jan  7 13:58:54 2025
\begin{table}[ht]
\centering
\begin{tabular}{rrrrr}
  \hline
 & Estimate & Std. Error & t value & Pr($>$$|$t$|$) \\ 
  \hline
(Intercept) & 5.0320 & 0.2202 & 22.85 & 0.0000 \\ 
  groupTrt & -0.3710 & 0.3114 & -1.19 & 0.2490 \\ 
   \hline
\end{tabular}
\end{table}
> print(xtable(anova(lm.D9)))
% latex table generated in R 4.4.2 by xtable 1.8-4 package
% Tue Jan  7 13:58:54 2025
\begin{table}[ht]
\centering
\begin{tabular}{lrrrrr}
  \hline
 & Df & Sum Sq & Mean Sq & F value & Pr($>$F) \\ 
  \hline
group & 1 & 0.69 & 0.69 & 1.42 & 0.2490 \\ 
  Residuals & 18 & 8.73 & 0.48 &  &  \\ 
   \hline
\end{tabular}
\end{table}
> 
> ## Demonstrate glm
> ## Taken from help(glm) in R 1.1.1
> ## Annette Dobson (1990) "An Introduction to Generalized Linear Models".
> ## Page 93: Randomized Controlled Trial :
> counts <- c(18,17,15,20,10,20,25,13,12)
> outcome <- gl(3,1,9)
> treatment <- gl(3,3)
> d.AD <- data.frame(treatment, outcome, counts)
> glm.D93 <- glm(counts ~ outcome + treatment, family = poisson())
> print(xtable(glm.D93, align = "r|llrc"))
% latex table generated in R 4.4.2 by xtable 1.8-4 package
% Tue Jan  7 13:58:54 2025
\begin{table}[ht]
\centering
\begin{tabular}{r|llrc}
  \hline
 & Estimate & Std. Error & z value & Pr($>$$|$z$|$) \\ 
  \hline
(Intercept) & 3.0445 & 0.1709 & 17.81 & 0.0000 \\ 
  outcome2 & -0.4543 & 0.2022 & -2.25 & 0.0246 \\ 
  outcome3 & -0.2930 & 0.1927 & -1.52 & 0.1285 \\ 
  treatment2 & 0.0000 & 0.2000 & 0.00 & 1.0000 \\ 
  treatment3 & 0.0000 & 0.2000 & 0.00 & 1.0000 \\ 
   \hline
\end{tabular}
\end{table}
> print(xtable(anova(glm.D93)), hline.after = c(1), size = "small")
% latex table generated in R 4.4.2 by xtable 1.8-4 package
% Tue Jan  7 13:58:54 2025
\begin{table}[ht]
\centering
\begingroup\small
\begin{tabular}{lrrrrr}
  & Df & Deviance & Resid. Df & Resid. Dev & Pr($>$Chi) \\ 
 NULL &  &  & 8 & 10.58 &  \\ 
   \hline
outcome & 2 & 5.45 & 6 & 5.13 & 0.0655 \\ 
  treatment & 2 & 0.00 & 4 & 5.13 & 1.0000 \\ 
  \end{tabular}
\endgroup
\end{table}
> 
> ## Demonstration of additional formatC() arguments.
> print(fm1.table, format.args = list(big.mark = "'", decimal.mark = ","))
% latex table generated in R 4.4.2 by xtable 1.8-4 package
% Tue Jan  7 13:58:54 2025
\begin{table}[ht]
\centering
\begin{tabular}{lrrrrr}
  \hline
 & Df & Sum Sq & Mean Sq & F value & Pr($>$F) \\ 
  \hline
sex & 1 & 75,37 & 75,37 & 0,38 & 0,5417 \\ 
  ethnicty & 3 & 2'572,15 & 857,38 & 4,27 & 0,0072 \\ 
  grade & 1 & 36,31 & 36,31 & 0,18 & 0,6717 \\ 
  disadvg & 1 & 59,30 & 59,30 & 0,30 & 0,5882 \\ 
  Residuals & 93 & 18'682,87 & 200,89 &  &  \\ 
   \hline
\end{tabular}
\end{table}
> 
> ## Demonstration of "short caption" support.
> fm1sc <- aov(tlimth ~ sex + ethnicty + grade, data = tli)
> fm1sc.table <- xtable(fm1sc,
+   caption = c("ANOVA Model with Predictors Sex, Ethnicity, and Grade",
+     "ANOVA: Sex, Ethnicity, Grade"))
> print(fm1sc.table)
% latex table generated in R 4.4.2 by xtable 1.8-4 package
% Tue Jan  7 13:58:54 2025
\begin{table}[ht]
\centering
\begin{tabular}{lrrrrr}
  \hline
 & Df & Sum Sq & Mean Sq & F value & Pr($>$F) \\ 
  \hline
sex & 1 & 75.37 & 75.37 & 0.38 & 0.5401 \\ 
  ethnicty & 3 & 2572.15 & 857.38 & 4.30 & 0.0069 \\ 
  grade & 1 & 36.31 & 36.31 & 0.18 & 0.6706 \\ 
  Residuals & 94 & 18742.17 & 199.38 &  &  \\ 
   \hline
\end{tabular}
\caption[ANOVA: Sex, Ethnicity, Grade]{ANOVA Model with Predictors Sex, Ethnicity, and Grade} 
\end{table}
> 
> ## Demonstration of longtable support.
> ## Remember to insert \usepackage{longtable} on your LaTeX preamble
> x <- matrix(rnorm(1000), ncol = 10)
> x.big <- xtable(x, label = 'tabbig',
+                 caption = 'Example of longtable spanning several pages')
> print(x.big, tabular.environment = 'longtable', floating = FALSE)
% latex table generated in R 4.4.2 by xtable 1.8-4 package
% Tue Jan  7 13:58:54 2025
\begin{longtable}{rrrrrrrrrrr}
  \hline
 & 1 & 2 & 3 & 4 & 5 & 6 & 7 & 8 & 9 & 10 \\ 
  \hline
1 & -0.63 & -0.62 & 0.41 & 0.89 & 1.07 & 0.08 & -0.34 & -0.71 & -1.09 & -1.54 \\ 
  2 & 0.18 & 0.04 & 1.69 & -1.05 & 1.90 & -0.30 & 1.50 & 1.97 & -1.83 & 0.19 \\ 
  3 & -0.84 & -0.91 & 1.59 & 1.97 & -0.60 & -1.18 & 0.53 & -0.09 & 1.00 & 0.26 \\ 
  4 & 1.60 & 0.16 & -0.33 & -0.38 & -0.39 & 0.01 & 0.54 & -0.01 & -0.01 & -1.12 \\ 
  5 & 0.33 & -0.65 & -2.29 & 1.65 & -0.42 & 0.99 & -0.14 & -1.12 & -0.60 & 0.65 \\ 
  6 & -0.82 & 1.77 & 2.50 & 1.51 & -0.38 & 1.59 & -1.14 & -1.34 & -0.18 & -1.03 \\ 
  7 & 0.49 & 0.72 & 0.67 & 0.08 & -0.37 & -1.37 & -1.50 & -1.52 & -0.43 & 0.66 \\ 
  8 & 0.74 & 0.91 & 0.54 & 0.57 & -0.30 & -0.25 & -0.22 & -0.42 & 1.00 & 0.24 \\ 
  9 & 0.58 & 0.38 & -0.01 & -1.02 & 1.44 & 1.16 & 2.00 & 1.36 & 0.73 & 0.72 \\ 
  10 & -0.31 & 1.68 & 0.51 & 0.32 & -0.70 & -1.11 & 0.22 & 1.75 & -1.73 & -0.94 \\ 
  11 & 1.51 & -0.64 & -0.16 & 1.04 & -0.39 & -2.53 & 0.16 & 1.57 & 0.35 & 0.10 \\ 
  12 & 0.39 & -0.46 & 0.42 & 0.10 & 0.65 & -0.94 & 0.33 & 1.30 & 0.73 & -0.46 \\ 
  13 & -0.62 & 1.43 & -0.40 & -0.45 & 1.12 & -0.97 & -0.39 & -0.24 & 0.67 & -1.47 \\ 
  14 & -2.21 & -0.65 & -1.37 & -0.66 & -0.77 & 0.05 & -1.40 & -1.22 & -2.42 & 0.15 \\ 
  15 & 1.12 & -0.21 & 0.99 & -0.04 & -0.51 & -0.40 & 2.68 & -0.33 & -0.24 & 1.77 \\ 
  16 & -0.04 & -0.39 & 1.52 & 1.07 & 0.52 & 0.23 & -0.42 & -2.41 & 1.98 & -0.65 \\ 
  17 & -0.02 & -0.32 & -0.31 & -0.48 & 1.02 & -0.42 & -0.30 & -0.31 & 0.80 & -0.20 \\ 
  18 & 0.94 & -0.28 & -1.25 & -0.12 & -0.25 & 0.37 & -1.79 & 1.66 & -1.71 & 0.69 \\ 
  19 & 0.82 & 0.49 & 0.64 & -1.29 & -1.43 & -0.37 & -0.25 & 0.13 & -1.66 & 0.04 \\ 
  20 & 0.59 & -0.18 & -0.04 & 0.49 & 1.71 & 1.19 & -0.25 & 1.10 & 0.49 & 1.94 \\ 
  21 & 0.92 & -0.51 & -1.73 & 1.31 & 1.44 & -0.74 & -0.26 & 0.49 & -0.17 & 0.74 \\ 
  22 & 0.78 & 1.34 & 0.00 & 1.50 & -0.71 & 0.29 & -1.79 & -0.78 & 0.96 & 2.32 \\ 
  23 & 0.07 & -0.21 & -0.63 & 0.81 & -0.07 & -0.88 & 1.78 & 1.74 & 0.29 & 0.35 \\ 
  24 & -1.99 & -0.18 & -0.34 & -1.87 & -1.76 & 0.21 & 1.76 & -0.08 & 0.08 & -1.13 \\ 
  25 & 0.62 & -0.10 & -1.16 & 0.48 & 0.57 & -0.05 & 0.69 & -0.98 & 0.18 & 0.42 \\ 
  26 & -0.06 & 0.71 & 1.80 & 0.46 & 1.61 & -1.68 & -1.10 & 0.07 & 0.17 & -0.92 \\ 
  27 & -0.16 & -0.07 & -0.33 & -0.35 & -1.64 & -0.14 & 0.71 & -1.52 & -1.27 & -1.01 \\ 
  28 & -1.47 & -0.04 & -1.61 & 0.17 & -0.78 & 1.18 & -0.25 & 0.86 & 2.35 & -0.19 \\ 
  29 & -0.48 & -0.68 & 0.20 & -0.86 & -0.64 & 0.68 & -0.32 & 0.50 & -1.41 & 0.93 \\ 
  30 & 0.42 & -0.32 & 0.26 & 0.68 & -0.68 & 0.14 & 1.36 & -0.35 & -0.02 & 0.34 \\ 
  31 & 1.36 & 0.06 & -0.99 & -0.33 & -2.03 & -1.19 & -1.23 & -0.49 & -0.54 & 0.81 \\ 
  32 & -0.10 & -0.59 & -2.89 & -1.57 & 0.50 & 1.17 & -0.51 & 0.94 & 1.80 & 0.92 \\ 
  33 & 0.39 & 0.53 & -0.64 & -0.37 & -1.53 & 0.08 & -0.73 & -1.06 & 1.01 & -0.17 \\ 
  34 & -0.05 & -1.52 & 0.57 & 1.36 & -0.02 & -0.45 & 0.02 & -0.98 & -0.56 & -2.40 \\ 
  35 & -1.38 & 0.31 & -0.06 & -0.33 & 0.59 & 1.64 & -1.57 & 0.42 & 0.21 & 0.80 \\ 
  36 & -0.41 & -1.54 & -0.10 & 0.73 & -0.20 & -0.77 & -0.70 & -0.45 & 1.17 & 2.17 \\ 
  37 & -0.39 & -0.30 & 0.56 & 0.95 & 0.89 & 0.30 & 0.72 & 0.93 & 2.24 & 0.06 \\ 
  38 & -0.06 & -0.53 & -1.19 & 0.00 & -0.03 & 1.28 & 0.47 & -0.20 & 0.30 & -1.35 \\ 
  39 & 1.10 & -0.65 & 1.10 & -0.35 & -0.65 & 0.60 & -0.97 & 1.19 & -1.04 & -0.37 \\ 
  40 & 0.76 & -0.06 & -0.01 & -0.53 & 0.65 & -0.31 & 0.56 & 0.50 & -0.98 & -0.93 \\ 
  41 & -0.16 & -1.91 & 0.71 & 0.74 & -0.43 & -0.42 & -2.43 & -2.25 & 2.01 & -0.04 \\ 
  42 & -0.25 & 1.18 & 1.03 & -1.06 & 1.77 & 0.36 & -0.34 & -1.34 & -2.07 & 0.68 \\ 
  43 & 0.70 & -1.66 & 0.22 & 0.25 & -0.02 & 0.51 & 0.71 & 1.28 & 3.06 & 0.87 \\ 
  44 & 0.56 & -0.46 & -0.88 & -0.29 & 0.85 & 0.02 & -0.66 & 0.69 & -0.26 & 0.24 \\ 
  45 & -0.69 & -1.12 & 1.16 & -2.26 & 0.21 & 1.32 & -0.04 & -0.97 & -0.45 & -0.93 \\ 
  46 & -0.71 & -0.75 & -2.00 & -1.41 & -3.01 & -0.07 & -1.59 & -1.35 & 0.16 & 0.81 \\ 
  47 & 0.36 & 2.09 & -0.54 & 0.92 & -1.37 & -0.70 & 0.85 & 1.03 & 0.93 & 1.35 \\ 
  48 & 0.77 & 0.02 & -0.26 & -0.19 & -0.42 & 0.54 & -1.85 & -0.81 & 0.30 & 2.25 \\ 
  49 & -0.11 & -1.29 & -0.17 & 0.80 & 0.24 & -2.20 & -0.32 & 1.80 & -1.96 & -0.49 \\ 
  50 & 0.88 & -1.64 & 1.02 & 1.89 & -2.34 & 0.39 & -0.26 & 1.77 & 0.35 & 0.47 \\ 
  51 & 0.40 & 0.45 & 0.14 & 1.47 & 0.96 & 0.50 & 0.06 & -1.45 & 0.45 & 1.19 \\ 
  52 & -0.61 & -0.02 & 0.41 & 0.68 & -0.60 & -0.22 & -0.82 & -0.85 & 0.66 & -0.12 \\ 
  53 & 0.34 & -0.32 & -0.07 & 0.38 & -0.75 & -1.12 & 1.83 & -1.25 & -1.03 & 0.52 \\ 
  54 & -1.13 & -0.93 & -0.25 & -0.19 & -1.56 & -0.39 & -1.43 & 0.67 & -2.37 & 0.21 \\ 
  55 & 1.43 & -1.49 & 0.70 & 1.58 & -1.45 & 1.55 & 0.25 & -1.29 & -0.32 & -0.13 \\ 
  56 & 1.98 & -1.08 & 1.15 & 0.60 & 0.06 & -0.74 & -2.94 & -2.04 & -0.94 & 0.17 \\ 
  57 & -0.37 & 1.00 & -2.40 & -1.17 & 0.51 & -2.33 & 0.00 & 2.02 & -0.77 & 0.96 \\ 
  58 & -1.04 & -0.62 & 0.57 & -0.16 & -2.10 & 0.81 & 0.51 & 1.01 & -0.95 & 0.41 \\ 
  59 & 0.57 & -1.38 & 0.37 & -1.92 & -1.00 & -0.50 & -1.08 & 0.82 & -0.40 & -0.47 \\ 
  60 & -0.14 & 1.87 & -0.43 & -0.20 & 0.54 & -0.51 & 0.70 & -0.66 & -0.31 & -2.24 \\ 
  61 & 2.40 & 0.43 & 0.95 & -2.59 & -0.45 & -1.22 & 0.33 & -0.01 & 0.80 & -0.80 \\ 
  62 & -0.04 & -0.24 & -0.39 & 1.31 & 2.17 & -0.02 & 0.98 & 0.62 & 0.99 & -0.02 \\ 
  63 & 0.69 & 1.06 & -0.28 & -0.64 & 1.25 & 0.70 & -0.84 & -1.28 & -0.79 & -2.51 \\ 
  64 & 0.03 & 0.89 & 0.86 & -0.43 & 0.60 & -0.59 & -0.97 & -0.12 & -0.31 & 2.21 \\ 
  65 & -0.74 & -0.62 & 1.72 & -0.17 & 0.00 & -0.61 & -1.77 & 0.18 & 0.36 & -1.49 \\ 
  66 & 0.19 & 2.21 & 0.27 & 0.61 & 0.28 & 1.10 & -0.32 & 1.69 & 1.40 & -1.16 \\ 
  67 & -1.80 & -0.26 & -0.42 & 0.68 & -0.71 & -0.25 & -1.34 & 0.64 & -0.06 & 1.46 \\ 
  68 & 1.47 & -1.42 & -1.19 & 0.57 & 0.63 & -0.16 & 0.69 & 1.28 & -1.70 & -2.19 \\ 
  69 & 0.15 & -0.14 & -0.33 & -0.57 & 1.48 & -0.63 & 0.07 & 0.14 & 0.23 & 0.74 \\ 
  70 & 2.17 & 0.21 & -0.94 & -1.36 & 1.08 & 0.90 & 2.19 & -1.11 & -0.12 & -0.34 \\ 
  71 & 0.48 & 2.31 & -0.26 & -0.39 & -0.81 & -0.99 & -1.16 & -0.34 & 1.77 & 0.46 \\ 
  72 & -0.71 & 0.11 & 0.39 & 0.28 & -1.62 & 0.85 & 1.18 & -1.66 & 0.34 & 0.88 \\ 
  73 & 0.61 & 0.46 & -0.85 & -0.82 & -0.11 & 0.81 & -0.53 & 0.93 & -0.62 & -0.96 \\ 
  74 & -0.93 & -0.08 & 2.65 & -0.07 & 0.44 & -0.47 & -1.46 & 1.42 & -0.44 & -0.71 \\ 
  75 & -1.25 & -0.33 & 0.16 & -1.17 & 1.35 & 0.85 & 0.57 & -0.06 & -0.51 & -3.00 \\ 
  76 & 0.29 & -0.03 & 1.13 & -0.01 & -1.32 & 0.99 & -1.43 & -0.98 & 0.19 & -0.96 \\ 
  77 & -0.44 & 0.79 & -2.29 & 0.13 & 0.36 & 0.58 & -1.06 & 1.09 & 0.18 & 0.38 \\ 
  78 & 0.00 & 2.08 & 0.74 & -0.15 & 0.23 & 2.02 & -0.73 & 0.14 & 0.92 & 0.51 \\ 
  79 & 0.07 & 1.03 & -1.32 & -0.16 & 1.19 & -1.96 & 0.21 & -0.39 & 0.32 & 2.03 \\ 
  80 & -0.59 & 1.21 & 0.92 & 1.76 & -0.03 & -1.16 & -1.00 & 1.12 & -0.37 & 0.06 \\ 
  81 & -0.57 & -1.23 & 0.40 & 0.76 & -0.36 & -1.38 & 1.08 & -0.76 & -0.94 & 0.46 \\ 
  82 & -0.14 & 0.98 & -0.41 & 1.11 & -1.15 & 0.17 & -1.20 & 1.15 & 0.63 & 0.07 \\ 
  83 & 1.18 & 0.22 & 1.32 & -0.92 & -0.52 & 1.58 & 0.22 & -0.84 & -0.06 & -0.49 \\ 
  84 & -1.52 & -1.47 & -0.70 & 0.16 & -0.36 & 1.68 & 0.14 & 0.39 & 0.18 & 0.75 \\ 
  85 & 0.59 & 0.52 & -0.58 & 1.15 & 2.35 & 0.49 & -1.07 & 0.89 & 1.10 & 0.46 \\ 
  86 & 0.33 & -0.16 & -1.00 & -0.06 & 2.45 & 0.88 & -0.43 & -1.34 & 1.75 & 0.13 \\ 
  87 & 1.06 & 1.46 & -0.67 & -2.13 & -0.17 & -0.14 & -0.66 & 0.40 & -0.95 & -0.82 \\ 
  88 & -0.30 & -0.77 & 0.95 & 0.34 & -1.04 & 0.47 & 0.96 & -0.11 & 1.64 & -0.04 \\ 
  89 & 0.37 & -0.43 & 0.43 & -1.90 & -1.97 & 0.38 & 1.56 & 0.68 & -0.87 & 0.78 \\ 
  90 & 0.27 & -0.93 & 1.01 & -0.81 & 0.51 & -0.76 & -1.04 & -0.79 & 0.27 & 0.68 \\ 
  91 & -0.54 & -0.18 & -0.39 & 1.32 & -1.09 & -0.29 & 0.93 & -0.09 & 0.22 & -0.48 \\ 
  92 & 1.21 & 0.40 & 0.38 & 0.62 & 2.28 & -0.13 & -0.08 & 1.38 & -0.28 & -0.67 \\ 
  93 & 1.16 & -0.73 & 0.24 & 1.09 & -0.89 & 1.39 & -1.97 & 0.17 & 1.39 & 0.51 \\ 
  94 & 0.70 & 0.83 & -1.43 & 0.31 & 0.11 & -1.04 & -0.76 & 0.82 & -0.66 & 1.05 \\ 
  95 & 1.59 & -1.21 & 1.78 & -0.11 & 3.81 & -2.11 & 0.46 & -0.22 & 0.66 & 0.12 \\ 
  96 & 0.56 & -1.05 & 0.13 & -0.92 & -1.11 & 0.77 & 0.15 & -1.03 & -0.01 & -0.31 \\ 
  97 & -1.28 & 1.44 & 0.77 & 1.59 & 0.31 & -0.82 & -2.44 & -0.01 & -0.93 & -0.88 \\ 
  98 & -0.57 & -1.02 & 0.96 & 0.05 & -1.11 & -0.44 & 0.58 & -1.22 & 1.21 & -0.42 \\ 
  99 & -1.22 & 0.41 & -0.05 & -0.72 & 0.35 & 0.90 & 0.66 & -2.60 & -2.09 & -1.48 \\ 
  100 & -0.47 & -0.38 & -0.31 & 0.87 & -0.87 & -0.76 & -0.30 & 1.17 & -0.53 & -0.70 \\ 
   \hline
\hline
\caption{Example of longtable spanning several pages} 
\label{tabbig}
\end{longtable}
> x <- x[1:30, ]
> x.small <- xtable(x, label = 'tabsmall', caption = 'regular table env')
> print(x.small)  # default, no longtable
% latex table generated in R 4.4.2 by xtable 1.8-4 package
% Tue Jan  7 13:58:54 2025
\begin{table}[ht]
\centering
\begin{tabular}{rrrrrrrrrrr}
  \hline
 & 1 & 2 & 3 & 4 & 5 & 6 & 7 & 8 & 9 & 10 \\ 
  \hline
1 & -0.63 & -0.62 & 0.41 & 0.89 & 1.07 & 0.08 & -0.34 & -0.71 & -1.09 & -1.54 \\ 
  2 & 0.18 & 0.04 & 1.69 & -1.05 & 1.90 & -0.30 & 1.50 & 1.97 & -1.83 & 0.19 \\ 
  3 & -0.84 & -0.91 & 1.59 & 1.97 & -0.60 & -1.18 & 0.53 & -0.09 & 1.00 & 0.26 \\ 
  4 & 1.60 & 0.16 & -0.33 & -0.38 & -0.39 & 0.01 & 0.54 & -0.01 & -0.01 & -1.12 \\ 
  5 & 0.33 & -0.65 & -2.29 & 1.65 & -0.42 & 0.99 & -0.14 & -1.12 & -0.60 & 0.65 \\ 
  6 & -0.82 & 1.77 & 2.50 & 1.51 & -0.38 & 1.59 & -1.14 & -1.34 & -0.18 & -1.03 \\ 
  7 & 0.49 & 0.72 & 0.67 & 0.08 & -0.37 & -1.37 & -1.50 & -1.52 & -0.43 & 0.66 \\ 
  8 & 0.74 & 0.91 & 0.54 & 0.57 & -0.30 & -0.25 & -0.22 & -0.42 & 1.00 & 0.24 \\ 
  9 & 0.58 & 0.38 & -0.01 & -1.02 & 1.44 & 1.16 & 2.00 & 1.36 & 0.73 & 0.72 \\ 
  10 & -0.31 & 1.68 & 0.51 & 0.32 & -0.70 & -1.11 & 0.22 & 1.75 & -1.73 & -0.94 \\ 
  11 & 1.51 & -0.64 & -0.16 & 1.04 & -0.39 & -2.53 & 0.16 & 1.57 & 0.35 & 0.10 \\ 
  12 & 0.39 & -0.46 & 0.42 & 0.10 & 0.65 & -0.94 & 0.33 & 1.30 & 0.73 & -0.46 \\ 
  13 & -0.62 & 1.43 & -0.40 & -0.45 & 1.12 & -0.97 & -0.39 & -0.24 & 0.67 & -1.47 \\ 
  14 & -2.21 & -0.65 & -1.37 & -0.66 & -0.77 & 0.05 & -1.40 & -1.22 & -2.42 & 0.15 \\ 
  15 & 1.12 & -0.21 & 0.99 & -0.04 & -0.51 & -0.40 & 2.68 & -0.33 & -0.24 & 1.77 \\ 
  16 & -0.04 & -0.39 & 1.52 & 1.07 & 0.52 & 0.23 & -0.42 & -2.41 & 1.98 & -0.65 \\ 
  17 & -0.02 & -0.32 & -0.31 & -0.48 & 1.02 & -0.42 & -0.30 & -0.31 & 0.80 & -0.20 \\ 
  18 & 0.94 & -0.28 & -1.25 & -0.12 & -0.25 & 0.37 & -1.79 & 1.66 & -1.71 & 0.69 \\ 
  19 & 0.82 & 0.49 & 0.64 & -1.29 & -1.43 & -0.37 & -0.25 & 0.13 & -1.66 & 0.04 \\ 
  20 & 0.59 & -0.18 & -0.04 & 0.49 & 1.71 & 1.19 & -0.25 & 1.10 & 0.49 & 1.94 \\ 
  21 & 0.92 & -0.51 & -1.73 & 1.31 & 1.44 & -0.74 & -0.26 & 0.49 & -0.17 & 0.74 \\ 
  22 & 0.78 & 1.34 & 0.00 & 1.50 & -0.71 & 0.29 & -1.79 & -0.78 & 0.96 & 2.32 \\ 
  23 & 0.07 & -0.21 & -0.63 & 0.81 & -0.07 & -0.88 & 1.78 & 1.74 & 0.29 & 0.35 \\ 
  24 & -1.99 & -0.18 & -0.34 & -1.87 & -1.76 & 0.21 & 1.76 & -0.08 & 0.08 & -1.13 \\ 
  25 & 0.62 & -0.10 & -1.16 & 0.48 & 0.57 & -0.05 & 0.69 & -0.98 & 0.18 & 0.42 \\ 
  26 & -0.06 & 0.71 & 1.80 & 0.46 & 1.61 & -1.68 & -1.10 & 0.07 & 0.17 & -0.92 \\ 
  27 & -0.16 & -0.07 & -0.33 & -0.35 & -1.64 & -0.14 & 0.71 & -1.52 & -1.27 & -1.01 \\ 
  28 & -1.47 & -0.04 & -1.61 & 0.17 & -0.78 & 1.18 & -0.25 & 0.86 & 2.35 & -0.19 \\ 
  29 & -0.48 & -0.68 & 0.20 & -0.86 & -0.64 & 0.68 & -0.32 & 0.50 & -1.41 & 0.93 \\ 
  30 & 0.42 & -0.32 & 0.26 & 0.68 & -0.68 & 0.14 & 1.36 & -0.35 & -0.02 & 0.34 \\ 
   \hline
\end{tabular}
\caption{regular table env} 
\label{tabsmall}
\end{table}
> 
> ## Demonstration of sidewaystable support.
> ## Remember to insert \usepackage{rotating} on your LaTeX preamble
> print(x.small, floating.environment = 'sidewaystable')
% latex table generated in R 4.4.2 by xtable 1.8-4 package
% Tue Jan  7 13:58:54 2025
\begin{sidewaystable}[ht]
\centering
\begin{tabular}{rrrrrrrrrrr}
  \hline
 & 1 & 2 & 3 & 4 & 5 & 6 & 7 & 8 & 9 & 10 \\ 
  \hline
1 & -0.63 & -0.62 & 0.41 & 0.89 & 1.07 & 0.08 & -0.34 & -0.71 & -1.09 & -1.54 \\ 
  2 & 0.18 & 0.04 & 1.69 & -1.05 & 1.90 & -0.30 & 1.50 & 1.97 & -1.83 & 0.19 \\ 
  3 & -0.84 & -0.91 & 1.59 & 1.97 & -0.60 & -1.18 & 0.53 & -0.09 & 1.00 & 0.26 \\ 
  4 & 1.60 & 0.16 & -0.33 & -0.38 & -0.39 & 0.01 & 0.54 & -0.01 & -0.01 & -1.12 \\ 
  5 & 0.33 & -0.65 & -2.29 & 1.65 & -0.42 & 0.99 & -0.14 & -1.12 & -0.60 & 0.65 \\ 
  6 & -0.82 & 1.77 & 2.50 & 1.51 & -0.38 & 1.59 & -1.14 & -1.34 & -0.18 & -1.03 \\ 
  7 & 0.49 & 0.72 & 0.67 & 0.08 & -0.37 & -1.37 & -1.50 & -1.52 & -0.43 & 0.66 \\ 
  8 & 0.74 & 0.91 & 0.54 & 0.57 & -0.30 & -0.25 & -0.22 & -0.42 & 1.00 & 0.24 \\ 
  9 & 0.58 & 0.38 & -0.01 & -1.02 & 1.44 & 1.16 & 2.00 & 1.36 & 0.73 & 0.72 \\ 
  10 & -0.31 & 1.68 & 0.51 & 0.32 & -0.70 & -1.11 & 0.22 & 1.75 & -1.73 & -0.94 \\ 
  11 & 1.51 & -0.64 & -0.16 & 1.04 & -0.39 & -2.53 & 0.16 & 1.57 & 0.35 & 0.10 \\ 
  12 & 0.39 & -0.46 & 0.42 & 0.10 & 0.65 & -0.94 & 0.33 & 1.30 & 0.73 & -0.46 \\ 
  13 & -0.62 & 1.43 & -0.40 & -0.45 & 1.12 & -0.97 & -0.39 & -0.24 & 0.67 & -1.47 \\ 
  14 & -2.21 & -0.65 & -1.37 & -0.66 & -0.77 & 0.05 & -1.40 & -1.22 & -2.42 & 0.15 \\ 
  15 & 1.12 & -0.21 & 0.99 & -0.04 & -0.51 & -0.40 & 2.68 & -0.33 & -0.24 & 1.77 \\ 
  16 & -0.04 & -0.39 & 1.52 & 1.07 & 0.52 & 0.23 & -0.42 & -2.41 & 1.98 & -0.65 \\ 
  17 & -0.02 & -0.32 & -0.31 & -0.48 & 1.02 & -0.42 & -0.30 & -0.31 & 0.80 & -0.20 \\ 
  18 & 0.94 & -0.28 & -1.25 & -0.12 & -0.25 & 0.37 & -1.79 & 1.66 & -1.71 & 0.69 \\ 
  19 & 0.82 & 0.49 & 0.64 & -1.29 & -1.43 & -0.37 & -0.25 & 0.13 & -1.66 & 0.04 \\ 
  20 & 0.59 & -0.18 & -0.04 & 0.49 & 1.71 & 1.19 & -0.25 & 1.10 & 0.49 & 1.94 \\ 
  21 & 0.92 & -0.51 & -1.73 & 1.31 & 1.44 & -0.74 & -0.26 & 0.49 & -0.17 & 0.74 \\ 
  22 & 0.78 & 1.34 & 0.00 & 1.50 & -0.71 & 0.29 & -1.79 & -0.78 & 0.96 & 2.32 \\ 
  23 & 0.07 & -0.21 & -0.63 & 0.81 & -0.07 & -0.88 & 1.78 & 1.74 & 0.29 & 0.35 \\ 
  24 & -1.99 & -0.18 & -0.34 & -1.87 & -1.76 & 0.21 & 1.76 & -0.08 & 0.08 & -1.13 \\ 
  25 & 0.62 & -0.10 & -1.16 & 0.48 & 0.57 & -0.05 & 0.69 & -0.98 & 0.18 & 0.42 \\ 
  26 & -0.06 & 0.71 & 1.80 & 0.46 & 1.61 & -1.68 & -1.10 & 0.07 & 0.17 & -0.92 \\ 
  27 & -0.16 & -0.07 & -0.33 & -0.35 & -1.64 & -0.14 & 0.71 & -1.52 & -1.27 & -1.01 \\ 
  28 & -1.47 & -0.04 & -1.61 & 0.17 & -0.78 & 1.18 & -0.25 & 0.86 & 2.35 & -0.19 \\ 
  29 & -0.48 & -0.68 & 0.20 & -0.86 & -0.64 & 0.68 & -0.32 & 0.50 & -1.41 & 0.93 \\ 
  30 & 0.42 & -0.32 & 0.26 & 0.68 & -0.68 & 0.14 & 1.36 & -0.35 & -0.02 & 0.34 \\ 
   \hline
\end{tabular}
\caption{regular table env} 
\label{tabsmall}
\end{sidewaystable}
> 
> if(require(stats, quietly = TRUE)) {
+   ## Demonstrate prcomp
+   ## Taken from help(prcomp) in mva package of R 1.1.1
+   data(USArrests)
+   pr1 <- prcomp(USArrests)
+   print(xtable(pr1))
+   print(xtable(summary(pr1)))
+ 
+ #  ## Demonstrate princomp
+ #  ## Taken from help(princomp) in mva package of R 1.1.1
+ #  pr2 <- princomp(USArrests)
+ #  print(xtable(pr2))
+ }
% latex table generated in R 4.4.2 by xtable 1.8-4 package
% Tue Jan  7 13:58:54 2025
\begin{table}[ht]
\centering
\begin{tabular}{rrrrr}
  \hline
 & PC1 & PC2 & PC3 & PC4 \\ 
  \hline
Murder & 0.0417 & -0.0448 & 0.0799 & -0.9949 \\ 
  Assault & 0.9952 & -0.0588 & -0.0676 & 0.0389 \\ 
  UrbanPop & 0.0463 & 0.9769 & -0.2005 & -0.0582 \\ 
  Rape & 0.0752 & 0.2007 & 0.9741 & 0.0723 \\ 
   \hline
\end{tabular}
\end{table}
% latex table generated in R 4.4.2 by xtable 1.8-4 package
% Tue Jan  7 13:58:54 2025
\begin{table}[ht]
\centering
\begin{tabular}{rrrrr}
  \hline
 & PC1 & PC2 & PC3 & PC4 \\ 
  \hline
Standard deviation & 83.7324 & 14.2124 & 6.4894 & 2.4828 \\ 
  Proportion of Variance & 0.9655 & 0.0278 & 0.0058 & 0.0008 \\ 
  Cumulative Proportion & 0.9655 & 0.9933 & 0.9991 & 1.0000 \\ 
   \hline
\end{tabular}
\end{table}
> 
> ## Demonstrate include.rownames, include.colnames,
> ## only.contents and add.to.row arguments
> set.seed(2345)
> res <- matrix(sample(0:9, size = 6*9, replace = TRUE), ncol = 6, nrow = 9)
> xres <- xtable(res)
> digits(xres) <- rep(0, 7)
> addtorow <- list()
> addtorow$pos <- list()
> addtorow$pos[[1]] <- c(0, 2)
> addtorow$pos[[2]] <- 4
> addtorow$command <- c('\vspace{2mm} \n', '\vspace{10mm} \n')
> print(xres, add.to.row = addtorow, include.rownames = FALSE,
+       include.colnames = TRUE, only.contents = TRUE,
+       hline.after = c(0, 0, 9, 9))
% latex table generated in R 4.4.2 by xtable 1.8-4 package
% Tue Jan  7 13:58:54 2025
1 & 2 & 3 & 4 & 5 & 6 \\ 
  space{2mm} 
 \hline
\hline
2 & 1 & 4 & 5 & 6 & 7 \\ 
  6 & 5 & 5 & 0 & 1 & 2 \\ 
   space{2mm} 
2 & 4 & 7 & 0 & 7 & 9 \\ 
  1 & 0 & 6 & 5 & 3 & 1 \\ 
   space{10mm} 
2 & 8 & 7 & 9 & 2 & 9 \\ 
  1 & 4 & 8 & 2 & 8 & 3 \\ 
  8 & 6 & 1 & 9 & 3 & 8 \\ 
  3 & 3 & 9 & 0 & 3 & 7 \\ 
  0 & 3 & 7 & 2 & 6 & 3 \\ 
   \hline
\hline
> 
> ## Demonstrate include.rownames, include.colnames,
> ## only.contents and add.to.row arguments in Rweave files
> 
> ## Not run: 
> ##D  \begin{small}
> ##D  \setlongtables ##D 
> ##D  \begin{longtable}{
> ##D  <<results = tex, fig = FALSE>>=
> ##D  cat(paste(c('c', rep('cc', 34/2-1), 'c'), collapse = '@{\hspace{2pt}}'))
> ##D  @
> ##D  }
> ##D  \hline
> ##D  \endhead
> ##D  \hline
> ##D  \endfoot
> ##D  <<results = tex, fig = FALSE>>=
> ##D  library(xtable)
> ##D  set.seed(2345)
> ##D  res <- matrix(sample(0:9, size = 34*90, replace = TRUE), ncol = 34, nrow = 90)
> ##D  xres <- xtable(res)
> ##D  digits(xres) <- rep(0, 35)
> ##D  addtorow <- list()
> ##D  addtorow$pos <- list()
> ##D  addtorow$pos[[1]] <- c(seq(4, 40, 5), seq(49, 85, 5))
> ##D  addtorow$pos[[2]] <- 45
> ##D  addtorow$command <- c('\vspace{2mm} \n', '\newpage \n')
> ##D  print(xres, add.to.row = addtorow, include.rownames = FALSE,
> ##D        include.colnames = FALSE, only.contents = TRUE, hline.after = NULL)
> ##D  @
> ##D  \end{longtable}
> ##D  \end{small}
> ## End(Not run)
> 
> ## Demonstrate sanitization
> mat <- round(matrix(c(0.9, 0.89, 200, 0.045, 2.0), c(1, 5)), 4)
> rownames(mat) <- "$y_{t-1}$"
> colnames(mat) <- c("$R^2$", "$\\bar{R}^2$", "F-stat", "S.E.E", "DW")
> print(xtable(mat), type = "latex", sanitize.text.function = function(x){x})
% latex table generated in R 4.4.2 by xtable 1.8-4 package
% Tue Jan  7 13:58:54 2025
\begin{table}[ht]
\centering
\begin{tabular}{rrrrrr}
  \hline
 & $R^2$ & $\bar{R}^2$ & F-stat & S.E.E & DW \\ 
  \hline
$y_{t-1}$ & 0.90 & 0.89 & 200.00 & 0.04 & 2.00 \\ 
   \hline
\end{tabular}
\end{table}
> 
> ## Demonstrate booktabs
> print(tli.table)
% latex table generated in R 4.4.2 by xtable 1.8-4 package
% Tue Jan  7 13:58:54 2025
\begin{table}[ht]
\centering
\begin{tabular}{rrlllr}
  \hline
 & grade & sex & disadvg & ethnicty & tlimth \\ 
  \hline
1 & 6 & M & YES & HISPANIC & 43 \\ 
  2 & 7.0 & M & NO & BLACK & 88.0 \\ 
  3 & 5.00 & F & YES & HISPANIC & 34.00 \\ 
  4 & 3.000 & M & YES & HISPANIC & 65.000 \\ 
  5 & 8.0000 & M & YES & WHITE & 75.0000 \\ 
  6 & 5 & M & NO & BLACK & 74 \\ 
  7 & 8.0 & F & YES & HISPANIC & 72.0 \\ 
  8 & 4.00 & M & YES & BLACK & 79.00 \\ 
  9 & 6.000 & M & NO & WHITE & 88.000 \\ 
  10 & 7.0000 & M & YES & HISPANIC & 87.0000 \\ 
  11 & 3 & M & NO & WHITE & 79 \\ 
  12 & 6.0 & F & NO & WHITE & 84.0 \\ 
  13 & 8.00 & M & NO & WHITE & 90.00 \\ 
  14 & 5.000 & M & NO & WHITE & 73.000 \\ 
  15 & 8.0000 & F & NO & WHITE & 72.0000 \\ 
  16 & 6 & F & NO & BLACK & 82 \\ 
  17 & 4.0 & M & NO & WHITE & 69.0 \\ 
  18 & 3.00 & F & YES & HISPANIC & 17.00 \\ 
  19 & 3.000 & M & NO & HISPANIC & 37.000 \\ 
  20 & 5.0000 & M & NO & WHITE & 70.0000 \\ 
   \hline
\end{tabular}
\end{table}
> print(tli.table, hline.after = c(-1,0))
% latex table generated in R 4.4.2 by xtable 1.8-4 package
% Tue Jan  7 13:58:54 2025
\begin{table}[ht]
\centering
\begin{tabular}{rrlllr}
  \hline
 & grade & sex & disadvg & ethnicty & tlimth \\ 
  \hline
1 & 6 & M & YES & HISPANIC & 43 \\ 
  2 & 7.0 & M & NO & BLACK & 88.0 \\ 
  3 & 5.00 & F & YES & HISPANIC & 34.00 \\ 
  4 & 3.000 & M & YES & HISPANIC & 65.000 \\ 
  5 & 8.0000 & M & YES & WHITE & 75.0000 \\ 
  6 & 5 & M & NO & BLACK & 74 \\ 
  7 & 8.0 & F & YES & HISPANIC & 72.0 \\ 
  8 & 4.00 & M & YES & BLACK & 79.00 \\ 
  9 & 6.000 & M & NO & WHITE & 88.000 \\ 
  10 & 7.0000 & M & YES & HISPANIC & 87.0000 \\ 
  11 & 3 & M & NO & WHITE & 79 \\ 
  12 & 6.0 & F & NO & WHITE & 84.0 \\ 
  13 & 8.00 & M & NO & WHITE & 90.00 \\ 
  14 & 5.000 & M & NO & WHITE & 73.000 \\ 
  15 & 8.0000 & F & NO & WHITE & 72.0000 \\ 
  16 & 6 & F & NO & BLACK & 82 \\ 
  17 & 4.0 & M & NO & WHITE & 69.0 \\ 
  18 & 3.00 & F & YES & HISPANIC & 17.00 \\ 
  19 & 3.000 & M & NO & HISPANIC & 37.000 \\ 
  20 & 5.0000 & M & NO & WHITE & 70.0000 \\ 
  \end{tabular}
\end{table}
> print(tli.table, hline.after = NULL)
% latex table generated in R 4.4.2 by xtable 1.8-4 package
% Tue Jan  7 13:58:54 2025
\begin{table}[ht]
\centering
\begin{tabular}{rrlllr}
  & grade & sex & disadvg & ethnicty & tlimth \\ 
 1 & 6 & M & YES & HISPANIC & 43 \\ 
  2 & 7.0 & M & NO & BLACK & 88.0 \\ 
  3 & 5.00 & F & YES & HISPANIC & 34.00 \\ 
  4 & 3.000 & M & YES & HISPANIC & 65.000 \\ 
  5 & 8.0000 & M & YES & WHITE & 75.0000 \\ 
  6 & 5 & M & NO & BLACK & 74 \\ 
  7 & 8.0 & F & YES & HISPANIC & 72.0 \\ 
  8 & 4.00 & M & YES & BLACK & 79.00 \\ 
  9 & 6.000 & M & NO & WHITE & 88.000 \\ 
  10 & 7.0000 & M & YES & HISPANIC & 87.0000 \\ 
  11 & 3 & M & NO & WHITE & 79 \\ 
  12 & 6.0 & F & NO & WHITE & 84.0 \\ 
  13 & 8.00 & M & NO & WHITE & 90.00 \\ 
  14 & 5.000 & M & NO & WHITE & 73.000 \\ 
  15 & 8.0000 & F & NO & WHITE & 72.0000 \\ 
  16 & 6 & F & NO & BLACK & 82 \\ 
  17 & 4.0 & M & NO & WHITE & 69.0 \\ 
  18 & 3.00 & F & YES & HISPANIC & 17.00 \\ 
  19 & 3.000 & M & NO & HISPANIC & 37.000 \\ 
  20 & 5.0000 & M & NO & WHITE & 70.0000 \\ 
  \end{tabular}
\end{table}
> print(tli.table,
+       add.to.row = list(pos = list(2), command = c("\vspace{2mm} \n")))
% latex table generated in R 4.4.2 by xtable 1.8-4 package
% Tue Jan  7 13:58:54 2025
\begin{table}[ht]
\centering
\begin{tabular}{rrlllr}
  \hline
 & grade & sex & disadvg & ethnicty & tlimth \\ 
  \hline
1 & 6 & M & YES & HISPANIC & 43 \\ 
  2 & 7.0 & M & NO & BLACK & 88.0 \\ 
   space{2mm} 
3 & 5.00 & F & YES & HISPANIC & 34.00 \\ 
  4 & 3.000 & M & YES & HISPANIC & 65.000 \\ 
  5 & 8.0000 & M & YES & WHITE & 75.0000 \\ 
  6 & 5 & M & NO & BLACK & 74 \\ 
  7 & 8.0 & F & YES & HISPANIC & 72.0 \\ 
  8 & 4.00 & M & YES & BLACK & 79.00 \\ 
  9 & 6.000 & M & NO & WHITE & 88.000 \\ 
  10 & 7.0000 & M & YES & HISPANIC & 87.0000 \\ 
  11 & 3 & M & NO & WHITE & 79 \\ 
  12 & 6.0 & F & NO & WHITE & 84.0 \\ 
  13 & 8.00 & M & NO & WHITE & 90.00 \\ 
  14 & 5.000 & M & NO & WHITE & 73.000 \\ 
  15 & 8.0000 & F & NO & WHITE & 72.0000 \\ 
  16 & 6 & F & NO & BLACK & 82 \\ 
  17 & 4.0 & M & NO & WHITE & 69.0 \\ 
  18 & 3.00 & F & YES & HISPANIC & 17.00 \\ 
  19 & 3.000 & M & NO & HISPANIC & 37.000 \\ 
  20 & 5.0000 & M & NO & WHITE & 70.0000 \\ 
   \hline
\end{tabular}
\end{table}
> 
> print(tli.table, booktabs = TRUE)
% latex table generated in R 4.4.2 by xtable 1.8-4 package
% Tue Jan  7 13:58:54 2025
\begin{table}[ht]
\centering
\begin{tabular}{rrlllr}
  \toprule
 & grade & sex & disadvg & ethnicty & tlimth \\ 
  \midrule
1 & 6 & M & YES & HISPANIC & 43 \\ 
  2 & 7.0 & M & NO & BLACK & 88.0 \\ 
  3 & 5.00 & F & YES & HISPANIC & 34.00 \\ 
  4 & 3.000 & M & YES & HISPANIC & 65.000 \\ 
  5 & 8.0000 & M & YES & WHITE & 75.0000 \\ 
  6 & 5 & M & NO & BLACK & 74 \\ 
  7 & 8.0 & F & YES & HISPANIC & 72.0 \\ 
  8 & 4.00 & M & YES & BLACK & 79.00 \\ 
  9 & 6.000 & M & NO & WHITE & 88.000 \\ 
  10 & 7.0000 & M & YES & HISPANIC & 87.0000 \\ 
  11 & 3 & M & NO & WHITE & 79 \\ 
  12 & 6.0 & F & NO & WHITE & 84.0 \\ 
  13 & 8.00 & M & NO & WHITE & 90.00 \\ 
  14 & 5.000 & M & NO & WHITE & 73.000 \\ 
  15 & 8.0000 & F & NO & WHITE & 72.0000 \\ 
  16 & 6 & F & NO & BLACK & 82 \\ 
  17 & 4.0 & M & NO & WHITE & 69.0 \\ 
  18 & 3.00 & F & YES & HISPANIC & 17.00 \\ 
  19 & 3.000 & M & NO & HISPANIC & 37.000 \\ 
  20 & 5.0000 & M & NO & WHITE & 70.0000 \\ 
   \bottomrule
\end{tabular}
\end{table}
> print(tli.table, booktabs = TRUE, hline.after = c(-1,0))
% latex table generated in R 4.4.2 by xtable 1.8-4 package
% Tue Jan  7 13:58:54 2025
\begin{table}[ht]
\centering
\begin{tabular}{rrlllr}
  \toprule
 & grade & sex & disadvg & ethnicty & tlimth \\ 
  \midrule
1 & 6 & M & YES & HISPANIC & 43 \\ 
  2 & 7.0 & M & NO & BLACK & 88.0 \\ 
  3 & 5.00 & F & YES & HISPANIC & 34.00 \\ 
  4 & 3.000 & M & YES & HISPANIC & 65.000 \\ 
  5 & 8.0000 & M & YES & WHITE & 75.0000 \\ 
  6 & 5 & M & NO & BLACK & 74 \\ 
  7 & 8.0 & F & YES & HISPANIC & 72.0 \\ 
  8 & 4.00 & M & YES & BLACK & 79.00 \\ 
  9 & 6.000 & M & NO & WHITE & 88.000 \\ 
  10 & 7.0000 & M & YES & HISPANIC & 87.0000 \\ 
  11 & 3 & M & NO & WHITE & 79 \\ 
  12 & 6.0 & F & NO & WHITE & 84.0 \\ 
  13 & 8.00 & M & NO & WHITE & 90.00 \\ 
  14 & 5.000 & M & NO & WHITE & 73.000 \\ 
  15 & 8.0000 & F & NO & WHITE & 72.0000 \\ 
  16 & 6 & F & NO & BLACK & 82 \\ 
  17 & 4.0 & M & NO & WHITE & 69.0 \\ 
  18 & 3.00 & F & YES & HISPANIC & 17.00 \\ 
  19 & 3.000 & M & NO & HISPANIC & 37.000 \\ 
  20 & 5.0000 & M & NO & WHITE & 70.0000 \\ 
  \end{tabular}
\end{table}
> print(tli.table, booktabs = TRUE, hline.after = NULL)
% latex table generated in R 4.4.2 by xtable 1.8-4 package
% Tue Jan  7 13:58:54 2025
\begin{table}[ht]
\centering
\begin{tabular}{rrlllr}
  & grade & sex & disadvg & ethnicty & tlimth \\ 
 1 & 6 & M & YES & HISPANIC & 43 \\ 
  2 & 7.0 & M & NO & BLACK & 88.0 \\ 
  3 & 5.00 & F & YES & HISPANIC & 34.00 \\ 
  4 & 3.000 & M & YES & HISPANIC & 65.000 \\ 
  5 & 8.0000 & M & YES & WHITE & 75.0000 \\ 
  6 & 5 & M & NO & BLACK & 74 \\ 
  7 & 8.0 & F & YES & HISPANIC & 72.0 \\ 
  8 & 4.00 & M & YES & BLACK & 79.00 \\ 
  9 & 6.000 & M & NO & WHITE & 88.000 \\ 
  10 & 7.0000 & M & YES & HISPANIC & 87.0000 \\ 
  11 & 3 & M & NO & WHITE & 79 \\ 
  12 & 6.0 & F & NO & WHITE & 84.0 \\ 
  13 & 8.00 & M & NO & WHITE & 90.00 \\ 
  14 & 5.000 & M & NO & WHITE & 73.000 \\ 
  15 & 8.0000 & F & NO & WHITE & 72.0000 \\ 
  16 & 6 & F & NO & BLACK & 82 \\ 
  17 & 4.0 & M & NO & WHITE & 69.0 \\ 
  18 & 3.00 & F & YES & HISPANIC & 17.00 \\ 
  19 & 3.000 & M & NO & HISPANIC & 37.000 \\ 
  20 & 5.0000 & M & NO & WHITE & 70.0000 \\ 
  \end{tabular}
\end{table}
> print(tli.table, booktabs = TRUE,
+   add.to.row = list(pos = list(2), command = c("\vspace{2mm} \n")))
% latex table generated in R 4.4.2 by xtable 1.8-4 package
% Tue Jan  7 13:58:54 2025
\begin{table}[ht]
\centering
\begin{tabular}{rrlllr}
  \toprule
 & grade & sex & disadvg & ethnicty & tlimth \\ 
  \midrule
1 & 6 & M & YES & HISPANIC & 43 \\ 
  2 & 7.0 & M & NO & BLACK & 88.0 \\ 
   space{2mm} 
3 & 5.00 & F & YES & HISPANIC & 34.00 \\ 
  4 & 3.000 & M & YES & HISPANIC & 65.000 \\ 
  5 & 8.0000 & M & YES & WHITE & 75.0000 \\ 
  6 & 5 & M & NO & BLACK & 74 \\ 
  7 & 8.0 & F & YES & HISPANIC & 72.0 \\ 
  8 & 4.00 & M & YES & BLACK & 79.00 \\ 
  9 & 6.000 & M & NO & WHITE & 88.000 \\ 
  10 & 7.0000 & M & YES & HISPANIC & 87.0000 \\ 
  11 & 3 & M & NO & WHITE & 79 \\ 
  12 & 6.0 & F & NO & WHITE & 84.0 \\ 
  13 & 8.00 & M & NO & WHITE & 90.00 \\ 
  14 & 5.000 & M & NO & WHITE & 73.000 \\ 
  15 & 8.0000 & F & NO & WHITE & 72.0000 \\ 
  16 & 6 & F & NO & BLACK & 82 \\ 
  17 & 4.0 & M & NO & WHITE & 69.0 \\ 
  18 & 3.00 & F & YES & HISPANIC & 17.00 \\ 
  19 & 3.000 & M & NO & HISPANIC & 37.000 \\ 
  20 & 5.0000 & M & NO & WHITE & 70.0000 \\ 
   \bottomrule
\end{tabular}
\end{table}
> print(tli.table, booktabs = TRUE, add.to.row = list(pos = list(2),
+   command = c("youhou\n")), tabular.environment = "longtable")
Warning in print.xtable(tli.table, booktabs = TRUE, add.to.row = list(pos = list(2),  :
  Attempt to use "longtable" with floating = TRUE. Changing to FALSE.
% latex table generated in R 4.4.2 by xtable 1.8-4 package
% Tue Jan  7 13:58:54 2025
\begin{longtable}{rrlllr}
  \toprule
 & grade & sex & disadvg & ethnicty & tlimth \\ 
  \midrule
1 & 6 & M & YES & HISPANIC & 43 \\ 
  2 & 7.0 & M & NO & BLACK & 88.0 \\ 
   youhou
3 & 5.00 & F & YES & HISPANIC & 34.00 \\ 
  4 & 3.000 & M & YES & HISPANIC & 65.000 \\ 
  5 & 8.0000 & M & YES & WHITE & 75.0000 \\ 
  6 & 5 & M & NO & BLACK & 74 \\ 
  7 & 8.0 & F & YES & HISPANIC & 72.0 \\ 
  8 & 4.00 & M & YES & BLACK & 79.00 \\ 
  9 & 6.000 & M & NO & WHITE & 88.000 \\ 
  10 & 7.0000 & M & YES & HISPANIC & 87.0000 \\ 
  11 & 3 & M & NO & WHITE & 79 \\ 
  12 & 6.0 & F & NO & WHITE & 84.0 \\ 
  13 & 8.00 & M & NO & WHITE & 90.00 \\ 
  14 & 5.000 & M & NO & WHITE & 73.000 \\ 
  15 & 8.0000 & F & NO & WHITE & 72.0000 \\ 
  16 & 6 & F & NO & BLACK & 82 \\ 
  17 & 4.0 & M & NO & WHITE & 69.0 \\ 
  18 & 3.00 & F & YES & HISPANIC & 17.00 \\ 
  19 & 3.000 & M & NO & HISPANIC & 37.000 \\ 
  20 & 5.0000 & M & NO & WHITE & 70.0000 \\ 
   \bottomrule
\end{longtable}
> 
> ## Don't show: 
>   for(i in c("latex","html")) {
+     outFileName <- paste("xtable.", ifelse(i=="latex", "tex", i), sep = "")
+     print(tli.table, type = i, file = outFileName, append = FALSE)
+     print(design.table, type = i, file = outFileName, append = TRUE)
+     print(fm1.table, type = i, file = outFileName, append = TRUE)
+     print(fm2.table, type = i, file = outFileName, append = TRUE)
+     print(fm2.table, type = i, file = outFileName, append = TRUE,
+           math.style.negative = TRUE)
+     print(xtable(anova(fm2)), type = i, file = outFileName, append = TRUE)
+     print(xtable(anova(fm2b, fm2)), type = i, file = outFileName, append = TRUE)
+     print(fm3.table, type = i, file = outFileName, append = TRUE)
+     print(xtable(anova(fm3)), type = i, file = outFileName, append = TRUE)
+     print(xtable(npk.aov), type = i, file = outFileName, append = TRUE)
+     print(xtable(anova(npk.aov)), type = i, file = outFileName, append = TRUE)
+     print(xtable(summary(npk.aov)), type = i, file = outFileName, append = TRUE)
+     print(xtable(npk.aovE), type = i, file = outFileName, append = TRUE)
+     print(xtable(summary(npk.aovE)),
+           type = i, file = outFileName, append = TRUE)
+     if(i=="latex") cat("\\clearpage\n", file = outFileName, append = TRUE)
+     print(xtable(lm.D9),
+           type = i, file = outFileName, append = TRUE, latex.environment = NULL)
+     print(xtable(lm.D9),
+           type = i, file = outFileName, append = TRUE, latex.environment = "")
+     print(xtable(lm.D9),
+           type = i, file = outFileName, append = TRUE,
+           latex.environment = "center")
+     print(xtable(anova(lm.D9)), type = i, file = outFileName, append = TRUE)
+     print(xtable(glm.D93), type = i, file = outFileName, append = TRUE)
+     print(xtable(anova(glm.D93, test = "Chisq")),
+           type = i, file = outFileName, append = TRUE)
+     print(xtable(glm.D93, align = "r|llrc"),
+           include.rownames = FALSE, include.colnames = TRUE,
+           type = i, file = outFileName, append = TRUE)
+     print(xtable(glm.D93, align = "r||llrc"),
+           include.rownames = TRUE, include.colnames = FALSE,
+           type = i, file = outFileName, append = TRUE)
+     print(xtable(glm.D93, align = "|r||llrc"),
+           include.rownames = FALSE, include.colnames = FALSE,
+           type = i, file = outFileName, append = TRUE)
+     print(xtable(glm.D93, align = "|r||llrc|"),
+           type = i, file = outFileName, append = TRUE)
+     print(xtable(anova(glm.D93)),
+           hline.after = c(1), size = "small",
+           type = i, file = outFileName, append = TRUE)
+     if(require(stats, quietly = TRUE)) {
+       print(xtable(pr1), type = i, file = outFileName, append = TRUE)
+       print(xtable(summary(pr1)), type = i, file = outFileName, append = TRUE)
+       # print(xtable(pr2), type = i, file = outFileName, append = TRUE)
+     }
+     temp.table <- xtable(ts(cumsum(1+round(rnorm(100), 2)),
+                             start = c(1954, 7), frequency = 12))
+     caption(temp.table) <- "Time series example"
+     print(temp.table, type = i, file = outFileName,
+           append = TRUE, caption.placement = "top", table.placement = "h")
+     print(temp.table, type = i, file = outFileName,
+           append = TRUE, caption.placement = "bottom", table.placement = "htb")
+   }
> ## End(Don't show)
> 
> 
> 
> 
> base::options(contrasts = c(unordered = "contr.treatment",ordered = "contr.poly"))
> cleanEx()
> nameEx("xtableFtable")
> ### * xtableFtable
> 
> flush(stderr()); flush(stdout())
> 
> ### Name: xtableFtable
> ### Title: Create and Export Flat Tables
> ### Aliases: xtableFtable print.xtableFtable
> ### Keywords: category print
> 
> ### ** Examples
> 
> data(mtcars)
> mtcars$cyl <- factor(mtcars$cyl, levels = c("4","6","8"),
+                      labels = c("four","six","eight"))
> tbl <- ftable(mtcars$cyl, mtcars$vs, mtcars$am, mtcars$gear,
+               row.vars = c(2, 4),
+               dnn = c("Cylinders", "V/S", "Transmission", "Gears"))
> xftbl <- xtableFtable(tbl, method = "compact")
> print.xtableFtable(xftbl, booktabs = TRUE)
% latex table generated in R 4.4.2 by xtable 1.8-4 package
% Tue Jan  7 13:58:54 2025
\begin{table}[ht]
\centering
\begin{tabular}{ll rrrrrr}
  \toprule
     & Cylinders                   & \multicolumn{1}{l}{ four} & \multicolumn{1}{l}{   } & \multicolumn{1}{l}{ six} & \multicolumn{1}{l}{   } & \multicolumn{1}{l}{ eight} & \multicolumn{1}{l}{   } \\ 
  V/S & Gears $\vert$ Transmission & \multicolumn{1}{l}{    0} & \multicolumn{1}{l}{  1} & \multicolumn{1}{l}{   0} & \multicolumn{1}{l}{  1} & \multicolumn{1}{l}{     0} & \multicolumn{1}{l}{  1} \\ 
   \midrule
0   & 3                           &    0 &  0 &   0 &  0 &    12 &  0 \\ 
      & 4                           &    0 &  0 &   0 &  2 &     0 &  0 \\ 
      & 5                           &    0 &  1 &   0 &  1 &     0 &  2 \\ 
  1   & 3                           &    1 &  0 &   2 &  0 &     0 &  0 \\ 
      & 4                           &    2 &  6 &   2 &  0 &     0 &  0 \\ 
      & 5                           &    0 &  1 &   0 &  0 &     0 &  0 \\ 
   \bottomrule
\end{tabular}
\end{table}
> xftbl <- xtableFtable(tbl, method = "row.compact")
> print.xtableFtable(xftbl, rotate.colnames = TRUE,
+                    rotate.rownames = TRUE)
% latex table generated in R 4.4.2 by xtable 1.8-4 package
% Tue Jan  7 13:58:54 2025
\begin{table}[ht]
\centering
\begin{tabular}{lll |rrrrrr}
  \hline
 \begin{sideways}    \end{sideways} & \begin{sideways}      \end{sideways} & \begin{sideways} Cylinders   \end{sideways} & \multicolumn{1}{l}{ \begin{sideways} four\end{sideways}} & \multicolumn{1}{l}{ \begin{sideways}   \end{sideways}} & \multicolumn{1}{l}{ \begin{sideways} six\end{sideways}} & \multicolumn{1}{l}{ \begin{sideways}   \end{sideways}} & \multicolumn{1}{l}{ \begin{sideways} eight\end{sideways}} & \multicolumn{1}{l}{ \begin{sideways}   \end{sideways}} \\ 
  \begin{sideways} V/S\end{sideways} & \begin{sideways} Gears\end{sideways} & \begin{sideways} Transmission\end{sideways} & \multicolumn{1}{l}{ \begin{sideways}    0\end{sideways}} & \multicolumn{1}{l}{ \begin{sideways}  1\end{sideways}} & \multicolumn{1}{l}{ \begin{sideways}   0\end{sideways}} & \multicolumn{1}{l}{ \begin{sideways}  1\end{sideways}} & \multicolumn{1}{l}{ \begin{sideways}     0\end{sideways}} & \multicolumn{1}{l}{ \begin{sideways}  1\end{sideways}} \\ 
   \hline
\begin{sideways} 0  \end{sideways} & \begin{sideways} 3    \end{sideways} & \begin{sideways}             \end{sideways} &    0 &  0 &   0 &  0 &    12 &  0 \\ 
  \begin{sideways}    \end{sideways} & \begin{sideways} 4    \end{sideways} & \begin{sideways}             \end{sideways} &    0 &  0 &   0 &  2 &     0 &  0 \\ 
  \begin{sideways}    \end{sideways} & \begin{sideways} 5    \end{sideways} & \begin{sideways}             \end{sideways} &    0 &  1 &   0 &  1 &     0 &  2 \\ 
  \begin{sideways} 1  \end{sideways} & \begin{sideways} 3    \end{sideways} & \begin{sideways}             \end{sideways} &    1 &  0 &   2 &  0 &     0 &  0 \\ 
  \begin{sideways}    \end{sideways} & \begin{sideways} 4    \end{sideways} & \begin{sideways}             \end{sideways} &    2 &  6 &   2 &  0 &     0 &  0 \\ 
  \begin{sideways}    \end{sideways} & \begin{sideways} 5    \end{sideways} & \begin{sideways}             \end{sideways} &    0 &  1 &   0 &  0 &     0 &  0 \\ 
   \hline
\end{tabular}
\end{table}
> 
> 
> 
> cleanEx()
> nameEx("xtableList")
> ### * xtableList
> 
> flush(stderr()); flush(stdout())
> 
> ### Name: xtableList
> ### Title: Create and Export Lists of Tables
> ### Aliases: xtableList print.xtableList
> ### Keywords: print
> 
> ### ** Examples
> 
> data(mtcars)
> mtcars <- mtcars[, 1:6]
> mtcarsList <- split(mtcars, f = mtcars$cyl)
> attr(mtcarsList, "subheadings") <- paste0("Number of cylinders = ",
+                                           names(mtcarsList))
> attr(mtcarsList, "message") <- c("Line 1 of Message",
+                                  "Line 2 of Message")
> xList <- xtableList(mtcarsList)
> print.xtableList(xList)
% latex table generated in R 4.4.2 by xtable 1.8-4 package
% Tue Jan  7 13:58:54 2025
\begin{table}[ht]
\centering
\begin{tabular}{rrrrrrr}
  \hline
 & mpg & cyl & disp & hp & drat & wt \\ 
  \hline
\multicolumn{7}{l}{Number of cylinders = 4}\\
Datsun 710 & 22.80 & 4.00 & 108.00 & 93.00 & 3.85 & 2.32 \\ 
  Merc 240D & 24.40 & 4.00 & 146.70 & 62.00 & 3.69 & 3.19 \\ 
  Merc 230 & 22.80 & 4.00 & 140.80 & 95.00 & 3.92 & 3.15 \\ 
  Fiat 128 & 32.40 & 4.00 & 78.70 & 66.00 & 4.08 & 2.20 \\ 
  Honda Civic & 30.40 & 4.00 & 75.70 & 52.00 & 4.93 & 1.61 \\ 
  Toyota Corolla & 33.90 & 4.00 & 71.10 & 65.00 & 4.22 & 1.83 \\ 
  Toyota Corona & 21.50 & 4.00 & 120.10 & 97.00 & 3.70 & 2.46 \\ 
  Fiat X1-9 & 27.30 & 4.00 & 79.00 & 66.00 & 4.08 & 1.94 \\ 
  Porsche 914-2 & 26.00 & 4.00 & 120.30 & 91.00 & 4.43 & 2.14 \\ 
  Lotus Europa & 30.40 & 4.00 & 95.10 & 113.00 & 3.77 & 1.51 \\ 
  Volvo 142E & 21.40 & 4.00 & 121.00 & 109.00 & 4.11 & 2.78 \\ 
   \hline
\multicolumn{7}{l}{Number of cylinders = 6}\\
Mazda RX4 & 21.00 & 6.00 & 160.00 & 110.00 & 3.90 & 2.62 \\ 
  Mazda RX4 Wag & 21.00 & 6.00 & 160.00 & 110.00 & 3.90 & 2.88 \\ 
  Hornet 4 Drive & 21.40 & 6.00 & 258.00 & 110.00 & 3.08 & 3.21 \\ 
  Valiant & 18.10 & 6.00 & 225.00 & 105.00 & 2.76 & 3.46 \\ 
  Merc 280 & 19.20 & 6.00 & 167.60 & 123.00 & 3.92 & 3.44 \\ 
  Merc 280C & 17.80 & 6.00 & 167.60 & 123.00 & 3.92 & 3.44 \\ 
  Ferrari Dino & 19.70 & 6.00 & 145.00 & 175.00 & 3.62 & 2.77 \\ 
   \hline
\multicolumn{7}{l}{Number of cylinders = 8}\\
Hornet Sportabout & 18.70 & 8.00 & 360.00 & 175.00 & 3.15 & 3.44 \\ 
  Duster 360 & 14.30 & 8.00 & 360.00 & 245.00 & 3.21 & 3.57 \\ 
  Merc 450SE & 16.40 & 8.00 & 275.80 & 180.00 & 3.07 & 4.07 \\ 
  Merc 450SL & 17.30 & 8.00 & 275.80 & 180.00 & 3.07 & 3.73 \\ 
  Merc 450SLC & 15.20 & 8.00 & 275.80 & 180.00 & 3.07 & 3.78 \\ 
  Cadillac Fleetwood & 10.40 & 8.00 & 472.00 & 205.00 & 2.93 & 5.25 \\ 
  Lincoln Continental & 10.40 & 8.00 & 460.00 & 215.00 & 3.00 & 5.42 \\ 
  Chrysler Imperial & 14.70 & 8.00 & 440.00 & 230.00 & 3.23 & 5.34 \\ 
  Dodge Challenger & 15.50 & 8.00 & 318.00 & 150.00 & 2.76 & 3.52 \\ 
  AMC Javelin & 15.20 & 8.00 & 304.00 & 150.00 & 3.15 & 3.44 \\ 
  Camaro Z28 & 13.30 & 8.00 & 350.00 & 245.00 & 3.73 & 3.84 \\ 
  Pontiac Firebird & 19.20 & 8.00 & 400.00 & 175.00 & 3.08 & 3.85 \\ 
  Ford Pantera L & 15.80 & 8.00 & 351.00 & 264.00 & 4.22 & 3.17 \\ 
  Maserati Bora & 15.00 & 8.00 & 301.00 & 335.00 & 3.54 & 3.57 \\ 
   \hline
\multicolumn{7}{l}{Line 1 of Message}\\

\multicolumn{7}{l}{Line 2 of Message}\\
\end{tabular}
\end{table}
> print.xtableList(xList, colnames.format = "multiple")
% latex table generated in R 4.4.2 by xtable 1.8-4 package
% Tue Jan  7 13:58:54 2025
\begin{table}[ht]
\centering
\begin{tabular}{rrrrrrr}
   
\multicolumn{7}{l}{Number of cylinders = 4}\\ 
\hline
 & mpg & cyl & disp & hp & drat & wt \\\hline

Datsun 710 & 22.80 & 4.00 & 108.00 & 93.00 & 3.85 & 2.32 \\ 
  Merc 240D & 24.40 & 4.00 & 146.70 & 62.00 & 3.69 & 3.19 \\ 
  Merc 230 & 22.80 & 4.00 & 140.80 & 95.00 & 3.92 & 3.15 \\ 
  Fiat 128 & 32.40 & 4.00 & 78.70 & 66.00 & 4.08 & 2.20 \\ 
  Honda Civic & 30.40 & 4.00 & 75.70 & 52.00 & 4.93 & 1.61 \\ 
  Toyota Corolla & 33.90 & 4.00 & 71.10 & 65.00 & 4.22 & 1.83 \\ 
  Toyota Corona & 21.50 & 4.00 & 120.10 & 97.00 & 3.70 & 2.46 \\ 
  Fiat X1-9 & 27.30 & 4.00 & 79.00 & 66.00 & 4.08 & 1.94 \\ 
  Porsche 914-2 & 26.00 & 4.00 & 120.30 & 91.00 & 4.43 & 2.14 \\ 
  Lotus Europa & 30.40 & 4.00 & 95.10 & 113.00 & 3.77 & 1.51 \\ 
  Volvo 142E & 21.40 & 4.00 & 121.00 & 109.00 & 4.11 & 2.78 \\ 
   \hline\\ 
\multicolumn{7}{l}{Number of cylinders = 6}\\ 
\hline
 & mpg & cyl & disp & hp & drat & wt \\\hline
Mazda RX4 & 21.00 & 6.00 & 160.00 & 110.00 & 3.90 & 2.62 \\ 
  Mazda RX4 Wag & 21.00 & 6.00 & 160.00 & 110.00 & 3.90 & 2.88 \\ 
  Hornet 4 Drive & 21.40 & 6.00 & 258.00 & 110.00 & 3.08 & 3.21 \\ 
  Valiant & 18.10 & 6.00 & 225.00 & 105.00 & 2.76 & 3.46 \\ 
  Merc 280 & 19.20 & 6.00 & 167.60 & 123.00 & 3.92 & 3.44 \\ 
  Merc 280C & 17.80 & 6.00 & 167.60 & 123.00 & 3.92 & 3.44 \\ 
  Ferrari Dino & 19.70 & 6.00 & 145.00 & 175.00 & 3.62 & 2.77 \\ 
   \hline\\ 
\multicolumn{7}{l}{Number of cylinders = 8}\\ 
\hline
 & mpg & cyl & disp & hp & drat & wt \\\hline
Hornet Sportabout & 18.70 & 8.00 & 360.00 & 175.00 & 3.15 & 3.44 \\ 
  Duster 360 & 14.30 & 8.00 & 360.00 & 245.00 & 3.21 & 3.57 \\ 
  Merc 450SE & 16.40 & 8.00 & 275.80 & 180.00 & 3.07 & 4.07 \\ 
  Merc 450SL & 17.30 & 8.00 & 275.80 & 180.00 & 3.07 & 3.73 \\ 
  Merc 450SLC & 15.20 & 8.00 & 275.80 & 180.00 & 3.07 & 3.78 \\ 
  Cadillac Fleetwood & 10.40 & 8.00 & 472.00 & 205.00 & 2.93 & 5.25 \\ 
  Lincoln Continental & 10.40 & 8.00 & 460.00 & 215.00 & 3.00 & 5.42 \\ 
  Chrysler Imperial & 14.70 & 8.00 & 440.00 & 230.00 & 3.23 & 5.34 \\ 
  Dodge Challenger & 15.50 & 8.00 & 318.00 & 150.00 & 2.76 & 3.52 \\ 
  AMC Javelin & 15.20 & 8.00 & 304.00 & 150.00 & 3.15 & 3.44 \\ 
  Camaro Z28 & 13.30 & 8.00 & 350.00 & 245.00 & 3.73 & 3.84 \\ 
  Pontiac Firebird & 19.20 & 8.00 & 400.00 & 175.00 & 3.08 & 3.85 \\ 
  Ford Pantera L & 15.80 & 8.00 & 351.00 & 264.00 & 4.22 & 3.17 \\ 
  Maserati Bora & 15.00 & 8.00 & 301.00 & 335.00 & 3.54 & 3.57 \\ 
   \hline
\multicolumn{7}{l}{Line 1 of Message}\\

\multicolumn{7}{l}{Line 2 of Message}\\
\end{tabular}
\end{table}
> 
> 
> 
> cleanEx()
> nameEx("xtableMatharray")
> ### * xtableMatharray
> 
> flush(stderr()); flush(stdout())
> 
> ### Name: xtableMatharray
> ### Title: Create LaTeX Mathematical Array
> ### Aliases: xtableMatharray
> ### Keywords: print
> 
> ### ** Examples
> 
> V <- matrix(c(1.140380e-03,  3.010497e-05,  7.334879e-05,
+               3.010497e-05,  3.320683e-04, -5.284854e-05,
+               7.334879e-05, -5.284854e-05,  3.520928e-04), nrow = 3)
> mth <- xtableMatharray(V)
> class(mth)
[1] "xtableMatharray" "xtable"          "data.frame"     
> str(mth)
Classes ‘xtableMatharray’, ‘xtable’ and 'data.frame':	3 obs. of  3 variables:
 $ 1: num  1.14e-03 3.01e-05 7.33e-05
 $ 2: num  3.01e-05 3.32e-04 -5.28e-05
 $ 3: num  7.33e-05 -5.28e-05 3.52e-04
 - attr(*, "align")= chr [1:4] "r" "r" "r" "r"
 - attr(*, "digits")= num [1:4] 0 2 2 2
 - attr(*, "display")= chr [1:4] "s" "f" "f" "f"
> unclass(mth)
$`1`
[1] 1.140380e-03 3.010497e-05 7.334879e-05

$`2`
[1]  3.010497e-05  3.320683e-04 -5.284854e-05

$`3`
[1]  7.334879e-05 -5.284854e-05  3.520928e-04

attr(,"row.names")
[1] 1 2 3
attr(,"align")
[1] "r" "r" "r" "r"
attr(,"digits")
[1] 0 2 2 2
attr(,"display")
[1] "s" "f" "f" "f"
> 
> 
> 
> ### * <FOOTER>
> ###
> cleanEx()
> options(digits = 7L)
> base::cat("Time elapsed: ", proc.time() - base::get("ptime", pos = 'CheckExEnv'),"\n")
Time elapsed:  0.429 0.015 0.445 0 0 
> grDevices::dev.off()
null device 
          1 
> ###
> ### Local variables: ***
> ### mode: outline-minor ***
> ### outline-regexp: "\\(> \\)?### [*]+" ***
> ### End: ***
> quit('no')
