
R version 4.4.0 (2024-04-24) -- "Puppy Cup"
Copyright (C) 2024 The R Foundation for Statistical Computing
Platform: x86_64-pc-linux-gnu

R is free software and comes with ABSOLUTELY NO WARRANTY.
You are welcome to redistribute it under certain conditions.
Type 'license()' or 'licence()' for distribution details.

R is a collaborative project with many contributors.
Type 'contributors()' for more information and
'citation()' on how to cite R or R packages in publications.

Type 'demo()' for some demos, 'help()' for on-line help, or
'help.start()' for an HTML browser interface to help.
Type 'q()' to quit R.

> source("incl/start,load-only.R")
[18:02:38.170] Set package option ‘parallelly.availableCores.methods’
[18:02:38.171] Environment variable ‘R_PARALLELLY_AVAILABLECORES_METHODS’ not set
[18:02:38.171] Set package option ‘parallelly.availableCores.fallback’
[18:02:38.172] Environment variable ‘R_PARALLELLY_AVAILABLECORES_FALLBACK’ not set
[18:02:38.172] Set package option ‘parallelly.availableCores.min’
[18:02:38.173] Environment variable ‘R_PARALLELLY_AVAILABLECORES_MIN’ not set
[18:02:38.173] Set package option ‘parallelly.availableCores.system’
[18:02:38.174] Environment variable ‘R_PARALLELLY_AVAILABLECORES_SYSTEM’ not set
[18:02:38.174] Set package option ‘parallelly.availableCores.logical’
[18:02:38.181] Environment variable ‘R_PARALLELLY_AVAILABLECORES_LOGICAL’ not set
[18:02:38.181] Set package option ‘parallelly.availableCores.omit’
[18:02:38.182] Environment variable ‘R_PARALLELLY_AVAILABLECORES_OMIT’ not set
[18:02:38.182] Set package option ‘parallelly.availableWorkers.methods’
[18:02:38.182] Environment variable ‘R_PARALLELLY_AVAILABLEWORKERS_METHODS’ not set
[18:02:38.183] Set package option ‘parallelly.maxWorkers.localhost’
[18:02:38.183] Environment variable ‘R_PARALLELLY_MAXWORKERS_LOCALHOST’ not set
[18:02:38.183] Set package option ‘parallelly.maxWorkers.localhost.ignore’
[18:02:38.184] Environment variable ‘R_PARALLELLY_MAXWORKERS_LOCALHOST_IGNORE’ not set
[18:02:38.184] Set package option ‘parallelly.fork.enable’
[18:02:38.184] Environment variable ‘R_PARALLELLY_FORK_ENABLE’ not set
[18:02:38.185] Set package option ‘parallelly.supportsMulticore.disableOn’
[18:02:38.185] Environment variable ‘R_PARALLELLY_SUPPORTSMULTICORE_DISABLEON’ not set
[18:02:38.186] Set package option ‘parallelly.supportsMulticore.unstable’
[18:02:38.186] Environment variable ‘R_PARALLELLY_SUPPORTSMULTICORE_UNSTABLE’ not set
[18:02:38.186] Set package option ‘parallelly.makeNodePSOCK.setup_strategy’
[18:02:38.187] Environment variable ‘R_PARALLELLY_MAKENODEPSOCK_SETUP_STRATEGY’ not set
[18:02:38.187] Set package option ‘parallelly.makeNodePSOCK.validate’
[18:02:38.187] Environment variable ‘R_PARALLELLY_MAKENODEPSOCK_VALIDATE’ not set
[18:02:38.188] Set package option ‘parallelly.makeNodePSOCK.connectTimeout’
[18:02:38.188] Environment variable ‘R_PARALLELLY_MAKENODEPSOCK_CONNECTTIMEOUT’ not set
[18:02:38.188] Set package option ‘parallelly.makeNodePSOCK.timeout’
[18:02:38.189] Environment variable ‘R_PARALLELLY_MAKENODEPSOCK_TIMEOUT’ not set
[18:02:38.189] Set package option ‘parallelly.makeNodePSOCK.useXDR’
[18:02:38.190] Environment variable ‘R_PARALLELLY_MAKENODEPSOCK_USEXDR’ not set
[18:02:38.190] Set package option ‘parallelly.makeNodePSOCK.socketOptions’
[18:02:38.190] Environment variable ‘R_PARALLELLY_MAKENODEPSOCK_SOCKETOPTIONS’ not set
[18:02:38.191] Set package option ‘parallelly.makeNodePSOCK.rshcmd’
[18:02:38.191] Environment variable ‘R_PARALLELLY_MAKENODEPSOCK_RSHCMD’ not set
[18:02:38.191] Set package option ‘parallelly.makeNodePSOCK.rshopts’
[18:02:38.192] Environment variable ‘R_PARALLELLY_MAKENODEPSOCK_RSHOPTS’ not set
[18:02:38.192] Set package option ‘parallelly.makeNodePSOCK.tries’
[18:02:38.192] Environment variable ‘R_PARALLELLY_MAKENODEPSOCK_TRIES’ not set
[18:02:38.193] Set package option ‘parallelly.makeNodePSOCK.tries.delay’
[18:02:38.193] Environment variable ‘R_PARALLELLY_MAKENODEPSOCK_TRIES_DELAY’ not set
[18:02:38.193] Set package option ‘parallelly.makeNodePSOCK.rscript_label’
[18:02:38.194] Environment variable ‘R_PARALLELLY_MAKENODEPSOCK_RSCRIPT_LABEL’ not set
[18:02:38.194] Set package option ‘parallelly.makeNodePSOCK.sessionInfo.pkgs’
[18:02:38.194] Environment variable ‘R_PARALLELLY_MAKENODEPSOCK_SESSIONINFO_PKGS’ not set
[18:02:38.195] Set package option ‘parallelly.makeNodePSOCK.autoKill’
[18:02:38.195] Environment variable ‘R_PARALLELLY_MAKENODEPSOCK_AUTOKILL’ not set
[18:02:38.195] Set package option ‘parallelly.makeNodePSOCK.master.localhost.hostname’
[18:02:38.196] Environment variable ‘R_PARALLELLY_MAKENODEPSOCK_MASTER_LOCALHOST_HOSTNAME’ not set
[18:02:38.196] Set package option ‘parallelly.makeNodePSOCK.port.increment’
[18:02:38.197] Environment variable ‘R_PARALLELLY_MAKENODEPSOCK_PORT_INCREMENT’ not set
[18:02:38.198] parallelly-specific environment variables:
[18:02:38.210] Future-specific environment variables:
[18:02:38.210] Environment variable ‘R_FUTURE_DEMO_MANDELBROT_REGION’ not set
[18:02:38.210] Environment variable ‘R_FUTURE_DEMO_MANDELBROT_NROW’ not set
[18:02:38.211] Environment variable ‘R_FUTURE_DEPRECATED_IGNORE’ not set
[18:02:38.211] Environment variable ‘R_FUTURE_DEPRECATED_DEFUNCT’ not set
[18:02:38.211] Environment variable ‘R_FUTURE_FORK_MULTITHREADING_ENABLE’ not set
[18:02:38.211] Environment variable ‘R_FUTURE_GLOBALS_MAXSIZE’ not set
[18:02:38.212] Environment variable ‘R_FUTURE_GLOBALS_ONMISSING’ not set
[18:02:38.212] Environment variable ‘R_FUTURE_GLOBALS_ONREFERENCE’ not set
[18:02:38.212] Environment variable ‘R_FUTURE_GLOBALS_METHOD’ not set
[18:02:38.212] Environment variable ‘R_FUTURE_GLOBALS_RESOLVE’ not set
[18:02:38.213] Environment variable ‘R_FUTURE_LAZY_ASSERTOWNER’ not set
[18:02:38.213] Environment variable ‘R_FUTURE_PLAN’ not set
[18:02:38.213] Environment variable ‘R_FUTURE_PLAN_DISALLOW’ not set
[18:02:38.213] Environment variable ‘R_FUTURE_PSOCK_RELAY_IMMEDIATE’ not set
[18:02:38.213] Environment variable ‘R_FUTURE_RELAY_IMMEDIATE’ not set
[18:02:38.214] Environment variable ‘R_FUTURE_RESOLVE_RECURSIVE’ not set
[18:02:38.214] Environment variable ‘R_FUTURE_ALIVE_TIMEOUT’ not set
[18:02:38.214] Environment variable ‘R_FUTURE_RESOLVED_TIMEOUT’ not set
[18:02:38.214] Environment variable ‘R_FUTURE_CLUSTER_RESOLVED_TIMEOUT’ not set
[18:02:38.215] Environment variable ‘R_FUTURE_MULTICORE_RESOLVED_TIMEOUT’ not set
[18:02:38.215] Environment variable ‘R_FUTURE_ONFUTURECONDITION_KEEPFUTURE’ not set
[18:02:38.215] Environment variable ‘R_FUTURE_RNG_ONMISUSE’ not set
[18:02:38.215] Environment variable ‘R_FUTURE_GLOBALENV_ONMISUSE’ not set
[18:02:38.215] Environment variable ‘R_FUTURE_WAIT_TIMEOUT’ not set
[18:02:38.216] Environment variable ‘R_FUTURE_WAIT_INTERVAL’ not set
[18:02:38.216] Environment variable ‘R_FUTURE_WAIT_ALPHA’ not set
[18:02:38.216] Environment variable ‘R_FUTURE_ASSIGN_GLOBALS_EXCLUDE’ not set
[18:02:38.216] Environment variable ‘R_FUTURE_OUTPUT_WINDOWS_REENCODE’ not set
[18:02:38.217] Environment variable ‘R_FUTURE_GLOBALS_GLOBALSOF_LOCALS’ not set
[18:02:38.217] Environment variable ‘R_FUTURE_STATE_ONINVALID’ not set
[18:02:38.217] Environment variable ‘R_FUTURE_JOURNAL’ not set
[18:02:38.217] Environment variable ‘R_FUTURE_GLOBALS_KEEPWHERE’ not set
[18:02:38.219] R process uuid: e3d37284-84e5-3eb2-a7ba-6fd62b4f26f0
[18:02:38.219] Setting plan('default')
[18:02:38.220] plan(): Setting new future strategy stack:
[18:02:38.220] List of future strategies:
[18:02:38.220] 1. sequential:
[18:02:38.220]    - args: function (..., envir = parent.frame(), workers = "<NULL>")
[18:02:38.220]    - tweaked: FALSE
[18:02:38.220]    - call: NULL
[18:02:38.222] plan(): nbrOfWorkers() = 1
[18:02:38.262] plan(): Setting new future strategy stack:
[18:02:38.263] List of future strategies:
[18:02:38.263] 1. sequential:
[18:02:38.263]    - args: function (..., envir = parent.frame(), workers = "<NULL>")
[18:02:38.263]    - tweaked: FALSE
[18:02:38.263]    - call: future::plan("sequential")
[18:02:38.289] plan(): nbrOfWorkers() = 1
> stop_if_not <- future.apply:::stop_if_not
> 
> message("*** utils ...")
*** utils ...
> 
> message("*** hpaste() ...")
*** hpaste() ...
> 
> # Some vectors
> x <- 1:6
> y <- 10:1
> z <- LETTERS[x]
> 
> # - - - - - - - - - - - - - - - - - - - - - - - - - - - - - -
> # Abbreviation of output vector
> # - - - - - - - - - - - - - - - - - - - - - - - - - - - - - -
> printf("x = %s.\n", hpaste(x))
x = 1, 2, 3, 4, 5, 6.
> ## x = 1, 2, 3, ..., 6.
> 
> printf("x = %s.\n", hpaste(x, maxHead = 2))
x = 1, 2, ..., 6.
> ## x = 1, 2, ..., 6.
> 
> printf("x = %s.\n", hpaste(x, maxHead = 3)) # Default
x = 1, 2, 3, ..., 6.
> ## x = 1, 2, 3, ..., 6.
> 
> # It will never output 1, 2, 3, 4, ..., 6
> printf("x = %s.\n", hpaste(x, maxHead = 4))
x = 1, 2, 3, 4, 5, 6.
> ## x = 1, 2, 3, 4, 5 and 6.
> 
> # Showing the tail
> printf("x = %s.\n", hpaste(x, maxHead = 1, maxTail = 2))
x = 1, ..., 5, 6.
> ## x = 1, ..., 5, 6.
> 
> # Turning off abbreviation
> printf("y = %s.\n", hpaste(y, maxHead = Inf))
y = 10, 9, 8, 7, 6, 5, 4, 3, 2, 1.
> ## y = 10, 9, 8, 7, 6, 5, 4, 3, 2, 1
> 
> ## ...or simply
> printf("y = %s.\n", paste(y, collapse = ", "))
y = 10, 9, 8, 7, 6, 5, 4, 3, 2, 1.
> ## y = 10, 9, 8, 7, 6, 5, 4, 3, 2, 1
> 
> # Change last separator
> printf("x = %s.\n", hpaste(x, lastCollapse = " and "))
x = 1, 2, 3, 4, 5 and 6.
> ## x = 1, 2, 3, 4, 5 and 6.
> 
> # No collapse
> stopifnot(all(hpaste(x, collapse = NULL) == x))
> 
> # Empty input
> stopifnot(identical(hpaste(character(0)), character(0)))
> 
> message("*** hpaste() ...")
*** hpaste() ...
> 
> 
> # - - - - - - - - - - - - - - - - - - - - - - - - - - - - - -
> # debug()
> # - - - - - - - - - - - - - - - - - - - - - - - - - - - - - -
> message("*** mdebug() ...")
*** mdebug() ...
> 
> mdebug("Hello #", 1)
[18:02:38.314] Hello #1
> mdebugf("Hello #%d", 1)
[18:02:38.314] Hello #1
> options(future.debug = TRUE)
> 
> mdebug("Hello #", 2)
[18:02:38.314] Hello #2
> mdebugf("Hello #%d", 2)
[18:02:38.314] Hello #2
> options(future.debug = FALSE)
> 
> mdebug("Hello #", 3)
NULL
> mdebugf("Hello #%d", 3)
NULL
> 
> message("*** mdebug() ... DONE")
*** mdebug() ... DONE
> 
> # - - - - - - - - - - - - - - - - - - - - - - - - - - - - - -
> # import_from()
> # - - - - - - - - - - - - - - - - - - - - - - - - - - - - - -
> message("*** import_from() ...")
*** import_from() ...
> 
> obj <- import_from("non-existing-fcn", default = NA, package = "future")
> stopifnot(identical(obj, NA))
> 
> res <- tryCatch({
+   obj <- import_from("non-existing-fcn", package = "future")
+ }, error = identity)
> print(res)
<simpleError: No such 'future' function: non-existing-fcn()>
> stopifnot(inherits(res, "simpleError"))
> 
> message("*** import_from() ... DONE")
*** import_from() ... DONE
> 
> 
> message("*** stop_if_not() ...")
*** stop_if_not() ...
> 
> stop_if_not(TRUE)
NULL
> stop_if_not(TRUE, TRUE)
NULL
> res <- tryCatch({
+   stop_if_not(FALSE)
+ }, error = identity)
> stopifnot(inherits(res, "simpleError"))
> res <- tryCatch({
+   stop_if_not(list(TRUE, FALSE, FALSE, FALSE, FALSE, FALSE, FALSE, FALSE, FALSE, FALSE, FALSE, FALSE, FALSE, FALSE, FALSE, FALSE))
+ }, error = identity)
> stopifnot(inherits(res, "simpleError"))
> 
> message("*** stop_if_not() ... DONE")
*** stop_if_not() ... DONE
> 
> 
> message("*** assert_values2() ...")
*** assert_values2() ...
> 
> assert_values2 <- future.apply:::assert_values2
> assert_values2(nX = 2L, values2 = as.list(1:2))
> res <- tryCatch({
+   assert_values2(nX = 1L, values = as.list(1:2), values2 = as.list(1:2), fcn = "tests", debug = TRUE)
+ }, error = identity)
> stopifnot(inherits(res, "FutureError"))
> 
> message("*** assert_values2() ... DONE")
*** assert_values2() ... DONE
> 
> 
> message("*** utils ... DONE")
*** utils ... DONE
> 
> source("incl/end.R")
> 
