
R version 4.4.0 (2024-04-24) -- "Puppy Cup"
Copyright (C) 2024 The R Foundation for Statistical Computing
Platform: x86_64-pc-linux-gnu

R is free software and comes with ABSOLUTELY NO WARRANTY.
You are welcome to redistribute it under certain conditions.
Type 'license()' or 'licence()' for distribution details.

R is a collaborative project with many contributors.
Type 'contributors()' for more information and
'citation()' on how to cite R or R packages in publications.

Type 'demo()' for some demos, 'help()' for on-line help, or
'help.start()' for an HTML browser interface to help.
Type 'q()' to quit R.

> source("incl/start,load-only.R")
[17:45:49.265] Set package option ‘parallelly.availableCores.methods’
[17:45:49.266] Environment variable ‘R_PARALLELLY_AVAILABLECORES_METHODS’ not set
[17:45:49.266] Set package option ‘parallelly.availableCores.fallback’
[17:45:49.267] Environment variable ‘R_PARALLELLY_AVAILABLECORES_FALLBACK’ not set
[17:45:49.267] Set package option ‘parallelly.availableCores.min’
[17:45:49.267] Environment variable ‘R_PARALLELLY_AVAILABLECORES_MIN’ not set
[17:45:49.267] Set package option ‘parallelly.availableCores.system’
[17:45:49.268] Environment variable ‘R_PARALLELLY_AVAILABLECORES_SYSTEM’ not set
[17:45:49.268] Set package option ‘parallelly.availableCores.logical’
[17:45:49.272] Environment variable ‘R_PARALLELLY_AVAILABLECORES_LOGICAL’ not set
[17:45:49.272] Set package option ‘parallelly.availableCores.omit’
[17:45:49.272] Environment variable ‘R_PARALLELLY_AVAILABLECORES_OMIT’ not set
[17:45:49.272] Set package option ‘parallelly.availableWorkers.methods’
[17:45:49.273] Environment variable ‘R_PARALLELLY_AVAILABLEWORKERS_METHODS’ not set
[17:45:49.273] Set package option ‘parallelly.maxWorkers.localhost’
[17:45:49.273] Environment variable ‘R_PARALLELLY_MAXWORKERS_LOCALHOST’ not set
[17:45:49.273] Set package option ‘parallelly.maxWorkers.localhost.ignore’
[17:45:49.273] Environment variable ‘R_PARALLELLY_MAXWORKERS_LOCALHOST_IGNORE’ not set
[17:45:49.273] Set package option ‘parallelly.fork.enable’
[17:45:49.274] Environment variable ‘R_PARALLELLY_FORK_ENABLE’ not set
[17:45:49.274] Set package option ‘parallelly.supportsMulticore.disableOn’
[17:45:49.274] Environment variable ‘R_PARALLELLY_SUPPORTSMULTICORE_DISABLEON’ not set
[17:45:49.274] Set package option ‘parallelly.supportsMulticore.unstable’
[17:45:49.274] Environment variable ‘R_PARALLELLY_SUPPORTSMULTICORE_UNSTABLE’ not set
[17:45:49.274] Set package option ‘parallelly.makeNodePSOCK.setup_strategy’
[17:45:49.275] Environment variable ‘R_PARALLELLY_MAKENODEPSOCK_SETUP_STRATEGY’ not set
[17:45:49.275] Set package option ‘parallelly.makeNodePSOCK.validate’
[17:45:49.275] Environment variable ‘R_PARALLELLY_MAKENODEPSOCK_VALIDATE’ not set
[17:45:49.275] Set package option ‘parallelly.makeNodePSOCK.connectTimeout’
[17:45:49.275] Environment variable ‘R_PARALLELLY_MAKENODEPSOCK_CONNECTTIMEOUT’ not set
[17:45:49.275] Set package option ‘parallelly.makeNodePSOCK.timeout’
[17:45:49.276] Environment variable ‘R_PARALLELLY_MAKENODEPSOCK_TIMEOUT’ not set
[17:45:49.276] Set package option ‘parallelly.makeNodePSOCK.useXDR’
[17:45:49.276] Environment variable ‘R_PARALLELLY_MAKENODEPSOCK_USEXDR’ not set
[17:45:49.276] Set package option ‘parallelly.makeNodePSOCK.socketOptions’
[17:45:49.276] Environment variable ‘R_PARALLELLY_MAKENODEPSOCK_SOCKETOPTIONS’ not set
[17:45:49.276] Set package option ‘parallelly.makeNodePSOCK.rshcmd’
[17:45:49.277] Environment variable ‘R_PARALLELLY_MAKENODEPSOCK_RSHCMD’ not set
[17:45:49.277] Set package option ‘parallelly.makeNodePSOCK.rshopts’
[17:45:49.277] Environment variable ‘R_PARALLELLY_MAKENODEPSOCK_RSHOPTS’ not set
[17:45:49.277] Set package option ‘parallelly.makeNodePSOCK.tries’
[17:45:49.277] Environment variable ‘R_PARALLELLY_MAKENODEPSOCK_TRIES’ not set
[17:45:49.277] Set package option ‘parallelly.makeNodePSOCK.tries.delay’
[17:45:49.278] Environment variable ‘R_PARALLELLY_MAKENODEPSOCK_TRIES_DELAY’ not set
[17:45:49.278] Set package option ‘parallelly.makeNodePSOCK.rscript_label’
[17:45:49.278] Environment variable ‘R_PARALLELLY_MAKENODEPSOCK_RSCRIPT_LABEL’ not set
[17:45:49.278] Set package option ‘parallelly.makeNodePSOCK.sessionInfo.pkgs’
[17:45:49.278] Environment variable ‘R_PARALLELLY_MAKENODEPSOCK_SESSIONINFO_PKGS’ not set
[17:45:49.278] Set package option ‘parallelly.makeNodePSOCK.autoKill’
[17:45:49.279] Environment variable ‘R_PARALLELLY_MAKENODEPSOCK_AUTOKILL’ not set
[17:45:49.279] Set package option ‘parallelly.makeNodePSOCK.master.localhost.hostname’
[17:45:49.279] Environment variable ‘R_PARALLELLY_MAKENODEPSOCK_MASTER_LOCALHOST_HOSTNAME’ not set
[17:45:49.279] Set package option ‘parallelly.makeNodePSOCK.port.increment’
[17:45:49.279] Environment variable ‘R_PARALLELLY_MAKENODEPSOCK_PORT_INCREMENT’ not set
[17:45:49.280] parallelly-specific environment variables:
[17:45:49.285] Future-specific environment variables:
[17:45:49.286] Environment variable ‘R_FUTURE_DEMO_MANDELBROT_REGION’ not set
[17:45:49.286] Environment variable ‘R_FUTURE_DEMO_MANDELBROT_NROW’ not set
[17:45:49.286] Environment variable ‘R_FUTURE_DEPRECATED_IGNORE’ not set
[17:45:49.286] Environment variable ‘R_FUTURE_DEPRECATED_DEFUNCT’ not set
[17:45:49.286] Environment variable ‘R_FUTURE_FORK_MULTITHREADING_ENABLE’ not set
[17:45:49.286] Environment variable ‘R_FUTURE_GLOBALS_MAXSIZE’ not set
[17:45:49.286] Environment variable ‘R_FUTURE_GLOBALS_ONMISSING’ not set
[17:45:49.286] Environment variable ‘R_FUTURE_GLOBALS_ONREFERENCE’ not set
[17:45:49.287] Environment variable ‘R_FUTURE_GLOBALS_METHOD’ not set
[17:45:49.287] Environment variable ‘R_FUTURE_GLOBALS_RESOLVE’ not set
[17:45:49.287] Environment variable ‘R_FUTURE_LAZY_ASSERTOWNER’ not set
[17:45:49.287] Environment variable ‘R_FUTURE_PLAN’ not set
[17:45:49.287] Environment variable ‘R_FUTURE_PLAN_DISALLOW’ not set
[17:45:49.287] Environment variable ‘R_FUTURE_PSOCK_RELAY_IMMEDIATE’ not set
[17:45:49.287] Environment variable ‘R_FUTURE_RELAY_IMMEDIATE’ not set
[17:45:49.287] Environment variable ‘R_FUTURE_RESOLVE_RECURSIVE’ not set
[17:45:49.287] Environment variable ‘R_FUTURE_ALIVE_TIMEOUT’ not set
[17:45:49.287] Environment variable ‘R_FUTURE_RESOLVED_TIMEOUT’ not set
[17:45:49.288] Environment variable ‘R_FUTURE_CLUSTER_RESOLVED_TIMEOUT’ not set
[17:45:49.288] Environment variable ‘R_FUTURE_MULTICORE_RESOLVED_TIMEOUT’ not set
[17:45:49.288] Environment variable ‘R_FUTURE_ONFUTURECONDITION_KEEPFUTURE’ not set
[17:45:49.288] Environment variable ‘R_FUTURE_RNG_ONMISUSE’ not set
[17:45:49.288] Environment variable ‘R_FUTURE_GLOBALENV_ONMISUSE’ not set
[17:45:49.288] Environment variable ‘R_FUTURE_WAIT_TIMEOUT’ not set
[17:45:49.288] Environment variable ‘R_FUTURE_WAIT_INTERVAL’ not set
[17:45:49.288] Environment variable ‘R_FUTURE_WAIT_ALPHA’ not set
[17:45:49.288] Environment variable ‘R_FUTURE_ASSIGN_GLOBALS_EXCLUDE’ not set
[17:45:49.288] Environment variable ‘R_FUTURE_OUTPUT_WINDOWS_REENCODE’ not set
[17:45:49.289] Environment variable ‘R_FUTURE_GLOBALS_GLOBALSOF_LOCALS’ not set
[17:45:49.289] Environment variable ‘R_FUTURE_STATE_ONINVALID’ not set
[17:45:49.289] Environment variable ‘R_FUTURE_JOURNAL’ not set
[17:45:49.289] Environment variable ‘R_FUTURE_GLOBALS_KEEPWHERE’ not set
[17:45:49.290] R process uuid: e6fa3352-29b8-b8cc-b0c2-6c0bb7c0aa20
[17:45:49.290] Setting plan('default')
[17:45:49.290] plan(): Setting new future strategy stack:
[17:45:49.290] List of future strategies:
[17:45:49.290] 1. sequential:
[17:45:49.290]    - args: function (..., envir = parent.frame(), workers = "<NULL>")
[17:45:49.290]    - tweaked: FALSE
[17:45:49.290]    - call: NULL
[17:45:49.292] plan(): nbrOfWorkers() = 1
[17:45:49.313] plan(): Setting new future strategy stack:
[17:45:49.313] List of future strategies:
[17:45:49.313] 1. sequential:
[17:45:49.313]    - args: function (..., envir = parent.frame(), workers = "<NULL>")
[17:45:49.313]    - tweaked: FALSE
[17:45:49.313]    - call: future::plan("sequential")
[17:45:49.326] plan(): nbrOfWorkers() = 1
> stop_if_not <- future.apply:::stop_if_not
> 
> message("*** utils ...")
*** utils ...
> 
> message("*** hpaste() ...")
*** hpaste() ...
> 
> # Some vectors
> x <- 1:6
> y <- 10:1
> z <- LETTERS[x]
> 
> # - - - - - - - - - - - - - - - - - - - - - - - - - - - - - -
> # Abbreviation of output vector
> # - - - - - - - - - - - - - - - - - - - - - - - - - - - - - -
> printf("x = %s.\n", hpaste(x))
x = 1, 2, 3, 4, 5, 6.
> ## x = 1, 2, 3, ..., 6.
> 
> printf("x = %s.\n", hpaste(x, maxHead = 2))
x = 1, 2, ..., 6.
> ## x = 1, 2, ..., 6.
> 
> printf("x = %s.\n", hpaste(x, maxHead = 3)) # Default
x = 1, 2, 3, ..., 6.
> ## x = 1, 2, 3, ..., 6.
> 
> # It will never output 1, 2, 3, 4, ..., 6
> printf("x = %s.\n", hpaste(x, maxHead = 4))
x = 1, 2, 3, 4, 5, 6.
> ## x = 1, 2, 3, 4, 5 and 6.
> 
> # Showing the tail
> printf("x = %s.\n", hpaste(x, maxHead = 1, maxTail = 2))
x = 1, ..., 5, 6.
> ## x = 1, ..., 5, 6.
> 
> # Turning off abbreviation
> printf("y = %s.\n", hpaste(y, maxHead = Inf))
y = 10, 9, 8, 7, 6, 5, 4, 3, 2, 1.
> ## y = 10, 9, 8, 7, 6, 5, 4, 3, 2, 1
> 
> ## ...or simply
> printf("y = %s.\n", paste(y, collapse = ", "))
y = 10, 9, 8, 7, 6, 5, 4, 3, 2, 1.
> ## y = 10, 9, 8, 7, 6, 5, 4, 3, 2, 1
> 
> # Change last separator
> printf("x = %s.\n", hpaste(x, lastCollapse = " and "))
x = 1, 2, 3, 4, 5 and 6.
> ## x = 1, 2, 3, 4, 5 and 6.
> 
> # No collapse
> stopifnot(all(hpaste(x, collapse = NULL) == x))
> 
> # Empty input
> stopifnot(identical(hpaste(character(0)), character(0)))
> 
> message("*** hpaste() ...")
*** hpaste() ...
> 
> 
> # - - - - - - - - - - - - - - - - - - - - - - - - - - - - - -
> # debug()
> # - - - - - - - - - - - - - - - - - - - - - - - - - - - - - -
> message("*** mdebug() ...")
*** mdebug() ...
> 
> mdebug("Hello #", 1)
[17:45:49.340] Hello #1
> mdebugf("Hello #%d", 1)
[17:45:49.340] Hello #1
> options(future.debug = TRUE)
> 
> mdebug("Hello #", 2)
[17:45:49.340] Hello #2
> mdebugf("Hello #%d", 2)
[17:45:49.340] Hello #2
> options(future.debug = FALSE)
> 
> mdebug("Hello #", 3)
NULL
> mdebugf("Hello #%d", 3)
NULL
> 
> message("*** mdebug() ... DONE")
*** mdebug() ... DONE
> 
> # - - - - - - - - - - - - - - - - - - - - - - - - - - - - - -
> # import_from()
> # - - - - - - - - - - - - - - - - - - - - - - - - - - - - - -
> message("*** import_from() ...")
*** import_from() ...
> 
> obj <- import_from("non-existing-fcn", default = NA, package = "future")
> stopifnot(identical(obj, NA))
> 
> res <- tryCatch({
+   obj <- import_from("non-existing-fcn", package = "future")
+ }, error = identity)
> print(res)
<simpleError: No such 'future' function: non-existing-fcn()>
> stopifnot(inherits(res, "simpleError"))
> 
> message("*** import_from() ... DONE")
*** import_from() ... DONE
> 
> 
> message("*** stop_if_not() ...")
*** stop_if_not() ...
> 
> stop_if_not(TRUE)
NULL
> stop_if_not(TRUE, TRUE)
NULL
> res <- tryCatch({
+   stop_if_not(FALSE)
+ }, error = identity)
> stopifnot(inherits(res, "simpleError"))
> res <- tryCatch({
+   stop_if_not(list(TRUE, FALSE, FALSE, FALSE, FALSE, FALSE, FALSE, FALSE, FALSE, FALSE, FALSE, FALSE, FALSE, FALSE, FALSE, FALSE))
+ }, error = identity)
> stopifnot(inherits(res, "simpleError"))
> 
> message("*** stop_if_not() ... DONE")
*** stop_if_not() ... DONE
> 
> 
> message("*** assert_values2() ...")
*** assert_values2() ...
> 
> assert_values2 <- future.apply:::assert_values2
> assert_values2(nX = 2L, values2 = as.list(1:2))
> res <- tryCatch({
+   assert_values2(nX = 1L, values = as.list(1:2), values2 = as.list(1:2), fcn = "tests", debug = TRUE)
+ }, error = identity)
> stopifnot(inherits(res, "FutureError"))
> 
> message("*** assert_values2() ... DONE")
*** assert_values2() ... DONE
> 
> 
> message("*** utils ... DONE")
*** utils ... DONE
> 
> source("incl/end.R")
> 
