
R version 4.5.2 (2025-10-31) -- "[Not] Part in a Rumble"
Copyright (C) 2025 The R Foundation for Statistical Computing
Platform: x86_64-pc-linux-gnu

R is free software and comes with ABSOLUTELY NO WARRANTY.
You are welcome to redistribute it under certain conditions.
Type 'license()' or 'licence()' for distribution details.

R is a collaborative project with many contributors.
Type 'contributors()' for more information and
'citation()' on how to cite R or R packages in publications.

Type 'demo()' for some demos, 'help()' for on-line help, or
'help.start()' for an HTML browser interface to help.
Type 'q()' to quit R.

> library("R.methodsS3")
R.methodsS3 v1.8.2 (2022-06-13 22:00:14 UTC) successfully loaded. See ?R.methodsS3 for help.
> 
> message("TESTING: getDispatchMethodS3()...")
TESTING: getDispatchMethodS3()...
> 
> fcn <- getDispatchMethodS3("print", "default")
> print(fcn)
function (x, digits = NULL, quote = TRUE, na.print = NULL, print.gap = NULL, 
    right = FALSE, max = NULL, width = NULL, useSource = TRUE, 
    ...) 
{
    args <- pairlist(digits = digits, quote = quote, na.print = na.print, 
        print.gap = print.gap, right = right, max = max, width = width, 
        useSource = useSource, ...)
    missings <- c(missing(digits), missing(quote), missing(na.print), 
        missing(print.gap), missing(right), missing(max), missing(width), 
        missing(useSource))
    .Internal(print.default(x, args, missings))
}
<bytecode: 0x555e54aac910>
<environment: namespace:base>
> 
> tryCatch({
+   fcn <- getDispatchMethodS3("print", "unknown")
+   print(fcn)
+ }, error = function(ex) {
+   print(ex)
+ })
<simpleError in getDispatchMethodS3.default("print", "unknown"): No method print() for this class structure: unknown>
> 
> message("TESTING: getDispatchMethodS3()...DONE")
TESTING: getDispatchMethodS3()...DONE
> 
