
R version 4.4.1 (2024-06-14) -- "Race for Your Life"
Copyright (C) 2024 The R Foundation for Statistical Computing
Platform: x86_64-pc-linux-gnu

R is free software and comes with ABSOLUTELY NO WARRANTY.
You are welcome to redistribute it under certain conditions.
Type 'license()' or 'licence()' for distribution details.

  Natural language support but running in an English locale

R is a collaborative project with many contributors.
Type 'contributors()' for more information and
'citation()' on how to cite R or R packages in publications.

Type 'demo()' for some demos, 'help()' for on-line help, or
'help.start()' for an HTML browser interface to help.
Type 'q()' to quit R.

> pkgname <- "mitml"
> source(file.path(R.home("share"), "R", "examples-header.R"))
> options(warn = 1)
> library('mitml')
*** This is beta software. Please report any bugs!
*** See the NEWS file for recent changes.
> 
> base::assign(".oldSearch", base::search(), pos = 'CheckExEnv')
> base::assign(".old_wd", base::getwd(), pos = 'CheckExEnv')
> cleanEx()
> nameEx("amelia2mitml.list")
> ### * amelia2mitml.list
> 
> flush(stderr()); flush(stdout())
> 
> ### Name: amelia2mitml.list
> ### Title: Convert objects of class 'amelia' to 'mitml.list'
> ### Aliases: amelia2mitml.list
> 
> ### ** Examples
> 
> data(studentratings)
> 
> require(Amelia)
Loading required package: Amelia
Warning in library(package, lib.loc = lib.loc, character.only = TRUE, logical.return = TRUE,  :
  there is no package called ‘Amelia’
> imp <- amelia(x = studentratings[, c("ID", "MathAchiev", "ReadAchiev")], cs = "ID")
Error in amelia(x = studentratings[, c("ID", "MathAchiev", "ReadAchiev")],  : 
  could not find function "amelia"
Execution halted
