
R version 4.3.2 (2023-10-31) -- "Eye Holes"
Copyright (C) 2023 The R Foundation for Statistical Computing
Platform: x86_64-pc-linux-gnu (64-bit)

R is free software and comes with ABSOLUTELY NO WARRANTY.
You are welcome to redistribute it under certain conditions.
Type 'license()' or 'licence()' for distribution details.

  Natural language support but running in an English locale

R is a collaborative project with many contributors.
Type 'contributors()' for more information and
'citation()' on how to cite R or R packages in publications.

Type 'demo()' for some demos, 'help()' for on-line help, or
'help.start()' for an HTML browser interface to help.
Type 'q()' to quit R.

> pkgname <- "gamm4"
> source(file.path(R.home("share"), "R", "examples-header.R"))
> options(warn = 1)
> library('gamm4')
Loading required package: Matrix
Loading required package: lme4
Loading required package: mgcv
Loading required package: nlme

Attaching package: ‘nlme’

The following object is masked from ‘package:lme4’:

    lmList

This is mgcv 1.9-0. For overview type 'help("mgcv-package")'.
This is gamm4 0.2-6

> 
> base::assign(".oldSearch", base::search(), pos = 'CheckExEnv')
> base::assign(".old_wd", base::getwd(), pos = 'CheckExEnv')
> cleanEx()
> nameEx("gamm4")
> ### * gamm4
> 
> flush(stderr()); flush(stdout())
> 
> ### Name: gamm4
> ### Title: Generalized Additive Mixed Models using lme4 and mgcv
> ### Aliases: gamm4
> ### Keywords: models smooth regression
> 
> ### ** Examples
> 
> ## NOTE: most examples are flagged as 'do not run' simply to
> ## save time in package checking on CRAN.
> 
> ###################################
> ## A simple additive mixed model...
> ###################################
> library(gamm4)
> 
> set.seed(0) 
> dat <- gamSim(1,n=400,scale=2) ## simulate 4 term additive truth
Gu & Wahba 4 term additive model
> ## Now add 20 level random effect `fac'...
> dat$fac <- fac <- as.factor(sample(1:20,400,replace=TRUE))
> dat$y <- dat$y + model.matrix(~fac-1)%*%rnorm(20)*.5
> 
> br <- gamm4(y~s(x0)+x1+s(x2),data=dat,random=~(1|fac))
Error in initializePtr() : 
  function 'cholmod_factor_ldetA' not provided by package 'Matrix'
Calls: gamm4 ... initialize -> <Anonymous> -> initializePtr -> .Call
Execution halted
