
R version 4.4.2 (2024-10-31) -- "Pile of Leaves"
Copyright (C) 2024 The R Foundation for Statistical Computing
Platform: x86_64-pc-linux-gnu

R is free software and comes with ABSOLUTELY NO WARRANTY.
You are welcome to redistribute it under certain conditions.
Type 'license()' or 'licence()' for distribution details.

R is a collaborative project with many contributors.
Type 'contributors()' for more information and
'citation()' on how to cite R or R packages in publications.

Type 'demo()' for some demos, 'help()' for on-line help, or
'help.start()' for an HTML browser interface to help.
Type 'q()' to quit R.

> ## set Z's timezone for reproducibility
> Sys.setenv(TZ = "Europe/Vienna")
> 
> ## base results
> as.Date(10957, origin = "1970-01-01")
[1] "2000-01-01"
> as.Date("2000-01-01")
[1] "2000-01-01"
> as.Date(as.POSIXct("2000-01-01 00:00:00 GMT", tz = "GMT"))
[1] "2000-01-01"
> as.Date(as.POSIXlt("2000-01-01 00:00:00 GMT", tz = "GMT"))
[1] "2000-01-01"
> as.Date(NA)
[1] NA
> 
> ## for chron objects
> library("chron")
Error in library("chron") : there is no package called ‘chron’
Execution halted
