
R version 4.4.0 (2024-04-24) -- "Puppy Cup"
Copyright (C) 2024 The R Foundation for Statistical Computing
Platform: x86_64-pc-linux-gnu

R is free software and comes with ABSOLUTELY NO WARRANTY.
You are welcome to redistribute it under certain conditions.
Type 'license()' or 'licence()' for distribution details.

R is a collaborative project with many contributors.
Type 'contributors()' for more information and
'citation()' on how to cite R or R packages in publications.

Type 'demo()' for some demos, 'help()' for on-line help, or
'help.start()' for an HTML browser interface to help.
Type 'q()' to quit R.

> source("incl/start.R")
> stopCluster <- parallel::stopCluster
> 
> message("*** cluster operations ...")
*** cluster operations ...
> 
> local({
+   cl0 <- makeClusterPSOCK(1L)
+   on.exit(stopCluster(cl0))
+   cl <- cl0
+   print(cl)
+ 
+   message("*** cluster operations - as.cluster() ...")
+   cl1 <- as.cluster(cl)
+   print(cl1)
+   stopifnot(inherits(cl1, "cluster"), identical(cl1, cl))
+ 
+   node <- cl[[1]]
+   print(node)
+   cl2 <- as.cluster(node)
+   stopifnot(inherits(cl2, "cluster"), length(cl2) == 1L,
+             identical(cl2[[1]], node))
+ 
+   node <- cl[[1]]
+   print(node)
+   stopifnot(inherits(node, if (useXDR) "SOCKnode" else "SOCK0node"))
+   nodes <- list(node, node)
+   cl3 <- as.cluster(node)
+   print(cl3)
+   stopifnot(inherits(cl3, "cluster"), length(cl3) == 1L,
+             identical(cl3[[1]], node))
+ 
+   cl4 <- as.cluster(nodes)
+   print(cl4)
+   stopifnot(inherits(cl4, "cluster"), length(cl4) == 2L,
+             identical(cl4[[1]], node), identical(cl4[[2]], node))
+   
+   message("*** cluster operations - as.cluster() ... DONE")
+ 
+   message("*** cluster operations - c(...) ...")
+   cl2 <- makeClusterPSOCK("localhost")
+   on.exit(stopCluster(cl2), add = TRUE)
+   print(cl2)
+   
+   cl <- c(cl1, cl2)
+   print(cl)
+ 
+   stopifnot(inherits(cl, "cluster"), length(cl) == 2L)
+   stopifnot(identical(cl[1], cl1),
+             identical(cl[2], cl2[1]))
+   message("*** cluster operations - c(...) ... DONE")
+ })
[17:27:06.411] [local output] makeClusterPSOCK() ...
[17:27:06.445] [local output] Workers: [n = 1] ‘localhost’
[17:27:06.446] [local output] Base port: 11069
[17:27:06.446] [local output] Getting setup options for 1 cluster nodes ...
[17:27:06.446] [local output]  - Node 1 of 1 ...
[17:27:06.447] [local output] localMachine=TRUE => revtunnel=FALSE

[17:27:06.447] Testing if worker's PID can be inferred: ‘'/usr/local/lib/R/bin/Rscript' -e 'try(suppressWarnings(cat(Sys.getpid(),file="/tmp/RtmpZHQmga/worker.rank=1.parallelly.parent=63982.f9ee281e025c.pid")), silent = TRUE)' -e 'file.exists("/tmp/RtmpZHQmga/worker.rank=1.parallelly.parent=63982.f9ee281e025c.pid")'’
[17:27:06.636] - Possible to infer worker's PID: TRUE
[17:27:06.636] [local output] Rscript port: 11069

[17:27:06.637] [local output] Getting setup options for 1 cluster nodes ... done
[17:27:06.637] [local output]  - Parallel setup requested for some PSOCK nodes
[17:27:06.637] [local output] Setting up PSOCK nodes in parallel
[17:27:06.637] List of 36
[17:27:06.637]  $ worker          : chr "localhost"
[17:27:06.637]   ..- attr(*, "localhost")= logi TRUE
[17:27:06.637]  $ master          : chr "localhost"
[17:27:06.637]  $ port            : int 11069
[17:27:06.637]  $ connectTimeout  : num 120
[17:27:06.637]  $ timeout         : num 2592000
[17:27:06.637]  $ rscript         : chr "'/usr/local/lib/R/bin/Rscript'"
[17:27:06.637]  $ homogeneous     : logi TRUE
[17:27:06.637]  $ rscript_args    : chr "--default-packages=datasets,utils,grDevices,graphics,stats,methods -e 'try(suppressWarnings(cat(Sys.getpid(),fi"| __truncated__
[17:27:06.637]  $ rscript_envs    : NULL
[17:27:06.637]  $ rscript_libs    : NULL
[17:27:06.637]  $ rscript_startup : NULL
[17:27:06.637]  $ rscript_sh      : chr "sh"
[17:27:06.637]  $ default_packages: chr [1:6] "datasets" "utils" "grDevices" "graphics" ...
[17:27:06.637]  $ methods         : logi TRUE
[17:27:06.637]  $ socketOptions   : chr "no-delay"
[17:27:06.637]  $ useXDR          : logi FALSE
[17:27:06.637]  $ outfile         : chr "/dev/null"
[17:27:06.637]  $ renice          : int NA
[17:27:06.637]  $ rshcmd          : NULL
[17:27:06.637]  $ user            : chr(0) 
[17:27:06.637]  $ revtunnel       : logi FALSE
[17:27:06.637]  $ rshlogfile      : NULL
[17:27:06.637]  $ rshopts         : chr(0) 
[17:27:06.637]  $ rank            : int 1
[17:27:06.637]  $ manual          : logi FALSE
[17:27:06.637]  $ dryrun          : logi FALSE
[17:27:06.637]  $ quiet           : logi FALSE
[17:27:06.637]  $ setup_strategy  : chr "parallel"
[17:27:06.637]  $ local_cmd       : chr "'/usr/local/lib/R/bin/Rscript' --default-packages=datasets,utils,grDevices,graphics,stats,methods -e 'try(suppr"| __truncated__
[17:27:06.637]  $ pidfile         : chr "/tmp/RtmpZHQmga/worker.rank=1.parallelly.parent=63982.f9ee281e025c.pid"
[17:27:06.637]  $ rshcmd_label    : NULL
[17:27:06.637]  $ rsh_call        : NULL
[17:27:06.637]  $ cmd             : chr "'/usr/local/lib/R/bin/Rscript' --default-packages=datasets,utils,grDevices,graphics,stats,methods -e 'try(suppr"| __truncated__
[17:27:06.637]  $ localMachine    : logi TRUE
[17:27:06.637]  $ make_fcn        :function (worker = getOption2("parallelly.localhost.hostname", "localhost"), 
[17:27:06.637]     master = NULL, port, connectTimeout = getOption2("parallelly.makeNodePSOCK.connectTimeout", 
[17:27:06.637]         2 * 60), timeout = getOption2("parallelly.makeNodePSOCK.timeout", 
[17:27:06.637]         30 * 24 * 60 * 60), rscript = NULL, homogeneous = NULL, rscript_args = NULL, 
[17:27:06.637]     rscript_envs = NULL, rscript_libs = NULL, rscript_startup = NULL, rscript_sh = c("auto", 
[17:27:06.637]         "cmd", "sh"), default_packages = c("datasets", "utils", "grDevices", 
[17:27:06.637]         "graphics", "stats", if (methods) "methods"), methods = TRUE, socketOptions = getOption2("parallelly.makeNodePSOCK.socketOptions", 
[17:27:06.637]         "no-delay"), useXDR = getOption2("parallelly.makeNodePSOCK.useXDR", 
[17:27:06.637]         FALSE), outfile = "/dev/null", renice = NA_integer_, rshcmd = getOption2("parallelly.makeNodePSOCK.rshcmd", 
[17:27:06.637]         NULL), user = NULL, revtunnel = NA, rshlogfile = NULL, rshopts = getOption2("parallelly.makeNodePSOCK.rshopts", 
[17:27:06.637]         NULL), rank = 1L, manual = FALSE, dryrun = FALSE, quiet = FALSE, 
[17:27:06.637]     setup_strategy = getOption2("parallelly.makeNodePSOCK.setup_strategy", 
[17:27:06.637]         "parallel"), action = c("launch", "options"), verbose = FALSE)  
[17:27:06.637]  $ arguments       :List of 28
[17:27:06.637]   ..$ worker          : chr "localhost"
[17:27:06.637]   ..$ master          : NULL
[17:27:06.637]   ..$ port            : int 11069
[17:27:06.637]   ..$ connectTimeout  : num 120
[17:27:06.637]   ..$ timeout         : num 2592000
[17:27:06.637]   ..$ rscript         : NULL
[17:27:06.637]   ..$ homogeneous     : NULL
[17:27:06.637]   ..$ rscript_args    : NULL
[17:27:06.637]   ..$ rscript_envs    : NULL
[17:27:06.637]   ..$ rscript_libs    : NULL
[17:27:06.637]   ..$ rscript_startup : NULL
[17:27:06.637]   ..$ rscript_sh      : chr [1:3] "auto" "cmd" "sh"
[17:27:06.637]   ..$ default_packages: chr [1:6] "datasets" "utils" "grDevices" "graphics" ...
[17:27:06.637]   ..$ methods         : logi TRUE
[17:27:06.637]   ..$ socketOptions   : chr "no-delay"
[17:27:06.637]   ..$ useXDR          : logi FALSE
[17:27:06.637]   ..$ outfile         : chr "/dev/null"
[17:27:06.637]   ..$ renice          : int NA
[17:27:06.637]   ..$ rshcmd          : NULL
[17:27:06.637]   ..$ user            : NULL
[17:27:06.637]   ..$ revtunnel       : logi NA
[17:27:06.637]   ..$ rshlogfile      : NULL
[17:27:06.637]   ..$ rshopts         : NULL
[17:27:06.637]   ..$ rank            : int 1
[17:27:06.637]   ..$ manual          : logi FALSE
[17:27:06.637]   ..$ dryrun          : logi FALSE
[17:27:06.637]   ..$ quiet           : logi FALSE
[17:27:06.637]   ..$ setup_strategy  : chr "parallel"
[17:27:06.637]  - attr(*, "class")= chr [1:2] "makeNodePSOCKOptions" "makeNodeOptions"
[17:27:06.656] [local output] System call to launch all workers:
[17:27:06.656] [local output] '/usr/local/lib/R/bin/Rscript' --default-packages=datasets,utils,grDevices,graphics,stats,methods -e 'try(suppressWarnings(cat(Sys.getpid(),file="/tmp/RtmpZHQmga/worker.rank=1.parallelly.parent=63982.f9ee281e025c.pid")), silent = TRUE)' -e 'options(socketOptions = "no-delay")' -e 'workRSOCK <- tryCatch(parallel:::.workRSOCK, error=function(e) parallel:::.slaveRSOCK); workRSOCK()' MASTER=localhost PORT=11069 OUT=/dev/null TIMEOUT=2592000 XDR=FALSE SETUPTIMEOUT=120 SETUPSTRATEGY=parallel
[17:27:06.656] [local output] Starting PSOCK main server
[17:27:06.661] [local output] Workers launched
[17:27:06.661] [local output] Waiting for workers to connect back
[17:27:06.661]  - [local output] 0 workers out of 1 ready
[17:27:06.853]  - [local output] 0 workers out of 1 ready
[17:27:06.853]  - [local output] 1 workers out of 1 ready
[17:27:06.853] [local output] Launching of workers completed
[17:27:06.853] [local output] Collecting session information from workers
[17:27:06.854] [local output]  - Worker #1 of 1
[17:27:06.854] [local output] makeClusterPSOCK() ... done
Socket cluster with 1 nodes where 1 node is on host ‘localhost’ (R version 4.4.0 (2024-04-24), platform x86_64-pc-linux-gnu)
*** cluster operations - as.cluster() ...
Socket cluster with 1 nodes where 1 node is on host ‘localhost’ (R version 4.4.0 (2024-04-24), platform x86_64-pc-linux-gnu)
RichSOCKnode of a socket cluster on local host 'localhost' with pid 64033 (R version 4.4.0 (2024-04-24), x86_64-pc-linux-gnu) using socket connection #4 ('<-localhost:11069')
RichSOCKnode of a socket cluster on local host 'localhost' with pid 64033 (R version 4.4.0 (2024-04-24), x86_64-pc-linux-gnu) using socket connection #4 ('<-localhost:11069')
Socket cluster with 1 nodes where 1 node is on host ‘localhost’ (R version 4.4.0 (2024-04-24), platform x86_64-pc-linux-gnu)
Warning: The combined cluster contains 1 duplicated nodes
Socket cluster with 2 nodes where 2 nodes are on host ‘localhost’ (R version 4.4.0 (2024-04-24), platform x86_64-pc-linux-gnu)
*** cluster operations - as.cluster() ... DONE
*** cluster operations - c(...) ...
[17:27:06.862] [local output] makeClusterPSOCK() ...
[17:27:06.862] [local output] Workers: [n = 1] ‘localhost’
[17:27:06.863] [local output] Base port: 11653
[17:27:06.863] [local output] Getting setup options for 1 cluster nodes ...
[17:27:06.863] [local output]  - Node 1 of 1 ...
[17:27:06.863] [local output] localMachine=TRUE => revtunnel=FALSE

[17:27:06.864] [local output] Rscript port: 11653

[17:27:06.864] [local output] Getting setup options for 1 cluster nodes ... done
[17:27:06.864] [local output]  - Parallel setup requested for some PSOCK nodes
[17:27:06.865] [local output] Setting up PSOCK nodes in parallel
[17:27:06.865] List of 36
[17:27:06.865]  $ worker          : chr "localhost"
[17:27:06.865]   ..- attr(*, "localhost")= logi TRUE
[17:27:06.865]  $ master          : chr "localhost"
[17:27:06.865]  $ port            : int 11653
[17:27:06.865]  $ connectTimeout  : num 120
[17:27:06.865]  $ timeout         : num 2592000
[17:27:06.865]  $ rscript         : chr "'/usr/local/lib/R/bin/Rscript'"
[17:27:06.865]  $ homogeneous     : logi TRUE
[17:27:06.865]  $ rscript_args    : chr "--default-packages=datasets,utils,grDevices,graphics,stats,methods -e 'try(suppressWarnings(cat(Sys.getpid(),fi"| __truncated__
[17:27:06.865]  $ rscript_envs    : NULL
[17:27:06.865]  $ rscript_libs    : NULL
[17:27:06.865]  $ rscript_startup : NULL
[17:27:06.865]  $ rscript_sh      : chr "sh"
[17:27:06.865]  $ default_packages: chr [1:6] "datasets" "utils" "grDevices" "graphics" ...
[17:27:06.865]  $ methods         : logi TRUE
[17:27:06.865]  $ socketOptions   : chr "no-delay"
[17:27:06.865]  $ useXDR          : logi FALSE
[17:27:06.865]  $ outfile         : chr "/dev/null"
[17:27:06.865]  $ renice          : int NA
[17:27:06.865]  $ rshcmd          : NULL
[17:27:06.865]  $ user            : chr(0) 
[17:27:06.865]  $ revtunnel       : logi FALSE
[17:27:06.865]  $ rshlogfile      : NULL
[17:27:06.865]  $ rshopts         : chr(0) 
[17:27:06.865]  $ rank            : int 1
[17:27:06.865]  $ manual          : logi FALSE
[17:27:06.865]  $ dryrun          : logi FALSE
[17:27:06.865]  $ quiet           : logi FALSE
[17:27:06.865]  $ setup_strategy  : chr "parallel"
[17:27:06.865]  $ local_cmd       : chr "'/usr/local/lib/R/bin/Rscript' --default-packages=datasets,utils,grDevices,graphics,stats,methods -e 'try(suppr"| __truncated__
[17:27:06.865]  $ pidfile         : chr "/tmp/RtmpZHQmga/worker.rank=1.parallelly.parent=63982.f9ee4aef8508.pid"
[17:27:06.865]  $ rshcmd_label    : NULL
[17:27:06.865]  $ rsh_call        : NULL
[17:27:06.865]  $ cmd             : chr "'/usr/local/lib/R/bin/Rscript' --default-packages=datasets,utils,grDevices,graphics,stats,methods -e 'try(suppr"| __truncated__
[17:27:06.865]  $ localMachine    : logi TRUE
[17:27:06.865]  $ make_fcn        :function (worker = getOption2("parallelly.localhost.hostname", "localhost"), 
[17:27:06.865]     master = NULL, port, connectTimeout = getOption2("parallelly.makeNodePSOCK.connectTimeout", 
[17:27:06.865]         2 * 60), timeout = getOption2("parallelly.makeNodePSOCK.timeout", 
[17:27:06.865]         30 * 24 * 60 * 60), rscript = NULL, homogeneous = NULL, rscript_args = NULL, 
[17:27:06.865]     rscript_envs = NULL, rscript_libs = NULL, rscript_startup = NULL, rscript_sh = c("auto", 
[17:27:06.865]         "cmd", "sh"), default_packages = c("datasets", "utils", "grDevices", 
[17:27:06.865]         "graphics", "stats", if (methods) "methods"), methods = TRUE, socketOptions = getOption2("parallelly.makeNodePSOCK.socketOptions", 
[17:27:06.865]         "no-delay"), useXDR = getOption2("parallelly.makeNodePSOCK.useXDR", 
[17:27:06.865]         FALSE), outfile = "/dev/null", renice = NA_integer_, rshcmd = getOption2("parallelly.makeNodePSOCK.rshcmd", 
[17:27:06.865]         NULL), user = NULL, revtunnel = NA, rshlogfile = NULL, rshopts = getOption2("parallelly.makeNodePSOCK.rshopts", 
[17:27:06.865]         NULL), rank = 1L, manual = FALSE, dryrun = FALSE, quiet = FALSE, 
[17:27:06.865]     setup_strategy = getOption2("parallelly.makeNodePSOCK.setup_strategy", 
[17:27:06.865]         "parallel"), action = c("launch", "options"), verbose = FALSE)  
[17:27:06.865]  $ arguments       :List of 28
[17:27:06.865]   ..$ worker          : chr "localhost"
[17:27:06.865]   ..$ master          : NULL
[17:27:06.865]   ..$ port            : int 11653
[17:27:06.865]   ..$ connectTimeout  : num 120
[17:27:06.865]   ..$ timeout         : num 2592000
[17:27:06.865]   ..$ rscript         : NULL
[17:27:06.865]   ..$ homogeneous     : NULL
[17:27:06.865]   ..$ rscript_args    : NULL
[17:27:06.865]   ..$ rscript_envs    : NULL
[17:27:06.865]   ..$ rscript_libs    : NULL
[17:27:06.865]   ..$ rscript_startup : NULL
[17:27:06.865]   ..$ rscript_sh      : chr [1:3] "auto" "cmd" "sh"
[17:27:06.865]   ..$ default_packages: chr [1:6] "datasets" "utils" "grDevices" "graphics" ...
[17:27:06.865]   ..$ methods         : logi TRUE
[17:27:06.865]   ..$ socketOptions   : chr "no-delay"
[17:27:06.865]   ..$ useXDR          : logi FALSE
[17:27:06.865]   ..$ outfile         : chr "/dev/null"
[17:27:06.865]   ..$ renice          : int NA
[17:27:06.865]   ..$ rshcmd          : NULL
[17:27:06.865]   ..$ user            : NULL
[17:27:06.865]   ..$ revtunnel       : logi NA
[17:27:06.865]   ..$ rshlogfile      : NULL
[17:27:06.865]   ..$ rshopts         : NULL
[17:27:06.865]   ..$ rank            : int 1
[17:27:06.865]   ..$ manual          : logi FALSE
[17:27:06.865]   ..$ dryrun          : logi FALSE
[17:27:06.865]   ..$ quiet           : logi FALSE
[17:27:06.865]   ..$ setup_strategy  : chr "parallel"
[17:27:06.865]  - attr(*, "class")= chr [1:2] "makeNodePSOCKOptions" "makeNodeOptions"
[17:27:06.883] [local output] System call to launch all workers:
[17:27:06.883] [local output] '/usr/local/lib/R/bin/Rscript' --default-packages=datasets,utils,grDevices,graphics,stats,methods -e 'try(suppressWarnings(cat(Sys.getpid(),file="/tmp/RtmpZHQmga/worker.rank=1.parallelly.parent=63982.f9ee4aef8508.pid")), silent = TRUE)' -e 'options(socketOptions = "no-delay")' -e 'workRSOCK <- tryCatch(parallel:::.workRSOCK, error=function(e) parallel:::.slaveRSOCK); workRSOCK()' MASTER=localhost PORT=11653 OUT=/dev/null TIMEOUT=2592000 XDR=FALSE SETUPTIMEOUT=120 SETUPSTRATEGY=parallel
[17:27:06.883] [local output] Starting PSOCK main server
[17:27:06.885] [local output] Workers launched
[17:27:06.885] [local output] Waiting for workers to connect back
[17:27:06.885]  - [local output] 0 workers out of 1 ready
[17:27:07.077]  - [local output] 0 workers out of 1 ready
[17:27:07.078]  - [local output] 1 workers out of 1 ready
[17:27:07.078] [local output] Launching of workers completed
[17:27:07.078] [local output] Collecting session information from workers
[17:27:07.079] [local output]  - Worker #1 of 1
[17:27:07.079] [local output] makeClusterPSOCK() ... done
Socket cluster with 1 nodes where 1 node is on host ‘localhost’ (R version 4.4.0 (2024-04-24), platform x86_64-pc-linux-gnu)
Socket cluster with 2 nodes where 2 nodes are on host ‘localhost’ (R version 4.4.0 (2024-04-24), platform x86_64-pc-linux-gnu)
*** cluster operations - c(...) ... DONE
> 
> 
> message("*** cluster operations - makeClusterPSOCK(remotes) ...")
*** cluster operations - makeClusterPSOCK(remotes) ...
> 
> remotes <- Sys.getenv("R_PARALLELLY_TESTS_REMOTES", "")
> remotes <- gsub(" ", "", unlist(strsplit(remotes, split = ",")))
> remotes <- remotes[nzchar(remotes)]
> if (length(remotes) > 0) {
+   message("Remotes: ", paste(sQuote(remotes), collapse = ", "))
+   local({
+     cl <- makeClusterPSOCK(remotes, verbose = TRUE)
+     on.exit(stopCluster(cl))
+     print(cl)
+   })
+ }
> 
> message("*** cluster operations - makeClusterPSOCK(remotes) ... DONE")
*** cluster operations - makeClusterPSOCK(remotes) ... DONE
> 
> message("*** cluster operations ... DONE")
*** cluster operations ... DONE
> 
> source("incl/end.R")
> 
