
R version 4.4.0 (2024-04-24) -- "Puppy Cup"
Copyright (C) 2024 The R Foundation for Statistical Computing
Platform: x86_64-pc-linux-gnu

R is free software and comes with ABSOLUTELY NO WARRANTY.
You are welcome to redistribute it under certain conditions.
Type 'license()' or 'licence()' for distribution details.

R is a collaborative project with many contributors.
Type 'contributors()' for more information and
'citation()' on how to cite R or R packages in publications.

Type 'demo()' for some demos, 'help()' for on-line help, or
'help.start()' for an HTML browser interface to help.
Type 'q()' to quit R.

> source("incl/start.R")
> stopCluster <- parallel::stopCluster
> 
> message("*** cluster operations ...")
*** cluster operations ...
> 
> local({
+   cl0 <- makeClusterPSOCK(1L)
+   on.exit(stopCluster(cl0))
+   cl <- cl0
+   print(cl)
+ 
+   message("*** cluster operations - as.cluster() ...")
+   cl1 <- as.cluster(cl)
+   print(cl1)
+   stopifnot(inherits(cl1, "cluster"), identical(cl1, cl))
+ 
+   node <- cl[[1]]
+   print(node)
+   cl2 <- as.cluster(node)
+   stopifnot(inherits(cl2, "cluster"), length(cl2) == 1L,
+             identical(cl2[[1]], node))
+ 
+   node <- cl[[1]]
+   print(node)
+   stopifnot(inherits(node, if (useXDR) "SOCKnode" else "SOCK0node"))
+   nodes <- list(node, node)
+   cl3 <- as.cluster(node)
+   print(cl3)
+   stopifnot(inherits(cl3, "cluster"), length(cl3) == 1L,
+             identical(cl3[[1]], node))
+ 
+   cl4 <- as.cluster(nodes)
+   print(cl4)
+   stopifnot(inherits(cl4, "cluster"), length(cl4) == 2L,
+             identical(cl4[[1]], node), identical(cl4[[2]], node))
+   
+   message("*** cluster operations - as.cluster() ... DONE")
+ 
+   message("*** cluster operations - c(...) ...")
+   cl2 <- makeClusterPSOCK("localhost")
+   on.exit(stopCluster(cl2), add = TRUE)
+   print(cl2)
+   
+   cl <- c(cl1, cl2)
+   print(cl)
+ 
+   stopifnot(inherits(cl, "cluster"), length(cl) == 2L)
+   stopifnot(identical(cl[1], cl1),
+             identical(cl[2], cl2[1]))
+   message("*** cluster operations - c(...) ... DONE")
+ })
[19:05:10.148] [local output] makeClusterPSOCK() ...
[19:05:10.235] [local output] Workers: [n = 1] ‘localhost’
[19:05:10.237] [local output] Base port: 11747
[19:05:10.237] [local output] Getting setup options for 1 cluster nodes ...
[19:05:10.237] [local output]  - Node 1 of 1 ...
[19:05:10.238] [local output] localMachine=TRUE => revtunnel=FALSE

[19:05:10.240] Testing if worker's PID can be inferred: ‘'/usr/local/lib/R/bin/Rscript' -e 'try(suppressWarnings(cat(Sys.getpid(),file="/tmp/Rtmpphl0xh/worker.rank=1.parallelly.parent=352747.561eb23e89ac6.pid")), silent = TRUE)' -e 'file.exists("/tmp/Rtmpphl0xh/worker.rank=1.parallelly.parent=352747.561eb23e89ac6.pid")'’
[19:05:10.517] - Possible to infer worker's PID: TRUE
[19:05:10.517] [local output] Rscript port: 11747

[19:05:10.518] [local output] Getting setup options for 1 cluster nodes ... done
[19:05:10.518] [local output]  - Parallel setup requested for some PSOCK nodes
[19:05:10.519] [local output] Setting up PSOCK nodes in parallel
[19:05:10.519] List of 36
[19:05:10.519]  $ worker          : chr "localhost"
[19:05:10.519]   ..- attr(*, "localhost")= logi TRUE
[19:05:10.519]  $ master          : chr "localhost"
[19:05:10.519]  $ port            : int 11747
[19:05:10.519]  $ connectTimeout  : num 120
[19:05:10.519]  $ timeout         : num 2592000
[19:05:10.519]  $ rscript         : chr "'/usr/local/lib/R/bin/Rscript'"
[19:05:10.519]  $ homogeneous     : logi TRUE
[19:05:10.519]  $ rscript_args    : chr "--default-packages=datasets,utils,grDevices,graphics,stats,methods -e 'try(suppressWarnings(cat(Sys.getpid(),fi"| __truncated__
[19:05:10.519]  $ rscript_envs    : NULL
[19:05:10.519]  $ rscript_libs    : NULL
[19:05:10.519]  $ rscript_startup : NULL
[19:05:10.519]  $ rscript_sh      : chr "sh"
[19:05:10.519]  $ default_packages: chr [1:6] "datasets" "utils" "grDevices" "graphics" ...
[19:05:10.519]  $ methods         : logi TRUE
[19:05:10.519]  $ socketOptions   : chr "no-delay"
[19:05:10.519]  $ useXDR          : logi FALSE
[19:05:10.519]  $ outfile         : chr "/dev/null"
[19:05:10.519]  $ renice          : int NA
[19:05:10.519]  $ rshcmd          : NULL
[19:05:10.519]  $ user            : chr(0) 
[19:05:10.519]  $ revtunnel       : logi FALSE
[19:05:10.519]  $ rshlogfile      : NULL
[19:05:10.519]  $ rshopts         : chr(0) 
[19:05:10.519]  $ rank            : int 1
[19:05:10.519]  $ manual          : logi FALSE
[19:05:10.519]  $ dryrun          : logi FALSE
[19:05:10.519]  $ quiet           : logi FALSE
[19:05:10.519]  $ setup_strategy  : chr "parallel"
[19:05:10.519]  $ local_cmd       : chr "'/usr/local/lib/R/bin/Rscript' --default-packages=datasets,utils,grDevices,graphics,stats,methods -e 'try(suppr"| __truncated__
[19:05:10.519]  $ pidfile         : chr "/tmp/Rtmpphl0xh/worker.rank=1.parallelly.parent=352747.561eb23e89ac6.pid"
[19:05:10.519]  $ rshcmd_label    : NULL
[19:05:10.519]  $ rsh_call        : NULL
[19:05:10.519]  $ cmd             : chr "'/usr/local/lib/R/bin/Rscript' --default-packages=datasets,utils,grDevices,graphics,stats,methods -e 'try(suppr"| __truncated__
[19:05:10.519]  $ localMachine    : logi TRUE
[19:05:10.519]  $ make_fcn        :function (worker = getOption2("parallelly.localhost.hostname", "localhost"), 
[19:05:10.519]     master = NULL, port, connectTimeout = getOption2("parallelly.makeNodePSOCK.connectTimeout", 
[19:05:10.519]         2 * 60), timeout = getOption2("parallelly.makeNodePSOCK.timeout", 
[19:05:10.519]         30 * 24 * 60 * 60), rscript = NULL, homogeneous = NULL, rscript_args = NULL, 
[19:05:10.519]     rscript_envs = NULL, rscript_libs = NULL, rscript_startup = NULL, rscript_sh = c("auto", 
[19:05:10.519]         "cmd", "sh"), default_packages = c("datasets", "utils", "grDevices", 
[19:05:10.519]         "graphics", "stats", if (methods) "methods"), methods = TRUE, socketOptions = getOption2("parallelly.makeNodePSOCK.socketOptions", 
[19:05:10.519]         "no-delay"), useXDR = getOption2("parallelly.makeNodePSOCK.useXDR", 
[19:05:10.519]         FALSE), outfile = "/dev/null", renice = NA_integer_, rshcmd = getOption2("parallelly.makeNodePSOCK.rshcmd", 
[19:05:10.519]         NULL), user = NULL, revtunnel = NA, rshlogfile = NULL, rshopts = getOption2("parallelly.makeNodePSOCK.rshopts", 
[19:05:10.519]         NULL), rank = 1L, manual = FALSE, dryrun = FALSE, quiet = FALSE, 
[19:05:10.519]     setup_strategy = getOption2("parallelly.makeNodePSOCK.setup_strategy", 
[19:05:10.519]         "parallel"), action = c("launch", "options"), verbose = FALSE)  
[19:05:10.519]  $ arguments       :List of 28
[19:05:10.519]   ..$ worker          : chr "localhost"
[19:05:10.519]   ..$ master          : NULL
[19:05:10.519]   ..$ port            : int 11747
[19:05:10.519]   ..$ connectTimeout  : num 120
[19:05:10.519]   ..$ timeout         : num 2592000
[19:05:10.519]   ..$ rscript         : NULL
[19:05:10.519]   ..$ homogeneous     : NULL
[19:05:10.519]   ..$ rscript_args    : NULL
[19:05:10.519]   ..$ rscript_envs    : NULL
[19:05:10.519]   ..$ rscript_libs    : NULL
[19:05:10.519]   ..$ rscript_startup : NULL
[19:05:10.519]   ..$ rscript_sh      : chr [1:3] "auto" "cmd" "sh"
[19:05:10.519]   ..$ default_packages: chr [1:6] "datasets" "utils" "grDevices" "graphics" ...
[19:05:10.519]   ..$ methods         : logi TRUE
[19:05:10.519]   ..$ socketOptions   : chr "no-delay"
[19:05:10.519]   ..$ useXDR          : logi FALSE
[19:05:10.519]   ..$ outfile         : chr "/dev/null"
[19:05:10.519]   ..$ renice          : int NA
[19:05:10.519]   ..$ rshcmd          : NULL
[19:05:10.519]   ..$ user            : NULL
[19:05:10.519]   ..$ revtunnel       : logi NA
[19:05:10.519]   ..$ rshlogfile      : NULL
[19:05:10.519]   ..$ rshopts         : NULL
[19:05:10.519]   ..$ rank            : int 1
[19:05:10.519]   ..$ manual          : logi FALSE
[19:05:10.519]   ..$ dryrun          : logi FALSE
[19:05:10.519]   ..$ quiet           : logi FALSE
[19:05:10.519]   ..$ setup_strategy  : chr "parallel"
[19:05:10.519]  - attr(*, "class")= chr [1:2] "makeNodePSOCKOptions" "makeNodeOptions"
[19:05:10.559] [local output] System call to launch all workers:
[19:05:10.559] [local output] '/usr/local/lib/R/bin/Rscript' --default-packages=datasets,utils,grDevices,graphics,stats,methods -e 'try(suppressWarnings(cat(Sys.getpid(),file="/tmp/Rtmpphl0xh/worker.rank=1.parallelly.parent=352747.561eb23e89ac6.pid")), silent = TRUE)' -e 'options(socketOptions = "no-delay")' -e 'workRSOCK <- tryCatch(parallel:::.workRSOCK, error=function(e) parallel:::.slaveRSOCK); workRSOCK()' MASTER=localhost PORT=11747 OUT=/dev/null TIMEOUT=2592000 XDR=FALSE SETUPTIMEOUT=120 SETUPSTRATEGY=parallel
[19:05:10.559] [local output] Starting PSOCK main server
[19:05:10.567] [local output] Workers launched
[19:05:10.567] [local output] Waiting for workers to connect back
[19:05:10.568]  - [local output] 0 workers out of 1 ready
[19:05:10.847]  - [local output] 0 workers out of 1 ready
[19:05:10.847]  - [local output] 1 workers out of 1 ready
[19:05:10.847] [local output] Launching of workers completed
[19:05:10.848] [local output] Collecting session information from workers
[19:05:10.849] [local output]  - Worker #1 of 1
[19:05:10.849] [local output] makeClusterPSOCK() ... done
Socket cluster with 1 nodes where 1 node is on host ‘localhost’ (R version 4.4.0 (2024-04-24), platform x86_64-pc-linux-gnu)
*** cluster operations - as.cluster() ...
Socket cluster with 1 nodes where 1 node is on host ‘localhost’ (R version 4.4.0 (2024-04-24), platform x86_64-pc-linux-gnu)
RichSOCKnode of a socket cluster on local host 'localhost' with pid 352796 (R version 4.4.0 (2024-04-24), x86_64-pc-linux-gnu) using socket connection #4 ('<-localhost:11747')
RichSOCKnode of a socket cluster on local host 'localhost' with pid 352796 (R version 4.4.0 (2024-04-24), x86_64-pc-linux-gnu) using socket connection #4 ('<-localhost:11747')
Socket cluster with 1 nodes where 1 node is on host ‘localhost’ (R version 4.4.0 (2024-04-24), platform x86_64-pc-linux-gnu)
Warning: The combined cluster contains 1 duplicated nodes
Socket cluster with 2 nodes where 2 nodes are on host ‘localhost’ (R version 4.4.0 (2024-04-24), platform x86_64-pc-linux-gnu)
*** cluster operations - as.cluster() ... DONE
*** cluster operations - c(...) ...
[19:05:10.867] [local output] makeClusterPSOCK() ...
[19:05:10.867] [local output] Workers: [n = 1] ‘localhost’
[19:05:10.868] [local output] Base port: 11947
[19:05:10.869] [local output] Getting setup options for 1 cluster nodes ...
[19:05:10.869] [local output]  - Node 1 of 1 ...
[19:05:10.870] [local output] localMachine=TRUE => revtunnel=FALSE

[19:05:10.871] [local output] Rscript port: 11947

[19:05:10.871] [local output] Getting setup options for 1 cluster nodes ... done
[19:05:10.872] [local output]  - Parallel setup requested for some PSOCK nodes
[19:05:10.872] [local output] Setting up PSOCK nodes in parallel
[19:05:10.872] List of 36
[19:05:10.872]  $ worker          : chr "localhost"
[19:05:10.872]   ..- attr(*, "localhost")= logi TRUE
[19:05:10.872]  $ master          : chr "localhost"
[19:05:10.872]  $ port            : int 11947
[19:05:10.872]  $ connectTimeout  : num 120
[19:05:10.872]  $ timeout         : num 2592000
[19:05:10.872]  $ rscript         : chr "'/usr/local/lib/R/bin/Rscript'"
[19:05:10.872]  $ homogeneous     : logi TRUE
[19:05:10.872]  $ rscript_args    : chr "--default-packages=datasets,utils,grDevices,graphics,stats,methods -e 'try(suppressWarnings(cat(Sys.getpid(),fi"| __truncated__
[19:05:10.872]  $ rscript_envs    : NULL
[19:05:10.872]  $ rscript_libs    : NULL
[19:05:10.872]  $ rscript_startup : NULL
[19:05:10.872]  $ rscript_sh      : chr "sh"
[19:05:10.872]  $ default_packages: chr [1:6] "datasets" "utils" "grDevices" "graphics" ...
[19:05:10.872]  $ methods         : logi TRUE
[19:05:10.872]  $ socketOptions   : chr "no-delay"
[19:05:10.872]  $ useXDR          : logi FALSE
[19:05:10.872]  $ outfile         : chr "/dev/null"
[19:05:10.872]  $ renice          : int NA
[19:05:10.872]  $ rshcmd          : NULL
[19:05:10.872]  $ user            : chr(0) 
[19:05:10.872]  $ revtunnel       : logi FALSE
[19:05:10.872]  $ rshlogfile      : NULL
[19:05:10.872]  $ rshopts         : chr(0) 
[19:05:10.872]  $ rank            : int 1
[19:05:10.872]  $ manual          : logi FALSE
[19:05:10.872]  $ dryrun          : logi FALSE
[19:05:10.872]  $ quiet           : logi FALSE
[19:05:10.872]  $ setup_strategy  : chr "parallel"
[19:05:10.872]  $ local_cmd       : chr "'/usr/local/lib/R/bin/Rscript' --default-packages=datasets,utils,grDevices,graphics,stats,methods -e 'try(suppr"| __truncated__
[19:05:10.872]  $ pidfile         : chr "/tmp/Rtmpphl0xh/worker.rank=1.parallelly.parent=352747.561ebb7597f9.pid"
[19:05:10.872]  $ rshcmd_label    : NULL
[19:05:10.872]  $ rsh_call        : NULL
[19:05:10.872]  $ cmd             : chr "'/usr/local/lib/R/bin/Rscript' --default-packages=datasets,utils,grDevices,graphics,stats,methods -e 'try(suppr"| __truncated__
[19:05:10.872]  $ localMachine    : logi TRUE
[19:05:10.872]  $ make_fcn        :function (worker = getOption2("parallelly.localhost.hostname", "localhost"), 
[19:05:10.872]     master = NULL, port, connectTimeout = getOption2("parallelly.makeNodePSOCK.connectTimeout", 
[19:05:10.872]         2 * 60), timeout = getOption2("parallelly.makeNodePSOCK.timeout", 
[19:05:10.872]         30 * 24 * 60 * 60), rscript = NULL, homogeneous = NULL, rscript_args = NULL, 
[19:05:10.872]     rscript_envs = NULL, rscript_libs = NULL, rscript_startup = NULL, rscript_sh = c("auto", 
[19:05:10.872]         "cmd", "sh"), default_packages = c("datasets", "utils", "grDevices", 
[19:05:10.872]         "graphics", "stats", if (methods) "methods"), methods = TRUE, socketOptions = getOption2("parallelly.makeNodePSOCK.socketOptions", 
[19:05:10.872]         "no-delay"), useXDR = getOption2("parallelly.makeNodePSOCK.useXDR", 
[19:05:10.872]         FALSE), outfile = "/dev/null", renice = NA_integer_, rshcmd = getOption2("parallelly.makeNodePSOCK.rshcmd", 
[19:05:10.872]         NULL), user = NULL, revtunnel = NA, rshlogfile = NULL, rshopts = getOption2("parallelly.makeNodePSOCK.rshopts", 
[19:05:10.872]         NULL), rank = 1L, manual = FALSE, dryrun = FALSE, quiet = FALSE, 
[19:05:10.872]     setup_strategy = getOption2("parallelly.makeNodePSOCK.setup_strategy", 
[19:05:10.872]         "parallel"), action = c("launch", "options"), verbose = FALSE)  
[19:05:10.872]  $ arguments       :List of 28
[19:05:10.872]   ..$ worker          : chr "localhost"
[19:05:10.872]   ..$ master          : NULL
[19:05:10.872]   ..$ port            : int 11947
[19:05:10.872]   ..$ connectTimeout  : num 120
[19:05:10.872]   ..$ timeout         : num 2592000
[19:05:10.872]   ..$ rscript         : NULL
[19:05:10.872]   ..$ homogeneous     : NULL
[19:05:10.872]   ..$ rscript_args    : NULL
[19:05:10.872]   ..$ rscript_envs    : NULL
[19:05:10.872]   ..$ rscript_libs    : NULL
[19:05:10.872]   ..$ rscript_startup : NULL
[19:05:10.872]   ..$ rscript_sh      : chr [1:3] "auto" "cmd" "sh"
[19:05:10.872]   ..$ default_packages: chr [1:6] "datasets" "utils" "grDevices" "graphics" ...
[19:05:10.872]   ..$ methods         : logi TRUE
[19:05:10.872]   ..$ socketOptions   : chr "no-delay"
[19:05:10.872]   ..$ useXDR          : logi FALSE
[19:05:10.872]   ..$ outfile         : chr "/dev/null"
[19:05:10.872]   ..$ renice          : int NA
[19:05:10.872]   ..$ rshcmd          : NULL
[19:05:10.872]   ..$ user            : NULL
[19:05:10.872]   ..$ revtunnel       : logi NA
[19:05:10.872]   ..$ rshlogfile      : NULL
[19:05:10.872]   ..$ rshopts         : NULL
[19:05:10.872]   ..$ rank            : int 1
[19:05:10.872]   ..$ manual          : logi FALSE
[19:05:10.872]   ..$ dryrun          : logi FALSE
[19:05:10.872]   ..$ quiet           : logi FALSE
[19:05:10.872]   ..$ setup_strategy  : chr "parallel"
[19:05:10.872]  - attr(*, "class")= chr [1:2] "makeNodePSOCKOptions" "makeNodeOptions"
[19:05:10.911] [local output] System call to launch all workers:
[19:05:10.912] [local output] '/usr/local/lib/R/bin/Rscript' --default-packages=datasets,utils,grDevices,graphics,stats,methods -e 'try(suppressWarnings(cat(Sys.getpid(),file="/tmp/Rtmpphl0xh/worker.rank=1.parallelly.parent=352747.561ebb7597f9.pid")), silent = TRUE)' -e 'options(socketOptions = "no-delay")' -e 'workRSOCK <- tryCatch(parallel:::.workRSOCK, error=function(e) parallel:::.slaveRSOCK); workRSOCK()' MASTER=localhost PORT=11947 OUT=/dev/null TIMEOUT=2592000 XDR=FALSE SETUPTIMEOUT=120 SETUPSTRATEGY=parallel
[19:05:10.912] [local output] Starting PSOCK main server
[19:05:10.914] [local output] Workers launched
[19:05:10.914] [local output] Waiting for workers to connect back
[19:05:10.914]  - [local output] 0 workers out of 1 ready
[19:05:11.189]  - [local output] 0 workers out of 1 ready
[19:05:11.190]  - [local output] 1 workers out of 1 ready
[19:05:11.190] [local output] Launching of workers completed
[19:05:11.190] [local output] Collecting session information from workers
[19:05:11.192] [local output]  - Worker #1 of 1
[19:05:11.192] [local output] makeClusterPSOCK() ... done
Socket cluster with 1 nodes where 1 node is on host ‘localhost’ (R version 4.4.0 (2024-04-24), platform x86_64-pc-linux-gnu)
Socket cluster with 2 nodes where 2 nodes are on host ‘localhost’ (R version 4.4.0 (2024-04-24), platform x86_64-pc-linux-gnu)
*** cluster operations - c(...) ... DONE
> 
> 
> message("*** cluster operations - makeClusterPSOCK(remotes) ...")
*** cluster operations - makeClusterPSOCK(remotes) ...
> 
> remotes <- Sys.getenv("R_PARALLELLY_TESTS_REMOTES", "")
> remotes <- gsub(" ", "", unlist(strsplit(remotes, split = ",")))
> remotes <- remotes[nzchar(remotes)]
> if (length(remotes) > 0) {
+   message("Remotes: ", paste(sQuote(remotes), collapse = ", "))
+   local({
+     cl <- makeClusterPSOCK(remotes, verbose = TRUE)
+     on.exit(stopCluster(cl))
+     print(cl)
+   })
+ }
> 
> message("*** cluster operations - makeClusterPSOCK(remotes) ... DONE")
*** cluster operations - makeClusterPSOCK(remotes) ... DONE
> 
> message("*** cluster operations ... DONE")
*** cluster operations ... DONE
> 
> source("incl/end.R")
> 
