
R version 4.4.0 (2024-04-24) -- "Puppy Cup"
Copyright (C) 2024 The R Foundation for Statistical Computing
Platform: x86_64-pc-linux-gnu

R is free software and comes with ABSOLUTELY NO WARRANTY.
You are welcome to redistribute it under certain conditions.
Type 'license()' or 'licence()' for distribution details.

R is a collaborative project with many contributors.
Type 'contributors()' for more information and
'citation()' on how to cite R or R packages in publications.

Type 'demo()' for some demos, 'help()' for on-line help, or
'help.start()' for an HTML browser interface to help.
Type 'q()' to quit R.

> source("incl/start.R")
> stopCluster <- parallel::stopCluster
> 
> message("*** cluster operations ...")
*** cluster operations ...
> 
> local({
+   cl0 <- makeClusterPSOCK(1L)
+   on.exit(stopCluster(cl0))
+   cl <- cl0
+   print(cl)
+ 
+   message("*** cluster operations - as.cluster() ...")
+   cl1 <- as.cluster(cl)
+   print(cl1)
+   stopifnot(inherits(cl1, "cluster"), identical(cl1, cl))
+ 
+   node <- cl[[1]]
+   print(node)
+   cl2 <- as.cluster(node)
+   stopifnot(inherits(cl2, "cluster"), length(cl2) == 1L,
+             identical(cl2[[1]], node))
+ 
+   node <- cl[[1]]
+   print(node)
+   stopifnot(inherits(node, if (useXDR) "SOCKnode" else "SOCK0node"))
+   nodes <- list(node, node)
+   cl3 <- as.cluster(node)
+   print(cl3)
+   stopifnot(inherits(cl3, "cluster"), length(cl3) == 1L,
+             identical(cl3[[1]], node))
+ 
+   cl4 <- as.cluster(nodes)
+   print(cl4)
+   stopifnot(inherits(cl4, "cluster"), length(cl4) == 2L,
+             identical(cl4[[1]], node), identical(cl4[[2]], node))
+   
+   message("*** cluster operations - as.cluster() ... DONE")
+ 
+   message("*** cluster operations - c(...) ...")
+   cl2 <- makeClusterPSOCK("localhost")
+   on.exit(stopCluster(cl2), add = TRUE)
+   print(cl2)
+   
+   cl <- c(cl1, cl2)
+   print(cl)
+ 
+   stopifnot(inherits(cl, "cluster"), length(cl) == 2L)
+   stopifnot(identical(cl[1], cl1),
+             identical(cl[2], cl2[1]))
+   message("*** cluster operations - c(...) ... DONE")
+ })
[18:11:47.314] [local output] makeClusterPSOCK() ...
[18:11:47.347] [local output] Workers: [n = 1] ‘localhost’
[18:11:47.348] [local output] Base port: 11532
[18:11:47.349] [local output] Getting setup options for 1 cluster nodes ...
[18:11:47.349] [local output]  - Node 1 of 1 ...
[18:11:47.349] [local output] localMachine=TRUE => revtunnel=FALSE

[18:11:47.350] Testing if worker's PID can be inferred: ‘'/usr/local/lib/R/bin/Rscript' -e 'try(suppressWarnings(cat(Sys.getpid(),file="/tmp/RtmpLDtxoN/worker.rank=1.parallelly.parent=63986.f9f27abd3f22.pid")), silent = TRUE)' -e 'file.exists("/tmp/RtmpLDtxoN/worker.rank=1.parallelly.parent=63986.f9f27abd3f22.pid")'’
[18:11:47.533] - Possible to infer worker's PID: TRUE
[18:11:47.534] [local output] Rscript port: 11532

[18:11:47.534] [local output] Getting setup options for 1 cluster nodes ... done
[18:11:47.534] [local output]  - Parallel setup requested for some PSOCK nodes
[18:11:47.535] [local output] Setting up PSOCK nodes in parallel
[18:11:47.535] List of 36
[18:11:47.535]  $ worker          : chr "localhost"
[18:11:47.535]   ..- attr(*, "localhost")= logi TRUE
[18:11:47.535]  $ master          : chr "localhost"
[18:11:47.535]  $ port            : int 11532
[18:11:47.535]  $ connectTimeout  : num 120
[18:11:47.535]  $ timeout         : num 2592000
[18:11:47.535]  $ rscript         : chr "'/usr/local/lib/R/bin/Rscript'"
[18:11:47.535]  $ homogeneous     : logi TRUE
[18:11:47.535]  $ rscript_args    : chr "--default-packages=datasets,utils,grDevices,graphics,stats,methods -e 'try(suppressWarnings(cat(Sys.getpid(),fi"| __truncated__
[18:11:47.535]  $ rscript_envs    : NULL
[18:11:47.535]  $ rscript_libs    : NULL
[18:11:47.535]  $ rscript_startup : NULL
[18:11:47.535]  $ rscript_sh      : chr "sh"
[18:11:47.535]  $ default_packages: chr [1:6] "datasets" "utils" "grDevices" "graphics" ...
[18:11:47.535]  $ methods         : logi TRUE
[18:11:47.535]  $ socketOptions   : chr "no-delay"
[18:11:47.535]  $ useXDR          : logi FALSE
[18:11:47.535]  $ outfile         : chr "/dev/null"
[18:11:47.535]  $ renice          : int NA
[18:11:47.535]  $ rshcmd          : NULL
[18:11:47.535]  $ user            : chr(0) 
[18:11:47.535]  $ revtunnel       : logi FALSE
[18:11:47.535]  $ rshlogfile      : NULL
[18:11:47.535]  $ rshopts         : chr(0) 
[18:11:47.535]  $ rank            : int 1
[18:11:47.535]  $ manual          : logi FALSE
[18:11:47.535]  $ dryrun          : logi FALSE
[18:11:47.535]  $ quiet           : logi FALSE
[18:11:47.535]  $ setup_strategy  : chr "parallel"
[18:11:47.535]  $ local_cmd       : chr "'/usr/local/lib/R/bin/Rscript' --default-packages=datasets,utils,grDevices,graphics,stats,methods -e 'try(suppr"| __truncated__
[18:11:47.535]  $ pidfile         : chr "/tmp/RtmpLDtxoN/worker.rank=1.parallelly.parent=63986.f9f27abd3f22.pid"
[18:11:47.535]  $ rshcmd_label    : NULL
[18:11:47.535]  $ rsh_call        : NULL
[18:11:47.535]  $ cmd             : chr "'/usr/local/lib/R/bin/Rscript' --default-packages=datasets,utils,grDevices,graphics,stats,methods -e 'try(suppr"| __truncated__
[18:11:47.535]  $ localMachine    : logi TRUE
[18:11:47.535]  $ make_fcn        :function (worker = getOption2("parallelly.localhost.hostname", "localhost"), 
[18:11:47.535]     master = NULL, port, connectTimeout = getOption2("parallelly.makeNodePSOCK.connectTimeout", 
[18:11:47.535]         2 * 60), timeout = getOption2("parallelly.makeNodePSOCK.timeout", 
[18:11:47.535]         30 * 24 * 60 * 60), rscript = NULL, homogeneous = NULL, rscript_args = NULL, 
[18:11:47.535]     rscript_envs = NULL, rscript_libs = NULL, rscript_startup = NULL, rscript_sh = c("auto", 
[18:11:47.535]         "cmd", "sh"), default_packages = c("datasets", "utils", "grDevices", 
[18:11:47.535]         "graphics", "stats", if (methods) "methods"), methods = TRUE, socketOptions = getOption2("parallelly.makeNodePSOCK.socketOptions", 
[18:11:47.535]         "no-delay"), useXDR = getOption2("parallelly.makeNodePSOCK.useXDR", 
[18:11:47.535]         FALSE), outfile = "/dev/null", renice = NA_integer_, rshcmd = getOption2("parallelly.makeNodePSOCK.rshcmd", 
[18:11:47.535]         NULL), user = NULL, revtunnel = NA, rshlogfile = NULL, rshopts = getOption2("parallelly.makeNodePSOCK.rshopts", 
[18:11:47.535]         NULL), rank = 1L, manual = FALSE, dryrun = FALSE, quiet = FALSE, 
[18:11:47.535]     setup_strategy = getOption2("parallelly.makeNodePSOCK.setup_strategy", 
[18:11:47.535]         "parallel"), action = c("launch", "options"), verbose = FALSE)  
[18:11:47.535]  $ arguments       :List of 28
[18:11:47.535]   ..$ worker          : chr "localhost"
[18:11:47.535]   ..$ master          : NULL
[18:11:47.535]   ..$ port            : int 11532
[18:11:47.535]   ..$ connectTimeout  : num 120
[18:11:47.535]   ..$ timeout         : num 2592000
[18:11:47.535]   ..$ rscript         : NULL
[18:11:47.535]   ..$ homogeneous     : NULL
[18:11:47.535]   ..$ rscript_args    : NULL
[18:11:47.535]   ..$ rscript_envs    : NULL
[18:11:47.535]   ..$ rscript_libs    : NULL
[18:11:47.535]   ..$ rscript_startup : NULL
[18:11:47.535]   ..$ rscript_sh      : chr [1:3] "auto" "cmd" "sh"
[18:11:47.535]   ..$ default_packages: chr [1:6] "datasets" "utils" "grDevices" "graphics" ...
[18:11:47.535]   ..$ methods         : logi TRUE
[18:11:47.535]   ..$ socketOptions   : chr "no-delay"
[18:11:47.535]   ..$ useXDR          : logi FALSE
[18:11:47.535]   ..$ outfile         : chr "/dev/null"
[18:11:47.535]   ..$ renice          : int NA
[18:11:47.535]   ..$ rshcmd          : NULL
[18:11:47.535]   ..$ user            : NULL
[18:11:47.535]   ..$ revtunnel       : logi NA
[18:11:47.535]   ..$ rshlogfile      : NULL
[18:11:47.535]   ..$ rshopts         : NULL
[18:11:47.535]   ..$ rank            : int 1
[18:11:47.535]   ..$ manual          : logi FALSE
[18:11:47.535]   ..$ dryrun          : logi FALSE
[18:11:47.535]   ..$ quiet           : logi FALSE
[18:11:47.535]   ..$ setup_strategy  : chr "parallel"
[18:11:47.535]  - attr(*, "class")= chr [1:2] "makeNodePSOCKOptions" "makeNodeOptions"
[18:11:47.553] [local output] System call to launch all workers:
[18:11:47.553] [local output] '/usr/local/lib/R/bin/Rscript' --default-packages=datasets,utils,grDevices,graphics,stats,methods -e 'try(suppressWarnings(cat(Sys.getpid(),file="/tmp/RtmpLDtxoN/worker.rank=1.parallelly.parent=63986.f9f27abd3f22.pid")), silent = TRUE)' -e 'options(socketOptions = "no-delay")' -e 'workRSOCK <- tryCatch(parallel:::.workRSOCK, error=function(e) parallel:::.slaveRSOCK); workRSOCK()' MASTER=localhost PORT=11532 OUT=/dev/null TIMEOUT=2592000 XDR=FALSE SETUPTIMEOUT=120 SETUPSTRATEGY=parallel
[18:11:47.553] [local output] Starting PSOCK main server
[18:11:47.559] [local output] Workers launched
[18:11:47.559] [local output] Waiting for workers to connect back
[18:11:47.559]  - [local output] 0 workers out of 1 ready
[18:11:47.748]  - [local output] 0 workers out of 1 ready
[18:11:47.749]  - [local output] 1 workers out of 1 ready
[18:11:47.749] [local output] Launching of workers completed
[18:11:47.749] [local output] Collecting session information from workers
[18:11:47.750] [local output]  - Worker #1 of 1
[18:11:47.750] [local output] makeClusterPSOCK() ... done
Socket cluster with 1 nodes where 1 node is on host ‘localhost’ (R version 4.4.0 (2024-04-24), platform x86_64-pc-linux-gnu)
*** cluster operations - as.cluster() ...
Socket cluster with 1 nodes where 1 node is on host ‘localhost’ (R version 4.4.0 (2024-04-24), platform x86_64-pc-linux-gnu)
RichSOCKnode of a socket cluster on local host 'localhost' with pid 64037 (R version 4.4.0 (2024-04-24), x86_64-pc-linux-gnu) using socket connection #4 ('<-localhost:11532')
RichSOCKnode of a socket cluster on local host 'localhost' with pid 64037 (R version 4.4.0 (2024-04-24), x86_64-pc-linux-gnu) using socket connection #4 ('<-localhost:11532')
Socket cluster with 1 nodes where 1 node is on host ‘localhost’ (R version 4.4.0 (2024-04-24), platform x86_64-pc-linux-gnu)
Warning: The combined cluster contains 1 duplicated nodes
Socket cluster with 2 nodes where 2 nodes are on host ‘localhost’ (R version 4.4.0 (2024-04-24), platform x86_64-pc-linux-gnu)
*** cluster operations - as.cluster() ... DONE
*** cluster operations - c(...) ...
[18:11:47.757] [local output] makeClusterPSOCK() ...
[18:11:47.757] [local output] Workers: [n = 1] ‘localhost’
[18:11:47.758] [local output] Base port: 11848
[18:11:47.758] [local output] Getting setup options for 1 cluster nodes ...
[18:11:47.758] [local output]  - Node 1 of 1 ...
[18:11:47.758] [local output] localMachine=TRUE => revtunnel=FALSE

[18:11:47.759] [local output] Rscript port: 11848

[18:11:47.759] [local output] Getting setup options for 1 cluster nodes ... done
[18:11:47.759] [local output]  - Parallel setup requested for some PSOCK nodes
[18:11:47.759] [local output] Setting up PSOCK nodes in parallel
[18:11:47.759] List of 36
[18:11:47.759]  $ worker          : chr "localhost"
[18:11:47.759]   ..- attr(*, "localhost")= logi TRUE
[18:11:47.759]  $ master          : chr "localhost"
[18:11:47.759]  $ port            : int 11848
[18:11:47.759]  $ connectTimeout  : num 120
[18:11:47.759]  $ timeout         : num 2592000
[18:11:47.759]  $ rscript         : chr "'/usr/local/lib/R/bin/Rscript'"
[18:11:47.759]  $ homogeneous     : logi TRUE
[18:11:47.759]  $ rscript_args    : chr "--default-packages=datasets,utils,grDevices,graphics,stats,methods -e 'try(suppressWarnings(cat(Sys.getpid(),fi"| __truncated__
[18:11:47.759]  $ rscript_envs    : NULL
[18:11:47.759]  $ rscript_libs    : NULL
[18:11:47.759]  $ rscript_startup : NULL
[18:11:47.759]  $ rscript_sh      : chr "sh"
[18:11:47.759]  $ default_packages: chr [1:6] "datasets" "utils" "grDevices" "graphics" ...
[18:11:47.759]  $ methods         : logi TRUE
[18:11:47.759]  $ socketOptions   : chr "no-delay"
[18:11:47.759]  $ useXDR          : logi FALSE
[18:11:47.759]  $ outfile         : chr "/dev/null"
[18:11:47.759]  $ renice          : int NA
[18:11:47.759]  $ rshcmd          : NULL
[18:11:47.759]  $ user            : chr(0) 
[18:11:47.759]  $ revtunnel       : logi FALSE
[18:11:47.759]  $ rshlogfile      : NULL
[18:11:47.759]  $ rshopts         : chr(0) 
[18:11:47.759]  $ rank            : int 1
[18:11:47.759]  $ manual          : logi FALSE
[18:11:47.759]  $ dryrun          : logi FALSE
[18:11:47.759]  $ quiet           : logi FALSE
[18:11:47.759]  $ setup_strategy  : chr "parallel"
[18:11:47.759]  $ local_cmd       : chr "'/usr/local/lib/R/bin/Rscript' --default-packages=datasets,utils,grDevices,graphics,stats,methods -e 'try(suppr"| __truncated__
[18:11:47.759]  $ pidfile         : chr "/tmp/RtmpLDtxoN/worker.rank=1.parallelly.parent=63986.f9f253857635.pid"
[18:11:47.759]  $ rshcmd_label    : NULL
[18:11:47.759]  $ rsh_call        : NULL
[18:11:47.759]  $ cmd             : chr "'/usr/local/lib/R/bin/Rscript' --default-packages=datasets,utils,grDevices,graphics,stats,methods -e 'try(suppr"| __truncated__
[18:11:47.759]  $ localMachine    : logi TRUE
[18:11:47.759]  $ make_fcn        :function (worker = getOption2("parallelly.localhost.hostname", "localhost"), 
[18:11:47.759]     master = NULL, port, connectTimeout = getOption2("parallelly.makeNodePSOCK.connectTimeout", 
[18:11:47.759]         2 * 60), timeout = getOption2("parallelly.makeNodePSOCK.timeout", 
[18:11:47.759]         30 * 24 * 60 * 60), rscript = NULL, homogeneous = NULL, rscript_args = NULL, 
[18:11:47.759]     rscript_envs = NULL, rscript_libs = NULL, rscript_startup = NULL, rscript_sh = c("auto", 
[18:11:47.759]         "cmd", "sh"), default_packages = c("datasets", "utils", "grDevices", 
[18:11:47.759]         "graphics", "stats", if (methods) "methods"), methods = TRUE, socketOptions = getOption2("parallelly.makeNodePSOCK.socketOptions", 
[18:11:47.759]         "no-delay"), useXDR = getOption2("parallelly.makeNodePSOCK.useXDR", 
[18:11:47.759]         FALSE), outfile = "/dev/null", renice = NA_integer_, rshcmd = getOption2("parallelly.makeNodePSOCK.rshcmd", 
[18:11:47.759]         NULL), user = NULL, revtunnel = NA, rshlogfile = NULL, rshopts = getOption2("parallelly.makeNodePSOCK.rshopts", 
[18:11:47.759]         NULL), rank = 1L, manual = FALSE, dryrun = FALSE, quiet = FALSE, 
[18:11:47.759]     setup_strategy = getOption2("parallelly.makeNodePSOCK.setup_strategy", 
[18:11:47.759]         "parallel"), action = c("launch", "options"), verbose = FALSE)  
[18:11:47.759]  $ arguments       :List of 28
[18:11:47.759]   ..$ worker          : chr "localhost"
[18:11:47.759]   ..$ master          : NULL
[18:11:47.759]   ..$ port            : int 11848
[18:11:47.759]   ..$ connectTimeout  : num 120
[18:11:47.759]   ..$ timeout         : num 2592000
[18:11:47.759]   ..$ rscript         : NULL
[18:11:47.759]   ..$ homogeneous     : NULL
[18:11:47.759]   ..$ rscript_args    : NULL
[18:11:47.759]   ..$ rscript_envs    : NULL
[18:11:47.759]   ..$ rscript_libs    : NULL
[18:11:47.759]   ..$ rscript_startup : NULL
[18:11:47.759]   ..$ rscript_sh      : chr [1:3] "auto" "cmd" "sh"
[18:11:47.759]   ..$ default_packages: chr [1:6] "datasets" "utils" "grDevices" "graphics" ...
[18:11:47.759]   ..$ methods         : logi TRUE
[18:11:47.759]   ..$ socketOptions   : chr "no-delay"
[18:11:47.759]   ..$ useXDR          : logi FALSE
[18:11:47.759]   ..$ outfile         : chr "/dev/null"
[18:11:47.759]   ..$ renice          : int NA
[18:11:47.759]   ..$ rshcmd          : NULL
[18:11:47.759]   ..$ user            : NULL
[18:11:47.759]   ..$ revtunnel       : logi NA
[18:11:47.759]   ..$ rshlogfile      : NULL
[18:11:47.759]   ..$ rshopts         : NULL
[18:11:47.759]   ..$ rank            : int 1
[18:11:47.759]   ..$ manual          : logi FALSE
[18:11:47.759]   ..$ dryrun          : logi FALSE
[18:11:47.759]   ..$ quiet           : logi FALSE
[18:11:47.759]   ..$ setup_strategy  : chr "parallel"
[18:11:47.759]  - attr(*, "class")= chr [1:2] "makeNodePSOCKOptions" "makeNodeOptions"
[18:11:47.777] [local output] System call to launch all workers:
[18:11:47.777] [local output] '/usr/local/lib/R/bin/Rscript' --default-packages=datasets,utils,grDevices,graphics,stats,methods -e 'try(suppressWarnings(cat(Sys.getpid(),file="/tmp/RtmpLDtxoN/worker.rank=1.parallelly.parent=63986.f9f253857635.pid")), silent = TRUE)' -e 'options(socketOptions = "no-delay")' -e 'workRSOCK <- tryCatch(parallel:::.workRSOCK, error=function(e) parallel:::.slaveRSOCK); workRSOCK()' MASTER=localhost PORT=11848 OUT=/dev/null TIMEOUT=2592000 XDR=FALSE SETUPTIMEOUT=120 SETUPSTRATEGY=parallel
[18:11:47.777] [local output] Starting PSOCK main server
[18:11:47.779] [local output] Workers launched
[18:11:47.779] [local output] Waiting for workers to connect back
[18:11:47.779]  - [local output] 0 workers out of 1 ready
[18:11:47.967]  - [local output] 0 workers out of 1 ready
[18:11:47.967]  - [local output] 1 workers out of 1 ready
[18:11:47.967] [local output] Launching of workers completed
[18:11:47.967] [local output] Collecting session information from workers
[18:11:47.968] [local output]  - Worker #1 of 1
[18:11:47.968] [local output] makeClusterPSOCK() ... done
Socket cluster with 1 nodes where 1 node is on host ‘localhost’ (R version 4.4.0 (2024-04-24), platform x86_64-pc-linux-gnu)
Socket cluster with 2 nodes where 2 nodes are on host ‘localhost’ (R version 4.4.0 (2024-04-24), platform x86_64-pc-linux-gnu)
*** cluster operations - c(...) ... DONE
> 
> 
> message("*** cluster operations - makeClusterPSOCK(remotes) ...")
*** cluster operations - makeClusterPSOCK(remotes) ...
> 
> remotes <- Sys.getenv("R_PARALLELLY_TESTS_REMOTES", "")
> remotes <- gsub(" ", "", unlist(strsplit(remotes, split = ",")))
> remotes <- remotes[nzchar(remotes)]
> if (length(remotes) > 0) {
+   message("Remotes: ", paste(sQuote(remotes), collapse = ", "))
+   local({
+     cl <- makeClusterPSOCK(remotes, verbose = TRUE)
+     on.exit(stopCluster(cl))
+     print(cl)
+   })
+ }
> 
> message("*** cluster operations - makeClusterPSOCK(remotes) ... DONE")
*** cluster operations - makeClusterPSOCK(remotes) ... DONE
> 
> message("*** cluster operations ... DONE")
*** cluster operations ... DONE
> 
> source("incl/end.R")
> 
