
R version 4.3.2 (2023-10-31) -- "Eye Holes"
Copyright (C) 2023 The R Foundation for Statistical Computing
Platform: x86_64-pc-linux-gnu (64-bit)

R is free software and comes with ABSOLUTELY NO WARRANTY.
You are welcome to redistribute it under certain conditions.
Type 'license()' or 'licence()' for distribution details.

  Natural language support but running in an English locale

R is a collaborative project with many contributors.
Type 'contributors()' for more information and
'citation()' on how to cite R or R packages in publications.

Type 'demo()' for some demos, 'help()' for on-line help, or
'help.start()' for an HTML browser interface to help.
Type 'q()' to quit R.

> pkgname <- "mitml"
> source(file.path(R.home("share"), "R", "examples-header.R"))
> options(warn = 1)
> library('mitml')
*** This is beta software. Please report any bugs!
*** See the NEWS file for recent changes.
> 
> base::assign(".oldSearch", base::search(), pos = 'CheckExEnv')
> base::assign(".old_wd", base::getwd(), pos = 'CheckExEnv')
> cleanEx()
> nameEx("amelia2mitml.list")
> ### * amelia2mitml.list
> 
> flush(stderr()); flush(stdout())
> 
> ### Name: amelia2mitml.list
> ### Title: Convert objects of class 'amelia' to 'mitml.list'
> ### Aliases: amelia2mitml.list
> 
> ### ** Examples
> 
> data(studentratings)
> 
> require(Amelia)
Loading required package: Amelia
Loading required package: Rcpp
## 
## Amelia II: Multiple Imputation
## (Version 1.8.1, built: 2022-11-18)
## Copyright (C) 2005-2025 James Honaker, Gary King and Matthew Blackwell
## Refer to http://gking.harvard.edu/amelia/ for more information
## 
> imp <- amelia(x = studentratings[, c("ID", "MathAchiev", "ReadAchiev")], cs = "ID")
-- Imputation 1 --

  1  2  3

-- Imputation 2 --

  1  2  3

-- Imputation 3 --

  1  2  3

-- Imputation 4 --

  1  2  3

-- Imputation 5 --

  1  2  3

> 
> implist <- amelia2mitml.list(imp)
> 
> 
> 
> cleanEx()

detaching ‘package:Amelia’, ‘package:Rcpp’

> nameEx("anova.mitml.result")
> ### * anova.mitml.result
> 
> flush(stderr()); flush(stdout())
> 
> ### Name: anova.mitml.result
> ### Title: Compare several nested models
> ### Aliases: anova.mitml.result
> ### Keywords: methods
> 
> ### ** Examples
> 
> require(lme4)
Loading required package: lme4
Loading required package: Matrix
> data(studentratings)
> 
> fml <- ReadDis + SES ~ ReadAchiev + (1|ID)
> imp <- panImpute(studentratings, formula = fml, n.burn = 1000, n.iter = 100, m = 5)
Running burn-in phase ...
Creating imputed data set ( 1 / 5 ) ...
Creating imputed data set ( 2 / 5 ) ...
Creating imputed data set ( 3 / 5 ) ...
Creating imputed data set ( 4 / 5 ) ...
Creating imputed data set ( 5 / 5 ) ...
Done!
> 
> implist <- mitmlComplete(imp)
> 
> # simple comparison (same as testModels)
> fit0 <- with(implist, lmer(ReadAchiev ~ (1|ID), REML = FALSE))
Error in initializePtr() : 
  function 'cholmod_factor_ldetA' not provided by package 'Matrix'
Calls: with ... initialize -> <Anonymous> -> initializePtr -> .Call
Execution halted
