
R version 4.3.0 (2023-04-21) -- "Already Tomorrow"
Copyright (C) 2023 The R Foundation for Statistical Computing
Platform: x86_64-pc-linux-gnu (64-bit)

R is free software and comes with ABSOLUTELY NO WARRANTY.
You are welcome to redistribute it under certain conditions.
Type 'license()' or 'licence()' for distribution details.

R is a collaborative project with many contributors.
Type 'contributors()' for more information and
'citation()' on how to cite R or R packages in publications.

Type 'demo()' for some demos, 'help()' for on-line help, or
'help.start()' for an HTML browser interface to help.
Type 'q()' to quit R.

> source("incl/start.R")
> stopCluster <- parallel::stopCluster
> 
> message("*** cluster operations ...")
*** cluster operations ...
> 
> local({
+   cl0 <- makeClusterPSOCK(1L)
+   on.exit(stopCluster(cl0))
+   cl <- cl0
+   print(cl)
+ 
+   message("*** cluster operations - as.cluster() ...")
+   cl1 <- as.cluster(cl)
+   print(cl1)
+   stopifnot(inherits(cl1, "cluster"), identical(cl1, cl))
+ 
+   node <- cl[[1]]
+   print(node)
+   cl2 <- as.cluster(node)
+   stopifnot(inherits(cl2, "cluster"), length(cl2) == 1L,
+             identical(cl2[[1]], node))
+ 
+   node <- cl[[1]]
+   print(node)
+   stopifnot(inherits(node, if (useXDR) "SOCKnode" else "SOCK0node"))
+   nodes <- list(node, node)
+   cl3 <- as.cluster(node)
+   print(cl3)
+   stopifnot(inherits(cl3, "cluster"), length(cl3) == 1L,
+             identical(cl3[[1]], node))
+ 
+   cl4 <- as.cluster(nodes)
+   print(cl4)
+   stopifnot(inherits(cl4, "cluster"), length(cl4) == 2L,
+             identical(cl4[[1]], node), identical(cl4[[2]], node))
+   
+   message("*** cluster operations - as.cluster() ... DONE")
+ 
+   message("*** cluster operations - c(...) ...")
+   cl2 <- makeClusterPSOCK("localhost")
+   on.exit(stopCluster(cl2), add = TRUE)
+   print(cl2)
+   
+   cl <- c(cl1, cl2)
+   print(cl)
+ 
+   stopifnot(inherits(cl, "cluster"), length(cl) == 2L)
+   stopifnot(identical(cl[1], cl1),
+             identical(cl[2], cl2[1]))
+   message("*** cluster operations - c(...) ... DONE")
+ })
[18:07:42.377] [local output] makeClusterPSOCK() ...
[18:07:42.407] [local output] Workers: [n = 1] ‘localhost’
[18:07:42.414] [local output] Base port: 11615
[18:07:42.414] [local output] Getting setup options for 1 cluster nodes ...
[18:07:42.414] [local output]  - Node 1 of 1 ...
[18:07:42.415] [local output] localMachine=TRUE => revtunnel=FALSE

[18:07:42.416] Testing if worker's PID can be inferred: ‘'/usr/local/lib/R/bin/Rscript' -e 'try(suppressWarnings(cat(Sys.getpid(),file="/tmp/RtmpZyCHSR/worker.rank=1.parallelly.parent=67649.10841232a5d89.pid")), silent = TRUE)' -e 'file.exists("/tmp/RtmpZyCHSR/worker.rank=1.parallelly.parent=67649.10841232a5d89.pid")'’
[18:07:42.617] - Possible to infer worker's PID: TRUE
[18:07:42.617] [local output] Rscript port: 11615

[18:07:42.617] [local output] Getting setup options for 1 cluster nodes ... done
[18:07:42.618] [local output]  - Parallel setup requested for some PSOCK nodes
[18:07:42.618] [local output] Setting up PSOCK nodes in parallel
[18:07:42.618] List of 36
[18:07:42.618]  $ worker          : chr "localhost"
[18:07:42.618]   ..- attr(*, "localhost")= logi TRUE
[18:07:42.618]  $ master          : chr "localhost"
[18:07:42.618]  $ port            : int 11615
[18:07:42.618]  $ connectTimeout  : num 120
[18:07:42.618]  $ timeout         : num 2592000
[18:07:42.618]  $ rscript         : chr "'/usr/local/lib/R/bin/Rscript'"
[18:07:42.618]  $ homogeneous     : logi TRUE
[18:07:42.618]  $ rscript_args    : chr "--default-packages=datasets,utils,grDevices,graphics,stats,methods -e 'try(suppressWarnings(cat(Sys.getpid(),fi"| __truncated__
[18:07:42.618]  $ rscript_envs    : NULL
[18:07:42.618]  $ rscript_libs    : NULL
[18:07:42.618]  $ rscript_startup : NULL
[18:07:42.618]  $ rscript_sh      : chr "sh"
[18:07:42.618]  $ default_packages: chr [1:6] "datasets" "utils" "grDevices" "graphics" ...
[18:07:42.618]  $ methods         : logi TRUE
[18:07:42.618]  $ socketOptions   : chr "no-delay"
[18:07:42.618]  $ useXDR          : logi FALSE
[18:07:42.618]  $ outfile         : chr "/dev/null"
[18:07:42.618]  $ renice          : int NA
[18:07:42.618]  $ rshcmd          : NULL
[18:07:42.618]  $ user            : chr(0) 
[18:07:42.618]  $ revtunnel       : logi FALSE
[18:07:42.618]  $ rshlogfile      : NULL
[18:07:42.618]  $ rshopts         : chr(0) 
[18:07:42.618]  $ rank            : int 1
[18:07:42.618]  $ manual          : logi FALSE
[18:07:42.618]  $ dryrun          : logi FALSE
[18:07:42.618]  $ quiet           : logi FALSE
[18:07:42.618]  $ setup_strategy  : chr "parallel"
[18:07:42.618]  $ local_cmd       : chr "'/usr/local/lib/R/bin/Rscript' --default-packages=datasets,utils,grDevices,graphics,stats,methods -e 'try(suppr"| __truncated__
[18:07:42.618]  $ pidfile         : chr "/tmp/RtmpZyCHSR/worker.rank=1.parallelly.parent=67649.10841232a5d89.pid"
[18:07:42.618]  $ rshcmd_label    : NULL
[18:07:42.618]  $ rsh_call        : NULL
[18:07:42.618]  $ cmd             : chr "'/usr/local/lib/R/bin/Rscript' --default-packages=datasets,utils,grDevices,graphics,stats,methods -e 'try(suppr"| __truncated__
[18:07:42.618]  $ localMachine    : logi TRUE
[18:07:42.618]  $ make_fcn        :function (worker = getOption2("parallelly.localhost.hostname", "localhost"), 
[18:07:42.618]     master = NULL, port, connectTimeout = getOption2("parallelly.makeNodePSOCK.connectTimeout", 
[18:07:42.618]         2 * 60), timeout = getOption2("parallelly.makeNodePSOCK.timeout", 
[18:07:42.618]         30 * 24 * 60 * 60), rscript = NULL, homogeneous = NULL, rscript_args = NULL, 
[18:07:42.618]     rscript_envs = NULL, rscript_libs = NULL, rscript_startup = NULL, rscript_sh = c("auto", 
[18:07:42.618]         "cmd", "sh"), default_packages = c("datasets", "utils", "grDevices", 
[18:07:42.618]         "graphics", "stats", if (methods) "methods"), methods = TRUE, socketOptions = getOption2("parallelly.makeNodePSOCK.socketOptions", 
[18:07:42.618]         "no-delay"), useXDR = getOption2("parallelly.makeNodePSOCK.useXDR", 
[18:07:42.618]         FALSE), outfile = "/dev/null", renice = NA_integer_, rshcmd = getOption2("parallelly.makeNodePSOCK.rshcmd", 
[18:07:42.618]         NULL), user = NULL, revtunnel = NA, rshlogfile = NULL, rshopts = getOption2("parallelly.makeNodePSOCK.rshopts", 
[18:07:42.618]         NULL), rank = 1L, manual = FALSE, dryrun = FALSE, quiet = FALSE, 
[18:07:42.618]     setup_strategy = getOption2("parallelly.makeNodePSOCK.setup_strategy", 
[18:07:42.618]         "parallel"), action = c("launch", "options"), verbose = FALSE)  
[18:07:42.618]  $ arguments       :List of 28
[18:07:42.618]   ..$ worker          : chr "localhost"
[18:07:42.618]   ..$ master          : NULL
[18:07:42.618]   ..$ port            : int 11615
[18:07:42.618]   ..$ connectTimeout  : num 120
[18:07:42.618]   ..$ timeout         : num 2592000
[18:07:42.618]   ..$ rscript         : NULL
[18:07:42.618]   ..$ homogeneous     : NULL
[18:07:42.618]   ..$ rscript_args    : NULL
[18:07:42.618]   ..$ rscript_envs    : NULL
[18:07:42.618]   ..$ rscript_libs    : NULL
[18:07:42.618]   ..$ rscript_startup : NULL
[18:07:42.618]   ..$ rscript_sh      : chr [1:3] "auto" "cmd" "sh"
[18:07:42.618]   ..$ default_packages: chr [1:6] "datasets" "utils" "grDevices" "graphics" ...
[18:07:42.618]   ..$ methods         : logi TRUE
[18:07:42.618]   ..$ socketOptions   : chr "no-delay"
[18:07:42.618]   ..$ useXDR          : logi FALSE
[18:07:42.618]   ..$ outfile         : chr "/dev/null"
[18:07:42.618]   ..$ renice          : int NA
[18:07:42.618]   ..$ rshcmd          : NULL
[18:07:42.618]   ..$ user            : NULL
[18:07:42.618]   ..$ revtunnel       : logi NA
[18:07:42.618]   ..$ rshlogfile      : NULL
[18:07:42.618]   ..$ rshopts         : NULL
[18:07:42.618]   ..$ rank            : int 1
[18:07:42.618]   ..$ manual          : logi FALSE
[18:07:42.618]   ..$ dryrun          : logi FALSE
[18:07:42.618]   ..$ quiet           : logi FALSE
[18:07:42.618]   ..$ setup_strategy  : chr "parallel"
[18:07:42.618]  - attr(*, "class")= chr [1:2] "makeNodePSOCKOptions" "makeNodeOptions"
[18:07:42.638] [local output] System call to launch all workers:
[18:07:42.638] [local output] '/usr/local/lib/R/bin/Rscript' --default-packages=datasets,utils,grDevices,graphics,stats,methods -e 'try(suppressWarnings(cat(Sys.getpid(),file="/tmp/RtmpZyCHSR/worker.rank=1.parallelly.parent=67649.10841232a5d89.pid")), silent = TRUE)' -e 'options(socketOptions = "no-delay")' -e 'workRSOCK <- tryCatch(parallel:::.workRSOCK, error=function(e) parallel:::.slaveRSOCK); workRSOCK()' MASTER=localhost PORT=11615 OUT=/dev/null TIMEOUT=2592000 XDR=FALSE SETUPTIMEOUT=120 SETUPSTRATEGY=parallel
[18:07:42.638] [local output] Starting PSOCK main server
[18:07:42.639] [local output] Workers launched
[18:07:42.639] [local output] Waiting for workers to connect back
[18:07:42.639]  - [local output] 0 workers out of 1 ready
[18:07:42.834]  - [local output] 0 workers out of 1 ready
[18:07:42.835]  - [local output] 1 workers out of 1 ready
[18:07:42.835] [local output] Launching of workers completed
[18:07:42.835] [local output] Collecting session information from workers
[18:07:42.836] [local output]  - Worker #1 of 1
[18:07:42.836] [local output] makeClusterPSOCK() ... done
Socket cluster with 1 nodes where 1 node is on host ‘localhost’ (R version 4.3.0 (2023-04-21), platform x86_64-pc-linux-gnu)
*** cluster operations - as.cluster() ...
Socket cluster with 1 nodes where 1 node is on host ‘localhost’ (R version 4.3.0 (2023-04-21), platform x86_64-pc-linux-gnu)
RichSOCKnode of a socket cluster on local host 'localhost' with pid 67695 (R version 4.3.0 (2023-04-21), x86_64-pc-linux-gnu) using socket connection #4 ('<-localhost:11615')
RichSOCKnode of a socket cluster on local host 'localhost' with pid 67695 (R version 4.3.0 (2023-04-21), x86_64-pc-linux-gnu) using socket connection #4 ('<-localhost:11615')
Socket cluster with 1 nodes where 1 node is on host ‘localhost’ (R version 4.3.0 (2023-04-21), platform x86_64-pc-linux-gnu)
Warning: The combined cluster contains 1 duplicated nodes
Socket cluster with 2 nodes where 2 nodes are on host ‘localhost’ (R version 4.3.0 (2023-04-21), platform x86_64-pc-linux-gnu)
*** cluster operations - as.cluster() ... DONE
*** cluster operations - c(...) ...
[18:07:42.844] [local output] makeClusterPSOCK() ...
[18:07:42.845] [local output] Workers: [n = 1] ‘localhost’
[18:07:42.845] [local output] Base port: 11278
[18:07:42.845] [local output] Getting setup options for 1 cluster nodes ...
[18:07:42.845] [local output]  - Node 1 of 1 ...
[18:07:42.846] [local output] localMachine=TRUE => revtunnel=FALSE

[18:07:42.846] [local output] Rscript port: 11278

[18:07:42.846] [local output] Getting setup options for 1 cluster nodes ... done
[18:07:42.847] [local output]  - Parallel setup requested for some PSOCK nodes
[18:07:42.847] [local output] Setting up PSOCK nodes in parallel
[18:07:42.847] List of 36
[18:07:42.847]  $ worker          : chr "localhost"
[18:07:42.847]   ..- attr(*, "localhost")= logi TRUE
[18:07:42.847]  $ master          : chr "localhost"
[18:07:42.847]  $ port            : int 11278
[18:07:42.847]  $ connectTimeout  : num 120
[18:07:42.847]  $ timeout         : num 2592000
[18:07:42.847]  $ rscript         : chr "'/usr/local/lib/R/bin/Rscript'"
[18:07:42.847]  $ homogeneous     : logi TRUE
[18:07:42.847]  $ rscript_args    : chr "--default-packages=datasets,utils,grDevices,graphics,stats,methods -e 'try(suppressWarnings(cat(Sys.getpid(),fi"| __truncated__
[18:07:42.847]  $ rscript_envs    : NULL
[18:07:42.847]  $ rscript_libs    : NULL
[18:07:42.847]  $ rscript_startup : NULL
[18:07:42.847]  $ rscript_sh      : chr "sh"
[18:07:42.847]  $ default_packages: chr [1:6] "datasets" "utils" "grDevices" "graphics" ...
[18:07:42.847]  $ methods         : logi TRUE
[18:07:42.847]  $ socketOptions   : chr "no-delay"
[18:07:42.847]  $ useXDR          : logi FALSE
[18:07:42.847]  $ outfile         : chr "/dev/null"
[18:07:42.847]  $ renice          : int NA
[18:07:42.847]  $ rshcmd          : NULL
[18:07:42.847]  $ user            : chr(0) 
[18:07:42.847]  $ revtunnel       : logi FALSE
[18:07:42.847]  $ rshlogfile      : NULL
[18:07:42.847]  $ rshopts         : chr(0) 
[18:07:42.847]  $ rank            : int 1
[18:07:42.847]  $ manual          : logi FALSE
[18:07:42.847]  $ dryrun          : logi FALSE
[18:07:42.847]  $ quiet           : logi FALSE
[18:07:42.847]  $ setup_strategy  : chr "parallel"
[18:07:42.847]  $ local_cmd       : chr "'/usr/local/lib/R/bin/Rscript' --default-packages=datasets,utils,grDevices,graphics,stats,methods -e 'try(suppr"| __truncated__
[18:07:42.847]  $ pidfile         : chr "/tmp/RtmpZyCHSR/worker.rank=1.parallelly.parent=67649.108415ab7d26a.pid"
[18:07:42.847]  $ rshcmd_label    : NULL
[18:07:42.847]  $ rsh_call        : NULL
[18:07:42.847]  $ cmd             : chr "'/usr/local/lib/R/bin/Rscript' --default-packages=datasets,utils,grDevices,graphics,stats,methods -e 'try(suppr"| __truncated__
[18:07:42.847]  $ localMachine    : logi TRUE
[18:07:42.847]  $ make_fcn        :function (worker = getOption2("parallelly.localhost.hostname", "localhost"), 
[18:07:42.847]     master = NULL, port, connectTimeout = getOption2("parallelly.makeNodePSOCK.connectTimeout", 
[18:07:42.847]         2 * 60), timeout = getOption2("parallelly.makeNodePSOCK.timeout", 
[18:07:42.847]         30 * 24 * 60 * 60), rscript = NULL, homogeneous = NULL, rscript_args = NULL, 
[18:07:42.847]     rscript_envs = NULL, rscript_libs = NULL, rscript_startup = NULL, rscript_sh = c("auto", 
[18:07:42.847]         "cmd", "sh"), default_packages = c("datasets", "utils", "grDevices", 
[18:07:42.847]         "graphics", "stats", if (methods) "methods"), methods = TRUE, socketOptions = getOption2("parallelly.makeNodePSOCK.socketOptions", 
[18:07:42.847]         "no-delay"), useXDR = getOption2("parallelly.makeNodePSOCK.useXDR", 
[18:07:42.847]         FALSE), outfile = "/dev/null", renice = NA_integer_, rshcmd = getOption2("parallelly.makeNodePSOCK.rshcmd", 
[18:07:42.847]         NULL), user = NULL, revtunnel = NA, rshlogfile = NULL, rshopts = getOption2("parallelly.makeNodePSOCK.rshopts", 
[18:07:42.847]         NULL), rank = 1L, manual = FALSE, dryrun = FALSE, quiet = FALSE, 
[18:07:42.847]     setup_strategy = getOption2("parallelly.makeNodePSOCK.setup_strategy", 
[18:07:42.847]         "parallel"), action = c("launch", "options"), verbose = FALSE)  
[18:07:42.847]  $ arguments       :List of 28
[18:07:42.847]   ..$ worker          : chr "localhost"
[18:07:42.847]   ..$ master          : NULL
[18:07:42.847]   ..$ port            : int 11278
[18:07:42.847]   ..$ connectTimeout  : num 120
[18:07:42.847]   ..$ timeout         : num 2592000
[18:07:42.847]   ..$ rscript         : NULL
[18:07:42.847]   ..$ homogeneous     : NULL
[18:07:42.847]   ..$ rscript_args    : NULL
[18:07:42.847]   ..$ rscript_envs    : NULL
[18:07:42.847]   ..$ rscript_libs    : NULL
[18:07:42.847]   ..$ rscript_startup : NULL
[18:07:42.847]   ..$ rscript_sh      : chr [1:3] "auto" "cmd" "sh"
[18:07:42.847]   ..$ default_packages: chr [1:6] "datasets" "utils" "grDevices" "graphics" ...
[18:07:42.847]   ..$ methods         : logi TRUE
[18:07:42.847]   ..$ socketOptions   : chr "no-delay"
[18:07:42.847]   ..$ useXDR          : logi FALSE
[18:07:42.847]   ..$ outfile         : chr "/dev/null"
[18:07:42.847]   ..$ renice          : int NA
[18:07:42.847]   ..$ rshcmd          : NULL
[18:07:42.847]   ..$ user            : NULL
[18:07:42.847]   ..$ revtunnel       : logi NA
[18:07:42.847]   ..$ rshlogfile      : NULL
[18:07:42.847]   ..$ rshopts         : NULL
[18:07:42.847]   ..$ rank            : int 1
[18:07:42.847]   ..$ manual          : logi FALSE
[18:07:42.847]   ..$ dryrun          : logi FALSE
[18:07:42.847]   ..$ quiet           : logi FALSE
[18:07:42.847]   ..$ setup_strategy  : chr "parallel"
[18:07:42.847]  - attr(*, "class")= chr [1:2] "makeNodePSOCKOptions" "makeNodeOptions"
[18:07:42.866] [local output] System call to launch all workers:
[18:07:42.866] [local output] '/usr/local/lib/R/bin/Rscript' --default-packages=datasets,utils,grDevices,graphics,stats,methods -e 'try(suppressWarnings(cat(Sys.getpid(),file="/tmp/RtmpZyCHSR/worker.rank=1.parallelly.parent=67649.108415ab7d26a.pid")), silent = TRUE)' -e 'options(socketOptions = "no-delay")' -e 'workRSOCK <- tryCatch(parallel:::.workRSOCK, error=function(e) parallel:::.slaveRSOCK); workRSOCK()' MASTER=localhost PORT=11278 OUT=/dev/null TIMEOUT=2592000 XDR=FALSE SETUPTIMEOUT=120 SETUPSTRATEGY=parallel
[18:07:42.866] [local output] Starting PSOCK main server
[18:07:42.867] [local output] Workers launched
[18:07:42.868] [local output] Waiting for workers to connect back
[18:07:42.868]  - [local output] 0 workers out of 1 ready
[18:07:43.063]  - [local output] 0 workers out of 1 ready
[18:07:43.064]  - [local output] 1 workers out of 1 ready
[18:07:43.064] [local output] Launching of workers completed
[18:07:43.064] [local output] Collecting session information from workers
[18:07:43.065] [local output]  - Worker #1 of 1
[18:07:43.065] [local output] makeClusterPSOCK() ... done
Socket cluster with 1 nodes where 1 node is on host ‘localhost’ (R version 4.3.0 (2023-04-21), platform x86_64-pc-linux-gnu)
Socket cluster with 2 nodes where 2 nodes are on host ‘localhost’ (R version 4.3.0 (2023-04-21), platform x86_64-pc-linux-gnu)
*** cluster operations - c(...) ... DONE
> 
> 
> message("*** cluster operations - makeClusterPSOCK(remotes) ...")
*** cluster operations - makeClusterPSOCK(remotes) ...
> 
> remotes <- Sys.getenv("R_PARALLELLY_TESTS_REMOTES", "")
> remotes <- gsub(" ", "", unlist(strsplit(remotes, split = ",")))
> remotes <- remotes[nzchar(remotes)]
> if (length(remotes) > 0) {
+   message("Remotes: ", paste(sQuote(remotes), collapse = ", "))
+   local({
+     cl <- makeClusterPSOCK(remotes, verbose = TRUE)
+     on.exit(stopCluster(cl))
+     print(cl)
+   })
+ }
> 
> message("*** cluster operations - makeClusterPSOCK(remotes) ... DONE")
*** cluster operations - makeClusterPSOCK(remotes) ... DONE
> 
> message("*** cluster operations ... DONE")
*** cluster operations ... DONE
> 
> source("incl/end.R")
> 
