
R version 4.3.0 (2023-04-21) -- "Already Tomorrow"
Copyright (C) 2023 The R Foundation for Statistical Computing
Platform: x86_64-pc-linux-gnu (64-bit)

R is free software and comes with ABSOLUTELY NO WARRANTY.
You are welcome to redistribute it under certain conditions.
Type 'license()' or 'licence()' for distribution details.

R is a collaborative project with many contributors.
Type 'contributors()' for more information and
'citation()' on how to cite R or R packages in publications.

Type 'demo()' for some demos, 'help()' for on-line help, or
'help.start()' for an HTML browser interface to help.
Type 'q()' to quit R.

> source("incl/start.R")
> stopCluster <- parallel::stopCluster
> 
> message("*** cluster operations ...")
*** cluster operations ...
> 
> local({
+   cl0 <- makeClusterPSOCK(1L)
+   on.exit(stopCluster(cl0))
+   cl <- cl0
+   print(cl)
+ 
+   message("*** cluster operations - as.cluster() ...")
+   cl1 <- as.cluster(cl)
+   print(cl1)
+   stopifnot(inherits(cl1, "cluster"), identical(cl1, cl))
+ 
+   node <- cl[[1]]
+   print(node)
+   cl2 <- as.cluster(node)
+   stopifnot(inherits(cl2, "cluster"), length(cl2) == 1L,
+             identical(cl2[[1]], node))
+ 
+   node <- cl[[1]]
+   print(node)
+   stopifnot(inherits(node, if (useXDR) "SOCKnode" else "SOCK0node"))
+   nodes <- list(node, node)
+   cl3 <- as.cluster(node)
+   print(cl3)
+   stopifnot(inherits(cl3, "cluster"), length(cl3) == 1L,
+             identical(cl3[[1]], node))
+ 
+   cl4 <- as.cluster(nodes)
+   print(cl4)
+   stopifnot(inherits(cl4, "cluster"), length(cl4) == 2L,
+             identical(cl4[[1]], node), identical(cl4[[2]], node))
+   
+   message("*** cluster operations - as.cluster() ... DONE")
+ 
+   message("*** cluster operations - c(...) ...")
+   cl2 <- makeClusterPSOCK("localhost")
+   on.exit(stopCluster(cl2), add = TRUE)
+   print(cl2)
+   
+   cl <- c(cl1, cl2)
+   print(cl)
+ 
+   stopifnot(inherits(cl, "cluster"), length(cl) == 2L)
+   stopifnot(identical(cl[1], cl1),
+             identical(cl[2], cl2[1]))
+   message("*** cluster operations - c(...) ... DONE")
+ })
[13:52:40.936] [local output] makeClusterPSOCK() ...
[13:52:40.962] [local output] Workers: [n = 1] ‘localhost’
[13:52:40.968] [local output] Base port: 11139
[13:52:40.968] [local output] Getting setup options for 1 cluster nodes ...
[13:52:40.968] [local output]  - Node 1 of 1 ...
[13:52:40.968] [local output] localMachine=TRUE => revtunnel=FALSE

[13:52:40.969] Testing if worker's PID can be inferred: ‘'/usr/local/lib/R/bin/Rscript' -e 'try(suppressWarnings(cat(Sys.getpid(),file="/tmp/RtmpfJnVJa/worker.rank=1.parallelly.parent=109496.1abb84e64b899.pid")), silent = TRUE)' -e 'file.exists("/tmp/RtmpfJnVJa/worker.rank=1.parallelly.parent=109496.1abb84e64b899.pid")'’
[13:52:41.156] - Possible to infer worker's PID: TRUE
[13:52:41.157] [local output] Rscript port: 11139

[13:52:41.157] [local output] Getting setup options for 1 cluster nodes ... done
[13:52:41.157] [local output]  - Parallel setup requested for some PSOCK nodes
[13:52:41.158] [local output] Setting up PSOCK nodes in parallel
[13:52:41.158] List of 36
[13:52:41.158]  $ worker          : chr "localhost"
[13:52:41.158]   ..- attr(*, "localhost")= logi TRUE
[13:52:41.158]  $ master          : chr "localhost"
[13:52:41.158]  $ port            : int 11139
[13:52:41.158]  $ connectTimeout  : num 120
[13:52:41.158]  $ timeout         : num 2592000
[13:52:41.158]  $ rscript         : chr "'/usr/local/lib/R/bin/Rscript'"
[13:52:41.158]  $ homogeneous     : logi TRUE
[13:52:41.158]  $ rscript_args    : chr "--default-packages=datasets,utils,grDevices,graphics,stats,methods -e 'try(suppressWarnings(cat(Sys.getpid(),fi"| __truncated__
[13:52:41.158]  $ rscript_envs    : NULL
[13:52:41.158]  $ rscript_libs    : NULL
[13:52:41.158]  $ rscript_startup : NULL
[13:52:41.158]  $ rscript_sh      : chr "sh"
[13:52:41.158]  $ default_packages: chr [1:6] "datasets" "utils" "grDevices" "graphics" ...
[13:52:41.158]  $ methods         : logi TRUE
[13:52:41.158]  $ socketOptions   : chr "no-delay"
[13:52:41.158]  $ useXDR          : logi FALSE
[13:52:41.158]  $ outfile         : chr "/dev/null"
[13:52:41.158]  $ renice          : int NA
[13:52:41.158]  $ rshcmd          : NULL
[13:52:41.158]  $ user            : chr(0) 
[13:52:41.158]  $ revtunnel       : logi FALSE
[13:52:41.158]  $ rshlogfile      : NULL
[13:52:41.158]  $ rshopts         : chr(0) 
[13:52:41.158]  $ rank            : int 1
[13:52:41.158]  $ manual          : logi FALSE
[13:52:41.158]  $ dryrun          : logi FALSE
[13:52:41.158]  $ quiet           : logi FALSE
[13:52:41.158]  $ setup_strategy  : chr "parallel"
[13:52:41.158]  $ local_cmd       : chr "'/usr/local/lib/R/bin/Rscript' --default-packages=datasets,utils,grDevices,graphics,stats,methods -e 'try(suppr"| __truncated__
[13:52:41.158]  $ pidfile         : chr "/tmp/RtmpfJnVJa/worker.rank=1.parallelly.parent=109496.1abb84e64b899.pid"
[13:52:41.158]  $ rshcmd_label    : NULL
[13:52:41.158]  $ rsh_call        : NULL
[13:52:41.158]  $ cmd             : chr "'/usr/local/lib/R/bin/Rscript' --default-packages=datasets,utils,grDevices,graphics,stats,methods -e 'try(suppr"| __truncated__
[13:52:41.158]  $ localMachine    : logi TRUE
[13:52:41.158]  $ make_fcn        :function (worker = getOption2("parallelly.localhost.hostname", "localhost"), 
[13:52:41.158]     master = NULL, port, connectTimeout = getOption2("parallelly.makeNodePSOCK.connectTimeout", 
[13:52:41.158]         2 * 60), timeout = getOption2("parallelly.makeNodePSOCK.timeout", 
[13:52:41.158]         30 * 24 * 60 * 60), rscript = NULL, homogeneous = NULL, rscript_args = NULL, 
[13:52:41.158]     rscript_envs = NULL, rscript_libs = NULL, rscript_startup = NULL, rscript_sh = c("auto", 
[13:52:41.158]         "cmd", "sh"), default_packages = c("datasets", "utils", "grDevices", 
[13:52:41.158]         "graphics", "stats", if (methods) "methods"), methods = TRUE, socketOptions = getOption2("parallelly.makeNodePSOCK.socketOptions", 
[13:52:41.158]         "no-delay"), useXDR = getOption2("parallelly.makeNodePSOCK.useXDR", 
[13:52:41.158]         FALSE), outfile = "/dev/null", renice = NA_integer_, rshcmd = getOption2("parallelly.makeNodePSOCK.rshcmd", 
[13:52:41.158]         NULL), user = NULL, revtunnel = NA, rshlogfile = NULL, rshopts = getOption2("parallelly.makeNodePSOCK.rshopts", 
[13:52:41.158]         NULL), rank = 1L, manual = FALSE, dryrun = FALSE, quiet = FALSE, 
[13:52:41.158]     setup_strategy = getOption2("parallelly.makeNodePSOCK.setup_strategy", 
[13:52:41.158]         "parallel"), action = c("launch", "options"), verbose = FALSE)  
[13:52:41.158]  $ arguments       :List of 28
[13:52:41.158]   ..$ worker          : chr "localhost"
[13:52:41.158]   ..$ master          : NULL
[13:52:41.158]   ..$ port            : int 11139
[13:52:41.158]   ..$ connectTimeout  : num 120
[13:52:41.158]   ..$ timeout         : num 2592000
[13:52:41.158]   ..$ rscript         : NULL
[13:52:41.158]   ..$ homogeneous     : NULL
[13:52:41.158]   ..$ rscript_args    : NULL
[13:52:41.158]   ..$ rscript_envs    : NULL
[13:52:41.158]   ..$ rscript_libs    : NULL
[13:52:41.158]   ..$ rscript_startup : NULL
[13:52:41.158]   ..$ rscript_sh      : chr [1:3] "auto" "cmd" "sh"
[13:52:41.158]   ..$ default_packages: chr [1:6] "datasets" "utils" "grDevices" "graphics" ...
[13:52:41.158]   ..$ methods         : logi TRUE
[13:52:41.158]   ..$ socketOptions   : chr "no-delay"
[13:52:41.158]   ..$ useXDR          : logi FALSE
[13:52:41.158]   ..$ outfile         : chr "/dev/null"
[13:52:41.158]   ..$ renice          : int NA
[13:52:41.158]   ..$ rshcmd          : NULL
[13:52:41.158]   ..$ user            : NULL
[13:52:41.158]   ..$ revtunnel       : logi NA
[13:52:41.158]   ..$ rshlogfile      : NULL
[13:52:41.158]   ..$ rshopts         : NULL
[13:52:41.158]   ..$ rank            : int 1
[13:52:41.158]   ..$ manual          : logi FALSE
[13:52:41.158]   ..$ dryrun          : logi FALSE
[13:52:41.158]   ..$ quiet           : logi FALSE
[13:52:41.158]   ..$ setup_strategy  : chr "parallel"
[13:52:41.158]  - attr(*, "class")= chr [1:2] "makeNodePSOCKOptions" "makeNodeOptions"
[13:52:41.177] [local output] System call to launch all workers:
[13:52:41.177] [local output] '/usr/local/lib/R/bin/Rscript' --default-packages=datasets,utils,grDevices,graphics,stats,methods -e 'try(suppressWarnings(cat(Sys.getpid(),file="/tmp/RtmpfJnVJa/worker.rank=1.parallelly.parent=109496.1abb84e64b899.pid")), silent = TRUE)' -e 'options(socketOptions = "no-delay")' -e 'workRSOCK <- tryCatch(parallel:::.workRSOCK, error=function(e) parallel:::.slaveRSOCK); workRSOCK()' MASTER=localhost PORT=11139 OUT=/dev/null TIMEOUT=2592000 XDR=FALSE SETUPTIMEOUT=120 SETUPSTRATEGY=parallel
[13:52:41.177] [local output] Starting PSOCK main server
[13:52:41.179] [local output] Workers launched
[13:52:41.179] [local output] Waiting for workers to connect back
[13:52:41.179]  - [local output] 0 workers out of 1 ready
[13:52:41.373]  - [local output] 0 workers out of 1 ready
[13:52:41.373]  - [local output] 1 workers out of 1 ready
[13:52:41.373] [local output] Launching of workers completed
[13:52:41.373] [local output] Collecting session information from workers
[13:52:41.374] [local output]  - Worker #1 of 1
[13:52:41.374] [local output] makeClusterPSOCK() ... done
Socket cluster with 1 nodes where 1 node is on host ‘localhost’ (R version 4.3.0 (2023-04-21), platform x86_64-pc-linux-gnu)
*** cluster operations - as.cluster() ...
Socket cluster with 1 nodes where 1 node is on host ‘localhost’ (R version 4.3.0 (2023-04-21), platform x86_64-pc-linux-gnu)
RichSOCKnode of a socket cluster on local host 'localhost' with pid 109542 (R version 4.3.0 (2023-04-21), x86_64-pc-linux-gnu) using socket connection #4 ('<-localhost:11139')
RichSOCKnode of a socket cluster on local host 'localhost' with pid 109542 (R version 4.3.0 (2023-04-21), x86_64-pc-linux-gnu) using socket connection #4 ('<-localhost:11139')
Socket cluster with 1 nodes where 1 node is on host ‘localhost’ (R version 4.3.0 (2023-04-21), platform x86_64-pc-linux-gnu)
Warning: The combined cluster contains 1 duplicated nodes
Socket cluster with 2 nodes where 2 nodes are on host ‘localhost’ (R version 4.3.0 (2023-04-21), platform x86_64-pc-linux-gnu)
*** cluster operations - as.cluster() ... DONE
*** cluster operations - c(...) ...
[13:52:41.383] [local output] makeClusterPSOCK() ...
[13:52:41.383] [local output] Workers: [n = 1] ‘localhost’
[13:52:41.384] [local output] Base port: 11829
[13:52:41.384] [local output] Getting setup options for 1 cluster nodes ...
[13:52:41.384] [local output]  - Node 1 of 1 ...
[13:52:41.384] [local output] localMachine=TRUE => revtunnel=FALSE

[13:52:41.385] [local output] Rscript port: 11829

[13:52:41.385] [local output] Getting setup options for 1 cluster nodes ... done
[13:52:41.385] [local output]  - Parallel setup requested for some PSOCK nodes
[13:52:41.385] [local output] Setting up PSOCK nodes in parallel
[13:52:41.385] List of 36
[13:52:41.385]  $ worker          : chr "localhost"
[13:52:41.385]   ..- attr(*, "localhost")= logi TRUE
[13:52:41.385]  $ master          : chr "localhost"
[13:52:41.385]  $ port            : int 11829
[13:52:41.385]  $ connectTimeout  : num 120
[13:52:41.385]  $ timeout         : num 2592000
[13:52:41.385]  $ rscript         : chr "'/usr/local/lib/R/bin/Rscript'"
[13:52:41.385]  $ homogeneous     : logi TRUE
[13:52:41.385]  $ rscript_args    : chr "--default-packages=datasets,utils,grDevices,graphics,stats,methods -e 'try(suppressWarnings(cat(Sys.getpid(),fi"| __truncated__
[13:52:41.385]  $ rscript_envs    : NULL
[13:52:41.385]  $ rscript_libs    : NULL
[13:52:41.385]  $ rscript_startup : NULL
[13:52:41.385]  $ rscript_sh      : chr "sh"
[13:52:41.385]  $ default_packages: chr [1:6] "datasets" "utils" "grDevices" "graphics" ...
[13:52:41.385]  $ methods         : logi TRUE
[13:52:41.385]  $ socketOptions   : chr "no-delay"
[13:52:41.385]  $ useXDR          : logi FALSE
[13:52:41.385]  $ outfile         : chr "/dev/null"
[13:52:41.385]  $ renice          : int NA
[13:52:41.385]  $ rshcmd          : NULL
[13:52:41.385]  $ user            : chr(0) 
[13:52:41.385]  $ revtunnel       : logi FALSE
[13:52:41.385]  $ rshlogfile      : NULL
[13:52:41.385]  $ rshopts         : chr(0) 
[13:52:41.385]  $ rank            : int 1
[13:52:41.385]  $ manual          : logi FALSE
[13:52:41.385]  $ dryrun          : logi FALSE
[13:52:41.385]  $ quiet           : logi FALSE
[13:52:41.385]  $ setup_strategy  : chr "parallel"
[13:52:41.385]  $ local_cmd       : chr "'/usr/local/lib/R/bin/Rscript' --default-packages=datasets,utils,grDevices,graphics,stats,methods -e 'try(suppr"| __truncated__
[13:52:41.385]  $ pidfile         : chr "/tmp/RtmpfJnVJa/worker.rank=1.parallelly.parent=109496.1abb83df3509d.pid"
[13:52:41.385]  $ rshcmd_label    : NULL
[13:52:41.385]  $ rsh_call        : NULL
[13:52:41.385]  $ cmd             : chr "'/usr/local/lib/R/bin/Rscript' --default-packages=datasets,utils,grDevices,graphics,stats,methods -e 'try(suppr"| __truncated__
[13:52:41.385]  $ localMachine    : logi TRUE
[13:52:41.385]  $ make_fcn        :function (worker = getOption2("parallelly.localhost.hostname", "localhost"), 
[13:52:41.385]     master = NULL, port, connectTimeout = getOption2("parallelly.makeNodePSOCK.connectTimeout", 
[13:52:41.385]         2 * 60), timeout = getOption2("parallelly.makeNodePSOCK.timeout", 
[13:52:41.385]         30 * 24 * 60 * 60), rscript = NULL, homogeneous = NULL, rscript_args = NULL, 
[13:52:41.385]     rscript_envs = NULL, rscript_libs = NULL, rscript_startup = NULL, rscript_sh = c("auto", 
[13:52:41.385]         "cmd", "sh"), default_packages = c("datasets", "utils", "grDevices", 
[13:52:41.385]         "graphics", "stats", if (methods) "methods"), methods = TRUE, socketOptions = getOption2("parallelly.makeNodePSOCK.socketOptions", 
[13:52:41.385]         "no-delay"), useXDR = getOption2("parallelly.makeNodePSOCK.useXDR", 
[13:52:41.385]         FALSE), outfile = "/dev/null", renice = NA_integer_, rshcmd = getOption2("parallelly.makeNodePSOCK.rshcmd", 
[13:52:41.385]         NULL), user = NULL, revtunnel = NA, rshlogfile = NULL, rshopts = getOption2("parallelly.makeNodePSOCK.rshopts", 
[13:52:41.385]         NULL), rank = 1L, manual = FALSE, dryrun = FALSE, quiet = FALSE, 
[13:52:41.385]     setup_strategy = getOption2("parallelly.makeNodePSOCK.setup_strategy", 
[13:52:41.385]         "parallel"), action = c("launch", "options"), verbose = FALSE)  
[13:52:41.385]  $ arguments       :List of 28
[13:52:41.385]   ..$ worker          : chr "localhost"
[13:52:41.385]   ..$ master          : NULL
[13:52:41.385]   ..$ port            : int 11829
[13:52:41.385]   ..$ connectTimeout  : num 120
[13:52:41.385]   ..$ timeout         : num 2592000
[13:52:41.385]   ..$ rscript         : NULL
[13:52:41.385]   ..$ homogeneous     : NULL
[13:52:41.385]   ..$ rscript_args    : NULL
[13:52:41.385]   ..$ rscript_envs    : NULL
[13:52:41.385]   ..$ rscript_libs    : NULL
[13:52:41.385]   ..$ rscript_startup : NULL
[13:52:41.385]   ..$ rscript_sh      : chr [1:3] "auto" "cmd" "sh"
[13:52:41.385]   ..$ default_packages: chr [1:6] "datasets" "utils" "grDevices" "graphics" ...
[13:52:41.385]   ..$ methods         : logi TRUE
[13:52:41.385]   ..$ socketOptions   : chr "no-delay"
[13:52:41.385]   ..$ useXDR          : logi FALSE
[13:52:41.385]   ..$ outfile         : chr "/dev/null"
[13:52:41.385]   ..$ renice          : int NA
[13:52:41.385]   ..$ rshcmd          : NULL
[13:52:41.385]   ..$ user            : NULL
[13:52:41.385]   ..$ revtunnel       : logi NA
[13:52:41.385]   ..$ rshlogfile      : NULL
[13:52:41.385]   ..$ rshopts         : NULL
[13:52:41.385]   ..$ rank            : int 1
[13:52:41.385]   ..$ manual          : logi FALSE
[13:52:41.385]   ..$ dryrun          : logi FALSE
[13:52:41.385]   ..$ quiet           : logi FALSE
[13:52:41.385]   ..$ setup_strategy  : chr "parallel"
[13:52:41.385]  - attr(*, "class")= chr [1:2] "makeNodePSOCKOptions" "makeNodeOptions"
[13:52:41.405] [local output] System call to launch all workers:
[13:52:41.405] [local output] '/usr/local/lib/R/bin/Rscript' --default-packages=datasets,utils,grDevices,graphics,stats,methods -e 'try(suppressWarnings(cat(Sys.getpid(),file="/tmp/RtmpfJnVJa/worker.rank=1.parallelly.parent=109496.1abb83df3509d.pid")), silent = TRUE)' -e 'options(socketOptions = "no-delay")' -e 'workRSOCK <- tryCatch(parallel:::.workRSOCK, error=function(e) parallel:::.slaveRSOCK); workRSOCK()' MASTER=localhost PORT=11829 OUT=/dev/null TIMEOUT=2592000 XDR=FALSE SETUPTIMEOUT=120 SETUPSTRATEGY=parallel
[13:52:41.405] [local output] Starting PSOCK main server
[13:52:41.406] [local output] Workers launched
[13:52:41.406] [local output] Waiting for workers to connect back
[13:52:41.407]  - [local output] 0 workers out of 1 ready
[13:52:41.599]  - [local output] 0 workers out of 1 ready
[13:52:41.600]  - [local output] 1 workers out of 1 ready
[13:52:41.600] [local output] Launching of workers completed
[13:52:41.600] [local output] Collecting session information from workers
[13:52:41.601] [local output]  - Worker #1 of 1
[13:52:41.601] [local output] makeClusterPSOCK() ... done
Socket cluster with 1 nodes where 1 node is on host ‘localhost’ (R version 4.3.0 (2023-04-21), platform x86_64-pc-linux-gnu)
Socket cluster with 2 nodes where 2 nodes are on host ‘localhost’ (R version 4.3.0 (2023-04-21), platform x86_64-pc-linux-gnu)
*** cluster operations - c(...) ... DONE
> 
> 
> message("*** cluster operations - makeClusterPSOCK(remotes) ...")
*** cluster operations - makeClusterPSOCK(remotes) ...
> 
> remotes <- Sys.getenv("R_PARALLELLY_TESTS_REMOTES", "")
> remotes <- gsub(" ", "", unlist(strsplit(remotes, split = ",")))
> remotes <- remotes[nzchar(remotes)]
> if (length(remotes) > 0) {
+   message("Remotes: ", paste(sQuote(remotes), collapse = ", "))
+   local({
+     cl <- makeClusterPSOCK(remotes, verbose = TRUE)
+     on.exit(stopCluster(cl))
+     print(cl)
+   })
+ }
> 
> message("*** cluster operations - makeClusterPSOCK(remotes) ... DONE")
*** cluster operations - makeClusterPSOCK(remotes) ... DONE
> 
> message("*** cluster operations ... DONE")
*** cluster operations ... DONE
> 
> source("incl/end.R")
> 
