
R version 4.4.2 (2024-10-31) -- "Pile of Leaves"
Copyright (C) 2024 The R Foundation for Statistical Computing
Platform: x86_64-pc-linux-gnu

R is free software and comes with ABSOLUTELY NO WARRANTY.
You are welcome to redistribute it under certain conditions.
Type 'license()' or 'licence()' for distribution details.

R is a collaborative project with many contributors.
Type 'contributors()' for more information and
'citation()' on how to cite R or R packages in publications.

Type 'demo()' for some demos, 'help()' for on-line help, or
'help.start()' for an HTML browser interface to help.
Type 'q()' to quit R.

> ### This needs a local (partial) CRAN mirror or Internet access
> ## Specifically, needs web/packages/packages.rds and web/checks/*.rds
> 
> ## This may need to download, so increase the timeout.
> options(warn = 1L, timeout = max(600, getOption('timeout')))
> 
> .ptime <- proc.time()
> 
> ## Look up CRAN mirror in the same way the functions do.
> ## Uses R_CRAN_WEB if set, otherwise getOption('repos')["CRAN"]
> ## then the (possibly local) 'repositories' file
> ## and if still unset, https://CRAN.R-project.org
> mirror <- tools:::CRAN_baseurl_for_web_area()
> message("Using CRAN mirror ",  sQuote(mirror))
Using CRAN mirror 'https://CRAN.R-project.org'
> 
> ## Sanity check: the examples use /web/packages/packages.rds and
> ## web/checks/check_*.rds,
> ## but partial mirrors for package installation only need src/contrib.
> ## This would fail with a file:// mirror but provides a cheap check
> ## of the availability of a https:// one.
> if(!startsWith(mirror, "file://")) {
+     foo <- tryCatch(readLines(paste0(mirror, "/web/packages")),
+                     error = function(e) {
+                     message(conditionMessage(e))
+                     ## and bail out
+                     cat("Time elapsed: ", proc.time() - .ptime,"\n")
+                     q("no")
+     })
+ }
> 
> ## no longer conditionalized on Internet access
> library(tools)
> example("CRAN_package_db", run.donttest = TRUE)

CRAN__> ## No test: 
CRAN__> ## This can be rather slow  with a non-local CRAN mirror
CRAN__> ## and might fail (slowly) without Internet access in that case.
CRAN__> 
CRAN__> set.seed(11)  # but the packages chosen will change as soon as CRAN does.

CRAN__> pdb <- CRAN_package_db()

CRAN__> dim(pdb)
[1] 22154    69

CRAN__> ## DESCRIPTION fields included:
CRAN__> colnames(pdb)
 [1] "Package"                 "Version"                
 [3] "Priority"                "Depends"                
 [5] "Imports"                 "LinkingTo"              
 [7] "Suggests"                "Enhances"               
 [9] "License"                 "License_is_FOSS"        
[11] "License_restricts_use"   "OS_type"                
[13] "Archs"                   "MD5sum"                 
[15] "NeedsCompilation"        "Additional_repositories"
[17] "Author"                  "Authors@R"              
[19] "Biarch"                  "BugReports"             
[21] "BuildKeepEmpty"          "BuildManual"            
[23] "BuildResaveData"         "BuildVignettes"         
[25] "Built"                   "ByteCompile"            
[27] "Classification/ACM"      "Classification/ACM-2012"
[29] "Classification/JEL"      "Classification/MSC"     
[31] "Classification/MSC-2010" "Collate"                
[33] "Collate.unix"            "Collate.windows"        
[35] "Contact"                 "Copyright"              
[37] "Date"                    "Date/Publication"       
[39] "Description"             "Encoding"               
[41] "KeepSource"              "Language"               
[43] "LazyData"                "LazyDataCompression"    
[45] "LazyLoad"                "MailingList"            
[47] "Maintainer"              "Note"                   
[49] "Packaged"                "RdMacros"               
[51] "StagedInstall"           "SysDataCompression"     
[53] "SystemRequirements"      "Title"                  
[55] "Type"                    "URL"                    
[57] "UseLTO"                  "VignetteBuilder"        
[59] "ZipData"                 "Path"                   
[61] "X-CRAN-Comment"          "Published"              
[63] "Reverse depends"         "Reverse imports"        
[65] "Reverse linking to"      "Reverse suggests"       
[67] "Reverse enhances"        "Deadline"               
[69] "DOI"                    

CRAN__> ## Summarize publication dates:
CRAN__> summary(as.Date(pdb$Published))
        Min.      1st Qu.       Median         Mean      3rd Qu.         Max. 
"2008-09-08" "2021-03-17" "2023-06-10" "2022-07-19" "2024-07-02" "2025-03-04" 

CRAN__> ## Summarize numbers of packages according to maintainer:
CRAN__> summary(lengths(split(pdb$Package, pdb$Maintainer)))
   Min. 1st Qu.  Median    Mean 3rd Qu.    Max. 
   1.00    1.00    1.00    1.78    2.00   76.00 

CRAN__> ## Packages with 'LASSO' in their Description:
CRAN__> pdb$Package[grepl("LASSO", pdb$Description)]
 [1] "ablasso"               "ConnectednessApproach" "csmpv"                
 [4] "emBayes"               "expandFunctions"       "extlasso"             
 [7] "fastcmprsk"            "FeaLect"               "FindIt"               
[10] "frailtyMMpen"          "gcdnet"                "glassoFast"           
[13] "glmmPen"               "glmnetr"               "glmnetSE"             
[16] "glmvsd"                "grpnet"                "GWRLASSO"             
[19] "hdmed"                 "higlasso"              "HTLR"                 
[22] "MetabolicSurv"         "MicrobiomeSurv"        "midasml"              
[25] "milr"                  "miselect"              "MTE"                  
[28] "ncpen"                 "nets"                  "pgee.mixed"           
[31] "planningML"            "polywog"               "ppmlasso"             
[34] "pqrfe"                 "predhy"                "predhy.GUI"           
[37] "priorityelasticnet"    "rbridge"               "REN"                  
[40] "rqPen"                 "rrat"                  "SentimentAnalysis"    
[43] "SGPR"                  "sharp"                 "slasso"               
[46] "SparseBiplots"         "SpTe2M"                "stR"                  
[49] "SuRF.vs"               "SurvHiDim"             "VSOLassoBag"          

CRAN__> results <- CRAN_check_results()

CRAN__> ## Available variables:
CRAN__> names(results)
 [1] "Flavor"     "Package"    "Version"    "Priority"   "Maintainer"
 [6] "Status"     "Flags"      "T_install"  "T_check"    "T_total"   

CRAN__> ## Tabulate overall check status according to flavor:
CRAN__> with(results, table(Flavor, Status))
                                   Status
Flavor                                 OK  NOTE WARNING ERROR FAILURE
  r-devel-linux-x86_64-debian-clang 17364  4644       1   104       0
  r-devel-linux-x86_64-debian-gcc   17393  4647       1    72       0
  r-devel-linux-x86_64-fedora-clang 17657  4217      38   191       1
  r-devel-linux-x86_64-fedora-gcc   17692  4230       4   183       0
  r-devel-macos-arm64               19707  2279      21   112       0
  r-devel-macos-x86_64              19105  2885      10   120       0
  r-devel-windows-x86_64            17586  4380       5   102       8
  r-oldrel-macos-arm64              17374  4437      26   212       1
  r-oldrel-macos-x86_64             17369  4581      25   131       0
  r-oldrel-windows-x86_64           18335  3603      23   106       2
  r-patched-linux-x86_64            17733  4336       3    38       0
  r-release-linux-x86_64            17730  4329       1    52       1
  r-release-macos-arm64             16428  5575      26    89       0
  r-release-macos-x86_64            16443  5604      11    62       0
  r-release-windows-x86_64          17257  4796       4    48       4

CRAN__> details <- CRAN_check_details()

CRAN__> ## Available variables:
CRAN__> names(details)
[1] "Package"    "Version"    "Flavor"     "Check"      "Status"    
[6] "Output"     "Flags"      "Maintainer"

CRAN__> ## Tabulate checks according to their status:
CRAN__> tab <- with(details, table(Check, Status))

CRAN__> ## Inspect some installation problems:
CRAN__> bad <- subset(details,
CRAN__+               ((Check == "whether package can be installed") &
CRAN__+                (Status != "OK")))

CRAN__> ## Show a random sample of up to 6
CRAN__> head(bad[sample(seq_len(NROW(bad)), NROW(bad)), ])
Package: RobLoxBioC 1.2.3
Flavor: r-oldrel-windows-x86_64
Check: whether package can be installed, Result: ERROR
  Installation failed.
  See 'd:/Rcompile/CRANpkg/local/4.3/RobLoxBioC.Rcheck/00install.out' for details.

Package: mlpack 4.5.1
Flavor: r-devel-linux-x86_64-fedora-clang
Check: whether package can be installed, Result: ERROR
  Installation failed.
  See <U+2018>/data/gannet/ripley/R/packages/tests-clang/mlpack.Rcheck/00install.out<U+2019> for details.

Package: highs 1.9.0-1
Flavor: r-oldrel-macos-arm64
Check: whether package can be installed, Result: WARNING
  Found the following significant warnings:
    clang: warning: argument unused during compilation: '-mpopcnt' [-Wunused-command-line-argument]
  See <U+2018>/Volumes/Builds/packages/big-sur-arm64/results/4.3/highs.Rcheck/00install.out<U+2019> for details.
  * used C++ compiler: <U+2018>Apple clang version 14.0.0 (clang-1400.0.29.202)<U+2019>
  * used SDK: <U+2018>MacOSX11.3.sdk<U+2019>

Package: pbdMPI 0.5-2
Flavor: r-release-macos-x86_64
Check: whether package can be installed, Result: ERROR
  Installation failed.
  See <U+2018>/Volumes/Builds/packages/big-sur-x86_64/results/4.4/pbdMPI.Rcheck/00install.out<U+2019> for details.

Package: TestGenerator 0.3.3
Flavor: r-patched-linux-x86_64
Check: whether package can be installed, Result: ERROR
  Installation failed.
  See <U+2018>/home/hornik/tmp/R.check/r-patched-gcc/Work/PKGS/TestGenerator.Rcheck/00install.out<U+2019> for details.

Package: nanotime 0.3.11
Flavor: r-devel-linux-x86_64-fedora-clang
Check: whether package can be installed, Result: WARNING
  Found the following significant warnings:
    /data/gannet/ripley/R/test-clang/RcppDate/include/date.h:966:34: warning: identifier '_d' preceded by whitespace in a literal operator declaration is deprecated [-Wdeprecated-literal-operator]
    /data/gannet/ripley/R/test-clang/RcppDate/include/date.h:967:34: warning: identifier '_y' preceded by whitespace in a literal operator declaration is deprecated [-Wdeprecated-literal-operator]
    /data/gannet/ripley/R/test-clang/RcppDate/include/date.h:1975:13: warning: identifier '_d' preceded by whitespace in a literal operator declaration is deprecated [-Wdeprecated-literal-operator]
    /data/gannet/ripley/R/test-clang/RcppDate/include/date.h:1983:13: warning: identifier '_y' preceded by whitespace in a literal operator declaration is deprecated [-Wdeprecated-literal-operator]
  See <U+2018>/data/gannet/ripley/R/packages/tests-clang/nanotime.Rcheck/00install.out<U+2019> for details.
  * used C++ compiler: <U+2018>clang version 20.1.0-rc2<U+2019>

CRAN__> issues <- CRAN_check_issues()

CRAN__> head(issues)
    Package Version  kind
1  EmbedSOM    <NA>  0len
5  fedmatch    <NA>  0len
9  timeplyr    <NA>  0len
15 EFAtools   0.4.5 ATLAS
16  FlexReg     1.2 ATLAS
17      ICS   1.4-1 ATLAS
                                                          href
1         https://www.stats.ox.ac.uk/pub/bdr/0len/EmbedSOM.out
5         https://www.stats.ox.ac.uk/pub/bdr/0len/fedmatch.out
9         https://www.stats.ox.ac.uk/pub/bdr/0len/timeplyr.out
15 https://www.stats.ox.ac.uk/pub/bdr/Rblas/ATLAS/EFAtools.out
16  https://www.stats.ox.ac.uk/pub/bdr/Rblas/ATLAS/FlexReg.out
17      https://www.stats.ox.ac.uk/pub/bdr/Rblas/ATLAS/ICS.out

CRAN__> ## Show counts of issues according to kind:
CRAN__> table(issues[, "kind"])

       0len       ATLAS       Intel         LTO       M1mac         MKL 
          3           9          14           1          36           5 
   OpenBLAS      Strict clang-UBSAN     clang19    donttest    gcc-ASAN 
          2           7           5           2          85           2 
  gcc-UBSAN        noLD     noRemap  noSuggests        rchk       rcnst 
         24           2           3          56          81           1 
     rlibro    valgrind 
          1           1 

CRAN__> ## Summarize CRAN check status for 10 randomly-selected packages
CRAN__> ## (reusing the information already read in):
CRAN__> pos <- sample(seq_len(NROW(pdb)), 10L)

CRAN__> summarize_CRAN_check_status(pdb[pos, "Package"],
CRAN__+                             results, details, issues)
Package: xlcutter
*****************

Current CRAN status: OK: 15
See: <https://CRAN.R-project.org/web/checks/check_results_xlcutter.html>

Package: gRbase
***************

Current CRAN status: OK: 9, NOTE: 6
See: <https://CRAN.R-project.org/web/checks/check_results_gRbase.html>

Version: 2.0.3
Check: installed package size, Result: NOTE
    installed size is 15.7Mb
    sub-directories of 1Mb or more:
      data   3.9Mb
      libs  10.5Mb
See: <https://www.r-project.org/nosvn/R.check/r-release-macos-arm64/gRbase-00check.html>,
     <https://www.r-project.org/nosvn/R.check/r-release-macos-x86_64/gRbase-00check.html>,
     <https://www.r-project.org/nosvn/R.check/r-release-windows-x86_64/gRbase-00check.html>,
     <https://www.r-project.org/nosvn/R.check/r-oldrel-macos-arm64/gRbase-00check.html>,
     <https://www.r-project.org/nosvn/R.check/r-oldrel-macos-x86_64/gRbase-00check.html>,
     <https://www.r-project.org/nosvn/R.check/r-oldrel-windows-x86_64/gRbase-00check.html>

Package: tidygapminder
**********************

Current CRAN status: OK: 5, NOTE: 10
See: <https://CRAN.R-project.org/web/checks/check_results_tidygapminder.html>

Version: 0.1.1
Check: dependencies in R code, Result: NOTE
  Namespace in Imports field not imported from: <U+2018>dplyr<U+2019>
    All declared Imports should be used.
See: <https://www.r-project.org/nosvn/R.check/r-devel-linux-x86_64-fedora-clang/tidygapminder-00check.html>,
     <https://www.r-project.org/nosvn/R.check/r-devel-linux-x86_64-fedora-gcc/tidygapminder-00check.html>

Version: 0.1.1
Check: LazyData, Result: NOTE
    'LazyData' is specified without a 'data' directory
See: <https://www.r-project.org/nosvn/R.check/r-patched-linux-x86_64/tidygapminder-00check.html>,
     <https://www.r-project.org/nosvn/R.check/r-release-linux-x86_64/tidygapminder-00check.html>,
     <https://www.r-project.org/nosvn/R.check/r-release-macos-arm64/tidygapminder-00check.html>,
     <https://www.r-project.org/nosvn/R.check/r-release-macos-x86_64/tidygapminder-00check.html>,
     <https://www.r-project.org/nosvn/R.check/r-release-windows-x86_64/tidygapminder-00check.html>,
     <https://www.r-project.org/nosvn/R.check/r-oldrel-macos-arm64/tidygapminder-00check.html>,
     <https://www.r-project.org/nosvn/R.check/r-oldrel-macos-x86_64/tidygapminder-00check.html>,
     <https://www.r-project.org/nosvn/R.check/r-oldrel-windows-x86_64/tidygapminder-00check.html>

Package: rkriging
*****************

Current CRAN status: OK: 11, NOTE: 4
See: <https://CRAN.R-project.org/web/checks/check_results_rkriging.html>

Version: 1.0.1
Check: installed package size, Result: NOTE
    installed size is 44.8Mb
    sub-directories of 1Mb or more:
      libs  44.2Mb
See: <https://www.r-project.org/nosvn/R.check/r-release-macos-arm64/rkriging-00check.html>,
     <https://www.r-project.org/nosvn/R.check/r-release-macos-x86_64/rkriging-00check.html>,
     <https://www.r-project.org/nosvn/R.check/r-oldrel-macos-arm64/rkriging-00check.html>,
     <https://www.r-project.org/nosvn/R.check/r-oldrel-macos-x86_64/rkriging-00check.html>

Package: NPMLEcmprsk
********************

Current CRAN status: OK: 15
See: <https://CRAN.R-project.org/web/checks/check_results_NPMLEcmprsk.html>

Package: ggpointless
********************

Current CRAN status: OK: 15
See: <https://CRAN.R-project.org/web/checks/check_results_ggpointless.html>

Package: retimer
****************

Current CRAN status: OK: 14
See: <https://CRAN.R-project.org/web/checks/check_results_retimer.html>

Package: lmridge
****************

Current CRAN status: OK: 3, NOTE: 12
See: <https://CRAN.R-project.org/web/checks/check_results_lmridge.html>

Version: 1.2.2
Check: Rd files, Result: NOTE
  checkRd: (-1) vcov.Rd:20: Lost braces
      20 | A list of matrix of estimated covariances in the linear ridge regression model for scalar or vector biasing parameter \code{K}{K} is produced. Each list element has row and column names corresponding to the parameter names given by the \code{coef(mod)}. List items are named correspond to values of biasing parameter \eqn{K}{K}.}
         |                                                                                                                               ^
See: <https://www.r-project.org/nosvn/R.check/r-devel-linux-x86_64-debian-clang/lmridge-00check.html>,
     <https://www.r-project.org/nosvn/R.check/r-devel-linux-x86_64-debian-gcc/lmridge-00check.html>,
     <https://www.r-project.org/nosvn/R.check/r-devel-linux-x86_64-fedora-clang/lmridge-00check.html>,
     <https://www.r-project.org/nosvn/R.check/r-devel-linux-x86_64-fedora-gcc/lmridge-00check.html>,
     <https://www.r-project.org/nosvn/R.check/r-devel-macos-arm64/lmridge-00check.html>,
     <https://www.r-project.org/nosvn/R.check/r-devel-macos-x86_64/lmridge-00check.html>,
     <https://www.r-project.org/nosvn/R.check/r-devel-windows-x86_64/lmridge-00check.html>,
     <https://www.r-project.org/nosvn/R.check/r-patched-linux-x86_64/lmridge-00check.html>,
     <https://www.r-project.org/nosvn/R.check/r-release-linux-x86_64/lmridge-00check.html>,
     <https://www.r-project.org/nosvn/R.check/r-release-macos-arm64/lmridge-00check.html>,
     <https://www.r-project.org/nosvn/R.check/r-release-macos-x86_64/lmridge-00check.html>,
     <https://www.r-project.org/nosvn/R.check/r-release-windows-x86_64/lmridge-00check.html>

Package: R2DT
*************

Current CRAN status: OK: 7, NOTE: 8
See: <https://CRAN.R-project.org/web/checks/check_results_R2DT.html>

Additional issues:
  donttest <https://www.stats.ox.ac.uk/pub/bdr/donttest/R2DT.out>

Version: 0.2
Check: LazyData, Result: NOTE
    'LazyData' is specified without a 'data' directory
See: <https://www.r-project.org/nosvn/R.check/r-patched-linux-x86_64/R2DT-00check.html>,
     <https://www.r-project.org/nosvn/R.check/r-release-linux-x86_64/R2DT-00check.html>,
     <https://www.r-project.org/nosvn/R.check/r-release-macos-arm64/R2DT-00check.html>,
     <https://www.r-project.org/nosvn/R.check/r-release-macos-x86_64/R2DT-00check.html>,
     <https://www.r-project.org/nosvn/R.check/r-release-windows-x86_64/R2DT-00check.html>,
     <https://www.r-project.org/nosvn/R.check/r-oldrel-macos-arm64/R2DT-00check.html>,
     <https://www.r-project.org/nosvn/R.check/r-oldrel-macos-x86_64/R2DT-00check.html>,
     <https://www.r-project.org/nosvn/R.check/r-oldrel-windows-x86_64/R2DT-00check.html>

Package: misclassGLM
********************

Current CRAN status: OK: 12, NOTE: 3
See: <https://CRAN.R-project.org/web/checks/check_results_misclassGLM.html>

Version: 0.3.5
Check: Rd cross-references, Result: NOTE
  Found the following Rd file(s) with Rd \link{} targets missing package
  anchors:
    misclassGLM.Rd: ucminf
    misclassMlogit.Rd: ucminf
  Please provide package anchors for all Rd \link{} targets not in the
  package itself and the base packages.
See: <https://www.r-project.org/nosvn/R.check/r-devel-linux-x86_64-debian-clang/misclassGLM-00check.html>,
     <https://www.r-project.org/nosvn/R.check/r-devel-linux-x86_64-debian-gcc/misclassGLM-00check.html>,
     <https://www.r-project.org/nosvn/R.check/r-devel-windows-x86_64/misclassGLM-00check.html>

CRAN__> ## End(No test)
CRAN__> 
CRAN__> 
> 
> cat("Time elapsed: ", proc.time() - .ptime,"\n")
Time elapsed:  2.59 0.093 10.327 0 0 
> 
