
R version 4.4.0 (2024-04-24) -- "Puppy Cup"
Copyright (C) 2024 The R Foundation for Statistical Computing
Platform: x86_64-pc-linux-gnu

R is free software and comes with ABSOLUTELY NO WARRANTY.
You are welcome to redistribute it under certain conditions.
Type 'license()' or 'licence()' for distribution details.

R is a collaborative project with many contributors.
Type 'contributors()' for more information and
'citation()' on how to cite R or R packages in publications.

Type 'demo()' for some demos, 'help()' for on-line help, or
'help.start()' for an HTML browser interface to help.
Type 'q()' to quit R.

> Sys.unsetenv("R_PARALLEL_PORT")
> 
> check.RS <- function(verbose = TRUE) {
+     s1 <- get0(".Random.seed", envir = .GlobalEnv, inherits = FALSE)
+     if(verbose) { cat("current .Random.seed :\n"); utils::str(s1) }
+     if(any("parallel" == loadedNamespaces())) unloadNamespace("parallel")
+     loadNamespace("parallel")
+     s2 <- get0(".Random.seed", envir = .GlobalEnv, inherits = FALSE)
+     stopifnot(all.equal(s1, s2)) ## both NULL (if there was none); equal also otherwise
+     unloadNamespace("parallel")
+     invisible(s1)
+ }
> 
> s1 <- check.RS()
current .Random.seed :
 NULL
> for(n in 1:3) check.RS(verbose=FALSE)
> 
> if(is.null(s1)) { ## create one
+     runif(1)
+ } else { # remove it
+     rm(.Random.seed)
+ }
[1] 0.06824071
> s2 <- check.RS()
current .Random.seed :
 int [1:626] 10403 1 -1815210957 -1757578287 172323200 1049402462 -461530199 -1447648677 968406634 328538892 ...
Error in cleanup(kill = tools::SIGKILL, detach = TRUE, shutdown = TRUE) : 
  object 'C_mc_cleanup' not found
Calls: <Anonymous> -> cleanup
Error in cleanup(kill = tools::SIGKILL, detach = TRUE, shutdown = TRUE) : 
  object 'C_mc_cleanup' not found
Calls: <Anonymous> -> cleanup
Error in cleanup(kill = tools::SIGKILL, detach = TRUE, shutdown = TRUE) : 
  object 'C_mc_cleanup' not found
Calls: <Anonymous> -> cleanup
> 
> stopifnot(xor(is.null(s1),
+ 	      is.null(s2)))
> 
