
R version 4.4.3 (2025-02-28) -- "Trophy Case"
Copyright (C) 2025 The R Foundation for Statistical Computing
Platform: x86_64-pc-linux-gnu

R is free software and comes with ABSOLUTELY NO WARRANTY.
You are welcome to redistribute it under certain conditions.
Type 'license()' or 'licence()' for distribution details.

R is a collaborative project with many contributors.
Type 'contributors()' for more information and
'citation()' on how to cite R or R packages in publications.

Type 'demo()' for some demos, 'help()' for on-line help, or
'help.start()' for an HTML browser interface to help.
Type 'q()' to quit R.

> source("incl/start.R")
[11:01:26.813] plan(): Setting new future strategy stack:
[11:01:26.814] List of future strategies:
[11:01:26.814] 1. sequential:
[11:01:26.814]    - args: function (..., envir = parent.frame(), workers = "<NULL>")
[11:01:26.814]    - tweaked: FALSE
[11:01:26.814]    - call: future::plan("sequential")
[11:01:26.827] plan(): nbrOfWorkers() = 1
> 
> message("*** FutureGlobals() ...")
*** FutureGlobals() ...
> 
> fg1 <- FutureGlobals()
> print(fg1)
list()
attr(,"where")
list()
attr(,"class")
[1] "FutureGlobals" "Globals"       "list"         
attr(,"resolved")
[1] FALSE
attr(,"total_size")
[1] NA
> 
> fg2 <- FutureGlobals(fg1)
> print(fg2)
list()
attr(,"where")
list()
attr(,"class")
[1] "FutureGlobals" "FutureGlobals" "Globals"       "list"         
attr(,"resolved")
[1] FALSE
attr(,"total_size")
[1] NA
> 
> g <- globals::as.Globals(list(a = 1, b = 1:3))
> print(g)
$a
[1] 1

$b
[1] 1 2 3

attr(,"where")
attr(,"where")$a
<environment: R_EmptyEnv>

attr(,"where")$b
<environment: R_EmptyEnv>

attr(,"class")
[1] "Globals" "list"   
> 
> fg3 <- FutureGlobals(g)
> print(fg3)
$a
[1] 1

$b
[1] 1 2 3

attr(,"where")
attr(,"where")$a
<environment: R_EmptyEnv>

attr(,"where")$b
<environment: R_EmptyEnv>

attr(,"class")
[1] "FutureGlobals" "Globals"       "list"         
attr(,"resolved")
[1] FALSE
attr(,"total_size")
[1] NA
> 
> fg4 <- as.FutureGlobals(g)
> print(fg4)
$a
[1] 1

$b
[1] 1 2 3

attr(,"where")
attr(,"where")$a
<environment: R_EmptyEnv>

attr(,"where")$b
<environment: R_EmptyEnv>

attr(,"class")
[1] "FutureGlobals" "Globals"       "list"         
attr(,"resolved")
[1] FALSE
attr(,"total_size")
[1] NA
> 
> print(resolved(fg3))
[1] FALSE
> 
> fg <- fg4
> 
> fg_unique <- unique(fg)
> print(fg_unique)
$a
[1] 1

$b
[1] 1 2 3

attr(,"where")
attr(,"where")$a
<environment: R_EmptyEnv>

attr(,"where")$b
<environment: R_EmptyEnv>

attr(,"class")
[1] "FutureGlobals" "Globals"       "list"         
attr(,"resolved")
[1] FALSE
attr(,"total_size")
[1] NA
> 
> fg_resolved <- resolve(fg)
[11:01:26.843] resolve() on list ...
[11:01:26.843]  recursive: 0
[11:01:26.843]  length: 2
[11:01:26.843]  elements: ‘a’, ‘b’
[11:01:26.843]  length: 1 (resolved future 1)
[11:01:26.844]  length: 0 (resolved future 2)
[11:01:26.844] resolve() on list ... DONE
> print(fg_resolved)
$a
[1] 1

$b
[1] 1 2 3

attr(,"where")
attr(,"where")$a
<environment: R_EmptyEnv>

attr(,"where")$b
<environment: R_EmptyEnv>

attr(,"class")
[1] "FutureGlobals" "Globals"       "list"         
attr(,"resolved")
[1] TRUE
attr(,"total_size")
[1] NA
> 
> message("- FutureGlobals() - exceptions ...")
- FutureGlobals() - exceptions ...
> 
> res <- tryCatch(g <- FutureGlobals(NULL), error = identity)
> print(res)
<simpleError: Argument 'object' is not a list: NULL>
> stopifnot(inherits(res, "error"))
> 
> message("*** FutureGlobals() ... DONE")
*** FutureGlobals() ... DONE
> 
> source("incl/end.R")
[11:01:26.845] plan(): Setting new future strategy stack:
[11:01:26.845] List of future strategies:
[11:01:26.845] 1. FutureStrategy:
[11:01:26.845]    - args: function (..., envir = parent.frame(), workers = "<NULL>")
[11:01:26.845]    - tweaked: FALSE
[11:01:26.845]    - call: future::plan(oplan)
[11:01:26.855] plan(): nbrOfWorkers() = 1
> 
