
R version 4.4.3 (2025-02-28) -- "Trophy Case"
Copyright (C) 2025 The R Foundation for Statistical Computing
Platform: x86_64-pc-linux-gnu

R is free software and comes with ABSOLUTELY NO WARRANTY.
You are welcome to redistribute it under certain conditions.
Type 'license()' or 'licence()' for distribution details.

R is a collaborative project with many contributors.
Type 'contributors()' for more information and
'citation()' on how to cite R or R packages in publications.

Type 'demo()' for some demos, 'help()' for on-line help, or
'help.start()' for an HTML browser interface to help.
Type 'q()' to quit R.

> source("incl/start.R")
[10:21:09.484] plan(): Setting new future strategy stack:
[10:21:09.485] List of future strategies:
[10:21:09.485] 1. sequential:
[10:21:09.485]    - args: function (..., envir = parent.frame(), workers = "<NULL>")
[10:21:09.485]    - tweaked: FALSE
[10:21:09.485]    - call: future::plan("sequential")
[10:21:09.499] plan(): nbrOfWorkers() = 1
> 
> ## BACKWARD COMPATIBILITY
> if (getRversion() < "3.2.0") {
+   names <- function(x) if (is.environment(x)) ls(envir = x) else base::names(x)
+ }
> 
> message("*** %<-% to environment ...")
*** %<-% to environment ...
> 
> ## - - - - - - - - - - - - - - - - - - - - - - - - - - - -
> ## Async delayed assignment (infix operator)
> ## - - - - - - - - - - - - - - - - - - - - - - - - - - - -
> z <- new.env()
> stopifnot(length(names(z)) == 0L)
> 
> message("*** %<-% to environment: Assign by index (not allowed)")
*** %<-% to environment: Assign by index (not allowed)
> res <- try(z[[1]] %<-% { 2 } %lazy% TRUE, silent = TRUE)
> stopifnot(inherits(res, "try-error"))
> 
> message("*** %<-% to environment: Assign by name (new)")
*** %<-% to environment: Assign by name (new)
> z$B %<-% { TRUE }  %lazy% TRUE
[10:21:09.516] getGlobalsAndPackages() ...
[10:21:09.516] Searching for globals...
[10:21:09.519] - globals found: [1] ‘{’
[10:21:09.519] Searching for globals ... DONE
[10:21:09.519] Resolving globals: FALSE
[10:21:09.519] 
[10:21:09.519] 
[10:21:09.520] getGlobalsAndPackages() ... DONE
> stopifnot(length(z) == 2) # sic!
> stopifnot("B" %in% ls(z))
> 
> y <- as.list(z)
[10:21:09.520] run() for ‘Future’ ...
[10:21:09.521] - state: ‘created’
[10:21:09.521] - Future backend: ‘FutureStrategy’, ‘sequential’, ‘uniprocess’, ‘future’, ‘function’
[10:21:09.521] - Future class: ‘SequentialFuture’, ‘UniprocessFuture’, ‘Future’, ‘environment’
[10:21:09.521] - Copy elements of temporary ‘SequentialFuture’ to final ‘Future’ object ...
[10:21:09.521]   - Field: ‘label’
[10:21:09.521]   - Field: ‘local’
[10:21:09.521]   - Field: ‘owner’
[10:21:09.522]   - Field: ‘envir’
[10:21:09.522]   - Field: ‘packages’
[10:21:09.522]   - Field: ‘gc’
[10:21:09.522]   - Field: ‘conditions’
[10:21:09.522]   - Field: ‘expr’
[10:21:09.522]   - Field: ‘uuid’
[10:21:09.522]   - Field: ‘seed’
[10:21:09.522]   - Field: ‘version’
[10:21:09.522]   - Field: ‘result’
[10:21:09.522]   - Field: ‘asynchronous’
[10:21:09.522]   - Field: ‘calls’
[10:21:09.522]   - Field: ‘globals’
[10:21:09.523]   - Field: ‘stdout’
[10:21:09.523]   - Field: ‘earlySignal’
[10:21:09.523]   - Field: ‘lazy’
[10:21:09.523]   - Field: ‘state’
[10:21:09.523] - Copy elements of temporary ‘SequentialFuture’ to final ‘Future’ object ... done
[10:21:09.523] - Launch lazy future ...
[10:21:09.524] Packages needed by the future expression (n = 0): <none>
[10:21:09.524] Packages needed by future strategies (n = 0): <none>
[10:21:09.525] {
[10:21:09.525]     {
[10:21:09.525]         {
[10:21:09.525]             ...future.startTime <- base::Sys.time()
[10:21:09.525]             {
[10:21:09.525]                 {
[10:21:09.525]                   {
[10:21:09.525]                     base::local({
[10:21:09.525]                       has_future <- base::requireNamespace("future", 
[10:21:09.525]                         quietly = TRUE)
[10:21:09.525]                       if (has_future) {
[10:21:09.525]                         ns <- base::getNamespace("future")
[10:21:09.525]                         version <- ns[[".package"]][["version"]]
[10:21:09.525]                         if (is.null(version)) 
[10:21:09.525]                           version <- utils::packageVersion("future")
[10:21:09.525]                       }
[10:21:09.525]                       else {
[10:21:09.525]                         version <- NULL
[10:21:09.525]                       }
[10:21:09.525]                       if (!has_future || version < "1.8.0") {
[10:21:09.525]                         info <- base::c(r_version = base::gsub("R version ", 
[10:21:09.525]                           "", base::R.version$version.string), 
[10:21:09.525]                           platform = base::sprintf("%s (%s-bit)", 
[10:21:09.525]                             base::R.version$platform, 8 * base::.Machine$sizeof.pointer), 
[10:21:09.525]                           os = base::paste(base::Sys.info()[base::c("sysname", 
[10:21:09.525]                             "release", "version")], collapse = " "), 
[10:21:09.525]                           hostname = base::Sys.info()[["nodename"]])
[10:21:09.525]                         info <- base::sprintf("%s: %s", base::names(info), 
[10:21:09.525]                           info)
[10:21:09.525]                         info <- base::paste(info, collapse = "; ")
[10:21:09.525]                         if (!has_future) {
[10:21:09.525]                           msg <- base::sprintf("Package 'future' is not installed on worker (%s)", 
[10:21:09.525]                             info)
[10:21:09.525]                         }
[10:21:09.525]                         else {
[10:21:09.525]                           msg <- base::sprintf("Package 'future' on worker (%s) must be of version >= 1.8.0: %s", 
[10:21:09.525]                             info, version)
[10:21:09.525]                         }
[10:21:09.525]                         base::stop(msg)
[10:21:09.525]                       }
[10:21:09.525]                     })
[10:21:09.525]                   }
[10:21:09.525]                   ...future.strategy.old <- future::plan("list")
[10:21:09.525]                   options(future.plan = NULL)
[10:21:09.525]                   Sys.unsetenv("R_FUTURE_PLAN")
[10:21:09.525]                   future::plan("default", .cleanup = FALSE, .init = FALSE)
[10:21:09.525]                 }
[10:21:09.525]                 ...future.workdir <- getwd()
[10:21:09.525]             }
[10:21:09.525]             ...future.oldOptions <- base::as.list(base::.Options)
[10:21:09.525]             ...future.oldEnvVars <- base::Sys.getenv()
[10:21:09.525]         }
[10:21:09.525]         base::options(future.startup.script = FALSE, future.globals.onMissing = NULL, 
[10:21:09.525]             future.globals.maxSize = NULL, future.globals.method = NULL, 
[10:21:09.525]             future.globals.onMissing = NULL, future.globals.onReference = NULL, 
[10:21:09.525]             future.globals.resolve = NULL, future.resolve.recursive = NULL, 
[10:21:09.525]             future.rng.onMisuse = NULL, future.rng.onMisuse.keepFuture = NULL, 
[10:21:09.525]             future.stdout.windows.reencode = NULL, width = 80L)
[10:21:09.525]         ...future.futureOptionsAdded <- base::setdiff(base::names(base::.Options), 
[10:21:09.525]             base::names(...future.oldOptions))
[10:21:09.525]     }
[10:21:09.525]     if (FALSE) {
[10:21:09.525]     }
[10:21:09.525]     else {
[10:21:09.525]         if (TRUE) {
[10:21:09.525]             ...future.stdout <- base::rawConnection(base::raw(0L), 
[10:21:09.525]                 open = "w")
[10:21:09.525]         }
[10:21:09.525]         else {
[10:21:09.525]             ...future.stdout <- base::file(base::switch(.Platform$OS.type, 
[10:21:09.525]                 windows = "NUL", "/dev/null"), open = "w")
[10:21:09.525]         }
[10:21:09.525]         base::sink(...future.stdout, type = "output", split = FALSE)
[10:21:09.525]         base::on.exit(if (!base::is.null(...future.stdout)) {
[10:21:09.525]             base::sink(type = "output", split = FALSE)
[10:21:09.525]             base::close(...future.stdout)
[10:21:09.525]         }, add = TRUE)
[10:21:09.525]     }
[10:21:09.525]     ...future.frame <- base::sys.nframe()
[10:21:09.525]     ...future.conditions <- base::list()
[10:21:09.525]     ...future.rng <- base::globalenv()$.Random.seed
[10:21:09.525]     if (FALSE) {
[10:21:09.525]         ...future.globalenv.names <- c(base::names(base::.GlobalEnv), 
[10:21:09.525]             "...future.value", "...future.globalenv.names", ".Random.seed")
[10:21:09.525]     }
[10:21:09.525]     ...future.result <- base::tryCatch({
[10:21:09.525]         base::withCallingHandlers({
[10:21:09.525]             ...future.value <- base::withVisible(base::local({
[10:21:09.525]                 TRUE
[10:21:09.525]             }))
[10:21:09.525]             future::FutureResult(value = ...future.value$value, 
[10:21:09.525]                 visible = ...future.value$visible, rng = !identical(base::globalenv()$.Random.seed, 
[10:21:09.525]                   ...future.rng), globalenv = if (FALSE) 
[10:21:09.525]                   list(added = base::setdiff(base::names(base::.GlobalEnv), 
[10:21:09.525]                     ...future.globalenv.names))
[10:21:09.525]                 else NULL, started = ...future.startTime, version = "1.8")
[10:21:09.525]         }, condition = base::local({
[10:21:09.525]             c <- base::c
[10:21:09.525]             inherits <- base::inherits
[10:21:09.525]             invokeRestart <- base::invokeRestart
[10:21:09.525]             length <- base::length
[10:21:09.525]             list <- base::list
[10:21:09.525]             seq.int <- base::seq.int
[10:21:09.525]             signalCondition <- base::signalCondition
[10:21:09.525]             sys.calls <- base::sys.calls
[10:21:09.525]             `[[` <- base::`[[`
[10:21:09.525]             `+` <- base::`+`
[10:21:09.525]             `<<-` <- base::`<<-`
[10:21:09.525]             sysCalls <- function(calls = sys.calls(), from = 1L) {
[10:21:09.525]                 calls[seq.int(from = from + 12L, to = length(calls) - 
[10:21:09.525]                   3L)]
[10:21:09.525]             }
[10:21:09.525]             function(cond) {
[10:21:09.525]                 is_error <- inherits(cond, "error")
[10:21:09.525]                 ignore <- !is_error && !is.null(NULL) && inherits(cond, 
[10:21:09.525]                   NULL)
[10:21:09.525]                 if (is_error) {
[10:21:09.525]                   sessionInformation <- function() {
[10:21:09.525]                     list(r = base::R.Version(), locale = base::Sys.getlocale(), 
[10:21:09.525]                       rngkind = base::RNGkind(), namespaces = base::loadedNamespaces(), 
[10:21:09.525]                       search = base::search(), system = base::Sys.info())
[10:21:09.525]                   }
[10:21:09.525]                   ...future.conditions[[length(...future.conditions) + 
[10:21:09.525]                     1L]] <<- list(condition = cond, calls = c(sysCalls(from = ...future.frame), 
[10:21:09.525]                     cond$call), session = sessionInformation(), 
[10:21:09.525]                     timestamp = base::Sys.time(), signaled = 0L)
[10:21:09.525]                   signalCondition(cond)
[10:21:09.525]                 }
[10:21:09.525]                 else if (!ignore && TRUE && inherits(cond, c("condition", 
[10:21:09.525]                 "immediateCondition"))) {
[10:21:09.525]                   signal <- TRUE && inherits(cond, "immediateCondition")
[10:21:09.525]                   ...future.conditions[[length(...future.conditions) + 
[10:21:09.525]                     1L]] <<- list(condition = cond, signaled = base::as.integer(signal))
[10:21:09.525]                   if (TRUE && !signal) {
[10:21:09.525]                     muffleCondition <- function (cond, pattern = "^muffle") 
[10:21:09.525]                     {
[10:21:09.525]                       inherits <- base::inherits
[10:21:09.525]                       invokeRestart <- base::invokeRestart
[10:21:09.525]                       is.null <- base::is.null
[10:21:09.525]                       muffled <- FALSE
[10:21:09.525]                       if (inherits(cond, "message")) {
[10:21:09.525]                         muffled <- grepl(pattern, "muffleMessage")
[10:21:09.525]                         if (muffled) 
[10:21:09.525]                           invokeRestart("muffleMessage")
[10:21:09.525]                       }
[10:21:09.525]                       else if (inherits(cond, "warning")) {
[10:21:09.525]                         muffled <- grepl(pattern, "muffleWarning")
[10:21:09.525]                         if (muffled) 
[10:21:09.525]                           invokeRestart("muffleWarning")
[10:21:09.525]                       }
[10:21:09.525]                       else if (inherits(cond, "condition")) {
[10:21:09.525]                         if (!is.null(pattern)) {
[10:21:09.525]                           computeRestarts <- base::computeRestarts
[10:21:09.525]                           grepl <- base::grepl
[10:21:09.525]                           restarts <- computeRestarts(cond)
[10:21:09.525]                           for (restart in restarts) {
[10:21:09.525]                             name <- restart$name
[10:21:09.525]                             if (is.null(name)) 
[10:21:09.525]                               next
[10:21:09.525]                             if (!grepl(pattern, name)) 
[10:21:09.525]                               next
[10:21:09.525]                             invokeRestart(restart)
[10:21:09.525]                             muffled <- TRUE
[10:21:09.525]                             break
[10:21:09.525]                           }
[10:21:09.525]                         }
[10:21:09.525]                       }
[10:21:09.525]                       invisible(muffled)
[10:21:09.525]                     }
[10:21:09.525]                     muffleCondition(cond, pattern = "^muffle")
[10:21:09.525]                   }
[10:21:09.525]                 }
[10:21:09.525]                 else {
[10:21:09.525]                   if (TRUE) {
[10:21:09.525]                     muffleCondition <- function (cond, pattern = "^muffle") 
[10:21:09.525]                     {
[10:21:09.525]                       inherits <- base::inherits
[10:21:09.525]                       invokeRestart <- base::invokeRestart
[10:21:09.525]                       is.null <- base::is.null
[10:21:09.525]                       muffled <- FALSE
[10:21:09.525]                       if (inherits(cond, "message")) {
[10:21:09.525]                         muffled <- grepl(pattern, "muffleMessage")
[10:21:09.525]                         if (muffled) 
[10:21:09.525]                           invokeRestart("muffleMessage")
[10:21:09.525]                       }
[10:21:09.525]                       else if (inherits(cond, "warning")) {
[10:21:09.525]                         muffled <- grepl(pattern, "muffleWarning")
[10:21:09.525]                         if (muffled) 
[10:21:09.525]                           invokeRestart("muffleWarning")
[10:21:09.525]                       }
[10:21:09.525]                       else if (inherits(cond, "condition")) {
[10:21:09.525]                         if (!is.null(pattern)) {
[10:21:09.525]                           computeRestarts <- base::computeRestarts
[10:21:09.525]                           grepl <- base::grepl
[10:21:09.525]                           restarts <- computeRestarts(cond)
[10:21:09.525]                           for (restart in restarts) {
[10:21:09.525]                             name <- restart$name
[10:21:09.525]                             if (is.null(name)) 
[10:21:09.525]                               next
[10:21:09.525]                             if (!grepl(pattern, name)) 
[10:21:09.525]                               next
[10:21:09.525]                             invokeRestart(restart)
[10:21:09.525]                             muffled <- TRUE
[10:21:09.525]                             break
[10:21:09.525]                           }
[10:21:09.525]                         }
[10:21:09.525]                       }
[10:21:09.525]                       invisible(muffled)
[10:21:09.525]                     }
[10:21:09.525]                     muffleCondition(cond, pattern = "^muffle")
[10:21:09.525]                   }
[10:21:09.525]                 }
[10:21:09.525]             }
[10:21:09.525]         }))
[10:21:09.525]     }, error = function(ex) {
[10:21:09.525]         base::structure(base::list(value = NULL, visible = NULL, 
[10:21:09.525]             conditions = ...future.conditions, rng = !identical(base::globalenv()$.Random.seed, 
[10:21:09.525]                 ...future.rng), started = ...future.startTime, 
[10:21:09.525]             finished = Sys.time(), session_uuid = NA_character_, 
[10:21:09.525]             version = "1.8"), class = "FutureResult")
[10:21:09.525]     }, finally = {
[10:21:09.525]         if (!identical(...future.workdir, getwd())) 
[10:21:09.525]             setwd(...future.workdir)
[10:21:09.525]         {
[10:21:09.525]             if (identical(getOption("nwarnings"), ...future.oldOptions$nwarnings)) {
[10:21:09.525]                 ...future.oldOptions$nwarnings <- NULL
[10:21:09.525]             }
[10:21:09.525]             base::options(...future.oldOptions)
[10:21:09.525]             if (.Platform$OS.type == "windows") {
[10:21:09.525]                 old_names <- names(...future.oldEnvVars)
[10:21:09.525]                 envs <- base::Sys.getenv()
[10:21:09.525]                 names <- names(envs)
[10:21:09.525]                 common <- intersect(names, old_names)
[10:21:09.525]                 added <- setdiff(names, old_names)
[10:21:09.525]                 removed <- setdiff(old_names, names)
[10:21:09.525]                 changed <- common[...future.oldEnvVars[common] != 
[10:21:09.525]                   envs[common]]
[10:21:09.525]                 NAMES <- toupper(changed)
[10:21:09.525]                 args <- list()
[10:21:09.525]                 for (kk in seq_along(NAMES)) {
[10:21:09.525]                   name <- changed[[kk]]
[10:21:09.525]                   NAME <- NAMES[[kk]]
[10:21:09.525]                   if (name != NAME && is.element(NAME, old_names)) 
[10:21:09.525]                     next
[10:21:09.525]                   args[[name]] <- ...future.oldEnvVars[[name]]
[10:21:09.525]                 }
[10:21:09.525]                 NAMES <- toupper(added)
[10:21:09.525]                 for (kk in seq_along(NAMES)) {
[10:21:09.525]                   name <- added[[kk]]
[10:21:09.525]                   NAME <- NAMES[[kk]]
[10:21:09.525]                   if (name != NAME && is.element(NAME, old_names)) 
[10:21:09.525]                     next
[10:21:09.525]                   args[[name]] <- ""
[10:21:09.525]                 }
[10:21:09.525]                 NAMES <- toupper(removed)
[10:21:09.525]                 for (kk in seq_along(NAMES)) {
[10:21:09.525]                   name <- removed[[kk]]
[10:21:09.525]                   NAME <- NAMES[[kk]]
[10:21:09.525]                   if (name != NAME && is.element(NAME, old_names)) 
[10:21:09.525]                     next
[10:21:09.525]                   args[[name]] <- ...future.oldEnvVars[[name]]
[10:21:09.525]                 }
[10:21:09.525]                 if (length(args) > 0) 
[10:21:09.525]                   base::do.call(base::Sys.setenv, args = args)
[10:21:09.525]                 args <- names <- old_names <- NAMES <- envs <- common <- added <- removed <- NULL
[10:21:09.525]             }
[10:21:09.525]             else {
[10:21:09.525]                 base::do.call(base::Sys.setenv, args = base::as.list(...future.oldEnvVars))
[10:21:09.525]             }
[10:21:09.525]             {
[10:21:09.525]                 if (base::length(...future.futureOptionsAdded) > 
[10:21:09.525]                   0L) {
[10:21:09.525]                   opts <- base::vector("list", length = base::length(...future.futureOptionsAdded))
[10:21:09.525]                   base::names(opts) <- ...future.futureOptionsAdded
[10:21:09.525]                   base::options(opts)
[10:21:09.525]                 }
[10:21:09.525]                 {
[10:21:09.525]                   {
[10:21:09.525]                     NULL
[10:21:09.525]                     RNGkind("Mersenne-Twister")
[10:21:09.525]                     base::rm(list = ".Random.seed", envir = base::globalenv(), 
[10:21:09.525]                       inherits = FALSE)
[10:21:09.525]                   }
[10:21:09.525]                   options(future.plan = NULL)
[10:21:09.525]                   if (is.na(NA_character_)) 
[10:21:09.525]                     Sys.unsetenv("R_FUTURE_PLAN")
[10:21:09.525]                   else Sys.setenv(R_FUTURE_PLAN = NA_character_)
[10:21:09.525]                   future::plan(...future.strategy.old, .cleanup = FALSE, 
[10:21:09.525]                     .init = FALSE)
[10:21:09.525]                 }
[10:21:09.525]             }
[10:21:09.525]         }
[10:21:09.525]     })
[10:21:09.525]     if (TRUE) {
[10:21:09.525]         base::sink(type = "output", split = FALSE)
[10:21:09.525]         if (TRUE) {
[10:21:09.525]             ...future.result$stdout <- base::rawToChar(base::rawConnectionValue(...future.stdout))
[10:21:09.525]         }
[10:21:09.525]         else {
[10:21:09.525]             ...future.result["stdout"] <- base::list(NULL)
[10:21:09.525]         }
[10:21:09.525]         base::close(...future.stdout)
[10:21:09.525]         ...future.stdout <- NULL
[10:21:09.525]     }
[10:21:09.525]     ...future.result$conditions <- ...future.conditions
[10:21:09.525]     ...future.result$finished <- base::Sys.time()
[10:21:09.525]     ...future.result
[10:21:09.525] }
[10:21:09.526] plan(): Setting new future strategy stack:
[10:21:09.527] List of future strategies:
[10:21:09.527] 1. sequential:
[10:21:09.527]    - args: function (..., envir = parent.frame(), workers = "<NULL>")
[10:21:09.527]    - tweaked: FALSE
[10:21:09.527]    - call: NULL
[10:21:09.527] plan(): nbrOfWorkers() = 1
[10:21:09.528] plan(): Setting new future strategy stack:
[10:21:09.528] List of future strategies:
[10:21:09.528] 1. sequential:
[10:21:09.528]    - args: function (..., envir = parent.frame(), workers = "<NULL>")
[10:21:09.528]    - tweaked: FALSE
[10:21:09.528]    - call: future::plan("sequential")
[10:21:09.529] plan(): nbrOfWorkers() = 1
[10:21:09.529] SequentialFuture started (and completed)
[10:21:09.529] - Launch lazy future ... done
[10:21:09.529] run() for ‘SequentialFuture’ ... done
> str(y)
List of 1
 $ B: logi TRUE
> stopifnot(length(y) == 1)
> stopifnot(identical(names(y), "B"))
> 
> 
> message("*** %<-% to environment: Potential task name clashes")
*** %<-% to environment: Potential task name clashes
> u <- new.env()
> u$a %<-% { 1 } %lazy% TRUE
[10:21:09.532] getGlobalsAndPackages() ...
[10:21:09.532] Searching for globals...
[10:21:09.533] - globals found: [1] ‘{’
[10:21:09.533] Searching for globals ... DONE
[10:21:09.533] Resolving globals: FALSE
[10:21:09.533] 
[10:21:09.533] 
[10:21:09.533] getGlobalsAndPackages() ... DONE
> stopifnot(length(u) == 2)
> stopifnot("a" %in% names(u))
> fu <- futureOf(u$a)
> 
> v <- new.env()
> v$a %<-% { 2 } %lazy% TRUE
[10:21:09.534] getGlobalsAndPackages() ...
[10:21:09.534] Searching for globals...
[10:21:09.535] - globals found: [1] ‘{’
[10:21:09.535] Searching for globals ... DONE
[10:21:09.535] Resolving globals: FALSE
[10:21:09.535] 
[10:21:09.535] 
[10:21:09.535] getGlobalsAndPackages() ... DONE
> stopifnot(length(v) == 2)
> stopifnot("a" %in% names(v))
> fv <- futureOf(v$a)
> stopifnot(!identical(fu, fv))
> 
> fu <- futureOf(u$a)
> stopifnot(!identical(fu, fv))
> 
> stopifnot(identical(u$a, 1))
[10:21:09.536] run() for ‘Future’ ...
[10:21:09.536] - state: ‘created’
[10:21:09.536] - Future backend: ‘FutureStrategy’, ‘sequential’, ‘uniprocess’, ‘future’, ‘function’
[10:21:09.537] - Future class: ‘SequentialFuture’, ‘UniprocessFuture’, ‘Future’, ‘environment’
[10:21:09.537] - Copy elements of temporary ‘SequentialFuture’ to final ‘Future’ object ...
[10:21:09.537]   - Field: ‘label’
[10:21:09.537]   - Field: ‘local’
[10:21:09.537]   - Field: ‘owner’
[10:21:09.537]   - Field: ‘envir’
[10:21:09.537]   - Field: ‘packages’
[10:21:09.537]   - Field: ‘gc’
[10:21:09.537]   - Field: ‘conditions’
[10:21:09.537]   - Field: ‘expr’
[10:21:09.537]   - Field: ‘uuid’
[10:21:09.538]   - Field: ‘seed’
[10:21:09.538]   - Field: ‘version’
[10:21:09.538]   - Field: ‘result’
[10:21:09.538]   - Field: ‘asynchronous’
[10:21:09.538]   - Field: ‘calls’
[10:21:09.538]   - Field: ‘globals’
[10:21:09.538]   - Field: ‘stdout’
[10:21:09.538]   - Field: ‘earlySignal’
[10:21:09.538]   - Field: ‘lazy’
[10:21:09.538]   - Field: ‘state’
[10:21:09.538] - Copy elements of temporary ‘SequentialFuture’ to final ‘Future’ object ... done
[10:21:09.539] - Launch lazy future ...
[10:21:09.539] Packages needed by the future expression (n = 0): <none>
[10:21:09.539] Packages needed by future strategies (n = 0): <none>
[10:21:09.539] {
[10:21:09.539]     {
[10:21:09.539]         {
[10:21:09.539]             ...future.startTime <- base::Sys.time()
[10:21:09.539]             {
[10:21:09.539]                 {
[10:21:09.539]                   {
[10:21:09.539]                     base::local({
[10:21:09.539]                       has_future <- base::requireNamespace("future", 
[10:21:09.539]                         quietly = TRUE)
[10:21:09.539]                       if (has_future) {
[10:21:09.539]                         ns <- base::getNamespace("future")
[10:21:09.539]                         version <- ns[[".package"]][["version"]]
[10:21:09.539]                         if (is.null(version)) 
[10:21:09.539]                           version <- utils::packageVersion("future")
[10:21:09.539]                       }
[10:21:09.539]                       else {
[10:21:09.539]                         version <- NULL
[10:21:09.539]                       }
[10:21:09.539]                       if (!has_future || version < "1.8.0") {
[10:21:09.539]                         info <- base::c(r_version = base::gsub("R version ", 
[10:21:09.539]                           "", base::R.version$version.string), 
[10:21:09.539]                           platform = base::sprintf("%s (%s-bit)", 
[10:21:09.539]                             base::R.version$platform, 8 * base::.Machine$sizeof.pointer), 
[10:21:09.539]                           os = base::paste(base::Sys.info()[base::c("sysname", 
[10:21:09.539]                             "release", "version")], collapse = " "), 
[10:21:09.539]                           hostname = base::Sys.info()[["nodename"]])
[10:21:09.539]                         info <- base::sprintf("%s: %s", base::names(info), 
[10:21:09.539]                           info)
[10:21:09.539]                         info <- base::paste(info, collapse = "; ")
[10:21:09.539]                         if (!has_future) {
[10:21:09.539]                           msg <- base::sprintf("Package 'future' is not installed on worker (%s)", 
[10:21:09.539]                             info)
[10:21:09.539]                         }
[10:21:09.539]                         else {
[10:21:09.539]                           msg <- base::sprintf("Package 'future' on worker (%s) must be of version >= 1.8.0: %s", 
[10:21:09.539]                             info, version)
[10:21:09.539]                         }
[10:21:09.539]                         base::stop(msg)
[10:21:09.539]                       }
[10:21:09.539]                     })
[10:21:09.539]                   }
[10:21:09.539]                   ...future.strategy.old <- future::plan("list")
[10:21:09.539]                   options(future.plan = NULL)
[10:21:09.539]                   Sys.unsetenv("R_FUTURE_PLAN")
[10:21:09.539]                   future::plan("default", .cleanup = FALSE, .init = FALSE)
[10:21:09.539]                 }
[10:21:09.539]                 ...future.workdir <- getwd()
[10:21:09.539]             }
[10:21:09.539]             ...future.oldOptions <- base::as.list(base::.Options)
[10:21:09.539]             ...future.oldEnvVars <- base::Sys.getenv()
[10:21:09.539]         }
[10:21:09.539]         base::options(future.startup.script = FALSE, future.globals.onMissing = NULL, 
[10:21:09.539]             future.globals.maxSize = NULL, future.globals.method = NULL, 
[10:21:09.539]             future.globals.onMissing = NULL, future.globals.onReference = NULL, 
[10:21:09.539]             future.globals.resolve = NULL, future.resolve.recursive = NULL, 
[10:21:09.539]             future.rng.onMisuse = NULL, future.rng.onMisuse.keepFuture = NULL, 
[10:21:09.539]             future.stdout.windows.reencode = NULL, width = 80L)
[10:21:09.539]         ...future.futureOptionsAdded <- base::setdiff(base::names(base::.Options), 
[10:21:09.539]             base::names(...future.oldOptions))
[10:21:09.539]     }
[10:21:09.539]     if (FALSE) {
[10:21:09.539]     }
[10:21:09.539]     else {
[10:21:09.539]         if (TRUE) {
[10:21:09.539]             ...future.stdout <- base::rawConnection(base::raw(0L), 
[10:21:09.539]                 open = "w")
[10:21:09.539]         }
[10:21:09.539]         else {
[10:21:09.539]             ...future.stdout <- base::file(base::switch(.Platform$OS.type, 
[10:21:09.539]                 windows = "NUL", "/dev/null"), open = "w")
[10:21:09.539]         }
[10:21:09.539]         base::sink(...future.stdout, type = "output", split = FALSE)
[10:21:09.539]         base::on.exit(if (!base::is.null(...future.stdout)) {
[10:21:09.539]             base::sink(type = "output", split = FALSE)
[10:21:09.539]             base::close(...future.stdout)
[10:21:09.539]         }, add = TRUE)
[10:21:09.539]     }
[10:21:09.539]     ...future.frame <- base::sys.nframe()
[10:21:09.539]     ...future.conditions <- base::list()
[10:21:09.539]     ...future.rng <- base::globalenv()$.Random.seed
[10:21:09.539]     if (FALSE) {
[10:21:09.539]         ...future.globalenv.names <- c(base::names(base::.GlobalEnv), 
[10:21:09.539]             "...future.value", "...future.globalenv.names", ".Random.seed")
[10:21:09.539]     }
[10:21:09.539]     ...future.result <- base::tryCatch({
[10:21:09.539]         base::withCallingHandlers({
[10:21:09.539]             ...future.value <- base::withVisible(base::local({
[10:21:09.539]                 1
[10:21:09.539]             }))
[10:21:09.539]             future::FutureResult(value = ...future.value$value, 
[10:21:09.539]                 visible = ...future.value$visible, rng = !identical(base::globalenv()$.Random.seed, 
[10:21:09.539]                   ...future.rng), globalenv = if (FALSE) 
[10:21:09.539]                   list(added = base::setdiff(base::names(base::.GlobalEnv), 
[10:21:09.539]                     ...future.globalenv.names))
[10:21:09.539]                 else NULL, started = ...future.startTime, version = "1.8")
[10:21:09.539]         }, condition = base::local({
[10:21:09.539]             c <- base::c
[10:21:09.539]             inherits <- base::inherits
[10:21:09.539]             invokeRestart <- base::invokeRestart
[10:21:09.539]             length <- base::length
[10:21:09.539]             list <- base::list
[10:21:09.539]             seq.int <- base::seq.int
[10:21:09.539]             signalCondition <- base::signalCondition
[10:21:09.539]             sys.calls <- base::sys.calls
[10:21:09.539]             `[[` <- base::`[[`
[10:21:09.539]             `+` <- base::`+`
[10:21:09.539]             `<<-` <- base::`<<-`
[10:21:09.539]             sysCalls <- function(calls = sys.calls(), from = 1L) {
[10:21:09.539]                 calls[seq.int(from = from + 12L, to = length(calls) - 
[10:21:09.539]                   3L)]
[10:21:09.539]             }
[10:21:09.539]             function(cond) {
[10:21:09.539]                 is_error <- inherits(cond, "error")
[10:21:09.539]                 ignore <- !is_error && !is.null(NULL) && inherits(cond, 
[10:21:09.539]                   NULL)
[10:21:09.539]                 if (is_error) {
[10:21:09.539]                   sessionInformation <- function() {
[10:21:09.539]                     list(r = base::R.Version(), locale = base::Sys.getlocale(), 
[10:21:09.539]                       rngkind = base::RNGkind(), namespaces = base::loadedNamespaces(), 
[10:21:09.539]                       search = base::search(), system = base::Sys.info())
[10:21:09.539]                   }
[10:21:09.539]                   ...future.conditions[[length(...future.conditions) + 
[10:21:09.539]                     1L]] <<- list(condition = cond, calls = c(sysCalls(from = ...future.frame), 
[10:21:09.539]                     cond$call), session = sessionInformation(), 
[10:21:09.539]                     timestamp = base::Sys.time(), signaled = 0L)
[10:21:09.539]                   signalCondition(cond)
[10:21:09.539]                 }
[10:21:09.539]                 else if (!ignore && TRUE && inherits(cond, c("condition", 
[10:21:09.539]                 "immediateCondition"))) {
[10:21:09.539]                   signal <- TRUE && inherits(cond, "immediateCondition")
[10:21:09.539]                   ...future.conditions[[length(...future.conditions) + 
[10:21:09.539]                     1L]] <<- list(condition = cond, signaled = base::as.integer(signal))
[10:21:09.539]                   if (TRUE && !signal) {
[10:21:09.539]                     muffleCondition <- function (cond, pattern = "^muffle") 
[10:21:09.539]                     {
[10:21:09.539]                       inherits <- base::inherits
[10:21:09.539]                       invokeRestart <- base::invokeRestart
[10:21:09.539]                       is.null <- base::is.null
[10:21:09.539]                       muffled <- FALSE
[10:21:09.539]                       if (inherits(cond, "message")) {
[10:21:09.539]                         muffled <- grepl(pattern, "muffleMessage")
[10:21:09.539]                         if (muffled) 
[10:21:09.539]                           invokeRestart("muffleMessage")
[10:21:09.539]                       }
[10:21:09.539]                       else if (inherits(cond, "warning")) {
[10:21:09.539]                         muffled <- grepl(pattern, "muffleWarning")
[10:21:09.539]                         if (muffled) 
[10:21:09.539]                           invokeRestart("muffleWarning")
[10:21:09.539]                       }
[10:21:09.539]                       else if (inherits(cond, "condition")) {
[10:21:09.539]                         if (!is.null(pattern)) {
[10:21:09.539]                           computeRestarts <- base::computeRestarts
[10:21:09.539]                           grepl <- base::grepl
[10:21:09.539]                           restarts <- computeRestarts(cond)
[10:21:09.539]                           for (restart in restarts) {
[10:21:09.539]                             name <- restart$name
[10:21:09.539]                             if (is.null(name)) 
[10:21:09.539]                               next
[10:21:09.539]                             if (!grepl(pattern, name)) 
[10:21:09.539]                               next
[10:21:09.539]                             invokeRestart(restart)
[10:21:09.539]                             muffled <- TRUE
[10:21:09.539]                             break
[10:21:09.539]                           }
[10:21:09.539]                         }
[10:21:09.539]                       }
[10:21:09.539]                       invisible(muffled)
[10:21:09.539]                     }
[10:21:09.539]                     muffleCondition(cond, pattern = "^muffle")
[10:21:09.539]                   }
[10:21:09.539]                 }
[10:21:09.539]                 else {
[10:21:09.539]                   if (TRUE) {
[10:21:09.539]                     muffleCondition <- function (cond, pattern = "^muffle") 
[10:21:09.539]                     {
[10:21:09.539]                       inherits <- base::inherits
[10:21:09.539]                       invokeRestart <- base::invokeRestart
[10:21:09.539]                       is.null <- base::is.null
[10:21:09.539]                       muffled <- FALSE
[10:21:09.539]                       if (inherits(cond, "message")) {
[10:21:09.539]                         muffled <- grepl(pattern, "muffleMessage")
[10:21:09.539]                         if (muffled) 
[10:21:09.539]                           invokeRestart("muffleMessage")
[10:21:09.539]                       }
[10:21:09.539]                       else if (inherits(cond, "warning")) {
[10:21:09.539]                         muffled <- grepl(pattern, "muffleWarning")
[10:21:09.539]                         if (muffled) 
[10:21:09.539]                           invokeRestart("muffleWarning")
[10:21:09.539]                       }
[10:21:09.539]                       else if (inherits(cond, "condition")) {
[10:21:09.539]                         if (!is.null(pattern)) {
[10:21:09.539]                           computeRestarts <- base::computeRestarts
[10:21:09.539]                           grepl <- base::grepl
[10:21:09.539]                           restarts <- computeRestarts(cond)
[10:21:09.539]                           for (restart in restarts) {
[10:21:09.539]                             name <- restart$name
[10:21:09.539]                             if (is.null(name)) 
[10:21:09.539]                               next
[10:21:09.539]                             if (!grepl(pattern, name)) 
[10:21:09.539]                               next
[10:21:09.539]                             invokeRestart(restart)
[10:21:09.539]                             muffled <- TRUE
[10:21:09.539]                             break
[10:21:09.539]                           }
[10:21:09.539]                         }
[10:21:09.539]                       }
[10:21:09.539]                       invisible(muffled)
[10:21:09.539]                     }
[10:21:09.539]                     muffleCondition(cond, pattern = "^muffle")
[10:21:09.539]                   }
[10:21:09.539]                 }
[10:21:09.539]             }
[10:21:09.539]         }))
[10:21:09.539]     }, error = function(ex) {
[10:21:09.539]         base::structure(base::list(value = NULL, visible = NULL, 
[10:21:09.539]             conditions = ...future.conditions, rng = !identical(base::globalenv()$.Random.seed, 
[10:21:09.539]                 ...future.rng), started = ...future.startTime, 
[10:21:09.539]             finished = Sys.time(), session_uuid = NA_character_, 
[10:21:09.539]             version = "1.8"), class = "FutureResult")
[10:21:09.539]     }, finally = {
[10:21:09.539]         if (!identical(...future.workdir, getwd())) 
[10:21:09.539]             setwd(...future.workdir)
[10:21:09.539]         {
[10:21:09.539]             if (identical(getOption("nwarnings"), ...future.oldOptions$nwarnings)) {
[10:21:09.539]                 ...future.oldOptions$nwarnings <- NULL
[10:21:09.539]             }
[10:21:09.539]             base::options(...future.oldOptions)
[10:21:09.539]             if (.Platform$OS.type == "windows") {
[10:21:09.539]                 old_names <- names(...future.oldEnvVars)
[10:21:09.539]                 envs <- base::Sys.getenv()
[10:21:09.539]                 names <- names(envs)
[10:21:09.539]                 common <- intersect(names, old_names)
[10:21:09.539]                 added <- setdiff(names, old_names)
[10:21:09.539]                 removed <- setdiff(old_names, names)
[10:21:09.539]                 changed <- common[...future.oldEnvVars[common] != 
[10:21:09.539]                   envs[common]]
[10:21:09.539]                 NAMES <- toupper(changed)
[10:21:09.539]                 args <- list()
[10:21:09.539]                 for (kk in seq_along(NAMES)) {
[10:21:09.539]                   name <- changed[[kk]]
[10:21:09.539]                   NAME <- NAMES[[kk]]
[10:21:09.539]                   if (name != NAME && is.element(NAME, old_names)) 
[10:21:09.539]                     next
[10:21:09.539]                   args[[name]] <- ...future.oldEnvVars[[name]]
[10:21:09.539]                 }
[10:21:09.539]                 NAMES <- toupper(added)
[10:21:09.539]                 for (kk in seq_along(NAMES)) {
[10:21:09.539]                   name <- added[[kk]]
[10:21:09.539]                   NAME <- NAMES[[kk]]
[10:21:09.539]                   if (name != NAME && is.element(NAME, old_names)) 
[10:21:09.539]                     next
[10:21:09.539]                   args[[name]] <- ""
[10:21:09.539]                 }
[10:21:09.539]                 NAMES <- toupper(removed)
[10:21:09.539]                 for (kk in seq_along(NAMES)) {
[10:21:09.539]                   name <- removed[[kk]]
[10:21:09.539]                   NAME <- NAMES[[kk]]
[10:21:09.539]                   if (name != NAME && is.element(NAME, old_names)) 
[10:21:09.539]                     next
[10:21:09.539]                   args[[name]] <- ...future.oldEnvVars[[name]]
[10:21:09.539]                 }
[10:21:09.539]                 if (length(args) > 0) 
[10:21:09.539]                   base::do.call(base::Sys.setenv, args = args)
[10:21:09.539]                 args <- names <- old_names <- NAMES <- envs <- common <- added <- removed <- NULL
[10:21:09.539]             }
[10:21:09.539]             else {
[10:21:09.539]                 base::do.call(base::Sys.setenv, args = base::as.list(...future.oldEnvVars))
[10:21:09.539]             }
[10:21:09.539]             {
[10:21:09.539]                 if (base::length(...future.futureOptionsAdded) > 
[10:21:09.539]                   0L) {
[10:21:09.539]                   opts <- base::vector("list", length = base::length(...future.futureOptionsAdded))
[10:21:09.539]                   base::names(opts) <- ...future.futureOptionsAdded
[10:21:09.539]                   base::options(opts)
[10:21:09.539]                 }
[10:21:09.539]                 {
[10:21:09.539]                   {
[10:21:09.539]                     NULL
[10:21:09.539]                     RNGkind("Mersenne-Twister")
[10:21:09.539]                     base::rm(list = ".Random.seed", envir = base::globalenv(), 
[10:21:09.539]                       inherits = FALSE)
[10:21:09.539]                   }
[10:21:09.539]                   options(future.plan = NULL)
[10:21:09.539]                   if (is.na(NA_character_)) 
[10:21:09.539]                     Sys.unsetenv("R_FUTURE_PLAN")
[10:21:09.539]                   else Sys.setenv(R_FUTURE_PLAN = NA_character_)
[10:21:09.539]                   future::plan(...future.strategy.old, .cleanup = FALSE, 
[10:21:09.539]                     .init = FALSE)
[10:21:09.539]                 }
[10:21:09.539]             }
[10:21:09.539]         }
[10:21:09.539]     })
[10:21:09.539]     if (TRUE) {
[10:21:09.539]         base::sink(type = "output", split = FALSE)
[10:21:09.539]         if (TRUE) {
[10:21:09.539]             ...future.result$stdout <- base::rawToChar(base::rawConnectionValue(...future.stdout))
[10:21:09.539]         }
[10:21:09.539]         else {
[10:21:09.539]             ...future.result["stdout"] <- base::list(NULL)
[10:21:09.539]         }
[10:21:09.539]         base::close(...future.stdout)
[10:21:09.539]         ...future.stdout <- NULL
[10:21:09.539]     }
[10:21:09.539]     ...future.result$conditions <- ...future.conditions
[10:21:09.539]     ...future.result$finished <- base::Sys.time()
[10:21:09.539]     ...future.result
[10:21:09.539] }
[10:21:09.541] plan(): Setting new future strategy stack:
[10:21:09.541] List of future strategies:
[10:21:09.541] 1. sequential:
[10:21:09.541]    - args: function (..., envir = parent.frame(), workers = "<NULL>")
[10:21:09.541]    - tweaked: FALSE
[10:21:09.541]    - call: NULL
[10:21:09.542] plan(): nbrOfWorkers() = 1
[10:21:09.542] plan(): Setting new future strategy stack:
[10:21:09.543] List of future strategies:
[10:21:09.543] 1. sequential:
[10:21:09.543]    - args: function (..., envir = parent.frame(), workers = "<NULL>")
[10:21:09.543]    - tweaked: FALSE
[10:21:09.543]    - call: future::plan("sequential")
[10:21:09.543] plan(): nbrOfWorkers() = 1
[10:21:09.543] SequentialFuture started (and completed)
[10:21:09.543] - Launch lazy future ... done
[10:21:09.543] run() for ‘SequentialFuture’ ... done
> stopifnot(identical(v$a, 2))
[10:21:09.544] run() for ‘Future’ ...
[10:21:09.544] - state: ‘created’
[10:21:09.544] - Future backend: ‘FutureStrategy’, ‘sequential’, ‘uniprocess’, ‘future’, ‘function’
[10:21:09.544] - Future class: ‘SequentialFuture’, ‘UniprocessFuture’, ‘Future’, ‘environment’
[10:21:09.544] - Copy elements of temporary ‘SequentialFuture’ to final ‘Future’ object ...
[10:21:09.544]   - Field: ‘label’
[10:21:09.544]   - Field: ‘local’
[10:21:09.545]   - Field: ‘owner’
[10:21:09.545]   - Field: ‘envir’
[10:21:09.545]   - Field: ‘packages’
[10:21:09.545]   - Field: ‘gc’
[10:21:09.545]   - Field: ‘conditions’
[10:21:09.545]   - Field: ‘expr’
[10:21:09.545]   - Field: ‘uuid’
[10:21:09.545]   - Field: ‘seed’
[10:21:09.545]   - Field: ‘version’
[10:21:09.545]   - Field: ‘result’
[10:21:09.545]   - Field: ‘asynchronous’
[10:21:09.546]   - Field: ‘calls’
[10:21:09.546]   - Field: ‘globals’
[10:21:09.546]   - Field: ‘stdout’
[10:21:09.546]   - Field: ‘earlySignal’
[10:21:09.549]   - Field: ‘lazy’
[10:21:09.549]   - Field: ‘state’
[10:21:09.549] - Copy elements of temporary ‘SequentialFuture’ to final ‘Future’ object ... done
[10:21:09.549] - Launch lazy future ...
[10:21:09.549] Packages needed by the future expression (n = 0): <none>
[10:21:09.549] Packages needed by future strategies (n = 0): <none>
[10:21:09.550] {
[10:21:09.550]     {
[10:21:09.550]         {
[10:21:09.550]             ...future.startTime <- base::Sys.time()
[10:21:09.550]             {
[10:21:09.550]                 {
[10:21:09.550]                   {
[10:21:09.550]                     base::local({
[10:21:09.550]                       has_future <- base::requireNamespace("future", 
[10:21:09.550]                         quietly = TRUE)
[10:21:09.550]                       if (has_future) {
[10:21:09.550]                         ns <- base::getNamespace("future")
[10:21:09.550]                         version <- ns[[".package"]][["version"]]
[10:21:09.550]                         if (is.null(version)) 
[10:21:09.550]                           version <- utils::packageVersion("future")
[10:21:09.550]                       }
[10:21:09.550]                       else {
[10:21:09.550]                         version <- NULL
[10:21:09.550]                       }
[10:21:09.550]                       if (!has_future || version < "1.8.0") {
[10:21:09.550]                         info <- base::c(r_version = base::gsub("R version ", 
[10:21:09.550]                           "", base::R.version$version.string), 
[10:21:09.550]                           platform = base::sprintf("%s (%s-bit)", 
[10:21:09.550]                             base::R.version$platform, 8 * base::.Machine$sizeof.pointer), 
[10:21:09.550]                           os = base::paste(base::Sys.info()[base::c("sysname", 
[10:21:09.550]                             "release", "version")], collapse = " "), 
[10:21:09.550]                           hostname = base::Sys.info()[["nodename"]])
[10:21:09.550]                         info <- base::sprintf("%s: %s", base::names(info), 
[10:21:09.550]                           info)
[10:21:09.550]                         info <- base::paste(info, collapse = "; ")
[10:21:09.550]                         if (!has_future) {
[10:21:09.550]                           msg <- base::sprintf("Package 'future' is not installed on worker (%s)", 
[10:21:09.550]                             info)
[10:21:09.550]                         }
[10:21:09.550]                         else {
[10:21:09.550]                           msg <- base::sprintf("Package 'future' on worker (%s) must be of version >= 1.8.0: %s", 
[10:21:09.550]                             info, version)
[10:21:09.550]                         }
[10:21:09.550]                         base::stop(msg)
[10:21:09.550]                       }
[10:21:09.550]                     })
[10:21:09.550]                   }
[10:21:09.550]                   ...future.strategy.old <- future::plan("list")
[10:21:09.550]                   options(future.plan = NULL)
[10:21:09.550]                   Sys.unsetenv("R_FUTURE_PLAN")
[10:21:09.550]                   future::plan("default", .cleanup = FALSE, .init = FALSE)
[10:21:09.550]                 }
[10:21:09.550]                 ...future.workdir <- getwd()
[10:21:09.550]             }
[10:21:09.550]             ...future.oldOptions <- base::as.list(base::.Options)
[10:21:09.550]             ...future.oldEnvVars <- base::Sys.getenv()
[10:21:09.550]         }
[10:21:09.550]         base::options(future.startup.script = FALSE, future.globals.onMissing = NULL, 
[10:21:09.550]             future.globals.maxSize = NULL, future.globals.method = NULL, 
[10:21:09.550]             future.globals.onMissing = NULL, future.globals.onReference = NULL, 
[10:21:09.550]             future.globals.resolve = NULL, future.resolve.recursive = NULL, 
[10:21:09.550]             future.rng.onMisuse = NULL, future.rng.onMisuse.keepFuture = NULL, 
[10:21:09.550]             future.stdout.windows.reencode = NULL, width = 80L)
[10:21:09.550]         ...future.futureOptionsAdded <- base::setdiff(base::names(base::.Options), 
[10:21:09.550]             base::names(...future.oldOptions))
[10:21:09.550]     }
[10:21:09.550]     if (FALSE) {
[10:21:09.550]     }
[10:21:09.550]     else {
[10:21:09.550]         if (TRUE) {
[10:21:09.550]             ...future.stdout <- base::rawConnection(base::raw(0L), 
[10:21:09.550]                 open = "w")
[10:21:09.550]         }
[10:21:09.550]         else {
[10:21:09.550]             ...future.stdout <- base::file(base::switch(.Platform$OS.type, 
[10:21:09.550]                 windows = "NUL", "/dev/null"), open = "w")
[10:21:09.550]         }
[10:21:09.550]         base::sink(...future.stdout, type = "output", split = FALSE)
[10:21:09.550]         base::on.exit(if (!base::is.null(...future.stdout)) {
[10:21:09.550]             base::sink(type = "output", split = FALSE)
[10:21:09.550]             base::close(...future.stdout)
[10:21:09.550]         }, add = TRUE)
[10:21:09.550]     }
[10:21:09.550]     ...future.frame <- base::sys.nframe()
[10:21:09.550]     ...future.conditions <- base::list()
[10:21:09.550]     ...future.rng <- base::globalenv()$.Random.seed
[10:21:09.550]     if (FALSE) {
[10:21:09.550]         ...future.globalenv.names <- c(base::names(base::.GlobalEnv), 
[10:21:09.550]             "...future.value", "...future.globalenv.names", ".Random.seed")
[10:21:09.550]     }
[10:21:09.550]     ...future.result <- base::tryCatch({
[10:21:09.550]         base::withCallingHandlers({
[10:21:09.550]             ...future.value <- base::withVisible(base::local({
[10:21:09.550]                 2
[10:21:09.550]             }))
[10:21:09.550]             future::FutureResult(value = ...future.value$value, 
[10:21:09.550]                 visible = ...future.value$visible, rng = !identical(base::globalenv()$.Random.seed, 
[10:21:09.550]                   ...future.rng), globalenv = if (FALSE) 
[10:21:09.550]                   list(added = base::setdiff(base::names(base::.GlobalEnv), 
[10:21:09.550]                     ...future.globalenv.names))
[10:21:09.550]                 else NULL, started = ...future.startTime, version = "1.8")
[10:21:09.550]         }, condition = base::local({
[10:21:09.550]             c <- base::c
[10:21:09.550]             inherits <- base::inherits
[10:21:09.550]             invokeRestart <- base::invokeRestart
[10:21:09.550]             length <- base::length
[10:21:09.550]             list <- base::list
[10:21:09.550]             seq.int <- base::seq.int
[10:21:09.550]             signalCondition <- base::signalCondition
[10:21:09.550]             sys.calls <- base::sys.calls
[10:21:09.550]             `[[` <- base::`[[`
[10:21:09.550]             `+` <- base::`+`
[10:21:09.550]             `<<-` <- base::`<<-`
[10:21:09.550]             sysCalls <- function(calls = sys.calls(), from = 1L) {
[10:21:09.550]                 calls[seq.int(from = from + 12L, to = length(calls) - 
[10:21:09.550]                   3L)]
[10:21:09.550]             }
[10:21:09.550]             function(cond) {
[10:21:09.550]                 is_error <- inherits(cond, "error")
[10:21:09.550]                 ignore <- !is_error && !is.null(NULL) && inherits(cond, 
[10:21:09.550]                   NULL)
[10:21:09.550]                 if (is_error) {
[10:21:09.550]                   sessionInformation <- function() {
[10:21:09.550]                     list(r = base::R.Version(), locale = base::Sys.getlocale(), 
[10:21:09.550]                       rngkind = base::RNGkind(), namespaces = base::loadedNamespaces(), 
[10:21:09.550]                       search = base::search(), system = base::Sys.info())
[10:21:09.550]                   }
[10:21:09.550]                   ...future.conditions[[length(...future.conditions) + 
[10:21:09.550]                     1L]] <<- list(condition = cond, calls = c(sysCalls(from = ...future.frame), 
[10:21:09.550]                     cond$call), session = sessionInformation(), 
[10:21:09.550]                     timestamp = base::Sys.time(), signaled = 0L)
[10:21:09.550]                   signalCondition(cond)
[10:21:09.550]                 }
[10:21:09.550]                 else if (!ignore && TRUE && inherits(cond, c("condition", 
[10:21:09.550]                 "immediateCondition"))) {
[10:21:09.550]                   signal <- TRUE && inherits(cond, "immediateCondition")
[10:21:09.550]                   ...future.conditions[[length(...future.conditions) + 
[10:21:09.550]                     1L]] <<- list(condition = cond, signaled = base::as.integer(signal))
[10:21:09.550]                   if (TRUE && !signal) {
[10:21:09.550]                     muffleCondition <- function (cond, pattern = "^muffle") 
[10:21:09.550]                     {
[10:21:09.550]                       inherits <- base::inherits
[10:21:09.550]                       invokeRestart <- base::invokeRestart
[10:21:09.550]                       is.null <- base::is.null
[10:21:09.550]                       muffled <- FALSE
[10:21:09.550]                       if (inherits(cond, "message")) {
[10:21:09.550]                         muffled <- grepl(pattern, "muffleMessage")
[10:21:09.550]                         if (muffled) 
[10:21:09.550]                           invokeRestart("muffleMessage")
[10:21:09.550]                       }
[10:21:09.550]                       else if (inherits(cond, "warning")) {
[10:21:09.550]                         muffled <- grepl(pattern, "muffleWarning")
[10:21:09.550]                         if (muffled) 
[10:21:09.550]                           invokeRestart("muffleWarning")
[10:21:09.550]                       }
[10:21:09.550]                       else if (inherits(cond, "condition")) {
[10:21:09.550]                         if (!is.null(pattern)) {
[10:21:09.550]                           computeRestarts <- base::computeRestarts
[10:21:09.550]                           grepl <- base::grepl
[10:21:09.550]                           restarts <- computeRestarts(cond)
[10:21:09.550]                           for (restart in restarts) {
[10:21:09.550]                             name <- restart$name
[10:21:09.550]                             if (is.null(name)) 
[10:21:09.550]                               next
[10:21:09.550]                             if (!grepl(pattern, name)) 
[10:21:09.550]                               next
[10:21:09.550]                             invokeRestart(restart)
[10:21:09.550]                             muffled <- TRUE
[10:21:09.550]                             break
[10:21:09.550]                           }
[10:21:09.550]                         }
[10:21:09.550]                       }
[10:21:09.550]                       invisible(muffled)
[10:21:09.550]                     }
[10:21:09.550]                     muffleCondition(cond, pattern = "^muffle")
[10:21:09.550]                   }
[10:21:09.550]                 }
[10:21:09.550]                 else {
[10:21:09.550]                   if (TRUE) {
[10:21:09.550]                     muffleCondition <- function (cond, pattern = "^muffle") 
[10:21:09.550]                     {
[10:21:09.550]                       inherits <- base::inherits
[10:21:09.550]                       invokeRestart <- base::invokeRestart
[10:21:09.550]                       is.null <- base::is.null
[10:21:09.550]                       muffled <- FALSE
[10:21:09.550]                       if (inherits(cond, "message")) {
[10:21:09.550]                         muffled <- grepl(pattern, "muffleMessage")
[10:21:09.550]                         if (muffled) 
[10:21:09.550]                           invokeRestart("muffleMessage")
[10:21:09.550]                       }
[10:21:09.550]                       else if (inherits(cond, "warning")) {
[10:21:09.550]                         muffled <- grepl(pattern, "muffleWarning")
[10:21:09.550]                         if (muffled) 
[10:21:09.550]                           invokeRestart("muffleWarning")
[10:21:09.550]                       }
[10:21:09.550]                       else if (inherits(cond, "condition")) {
[10:21:09.550]                         if (!is.null(pattern)) {
[10:21:09.550]                           computeRestarts <- base::computeRestarts
[10:21:09.550]                           grepl <- base::grepl
[10:21:09.550]                           restarts <- computeRestarts(cond)
[10:21:09.550]                           for (restart in restarts) {
[10:21:09.550]                             name <- restart$name
[10:21:09.550]                             if (is.null(name)) 
[10:21:09.550]                               next
[10:21:09.550]                             if (!grepl(pattern, name)) 
[10:21:09.550]                               next
[10:21:09.550]                             invokeRestart(restart)
[10:21:09.550]                             muffled <- TRUE
[10:21:09.550]                             break
[10:21:09.550]                           }
[10:21:09.550]                         }
[10:21:09.550]                       }
[10:21:09.550]                       invisible(muffled)
[10:21:09.550]                     }
[10:21:09.550]                     muffleCondition(cond, pattern = "^muffle")
[10:21:09.550]                   }
[10:21:09.550]                 }
[10:21:09.550]             }
[10:21:09.550]         }))
[10:21:09.550]     }, error = function(ex) {
[10:21:09.550]         base::structure(base::list(value = NULL, visible = NULL, 
[10:21:09.550]             conditions = ...future.conditions, rng = !identical(base::globalenv()$.Random.seed, 
[10:21:09.550]                 ...future.rng), started = ...future.startTime, 
[10:21:09.550]             finished = Sys.time(), session_uuid = NA_character_, 
[10:21:09.550]             version = "1.8"), class = "FutureResult")
[10:21:09.550]     }, finally = {
[10:21:09.550]         if (!identical(...future.workdir, getwd())) 
[10:21:09.550]             setwd(...future.workdir)
[10:21:09.550]         {
[10:21:09.550]             if (identical(getOption("nwarnings"), ...future.oldOptions$nwarnings)) {
[10:21:09.550]                 ...future.oldOptions$nwarnings <- NULL
[10:21:09.550]             }
[10:21:09.550]             base::options(...future.oldOptions)
[10:21:09.550]             if (.Platform$OS.type == "windows") {
[10:21:09.550]                 old_names <- names(...future.oldEnvVars)
[10:21:09.550]                 envs <- base::Sys.getenv()
[10:21:09.550]                 names <- names(envs)
[10:21:09.550]                 common <- intersect(names, old_names)
[10:21:09.550]                 added <- setdiff(names, old_names)
[10:21:09.550]                 removed <- setdiff(old_names, names)
[10:21:09.550]                 changed <- common[...future.oldEnvVars[common] != 
[10:21:09.550]                   envs[common]]
[10:21:09.550]                 NAMES <- toupper(changed)
[10:21:09.550]                 args <- list()
[10:21:09.550]                 for (kk in seq_along(NAMES)) {
[10:21:09.550]                   name <- changed[[kk]]
[10:21:09.550]                   NAME <- NAMES[[kk]]
[10:21:09.550]                   if (name != NAME && is.element(NAME, old_names)) 
[10:21:09.550]                     next
[10:21:09.550]                   args[[name]] <- ...future.oldEnvVars[[name]]
[10:21:09.550]                 }
[10:21:09.550]                 NAMES <- toupper(added)
[10:21:09.550]                 for (kk in seq_along(NAMES)) {
[10:21:09.550]                   name <- added[[kk]]
[10:21:09.550]                   NAME <- NAMES[[kk]]
[10:21:09.550]                   if (name != NAME && is.element(NAME, old_names)) 
[10:21:09.550]                     next
[10:21:09.550]                   args[[name]] <- ""
[10:21:09.550]                 }
[10:21:09.550]                 NAMES <- toupper(removed)
[10:21:09.550]                 for (kk in seq_along(NAMES)) {
[10:21:09.550]                   name <- removed[[kk]]
[10:21:09.550]                   NAME <- NAMES[[kk]]
[10:21:09.550]                   if (name != NAME && is.element(NAME, old_names)) 
[10:21:09.550]                     next
[10:21:09.550]                   args[[name]] <- ...future.oldEnvVars[[name]]
[10:21:09.550]                 }
[10:21:09.550]                 if (length(args) > 0) 
[10:21:09.550]                   base::do.call(base::Sys.setenv, args = args)
[10:21:09.550]                 args <- names <- old_names <- NAMES <- envs <- common <- added <- removed <- NULL
[10:21:09.550]             }
[10:21:09.550]             else {
[10:21:09.550]                 base::do.call(base::Sys.setenv, args = base::as.list(...future.oldEnvVars))
[10:21:09.550]             }
[10:21:09.550]             {
[10:21:09.550]                 if (base::length(...future.futureOptionsAdded) > 
[10:21:09.550]                   0L) {
[10:21:09.550]                   opts <- base::vector("list", length = base::length(...future.futureOptionsAdded))
[10:21:09.550]                   base::names(opts) <- ...future.futureOptionsAdded
[10:21:09.550]                   base::options(opts)
[10:21:09.550]                 }
[10:21:09.550]                 {
[10:21:09.550]                   {
[10:21:09.550]                     NULL
[10:21:09.550]                     RNGkind("Mersenne-Twister")
[10:21:09.550]                     base::rm(list = ".Random.seed", envir = base::globalenv(), 
[10:21:09.550]                       inherits = FALSE)
[10:21:09.550]                   }
[10:21:09.550]                   options(future.plan = NULL)
[10:21:09.550]                   if (is.na(NA_character_)) 
[10:21:09.550]                     Sys.unsetenv("R_FUTURE_PLAN")
[10:21:09.550]                   else Sys.setenv(R_FUTURE_PLAN = NA_character_)
[10:21:09.550]                   future::plan(...future.strategy.old, .cleanup = FALSE, 
[10:21:09.550]                     .init = FALSE)
[10:21:09.550]                 }
[10:21:09.550]             }
[10:21:09.550]         }
[10:21:09.550]     })
[10:21:09.550]     if (TRUE) {
[10:21:09.550]         base::sink(type = "output", split = FALSE)
[10:21:09.550]         if (TRUE) {
[10:21:09.550]             ...future.result$stdout <- base::rawToChar(base::rawConnectionValue(...future.stdout))
[10:21:09.550]         }
[10:21:09.550]         else {
[10:21:09.550]             ...future.result["stdout"] <- base::list(NULL)
[10:21:09.550]         }
[10:21:09.550]         base::close(...future.stdout)
[10:21:09.550]         ...future.stdout <- NULL
[10:21:09.550]     }
[10:21:09.550]     ...future.result$conditions <- ...future.conditions
[10:21:09.550]     ...future.result$finished <- base::Sys.time()
[10:21:09.550]     ...future.result
[10:21:09.550] }
[10:21:09.552] plan(): Setting new future strategy stack:
[10:21:09.552] List of future strategies:
[10:21:09.552] 1. sequential:
[10:21:09.552]    - args: function (..., envir = parent.frame(), workers = "<NULL>")
[10:21:09.552]    - tweaked: FALSE
[10:21:09.552]    - call: NULL
[10:21:09.552] plan(): nbrOfWorkers() = 1
[10:21:09.553] plan(): Setting new future strategy stack:
[10:21:09.553] List of future strategies:
[10:21:09.553] 1. sequential:
[10:21:09.553]    - args: function (..., envir = parent.frame(), workers = "<NULL>")
[10:21:09.553]    - tweaked: FALSE
[10:21:09.553]    - call: future::plan("sequential")
[10:21:09.553] plan(): nbrOfWorkers() = 1
[10:21:09.553] SequentialFuture started (and completed)
[10:21:09.554] - Launch lazy future ... done
[10:21:09.554] run() for ‘SequentialFuture’ ... done
> 
> message("*** %<-% to environment ... DONE")
*** %<-% to environment ... DONE
> 
> source("incl/end.R")
[10:21:09.554] plan(): Setting new future strategy stack:
[10:21:09.554] List of future strategies:
[10:21:09.554] 1. FutureStrategy:
[10:21:09.554]    - args: function (..., envir = parent.frame(), workers = "<NULL>")
[10:21:09.554]    - tweaked: FALSE
[10:21:09.554]    - call: future::plan(oplan)
[10:21:09.566] plan(): nbrOfWorkers() = 1
> 
