
R version 4.4.3 (2025-02-28) -- "Trophy Case"
Copyright (C) 2025 The R Foundation for Statistical Computing
Platform: x86_64-pc-linux-gnu

R is free software and comes with ABSOLUTELY NO WARRANTY.
You are welcome to redistribute it under certain conditions.
Type 'license()' or 'licence()' for distribution details.

R is a collaborative project with many contributors.
Type 'contributors()' for more information and
'citation()' on how to cite R or R packages in publications.

Type 'demo()' for some demos, 'help()' for on-line help, or
'help.start()' for an HTML browser interface to help.
Type 'q()' to quit R.

> source("incl/start.R")
[10:21:17.678] plan(): Setting new future strategy stack:
[10:21:17.679] List of future strategies:
[10:21:17.679] 1. sequential:
[10:21:17.679]    - args: function (..., envir = parent.frame(), workers = "<NULL>")
[10:21:17.679]    - tweaked: FALSE
[10:21:17.679]    - call: future::plan("sequential")
[10:21:17.693] plan(): nbrOfWorkers() = 1
> 
> suppressWarnings(rm(list = c("x", "z")))
> 
> message("*** futureOf() with environment ...")
*** futureOf() with environment ...
> 
> message("*** futureOf() with environment - future assignments ...")
*** futureOf() with environment - future assignments ...
> 
> x <- new.env()
> x$a %<-% { 1 }
[10:21:17.710] getGlobalsAndPackages() ...
[10:21:17.711] Searching for globals...
[10:21:17.713] - globals found: [1] ‘{’
[10:21:17.713] Searching for globals ... DONE
[10:21:17.714] Resolving globals: FALSE
[10:21:17.714] 
[10:21:17.714] 
[10:21:17.714] getGlobalsAndPackages() ... DONE
[10:21:17.715] run() for ‘Future’ ...
[10:21:17.715] - state: ‘created’
[10:21:17.715] - Future backend: ‘FutureStrategy’, ‘sequential’, ‘uniprocess’, ‘future’, ‘function’
[10:21:17.715] - Future class: ‘SequentialFuture’, ‘UniprocessFuture’, ‘Future’, ‘environment’
[10:21:17.716] - Copy elements of temporary ‘SequentialFuture’ to final ‘Future’ object ...
[10:21:17.716]   - Field: ‘label’
[10:21:17.716]   - Field: ‘local’
[10:21:17.716]   - Field: ‘owner’
[10:21:17.716]   - Field: ‘envir’
[10:21:17.716]   - Field: ‘packages’
[10:21:17.716]   - Field: ‘gc’
[10:21:17.716]   - Field: ‘conditions’
[10:21:17.716]   - Field: ‘expr’
[10:21:17.716]   - Field: ‘uuid’
[10:21:17.717]   - Field: ‘seed’
[10:21:17.717]   - Field: ‘version’
[10:21:17.717]   - Field: ‘result’
[10:21:17.717]   - Field: ‘asynchronous’
[10:21:17.717]   - Field: ‘calls’
[10:21:17.717]   - Field: ‘globals’
[10:21:17.717]   - Field: ‘stdout’
[10:21:17.717]   - Field: ‘earlySignal’
[10:21:17.717]   - Field: ‘lazy’
[10:21:17.717]   - Field: ‘state’
[10:21:17.717] - Copy elements of temporary ‘SequentialFuture’ to final ‘Future’ object ... done
[10:21:17.717] - Launch lazy future ...
[10:21:17.718] Packages needed by the future expression (n = 0): <none>
[10:21:17.718] Packages needed by future strategies (n = 0): <none>
[10:21:17.719] {
[10:21:17.719]     {
[10:21:17.719]         {
[10:21:17.719]             ...future.startTime <- base::Sys.time()
[10:21:17.719]             {
[10:21:17.719]                 {
[10:21:17.719]                   {
[10:21:17.719]                     base::local({
[10:21:17.719]                       has_future <- base::requireNamespace("future", 
[10:21:17.719]                         quietly = TRUE)
[10:21:17.719]                       if (has_future) {
[10:21:17.719]                         ns <- base::getNamespace("future")
[10:21:17.719]                         version <- ns[[".package"]][["version"]]
[10:21:17.719]                         if (is.null(version)) 
[10:21:17.719]                           version <- utils::packageVersion("future")
[10:21:17.719]                       }
[10:21:17.719]                       else {
[10:21:17.719]                         version <- NULL
[10:21:17.719]                       }
[10:21:17.719]                       if (!has_future || version < "1.8.0") {
[10:21:17.719]                         info <- base::c(r_version = base::gsub("R version ", 
[10:21:17.719]                           "", base::R.version$version.string), 
[10:21:17.719]                           platform = base::sprintf("%s (%s-bit)", 
[10:21:17.719]                             base::R.version$platform, 8 * base::.Machine$sizeof.pointer), 
[10:21:17.719]                           os = base::paste(base::Sys.info()[base::c("sysname", 
[10:21:17.719]                             "release", "version")], collapse = " "), 
[10:21:17.719]                           hostname = base::Sys.info()[["nodename"]])
[10:21:17.719]                         info <- base::sprintf("%s: %s", base::names(info), 
[10:21:17.719]                           info)
[10:21:17.719]                         info <- base::paste(info, collapse = "; ")
[10:21:17.719]                         if (!has_future) {
[10:21:17.719]                           msg <- base::sprintf("Package 'future' is not installed on worker (%s)", 
[10:21:17.719]                             info)
[10:21:17.719]                         }
[10:21:17.719]                         else {
[10:21:17.719]                           msg <- base::sprintf("Package 'future' on worker (%s) must be of version >= 1.8.0: %s", 
[10:21:17.719]                             info, version)
[10:21:17.719]                         }
[10:21:17.719]                         base::stop(msg)
[10:21:17.719]                       }
[10:21:17.719]                     })
[10:21:17.719]                   }
[10:21:17.719]                   ...future.strategy.old <- future::plan("list")
[10:21:17.719]                   options(future.plan = NULL)
[10:21:17.719]                   Sys.unsetenv("R_FUTURE_PLAN")
[10:21:17.719]                   future::plan("default", .cleanup = FALSE, .init = FALSE)
[10:21:17.719]                 }
[10:21:17.719]                 ...future.workdir <- getwd()
[10:21:17.719]             }
[10:21:17.719]             ...future.oldOptions <- base::as.list(base::.Options)
[10:21:17.719]             ...future.oldEnvVars <- base::Sys.getenv()
[10:21:17.719]         }
[10:21:17.719]         base::options(future.startup.script = FALSE, future.globals.onMissing = NULL, 
[10:21:17.719]             future.globals.maxSize = NULL, future.globals.method = NULL, 
[10:21:17.719]             future.globals.onMissing = NULL, future.globals.onReference = NULL, 
[10:21:17.719]             future.globals.resolve = NULL, future.resolve.recursive = NULL, 
[10:21:17.719]             future.rng.onMisuse = NULL, future.rng.onMisuse.keepFuture = NULL, 
[10:21:17.719]             future.stdout.windows.reencode = NULL, width = 80L)
[10:21:17.719]         ...future.futureOptionsAdded <- base::setdiff(base::names(base::.Options), 
[10:21:17.719]             base::names(...future.oldOptions))
[10:21:17.719]     }
[10:21:17.719]     if (FALSE) {
[10:21:17.719]     }
[10:21:17.719]     else {
[10:21:17.719]         if (TRUE) {
[10:21:17.719]             ...future.stdout <- base::rawConnection(base::raw(0L), 
[10:21:17.719]                 open = "w")
[10:21:17.719]         }
[10:21:17.719]         else {
[10:21:17.719]             ...future.stdout <- base::file(base::switch(.Platform$OS.type, 
[10:21:17.719]                 windows = "NUL", "/dev/null"), open = "w")
[10:21:17.719]         }
[10:21:17.719]         base::sink(...future.stdout, type = "output", split = FALSE)
[10:21:17.719]         base::on.exit(if (!base::is.null(...future.stdout)) {
[10:21:17.719]             base::sink(type = "output", split = FALSE)
[10:21:17.719]             base::close(...future.stdout)
[10:21:17.719]         }, add = TRUE)
[10:21:17.719]     }
[10:21:17.719]     ...future.frame <- base::sys.nframe()
[10:21:17.719]     ...future.conditions <- base::list()
[10:21:17.719]     ...future.rng <- base::globalenv()$.Random.seed
[10:21:17.719]     if (FALSE) {
[10:21:17.719]         ...future.globalenv.names <- c(base::names(base::.GlobalEnv), 
[10:21:17.719]             "...future.value", "...future.globalenv.names", ".Random.seed")
[10:21:17.719]     }
[10:21:17.719]     ...future.result <- base::tryCatch({
[10:21:17.719]         base::withCallingHandlers({
[10:21:17.719]             ...future.value <- base::withVisible(base::local({
[10:21:17.719]                 1
[10:21:17.719]             }))
[10:21:17.719]             future::FutureResult(value = ...future.value$value, 
[10:21:17.719]                 visible = ...future.value$visible, rng = !identical(base::globalenv()$.Random.seed, 
[10:21:17.719]                   ...future.rng), globalenv = if (FALSE) 
[10:21:17.719]                   list(added = base::setdiff(base::names(base::.GlobalEnv), 
[10:21:17.719]                     ...future.globalenv.names))
[10:21:17.719]                 else NULL, started = ...future.startTime, version = "1.8")
[10:21:17.719]         }, condition = base::local({
[10:21:17.719]             c <- base::c
[10:21:17.719]             inherits <- base::inherits
[10:21:17.719]             invokeRestart <- base::invokeRestart
[10:21:17.719]             length <- base::length
[10:21:17.719]             list <- base::list
[10:21:17.719]             seq.int <- base::seq.int
[10:21:17.719]             signalCondition <- base::signalCondition
[10:21:17.719]             sys.calls <- base::sys.calls
[10:21:17.719]             `[[` <- base::`[[`
[10:21:17.719]             `+` <- base::`+`
[10:21:17.719]             `<<-` <- base::`<<-`
[10:21:17.719]             sysCalls <- function(calls = sys.calls(), from = 1L) {
[10:21:17.719]                 calls[seq.int(from = from + 12L, to = length(calls) - 
[10:21:17.719]                   3L)]
[10:21:17.719]             }
[10:21:17.719]             function(cond) {
[10:21:17.719]                 is_error <- inherits(cond, "error")
[10:21:17.719]                 ignore <- !is_error && !is.null(NULL) && inherits(cond, 
[10:21:17.719]                   NULL)
[10:21:17.719]                 if (is_error) {
[10:21:17.719]                   sessionInformation <- function() {
[10:21:17.719]                     list(r = base::R.Version(), locale = base::Sys.getlocale(), 
[10:21:17.719]                       rngkind = base::RNGkind(), namespaces = base::loadedNamespaces(), 
[10:21:17.719]                       search = base::search(), system = base::Sys.info())
[10:21:17.719]                   }
[10:21:17.719]                   ...future.conditions[[length(...future.conditions) + 
[10:21:17.719]                     1L]] <<- list(condition = cond, calls = c(sysCalls(from = ...future.frame), 
[10:21:17.719]                     cond$call), session = sessionInformation(), 
[10:21:17.719]                     timestamp = base::Sys.time(), signaled = 0L)
[10:21:17.719]                   signalCondition(cond)
[10:21:17.719]                 }
[10:21:17.719]                 else if (!ignore && TRUE && inherits(cond, c("condition", 
[10:21:17.719]                 "immediateCondition"))) {
[10:21:17.719]                   signal <- TRUE && inherits(cond, "immediateCondition")
[10:21:17.719]                   ...future.conditions[[length(...future.conditions) + 
[10:21:17.719]                     1L]] <<- list(condition = cond, signaled = base::as.integer(signal))
[10:21:17.719]                   if (TRUE && !signal) {
[10:21:17.719]                     muffleCondition <- function (cond, pattern = "^muffle") 
[10:21:17.719]                     {
[10:21:17.719]                       inherits <- base::inherits
[10:21:17.719]                       invokeRestart <- base::invokeRestart
[10:21:17.719]                       is.null <- base::is.null
[10:21:17.719]                       muffled <- FALSE
[10:21:17.719]                       if (inherits(cond, "message")) {
[10:21:17.719]                         muffled <- grepl(pattern, "muffleMessage")
[10:21:17.719]                         if (muffled) 
[10:21:17.719]                           invokeRestart("muffleMessage")
[10:21:17.719]                       }
[10:21:17.719]                       else if (inherits(cond, "warning")) {
[10:21:17.719]                         muffled <- grepl(pattern, "muffleWarning")
[10:21:17.719]                         if (muffled) 
[10:21:17.719]                           invokeRestart("muffleWarning")
[10:21:17.719]                       }
[10:21:17.719]                       else if (inherits(cond, "condition")) {
[10:21:17.719]                         if (!is.null(pattern)) {
[10:21:17.719]                           computeRestarts <- base::computeRestarts
[10:21:17.719]                           grepl <- base::grepl
[10:21:17.719]                           restarts <- computeRestarts(cond)
[10:21:17.719]                           for (restart in restarts) {
[10:21:17.719]                             name <- restart$name
[10:21:17.719]                             if (is.null(name)) 
[10:21:17.719]                               next
[10:21:17.719]                             if (!grepl(pattern, name)) 
[10:21:17.719]                               next
[10:21:17.719]                             invokeRestart(restart)
[10:21:17.719]                             muffled <- TRUE
[10:21:17.719]                             break
[10:21:17.719]                           }
[10:21:17.719]                         }
[10:21:17.719]                       }
[10:21:17.719]                       invisible(muffled)
[10:21:17.719]                     }
[10:21:17.719]                     muffleCondition(cond, pattern = "^muffle")
[10:21:17.719]                   }
[10:21:17.719]                 }
[10:21:17.719]                 else {
[10:21:17.719]                   if (TRUE) {
[10:21:17.719]                     muffleCondition <- function (cond, pattern = "^muffle") 
[10:21:17.719]                     {
[10:21:17.719]                       inherits <- base::inherits
[10:21:17.719]                       invokeRestart <- base::invokeRestart
[10:21:17.719]                       is.null <- base::is.null
[10:21:17.719]                       muffled <- FALSE
[10:21:17.719]                       if (inherits(cond, "message")) {
[10:21:17.719]                         muffled <- grepl(pattern, "muffleMessage")
[10:21:17.719]                         if (muffled) 
[10:21:17.719]                           invokeRestart("muffleMessage")
[10:21:17.719]                       }
[10:21:17.719]                       else if (inherits(cond, "warning")) {
[10:21:17.719]                         muffled <- grepl(pattern, "muffleWarning")
[10:21:17.719]                         if (muffled) 
[10:21:17.719]                           invokeRestart("muffleWarning")
[10:21:17.719]                       }
[10:21:17.719]                       else if (inherits(cond, "condition")) {
[10:21:17.719]                         if (!is.null(pattern)) {
[10:21:17.719]                           computeRestarts <- base::computeRestarts
[10:21:17.719]                           grepl <- base::grepl
[10:21:17.719]                           restarts <- computeRestarts(cond)
[10:21:17.719]                           for (restart in restarts) {
[10:21:17.719]                             name <- restart$name
[10:21:17.719]                             if (is.null(name)) 
[10:21:17.719]                               next
[10:21:17.719]                             if (!grepl(pattern, name)) 
[10:21:17.719]                               next
[10:21:17.719]                             invokeRestart(restart)
[10:21:17.719]                             muffled <- TRUE
[10:21:17.719]                             break
[10:21:17.719]                           }
[10:21:17.719]                         }
[10:21:17.719]                       }
[10:21:17.719]                       invisible(muffled)
[10:21:17.719]                     }
[10:21:17.719]                     muffleCondition(cond, pattern = "^muffle")
[10:21:17.719]                   }
[10:21:17.719]                 }
[10:21:17.719]             }
[10:21:17.719]         }))
[10:21:17.719]     }, error = function(ex) {
[10:21:17.719]         base::structure(base::list(value = NULL, visible = NULL, 
[10:21:17.719]             conditions = ...future.conditions, rng = !identical(base::globalenv()$.Random.seed, 
[10:21:17.719]                 ...future.rng), started = ...future.startTime, 
[10:21:17.719]             finished = Sys.time(), session_uuid = NA_character_, 
[10:21:17.719]             version = "1.8"), class = "FutureResult")
[10:21:17.719]     }, finally = {
[10:21:17.719]         if (!identical(...future.workdir, getwd())) 
[10:21:17.719]             setwd(...future.workdir)
[10:21:17.719]         {
[10:21:17.719]             if (identical(getOption("nwarnings"), ...future.oldOptions$nwarnings)) {
[10:21:17.719]                 ...future.oldOptions$nwarnings <- NULL
[10:21:17.719]             }
[10:21:17.719]             base::options(...future.oldOptions)
[10:21:17.719]             if (.Platform$OS.type == "windows") {
[10:21:17.719]                 old_names <- names(...future.oldEnvVars)
[10:21:17.719]                 envs <- base::Sys.getenv()
[10:21:17.719]                 names <- names(envs)
[10:21:17.719]                 common <- intersect(names, old_names)
[10:21:17.719]                 added <- setdiff(names, old_names)
[10:21:17.719]                 removed <- setdiff(old_names, names)
[10:21:17.719]                 changed <- common[...future.oldEnvVars[common] != 
[10:21:17.719]                   envs[common]]
[10:21:17.719]                 NAMES <- toupper(changed)
[10:21:17.719]                 args <- list()
[10:21:17.719]                 for (kk in seq_along(NAMES)) {
[10:21:17.719]                   name <- changed[[kk]]
[10:21:17.719]                   NAME <- NAMES[[kk]]
[10:21:17.719]                   if (name != NAME && is.element(NAME, old_names)) 
[10:21:17.719]                     next
[10:21:17.719]                   args[[name]] <- ...future.oldEnvVars[[name]]
[10:21:17.719]                 }
[10:21:17.719]                 NAMES <- toupper(added)
[10:21:17.719]                 for (kk in seq_along(NAMES)) {
[10:21:17.719]                   name <- added[[kk]]
[10:21:17.719]                   NAME <- NAMES[[kk]]
[10:21:17.719]                   if (name != NAME && is.element(NAME, old_names)) 
[10:21:17.719]                     next
[10:21:17.719]                   args[[name]] <- ""
[10:21:17.719]                 }
[10:21:17.719]                 NAMES <- toupper(removed)
[10:21:17.719]                 for (kk in seq_along(NAMES)) {
[10:21:17.719]                   name <- removed[[kk]]
[10:21:17.719]                   NAME <- NAMES[[kk]]
[10:21:17.719]                   if (name != NAME && is.element(NAME, old_names)) 
[10:21:17.719]                     next
[10:21:17.719]                   args[[name]] <- ...future.oldEnvVars[[name]]
[10:21:17.719]                 }
[10:21:17.719]                 if (length(args) > 0) 
[10:21:17.719]                   base::do.call(base::Sys.setenv, args = args)
[10:21:17.719]                 args <- names <- old_names <- NAMES <- envs <- common <- added <- removed <- NULL
[10:21:17.719]             }
[10:21:17.719]             else {
[10:21:17.719]                 base::do.call(base::Sys.setenv, args = base::as.list(...future.oldEnvVars))
[10:21:17.719]             }
[10:21:17.719]             {
[10:21:17.719]                 if (base::length(...future.futureOptionsAdded) > 
[10:21:17.719]                   0L) {
[10:21:17.719]                   opts <- base::vector("list", length = base::length(...future.futureOptionsAdded))
[10:21:17.719]                   base::names(opts) <- ...future.futureOptionsAdded
[10:21:17.719]                   base::options(opts)
[10:21:17.719]                 }
[10:21:17.719]                 {
[10:21:17.719]                   {
[10:21:17.719]                     NULL
[10:21:17.719]                     RNGkind("Mersenne-Twister")
[10:21:17.719]                     base::rm(list = ".Random.seed", envir = base::globalenv(), 
[10:21:17.719]                       inherits = FALSE)
[10:21:17.719]                   }
[10:21:17.719]                   options(future.plan = NULL)
[10:21:17.719]                   if (is.na(NA_character_)) 
[10:21:17.719]                     Sys.unsetenv("R_FUTURE_PLAN")
[10:21:17.719]                   else Sys.setenv(R_FUTURE_PLAN = NA_character_)
[10:21:17.719]                   future::plan(...future.strategy.old, .cleanup = FALSE, 
[10:21:17.719]                     .init = FALSE)
[10:21:17.719]                 }
[10:21:17.719]             }
[10:21:17.719]         }
[10:21:17.719]     })
[10:21:17.719]     if (TRUE) {
[10:21:17.719]         base::sink(type = "output", split = FALSE)
[10:21:17.719]         if (TRUE) {
[10:21:17.719]             ...future.result$stdout <- base::rawToChar(base::rawConnectionValue(...future.stdout))
[10:21:17.719]         }
[10:21:17.719]         else {
[10:21:17.719]             ...future.result["stdout"] <- base::list(NULL)
[10:21:17.719]         }
[10:21:17.719]         base::close(...future.stdout)
[10:21:17.719]         ...future.stdout <- NULL
[10:21:17.719]     }
[10:21:17.719]     ...future.result$conditions <- ...future.conditions
[10:21:17.719]     ...future.result$finished <- base::Sys.time()
[10:21:17.719]     ...future.result
[10:21:17.719] }
[10:21:17.721] plan(): Setting new future strategy stack:
[10:21:17.721] List of future strategies:
[10:21:17.721] 1. sequential:
[10:21:17.721]    - args: function (..., envir = parent.frame(), workers = "<NULL>")
[10:21:17.721]    - tweaked: FALSE
[10:21:17.721]    - call: NULL
[10:21:17.722] plan(): nbrOfWorkers() = 1
[10:21:17.723] plan(): Setting new future strategy stack:
[10:21:17.723] List of future strategies:
[10:21:17.723] 1. sequential:
[10:21:17.723]    - args: function (..., envir = parent.frame(), workers = "<NULL>")
[10:21:17.723]    - tweaked: FALSE
[10:21:17.723]    - call: future::plan("sequential")
[10:21:17.723] plan(): nbrOfWorkers() = 1
[10:21:17.723] SequentialFuture started (and completed)
[10:21:17.724] - Launch lazy future ... done
[10:21:17.724] run() for ‘SequentialFuture’ ... done
> 
> f1 <- futureOf("a", envir = x)
> print(f1)
SequentialFuture:
Label: ‘<none>’
Expression:
{
    1
}
Lazy evaluation: FALSE
Asynchronous evaluation: FALSE
Local evaluation: TRUE
Environment: R_GlobalEnv
Capture standard output: TRUE
Capture condition classes: ‘condition’ (excluding ‘nothing’)
Globals: <none>
Packages: <none>
L'Ecuyer-CMRG RNG seed: <none> (seed = FALSE)
Resolved: TRUE
Value: 39 bytes of class ‘numeric’
Early signaling: FALSE
Owner process: 23edf06c-ff44-1df5-3239-ae1d1681a497
Class: ‘SequentialFuture’, ‘UniprocessFuture’, ‘Future’, ‘environment’
> f2 <- futureOf(a, envir = x)
> f3 <- futureOf(x[["a"]])
> f4 <- futureOf(x$a)
> stopifnot(identical(f2, f1), identical(f3, f1), identical(f4, f1))
> 
> ## Identify all futures
> fs <- futureOf(envir = x)
> print(fs)
$a
SequentialFuture:
Label: ‘<none>’
Expression:
{
    1
}
Lazy evaluation: FALSE
Asynchronous evaluation: FALSE
Local evaluation: TRUE
Environment: R_GlobalEnv
Capture standard output: TRUE
Capture condition classes: ‘condition’ (excluding ‘nothing’)
Globals: <none>
Packages: <none>
L'Ecuyer-CMRG RNG seed: <none> (seed = FALSE)
Resolved: TRUE
Value: 39 bytes of class ‘numeric’
Early signaling: FALSE
Owner process: 23edf06c-ff44-1df5-3239-ae1d1681a497
Class: ‘SequentialFuture’, ‘UniprocessFuture’, ‘Future’, ‘environment’

> stopifnot(identical(names(fs), c("a")))
> stopifnot(identical(fs$a, f1))
> 
> fsD <- futureOf(envir = x, drop = TRUE)
> print(fsD)
$a
SequentialFuture:
Label: ‘<none>’
Expression:
{
    1
}
Lazy evaluation: FALSE
Asynchronous evaluation: FALSE
Local evaluation: TRUE
Environment: R_GlobalEnv
Capture standard output: TRUE
Capture condition classes: ‘condition’ (excluding ‘nothing’)
Globals: <none>
Packages: <none>
L'Ecuyer-CMRG RNG seed: <none> (seed = FALSE)
Resolved: TRUE
Value: 39 bytes of class ‘numeric’
Early signaling: FALSE
Owner process: 23edf06c-ff44-1df5-3239-ae1d1681a497
Class: ‘SequentialFuture’, ‘UniprocessFuture’, ‘Future’, ‘environment’

> stopifnot(all(sapply(fsD, FUN = inherits, "Future")))
> stopifnot(identical(fsD, fs))
> 
> message("*** futureOf() with environment - future assignments ... DONE")
*** futureOf() with environment - future assignments ... DONE
> 
> 
> message("*** futureOf() with environment - futures ...")
*** futureOf() with environment - futures ...
> 
> x <- new.env()
> x$a <- future({ 1 })
[10:21:17.727] getGlobalsAndPackages() ...
[10:21:17.727] Searching for globals...
[10:21:17.727] - globals found: [1] ‘{’
[10:21:17.728] Searching for globals ... DONE
[10:21:17.728] Resolving globals: FALSE
[10:21:17.728] 
[10:21:17.728] 
[10:21:17.728] getGlobalsAndPackages() ... DONE
[10:21:17.728] run() for ‘Future’ ...
[10:21:17.728] - state: ‘created’
[10:21:17.728] - Future backend: ‘FutureStrategy’, ‘sequential’, ‘uniprocess’, ‘future’, ‘function’
[10:21:17.729] - Future class: ‘SequentialFuture’, ‘UniprocessFuture’, ‘Future’, ‘environment’
[10:21:17.729] - Copy elements of temporary ‘SequentialFuture’ to final ‘Future’ object ...
[10:21:17.729]   - Field: ‘label’
[10:21:17.729]   - Field: ‘local’
[10:21:17.729]   - Field: ‘owner’
[10:21:17.729]   - Field: ‘envir’
[10:21:17.729]   - Field: ‘packages’
[10:21:17.729]   - Field: ‘gc’
[10:21:17.729]   - Field: ‘conditions’
[10:21:17.730]   - Field: ‘expr’
[10:21:17.730]   - Field: ‘uuid’
[10:21:17.730]   - Field: ‘seed’
[10:21:17.730]   - Field: ‘version’
[10:21:17.730]   - Field: ‘result’
[10:21:17.730]   - Field: ‘asynchronous’
[10:21:17.730]   - Field: ‘calls’
[10:21:17.730]   - Field: ‘globals’
[10:21:17.730]   - Field: ‘stdout’
[10:21:17.730]   - Field: ‘earlySignal’
[10:21:17.730]   - Field: ‘lazy’
[10:21:17.731]   - Field: ‘state’
[10:21:17.731] - Copy elements of temporary ‘SequentialFuture’ to final ‘Future’ object ... done
[10:21:17.731] - Launch lazy future ...
[10:21:17.731] Packages needed by the future expression (n = 0): <none>
[10:21:17.731] Packages needed by future strategies (n = 0): <none>
[10:21:17.731] {
[10:21:17.731]     {
[10:21:17.731]         {
[10:21:17.731]             ...future.startTime <- base::Sys.time()
[10:21:17.731]             {
[10:21:17.731]                 {
[10:21:17.731]                   {
[10:21:17.731]                     base::local({
[10:21:17.731]                       has_future <- base::requireNamespace("future", 
[10:21:17.731]                         quietly = TRUE)
[10:21:17.731]                       if (has_future) {
[10:21:17.731]                         ns <- base::getNamespace("future")
[10:21:17.731]                         version <- ns[[".package"]][["version"]]
[10:21:17.731]                         if (is.null(version)) 
[10:21:17.731]                           version <- utils::packageVersion("future")
[10:21:17.731]                       }
[10:21:17.731]                       else {
[10:21:17.731]                         version <- NULL
[10:21:17.731]                       }
[10:21:17.731]                       if (!has_future || version < "1.8.0") {
[10:21:17.731]                         info <- base::c(r_version = base::gsub("R version ", 
[10:21:17.731]                           "", base::R.version$version.string), 
[10:21:17.731]                           platform = base::sprintf("%s (%s-bit)", 
[10:21:17.731]                             base::R.version$platform, 8 * base::.Machine$sizeof.pointer), 
[10:21:17.731]                           os = base::paste(base::Sys.info()[base::c("sysname", 
[10:21:17.731]                             "release", "version")], collapse = " "), 
[10:21:17.731]                           hostname = base::Sys.info()[["nodename"]])
[10:21:17.731]                         info <- base::sprintf("%s: %s", base::names(info), 
[10:21:17.731]                           info)
[10:21:17.731]                         info <- base::paste(info, collapse = "; ")
[10:21:17.731]                         if (!has_future) {
[10:21:17.731]                           msg <- base::sprintf("Package 'future' is not installed on worker (%s)", 
[10:21:17.731]                             info)
[10:21:17.731]                         }
[10:21:17.731]                         else {
[10:21:17.731]                           msg <- base::sprintf("Package 'future' on worker (%s) must be of version >= 1.8.0: %s", 
[10:21:17.731]                             info, version)
[10:21:17.731]                         }
[10:21:17.731]                         base::stop(msg)
[10:21:17.731]                       }
[10:21:17.731]                     })
[10:21:17.731]                   }
[10:21:17.731]                   ...future.strategy.old <- future::plan("list")
[10:21:17.731]                   options(future.plan = NULL)
[10:21:17.731]                   Sys.unsetenv("R_FUTURE_PLAN")
[10:21:17.731]                   future::plan("default", .cleanup = FALSE, .init = FALSE)
[10:21:17.731]                 }
[10:21:17.731]                 ...future.workdir <- getwd()
[10:21:17.731]             }
[10:21:17.731]             ...future.oldOptions <- base::as.list(base::.Options)
[10:21:17.731]             ...future.oldEnvVars <- base::Sys.getenv()
[10:21:17.731]         }
[10:21:17.731]         base::options(future.startup.script = FALSE, future.globals.onMissing = NULL, 
[10:21:17.731]             future.globals.maxSize = NULL, future.globals.method = NULL, 
[10:21:17.731]             future.globals.onMissing = NULL, future.globals.onReference = NULL, 
[10:21:17.731]             future.globals.resolve = NULL, future.resolve.recursive = NULL, 
[10:21:17.731]             future.rng.onMisuse = NULL, future.rng.onMisuse.keepFuture = NULL, 
[10:21:17.731]             future.stdout.windows.reencode = NULL, width = 80L)
[10:21:17.731]         ...future.futureOptionsAdded <- base::setdiff(base::names(base::.Options), 
[10:21:17.731]             base::names(...future.oldOptions))
[10:21:17.731]     }
[10:21:17.731]     if (FALSE) {
[10:21:17.731]     }
[10:21:17.731]     else {
[10:21:17.731]         if (TRUE) {
[10:21:17.731]             ...future.stdout <- base::rawConnection(base::raw(0L), 
[10:21:17.731]                 open = "w")
[10:21:17.731]         }
[10:21:17.731]         else {
[10:21:17.731]             ...future.stdout <- base::file(base::switch(.Platform$OS.type, 
[10:21:17.731]                 windows = "NUL", "/dev/null"), open = "w")
[10:21:17.731]         }
[10:21:17.731]         base::sink(...future.stdout, type = "output", split = FALSE)
[10:21:17.731]         base::on.exit(if (!base::is.null(...future.stdout)) {
[10:21:17.731]             base::sink(type = "output", split = FALSE)
[10:21:17.731]             base::close(...future.stdout)
[10:21:17.731]         }, add = TRUE)
[10:21:17.731]     }
[10:21:17.731]     ...future.frame <- base::sys.nframe()
[10:21:17.731]     ...future.conditions <- base::list()
[10:21:17.731]     ...future.rng <- base::globalenv()$.Random.seed
[10:21:17.731]     if (FALSE) {
[10:21:17.731]         ...future.globalenv.names <- c(base::names(base::.GlobalEnv), 
[10:21:17.731]             "...future.value", "...future.globalenv.names", ".Random.seed")
[10:21:17.731]     }
[10:21:17.731]     ...future.result <- base::tryCatch({
[10:21:17.731]         base::withCallingHandlers({
[10:21:17.731]             ...future.value <- base::withVisible(base::local({
[10:21:17.731]                 1
[10:21:17.731]             }))
[10:21:17.731]             future::FutureResult(value = ...future.value$value, 
[10:21:17.731]                 visible = ...future.value$visible, rng = !identical(base::globalenv()$.Random.seed, 
[10:21:17.731]                   ...future.rng), globalenv = if (FALSE) 
[10:21:17.731]                   list(added = base::setdiff(base::names(base::.GlobalEnv), 
[10:21:17.731]                     ...future.globalenv.names))
[10:21:17.731]                 else NULL, started = ...future.startTime, version = "1.8")
[10:21:17.731]         }, condition = base::local({
[10:21:17.731]             c <- base::c
[10:21:17.731]             inherits <- base::inherits
[10:21:17.731]             invokeRestart <- base::invokeRestart
[10:21:17.731]             length <- base::length
[10:21:17.731]             list <- base::list
[10:21:17.731]             seq.int <- base::seq.int
[10:21:17.731]             signalCondition <- base::signalCondition
[10:21:17.731]             sys.calls <- base::sys.calls
[10:21:17.731]             `[[` <- base::`[[`
[10:21:17.731]             `+` <- base::`+`
[10:21:17.731]             `<<-` <- base::`<<-`
[10:21:17.731]             sysCalls <- function(calls = sys.calls(), from = 1L) {
[10:21:17.731]                 calls[seq.int(from = from + 12L, to = length(calls) - 
[10:21:17.731]                   3L)]
[10:21:17.731]             }
[10:21:17.731]             function(cond) {
[10:21:17.731]                 is_error <- inherits(cond, "error")
[10:21:17.731]                 ignore <- !is_error && !is.null(NULL) && inherits(cond, 
[10:21:17.731]                   NULL)
[10:21:17.731]                 if (is_error) {
[10:21:17.731]                   sessionInformation <- function() {
[10:21:17.731]                     list(r = base::R.Version(), locale = base::Sys.getlocale(), 
[10:21:17.731]                       rngkind = base::RNGkind(), namespaces = base::loadedNamespaces(), 
[10:21:17.731]                       search = base::search(), system = base::Sys.info())
[10:21:17.731]                   }
[10:21:17.731]                   ...future.conditions[[length(...future.conditions) + 
[10:21:17.731]                     1L]] <<- list(condition = cond, calls = c(sysCalls(from = ...future.frame), 
[10:21:17.731]                     cond$call), session = sessionInformation(), 
[10:21:17.731]                     timestamp = base::Sys.time(), signaled = 0L)
[10:21:17.731]                   signalCondition(cond)
[10:21:17.731]                 }
[10:21:17.731]                 else if (!ignore && TRUE && inherits(cond, c("condition", 
[10:21:17.731]                 "immediateCondition"))) {
[10:21:17.731]                   signal <- TRUE && inherits(cond, "immediateCondition")
[10:21:17.731]                   ...future.conditions[[length(...future.conditions) + 
[10:21:17.731]                     1L]] <<- list(condition = cond, signaled = base::as.integer(signal))
[10:21:17.731]                   if (TRUE && !signal) {
[10:21:17.731]                     muffleCondition <- function (cond, pattern = "^muffle") 
[10:21:17.731]                     {
[10:21:17.731]                       inherits <- base::inherits
[10:21:17.731]                       invokeRestart <- base::invokeRestart
[10:21:17.731]                       is.null <- base::is.null
[10:21:17.731]                       muffled <- FALSE
[10:21:17.731]                       if (inherits(cond, "message")) {
[10:21:17.731]                         muffled <- grepl(pattern, "muffleMessage")
[10:21:17.731]                         if (muffled) 
[10:21:17.731]                           invokeRestart("muffleMessage")
[10:21:17.731]                       }
[10:21:17.731]                       else if (inherits(cond, "warning")) {
[10:21:17.731]                         muffled <- grepl(pattern, "muffleWarning")
[10:21:17.731]                         if (muffled) 
[10:21:17.731]                           invokeRestart("muffleWarning")
[10:21:17.731]                       }
[10:21:17.731]                       else if (inherits(cond, "condition")) {
[10:21:17.731]                         if (!is.null(pattern)) {
[10:21:17.731]                           computeRestarts <- base::computeRestarts
[10:21:17.731]                           grepl <- base::grepl
[10:21:17.731]                           restarts <- computeRestarts(cond)
[10:21:17.731]                           for (restart in restarts) {
[10:21:17.731]                             name <- restart$name
[10:21:17.731]                             if (is.null(name)) 
[10:21:17.731]                               next
[10:21:17.731]                             if (!grepl(pattern, name)) 
[10:21:17.731]                               next
[10:21:17.731]                             invokeRestart(restart)
[10:21:17.731]                             muffled <- TRUE
[10:21:17.731]                             break
[10:21:17.731]                           }
[10:21:17.731]                         }
[10:21:17.731]                       }
[10:21:17.731]                       invisible(muffled)
[10:21:17.731]                     }
[10:21:17.731]                     muffleCondition(cond, pattern = "^muffle")
[10:21:17.731]                   }
[10:21:17.731]                 }
[10:21:17.731]                 else {
[10:21:17.731]                   if (TRUE) {
[10:21:17.731]                     muffleCondition <- function (cond, pattern = "^muffle") 
[10:21:17.731]                     {
[10:21:17.731]                       inherits <- base::inherits
[10:21:17.731]                       invokeRestart <- base::invokeRestart
[10:21:17.731]                       is.null <- base::is.null
[10:21:17.731]                       muffled <- FALSE
[10:21:17.731]                       if (inherits(cond, "message")) {
[10:21:17.731]                         muffled <- grepl(pattern, "muffleMessage")
[10:21:17.731]                         if (muffled) 
[10:21:17.731]                           invokeRestart("muffleMessage")
[10:21:17.731]                       }
[10:21:17.731]                       else if (inherits(cond, "warning")) {
[10:21:17.731]                         muffled <- grepl(pattern, "muffleWarning")
[10:21:17.731]                         if (muffled) 
[10:21:17.731]                           invokeRestart("muffleWarning")
[10:21:17.731]                       }
[10:21:17.731]                       else if (inherits(cond, "condition")) {
[10:21:17.731]                         if (!is.null(pattern)) {
[10:21:17.731]                           computeRestarts <- base::computeRestarts
[10:21:17.731]                           grepl <- base::grepl
[10:21:17.731]                           restarts <- computeRestarts(cond)
[10:21:17.731]                           for (restart in restarts) {
[10:21:17.731]                             name <- restart$name
[10:21:17.731]                             if (is.null(name)) 
[10:21:17.731]                               next
[10:21:17.731]                             if (!grepl(pattern, name)) 
[10:21:17.731]                               next
[10:21:17.731]                             invokeRestart(restart)
[10:21:17.731]                             muffled <- TRUE
[10:21:17.731]                             break
[10:21:17.731]                           }
[10:21:17.731]                         }
[10:21:17.731]                       }
[10:21:17.731]                       invisible(muffled)
[10:21:17.731]                     }
[10:21:17.731]                     muffleCondition(cond, pattern = "^muffle")
[10:21:17.731]                   }
[10:21:17.731]                 }
[10:21:17.731]             }
[10:21:17.731]         }))
[10:21:17.731]     }, error = function(ex) {
[10:21:17.731]         base::structure(base::list(value = NULL, visible = NULL, 
[10:21:17.731]             conditions = ...future.conditions, rng = !identical(base::globalenv()$.Random.seed, 
[10:21:17.731]                 ...future.rng), started = ...future.startTime, 
[10:21:17.731]             finished = Sys.time(), session_uuid = NA_character_, 
[10:21:17.731]             version = "1.8"), class = "FutureResult")
[10:21:17.731]     }, finally = {
[10:21:17.731]         if (!identical(...future.workdir, getwd())) 
[10:21:17.731]             setwd(...future.workdir)
[10:21:17.731]         {
[10:21:17.731]             if (identical(getOption("nwarnings"), ...future.oldOptions$nwarnings)) {
[10:21:17.731]                 ...future.oldOptions$nwarnings <- NULL
[10:21:17.731]             }
[10:21:17.731]             base::options(...future.oldOptions)
[10:21:17.731]             if (.Platform$OS.type == "windows") {
[10:21:17.731]                 old_names <- names(...future.oldEnvVars)
[10:21:17.731]                 envs <- base::Sys.getenv()
[10:21:17.731]                 names <- names(envs)
[10:21:17.731]                 common <- intersect(names, old_names)
[10:21:17.731]                 added <- setdiff(names, old_names)
[10:21:17.731]                 removed <- setdiff(old_names, names)
[10:21:17.731]                 changed <- common[...future.oldEnvVars[common] != 
[10:21:17.731]                   envs[common]]
[10:21:17.731]                 NAMES <- toupper(changed)
[10:21:17.731]                 args <- list()
[10:21:17.731]                 for (kk in seq_along(NAMES)) {
[10:21:17.731]                   name <- changed[[kk]]
[10:21:17.731]                   NAME <- NAMES[[kk]]
[10:21:17.731]                   if (name != NAME && is.element(NAME, old_names)) 
[10:21:17.731]                     next
[10:21:17.731]                   args[[name]] <- ...future.oldEnvVars[[name]]
[10:21:17.731]                 }
[10:21:17.731]                 NAMES <- toupper(added)
[10:21:17.731]                 for (kk in seq_along(NAMES)) {
[10:21:17.731]                   name <- added[[kk]]
[10:21:17.731]                   NAME <- NAMES[[kk]]
[10:21:17.731]                   if (name != NAME && is.element(NAME, old_names)) 
[10:21:17.731]                     next
[10:21:17.731]                   args[[name]] <- ""
[10:21:17.731]                 }
[10:21:17.731]                 NAMES <- toupper(removed)
[10:21:17.731]                 for (kk in seq_along(NAMES)) {
[10:21:17.731]                   name <- removed[[kk]]
[10:21:17.731]                   NAME <- NAMES[[kk]]
[10:21:17.731]                   if (name != NAME && is.element(NAME, old_names)) 
[10:21:17.731]                     next
[10:21:17.731]                   args[[name]] <- ...future.oldEnvVars[[name]]
[10:21:17.731]                 }
[10:21:17.731]                 if (length(args) > 0) 
[10:21:17.731]                   base::do.call(base::Sys.setenv, args = args)
[10:21:17.731]                 args <- names <- old_names <- NAMES <- envs <- common <- added <- removed <- NULL
[10:21:17.731]             }
[10:21:17.731]             else {
[10:21:17.731]                 base::do.call(base::Sys.setenv, args = base::as.list(...future.oldEnvVars))
[10:21:17.731]             }
[10:21:17.731]             {
[10:21:17.731]                 if (base::length(...future.futureOptionsAdded) > 
[10:21:17.731]                   0L) {
[10:21:17.731]                   opts <- base::vector("list", length = base::length(...future.futureOptionsAdded))
[10:21:17.731]                   base::names(opts) <- ...future.futureOptionsAdded
[10:21:17.731]                   base::options(opts)
[10:21:17.731]                 }
[10:21:17.731]                 {
[10:21:17.731]                   {
[10:21:17.731]                     NULL
[10:21:17.731]                     RNGkind("Mersenne-Twister")
[10:21:17.731]                     base::rm(list = ".Random.seed", envir = base::globalenv(), 
[10:21:17.731]                       inherits = FALSE)
[10:21:17.731]                   }
[10:21:17.731]                   options(future.plan = NULL)
[10:21:17.731]                   if (is.na(NA_character_)) 
[10:21:17.731]                     Sys.unsetenv("R_FUTURE_PLAN")
[10:21:17.731]                   else Sys.setenv(R_FUTURE_PLAN = NA_character_)
[10:21:17.731]                   future::plan(...future.strategy.old, .cleanup = FALSE, 
[10:21:17.731]                     .init = FALSE)
[10:21:17.731]                 }
[10:21:17.731]             }
[10:21:17.731]         }
[10:21:17.731]     })
[10:21:17.731]     if (TRUE) {
[10:21:17.731]         base::sink(type = "output", split = FALSE)
[10:21:17.731]         if (TRUE) {
[10:21:17.731]             ...future.result$stdout <- base::rawToChar(base::rawConnectionValue(...future.stdout))
[10:21:17.731]         }
[10:21:17.731]         else {
[10:21:17.731]             ...future.result["stdout"] <- base::list(NULL)
[10:21:17.731]         }
[10:21:17.731]         base::close(...future.stdout)
[10:21:17.731]         ...future.stdout <- NULL
[10:21:17.731]     }
[10:21:17.731]     ...future.result$conditions <- ...future.conditions
[10:21:17.731]     ...future.result$finished <- base::Sys.time()
[10:21:17.731]     ...future.result
[10:21:17.731] }
[10:21:17.733] plan(): Setting new future strategy stack:
[10:21:17.733] List of future strategies:
[10:21:17.733] 1. sequential:
[10:21:17.733]    - args: function (..., envir = parent.frame(), workers = "<NULL>")
[10:21:17.733]    - tweaked: FALSE
[10:21:17.733]    - call: NULL
[10:21:17.734] plan(): nbrOfWorkers() = 1
[10:21:17.735] plan(): Setting new future strategy stack:
[10:21:17.735] List of future strategies:
[10:21:17.735] 1. sequential:
[10:21:17.735]    - args: function (..., envir = parent.frame(), workers = "<NULL>")
[10:21:17.735]    - tweaked: FALSE
[10:21:17.735]    - call: future::plan("sequential")
[10:21:17.735] plan(): nbrOfWorkers() = 1
[10:21:17.735] SequentialFuture started (and completed)
[10:21:17.735] - Launch lazy future ... done
[10:21:17.736] run() for ‘SequentialFuture’ ... done
> 
> f1 <- futureOf("a", envir = x)
> print(f1)
SequentialFuture:
Label: ‘<none>’
Expression:
{
    1
}
Lazy evaluation: FALSE
Asynchronous evaluation: FALSE
Local evaluation: TRUE
Environment: R_GlobalEnv
Capture standard output: TRUE
Capture condition classes: ‘condition’ (excluding ‘nothing’)
Globals: <none>
Packages: <none>
L'Ecuyer-CMRG RNG seed: <none> (seed = FALSE)
Resolved: TRUE
Value: 39 bytes of class ‘numeric’
Early signaling: FALSE
Owner process: 23edf06c-ff44-1df5-3239-ae1d1681a497
Class: ‘SequentialFuture’, ‘UniprocessFuture’, ‘Future’, ‘environment’
> stopifnot(identical(f1, x$a))
> f2 <- futureOf(a, envir = x)
> stopifnot(identical(f2, x$a))
> f3 <- futureOf(x[["a"]])
> stopifnot(identical(f3, x$a))
> f4 <- futureOf(x$a)
> stopifnot(identical(f4, x$a))
> 
> ## Identify all futures
> fs <- futureOf(envir = x)
> print(fs)
$a
SequentialFuture:
Label: ‘<none>’
Expression:
{
    1
}
Lazy evaluation: FALSE
Asynchronous evaluation: FALSE
Local evaluation: TRUE
Environment: R_GlobalEnv
Capture standard output: TRUE
Capture condition classes: ‘condition’ (excluding ‘nothing’)
Globals: <none>
Packages: <none>
L'Ecuyer-CMRG RNG seed: <none> (seed = FALSE)
Resolved: TRUE
Value: 39 bytes of class ‘numeric’
Early signaling: FALSE
Owner process: 23edf06c-ff44-1df5-3239-ae1d1681a497
Class: ‘SequentialFuture’, ‘UniprocessFuture’, ‘Future’, ‘environment’

> stopifnot(identical(names(fs), c("a")))
> stopifnot(identical(fs$a, f1))
> 
> fsD <- futureOf(envir = x, drop = TRUE)
> print(fsD)
$a
SequentialFuture:
Label: ‘<none>’
Expression:
{
    1
}
Lazy evaluation: FALSE
Asynchronous evaluation: FALSE
Local evaluation: TRUE
Environment: R_GlobalEnv
Capture standard output: TRUE
Capture condition classes: ‘condition’ (excluding ‘nothing’)
Globals: <none>
Packages: <none>
L'Ecuyer-CMRG RNG seed: <none> (seed = FALSE)
Resolved: TRUE
Value: 39 bytes of class ‘numeric’
Early signaling: FALSE
Owner process: 23edf06c-ff44-1df5-3239-ae1d1681a497
Class: ‘SequentialFuture’, ‘UniprocessFuture’, ‘Future’, ‘environment’

> stopifnot(all(sapply(fsD, FUN = inherits, "Future")))
> stopifnot(identical(fsD, fs))
> 
> message("*** futureOf() with environment - futures ... DONE")
*** futureOf() with environment - futures ... DONE
> 
> 
> message("*** futureOf() with environment - exceptions ...")
*** futureOf() with environment - exceptions ...
> 
> ## Invalid subset
> res <- tryCatch(futureOf(x[[0]], mustExist = FALSE), error = identity)
> stopifnot(inherits(res, "error"))
> 
> res <- tryCatch(futureOf(x[[0]], mustExist = TRUE), error = identity)
> stopifnot(inherits(res, "error"))
> 
> res <- tryCatch(futureOf(x[[10]], mustExist = TRUE), error = identity)
> stopifnot(inherits(res, "error"))
> 
> res <- tryCatch(futureOf(x[[1 + 2i]], mustExist = TRUE), error = identity)
> stopifnot(inherits(res, "error"))
> 
> message("*** futureOf() with environment - exceptions ... DONE")
*** futureOf() with environment - exceptions ... DONE
> 
> message("*** futureOf() with environment ... DONE")
*** futureOf() with environment ... DONE
> 
> source("incl/end.R")
[10:21:17.739] plan(): Setting new future strategy stack:
[10:21:17.739] List of future strategies:
[10:21:17.739] 1. FutureStrategy:
[10:21:17.739]    - args: function (..., envir = parent.frame(), workers = "<NULL>")
[10:21:17.739]    - tweaked: FALSE
[10:21:17.739]    - call: future::plan(oplan)
[10:21:17.754] plan(): nbrOfWorkers() = 1
> 
