
R version 4.4.3 (2025-02-28) -- "Trophy Case"
Copyright (C) 2025 The R Foundation for Statistical Computing
Platform: x86_64-pc-linux-gnu

R is free software and comes with ABSOLUTELY NO WARRANTY.
You are welcome to redistribute it under certain conditions.
Type 'license()' or 'licence()' for distribution details.

R is a collaborative project with many contributors.
Type 'contributors()' for more information and
'citation()' on how to cite R or R packages in publications.

Type 'demo()' for some demos, 'help()' for on-line help, or
'help.start()' for an HTML browser interface to help.
Type 'q()' to quit R.

> source("incl/start.R")
[11:01:26.502] plan(): Setting new future strategy stack:
[11:01:26.503] List of future strategies:
[11:01:26.503] 1. sequential:
[11:01:26.503]    - args: function (..., envir = parent.frame(), workers = "<NULL>")
[11:01:26.503]    - tweaked: FALSE
[11:01:26.503]    - call: future::plan("sequential")
[11:01:26.516] plan(): nbrOfWorkers() = 1
> 
> message("*** FutureError class ...")
*** FutureError class ...
> 
> ## Minimal
> ex <- FutureError(message = "Woops")
> print(ex)
<FutureError: Woops>


Future UUID: <NA>
> 
> cond <- tryCatch(message("Woops", appendLF = FALSE), message = identity)
> ex2 <- FutureError(message = cond)
> print(ex2)
<FutureError: Woops>


Future UUID: <NA>
> stopifnot(conditionMessage(ex2) == conditionMessage(ex))
> 
> f <- future({ 42L; stop("woops") })
[11:01:26.532] getGlobalsAndPackages() ...
[11:01:26.532] Searching for globals...
[11:01:26.537] - globals found: [2] ‘{’, ‘stop’
[11:01:26.537] Searching for globals ... DONE
[11:01:26.538] Resolving globals: FALSE
[11:01:26.538] 
[11:01:26.538] 
[11:01:26.538] getGlobalsAndPackages() ... DONE
[11:01:26.539] run() for ‘Future’ ...
[11:01:26.539] - state: ‘created’
[11:01:26.539] - Future backend: ‘FutureStrategy’, ‘sequential’, ‘uniprocess’, ‘future’, ‘function’
[11:01:26.539] - Future class: ‘SequentialFuture’, ‘UniprocessFuture’, ‘Future’, ‘environment’
[11:01:26.539] - Copy elements of temporary ‘SequentialFuture’ to final ‘Future’ object ...
[11:01:26.540]   - Field: ‘label’
[11:01:26.540]   - Field: ‘local’
[11:01:26.540]   - Field: ‘owner’
[11:01:26.540]   - Field: ‘envir’
[11:01:26.540]   - Field: ‘packages’
[11:01:26.540]   - Field: ‘gc’
[11:01:26.540]   - Field: ‘conditions’
[11:01:26.540]   - Field: ‘expr’
[11:01:26.540]   - Field: ‘uuid’
[11:01:26.540]   - Field: ‘seed’
[11:01:26.540]   - Field: ‘version’
[11:01:26.541]   - Field: ‘result’
[11:01:26.541]   - Field: ‘asynchronous’
[11:01:26.541]   - Field: ‘calls’
[11:01:26.541]   - Field: ‘globals’
[11:01:26.541]   - Field: ‘stdout’
[11:01:26.541]   - Field: ‘earlySignal’
[11:01:26.541]   - Field: ‘lazy’
[11:01:26.541]   - Field: ‘state’
[11:01:26.541] - Copy elements of temporary ‘SequentialFuture’ to final ‘Future’ object ... done
[11:01:26.541] - Launch lazy future ...
[11:01:26.542] Packages needed by the future expression (n = 0): <none>
[11:01:26.542] Packages needed by future strategies (n = 0): <none>
[11:01:26.543] {
[11:01:26.543]     {
[11:01:26.543]         {
[11:01:26.543]             ...future.startTime <- base::Sys.time()
[11:01:26.543]             {
[11:01:26.543]                 {
[11:01:26.543]                   {
[11:01:26.543]                     base::local({
[11:01:26.543]                       has_future <- base::requireNamespace("future", 
[11:01:26.543]                         quietly = TRUE)
[11:01:26.543]                       if (has_future) {
[11:01:26.543]                         ns <- base::getNamespace("future")
[11:01:26.543]                         version <- ns[[".package"]][["version"]]
[11:01:26.543]                         if (is.null(version)) 
[11:01:26.543]                           version <- utils::packageVersion("future")
[11:01:26.543]                       }
[11:01:26.543]                       else {
[11:01:26.543]                         version <- NULL
[11:01:26.543]                       }
[11:01:26.543]                       if (!has_future || version < "1.8.0") {
[11:01:26.543]                         info <- base::c(r_version = base::gsub("R version ", 
[11:01:26.543]                           "", base::R.version$version.string), 
[11:01:26.543]                           platform = base::sprintf("%s (%s-bit)", 
[11:01:26.543]                             base::R.version$platform, 8 * base::.Machine$sizeof.pointer), 
[11:01:26.543]                           os = base::paste(base::Sys.info()[base::c("sysname", 
[11:01:26.543]                             "release", "version")], collapse = " "), 
[11:01:26.543]                           hostname = base::Sys.info()[["nodename"]])
[11:01:26.543]                         info <- base::sprintf("%s: %s", base::names(info), 
[11:01:26.543]                           info)
[11:01:26.543]                         info <- base::paste(info, collapse = "; ")
[11:01:26.543]                         if (!has_future) {
[11:01:26.543]                           msg <- base::sprintf("Package 'future' is not installed on worker (%s)", 
[11:01:26.543]                             info)
[11:01:26.543]                         }
[11:01:26.543]                         else {
[11:01:26.543]                           msg <- base::sprintf("Package 'future' on worker (%s) must be of version >= 1.8.0: %s", 
[11:01:26.543]                             info, version)
[11:01:26.543]                         }
[11:01:26.543]                         base::stop(msg)
[11:01:26.543]                       }
[11:01:26.543]                     })
[11:01:26.543]                   }
[11:01:26.543]                   ...future.strategy.old <- future::plan("list")
[11:01:26.543]                   options(future.plan = NULL)
[11:01:26.543]                   Sys.unsetenv("R_FUTURE_PLAN")
[11:01:26.543]                   future::plan("default", .cleanup = FALSE, .init = FALSE)
[11:01:26.543]                 }
[11:01:26.543]                 ...future.workdir <- getwd()
[11:01:26.543]             }
[11:01:26.543]             ...future.oldOptions <- base::as.list(base::.Options)
[11:01:26.543]             ...future.oldEnvVars <- base::Sys.getenv()
[11:01:26.543]         }
[11:01:26.543]         base::options(future.startup.script = FALSE, future.globals.onMissing = NULL, 
[11:01:26.543]             future.globals.maxSize = NULL, future.globals.method = NULL, 
[11:01:26.543]             future.globals.onMissing = NULL, future.globals.onReference = NULL, 
[11:01:26.543]             future.globals.resolve = NULL, future.resolve.recursive = NULL, 
[11:01:26.543]             future.rng.onMisuse = NULL, future.rng.onMisuse.keepFuture = NULL, 
[11:01:26.543]             future.stdout.windows.reencode = NULL, width = 80L)
[11:01:26.543]         ...future.futureOptionsAdded <- base::setdiff(base::names(base::.Options), 
[11:01:26.543]             base::names(...future.oldOptions))
[11:01:26.543]     }
[11:01:26.543]     if (FALSE) {
[11:01:26.543]     }
[11:01:26.543]     else {
[11:01:26.543]         if (TRUE) {
[11:01:26.543]             ...future.stdout <- base::rawConnection(base::raw(0L), 
[11:01:26.543]                 open = "w")
[11:01:26.543]         }
[11:01:26.543]         else {
[11:01:26.543]             ...future.stdout <- base::file(base::switch(.Platform$OS.type, 
[11:01:26.543]                 windows = "NUL", "/dev/null"), open = "w")
[11:01:26.543]         }
[11:01:26.543]         base::sink(...future.stdout, type = "output", split = FALSE)
[11:01:26.543]         base::on.exit(if (!base::is.null(...future.stdout)) {
[11:01:26.543]             base::sink(type = "output", split = FALSE)
[11:01:26.543]             base::close(...future.stdout)
[11:01:26.543]         }, add = TRUE)
[11:01:26.543]     }
[11:01:26.543]     ...future.frame <- base::sys.nframe()
[11:01:26.543]     ...future.conditions <- base::list()
[11:01:26.543]     ...future.rng <- base::globalenv()$.Random.seed
[11:01:26.543]     if (FALSE) {
[11:01:26.543]         ...future.globalenv.names <- c(base::names(base::.GlobalEnv), 
[11:01:26.543]             "...future.value", "...future.globalenv.names", ".Random.seed")
[11:01:26.543]     }
[11:01:26.543]     ...future.result <- base::tryCatch({
[11:01:26.543]         base::withCallingHandlers({
[11:01:26.543]             ...future.value <- base::withVisible(base::local({
[11:01:26.543]                 42L
[11:01:26.543]                 stop("woops")
[11:01:26.543]             }))
[11:01:26.543]             future::FutureResult(value = ...future.value$value, 
[11:01:26.543]                 visible = ...future.value$visible, rng = !identical(base::globalenv()$.Random.seed, 
[11:01:26.543]                   ...future.rng), globalenv = if (FALSE) 
[11:01:26.543]                   list(added = base::setdiff(base::names(base::.GlobalEnv), 
[11:01:26.543]                     ...future.globalenv.names))
[11:01:26.543]                 else NULL, started = ...future.startTime, version = "1.8")
[11:01:26.543]         }, condition = base::local({
[11:01:26.543]             c <- base::c
[11:01:26.543]             inherits <- base::inherits
[11:01:26.543]             invokeRestart <- base::invokeRestart
[11:01:26.543]             length <- base::length
[11:01:26.543]             list <- base::list
[11:01:26.543]             seq.int <- base::seq.int
[11:01:26.543]             signalCondition <- base::signalCondition
[11:01:26.543]             sys.calls <- base::sys.calls
[11:01:26.543]             `[[` <- base::`[[`
[11:01:26.543]             `+` <- base::`+`
[11:01:26.543]             `<<-` <- base::`<<-`
[11:01:26.543]             sysCalls <- function(calls = sys.calls(), from = 1L) {
[11:01:26.543]                 calls[seq.int(from = from + 12L, to = length(calls) - 
[11:01:26.543]                   3L)]
[11:01:26.543]             }
[11:01:26.543]             function(cond) {
[11:01:26.543]                 is_error <- inherits(cond, "error")
[11:01:26.543]                 ignore <- !is_error && !is.null(NULL) && inherits(cond, 
[11:01:26.543]                   NULL)
[11:01:26.543]                 if (is_error) {
[11:01:26.543]                   sessionInformation <- function() {
[11:01:26.543]                     list(r = base::R.Version(), locale = base::Sys.getlocale(), 
[11:01:26.543]                       rngkind = base::RNGkind(), namespaces = base::loadedNamespaces(), 
[11:01:26.543]                       search = base::search(), system = base::Sys.info())
[11:01:26.543]                   }
[11:01:26.543]                   ...future.conditions[[length(...future.conditions) + 
[11:01:26.543]                     1L]] <<- list(condition = cond, calls = c(sysCalls(from = ...future.frame), 
[11:01:26.543]                     cond$call), session = sessionInformation(), 
[11:01:26.543]                     timestamp = base::Sys.time(), signaled = 0L)
[11:01:26.543]                   signalCondition(cond)
[11:01:26.543]                 }
[11:01:26.543]                 else if (!ignore && TRUE && inherits(cond, c("condition", 
[11:01:26.543]                 "immediateCondition"))) {
[11:01:26.543]                   signal <- TRUE && inherits(cond, "immediateCondition")
[11:01:26.543]                   ...future.conditions[[length(...future.conditions) + 
[11:01:26.543]                     1L]] <<- list(condition = cond, signaled = base::as.integer(signal))
[11:01:26.543]                   if (TRUE && !signal) {
[11:01:26.543]                     muffleCondition <- function (cond, pattern = "^muffle") 
[11:01:26.543]                     {
[11:01:26.543]                       inherits <- base::inherits
[11:01:26.543]                       invokeRestart <- base::invokeRestart
[11:01:26.543]                       is.null <- base::is.null
[11:01:26.543]                       muffled <- FALSE
[11:01:26.543]                       if (inherits(cond, "message")) {
[11:01:26.543]                         muffled <- grepl(pattern, "muffleMessage")
[11:01:26.543]                         if (muffled) 
[11:01:26.543]                           invokeRestart("muffleMessage")
[11:01:26.543]                       }
[11:01:26.543]                       else if (inherits(cond, "warning")) {
[11:01:26.543]                         muffled <- grepl(pattern, "muffleWarning")
[11:01:26.543]                         if (muffled) 
[11:01:26.543]                           invokeRestart("muffleWarning")
[11:01:26.543]                       }
[11:01:26.543]                       else if (inherits(cond, "condition")) {
[11:01:26.543]                         if (!is.null(pattern)) {
[11:01:26.543]                           computeRestarts <- base::computeRestarts
[11:01:26.543]                           grepl <- base::grepl
[11:01:26.543]                           restarts <- computeRestarts(cond)
[11:01:26.543]                           for (restart in restarts) {
[11:01:26.543]                             name <- restart$name
[11:01:26.543]                             if (is.null(name)) 
[11:01:26.543]                               next
[11:01:26.543]                             if (!grepl(pattern, name)) 
[11:01:26.543]                               next
[11:01:26.543]                             invokeRestart(restart)
[11:01:26.543]                             muffled <- TRUE
[11:01:26.543]                             break
[11:01:26.543]                           }
[11:01:26.543]                         }
[11:01:26.543]                       }
[11:01:26.543]                       invisible(muffled)
[11:01:26.543]                     }
[11:01:26.543]                     muffleCondition(cond, pattern = "^muffle")
[11:01:26.543]                   }
[11:01:26.543]                 }
[11:01:26.543]                 else {
[11:01:26.543]                   if (TRUE) {
[11:01:26.543]                     muffleCondition <- function (cond, pattern = "^muffle") 
[11:01:26.543]                     {
[11:01:26.543]                       inherits <- base::inherits
[11:01:26.543]                       invokeRestart <- base::invokeRestart
[11:01:26.543]                       is.null <- base::is.null
[11:01:26.543]                       muffled <- FALSE
[11:01:26.543]                       if (inherits(cond, "message")) {
[11:01:26.543]                         muffled <- grepl(pattern, "muffleMessage")
[11:01:26.543]                         if (muffled) 
[11:01:26.543]                           invokeRestart("muffleMessage")
[11:01:26.543]                       }
[11:01:26.543]                       else if (inherits(cond, "warning")) {
[11:01:26.543]                         muffled <- grepl(pattern, "muffleWarning")
[11:01:26.543]                         if (muffled) 
[11:01:26.543]                           invokeRestart("muffleWarning")
[11:01:26.543]                       }
[11:01:26.543]                       else if (inherits(cond, "condition")) {
[11:01:26.543]                         if (!is.null(pattern)) {
[11:01:26.543]                           computeRestarts <- base::computeRestarts
[11:01:26.543]                           grepl <- base::grepl
[11:01:26.543]                           restarts <- computeRestarts(cond)
[11:01:26.543]                           for (restart in restarts) {
[11:01:26.543]                             name <- restart$name
[11:01:26.543]                             if (is.null(name)) 
[11:01:26.543]                               next
[11:01:26.543]                             if (!grepl(pattern, name)) 
[11:01:26.543]                               next
[11:01:26.543]                             invokeRestart(restart)
[11:01:26.543]                             muffled <- TRUE
[11:01:26.543]                             break
[11:01:26.543]                           }
[11:01:26.543]                         }
[11:01:26.543]                       }
[11:01:26.543]                       invisible(muffled)
[11:01:26.543]                     }
[11:01:26.543]                     muffleCondition(cond, pattern = "^muffle")
[11:01:26.543]                   }
[11:01:26.543]                 }
[11:01:26.543]             }
[11:01:26.543]         }))
[11:01:26.543]     }, error = function(ex) {
[11:01:26.543]         base::structure(base::list(value = NULL, visible = NULL, 
[11:01:26.543]             conditions = ...future.conditions, rng = !identical(base::globalenv()$.Random.seed, 
[11:01:26.543]                 ...future.rng), started = ...future.startTime, 
[11:01:26.543]             finished = Sys.time(), session_uuid = NA_character_, 
[11:01:26.543]             version = "1.8"), class = "FutureResult")
[11:01:26.543]     }, finally = {
[11:01:26.543]         if (!identical(...future.workdir, getwd())) 
[11:01:26.543]             setwd(...future.workdir)
[11:01:26.543]         {
[11:01:26.543]             if (identical(getOption("nwarnings"), ...future.oldOptions$nwarnings)) {
[11:01:26.543]                 ...future.oldOptions$nwarnings <- NULL
[11:01:26.543]             }
[11:01:26.543]             base::options(...future.oldOptions)
[11:01:26.543]             if (.Platform$OS.type == "windows") {
[11:01:26.543]                 old_names <- names(...future.oldEnvVars)
[11:01:26.543]                 envs <- base::Sys.getenv()
[11:01:26.543]                 names <- names(envs)
[11:01:26.543]                 common <- intersect(names, old_names)
[11:01:26.543]                 added <- setdiff(names, old_names)
[11:01:26.543]                 removed <- setdiff(old_names, names)
[11:01:26.543]                 changed <- common[...future.oldEnvVars[common] != 
[11:01:26.543]                   envs[common]]
[11:01:26.543]                 NAMES <- toupper(changed)
[11:01:26.543]                 args <- list()
[11:01:26.543]                 for (kk in seq_along(NAMES)) {
[11:01:26.543]                   name <- changed[[kk]]
[11:01:26.543]                   NAME <- NAMES[[kk]]
[11:01:26.543]                   if (name != NAME && is.element(NAME, old_names)) 
[11:01:26.543]                     next
[11:01:26.543]                   args[[name]] <- ...future.oldEnvVars[[name]]
[11:01:26.543]                 }
[11:01:26.543]                 NAMES <- toupper(added)
[11:01:26.543]                 for (kk in seq_along(NAMES)) {
[11:01:26.543]                   name <- added[[kk]]
[11:01:26.543]                   NAME <- NAMES[[kk]]
[11:01:26.543]                   if (name != NAME && is.element(NAME, old_names)) 
[11:01:26.543]                     next
[11:01:26.543]                   args[[name]] <- ""
[11:01:26.543]                 }
[11:01:26.543]                 NAMES <- toupper(removed)
[11:01:26.543]                 for (kk in seq_along(NAMES)) {
[11:01:26.543]                   name <- removed[[kk]]
[11:01:26.543]                   NAME <- NAMES[[kk]]
[11:01:26.543]                   if (name != NAME && is.element(NAME, old_names)) 
[11:01:26.543]                     next
[11:01:26.543]                   args[[name]] <- ...future.oldEnvVars[[name]]
[11:01:26.543]                 }
[11:01:26.543]                 if (length(args) > 0) 
[11:01:26.543]                   base::do.call(base::Sys.setenv, args = args)
[11:01:26.543]                 args <- names <- old_names <- NAMES <- envs <- common <- added <- removed <- NULL
[11:01:26.543]             }
[11:01:26.543]             else {
[11:01:26.543]                 base::do.call(base::Sys.setenv, args = base::as.list(...future.oldEnvVars))
[11:01:26.543]             }
[11:01:26.543]             {
[11:01:26.543]                 if (base::length(...future.futureOptionsAdded) > 
[11:01:26.543]                   0L) {
[11:01:26.543]                   opts <- base::vector("list", length = base::length(...future.futureOptionsAdded))
[11:01:26.543]                   base::names(opts) <- ...future.futureOptionsAdded
[11:01:26.543]                   base::options(opts)
[11:01:26.543]                 }
[11:01:26.543]                 {
[11:01:26.543]                   {
[11:01:26.543]                     NULL
[11:01:26.543]                     RNGkind("Mersenne-Twister")
[11:01:26.543]                     base::rm(list = ".Random.seed", envir = base::globalenv(), 
[11:01:26.543]                       inherits = FALSE)
[11:01:26.543]                   }
[11:01:26.543]                   options(future.plan = NULL)
[11:01:26.543]                   if (is.na(NA_character_)) 
[11:01:26.543]                     Sys.unsetenv("R_FUTURE_PLAN")
[11:01:26.543]                   else Sys.setenv(R_FUTURE_PLAN = NA_character_)
[11:01:26.543]                   future::plan(...future.strategy.old, .cleanup = FALSE, 
[11:01:26.543]                     .init = FALSE)
[11:01:26.543]                 }
[11:01:26.543]             }
[11:01:26.543]         }
[11:01:26.543]     })
[11:01:26.543]     if (TRUE) {
[11:01:26.543]         base::sink(type = "output", split = FALSE)
[11:01:26.543]         if (TRUE) {
[11:01:26.543]             ...future.result$stdout <- base::rawToChar(base::rawConnectionValue(...future.stdout))
[11:01:26.543]         }
[11:01:26.543]         else {
[11:01:26.543]             ...future.result["stdout"] <- base::list(NULL)
[11:01:26.543]         }
[11:01:26.543]         base::close(...future.stdout)
[11:01:26.543]         ...future.stdout <- NULL
[11:01:26.543]     }
[11:01:26.543]     ...future.result$conditions <- ...future.conditions
[11:01:26.543]     ...future.result$finished <- base::Sys.time()
[11:01:26.543]     ...future.result
[11:01:26.543] }
[11:01:26.545] plan(): Setting new future strategy stack:
[11:01:26.545] List of future strategies:
[11:01:26.545] 1. sequential:
[11:01:26.545]    - args: function (..., envir = parent.frame(), workers = "<NULL>")
[11:01:26.545]    - tweaked: FALSE
[11:01:26.545]    - call: NULL
[11:01:26.545] plan(): nbrOfWorkers() = 1
[11:01:26.546] plan(): Setting new future strategy stack:
[11:01:26.546] List of future strategies:
[11:01:26.546] 1. sequential:
[11:01:26.546]    - args: function (..., envir = parent.frame(), workers = "<NULL>")
[11:01:26.546]    - tweaked: FALSE
[11:01:26.546]    - call: future::plan("sequential")
[11:01:26.547] plan(): nbrOfWorkers() = 1
[11:01:26.547] SequentialFuture started (and completed)
[11:01:26.547] signalConditions() ...
[11:01:26.547]  - include = ‘immediateCondition’
[11:01:26.547]  - exclude = 
[11:01:26.547]  - resignal = FALSE
[11:01:26.547]  - Number of conditions: 1
[11:01:26.548] signalConditions() ... done
[11:01:26.548] - Launch lazy future ... done
[11:01:26.548] run() for ‘SequentialFuture’ ... done
> v <- value(f, signal = FALSE)
[11:01:26.548] signalConditions() ...
[11:01:26.548]  - include = ‘immediateCondition’
[11:01:26.548]  - exclude = 
[11:01:26.548]  - resignal = FALSE
[11:01:26.548]  - Number of conditions: 1
[11:01:26.549] signalConditions() ... done
> print(v)
<simpleError in eval(quote({    42L    stop("woops")}), new.env()): woops>
> ex <- FutureError(message = "Woops", future = f)
> print(ex)
<FutureError: Woops>


Future UUID: 0e9c5ae6-6db3-e2e0-4d93-b93d410df389


DEBUG: BEGIN TROUBLESHOOTING HELP
Future involved:
SequentialFuture:
Label: ‘<none>’
Expression:
{
    42L
    stop("woops")
}
Lazy evaluation: FALSE
Asynchronous evaluation: FALSE
Local evaluation: TRUE
Environment: R_GlobalEnv
Capture standard output: TRUE
Capture condition classes: ‘condition’ (excluding ‘nothing’)
Globals: <none>
Packages: <none>
L'Ecuyer-CMRG RNG seed: <none> (seed = FALSE)
Resolved: TRUE
Value: 27 bytes of class ‘NULL’
Conditions captured: [n=1] ‘simpleError’
Early signaling: FALSE
Owner process: da8d278f-5eab-d9f5-bfc8-5462ff22cb56
Class: ‘SequentialFuture’, ‘UniprocessFuture’, ‘Future’, ‘environment’

DEBUG: END TROUBLESHOOTING HELP
> 
> message("*** FutureError class ... DONE")
*** FutureError class ... DONE
> 
> source("incl/end.R")
[11:01:26.550] plan(): Setting new future strategy stack:
[11:01:26.550] List of future strategies:
[11:01:26.550] 1. FutureStrategy:
[11:01:26.550]    - args: function (..., envir = parent.frame(), workers = "<NULL>")
[11:01:26.550]    - tweaked: FALSE
[11:01:26.550]    - call: future::plan(oplan)
[11:01:26.563] plan(): nbrOfWorkers() = 1
> 
