
R version 4.4.3 (2025-02-28) -- "Trophy Case"
Copyright (C) 2025 The R Foundation for Statistical Computing
Platform: x86_64-pc-linux-gnu

R is free software and comes with ABSOLUTELY NO WARRANTY.
You are welcome to redistribute it under certain conditions.
Type 'license()' or 'licence()' for distribution details.

R is a collaborative project with many contributors.
Type 'contributors()' for more information and
'citation()' on how to cite R or R packages in publications.

Type 'demo()' for some demos, 'help()' for on-line help, or
'help.start()' for an HTML browser interface to help.
Type 'q()' to quit R.

> source("incl/start.R")
[11:01:27.741] plan(): Setting new future strategy stack:
[11:01:27.741] List of future strategies:
[11:01:27.741] 1. sequential:
[11:01:27.741]    - args: function (..., envir = parent.frame(), workers = "<NULL>")
[11:01:27.741]    - tweaked: FALSE
[11:01:27.741]    - call: future::plan("sequential")
[11:01:27.754] plan(): nbrOfWorkers() = 1
> library("listenv")
> 
> message("*** futureOf() ...")
*** futureOf() ...
> 
> a %<-% { 1 } %lazy% TRUE
[11:01:27.773] getGlobalsAndPackages() ...
[11:01:27.773] Searching for globals...
[11:01:27.776] - globals found: [1] ‘{’
[11:01:27.776] Searching for globals ... DONE
[11:01:27.776] Resolving globals: FALSE
[11:01:27.776] 
[11:01:27.776] 
[11:01:27.776] getGlobalsAndPackages() ... DONE
> 
> f1 <- futureOf("a")
> print(f1)
Future:
Label: ‘<none>’
Expression:
{
    1
}
Lazy evaluation: TRUE
Asynchronous evaluation: TRUE
Local evaluation: TRUE
Environment: R_GlobalEnv
Capture standard output: TRUE
Capture condition classes: ‘condition’ (excluding ‘nothing’)
Globals: <none>
Packages: <none>
L'Ecuyer-CMRG RNG seed: <none> (seed = FALSE)
Resolved: FALSE
Value: <not collected>
Conditions captured: <none>
Early signaling: FALSE
Owner process: b56826f8-babf-4b47-e303-9e7f0e62d16e
Class: ‘Future’, ‘environment’
> f2 <- futureOf(a)
> print(f2)
Future:
Label: ‘<none>’
Expression:
{
    1
}
Lazy evaluation: TRUE
Asynchronous evaluation: TRUE
Local evaluation: TRUE
Environment: R_GlobalEnv
Capture standard output: TRUE
Capture condition classes: ‘condition’ (excluding ‘nothing’)
Globals: <none>
Packages: <none>
L'Ecuyer-CMRG RNG seed: <none> (seed = FALSE)
Resolved: FALSE
Value: <not collected>
Conditions captured: <none>
Early signaling: FALSE
Owner process: b56826f8-babf-4b47-e303-9e7f0e62d16e
Class: ‘Future’, ‘environment’
> stopifnot(identical(f2, f1))
> 
> ## Get all futures in the current environment
> fs <- futureOf(drop = TRUE)
> print(fs)
$a
Future:
Label: ‘<none>’
Expression:
{
    1
}
Lazy evaluation: TRUE
Asynchronous evaluation: TRUE
Local evaluation: TRUE
Environment: R_GlobalEnv
Capture standard output: TRUE
Capture condition classes: ‘condition’ (excluding ‘nothing’)
Globals: <none>
Packages: <none>
L'Ecuyer-CMRG RNG seed: <none> (seed = FALSE)
Resolved: FALSE
Value: <not collected>
Conditions captured: <none>
Early signaling: FALSE
Owner process: b56826f8-babf-4b47-e303-9e7f0e62d16e
Class: ‘Future’, ‘environment’

$f1
Future:
Label: ‘<none>’
Expression:
{
    1
}
Lazy evaluation: TRUE
Asynchronous evaluation: TRUE
Local evaluation: TRUE
Environment: R_GlobalEnv
Capture standard output: TRUE
Capture condition classes: ‘condition’ (excluding ‘nothing’)
Globals: <none>
Packages: <none>
L'Ecuyer-CMRG RNG seed: <none> (seed = FALSE)
Resolved: FALSE
Value: <not collected>
Conditions captured: <none>
Early signaling: FALSE
Owner process: b56826f8-babf-4b47-e303-9e7f0e62d16e
Class: ‘Future’, ‘environment’

$f2
Future:
Label: ‘<none>’
Expression:
{
    1
}
Lazy evaluation: TRUE
Asynchronous evaluation: TRUE
Local evaluation: TRUE
Environment: R_GlobalEnv
Capture standard output: TRUE
Capture condition classes: ‘condition’ (excluding ‘nothing’)
Globals: <none>
Packages: <none>
L'Ecuyer-CMRG RNG seed: <none> (seed = FALSE)
Resolved: FALSE
Value: <not collected>
Conditions captured: <none>
Early signaling: FALSE
Owner process: b56826f8-babf-4b47-e303-9e7f0e62d16e
Class: ‘Future’, ‘environment’

> stopifnot(
+   is.list(fs),
+   length(fs) == 3L,
+   all(names(fs) %in% c("a", "f1", "f2"))
+ )
> 
> ## Non-existing object
> res <- tryCatch(futureOf("non-exiting-object", mustExist = TRUE), error = identity)
[11:01:27.784] ERROR: No such future variable: "non-exiting-object"
> stopifnot(inherits(res, "error"))
> 
> message("*** futureOf() ... DONE")
*** futureOf() ... DONE
> 
> source("incl/end.R")
[11:01:27.784] plan(): Setting new future strategy stack:
[11:01:27.784] List of future strategies:
[11:01:27.784] 1. FutureStrategy:
[11:01:27.784]    - args: function (..., envir = parent.frame(), workers = "<NULL>")
[11:01:27.784]    - tweaked: FALSE
[11:01:27.784]    - call: future::plan(oplan)
[11:01:27.797] plan(): nbrOfWorkers() = 1
> 
