
R version 4.4.3 (2025-02-28) -- "Trophy Case"
Copyright (C) 2025 The R Foundation for Statistical Computing
Platform: x86_64-pc-linux-gnu

R is free software and comes with ABSOLUTELY NO WARRANTY.
You are welcome to redistribute it under certain conditions.
Type 'license()' or 'licence()' for distribution details.

R is a collaborative project with many contributors.
Type 'contributors()' for more information and
'citation()' on how to cite R or R packages in publications.

Type 'demo()' for some demos, 'help()' for on-line help, or
'help.start()' for an HTML browser interface to help.
Type 'q()' to quit R.

> source("incl/start.R")
[08:27:48.983] plan(): Setting new future strategy stack:
[08:27:48.983] List of future strategies:
[08:27:48.983] 1. sequential:
[08:27:48.983]    - args: function (..., envir = parent.frame(), workers = "<NULL>")
[08:27:48.983]    - tweaked: FALSE
[08:27:48.983]    - call: future::plan("sequential")
[08:27:48.998] plan(): nbrOfWorkers() = 1
> library("listenv")
> 
> message("*** futureOf() with listenv ...")
*** futureOf() with listenv ...
> 
> message("*** futureOf() with listenv - future assignments ...")
*** futureOf() with listenv - future assignments ...
> 
> x <- listenv()
> x$a %<-% { 1 } %lazy% TRUE
[08:27:49.018] getGlobalsAndPackages() ...
[08:27:49.018] Searching for globals...
[08:27:49.021] - globals found: [1] ‘{’
[08:27:49.021] Searching for globals ... DONE
[08:27:49.021] Resolving globals: FALSE
[08:27:49.022] 
[08:27:49.022] 
[08:27:49.022] getGlobalsAndPackages() ... DONE
> 
> f1 <- futureOf("a", envir = x)
> print(f1)
Future:
Label: ‘<none>’
Expression:
{
    1
}
Lazy evaluation: TRUE
Asynchronous evaluation: TRUE
Local evaluation: TRUE
Environment: R_GlobalEnv
Capture standard output: TRUE
Capture condition classes: ‘condition’ (excluding ‘nothing’)
Globals: <none>
Packages: <none>
L'Ecuyer-CMRG RNG seed: <none> (seed = FALSE)
Resolved: FALSE
Value: <not collected>
Conditions captured: <none>
Early signaling: FALSE
Owner process: 28414454-5e78-925d-86d5-e7900acc0cc7
Class: ‘Future’, ‘environment’
> f2 <- futureOf(a, envir = x)
> f3 <- futureOf(1, envir = x)
> f4 <- futureOf(x[["a"]])
> f5 <- futureOf(x$a)
> f6 <- futureOf(x[[1]])
> stopifnot(identical(f2, f1), identical(f3, f2), identical(f4, f3),
+           identical(f5, f4), identical(f6, f5))
> 
> x[[3]] %<-% { 3 } %lazy% TRUE
[08:27:49.024] getGlobalsAndPackages() ...
[08:27:49.024] Searching for globals...
[08:27:49.025] - globals found: [1] ‘{’
[08:27:49.025] Searching for globals ... DONE
[08:27:49.025] Resolving globals: FALSE
[08:27:49.025] 
[08:27:49.025] 
[08:27:49.025] getGlobalsAndPackages() ... DONE
> x$d %<-% { 4 } %lazy% TRUE
[08:27:49.026] getGlobalsAndPackages() ...
[08:27:49.026] Searching for globals...
[08:27:49.026] - globals found: [1] ‘{’
[08:27:49.026] Searching for globals ... DONE
[08:27:49.027] Resolving globals: FALSE
[08:27:49.027] 
[08:27:49.027] 
[08:27:49.027] getGlobalsAndPackages() ... DONE
> x[[5]] <- 5
> 
> ## Identify all futures
> fs <- futureOf(envir = x)
> print(fs)
$a
Future:
Label: ‘<none>’
Expression:
{
    1
}
Lazy evaluation: TRUE
Asynchronous evaluation: TRUE
Local evaluation: TRUE
Environment: R_GlobalEnv
Capture standard output: TRUE
Capture condition classes: ‘condition’ (excluding ‘nothing’)
Globals: <none>
Packages: <none>
L'Ecuyer-CMRG RNG seed: <none> (seed = FALSE)
Resolved: FALSE
Value: <not collected>
Conditions captured: <none>
Early signaling: FALSE
Owner process: 28414454-5e78-925d-86d5-e7900acc0cc7
Class: ‘Future’, ‘environment’

[[2]]
[1] NA
attr(,"reason")
[1] "No such future variable: 2L"

[[3]]
Future:
Label: ‘<none>’
Expression:
{
    3
}
Lazy evaluation: TRUE
Asynchronous evaluation: TRUE
Local evaluation: TRUE
Environment: R_GlobalEnv
Capture standard output: TRUE
Capture condition classes: ‘condition’ (excluding ‘nothing’)
Globals: <none>
Packages: <none>
L'Ecuyer-CMRG RNG seed: <none> (seed = FALSE)
Resolved: FALSE
Value: <not collected>
Conditions captured: <none>
Early signaling: FALSE
Owner process: 28414454-5e78-925d-86d5-e7900acc0cc7
Class: ‘Future’, ‘environment’

$d
Future:
Label: ‘<none>’
Expression:
{
    4
}
Lazy evaluation: TRUE
Asynchronous evaluation: TRUE
Local evaluation: TRUE
Environment: R_GlobalEnv
Capture standard output: TRUE
Capture condition classes: ‘condition’ (excluding ‘nothing’)
Globals: <none>
Packages: <none>
L'Ecuyer-CMRG RNG seed: <none> (seed = FALSE)
Resolved: FALSE
Value: <not collected>
Conditions captured: <none>
Early signaling: FALSE
Owner process: 28414454-5e78-925d-86d5-e7900acc0cc7
Class: ‘Future’, ‘environment’

[[5]]
[1] NA
attr(,"reason")
[1] "Future (‘.listenv_var_2.000000’) not found in listenv ‘<noname>’: ‘5L’"

> stopifnot(identical(names(fs), names(x)))
> stopifnot(identical(fs$a, f1))
> stopifnot(identical(fs[[3]], futureOf(3L, envir = x)))
> stopifnot(identical(fs$d, futureOf("d", envir = x)))
> 
> fsD <- futureOf(envir = x, drop = TRUE)
> print(fsD)
$a
Future:
Label: ‘<none>’
Expression:
{
    1
}
Lazy evaluation: TRUE
Asynchronous evaluation: TRUE
Local evaluation: TRUE
Environment: R_GlobalEnv
Capture standard output: TRUE
Capture condition classes: ‘condition’ (excluding ‘nothing’)
Globals: <none>
Packages: <none>
L'Ecuyer-CMRG RNG seed: <none> (seed = FALSE)
Resolved: FALSE
Value: <not collected>
Conditions captured: <none>
Early signaling: FALSE
Owner process: 28414454-5e78-925d-86d5-e7900acc0cc7
Class: ‘Future’, ‘environment’

[[2]]
Future:
Label: ‘<none>’
Expression:
{
    3
}
Lazy evaluation: TRUE
Asynchronous evaluation: TRUE
Local evaluation: TRUE
Environment: R_GlobalEnv
Capture standard output: TRUE
Capture condition classes: ‘condition’ (excluding ‘nothing’)
Globals: <none>
Packages: <none>
L'Ecuyer-CMRG RNG seed: <none> (seed = FALSE)
Resolved: FALSE
Value: <not collected>
Conditions captured: <none>
Early signaling: FALSE
Owner process: 28414454-5e78-925d-86d5-e7900acc0cc7
Class: ‘Future’, ‘environment’

$d
Future:
Label: ‘<none>’
Expression:
{
    4
}
Lazy evaluation: TRUE
Asynchronous evaluation: TRUE
Local evaluation: TRUE
Environment: R_GlobalEnv
Capture standard output: TRUE
Capture condition classes: ‘condition’ (excluding ‘nothing’)
Globals: <none>
Packages: <none>
L'Ecuyer-CMRG RNG seed: <none> (seed = FALSE)
Resolved: FALSE
Value: <not collected>
Conditions captured: <none>
Early signaling: FALSE
Owner process: 28414454-5e78-925d-86d5-e7900acc0cc7
Class: ‘Future’, ‘environment’

> stopifnot(all(sapply(fsD, FUN = inherits, "Future")))
> stopifnot(!identical(fsD, fs))
> 
> message("*** futureOf() with listenv - future assignments ... DONE")
*** futureOf() with listenv - future assignments ... DONE
> 
> 
> message("*** futureOf() with listenv - futures ...")
*** futureOf() with listenv - futures ...
> 
> x <- listenv()
> x$a <- future({ 1 }, lazy = TRUE)
[08:27:49.030] getGlobalsAndPackages() ...
[08:27:49.030] Searching for globals...
[08:27:49.031] - globals found: [1] ‘{’
[08:27:49.031] Searching for globals ... DONE
[08:27:49.031] Resolving globals: FALSE
[08:27:49.031] 
[08:27:49.031] 
[08:27:49.031] getGlobalsAndPackages() ... DONE
> 
> f1 <- futureOf("a", envir = x)
> print(f1)
Future:
Label: ‘<none>’
Expression:
{
    1
}
Lazy evaluation: TRUE
Asynchronous evaluation: TRUE
Local evaluation: TRUE
Environment: R_GlobalEnv
Capture standard output: TRUE
Capture condition classes: ‘condition’ (excluding ‘nothing’)
Globals: <none>
Packages: <none>
L'Ecuyer-CMRG RNG seed: <none> (seed = FALSE)
Resolved: FALSE
Value: <not collected>
Conditions captured: <none>
Early signaling: FALSE
Owner process: 28414454-5e78-925d-86d5-e7900acc0cc7
Class: ‘Future’, ‘environment’
> stopifnot(identical(f1, x$a))
> f2 <- futureOf(a, envir = x)
> stopifnot(identical(f2, x$a))
> f3 <- futureOf(1, envir = x)
> stopifnot(identical(f3, x$a))
> f4 <- futureOf(x[["a"]])
> stopifnot(identical(f4, x$a))
> f5 <- futureOf(x$a)
> stopifnot(identical(f5, x$a))
> f6 <- futureOf(x[[1]])
> stopifnot(identical(f6, x$a))
> 
> x[[3]] <- future({ 3 }, lazy = TRUE)
[08:27:49.033] getGlobalsAndPackages() ...
[08:27:49.033] Searching for globals...
[08:27:49.033] - globals found: [1] ‘{’
[08:27:49.034] Searching for globals ... DONE
[08:27:49.034] Resolving globals: FALSE
[08:27:49.034] 
[08:27:49.034] 
[08:27:49.034] getGlobalsAndPackages() ... DONE
> x$d <- future({ 4 }, lazy = TRUE)
[08:27:49.034] getGlobalsAndPackages() ...
[08:27:49.034] Searching for globals...
[08:27:49.035] - globals found: [1] ‘{’
[08:27:49.035] Searching for globals ... DONE
[08:27:49.035] Resolving globals: FALSE
[08:27:49.035] 
[08:27:49.035] 
[08:27:49.036] getGlobalsAndPackages() ... DONE
> x[[5]] <- 5
> 
> ## Identify all futures
> fs <- futureOf(envir = x)
> print(fs)
$a
Future:
Label: ‘<none>’
Expression:
{
    1
}
Lazy evaluation: TRUE
Asynchronous evaluation: TRUE
Local evaluation: TRUE
Environment: R_GlobalEnv
Capture standard output: TRUE
Capture condition classes: ‘condition’ (excluding ‘nothing’)
Globals: <none>
Packages: <none>
L'Ecuyer-CMRG RNG seed: <none> (seed = FALSE)
Resolved: FALSE
Value: <not collected>
Conditions captured: <none>
Early signaling: FALSE
Owner process: 28414454-5e78-925d-86d5-e7900acc0cc7
Class: ‘Future’, ‘environment’

[[2]]
[1] NA
attr(,"reason")
[1] "No such future variable: 2L"

[[3]]
Future:
Label: ‘<none>’
Expression:
{
    3
}
Lazy evaluation: TRUE
Asynchronous evaluation: TRUE
Local evaluation: TRUE
Environment: R_GlobalEnv
Capture standard output: TRUE
Capture condition classes: ‘condition’ (excluding ‘nothing’)
Globals: <none>
Packages: <none>
L'Ecuyer-CMRG RNG seed: <none> (seed = FALSE)
Resolved: FALSE
Value: <not collected>
Conditions captured: <none>
Early signaling: FALSE
Owner process: 28414454-5e78-925d-86d5-e7900acc0cc7
Class: ‘Future’, ‘environment’

$d
Future:
Label: ‘<none>’
Expression:
{
    4
}
Lazy evaluation: TRUE
Asynchronous evaluation: TRUE
Local evaluation: TRUE
Environment: R_GlobalEnv
Capture standard output: TRUE
Capture condition classes: ‘condition’ (excluding ‘nothing’)
Globals: <none>
Packages: <none>
L'Ecuyer-CMRG RNG seed: <none> (seed = FALSE)
Resolved: FALSE
Value: <not collected>
Conditions captured: <none>
Early signaling: FALSE
Owner process: 28414454-5e78-925d-86d5-e7900acc0cc7
Class: ‘Future’, ‘environment’

[[5]]
[1] NA
attr(,"reason")
[1] "Future (‘.listenv_var_2.000000’) not found in listenv ‘<noname>’: ‘5L’"

> stopifnot(identical(names(fs), names(x)))
> stopifnot(identical(fs$a, f1))
> stopifnot(identical(fs[[3]], futureOf(3L, envir = x)))
> stopifnot(identical(fs$d, futureOf("d", envir = x)))
> 
> fsD <- futureOf(envir = x, drop = TRUE)
> print(fsD)
$a
Future:
Label: ‘<none>’
Expression:
{
    1
}
Lazy evaluation: TRUE
Asynchronous evaluation: TRUE
Local evaluation: TRUE
Environment: R_GlobalEnv
Capture standard output: TRUE
Capture condition classes: ‘condition’ (excluding ‘nothing’)
Globals: <none>
Packages: <none>
L'Ecuyer-CMRG RNG seed: <none> (seed = FALSE)
Resolved: FALSE
Value: <not collected>
Conditions captured: <none>
Early signaling: FALSE
Owner process: 28414454-5e78-925d-86d5-e7900acc0cc7
Class: ‘Future’, ‘environment’

[[2]]
Future:
Label: ‘<none>’
Expression:
{
    3
}
Lazy evaluation: TRUE
Asynchronous evaluation: TRUE
Local evaluation: TRUE
Environment: R_GlobalEnv
Capture standard output: TRUE
Capture condition classes: ‘condition’ (excluding ‘nothing’)
Globals: <none>
Packages: <none>
L'Ecuyer-CMRG RNG seed: <none> (seed = FALSE)
Resolved: FALSE
Value: <not collected>
Conditions captured: <none>
Early signaling: FALSE
Owner process: 28414454-5e78-925d-86d5-e7900acc0cc7
Class: ‘Future’, ‘environment’

$d
Future:
Label: ‘<none>’
Expression:
{
    4
}
Lazy evaluation: TRUE
Asynchronous evaluation: TRUE
Local evaluation: TRUE
Environment: R_GlobalEnv
Capture standard output: TRUE
Capture condition classes: ‘condition’ (excluding ‘nothing’)
Globals: <none>
Packages: <none>
L'Ecuyer-CMRG RNG seed: <none> (seed = FALSE)
Resolved: FALSE
Value: <not collected>
Conditions captured: <none>
Early signaling: FALSE
Owner process: 28414454-5e78-925d-86d5-e7900acc0cc7
Class: ‘Future’, ‘environment’

> stopifnot(all(sapply(fsD, FUN = inherits, "Future")))
> stopifnot(!identical(fsD, fs))
> 
> message("*** futureOf() with listenv - futures ... DONE")
*** futureOf() with listenv - futures ... DONE
> 
> 
> message("*** futureOf() with listenv - exceptions ...")
*** futureOf() with listenv - exceptions ...
> 
> ## Invalid subset
> res <- tryCatch(futureOf(x[[0]], mustExist = FALSE), error = identity)
> stopifnot(inherits(res, "error"))
> 
> res <- tryCatch(futureOf(x[[0]], mustExist = TRUE), error = identity)
> stopifnot(inherits(res, "error"))
> 
> ## Out-of-bound subscript, cf lists
> stopifnot(is.na(futureOf(x[[10]], mustExist = FALSE)))
> res <- tryCatch(futureOf(x[[10]], mustExist = TRUE), error = identity)
[08:27:49.039] ERROR: No such future variable: x[[10]]
> stopifnot(inherits(res, "error"))
> 
> ## Invalid subscript
> res <- tryCatch(futureOf(x[[1 + 2i]], mustExist = TRUE), error = identity)
> stopifnot(inherits(res, "error"))
> 
> ## Non-existing object
> res <- tryCatch(futureOf(z[[1]], mustExist = TRUE), error = identity)
> stopifnot(inherits(res, "error"))
> 
> message("*** futureOf() with listenv - exceptions ... DONE")
*** futureOf() with listenv - exceptions ... DONE
> 
> 
> message("*** futureOf() with listenv ... DONE")
*** futureOf() with listenv ... DONE
> 
> source("incl/end.R")
[08:27:49.040] plan(): Setting new future strategy stack:
[08:27:49.041] List of future strategies:
[08:27:49.041] 1. FutureStrategy:
[08:27:49.041]    - args: function (..., envir = parent.frame(), workers = "<NULL>")
[08:27:49.041]    - tweaked: FALSE
[08:27:49.041]    - call: future::plan(oplan)
[08:27:49.055] plan(): nbrOfWorkers() = 1
> 
