
R version 4.4.3 (2025-02-28) -- "Trophy Case"
Copyright (C) 2025 The R Foundation for Statistical Computing
Platform: x86_64-pc-linux-gnu

R is free software and comes with ABSOLUTELY NO WARRANTY.
You are welcome to redistribute it under certain conditions.
Type 'license()' or 'licence()' for distribution details.

R is a collaborative project with many contributors.
Type 'contributors()' for more information and
'citation()' on how to cite R or R packages in publications.

Type 'demo()' for some demos, 'help()' for on-line help, or
'help.start()' for an HTML browser interface to help.
Type 'q()' to quit R.

> source("incl/start.R")
[08:27:48.011] plan(): Setting new future strategy stack:
[08:27:48.012] List of future strategies:
[08:27:48.012] 1. sequential:
[08:27:48.012]    - args: function (..., envir = parent.frame(), workers = "<NULL>")
[08:27:48.012]    - tweaked: FALSE
[08:27:48.012]    - call: future::plan("sequential")
[08:27:48.026] plan(): nbrOfWorkers() = 1
> 
> message("*** FutureError class ...")
*** FutureError class ...
> 
> ## Minimal
> ex <- FutureError(message = "Woops")
> print(ex)
<FutureError: Woops>


Future UUID: <NA>
> 
> cond <- tryCatch(message("Woops", appendLF = FALSE), message = identity)
> ex2 <- FutureError(message = cond)
> print(ex2)
<FutureError: Woops>


Future UUID: <NA>
> stopifnot(conditionMessage(ex2) == conditionMessage(ex))
> 
> f <- future({ 42L; stop("woops") })
[08:27:48.043] getGlobalsAndPackages() ...
[08:27:48.043] Searching for globals...
[08:27:48.049] - globals found: [2] ‘{’, ‘stop’
[08:27:48.049] Searching for globals ... DONE
[08:27:48.049] Resolving globals: FALSE
[08:27:48.050] 
[08:27:48.050] 
[08:27:48.050] getGlobalsAndPackages() ... DONE
[08:27:48.051] run() for ‘Future’ ...
[08:27:48.051] - state: ‘created’
[08:27:48.051] - Future backend: ‘FutureStrategy’, ‘sequential’, ‘uniprocess’, ‘future’, ‘function’
[08:27:48.051] - Future class: ‘SequentialFuture’, ‘UniprocessFuture’, ‘Future’, ‘environment’
[08:27:48.051] - Copy elements of temporary ‘SequentialFuture’ to final ‘Future’ object ...
[08:27:48.051]   - Field: ‘label’
[08:27:48.051]   - Field: ‘local’
[08:27:48.052]   - Field: ‘owner’
[08:27:48.052]   - Field: ‘envir’
[08:27:48.052]   - Field: ‘packages’
[08:27:48.052]   - Field: ‘gc’
[08:27:48.052]   - Field: ‘conditions’
[08:27:48.052]   - Field: ‘expr’
[08:27:48.052]   - Field: ‘uuid’
[08:27:48.052]   - Field: ‘seed’
[08:27:48.052]   - Field: ‘version’
[08:27:48.052]   - Field: ‘result’
[08:27:48.052]   - Field: ‘asynchronous’
[08:27:48.052]   - Field: ‘calls’
[08:27:48.053]   - Field: ‘globals’
[08:27:48.053]   - Field: ‘stdout’
[08:27:48.053]   - Field: ‘earlySignal’
[08:27:48.053]   - Field: ‘lazy’
[08:27:48.053]   - Field: ‘state’
[08:27:48.053] - Copy elements of temporary ‘SequentialFuture’ to final ‘Future’ object ... done
[08:27:48.053] - Launch lazy future ...
[08:27:48.054] Packages needed by the future expression (n = 0): <none>
[08:27:48.054] Packages needed by future strategies (n = 0): <none>
[08:27:48.055] {
[08:27:48.055]     {
[08:27:48.055]         {
[08:27:48.055]             ...future.startTime <- base::Sys.time()
[08:27:48.055]             {
[08:27:48.055]                 {
[08:27:48.055]                   {
[08:27:48.055]                     base::local({
[08:27:48.055]                       has_future <- base::requireNamespace("future", 
[08:27:48.055]                         quietly = TRUE)
[08:27:48.055]                       if (has_future) {
[08:27:48.055]                         ns <- base::getNamespace("future")
[08:27:48.055]                         version <- ns[[".package"]][["version"]]
[08:27:48.055]                         if (is.null(version)) 
[08:27:48.055]                           version <- utils::packageVersion("future")
[08:27:48.055]                       }
[08:27:48.055]                       else {
[08:27:48.055]                         version <- NULL
[08:27:48.055]                       }
[08:27:48.055]                       if (!has_future || version < "1.8.0") {
[08:27:48.055]                         info <- base::c(r_version = base::gsub("R version ", 
[08:27:48.055]                           "", base::R.version$version.string), 
[08:27:48.055]                           platform = base::sprintf("%s (%s-bit)", 
[08:27:48.055]                             base::R.version$platform, 8 * base::.Machine$sizeof.pointer), 
[08:27:48.055]                           os = base::paste(base::Sys.info()[base::c("sysname", 
[08:27:48.055]                             "release", "version")], collapse = " "), 
[08:27:48.055]                           hostname = base::Sys.info()[["nodename"]])
[08:27:48.055]                         info <- base::sprintf("%s: %s", base::names(info), 
[08:27:48.055]                           info)
[08:27:48.055]                         info <- base::paste(info, collapse = "; ")
[08:27:48.055]                         if (!has_future) {
[08:27:48.055]                           msg <- base::sprintf("Package 'future' is not installed on worker (%s)", 
[08:27:48.055]                             info)
[08:27:48.055]                         }
[08:27:48.055]                         else {
[08:27:48.055]                           msg <- base::sprintf("Package 'future' on worker (%s) must be of version >= 1.8.0: %s", 
[08:27:48.055]                             info, version)
[08:27:48.055]                         }
[08:27:48.055]                         base::stop(msg)
[08:27:48.055]                       }
[08:27:48.055]                     })
[08:27:48.055]                   }
[08:27:48.055]                   ...future.strategy.old <- future::plan("list")
[08:27:48.055]                   options(future.plan = NULL)
[08:27:48.055]                   Sys.unsetenv("R_FUTURE_PLAN")
[08:27:48.055]                   future::plan("default", .cleanup = FALSE, .init = FALSE)
[08:27:48.055]                 }
[08:27:48.055]                 ...future.workdir <- getwd()
[08:27:48.055]             }
[08:27:48.055]             ...future.oldOptions <- base::as.list(base::.Options)
[08:27:48.055]             ...future.oldEnvVars <- base::Sys.getenv()
[08:27:48.055]         }
[08:27:48.055]         base::options(future.startup.script = FALSE, future.globals.onMissing = NULL, 
[08:27:48.055]             future.globals.maxSize = NULL, future.globals.method = NULL, 
[08:27:48.055]             future.globals.onMissing = NULL, future.globals.onReference = NULL, 
[08:27:48.055]             future.globals.resolve = NULL, future.resolve.recursive = NULL, 
[08:27:48.055]             future.rng.onMisuse = NULL, future.rng.onMisuse.keepFuture = NULL, 
[08:27:48.055]             future.stdout.windows.reencode = NULL, width = 80L)
[08:27:48.055]         ...future.futureOptionsAdded <- base::setdiff(base::names(base::.Options), 
[08:27:48.055]             base::names(...future.oldOptions))
[08:27:48.055]     }
[08:27:48.055]     if (FALSE) {
[08:27:48.055]     }
[08:27:48.055]     else {
[08:27:48.055]         if (TRUE) {
[08:27:48.055]             ...future.stdout <- base::rawConnection(base::raw(0L), 
[08:27:48.055]                 open = "w")
[08:27:48.055]         }
[08:27:48.055]         else {
[08:27:48.055]             ...future.stdout <- base::file(base::switch(.Platform$OS.type, 
[08:27:48.055]                 windows = "NUL", "/dev/null"), open = "w")
[08:27:48.055]         }
[08:27:48.055]         base::sink(...future.stdout, type = "output", split = FALSE)
[08:27:48.055]         base::on.exit(if (!base::is.null(...future.stdout)) {
[08:27:48.055]             base::sink(type = "output", split = FALSE)
[08:27:48.055]             base::close(...future.stdout)
[08:27:48.055]         }, add = TRUE)
[08:27:48.055]     }
[08:27:48.055]     ...future.frame <- base::sys.nframe()
[08:27:48.055]     ...future.conditions <- base::list()
[08:27:48.055]     ...future.rng <- base::globalenv()$.Random.seed
[08:27:48.055]     if (FALSE) {
[08:27:48.055]         ...future.globalenv.names <- c(base::names(base::.GlobalEnv), 
[08:27:48.055]             "...future.value", "...future.globalenv.names", ".Random.seed")
[08:27:48.055]     }
[08:27:48.055]     ...future.result <- base::tryCatch({
[08:27:48.055]         base::withCallingHandlers({
[08:27:48.055]             ...future.value <- base::withVisible(base::local({
[08:27:48.055]                 42L
[08:27:48.055]                 stop("woops")
[08:27:48.055]             }))
[08:27:48.055]             future::FutureResult(value = ...future.value$value, 
[08:27:48.055]                 visible = ...future.value$visible, rng = !identical(base::globalenv()$.Random.seed, 
[08:27:48.055]                   ...future.rng), globalenv = if (FALSE) 
[08:27:48.055]                   list(added = base::setdiff(base::names(base::.GlobalEnv), 
[08:27:48.055]                     ...future.globalenv.names))
[08:27:48.055]                 else NULL, started = ...future.startTime, version = "1.8")
[08:27:48.055]         }, condition = base::local({
[08:27:48.055]             c <- base::c
[08:27:48.055]             inherits <- base::inherits
[08:27:48.055]             invokeRestart <- base::invokeRestart
[08:27:48.055]             length <- base::length
[08:27:48.055]             list <- base::list
[08:27:48.055]             seq.int <- base::seq.int
[08:27:48.055]             signalCondition <- base::signalCondition
[08:27:48.055]             sys.calls <- base::sys.calls
[08:27:48.055]             `[[` <- base::`[[`
[08:27:48.055]             `+` <- base::`+`
[08:27:48.055]             `<<-` <- base::`<<-`
[08:27:48.055]             sysCalls <- function(calls = sys.calls(), from = 1L) {
[08:27:48.055]                 calls[seq.int(from = from + 12L, to = length(calls) - 
[08:27:48.055]                   3L)]
[08:27:48.055]             }
[08:27:48.055]             function(cond) {
[08:27:48.055]                 is_error <- inherits(cond, "error")
[08:27:48.055]                 ignore <- !is_error && !is.null(NULL) && inherits(cond, 
[08:27:48.055]                   NULL)
[08:27:48.055]                 if (is_error) {
[08:27:48.055]                   sessionInformation <- function() {
[08:27:48.055]                     list(r = base::R.Version(), locale = base::Sys.getlocale(), 
[08:27:48.055]                       rngkind = base::RNGkind(), namespaces = base::loadedNamespaces(), 
[08:27:48.055]                       search = base::search(), system = base::Sys.info())
[08:27:48.055]                   }
[08:27:48.055]                   ...future.conditions[[length(...future.conditions) + 
[08:27:48.055]                     1L]] <<- list(condition = cond, calls = c(sysCalls(from = ...future.frame), 
[08:27:48.055]                     cond$call), session = sessionInformation(), 
[08:27:48.055]                     timestamp = base::Sys.time(), signaled = 0L)
[08:27:48.055]                   signalCondition(cond)
[08:27:48.055]                 }
[08:27:48.055]                 else if (!ignore && TRUE && inherits(cond, c("condition", 
[08:27:48.055]                 "immediateCondition"))) {
[08:27:48.055]                   signal <- TRUE && inherits(cond, "immediateCondition")
[08:27:48.055]                   ...future.conditions[[length(...future.conditions) + 
[08:27:48.055]                     1L]] <<- list(condition = cond, signaled = base::as.integer(signal))
[08:27:48.055]                   if (TRUE && !signal) {
[08:27:48.055]                     muffleCondition <- function (cond, pattern = "^muffle") 
[08:27:48.055]                     {
[08:27:48.055]                       inherits <- base::inherits
[08:27:48.055]                       invokeRestart <- base::invokeRestart
[08:27:48.055]                       is.null <- base::is.null
[08:27:48.055]                       muffled <- FALSE
[08:27:48.055]                       if (inherits(cond, "message")) {
[08:27:48.055]                         muffled <- grepl(pattern, "muffleMessage")
[08:27:48.055]                         if (muffled) 
[08:27:48.055]                           invokeRestart("muffleMessage")
[08:27:48.055]                       }
[08:27:48.055]                       else if (inherits(cond, "warning")) {
[08:27:48.055]                         muffled <- grepl(pattern, "muffleWarning")
[08:27:48.055]                         if (muffled) 
[08:27:48.055]                           invokeRestart("muffleWarning")
[08:27:48.055]                       }
[08:27:48.055]                       else if (inherits(cond, "condition")) {
[08:27:48.055]                         if (!is.null(pattern)) {
[08:27:48.055]                           computeRestarts <- base::computeRestarts
[08:27:48.055]                           grepl <- base::grepl
[08:27:48.055]                           restarts <- computeRestarts(cond)
[08:27:48.055]                           for (restart in restarts) {
[08:27:48.055]                             name <- restart$name
[08:27:48.055]                             if (is.null(name)) 
[08:27:48.055]                               next
[08:27:48.055]                             if (!grepl(pattern, name)) 
[08:27:48.055]                               next
[08:27:48.055]                             invokeRestart(restart)
[08:27:48.055]                             muffled <- TRUE
[08:27:48.055]                             break
[08:27:48.055]                           }
[08:27:48.055]                         }
[08:27:48.055]                       }
[08:27:48.055]                       invisible(muffled)
[08:27:48.055]                     }
[08:27:48.055]                     muffleCondition(cond, pattern = "^muffle")
[08:27:48.055]                   }
[08:27:48.055]                 }
[08:27:48.055]                 else {
[08:27:48.055]                   if (TRUE) {
[08:27:48.055]                     muffleCondition <- function (cond, pattern = "^muffle") 
[08:27:48.055]                     {
[08:27:48.055]                       inherits <- base::inherits
[08:27:48.055]                       invokeRestart <- base::invokeRestart
[08:27:48.055]                       is.null <- base::is.null
[08:27:48.055]                       muffled <- FALSE
[08:27:48.055]                       if (inherits(cond, "message")) {
[08:27:48.055]                         muffled <- grepl(pattern, "muffleMessage")
[08:27:48.055]                         if (muffled) 
[08:27:48.055]                           invokeRestart("muffleMessage")
[08:27:48.055]                       }
[08:27:48.055]                       else if (inherits(cond, "warning")) {
[08:27:48.055]                         muffled <- grepl(pattern, "muffleWarning")
[08:27:48.055]                         if (muffled) 
[08:27:48.055]                           invokeRestart("muffleWarning")
[08:27:48.055]                       }
[08:27:48.055]                       else if (inherits(cond, "condition")) {
[08:27:48.055]                         if (!is.null(pattern)) {
[08:27:48.055]                           computeRestarts <- base::computeRestarts
[08:27:48.055]                           grepl <- base::grepl
[08:27:48.055]                           restarts <- computeRestarts(cond)
[08:27:48.055]                           for (restart in restarts) {
[08:27:48.055]                             name <- restart$name
[08:27:48.055]                             if (is.null(name)) 
[08:27:48.055]                               next
[08:27:48.055]                             if (!grepl(pattern, name)) 
[08:27:48.055]                               next
[08:27:48.055]                             invokeRestart(restart)
[08:27:48.055]                             muffled <- TRUE
[08:27:48.055]                             break
[08:27:48.055]                           }
[08:27:48.055]                         }
[08:27:48.055]                       }
[08:27:48.055]                       invisible(muffled)
[08:27:48.055]                     }
[08:27:48.055]                     muffleCondition(cond, pattern = "^muffle")
[08:27:48.055]                   }
[08:27:48.055]                 }
[08:27:48.055]             }
[08:27:48.055]         }))
[08:27:48.055]     }, error = function(ex) {
[08:27:48.055]         base::structure(base::list(value = NULL, visible = NULL, 
[08:27:48.055]             conditions = ...future.conditions, rng = !identical(base::globalenv()$.Random.seed, 
[08:27:48.055]                 ...future.rng), started = ...future.startTime, 
[08:27:48.055]             finished = Sys.time(), session_uuid = NA_character_, 
[08:27:48.055]             version = "1.8"), class = "FutureResult")
[08:27:48.055]     }, finally = {
[08:27:48.055]         if (!identical(...future.workdir, getwd())) 
[08:27:48.055]             setwd(...future.workdir)
[08:27:48.055]         {
[08:27:48.055]             if (identical(getOption("nwarnings"), ...future.oldOptions$nwarnings)) {
[08:27:48.055]                 ...future.oldOptions$nwarnings <- NULL
[08:27:48.055]             }
[08:27:48.055]             base::options(...future.oldOptions)
[08:27:48.055]             if (.Platform$OS.type == "windows") {
[08:27:48.055]                 old_names <- names(...future.oldEnvVars)
[08:27:48.055]                 envs <- base::Sys.getenv()
[08:27:48.055]                 names <- names(envs)
[08:27:48.055]                 common <- intersect(names, old_names)
[08:27:48.055]                 added <- setdiff(names, old_names)
[08:27:48.055]                 removed <- setdiff(old_names, names)
[08:27:48.055]                 changed <- common[...future.oldEnvVars[common] != 
[08:27:48.055]                   envs[common]]
[08:27:48.055]                 NAMES <- toupper(changed)
[08:27:48.055]                 args <- list()
[08:27:48.055]                 for (kk in seq_along(NAMES)) {
[08:27:48.055]                   name <- changed[[kk]]
[08:27:48.055]                   NAME <- NAMES[[kk]]
[08:27:48.055]                   if (name != NAME && is.element(NAME, old_names)) 
[08:27:48.055]                     next
[08:27:48.055]                   args[[name]] <- ...future.oldEnvVars[[name]]
[08:27:48.055]                 }
[08:27:48.055]                 NAMES <- toupper(added)
[08:27:48.055]                 for (kk in seq_along(NAMES)) {
[08:27:48.055]                   name <- added[[kk]]
[08:27:48.055]                   NAME <- NAMES[[kk]]
[08:27:48.055]                   if (name != NAME && is.element(NAME, old_names)) 
[08:27:48.055]                     next
[08:27:48.055]                   args[[name]] <- ""
[08:27:48.055]                 }
[08:27:48.055]                 NAMES <- toupper(removed)
[08:27:48.055]                 for (kk in seq_along(NAMES)) {
[08:27:48.055]                   name <- removed[[kk]]
[08:27:48.055]                   NAME <- NAMES[[kk]]
[08:27:48.055]                   if (name != NAME && is.element(NAME, old_names)) 
[08:27:48.055]                     next
[08:27:48.055]                   args[[name]] <- ...future.oldEnvVars[[name]]
[08:27:48.055]                 }
[08:27:48.055]                 if (length(args) > 0) 
[08:27:48.055]                   base::do.call(base::Sys.setenv, args = args)
[08:27:48.055]                 args <- names <- old_names <- NAMES <- envs <- common <- added <- removed <- NULL
[08:27:48.055]             }
[08:27:48.055]             else {
[08:27:48.055]                 base::do.call(base::Sys.setenv, args = base::as.list(...future.oldEnvVars))
[08:27:48.055]             }
[08:27:48.055]             {
[08:27:48.055]                 if (base::length(...future.futureOptionsAdded) > 
[08:27:48.055]                   0L) {
[08:27:48.055]                   opts <- base::vector("list", length = base::length(...future.futureOptionsAdded))
[08:27:48.055]                   base::names(opts) <- ...future.futureOptionsAdded
[08:27:48.055]                   base::options(opts)
[08:27:48.055]                 }
[08:27:48.055]                 {
[08:27:48.055]                   {
[08:27:48.055]                     NULL
[08:27:48.055]                     RNGkind("Mersenne-Twister")
[08:27:48.055]                     base::rm(list = ".Random.seed", envir = base::globalenv(), 
[08:27:48.055]                       inherits = FALSE)
[08:27:48.055]                   }
[08:27:48.055]                   options(future.plan = NULL)
[08:27:48.055]                   if (is.na(NA_character_)) 
[08:27:48.055]                     Sys.unsetenv("R_FUTURE_PLAN")
[08:27:48.055]                   else Sys.setenv(R_FUTURE_PLAN = NA_character_)
[08:27:48.055]                   future::plan(...future.strategy.old, .cleanup = FALSE, 
[08:27:48.055]                     .init = FALSE)
[08:27:48.055]                 }
[08:27:48.055]             }
[08:27:48.055]         }
[08:27:48.055]     })
[08:27:48.055]     if (TRUE) {
[08:27:48.055]         base::sink(type = "output", split = FALSE)
[08:27:48.055]         if (TRUE) {
[08:27:48.055]             ...future.result$stdout <- base::rawToChar(base::rawConnectionValue(...future.stdout))
[08:27:48.055]         }
[08:27:48.055]         else {
[08:27:48.055]             ...future.result["stdout"] <- base::list(NULL)
[08:27:48.055]         }
[08:27:48.055]         base::close(...future.stdout)
[08:27:48.055]         ...future.stdout <- NULL
[08:27:48.055]     }
[08:27:48.055]     ...future.result$conditions <- ...future.conditions
[08:27:48.055]     ...future.result$finished <- base::Sys.time()
[08:27:48.055]     ...future.result
[08:27:48.055] }
[08:27:48.057] plan(): Setting new future strategy stack:
[08:27:48.057] List of future strategies:
[08:27:48.057] 1. sequential:
[08:27:48.057]    - args: function (..., envir = parent.frame(), workers = "<NULL>")
[08:27:48.057]    - tweaked: FALSE
[08:27:48.057]    - call: NULL
[08:27:48.057] plan(): nbrOfWorkers() = 1
[08:27:48.058] plan(): Setting new future strategy stack:
[08:27:48.059] List of future strategies:
[08:27:48.059] 1. sequential:
[08:27:48.059]    - args: function (..., envir = parent.frame(), workers = "<NULL>")
[08:27:48.059]    - tweaked: FALSE
[08:27:48.059]    - call: future::plan("sequential")
[08:27:48.059] plan(): nbrOfWorkers() = 1
[08:27:48.059] SequentialFuture started (and completed)
[08:27:48.059] signalConditions() ...
[08:27:48.060]  - include = ‘immediateCondition’
[08:27:48.060]  - exclude = 
[08:27:48.060]  - resignal = FALSE
[08:27:48.060]  - Number of conditions: 1
[08:27:48.060] signalConditions() ... done
[08:27:48.060] - Launch lazy future ... done
[08:27:48.060] run() for ‘SequentialFuture’ ... done
> v <- value(f, signal = FALSE)
[08:27:48.061] signalConditions() ...
[08:27:48.061]  - include = ‘immediateCondition’
[08:27:48.061]  - exclude = 
[08:27:48.061]  - resignal = FALSE
[08:27:48.061]  - Number of conditions: 1
[08:27:48.061] signalConditions() ... done
> print(v)
<simpleError in eval(quote({    42L    stop("woops")}), new.env()): woops>
> ex <- FutureError(message = "Woops", future = f)
> print(ex)
<FutureError: Woops>


Future UUID: f9344202-783a-2396-0f24-62ad6d8e7a35


DEBUG: BEGIN TROUBLESHOOTING HELP
Future involved:
SequentialFuture:
Label: ‘<none>’
Expression:
{
    42L
    stop("woops")
}
Lazy evaluation: FALSE
Asynchronous evaluation: FALSE
Local evaluation: TRUE
Environment: R_GlobalEnv
Capture standard output: TRUE
Capture condition classes: ‘condition’ (excluding ‘nothing’)
Globals: <none>
Packages: <none>
L'Ecuyer-CMRG RNG seed: <none> (seed = FALSE)
Resolved: TRUE
Value: 27 bytes of class ‘NULL’
Conditions captured: [n=1] ‘simpleError’
Early signaling: FALSE
Owner process: cf3d0d2b-0869-62d8-0cdb-681365efb415
Class: ‘SequentialFuture’, ‘UniprocessFuture’, ‘Future’, ‘environment’

DEBUG: END TROUBLESHOOTING HELP
> 
> message("*** FutureError class ... DONE")
*** FutureError class ... DONE
> 
> source("incl/end.R")
[08:27:48.063] plan(): Setting new future strategy stack:
[08:27:48.063] List of future strategies:
[08:27:48.063] 1. FutureStrategy:
[08:27:48.063]    - args: function (..., envir = parent.frame(), workers = "<NULL>")
[08:27:48.063]    - tweaked: FALSE
[08:27:48.063]    - call: future::plan(oplan)
[08:27:48.078] plan(): nbrOfWorkers() = 1
> 
