
R version 4.4.3 (2025-02-28) -- "Trophy Case"
Copyright (C) 2025 The R Foundation for Statistical Computing
Platform: x86_64-pc-linux-gnu

R is free software and comes with ABSOLUTELY NO WARRANTY.
You are welcome to redistribute it under certain conditions.
Type 'license()' or 'licence()' for distribution details.

R is a collaborative project with many contributors.
Type 'contributors()' for more information and
'citation()' on how to cite R or R packages in publications.

Type 'demo()' for some demos, 'help()' for on-line help, or
'help.start()' for an HTML browser interface to help.
Type 'q()' to quit R.

> source("incl/start.R")
[08:28:11.902] plan(): Setting new future strategy stack:
[08:28:11.902] List of future strategies:
[08:28:11.902] 1. sequential:
[08:28:11.902]    - args: function (..., envir = parent.frame(), workers = "<NULL>")
[08:28:11.902]    - tweaked: FALSE
[08:28:11.902]    - call: future::plan("sequential")
[08:28:11.916] plan(): nbrOfWorkers() = 1
> library("listenv")
> 
> message("*** Globals - too large ...")
*** Globals - too large ...
> 
> a <- integer(length = 1000)
> ooptsT <- options(future.globals.maxSize = object.size(a) - 100L)
> limit <- getOption("future.globals.maxSize")
> cat(sprintf("Max total size of globals: %g bytes\n", limit))
Max total size of globals: 3948 bytes
> 
> plan(multisession)
[08:28:11.934] plan(): Setting new future strategy stack:
[08:28:11.935] List of future strategies:
[08:28:11.935] 1. multisession:
[08:28:11.935]    - args: function (..., workers = availableCores(), lazy = FALSE, rscript_libs = .libPaths(), envir = parent.frame())
[08:28:11.935]    - tweaked: FALSE
[08:28:11.935]    - call: plan(multisession)
[08:28:11.946] plan(): plan_init() of ‘multisession’, ‘cluster’, ‘multiprocess’, ‘future’, ‘function’ ...
[08:28:11.946] multisession:
[08:28:11.946] - args: function (..., workers = availableCores(), lazy = FALSE, rscript_libs = .libPaths(), envir = parent.frame())
[08:28:11.946] - tweaked: FALSE
[08:28:11.946] - call: plan(multisession)
[08:28:11.950] getGlobalsAndPackages() ...
[08:28:11.950] Not searching for globals
[08:28:11.950] - globals: [0] <none>
[08:28:11.950] getGlobalsAndPackages() ... DONE
[08:28:12.430] Packages needed by the future expression (n = 0): <none>
[08:28:12.430] Packages needed by future strategies (n = 0): <none>
[08:28:12.431] {
[08:28:12.431]     {
[08:28:12.431]         {
[08:28:12.431]             ...future.startTime <- base::Sys.time()
[08:28:12.431]             {
[08:28:12.431]                 {
[08:28:12.431]                   {
[08:28:12.431]                     {
[08:28:12.431]                       base::local({
[08:28:12.431]                         has_future <- base::requireNamespace("future", 
[08:28:12.431]                           quietly = TRUE)
[08:28:12.431]                         if (has_future) {
[08:28:12.431]                           ns <- base::getNamespace("future")
[08:28:12.431]                           version <- ns[[".package"]][["version"]]
[08:28:12.431]                           if (is.null(version)) 
[08:28:12.431]                             version <- utils::packageVersion("future")
[08:28:12.431]                         }
[08:28:12.431]                         else {
[08:28:12.431]                           version <- NULL
[08:28:12.431]                         }
[08:28:12.431]                         if (!has_future || version < "1.8.0") {
[08:28:12.431]                           info <- base::c(r_version = base::gsub("R version ", 
[08:28:12.431]                             "", base::R.version$version.string), 
[08:28:12.431]                             platform = base::sprintf("%s (%s-bit)", 
[08:28:12.431]                               base::R.version$platform, 8 * base::.Machine$sizeof.pointer), 
[08:28:12.431]                             os = base::paste(base::Sys.info()[base::c("sysname", 
[08:28:12.431]                               "release", "version")], collapse = " "), 
[08:28:12.431]                             hostname = base::Sys.info()[["nodename"]])
[08:28:12.431]                           info <- base::sprintf("%s: %s", base::names(info), 
[08:28:12.431]                             info)
[08:28:12.431]                           info <- base::paste(info, collapse = "; ")
[08:28:12.431]                           if (!has_future) {
[08:28:12.431]                             msg <- base::sprintf("Package 'future' is not installed on worker (%s)", 
[08:28:12.431]                               info)
[08:28:12.431]                           }
[08:28:12.431]                           else {
[08:28:12.431]                             msg <- base::sprintf("Package 'future' on worker (%s) must be of version >= 1.8.0: %s", 
[08:28:12.431]                               info, version)
[08:28:12.431]                           }
[08:28:12.431]                           base::stop(msg)
[08:28:12.431]                         }
[08:28:12.431]                       })
[08:28:12.431]                     }
[08:28:12.431]                     ...future.mc.cores.old <- base::getOption("mc.cores")
[08:28:12.431]                     base::options(mc.cores = 1L)
[08:28:12.431]                   }
[08:28:12.431]                   ...future.strategy.old <- future::plan("list")
[08:28:12.431]                   options(future.plan = NULL)
[08:28:12.431]                   Sys.unsetenv("R_FUTURE_PLAN")
[08:28:12.431]                   future::plan("default", .cleanup = FALSE, .init = FALSE)
[08:28:12.431]                 }
[08:28:12.431]                 ...future.workdir <- getwd()
[08:28:12.431]             }
[08:28:12.431]             ...future.oldOptions <- base::as.list(base::.Options)
[08:28:12.431]             ...future.oldEnvVars <- base::Sys.getenv()
[08:28:12.431]         }
[08:28:12.431]         base::options(future.startup.script = FALSE, future.globals.onMissing = NULL, 
[08:28:12.431]             future.globals.maxSize = 3948, future.globals.method = NULL, 
[08:28:12.431]             future.globals.onMissing = NULL, future.globals.onReference = NULL, 
[08:28:12.431]             future.globals.resolve = NULL, future.resolve.recursive = NULL, 
[08:28:12.431]             future.rng.onMisuse = NULL, future.rng.onMisuse.keepFuture = NULL, 
[08:28:12.431]             future.stdout.windows.reencode = NULL, width = 80L)
[08:28:12.431]         ...future.futureOptionsAdded <- base::setdiff(base::names(base::.Options), 
[08:28:12.431]             base::names(...future.oldOptions))
[08:28:12.431]     }
[08:28:12.431]     if (FALSE) {
[08:28:12.431]     }
[08:28:12.431]     else {
[08:28:12.431]         if (TRUE) {
[08:28:12.431]             ...future.stdout <- base::rawConnection(base::raw(0L), 
[08:28:12.431]                 open = "w")
[08:28:12.431]         }
[08:28:12.431]         else {
[08:28:12.431]             ...future.stdout <- base::file(base::switch(.Platform$OS.type, 
[08:28:12.431]                 windows = "NUL", "/dev/null"), open = "w")
[08:28:12.431]         }
[08:28:12.431]         base::sink(...future.stdout, type = "output", split = FALSE)
[08:28:12.431]         base::on.exit(if (!base::is.null(...future.stdout)) {
[08:28:12.431]             base::sink(type = "output", split = FALSE)
[08:28:12.431]             base::close(...future.stdout)
[08:28:12.431]         }, add = TRUE)
[08:28:12.431]     }
[08:28:12.431]     ...future.frame <- base::sys.nframe()
[08:28:12.431]     ...future.conditions <- base::list()
[08:28:12.431]     ...future.rng <- base::globalenv()$.Random.seed
[08:28:12.431]     if (FALSE) {
[08:28:12.431]         ...future.globalenv.names <- c(base::names(base::.GlobalEnv), 
[08:28:12.431]             "...future.value", "...future.globalenv.names", ".Random.seed")
[08:28:12.431]     }
[08:28:12.431]     ...future.result <- base::tryCatch({
[08:28:12.431]         base::withCallingHandlers({
[08:28:12.431]             ...future.value <- base::withVisible(base::local({
[08:28:12.431]                 ...future.makeSendCondition <- base::local({
[08:28:12.431]                   sendCondition <- NULL
[08:28:12.431]                   function(frame = 1L) {
[08:28:12.431]                     if (is.function(sendCondition)) 
[08:28:12.431]                       return(sendCondition)
[08:28:12.431]                     ns <- getNamespace("parallel")
[08:28:12.431]                     if (exists("sendData", mode = "function", 
[08:28:12.431]                       envir = ns)) {
[08:28:12.431]                       parallel_sendData <- get("sendData", mode = "function", 
[08:28:12.431]                         envir = ns)
[08:28:12.431]                       envir <- sys.frame(frame)
[08:28:12.431]                       master <- NULL
[08:28:12.431]                       while (!identical(envir, .GlobalEnv) && 
[08:28:12.431]                         !identical(envir, emptyenv())) {
[08:28:12.431]                         if (exists("master", mode = "list", envir = envir, 
[08:28:12.431]                           inherits = FALSE)) {
[08:28:12.431]                           master <- get("master", mode = "list", 
[08:28:12.431]                             envir = envir, inherits = FALSE)
[08:28:12.431]                           if (inherits(master, c("SOCKnode", 
[08:28:12.431]                             "SOCK0node"))) {
[08:28:12.431]                             sendCondition <<- function(cond) {
[08:28:12.431]                               data <- list(type = "VALUE", value = cond, 
[08:28:12.431]                                 success = TRUE)
[08:28:12.431]                               parallel_sendData(master, data)
[08:28:12.431]                             }
[08:28:12.431]                             return(sendCondition)
[08:28:12.431]                           }
[08:28:12.431]                         }
[08:28:12.431]                         frame <- frame + 1L
[08:28:12.431]                         envir <- sys.frame(frame)
[08:28:12.431]                       }
[08:28:12.431]                     }
[08:28:12.431]                     sendCondition <<- function(cond) NULL
[08:28:12.431]                   }
[08:28:12.431]                 })
[08:28:12.431]                 withCallingHandlers({
[08:28:12.431]                   NA
[08:28:12.431]                 }, immediateCondition = function(cond) {
[08:28:12.431]                   sendCondition <- ...future.makeSendCondition()
[08:28:12.431]                   sendCondition(cond)
[08:28:12.431]                   muffleCondition <- function (cond, pattern = "^muffle") 
[08:28:12.431]                   {
[08:28:12.431]                     inherits <- base::inherits
[08:28:12.431]                     invokeRestart <- base::invokeRestart
[08:28:12.431]                     is.null <- base::is.null
[08:28:12.431]                     muffled <- FALSE
[08:28:12.431]                     if (inherits(cond, "message")) {
[08:28:12.431]                       muffled <- grepl(pattern, "muffleMessage")
[08:28:12.431]                       if (muffled) 
[08:28:12.431]                         invokeRestart("muffleMessage")
[08:28:12.431]                     }
[08:28:12.431]                     else if (inherits(cond, "warning")) {
[08:28:12.431]                       muffled <- grepl(pattern, "muffleWarning")
[08:28:12.431]                       if (muffled) 
[08:28:12.431]                         invokeRestart("muffleWarning")
[08:28:12.431]                     }
[08:28:12.431]                     else if (inherits(cond, "condition")) {
[08:28:12.431]                       if (!is.null(pattern)) {
[08:28:12.431]                         computeRestarts <- base::computeRestarts
[08:28:12.431]                         grepl <- base::grepl
[08:28:12.431]                         restarts <- computeRestarts(cond)
[08:28:12.431]                         for (restart in restarts) {
[08:28:12.431]                           name <- restart$name
[08:28:12.431]                           if (is.null(name)) 
[08:28:12.431]                             next
[08:28:12.431]                           if (!grepl(pattern, name)) 
[08:28:12.431]                             next
[08:28:12.431]                           invokeRestart(restart)
[08:28:12.431]                           muffled <- TRUE
[08:28:12.431]                           break
[08:28:12.431]                         }
[08:28:12.431]                       }
[08:28:12.431]                     }
[08:28:12.431]                     invisible(muffled)
[08:28:12.431]                   }
[08:28:12.431]                   muffleCondition(cond)
[08:28:12.431]                 })
[08:28:12.431]             }))
[08:28:12.431]             future::FutureResult(value = ...future.value$value, 
[08:28:12.431]                 visible = ...future.value$visible, rng = !identical(base::globalenv()$.Random.seed, 
[08:28:12.431]                   ...future.rng), globalenv = if (FALSE) 
[08:28:12.431]                   list(added = base::setdiff(base::names(base::.GlobalEnv), 
[08:28:12.431]                     ...future.globalenv.names))
[08:28:12.431]                 else NULL, started = ...future.startTime, version = "1.8")
[08:28:12.431]         }, condition = base::local({
[08:28:12.431]             c <- base::c
[08:28:12.431]             inherits <- base::inherits
[08:28:12.431]             invokeRestart <- base::invokeRestart
[08:28:12.431]             length <- base::length
[08:28:12.431]             list <- base::list
[08:28:12.431]             seq.int <- base::seq.int
[08:28:12.431]             signalCondition <- base::signalCondition
[08:28:12.431]             sys.calls <- base::sys.calls
[08:28:12.431]             `[[` <- base::`[[`
[08:28:12.431]             `+` <- base::`+`
[08:28:12.431]             `<<-` <- base::`<<-`
[08:28:12.431]             sysCalls <- function(calls = sys.calls(), from = 1L) {
[08:28:12.431]                 calls[seq.int(from = from + 12L, to = length(calls) - 
[08:28:12.431]                   3L)]
[08:28:12.431]             }
[08:28:12.431]             function(cond) {
[08:28:12.431]                 is_error <- inherits(cond, "error")
[08:28:12.431]                 ignore <- !is_error && !is.null(NULL) && inherits(cond, 
[08:28:12.431]                   NULL)
[08:28:12.431]                 if (is_error) {
[08:28:12.431]                   sessionInformation <- function() {
[08:28:12.431]                     list(r = base::R.Version(), locale = base::Sys.getlocale(), 
[08:28:12.431]                       rngkind = base::RNGkind(), namespaces = base::loadedNamespaces(), 
[08:28:12.431]                       search = base::search(), system = base::Sys.info())
[08:28:12.431]                   }
[08:28:12.431]                   ...future.conditions[[length(...future.conditions) + 
[08:28:12.431]                     1L]] <<- list(condition = cond, calls = c(sysCalls(from = ...future.frame), 
[08:28:12.431]                     cond$call), session = sessionInformation(), 
[08:28:12.431]                     timestamp = base::Sys.time(), signaled = 0L)
[08:28:12.431]                   signalCondition(cond)
[08:28:12.431]                 }
[08:28:12.431]                 else if (!ignore && TRUE && inherits(cond, c("condition", 
[08:28:12.431]                 "immediateCondition"))) {
[08:28:12.431]                   signal <- TRUE && inherits(cond, "immediateCondition")
[08:28:12.431]                   ...future.conditions[[length(...future.conditions) + 
[08:28:12.431]                     1L]] <<- list(condition = cond, signaled = base::as.integer(signal))
[08:28:12.431]                   if (TRUE && !signal) {
[08:28:12.431]                     muffleCondition <- function (cond, pattern = "^muffle") 
[08:28:12.431]                     {
[08:28:12.431]                       inherits <- base::inherits
[08:28:12.431]                       invokeRestart <- base::invokeRestart
[08:28:12.431]                       is.null <- base::is.null
[08:28:12.431]                       muffled <- FALSE
[08:28:12.431]                       if (inherits(cond, "message")) {
[08:28:12.431]                         muffled <- grepl(pattern, "muffleMessage")
[08:28:12.431]                         if (muffled) 
[08:28:12.431]                           invokeRestart("muffleMessage")
[08:28:12.431]                       }
[08:28:12.431]                       else if (inherits(cond, "warning")) {
[08:28:12.431]                         muffled <- grepl(pattern, "muffleWarning")
[08:28:12.431]                         if (muffled) 
[08:28:12.431]                           invokeRestart("muffleWarning")
[08:28:12.431]                       }
[08:28:12.431]                       else if (inherits(cond, "condition")) {
[08:28:12.431]                         if (!is.null(pattern)) {
[08:28:12.431]                           computeRestarts <- base::computeRestarts
[08:28:12.431]                           grepl <- base::grepl
[08:28:12.431]                           restarts <- computeRestarts(cond)
[08:28:12.431]                           for (restart in restarts) {
[08:28:12.431]                             name <- restart$name
[08:28:12.431]                             if (is.null(name)) 
[08:28:12.431]                               next
[08:28:12.431]                             if (!grepl(pattern, name)) 
[08:28:12.431]                               next
[08:28:12.431]                             invokeRestart(restart)
[08:28:12.431]                             muffled <- TRUE
[08:28:12.431]                             break
[08:28:12.431]                           }
[08:28:12.431]                         }
[08:28:12.431]                       }
[08:28:12.431]                       invisible(muffled)
[08:28:12.431]                     }
[08:28:12.431]                     muffleCondition(cond, pattern = "^muffle")
[08:28:12.431]                   }
[08:28:12.431]                 }
[08:28:12.431]                 else {
[08:28:12.431]                   if (TRUE) {
[08:28:12.431]                     muffleCondition <- function (cond, pattern = "^muffle") 
[08:28:12.431]                     {
[08:28:12.431]                       inherits <- base::inherits
[08:28:12.431]                       invokeRestart <- base::invokeRestart
[08:28:12.431]                       is.null <- base::is.null
[08:28:12.431]                       muffled <- FALSE
[08:28:12.431]                       if (inherits(cond, "message")) {
[08:28:12.431]                         muffled <- grepl(pattern, "muffleMessage")
[08:28:12.431]                         if (muffled) 
[08:28:12.431]                           invokeRestart("muffleMessage")
[08:28:12.431]                       }
[08:28:12.431]                       else if (inherits(cond, "warning")) {
[08:28:12.431]                         muffled <- grepl(pattern, "muffleWarning")
[08:28:12.431]                         if (muffled) 
[08:28:12.431]                           invokeRestart("muffleWarning")
[08:28:12.431]                       }
[08:28:12.431]                       else if (inherits(cond, "condition")) {
[08:28:12.431]                         if (!is.null(pattern)) {
[08:28:12.431]                           computeRestarts <- base::computeRestarts
[08:28:12.431]                           grepl <- base::grepl
[08:28:12.431]                           restarts <- computeRestarts(cond)
[08:28:12.431]                           for (restart in restarts) {
[08:28:12.431]                             name <- restart$name
[08:28:12.431]                             if (is.null(name)) 
[08:28:12.431]                               next
[08:28:12.431]                             if (!grepl(pattern, name)) 
[08:28:12.431]                               next
[08:28:12.431]                             invokeRestart(restart)
[08:28:12.431]                             muffled <- TRUE
[08:28:12.431]                             break
[08:28:12.431]                           }
[08:28:12.431]                         }
[08:28:12.431]                       }
[08:28:12.431]                       invisible(muffled)
[08:28:12.431]                     }
[08:28:12.431]                     muffleCondition(cond, pattern = "^muffle")
[08:28:12.431]                   }
[08:28:12.431]                 }
[08:28:12.431]             }
[08:28:12.431]         }))
[08:28:12.431]     }, error = function(ex) {
[08:28:12.431]         base::structure(base::list(value = NULL, visible = NULL, 
[08:28:12.431]             conditions = ...future.conditions, rng = !identical(base::globalenv()$.Random.seed, 
[08:28:12.431]                 ...future.rng), started = ...future.startTime, 
[08:28:12.431]             finished = Sys.time(), session_uuid = NA_character_, 
[08:28:12.431]             version = "1.8"), class = "FutureResult")
[08:28:12.431]     }, finally = {
[08:28:12.431]         if (!identical(...future.workdir, getwd())) 
[08:28:12.431]             setwd(...future.workdir)
[08:28:12.431]         {
[08:28:12.431]             if (identical(getOption("nwarnings"), ...future.oldOptions$nwarnings)) {
[08:28:12.431]                 ...future.oldOptions$nwarnings <- NULL
[08:28:12.431]             }
[08:28:12.431]             base::options(...future.oldOptions)
[08:28:12.431]             if (.Platform$OS.type == "windows") {
[08:28:12.431]                 old_names <- names(...future.oldEnvVars)
[08:28:12.431]                 envs <- base::Sys.getenv()
[08:28:12.431]                 names <- names(envs)
[08:28:12.431]                 common <- intersect(names, old_names)
[08:28:12.431]                 added <- setdiff(names, old_names)
[08:28:12.431]                 removed <- setdiff(old_names, names)
[08:28:12.431]                 changed <- common[...future.oldEnvVars[common] != 
[08:28:12.431]                   envs[common]]
[08:28:12.431]                 NAMES <- toupper(changed)
[08:28:12.431]                 args <- list()
[08:28:12.431]                 for (kk in seq_along(NAMES)) {
[08:28:12.431]                   name <- changed[[kk]]
[08:28:12.431]                   NAME <- NAMES[[kk]]
[08:28:12.431]                   if (name != NAME && is.element(NAME, old_names)) 
[08:28:12.431]                     next
[08:28:12.431]                   args[[name]] <- ...future.oldEnvVars[[name]]
[08:28:12.431]                 }
[08:28:12.431]                 NAMES <- toupper(added)
[08:28:12.431]                 for (kk in seq_along(NAMES)) {
[08:28:12.431]                   name <- added[[kk]]
[08:28:12.431]                   NAME <- NAMES[[kk]]
[08:28:12.431]                   if (name != NAME && is.element(NAME, old_names)) 
[08:28:12.431]                     next
[08:28:12.431]                   args[[name]] <- ""
[08:28:12.431]                 }
[08:28:12.431]                 NAMES <- toupper(removed)
[08:28:12.431]                 for (kk in seq_along(NAMES)) {
[08:28:12.431]                   name <- removed[[kk]]
[08:28:12.431]                   NAME <- NAMES[[kk]]
[08:28:12.431]                   if (name != NAME && is.element(NAME, old_names)) 
[08:28:12.431]                     next
[08:28:12.431]                   args[[name]] <- ...future.oldEnvVars[[name]]
[08:28:12.431]                 }
[08:28:12.431]                 if (length(args) > 0) 
[08:28:12.431]                   base::do.call(base::Sys.setenv, args = args)
[08:28:12.431]                 args <- names <- old_names <- NAMES <- envs <- common <- added <- removed <- NULL
[08:28:12.431]             }
[08:28:12.431]             else {
[08:28:12.431]                 base::do.call(base::Sys.setenv, args = base::as.list(...future.oldEnvVars))
[08:28:12.431]             }
[08:28:12.431]             {
[08:28:12.431]                 if (base::length(...future.futureOptionsAdded) > 
[08:28:12.431]                   0L) {
[08:28:12.431]                   opts <- base::vector("list", length = base::length(...future.futureOptionsAdded))
[08:28:12.431]                   base::names(opts) <- ...future.futureOptionsAdded
[08:28:12.431]                   base::options(opts)
[08:28:12.431]                 }
[08:28:12.431]                 {
[08:28:12.431]                   {
[08:28:12.431]                     base::options(mc.cores = ...future.mc.cores.old)
[08:28:12.431]                     NULL
[08:28:12.431]                   }
[08:28:12.431]                   options(future.plan = NULL)
[08:28:12.431]                   if (is.na(NA_character_)) 
[08:28:12.431]                     Sys.unsetenv("R_FUTURE_PLAN")
[08:28:12.431]                   else Sys.setenv(R_FUTURE_PLAN = NA_character_)
[08:28:12.431]                   future::plan(...future.strategy.old, .cleanup = FALSE, 
[08:28:12.431]                     .init = FALSE)
[08:28:12.431]                 }
[08:28:12.431]             }
[08:28:12.431]         }
[08:28:12.431]     })
[08:28:12.431]     if (TRUE) {
[08:28:12.431]         base::sink(type = "output", split = FALSE)
[08:28:12.431]         if (TRUE) {
[08:28:12.431]             ...future.result$stdout <- base::rawToChar(base::rawConnectionValue(...future.stdout))
[08:28:12.431]         }
[08:28:12.431]         else {
[08:28:12.431]             ...future.result["stdout"] <- base::list(NULL)
[08:28:12.431]         }
[08:28:12.431]         base::close(...future.stdout)
[08:28:12.431]         ...future.stdout <- NULL
[08:28:12.431]     }
[08:28:12.431]     ...future.result$conditions <- ...future.conditions
[08:28:12.431]     ...future.result$finished <- base::Sys.time()
[08:28:12.431]     ...future.result
[08:28:12.431] }
[08:28:12.483] MultisessionFuture started
[08:28:12.484] result() for ClusterFuture ...
[08:28:12.484] receiveMessageFromWorker() for ClusterFuture ...
[08:28:12.484] - Validating connection of MultisessionFuture
[08:28:12.515] - received message: FutureResult
[08:28:12.516] - Received FutureResult
[08:28:12.518] - Erased future from FutureRegistry
[08:28:12.519] result() for ClusterFuture ...
[08:28:12.519] - result already collected: FutureResult
[08:28:12.519] result() for ClusterFuture ... done
[08:28:12.519] receiveMessageFromWorker() for ClusterFuture ... done
[08:28:12.519] result() for ClusterFuture ... done
[08:28:12.519] result() for ClusterFuture ...
[08:28:12.519] - result already collected: FutureResult
[08:28:12.519] result() for ClusterFuture ... done
[08:28:12.519] plan(): plan_init() of ‘multisession’, ‘cluster’, ‘multiprocess’, ‘future’, ‘function’ ... DONE
[08:28:12.521] plan(): nbrOfWorkers() = 2
> 
> exprs <- list(
+   A = substitute({ a                 }, env = list()),
+   B = substitute({ a * b             }, env = list()),
+   C = substitute({ a * b * c         }, env = list()),
+   D = substitute({ a * b * c * d     }, env = list()),
+   E = substitute({ a * b * c * d * e }, env = list())
+ )
> 
> a <- integer(length = 1000)
> b <- integer(length =  900)
> c <- integer(length =  800)
> d <- integer(length =  700)
> e <- integer(length =    1)
> 
> for (name in names(exprs)) {
+   message(sprintf("Expression %s:", name))
+   expr <- exprs[[name]]
+   print(expr)
+   res <- tryCatch({
+     f <- future(expr, substitute = FALSE)
+   }, error = function(ex) ex)
+   print(res)
+   stopifnot(inherits(res, "error"))
+   msg <- conditionMessage(res)
+   stopifnot(grepl("exceeds the maximum allowed size", msg))
+ }
Expression A:
{
    a
}
[08:28:12.527] getGlobalsAndPackages() ...
[08:28:12.527] Searching for globals...
[08:28:12.530] - globals found: [2] ‘{’, ‘a’
[08:28:12.530] Searching for globals ... DONE
[08:28:12.530] Resolving globals: FALSE
[08:28:12.531] The total size of the 1 globals is 3.94 KiB (4031 bytes)
[08:28:12.532] The total size of the 1 globals exported for future expression (‘{; a; }’) is 3.94 KiB.. This exceeds the maximum allowed size of 3.86 KiB (option 'future.globals.maxSize'). There is one global: ‘a’ (3.94 KiB of class ‘numeric’)
<simpleError in getGlobalsAndPackages(expr, envir = envir, tweak = tweakExpression,     globals = globals): The total size of the 1 globals exported for future expression (‘{; a; }’) is 3.94 KiB.. This exceeds the maximum allowed size of 3.86 KiB (option 'future.globals.maxSize'). There is one global: ‘a’ (3.94 KiB of class ‘numeric’)>
Expression B:
{
    a * b
}
[08:28:12.532] getGlobalsAndPackages() ...
[08:28:12.532] Searching for globals...
[08:28:12.536] - globals found: [4] ‘{’, ‘*’, ‘a’, ‘b’
[08:28:12.536] Searching for globals ... DONE
[08:28:12.536] Resolving globals: FALSE
[08:28:12.537] The total size of the 2 globals is 7.48 KiB (7662 bytes)
[08:28:12.537] The total size of the 2 globals exported for future expression (‘{; a * b; }’) is 7.48 KiB.. This exceeds the maximum allowed size of 3.86 KiB (option 'future.globals.maxSize'). There are two globals: ‘a’ (3.94 KiB of class ‘numeric’) and ‘b’ (3.55 KiB of class ‘numeric’)
<simpleError in getGlobalsAndPackages(expr, envir = envir, tweak = tweakExpression,     globals = globals): The total size of the 2 globals exported for future expression (‘{; a * b; }’) is 7.48 KiB.. This exceeds the maximum allowed size of 3.86 KiB (option 'future.globals.maxSize'). There are two globals: ‘a’ (3.94 KiB of class ‘numeric’) and ‘b’ (3.55 KiB of class ‘numeric’)>
Expression C:
{
    a * b * c
}
[08:28:12.537] getGlobalsAndPackages() ...
[08:28:12.537] Searching for globals...
[08:28:12.538] - globals found: [5] ‘{’, ‘*’, ‘a’, ‘b’, ‘c’
[08:28:12.539] Searching for globals ... DONE
[08:28:12.539] Resolving globals: FALSE
[08:28:12.539] The total size of the 3 globals is 10.64 KiB (10893 bytes)
[08:28:12.540] The total size of the 3 globals exported for future expression (‘{; a * b * c; }’) is 10.64 KiB.. This exceeds the maximum allowed size of 3.86 KiB (option 'future.globals.maxSize'). There are three globals: ‘a’ (3.94 KiB of class ‘numeric’), ‘b’ (3.55 KiB of class ‘numeric’) and ‘c’ (3.16 KiB of class ‘numeric’)
<simpleError in getGlobalsAndPackages(expr, envir = envir, tweak = tweakExpression,     globals = globals): The total size of the 3 globals exported for future expression (‘{; a * b * c; }’) is 10.64 KiB.. This exceeds the maximum allowed size of 3.86 KiB (option 'future.globals.maxSize'). There are three globals: ‘a’ (3.94 KiB of class ‘numeric’), ‘b’ (3.55 KiB of class ‘numeric’) and ‘c’ (3.16 KiB of class ‘numeric’)>
Expression D:
{
    a * b * c * d
}
[08:28:12.540] getGlobalsAndPackages() ...
[08:28:12.540] Searching for globals...
[08:28:12.541] - globals found: [6] ‘{’, ‘*’, ‘a’, ‘b’, ‘c’, ‘d’
[08:28:12.542] Searching for globals ... DONE
[08:28:12.542] Resolving globals: FALSE
[08:28:12.542] The total size of the 4 globals is 13.40 KiB (13724 bytes)
[08:28:12.543] The total size of the 4 globals exported for future expression (‘{; a * b * c * d; }’) is 13.40 KiB.. This exceeds the maximum allowed size of 3.86 KiB (option 'future.globals.maxSize'). The three largest globals are ‘a’ (3.94 KiB of class ‘numeric’), ‘b’ (3.55 KiB of class ‘numeric’) and ‘c’ (3.16 KiB of class ‘numeric’)
<simpleError in getGlobalsAndPackages(expr, envir = envir, tweak = tweakExpression,     globals = globals): The total size of the 4 globals exported for future expression (‘{; a * b * c * d; }’) is 13.40 KiB.. This exceeds the maximum allowed size of 3.86 KiB (option 'future.globals.maxSize'). The three largest globals are ‘a’ (3.94 KiB of class ‘numeric’), ‘b’ (3.55 KiB of class ‘numeric’) and ‘c’ (3.16 KiB of class ‘numeric’)>
Expression E:
{
    a * b * c * d * e
}
[08:28:12.543] getGlobalsAndPackages() ...
[08:28:12.543] Searching for globals...
[08:28:12.545] - globals found: [7] ‘{’, ‘*’, ‘a’, ‘b’, ‘c’, ‘d’, ‘e’
[08:28:12.545] Searching for globals ... DONE
[08:28:12.545] Resolving globals: FALSE
[08:28:12.546] The total size of the 5 globals is 13.44 KiB (13759 bytes)
[08:28:12.546] The total size of the 5 globals exported for future expression (‘{; a * b * c * d * e; }’) is 13.44 KiB.. This exceeds the maximum allowed size of 3.86 KiB (option 'future.globals.maxSize'). The three largest globals are ‘a’ (3.94 KiB of class ‘numeric’), ‘b’ (3.55 KiB of class ‘numeric’) and ‘c’ (3.16 KiB of class ‘numeric’)
<simpleError in getGlobalsAndPackages(expr, envir = envir, tweak = tweakExpression,     globals = globals): The total size of the 5 globals exported for future expression (‘{; a * b * c * d * e; }’) is 13.44 KiB.. This exceeds the maximum allowed size of 3.86 KiB (option 'future.globals.maxSize'). The three largest globals are ‘a’ (3.94 KiB of class ‘numeric’), ‘b’ (3.55 KiB of class ‘numeric’) and ‘c’ (3.16 KiB of class ‘numeric’)>
> 
> message("*** Globals - too large ... DONE")
*** Globals - too large ... DONE
> 
> source("incl/end.R")
[08:28:12.547] plan(): Setting new future strategy stack:
[08:28:12.547] List of future strategies:
[08:28:12.547] 1. FutureStrategy:
[08:28:12.547]    - args: function (..., envir = parent.frame(), workers = "<NULL>")
[08:28:12.547]    - tweaked: FALSE
[08:28:12.547]    - call: future::plan(oplan)
[08:28:12.548] plan(): nbrOfWorkers() = 1
> 
