
R version 4.4.3 (2025-02-28) -- "Trophy Case"
Copyright (C) 2025 The R Foundation for Statistical Computing
Platform: x86_64-pc-linux-gnu

R is free software and comes with ABSOLUTELY NO WARRANTY.
You are welcome to redistribute it under certain conditions.
Type 'license()' or 'licence()' for distribution details.

R is a collaborative project with many contributors.
Type 'contributors()' for more information and
'citation()' on how to cite R or R packages in publications.

Type 'demo()' for some demos, 'help()' for on-line help, or
'help.start()' for an HTML browser interface to help.
Type 'q()' to quit R.

> source("incl/start.R")
[08:29:46.507] plan(): Setting new future strategy stack:
[08:29:46.507] List of future strategies:
[08:29:46.507] 1. sequential:
[08:29:46.507]    - args: function (..., envir = parent.frame(), workers = "<NULL>")
[08:29:46.507]    - tweaked: FALSE
[08:29:46.507]    - call: future::plan("sequential")
[08:29:46.522] plan(): nbrOfWorkers() = 1
> 
> message("*** sequential() ...")
*** sequential() ...
> 
> message("- sequential() w/ required packages ...")
- sequential() w/ required packages ...
> 
> f <- future(median(1:3), lazy = TRUE)
[08:29:46.537] getGlobalsAndPackages() ...
[08:29:46.538] Searching for globals...
[08:29:46.541] - globals found: [2] ‘median’, ‘:’
[08:29:46.541] Searching for globals ... DONE
[08:29:46.541] Resolving globals: FALSE
[08:29:46.542] 
[08:29:46.542] - packages: [1] ‘stats’
[08:29:46.542] getGlobalsAndPackages() ... DONE
> print(f)
Future:
Label: ‘<none>’
Expression:
median(1:3)
Lazy evaluation: TRUE
Asynchronous evaluation: TRUE
Local evaluation: TRUE
Environment: R_GlobalEnv
Capture standard output: TRUE
Capture condition classes: ‘condition’ (excluding ‘nothing’)
Globals: <none>
Packages: 1 packages (‘stats’)
L'Ecuyer-CMRG RNG seed: <none> (seed = FALSE)
Resolved: FALSE
Value: <not collected>
Conditions captured: <none>
Early signaling: FALSE
Owner process: e500a3a8-8d3c-10da-01d3-4cf7c4bfedb4
Class: ‘Future’, ‘environment’
> 
> ## Doesn't work if covr that depends on stats is loaded
> try(unloadNamespace("stats"))
> 
> v <- value(f)
[08:29:46.545] run() for ‘Future’ ...
[08:29:46.545] - state: ‘created’
[08:29:46.545] - Future backend: ‘FutureStrategy’, ‘sequential’, ‘uniprocess’, ‘future’, ‘function’
[08:29:46.545] - Future class: ‘SequentialFuture’, ‘UniprocessFuture’, ‘Future’, ‘environment’
[08:29:46.545] - Copy elements of temporary ‘SequentialFuture’ to final ‘Future’ object ...
[08:29:46.545]   - Field: ‘label’
[08:29:46.546]   - Field: ‘local’
[08:29:46.546]   - Field: ‘owner’
[08:29:46.546]   - Field: ‘envir’
[08:29:46.546]   - Field: ‘packages’
[08:29:46.546]   - Field: ‘gc’
[08:29:46.546]   - Field: ‘conditions’
[08:29:46.546]   - Field: ‘expr’
[08:29:46.546]   - Field: ‘uuid’
[08:29:46.546]   - Field: ‘seed’
[08:29:46.546]   - Field: ‘version’
[08:29:46.546]   - Field: ‘result’
[08:29:46.547]   - Field: ‘asynchronous’
[08:29:46.547]   - Field: ‘calls’
[08:29:46.547]   - Field: ‘globals’
[08:29:46.547]   - Field: ‘stdout’
[08:29:46.547]   - Field: ‘earlySignal’
[08:29:46.547]   - Field: ‘lazy’
[08:29:46.547]   - Field: ‘state’
[08:29:46.547] - Copy elements of temporary ‘SequentialFuture’ to final ‘Future’ object ... done
[08:29:46.547] - Launch lazy future ...
[08:29:46.548] Packages needed by the future expression (n = 1): ‘stats’
[08:29:46.548] Packages needed by future strategies (n = 0): <none>
[08:29:46.588] {
[08:29:46.588]     {
[08:29:46.588]         {
[08:29:46.588]             ...future.startTime <- base::Sys.time()
[08:29:46.588]             {
[08:29:46.588]                 {
[08:29:46.588]                   {
[08:29:46.588]                     {
[08:29:46.588]                       base::local({
[08:29:46.588]                         has_future <- base::requireNamespace("future", 
[08:29:46.588]                           quietly = TRUE)
[08:29:46.588]                         if (has_future) {
[08:29:46.588]                           ns <- base::getNamespace("future")
[08:29:46.588]                           version <- ns[[".package"]][["version"]]
[08:29:46.588]                           if (is.null(version)) 
[08:29:46.588]                             version <- utils::packageVersion("future")
[08:29:46.588]                         }
[08:29:46.588]                         else {
[08:29:46.588]                           version <- NULL
[08:29:46.588]                         }
[08:29:46.588]                         if (!has_future || version < "1.8.0") {
[08:29:46.588]                           info <- base::c(r_version = base::gsub("R version ", 
[08:29:46.588]                             "", base::R.version$version.string), 
[08:29:46.588]                             platform = base::sprintf("%s (%s-bit)", 
[08:29:46.588]                               base::R.version$platform, 8 * base::.Machine$sizeof.pointer), 
[08:29:46.588]                             os = base::paste(base::Sys.info()[base::c("sysname", 
[08:29:46.588]                               "release", "version")], collapse = " "), 
[08:29:46.588]                             hostname = base::Sys.info()[["nodename"]])
[08:29:46.588]                           info <- base::sprintf("%s: %s", base::names(info), 
[08:29:46.588]                             info)
[08:29:46.588]                           info <- base::paste(info, collapse = "; ")
[08:29:46.588]                           if (!has_future) {
[08:29:46.588]                             msg <- base::sprintf("Package 'future' is not installed on worker (%s)", 
[08:29:46.588]                               info)
[08:29:46.588]                           }
[08:29:46.588]                           else {
[08:29:46.588]                             msg <- base::sprintf("Package 'future' on worker (%s) must be of version >= 1.8.0: %s", 
[08:29:46.588]                               info, version)
[08:29:46.588]                           }
[08:29:46.588]                           base::stop(msg)
[08:29:46.588]                         }
[08:29:46.588]                       })
[08:29:46.588]                     }
[08:29:46.588]                     base::local({
[08:29:46.588]                       for (pkg in "stats") {
[08:29:46.588]                         base::loadNamespace(pkg)
[08:29:46.588]                         base::library(pkg, character.only = TRUE)
[08:29:46.588]                       }
[08:29:46.588]                     })
[08:29:46.588]                   }
[08:29:46.588]                   ...future.strategy.old <- future::plan("list")
[08:29:46.588]                   options(future.plan = NULL)
[08:29:46.588]                   Sys.unsetenv("R_FUTURE_PLAN")
[08:29:46.588]                   future::plan("default", .cleanup = FALSE, .init = FALSE)
[08:29:46.588]                 }
[08:29:46.588]                 ...future.workdir <- getwd()
[08:29:46.588]             }
[08:29:46.588]             ...future.oldOptions <- base::as.list(base::.Options)
[08:29:46.588]             ...future.oldEnvVars <- base::Sys.getenv()
[08:29:46.588]         }
[08:29:46.588]         base::options(future.startup.script = FALSE, future.globals.onMissing = NULL, 
[08:29:46.588]             future.globals.maxSize = NULL, future.globals.method = NULL, 
[08:29:46.588]             future.globals.onMissing = NULL, future.globals.onReference = NULL, 
[08:29:46.588]             future.globals.resolve = NULL, future.resolve.recursive = NULL, 
[08:29:46.588]             future.rng.onMisuse = NULL, future.rng.onMisuse.keepFuture = NULL, 
[08:29:46.588]             future.stdout.windows.reencode = NULL, width = 80L)
[08:29:46.588]         ...future.futureOptionsAdded <- base::setdiff(base::names(base::.Options), 
[08:29:46.588]             base::names(...future.oldOptions))
[08:29:46.588]     }
[08:29:46.588]     if (FALSE) {
[08:29:46.588]     }
[08:29:46.588]     else {
[08:29:46.588]         if (TRUE) {
[08:29:46.588]             ...future.stdout <- base::rawConnection(base::raw(0L), 
[08:29:46.588]                 open = "w")
[08:29:46.588]         }
[08:29:46.588]         else {
[08:29:46.588]             ...future.stdout <- base::file(base::switch(.Platform$OS.type, 
[08:29:46.588]                 windows = "NUL", "/dev/null"), open = "w")
[08:29:46.588]         }
[08:29:46.588]         base::sink(...future.stdout, type = "output", split = FALSE)
[08:29:46.588]         base::on.exit(if (!base::is.null(...future.stdout)) {
[08:29:46.588]             base::sink(type = "output", split = FALSE)
[08:29:46.588]             base::close(...future.stdout)
[08:29:46.588]         }, add = TRUE)
[08:29:46.588]     }
[08:29:46.588]     ...future.frame <- base::sys.nframe()
[08:29:46.588]     ...future.conditions <- base::list()
[08:29:46.588]     ...future.rng <- base::globalenv()$.Random.seed
[08:29:46.588]     if (FALSE) {
[08:29:46.588]         ...future.globalenv.names <- c(base::names(base::.GlobalEnv), 
[08:29:46.588]             "...future.value", "...future.globalenv.names", ".Random.seed")
[08:29:46.588]     }
[08:29:46.588]     ...future.result <- base::tryCatch({
[08:29:46.588]         base::withCallingHandlers({
[08:29:46.588]             ...future.value <- base::withVisible(base::local(median(1:3)))
[08:29:46.588]             future::FutureResult(value = ...future.value$value, 
[08:29:46.588]                 visible = ...future.value$visible, rng = !identical(base::globalenv()$.Random.seed, 
[08:29:46.588]                   ...future.rng), globalenv = if (FALSE) 
[08:29:46.588]                   list(added = base::setdiff(base::names(base::.GlobalEnv), 
[08:29:46.588]                     ...future.globalenv.names))
[08:29:46.588]                 else NULL, started = ...future.startTime, version = "1.8")
[08:29:46.588]         }, condition = base::local({
[08:29:46.588]             c <- base::c
[08:29:46.588]             inherits <- base::inherits
[08:29:46.588]             invokeRestart <- base::invokeRestart
[08:29:46.588]             length <- base::length
[08:29:46.588]             list <- base::list
[08:29:46.588]             seq.int <- base::seq.int
[08:29:46.588]             signalCondition <- base::signalCondition
[08:29:46.588]             sys.calls <- base::sys.calls
[08:29:46.588]             `[[` <- base::`[[`
[08:29:46.588]             `+` <- base::`+`
[08:29:46.588]             `<<-` <- base::`<<-`
[08:29:46.588]             sysCalls <- function(calls = sys.calls(), from = 1L) {
[08:29:46.588]                 calls[seq.int(from = from + 12L, to = length(calls) - 
[08:29:46.588]                   3L)]
[08:29:46.588]             }
[08:29:46.588]             function(cond) {
[08:29:46.588]                 is_error <- inherits(cond, "error")
[08:29:46.588]                 ignore <- !is_error && !is.null(NULL) && inherits(cond, 
[08:29:46.588]                   NULL)
[08:29:46.588]                 if (is_error) {
[08:29:46.588]                   sessionInformation <- function() {
[08:29:46.588]                     list(r = base::R.Version(), locale = base::Sys.getlocale(), 
[08:29:46.588]                       rngkind = base::RNGkind(), namespaces = base::loadedNamespaces(), 
[08:29:46.588]                       search = base::search(), system = base::Sys.info())
[08:29:46.588]                   }
[08:29:46.588]                   ...future.conditions[[length(...future.conditions) + 
[08:29:46.588]                     1L]] <<- list(condition = cond, calls = c(sysCalls(from = ...future.frame), 
[08:29:46.588]                     cond$call), session = sessionInformation(), 
[08:29:46.588]                     timestamp = base::Sys.time(), signaled = 0L)
[08:29:46.588]                   signalCondition(cond)
[08:29:46.588]                 }
[08:29:46.588]                 else if (!ignore && TRUE && inherits(cond, c("condition", 
[08:29:46.588]                 "immediateCondition"))) {
[08:29:46.588]                   signal <- TRUE && inherits(cond, "immediateCondition")
[08:29:46.588]                   ...future.conditions[[length(...future.conditions) + 
[08:29:46.588]                     1L]] <<- list(condition = cond, signaled = base::as.integer(signal))
[08:29:46.588]                   if (TRUE && !signal) {
[08:29:46.588]                     muffleCondition <- function (cond, pattern = "^muffle") 
[08:29:46.588]                     {
[08:29:46.588]                       inherits <- base::inherits
[08:29:46.588]                       invokeRestart <- base::invokeRestart
[08:29:46.588]                       is.null <- base::is.null
[08:29:46.588]                       muffled <- FALSE
[08:29:46.588]                       if (inherits(cond, "message")) {
[08:29:46.588]                         muffled <- grepl(pattern, "muffleMessage")
[08:29:46.588]                         if (muffled) 
[08:29:46.588]                           invokeRestart("muffleMessage")
[08:29:46.588]                       }
[08:29:46.588]                       else if (inherits(cond, "warning")) {
[08:29:46.588]                         muffled <- grepl(pattern, "muffleWarning")
[08:29:46.588]                         if (muffled) 
[08:29:46.588]                           invokeRestart("muffleWarning")
[08:29:46.588]                       }
[08:29:46.588]                       else if (inherits(cond, "condition")) {
[08:29:46.588]                         if (!is.null(pattern)) {
[08:29:46.588]                           computeRestarts <- base::computeRestarts
[08:29:46.588]                           grepl <- base::grepl
[08:29:46.588]                           restarts <- computeRestarts(cond)
[08:29:46.588]                           for (restart in restarts) {
[08:29:46.588]                             name <- restart$name
[08:29:46.588]                             if (is.null(name)) 
[08:29:46.588]                               next
[08:29:46.588]                             if (!grepl(pattern, name)) 
[08:29:46.588]                               next
[08:29:46.588]                             invokeRestart(restart)
[08:29:46.588]                             muffled <- TRUE
[08:29:46.588]                             break
[08:29:46.588]                           }
[08:29:46.588]                         }
[08:29:46.588]                       }
[08:29:46.588]                       invisible(muffled)
[08:29:46.588]                     }
[08:29:46.588]                     muffleCondition(cond, pattern = "^muffle")
[08:29:46.588]                   }
[08:29:46.588]                 }
[08:29:46.588]                 else {
[08:29:46.588]                   if (TRUE) {
[08:29:46.588]                     muffleCondition <- function (cond, pattern = "^muffle") 
[08:29:46.588]                     {
[08:29:46.588]                       inherits <- base::inherits
[08:29:46.588]                       invokeRestart <- base::invokeRestart
[08:29:46.588]                       is.null <- base::is.null
[08:29:46.588]                       muffled <- FALSE
[08:29:46.588]                       if (inherits(cond, "message")) {
[08:29:46.588]                         muffled <- grepl(pattern, "muffleMessage")
[08:29:46.588]                         if (muffled) 
[08:29:46.588]                           invokeRestart("muffleMessage")
[08:29:46.588]                       }
[08:29:46.588]                       else if (inherits(cond, "warning")) {
[08:29:46.588]                         muffled <- grepl(pattern, "muffleWarning")
[08:29:46.588]                         if (muffled) 
[08:29:46.588]                           invokeRestart("muffleWarning")
[08:29:46.588]                       }
[08:29:46.588]                       else if (inherits(cond, "condition")) {
[08:29:46.588]                         if (!is.null(pattern)) {
[08:29:46.588]                           computeRestarts <- base::computeRestarts
[08:29:46.588]                           grepl <- base::grepl
[08:29:46.588]                           restarts <- computeRestarts(cond)
[08:29:46.588]                           for (restart in restarts) {
[08:29:46.588]                             name <- restart$name
[08:29:46.588]                             if (is.null(name)) 
[08:29:46.588]                               next
[08:29:46.588]                             if (!grepl(pattern, name)) 
[08:29:46.588]                               next
[08:29:46.588]                             invokeRestart(restart)
[08:29:46.588]                             muffled <- TRUE
[08:29:46.588]                             break
[08:29:46.588]                           }
[08:29:46.588]                         }
[08:29:46.588]                       }
[08:29:46.588]                       invisible(muffled)
[08:29:46.588]                     }
[08:29:46.588]                     muffleCondition(cond, pattern = "^muffle")
[08:29:46.588]                   }
[08:29:46.588]                 }
[08:29:46.588]             }
[08:29:46.588]         }))
[08:29:46.588]     }, error = function(ex) {
[08:29:46.588]         base::structure(base::list(value = NULL, visible = NULL, 
[08:29:46.588]             conditions = ...future.conditions, rng = !identical(base::globalenv()$.Random.seed, 
[08:29:46.588]                 ...future.rng), started = ...future.startTime, 
[08:29:46.588]             finished = Sys.time(), session_uuid = NA_character_, 
[08:29:46.588]             version = "1.8"), class = "FutureResult")
[08:29:46.588]     }, finally = {
[08:29:46.588]         if (!identical(...future.workdir, getwd())) 
[08:29:46.588]             setwd(...future.workdir)
[08:29:46.588]         {
[08:29:46.588]             if (identical(getOption("nwarnings"), ...future.oldOptions$nwarnings)) {
[08:29:46.588]                 ...future.oldOptions$nwarnings <- NULL
[08:29:46.588]             }
[08:29:46.588]             base::options(...future.oldOptions)
[08:29:46.588]             if (.Platform$OS.type == "windows") {
[08:29:46.588]                 old_names <- names(...future.oldEnvVars)
[08:29:46.588]                 envs <- base::Sys.getenv()
[08:29:46.588]                 names <- names(envs)
[08:29:46.588]                 common <- intersect(names, old_names)
[08:29:46.588]                 added <- setdiff(names, old_names)
[08:29:46.588]                 removed <- setdiff(old_names, names)
[08:29:46.588]                 changed <- common[...future.oldEnvVars[common] != 
[08:29:46.588]                   envs[common]]
[08:29:46.588]                 NAMES <- toupper(changed)
[08:29:46.588]                 args <- list()
[08:29:46.588]                 for (kk in seq_along(NAMES)) {
[08:29:46.588]                   name <- changed[[kk]]
[08:29:46.588]                   NAME <- NAMES[[kk]]
[08:29:46.588]                   if (name != NAME && is.element(NAME, old_names)) 
[08:29:46.588]                     next
[08:29:46.588]                   args[[name]] <- ...future.oldEnvVars[[name]]
[08:29:46.588]                 }
[08:29:46.588]                 NAMES <- toupper(added)
[08:29:46.588]                 for (kk in seq_along(NAMES)) {
[08:29:46.588]                   name <- added[[kk]]
[08:29:46.588]                   NAME <- NAMES[[kk]]
[08:29:46.588]                   if (name != NAME && is.element(NAME, old_names)) 
[08:29:46.588]                     next
[08:29:46.588]                   args[[name]] <- ""
[08:29:46.588]                 }
[08:29:46.588]                 NAMES <- toupper(removed)
[08:29:46.588]                 for (kk in seq_along(NAMES)) {
[08:29:46.588]                   name <- removed[[kk]]
[08:29:46.588]                   NAME <- NAMES[[kk]]
[08:29:46.588]                   if (name != NAME && is.element(NAME, old_names)) 
[08:29:46.588]                     next
[08:29:46.588]                   args[[name]] <- ...future.oldEnvVars[[name]]
[08:29:46.588]                 }
[08:29:46.588]                 if (length(args) > 0) 
[08:29:46.588]                   base::do.call(base::Sys.setenv, args = args)
[08:29:46.588]                 args <- names <- old_names <- NAMES <- envs <- common <- added <- removed <- NULL
[08:29:46.588]             }
[08:29:46.588]             else {
[08:29:46.588]                 base::do.call(base::Sys.setenv, args = base::as.list(...future.oldEnvVars))
[08:29:46.588]             }
[08:29:46.588]             {
[08:29:46.588]                 if (base::length(...future.futureOptionsAdded) > 
[08:29:46.588]                   0L) {
[08:29:46.588]                   opts <- base::vector("list", length = base::length(...future.futureOptionsAdded))
[08:29:46.588]                   base::names(opts) <- ...future.futureOptionsAdded
[08:29:46.588]                   base::options(opts)
[08:29:46.588]                 }
[08:29:46.588]                 {
[08:29:46.588]                   {
[08:29:46.588]                     NULL
[08:29:46.588]                     RNGkind("Mersenne-Twister")
[08:29:46.588]                     base::rm(list = ".Random.seed", envir = base::globalenv(), 
[08:29:46.588]                       inherits = FALSE)
[08:29:46.588]                   }
[08:29:46.588]                   options(future.plan = NULL)
[08:29:46.588]                   if (is.na(NA_character_)) 
[08:29:46.588]                     Sys.unsetenv("R_FUTURE_PLAN")
[08:29:46.588]                   else Sys.setenv(R_FUTURE_PLAN = NA_character_)
[08:29:46.588]                   future::plan(...future.strategy.old, .cleanup = FALSE, 
[08:29:46.588]                     .init = FALSE)
[08:29:46.588]                 }
[08:29:46.588]             }
[08:29:46.588]         }
[08:29:46.588]     })
[08:29:46.588]     if (TRUE) {
[08:29:46.588]         base::sink(type = "output", split = FALSE)
[08:29:46.588]         if (TRUE) {
[08:29:46.588]             ...future.result$stdout <- base::rawToChar(base::rawConnectionValue(...future.stdout))
[08:29:46.588]         }
[08:29:46.588]         else {
[08:29:46.588]             ...future.result["stdout"] <- base::list(NULL)
[08:29:46.588]         }
[08:29:46.588]         base::close(...future.stdout)
[08:29:46.588]         ...future.stdout <- NULL
[08:29:46.588]     }
[08:29:46.588]     ...future.result$conditions <- ...future.conditions
[08:29:46.588]     ...future.result$finished <- base::Sys.time()
[08:29:46.588]     ...future.result
[08:29:46.588] }
[08:29:46.593] plan(): Setting new future strategy stack:
[08:29:46.593] List of future strategies:
[08:29:46.593] 1. sequential:
[08:29:46.593]    - args: function (..., envir = parent.frame(), workers = "<NULL>")
[08:29:46.593]    - tweaked: FALSE
[08:29:46.593]    - call: NULL
[08:29:46.593] plan(): nbrOfWorkers() = 1
[08:29:46.595] plan(): Setting new future strategy stack:
[08:29:46.595] List of future strategies:
[08:29:46.595] 1. sequential:
[08:29:46.595]    - args: function (..., envir = parent.frame(), workers = "<NULL>")
[08:29:46.595]    - tweaked: FALSE
[08:29:46.595]    - call: future::plan("sequential")
[08:29:46.598] plan(): nbrOfWorkers() = 1
[08:29:46.598] SequentialFuture started (and completed)
[08:29:46.598] - Launch lazy future ... done
[08:29:46.599] run() for ‘SequentialFuture’ ... done
> print(v)
[1] 2
> stopifnot(identical(v, 2L))
> 
> stopifnot("stats" %in% loadedNamespaces())
> 
> message("- SequentialFuture() - 'local = FALSE' is defunct ...")
- SequentialFuture() - 'local = FALSE' is defunct ...
> 
> res <- tryCatch({
+   f <- SequentialFuture(42, local = FALSE)
+ }, error = identity)
[08:29:46.599] getGlobalsAndPackages() ...
[08:29:46.599] Searching for globals...
[08:29:46.599] 
[08:29:46.599] Searching for globals ... DONE
[08:29:46.600] - globals: [0] <none>
[08:29:46.600] getGlobalsAndPackages() ... DONE
> stopifnot(inherits(res, "error"))
> 
> message("*** sequential() ... DONE")
*** sequential() ... DONE
> 
> source("incl/end.R")
[08:29:46.600] plan(): Setting new future strategy stack:
[08:29:46.600] List of future strategies:
[08:29:46.600] 1. FutureStrategy:
[08:29:46.600]    - args: function (..., envir = parent.frame(), workers = "<NULL>")
[08:29:46.600]    - tweaked: FALSE
[08:29:46.600]    - call: future::plan(oplan)
[08:29:46.638] plan(): nbrOfWorkers() = 1
> 
