
R version 4.4.3 (2025-02-28) -- "Trophy Case"
Copyright (C) 2025 The R Foundation for Statistical Computing
Platform: x86_64-pc-linux-gnu

R is free software and comes with ABSOLUTELY NO WARRANTY.
You are welcome to redistribute it under certain conditions.
Type 'license()' or 'licence()' for distribution details.

R is a collaborative project with many contributors.
Type 'contributors()' for more information and
'citation()' on how to cite R or R packages in publications.

Type 'demo()' for some demos, 'help()' for on-line help, or
'help.start()' for an HTML browser interface to help.
Type 'q()' to quit R.

> source("incl/start.R")
[11:03:22.459] plan(): Setting new future strategy stack:
[11:03:22.459] List of future strategies:
[11:03:22.459] 1. sequential:
[11:03:22.459]    - args: function (..., envir = parent.frame(), workers = "<NULL>")
[11:03:22.459]    - tweaked: FALSE
[11:03:22.459]    - call: future::plan("sequential")
[11:03:22.474] plan(): nbrOfWorkers() = 1
> 
> message("*** sequential() ...")
*** sequential() ...
> 
> message("- sequential() w/ required packages ...")
- sequential() w/ required packages ...
> 
> f <- future(median(1:3), lazy = TRUE)
[11:03:22.492] getGlobalsAndPackages() ...
[11:03:22.493] Searching for globals...
[11:03:22.497] - globals found: [2] ‘median’, ‘:’
[11:03:22.497] Searching for globals ... DONE
[11:03:22.497] Resolving globals: FALSE
[11:03:22.498] 
[11:03:22.498] - packages: [1] ‘stats’
[11:03:22.498] getGlobalsAndPackages() ... DONE
> print(f)
Future:
Label: ‘<none>’
Expression:
median(1:3)
Lazy evaluation: TRUE
Asynchronous evaluation: TRUE
Local evaluation: TRUE
Environment: R_GlobalEnv
Capture standard output: TRUE
Capture condition classes: ‘condition’ (excluding ‘nothing’)
Globals: <none>
Packages: 1 packages (‘stats’)
L'Ecuyer-CMRG RNG seed: <none> (seed = FALSE)
Resolved: FALSE
Value: <not collected>
Conditions captured: <none>
Early signaling: FALSE
Owner process: eb757c00-c4df-0c8e-082d-258681609d00
Class: ‘Future’, ‘environment’
> 
> ## Doesn't work if covr that depends on stats is loaded
> try(unloadNamespace("stats"))
> 
> v <- value(f)
[11:03:22.501] run() for ‘Future’ ...
[11:03:22.502] - state: ‘created’
[11:03:22.502] - Future backend: ‘FutureStrategy’, ‘sequential’, ‘uniprocess’, ‘future’, ‘function’
[11:03:22.502] - Future class: ‘SequentialFuture’, ‘UniprocessFuture’, ‘Future’, ‘environment’
[11:03:22.503] - Copy elements of temporary ‘SequentialFuture’ to final ‘Future’ object ...
[11:03:22.503]   - Field: ‘label’
[11:03:22.503]   - Field: ‘local’
[11:03:22.503]   - Field: ‘owner’
[11:03:22.503]   - Field: ‘envir’
[11:03:22.503]   - Field: ‘packages’
[11:03:22.504]   - Field: ‘gc’
[11:03:22.504]   - Field: ‘conditions’
[11:03:22.504]   - Field: ‘expr’
[11:03:22.504]   - Field: ‘uuid’
[11:03:22.504]   - Field: ‘seed’
[11:03:22.504]   - Field: ‘version’
[11:03:22.504]   - Field: ‘result’
[11:03:22.505]   - Field: ‘asynchronous’
[11:03:22.505]   - Field: ‘calls’
[11:03:22.505]   - Field: ‘globals’
[11:03:22.505]   - Field: ‘stdout’
[11:03:22.505]   - Field: ‘earlySignal’
[11:03:22.505]   - Field: ‘lazy’
[11:03:22.505]   - Field: ‘state’
[11:03:22.505] - Copy elements of temporary ‘SequentialFuture’ to final ‘Future’ object ... done
[11:03:22.506] - Launch lazy future ...
[11:03:22.507] Packages needed by the future expression (n = 1): ‘stats’
[11:03:22.507] Packages needed by future strategies (n = 0): <none>
[11:03:22.560] {
[11:03:22.560]     {
[11:03:22.560]         {
[11:03:22.560]             ...future.startTime <- base::Sys.time()
[11:03:22.560]             {
[11:03:22.560]                 {
[11:03:22.560]                   {
[11:03:22.560]                     {
[11:03:22.560]                       base::local({
[11:03:22.560]                         has_future <- base::requireNamespace("future", 
[11:03:22.560]                           quietly = TRUE)
[11:03:22.560]                         if (has_future) {
[11:03:22.560]                           ns <- base::getNamespace("future")
[11:03:22.560]                           version <- ns[[".package"]][["version"]]
[11:03:22.560]                           if (is.null(version)) 
[11:03:22.560]                             version <- utils::packageVersion("future")
[11:03:22.560]                         }
[11:03:22.560]                         else {
[11:03:22.560]                           version <- NULL
[11:03:22.560]                         }
[11:03:22.560]                         if (!has_future || version < "1.8.0") {
[11:03:22.560]                           info <- base::c(r_version = base::gsub("R version ", 
[11:03:22.560]                             "", base::R.version$version.string), 
[11:03:22.560]                             platform = base::sprintf("%s (%s-bit)", 
[11:03:22.560]                               base::R.version$platform, 8 * base::.Machine$sizeof.pointer), 
[11:03:22.560]                             os = base::paste(base::Sys.info()[base::c("sysname", 
[11:03:22.560]                               "release", "version")], collapse = " "), 
[11:03:22.560]                             hostname = base::Sys.info()[["nodename"]])
[11:03:22.560]                           info <- base::sprintf("%s: %s", base::names(info), 
[11:03:22.560]                             info)
[11:03:22.560]                           info <- base::paste(info, collapse = "; ")
[11:03:22.560]                           if (!has_future) {
[11:03:22.560]                             msg <- base::sprintf("Package 'future' is not installed on worker (%s)", 
[11:03:22.560]                               info)
[11:03:22.560]                           }
[11:03:22.560]                           else {
[11:03:22.560]                             msg <- base::sprintf("Package 'future' on worker (%s) must be of version >= 1.8.0: %s", 
[11:03:22.560]                               info, version)
[11:03:22.560]                           }
[11:03:22.560]                           base::stop(msg)
[11:03:22.560]                         }
[11:03:22.560]                       })
[11:03:22.560]                     }
[11:03:22.560]                     base::local({
[11:03:22.560]                       for (pkg in "stats") {
[11:03:22.560]                         base::loadNamespace(pkg)
[11:03:22.560]                         base::library(pkg, character.only = TRUE)
[11:03:22.560]                       }
[11:03:22.560]                     })
[11:03:22.560]                   }
[11:03:22.560]                   ...future.strategy.old <- future::plan("list")
[11:03:22.560]                   options(future.plan = NULL)
[11:03:22.560]                   Sys.unsetenv("R_FUTURE_PLAN")
[11:03:22.560]                   future::plan("default", .cleanup = FALSE, .init = FALSE)
[11:03:22.560]                 }
[11:03:22.560]                 ...future.workdir <- getwd()
[11:03:22.560]             }
[11:03:22.560]             ...future.oldOptions <- base::as.list(base::.Options)
[11:03:22.560]             ...future.oldEnvVars <- base::Sys.getenv()
[11:03:22.560]         }
[11:03:22.560]         base::options(future.startup.script = FALSE, future.globals.onMissing = NULL, 
[11:03:22.560]             future.globals.maxSize = NULL, future.globals.method = NULL, 
[11:03:22.560]             future.globals.onMissing = NULL, future.globals.onReference = NULL, 
[11:03:22.560]             future.globals.resolve = NULL, future.resolve.recursive = NULL, 
[11:03:22.560]             future.rng.onMisuse = NULL, future.rng.onMisuse.keepFuture = NULL, 
[11:03:22.560]             future.stdout.windows.reencode = NULL, width = 80L)
[11:03:22.560]         ...future.futureOptionsAdded <- base::setdiff(base::names(base::.Options), 
[11:03:22.560]             base::names(...future.oldOptions))
[11:03:22.560]     }
[11:03:22.560]     if (FALSE) {
[11:03:22.560]     }
[11:03:22.560]     else {
[11:03:22.560]         if (TRUE) {
[11:03:22.560]             ...future.stdout <- base::rawConnection(base::raw(0L), 
[11:03:22.560]                 open = "w")
[11:03:22.560]         }
[11:03:22.560]         else {
[11:03:22.560]             ...future.stdout <- base::file(base::switch(.Platform$OS.type, 
[11:03:22.560]                 windows = "NUL", "/dev/null"), open = "w")
[11:03:22.560]         }
[11:03:22.560]         base::sink(...future.stdout, type = "output", split = FALSE)
[11:03:22.560]         base::on.exit(if (!base::is.null(...future.stdout)) {
[11:03:22.560]             base::sink(type = "output", split = FALSE)
[11:03:22.560]             base::close(...future.stdout)
[11:03:22.560]         }, add = TRUE)
[11:03:22.560]     }
[11:03:22.560]     ...future.frame <- base::sys.nframe()
[11:03:22.560]     ...future.conditions <- base::list()
[11:03:22.560]     ...future.rng <- base::globalenv()$.Random.seed
[11:03:22.560]     if (FALSE) {
[11:03:22.560]         ...future.globalenv.names <- c(base::names(base::.GlobalEnv), 
[11:03:22.560]             "...future.value", "...future.globalenv.names", ".Random.seed")
[11:03:22.560]     }
[11:03:22.560]     ...future.result <- base::tryCatch({
[11:03:22.560]         base::withCallingHandlers({
[11:03:22.560]             ...future.value <- base::withVisible(base::local(median(1:3)))
[11:03:22.560]             future::FutureResult(value = ...future.value$value, 
[11:03:22.560]                 visible = ...future.value$visible, rng = !identical(base::globalenv()$.Random.seed, 
[11:03:22.560]                   ...future.rng), globalenv = if (FALSE) 
[11:03:22.560]                   list(added = base::setdiff(base::names(base::.GlobalEnv), 
[11:03:22.560]                     ...future.globalenv.names))
[11:03:22.560]                 else NULL, started = ...future.startTime, version = "1.8")
[11:03:22.560]         }, condition = base::local({
[11:03:22.560]             c <- base::c
[11:03:22.560]             inherits <- base::inherits
[11:03:22.560]             invokeRestart <- base::invokeRestart
[11:03:22.560]             length <- base::length
[11:03:22.560]             list <- base::list
[11:03:22.560]             seq.int <- base::seq.int
[11:03:22.560]             signalCondition <- base::signalCondition
[11:03:22.560]             sys.calls <- base::sys.calls
[11:03:22.560]             `[[` <- base::`[[`
[11:03:22.560]             `+` <- base::`+`
[11:03:22.560]             `<<-` <- base::`<<-`
[11:03:22.560]             sysCalls <- function(calls = sys.calls(), from = 1L) {
[11:03:22.560]                 calls[seq.int(from = from + 12L, to = length(calls) - 
[11:03:22.560]                   3L)]
[11:03:22.560]             }
[11:03:22.560]             function(cond) {
[11:03:22.560]                 is_error <- inherits(cond, "error")
[11:03:22.560]                 ignore <- !is_error && !is.null(NULL) && inherits(cond, 
[11:03:22.560]                   NULL)
[11:03:22.560]                 if (is_error) {
[11:03:22.560]                   sessionInformation <- function() {
[11:03:22.560]                     list(r = base::R.Version(), locale = base::Sys.getlocale(), 
[11:03:22.560]                       rngkind = base::RNGkind(), namespaces = base::loadedNamespaces(), 
[11:03:22.560]                       search = base::search(), system = base::Sys.info())
[11:03:22.560]                   }
[11:03:22.560]                   ...future.conditions[[length(...future.conditions) + 
[11:03:22.560]                     1L]] <<- list(condition = cond, calls = c(sysCalls(from = ...future.frame), 
[11:03:22.560]                     cond$call), session = sessionInformation(), 
[11:03:22.560]                     timestamp = base::Sys.time(), signaled = 0L)
[11:03:22.560]                   signalCondition(cond)
[11:03:22.560]                 }
[11:03:22.560]                 else if (!ignore && TRUE && inherits(cond, c("condition", 
[11:03:22.560]                 "immediateCondition"))) {
[11:03:22.560]                   signal <- TRUE && inherits(cond, "immediateCondition")
[11:03:22.560]                   ...future.conditions[[length(...future.conditions) + 
[11:03:22.560]                     1L]] <<- list(condition = cond, signaled = base::as.integer(signal))
[11:03:22.560]                   if (TRUE && !signal) {
[11:03:22.560]                     muffleCondition <- function (cond, pattern = "^muffle") 
[11:03:22.560]                     {
[11:03:22.560]                       inherits <- base::inherits
[11:03:22.560]                       invokeRestart <- base::invokeRestart
[11:03:22.560]                       is.null <- base::is.null
[11:03:22.560]                       muffled <- FALSE
[11:03:22.560]                       if (inherits(cond, "message")) {
[11:03:22.560]                         muffled <- grepl(pattern, "muffleMessage")
[11:03:22.560]                         if (muffled) 
[11:03:22.560]                           invokeRestart("muffleMessage")
[11:03:22.560]                       }
[11:03:22.560]                       else if (inherits(cond, "warning")) {
[11:03:22.560]                         muffled <- grepl(pattern, "muffleWarning")
[11:03:22.560]                         if (muffled) 
[11:03:22.560]                           invokeRestart("muffleWarning")
[11:03:22.560]                       }
[11:03:22.560]                       else if (inherits(cond, "condition")) {
[11:03:22.560]                         if (!is.null(pattern)) {
[11:03:22.560]                           computeRestarts <- base::computeRestarts
[11:03:22.560]                           grepl <- base::grepl
[11:03:22.560]                           restarts <- computeRestarts(cond)
[11:03:22.560]                           for (restart in restarts) {
[11:03:22.560]                             name <- restart$name
[11:03:22.560]                             if (is.null(name)) 
[11:03:22.560]                               next
[11:03:22.560]                             if (!grepl(pattern, name)) 
[11:03:22.560]                               next
[11:03:22.560]                             invokeRestart(restart)
[11:03:22.560]                             muffled <- TRUE
[11:03:22.560]                             break
[11:03:22.560]                           }
[11:03:22.560]                         }
[11:03:22.560]                       }
[11:03:22.560]                       invisible(muffled)
[11:03:22.560]                     }
[11:03:22.560]                     muffleCondition(cond, pattern = "^muffle")
[11:03:22.560]                   }
[11:03:22.560]                 }
[11:03:22.560]                 else {
[11:03:22.560]                   if (TRUE) {
[11:03:22.560]                     muffleCondition <- function (cond, pattern = "^muffle") 
[11:03:22.560]                     {
[11:03:22.560]                       inherits <- base::inherits
[11:03:22.560]                       invokeRestart <- base::invokeRestart
[11:03:22.560]                       is.null <- base::is.null
[11:03:22.560]                       muffled <- FALSE
[11:03:22.560]                       if (inherits(cond, "message")) {
[11:03:22.560]                         muffled <- grepl(pattern, "muffleMessage")
[11:03:22.560]                         if (muffled) 
[11:03:22.560]                           invokeRestart("muffleMessage")
[11:03:22.560]                       }
[11:03:22.560]                       else if (inherits(cond, "warning")) {
[11:03:22.560]                         muffled <- grepl(pattern, "muffleWarning")
[11:03:22.560]                         if (muffled) 
[11:03:22.560]                           invokeRestart("muffleWarning")
[11:03:22.560]                       }
[11:03:22.560]                       else if (inherits(cond, "condition")) {
[11:03:22.560]                         if (!is.null(pattern)) {
[11:03:22.560]                           computeRestarts <- base::computeRestarts
[11:03:22.560]                           grepl <- base::grepl
[11:03:22.560]                           restarts <- computeRestarts(cond)
[11:03:22.560]                           for (restart in restarts) {
[11:03:22.560]                             name <- restart$name
[11:03:22.560]                             if (is.null(name)) 
[11:03:22.560]                               next
[11:03:22.560]                             if (!grepl(pattern, name)) 
[11:03:22.560]                               next
[11:03:22.560]                             invokeRestart(restart)
[11:03:22.560]                             muffled <- TRUE
[11:03:22.560]                             break
[11:03:22.560]                           }
[11:03:22.560]                         }
[11:03:22.560]                       }
[11:03:22.560]                       invisible(muffled)
[11:03:22.560]                     }
[11:03:22.560]                     muffleCondition(cond, pattern = "^muffle")
[11:03:22.560]                   }
[11:03:22.560]                 }
[11:03:22.560]             }
[11:03:22.560]         }))
[11:03:22.560]     }, error = function(ex) {
[11:03:22.560]         base::structure(base::list(value = NULL, visible = NULL, 
[11:03:22.560]             conditions = ...future.conditions, rng = !identical(base::globalenv()$.Random.seed, 
[11:03:22.560]                 ...future.rng), started = ...future.startTime, 
[11:03:22.560]             finished = Sys.time(), session_uuid = NA_character_, 
[11:03:22.560]             version = "1.8"), class = "FutureResult")
[11:03:22.560]     }, finally = {
[11:03:22.560]         if (!identical(...future.workdir, getwd())) 
[11:03:22.560]             setwd(...future.workdir)
[11:03:22.560]         {
[11:03:22.560]             if (identical(getOption("nwarnings"), ...future.oldOptions$nwarnings)) {
[11:03:22.560]                 ...future.oldOptions$nwarnings <- NULL
[11:03:22.560]             }
[11:03:22.560]             base::options(...future.oldOptions)
[11:03:22.560]             if (.Platform$OS.type == "windows") {
[11:03:22.560]                 old_names <- names(...future.oldEnvVars)
[11:03:22.560]                 envs <- base::Sys.getenv()
[11:03:22.560]                 names <- names(envs)
[11:03:22.560]                 common <- intersect(names, old_names)
[11:03:22.560]                 added <- setdiff(names, old_names)
[11:03:22.560]                 removed <- setdiff(old_names, names)
[11:03:22.560]                 changed <- common[...future.oldEnvVars[common] != 
[11:03:22.560]                   envs[common]]
[11:03:22.560]                 NAMES <- toupper(changed)
[11:03:22.560]                 args <- list()
[11:03:22.560]                 for (kk in seq_along(NAMES)) {
[11:03:22.560]                   name <- changed[[kk]]
[11:03:22.560]                   NAME <- NAMES[[kk]]
[11:03:22.560]                   if (name != NAME && is.element(NAME, old_names)) 
[11:03:22.560]                     next
[11:03:22.560]                   args[[name]] <- ...future.oldEnvVars[[name]]
[11:03:22.560]                 }
[11:03:22.560]                 NAMES <- toupper(added)
[11:03:22.560]                 for (kk in seq_along(NAMES)) {
[11:03:22.560]                   name <- added[[kk]]
[11:03:22.560]                   NAME <- NAMES[[kk]]
[11:03:22.560]                   if (name != NAME && is.element(NAME, old_names)) 
[11:03:22.560]                     next
[11:03:22.560]                   args[[name]] <- ""
[11:03:22.560]                 }
[11:03:22.560]                 NAMES <- toupper(removed)
[11:03:22.560]                 for (kk in seq_along(NAMES)) {
[11:03:22.560]                   name <- removed[[kk]]
[11:03:22.560]                   NAME <- NAMES[[kk]]
[11:03:22.560]                   if (name != NAME && is.element(NAME, old_names)) 
[11:03:22.560]                     next
[11:03:22.560]                   args[[name]] <- ...future.oldEnvVars[[name]]
[11:03:22.560]                 }
[11:03:22.560]                 if (length(args) > 0) 
[11:03:22.560]                   base::do.call(base::Sys.setenv, args = args)
[11:03:22.560]                 args <- names <- old_names <- NAMES <- envs <- common <- added <- removed <- NULL
[11:03:22.560]             }
[11:03:22.560]             else {
[11:03:22.560]                 base::do.call(base::Sys.setenv, args = base::as.list(...future.oldEnvVars))
[11:03:22.560]             }
[11:03:22.560]             {
[11:03:22.560]                 if (base::length(...future.futureOptionsAdded) > 
[11:03:22.560]                   0L) {
[11:03:22.560]                   opts <- base::vector("list", length = base::length(...future.futureOptionsAdded))
[11:03:22.560]                   base::names(opts) <- ...future.futureOptionsAdded
[11:03:22.560]                   base::options(opts)
[11:03:22.560]                 }
[11:03:22.560]                 {
[11:03:22.560]                   {
[11:03:22.560]                     NULL
[11:03:22.560]                     RNGkind("Mersenne-Twister")
[11:03:22.560]                     base::rm(list = ".Random.seed", envir = base::globalenv(), 
[11:03:22.560]                       inherits = FALSE)
[11:03:22.560]                   }
[11:03:22.560]                   options(future.plan = NULL)
[11:03:22.560]                   if (is.na(NA_character_)) 
[11:03:22.560]                     Sys.unsetenv("R_FUTURE_PLAN")
[11:03:22.560]                   else Sys.setenv(R_FUTURE_PLAN = NA_character_)
[11:03:22.560]                   future::plan(...future.strategy.old, .cleanup = FALSE, 
[11:03:22.560]                     .init = FALSE)
[11:03:22.560]                 }
[11:03:22.560]             }
[11:03:22.560]         }
[11:03:22.560]     })
[11:03:22.560]     if (TRUE) {
[11:03:22.560]         base::sink(type = "output", split = FALSE)
[11:03:22.560]         if (TRUE) {
[11:03:22.560]             ...future.result$stdout <- base::rawToChar(base::rawConnectionValue(...future.stdout))
[11:03:22.560]         }
[11:03:22.560]         else {
[11:03:22.560]             ...future.result["stdout"] <- base::list(NULL)
[11:03:22.560]         }
[11:03:22.560]         base::close(...future.stdout)
[11:03:22.560]         ...future.stdout <- NULL
[11:03:22.560]     }
[11:03:22.560]     ...future.result$conditions <- ...future.conditions
[11:03:22.560]     ...future.result$finished <- base::Sys.time()
[11:03:22.560]     ...future.result
[11:03:22.560] }
[11:03:22.565] plan(): Setting new future strategy stack:
[11:03:22.566] List of future strategies:
[11:03:22.566] 1. sequential:
[11:03:22.566]    - args: function (..., envir = parent.frame(), workers = "<NULL>")
[11:03:22.566]    - tweaked: FALSE
[11:03:22.566]    - call: NULL
[11:03:22.566] plan(): nbrOfWorkers() = 1
[11:03:22.568] plan(): Setting new future strategy stack:
[11:03:22.568] List of future strategies:
[11:03:22.568] 1. sequential:
[11:03:22.568]    - args: function (..., envir = parent.frame(), workers = "<NULL>")
[11:03:22.568]    - tweaked: FALSE
[11:03:22.568]    - call: future::plan("sequential")
[11:03:22.571] plan(): nbrOfWorkers() = 1
[11:03:22.571] SequentialFuture started (and completed)
[11:03:22.571] - Launch lazy future ... done
[11:03:22.571] run() for ‘SequentialFuture’ ... done
> print(v)
[1] 2
> stopifnot(identical(v, 2L))
> 
> stopifnot("stats" %in% loadedNamespaces())
> 
> message("- SequentialFuture() - 'local = FALSE' is defunct ...")
- SequentialFuture() - 'local = FALSE' is defunct ...
> 
> res <- tryCatch({
+   f <- SequentialFuture(42, local = FALSE)
+ }, error = identity)
[11:03:22.572] getGlobalsAndPackages() ...
[11:03:22.572] Searching for globals...
[11:03:22.572] 
[11:03:22.572] Searching for globals ... DONE
[11:03:22.573] - globals: [0] <none>
[11:03:22.573] getGlobalsAndPackages() ... DONE
> stopifnot(inherits(res, "error"))
> 
> message("*** sequential() ... DONE")
*** sequential() ... DONE
> 
> source("incl/end.R")
[11:03:22.573] plan(): Setting new future strategy stack:
[11:03:22.573] List of future strategies:
[11:03:22.573] 1. FutureStrategy:
[11:03:22.573]    - args: function (..., envir = parent.frame(), workers = "<NULL>")
[11:03:22.573]    - tweaked: FALSE
[11:03:22.573]    - call: future::plan(oplan)
[11:03:22.609] plan(): nbrOfWorkers() = 1
> 
