
R version 4.4.3 (2025-02-28) -- "Trophy Case"
Copyright (C) 2025 The R Foundation for Statistical Computing
Platform: x86_64-pc-linux-gnu

R is free software and comes with ABSOLUTELY NO WARRANTY.
You are welcome to redistribute it under certain conditions.
Type 'license()' or 'licence()' for distribution details.

R is a collaborative project with many contributors.
Type 'contributors()' for more information and
'citation()' on how to cite R or R packages in publications.

Type 'demo()' for some demos, 'help()' for on-line help, or
'help.start()' for an HTML browser interface to help.
Type 'q()' to quit R.

> source("incl/start.R")
[10:23:14.463] plan(): Setting new future strategy stack:
[10:23:14.464] List of future strategies:
[10:23:14.464] 1. sequential:
[10:23:14.464]    - args: function (..., envir = parent.frame(), workers = "<NULL>")
[10:23:14.464]    - tweaked: FALSE
[10:23:14.464]    - call: future::plan("sequential")
[10:23:14.478] plan(): nbrOfWorkers() = 1
> 
> message("*** sequential() ...")
*** sequential() ...
> 
> message("- sequential() w/ required packages ...")
- sequential() w/ required packages ...
> 
> f <- future(median(1:3), lazy = TRUE)
[10:23:14.493] getGlobalsAndPackages() ...
[10:23:14.493] Searching for globals...
[10:23:14.497] - globals found: [2] ‘median’, ‘:’
[10:23:14.497] Searching for globals ... DONE
[10:23:14.497] Resolving globals: FALSE
[10:23:14.498] 
[10:23:14.498] - packages: [1] ‘stats’
[10:23:14.498] getGlobalsAndPackages() ... DONE
> print(f)
Future:
Label: ‘<none>’
Expression:
median(1:3)
Lazy evaluation: TRUE
Asynchronous evaluation: TRUE
Local evaluation: TRUE
Environment: R_GlobalEnv
Capture standard output: TRUE
Capture condition classes: ‘condition’ (excluding ‘nothing’)
Globals: <none>
Packages: 1 packages (‘stats’)
L'Ecuyer-CMRG RNG seed: <none> (seed = FALSE)
Resolved: FALSE
Value: <not collected>
Conditions captured: <none>
Early signaling: FALSE
Owner process: b2a9cb40-68d5-62af-f83c-b7aebc187aca
Class: ‘Future’, ‘environment’
> 
> ## Doesn't work if covr that depends on stats is loaded
> try(unloadNamespace("stats"))
> 
> v <- value(f)
[10:23:14.500] run() for ‘Future’ ...
[10:23:14.500] - state: ‘created’
[10:23:14.501] - Future backend: ‘FutureStrategy’, ‘sequential’, ‘uniprocess’, ‘future’, ‘function’
[10:23:14.501] - Future class: ‘SequentialFuture’, ‘UniprocessFuture’, ‘Future’, ‘environment’
[10:23:14.501] - Copy elements of temporary ‘SequentialFuture’ to final ‘Future’ object ...
[10:23:14.501]   - Field: ‘label’
[10:23:14.501]   - Field: ‘local’
[10:23:14.501]   - Field: ‘owner’
[10:23:14.501]   - Field: ‘envir’
[10:23:14.502]   - Field: ‘packages’
[10:23:14.502]   - Field: ‘gc’
[10:23:14.502]   - Field: ‘conditions’
[10:23:14.502]   - Field: ‘expr’
[10:23:14.502]   - Field: ‘uuid’
[10:23:14.502]   - Field: ‘seed’
[10:23:14.502]   - Field: ‘version’
[10:23:14.502]   - Field: ‘result’
[10:23:14.502]   - Field: ‘asynchronous’
[10:23:14.502]   - Field: ‘calls’
[10:23:14.502]   - Field: ‘globals’
[10:23:14.503]   - Field: ‘stdout’
[10:23:14.503]   - Field: ‘earlySignal’
[10:23:14.503]   - Field: ‘lazy’
[10:23:14.503]   - Field: ‘state’
[10:23:14.503] - Copy elements of temporary ‘SequentialFuture’ to final ‘Future’ object ... done
[10:23:14.503] - Launch lazy future ...
[10:23:14.504] Packages needed by the future expression (n = 1): ‘stats’
[10:23:14.504] Packages needed by future strategies (n = 0): <none>
[10:23:14.543] {
[10:23:14.543]     {
[10:23:14.543]         {
[10:23:14.543]             ...future.startTime <- base::Sys.time()
[10:23:14.543]             {
[10:23:14.543]                 {
[10:23:14.543]                   {
[10:23:14.543]                     {
[10:23:14.543]                       base::local({
[10:23:14.543]                         has_future <- base::requireNamespace("future", 
[10:23:14.543]                           quietly = TRUE)
[10:23:14.543]                         if (has_future) {
[10:23:14.543]                           ns <- base::getNamespace("future")
[10:23:14.543]                           version <- ns[[".package"]][["version"]]
[10:23:14.543]                           if (is.null(version)) 
[10:23:14.543]                             version <- utils::packageVersion("future")
[10:23:14.543]                         }
[10:23:14.543]                         else {
[10:23:14.543]                           version <- NULL
[10:23:14.543]                         }
[10:23:14.543]                         if (!has_future || version < "1.8.0") {
[10:23:14.543]                           info <- base::c(r_version = base::gsub("R version ", 
[10:23:14.543]                             "", base::R.version$version.string), 
[10:23:14.543]                             platform = base::sprintf("%s (%s-bit)", 
[10:23:14.543]                               base::R.version$platform, 8 * base::.Machine$sizeof.pointer), 
[10:23:14.543]                             os = base::paste(base::Sys.info()[base::c("sysname", 
[10:23:14.543]                               "release", "version")], collapse = " "), 
[10:23:14.543]                             hostname = base::Sys.info()[["nodename"]])
[10:23:14.543]                           info <- base::sprintf("%s: %s", base::names(info), 
[10:23:14.543]                             info)
[10:23:14.543]                           info <- base::paste(info, collapse = "; ")
[10:23:14.543]                           if (!has_future) {
[10:23:14.543]                             msg <- base::sprintf("Package 'future' is not installed on worker (%s)", 
[10:23:14.543]                               info)
[10:23:14.543]                           }
[10:23:14.543]                           else {
[10:23:14.543]                             msg <- base::sprintf("Package 'future' on worker (%s) must be of version >= 1.8.0: %s", 
[10:23:14.543]                               info, version)
[10:23:14.543]                           }
[10:23:14.543]                           base::stop(msg)
[10:23:14.543]                         }
[10:23:14.543]                       })
[10:23:14.543]                     }
[10:23:14.543]                     base::local({
[10:23:14.543]                       for (pkg in "stats") {
[10:23:14.543]                         base::loadNamespace(pkg)
[10:23:14.543]                         base::library(pkg, character.only = TRUE)
[10:23:14.543]                       }
[10:23:14.543]                     })
[10:23:14.543]                   }
[10:23:14.543]                   ...future.strategy.old <- future::plan("list")
[10:23:14.543]                   options(future.plan = NULL)
[10:23:14.543]                   Sys.unsetenv("R_FUTURE_PLAN")
[10:23:14.543]                   future::plan("default", .cleanup = FALSE, .init = FALSE)
[10:23:14.543]                 }
[10:23:14.543]                 ...future.workdir <- getwd()
[10:23:14.543]             }
[10:23:14.543]             ...future.oldOptions <- base::as.list(base::.Options)
[10:23:14.543]             ...future.oldEnvVars <- base::Sys.getenv()
[10:23:14.543]         }
[10:23:14.543]         base::options(future.startup.script = FALSE, future.globals.onMissing = NULL, 
[10:23:14.543]             future.globals.maxSize = NULL, future.globals.method = NULL, 
[10:23:14.543]             future.globals.onMissing = NULL, future.globals.onReference = NULL, 
[10:23:14.543]             future.globals.resolve = NULL, future.resolve.recursive = NULL, 
[10:23:14.543]             future.rng.onMisuse = NULL, future.rng.onMisuse.keepFuture = NULL, 
[10:23:14.543]             future.stdout.windows.reencode = NULL, width = 80L)
[10:23:14.543]         ...future.futureOptionsAdded <- base::setdiff(base::names(base::.Options), 
[10:23:14.543]             base::names(...future.oldOptions))
[10:23:14.543]     }
[10:23:14.543]     if (FALSE) {
[10:23:14.543]     }
[10:23:14.543]     else {
[10:23:14.543]         if (TRUE) {
[10:23:14.543]             ...future.stdout <- base::rawConnection(base::raw(0L), 
[10:23:14.543]                 open = "w")
[10:23:14.543]         }
[10:23:14.543]         else {
[10:23:14.543]             ...future.stdout <- base::file(base::switch(.Platform$OS.type, 
[10:23:14.543]                 windows = "NUL", "/dev/null"), open = "w")
[10:23:14.543]         }
[10:23:14.543]         base::sink(...future.stdout, type = "output", split = FALSE)
[10:23:14.543]         base::on.exit(if (!base::is.null(...future.stdout)) {
[10:23:14.543]             base::sink(type = "output", split = FALSE)
[10:23:14.543]             base::close(...future.stdout)
[10:23:14.543]         }, add = TRUE)
[10:23:14.543]     }
[10:23:14.543]     ...future.frame <- base::sys.nframe()
[10:23:14.543]     ...future.conditions <- base::list()
[10:23:14.543]     ...future.rng <- base::globalenv()$.Random.seed
[10:23:14.543]     if (FALSE) {
[10:23:14.543]         ...future.globalenv.names <- c(base::names(base::.GlobalEnv), 
[10:23:14.543]             "...future.value", "...future.globalenv.names", ".Random.seed")
[10:23:14.543]     }
[10:23:14.543]     ...future.result <- base::tryCatch({
[10:23:14.543]         base::withCallingHandlers({
[10:23:14.543]             ...future.value <- base::withVisible(base::local(median(1:3)))
[10:23:14.543]             future::FutureResult(value = ...future.value$value, 
[10:23:14.543]                 visible = ...future.value$visible, rng = !identical(base::globalenv()$.Random.seed, 
[10:23:14.543]                   ...future.rng), globalenv = if (FALSE) 
[10:23:14.543]                   list(added = base::setdiff(base::names(base::.GlobalEnv), 
[10:23:14.543]                     ...future.globalenv.names))
[10:23:14.543]                 else NULL, started = ...future.startTime, version = "1.8")
[10:23:14.543]         }, condition = base::local({
[10:23:14.543]             c <- base::c
[10:23:14.543]             inherits <- base::inherits
[10:23:14.543]             invokeRestart <- base::invokeRestart
[10:23:14.543]             length <- base::length
[10:23:14.543]             list <- base::list
[10:23:14.543]             seq.int <- base::seq.int
[10:23:14.543]             signalCondition <- base::signalCondition
[10:23:14.543]             sys.calls <- base::sys.calls
[10:23:14.543]             `[[` <- base::`[[`
[10:23:14.543]             `+` <- base::`+`
[10:23:14.543]             `<<-` <- base::`<<-`
[10:23:14.543]             sysCalls <- function(calls = sys.calls(), from = 1L) {
[10:23:14.543]                 calls[seq.int(from = from + 12L, to = length(calls) - 
[10:23:14.543]                   3L)]
[10:23:14.543]             }
[10:23:14.543]             function(cond) {
[10:23:14.543]                 is_error <- inherits(cond, "error")
[10:23:14.543]                 ignore <- !is_error && !is.null(NULL) && inherits(cond, 
[10:23:14.543]                   NULL)
[10:23:14.543]                 if (is_error) {
[10:23:14.543]                   sessionInformation <- function() {
[10:23:14.543]                     list(r = base::R.Version(), locale = base::Sys.getlocale(), 
[10:23:14.543]                       rngkind = base::RNGkind(), namespaces = base::loadedNamespaces(), 
[10:23:14.543]                       search = base::search(), system = base::Sys.info())
[10:23:14.543]                   }
[10:23:14.543]                   ...future.conditions[[length(...future.conditions) + 
[10:23:14.543]                     1L]] <<- list(condition = cond, calls = c(sysCalls(from = ...future.frame), 
[10:23:14.543]                     cond$call), session = sessionInformation(), 
[10:23:14.543]                     timestamp = base::Sys.time(), signaled = 0L)
[10:23:14.543]                   signalCondition(cond)
[10:23:14.543]                 }
[10:23:14.543]                 else if (!ignore && TRUE && inherits(cond, c("condition", 
[10:23:14.543]                 "immediateCondition"))) {
[10:23:14.543]                   signal <- TRUE && inherits(cond, "immediateCondition")
[10:23:14.543]                   ...future.conditions[[length(...future.conditions) + 
[10:23:14.543]                     1L]] <<- list(condition = cond, signaled = base::as.integer(signal))
[10:23:14.543]                   if (TRUE && !signal) {
[10:23:14.543]                     muffleCondition <- function (cond, pattern = "^muffle") 
[10:23:14.543]                     {
[10:23:14.543]                       inherits <- base::inherits
[10:23:14.543]                       invokeRestart <- base::invokeRestart
[10:23:14.543]                       is.null <- base::is.null
[10:23:14.543]                       muffled <- FALSE
[10:23:14.543]                       if (inherits(cond, "message")) {
[10:23:14.543]                         muffled <- grepl(pattern, "muffleMessage")
[10:23:14.543]                         if (muffled) 
[10:23:14.543]                           invokeRestart("muffleMessage")
[10:23:14.543]                       }
[10:23:14.543]                       else if (inherits(cond, "warning")) {
[10:23:14.543]                         muffled <- grepl(pattern, "muffleWarning")
[10:23:14.543]                         if (muffled) 
[10:23:14.543]                           invokeRestart("muffleWarning")
[10:23:14.543]                       }
[10:23:14.543]                       else if (inherits(cond, "condition")) {
[10:23:14.543]                         if (!is.null(pattern)) {
[10:23:14.543]                           computeRestarts <- base::computeRestarts
[10:23:14.543]                           grepl <- base::grepl
[10:23:14.543]                           restarts <- computeRestarts(cond)
[10:23:14.543]                           for (restart in restarts) {
[10:23:14.543]                             name <- restart$name
[10:23:14.543]                             if (is.null(name)) 
[10:23:14.543]                               next
[10:23:14.543]                             if (!grepl(pattern, name)) 
[10:23:14.543]                               next
[10:23:14.543]                             invokeRestart(restart)
[10:23:14.543]                             muffled <- TRUE
[10:23:14.543]                             break
[10:23:14.543]                           }
[10:23:14.543]                         }
[10:23:14.543]                       }
[10:23:14.543]                       invisible(muffled)
[10:23:14.543]                     }
[10:23:14.543]                     muffleCondition(cond, pattern = "^muffle")
[10:23:14.543]                   }
[10:23:14.543]                 }
[10:23:14.543]                 else {
[10:23:14.543]                   if (TRUE) {
[10:23:14.543]                     muffleCondition <- function (cond, pattern = "^muffle") 
[10:23:14.543]                     {
[10:23:14.543]                       inherits <- base::inherits
[10:23:14.543]                       invokeRestart <- base::invokeRestart
[10:23:14.543]                       is.null <- base::is.null
[10:23:14.543]                       muffled <- FALSE
[10:23:14.543]                       if (inherits(cond, "message")) {
[10:23:14.543]                         muffled <- grepl(pattern, "muffleMessage")
[10:23:14.543]                         if (muffled) 
[10:23:14.543]                           invokeRestart("muffleMessage")
[10:23:14.543]                       }
[10:23:14.543]                       else if (inherits(cond, "warning")) {
[10:23:14.543]                         muffled <- grepl(pattern, "muffleWarning")
[10:23:14.543]                         if (muffled) 
[10:23:14.543]                           invokeRestart("muffleWarning")
[10:23:14.543]                       }
[10:23:14.543]                       else if (inherits(cond, "condition")) {
[10:23:14.543]                         if (!is.null(pattern)) {
[10:23:14.543]                           computeRestarts <- base::computeRestarts
[10:23:14.543]                           grepl <- base::grepl
[10:23:14.543]                           restarts <- computeRestarts(cond)
[10:23:14.543]                           for (restart in restarts) {
[10:23:14.543]                             name <- restart$name
[10:23:14.543]                             if (is.null(name)) 
[10:23:14.543]                               next
[10:23:14.543]                             if (!grepl(pattern, name)) 
[10:23:14.543]                               next
[10:23:14.543]                             invokeRestart(restart)
[10:23:14.543]                             muffled <- TRUE
[10:23:14.543]                             break
[10:23:14.543]                           }
[10:23:14.543]                         }
[10:23:14.543]                       }
[10:23:14.543]                       invisible(muffled)
[10:23:14.543]                     }
[10:23:14.543]                     muffleCondition(cond, pattern = "^muffle")
[10:23:14.543]                   }
[10:23:14.543]                 }
[10:23:14.543]             }
[10:23:14.543]         }))
[10:23:14.543]     }, error = function(ex) {
[10:23:14.543]         base::structure(base::list(value = NULL, visible = NULL, 
[10:23:14.543]             conditions = ...future.conditions, rng = !identical(base::globalenv()$.Random.seed, 
[10:23:14.543]                 ...future.rng), started = ...future.startTime, 
[10:23:14.543]             finished = Sys.time(), session_uuid = NA_character_, 
[10:23:14.543]             version = "1.8"), class = "FutureResult")
[10:23:14.543]     }, finally = {
[10:23:14.543]         if (!identical(...future.workdir, getwd())) 
[10:23:14.543]             setwd(...future.workdir)
[10:23:14.543]         {
[10:23:14.543]             if (identical(getOption("nwarnings"), ...future.oldOptions$nwarnings)) {
[10:23:14.543]                 ...future.oldOptions$nwarnings <- NULL
[10:23:14.543]             }
[10:23:14.543]             base::options(...future.oldOptions)
[10:23:14.543]             if (.Platform$OS.type == "windows") {
[10:23:14.543]                 old_names <- names(...future.oldEnvVars)
[10:23:14.543]                 envs <- base::Sys.getenv()
[10:23:14.543]                 names <- names(envs)
[10:23:14.543]                 common <- intersect(names, old_names)
[10:23:14.543]                 added <- setdiff(names, old_names)
[10:23:14.543]                 removed <- setdiff(old_names, names)
[10:23:14.543]                 changed <- common[...future.oldEnvVars[common] != 
[10:23:14.543]                   envs[common]]
[10:23:14.543]                 NAMES <- toupper(changed)
[10:23:14.543]                 args <- list()
[10:23:14.543]                 for (kk in seq_along(NAMES)) {
[10:23:14.543]                   name <- changed[[kk]]
[10:23:14.543]                   NAME <- NAMES[[kk]]
[10:23:14.543]                   if (name != NAME && is.element(NAME, old_names)) 
[10:23:14.543]                     next
[10:23:14.543]                   args[[name]] <- ...future.oldEnvVars[[name]]
[10:23:14.543]                 }
[10:23:14.543]                 NAMES <- toupper(added)
[10:23:14.543]                 for (kk in seq_along(NAMES)) {
[10:23:14.543]                   name <- added[[kk]]
[10:23:14.543]                   NAME <- NAMES[[kk]]
[10:23:14.543]                   if (name != NAME && is.element(NAME, old_names)) 
[10:23:14.543]                     next
[10:23:14.543]                   args[[name]] <- ""
[10:23:14.543]                 }
[10:23:14.543]                 NAMES <- toupper(removed)
[10:23:14.543]                 for (kk in seq_along(NAMES)) {
[10:23:14.543]                   name <- removed[[kk]]
[10:23:14.543]                   NAME <- NAMES[[kk]]
[10:23:14.543]                   if (name != NAME && is.element(NAME, old_names)) 
[10:23:14.543]                     next
[10:23:14.543]                   args[[name]] <- ...future.oldEnvVars[[name]]
[10:23:14.543]                 }
[10:23:14.543]                 if (length(args) > 0) 
[10:23:14.543]                   base::do.call(base::Sys.setenv, args = args)
[10:23:14.543]                 args <- names <- old_names <- NAMES <- envs <- common <- added <- removed <- NULL
[10:23:14.543]             }
[10:23:14.543]             else {
[10:23:14.543]                 base::do.call(base::Sys.setenv, args = base::as.list(...future.oldEnvVars))
[10:23:14.543]             }
[10:23:14.543]             {
[10:23:14.543]                 if (base::length(...future.futureOptionsAdded) > 
[10:23:14.543]                   0L) {
[10:23:14.543]                   opts <- base::vector("list", length = base::length(...future.futureOptionsAdded))
[10:23:14.543]                   base::names(opts) <- ...future.futureOptionsAdded
[10:23:14.543]                   base::options(opts)
[10:23:14.543]                 }
[10:23:14.543]                 {
[10:23:14.543]                   {
[10:23:14.543]                     NULL
[10:23:14.543]                     RNGkind("Mersenne-Twister")
[10:23:14.543]                     base::rm(list = ".Random.seed", envir = base::globalenv(), 
[10:23:14.543]                       inherits = FALSE)
[10:23:14.543]                   }
[10:23:14.543]                   options(future.plan = NULL)
[10:23:14.543]                   if (is.na(NA_character_)) 
[10:23:14.543]                     Sys.unsetenv("R_FUTURE_PLAN")
[10:23:14.543]                   else Sys.setenv(R_FUTURE_PLAN = NA_character_)
[10:23:14.543]                   future::plan(...future.strategy.old, .cleanup = FALSE, 
[10:23:14.543]                     .init = FALSE)
[10:23:14.543]                 }
[10:23:14.543]             }
[10:23:14.543]         }
[10:23:14.543]     })
[10:23:14.543]     if (TRUE) {
[10:23:14.543]         base::sink(type = "output", split = FALSE)
[10:23:14.543]         if (TRUE) {
[10:23:14.543]             ...future.result$stdout <- base::rawToChar(base::rawConnectionValue(...future.stdout))
[10:23:14.543]         }
[10:23:14.543]         else {
[10:23:14.543]             ...future.result["stdout"] <- base::list(NULL)
[10:23:14.543]         }
[10:23:14.543]         base::close(...future.stdout)
[10:23:14.543]         ...future.stdout <- NULL
[10:23:14.543]     }
[10:23:14.543]     ...future.result$conditions <- ...future.conditions
[10:23:14.543]     ...future.result$finished <- base::Sys.time()
[10:23:14.543]     ...future.result
[10:23:14.543] }
[10:23:14.548] plan(): Setting new future strategy stack:
[10:23:14.548] List of future strategies:
[10:23:14.548] 1. sequential:
[10:23:14.548]    - args: function (..., envir = parent.frame(), workers = "<NULL>")
[10:23:14.548]    - tweaked: FALSE
[10:23:14.548]    - call: NULL
[10:23:14.549] plan(): nbrOfWorkers() = 1
[10:23:14.550] plan(): Setting new future strategy stack:
[10:23:14.550] List of future strategies:
[10:23:14.550] 1. sequential:
[10:23:14.550]    - args: function (..., envir = parent.frame(), workers = "<NULL>")
[10:23:14.550]    - tweaked: FALSE
[10:23:14.550]    - call: future::plan("sequential")
[10:23:14.553] plan(): nbrOfWorkers() = 1
[10:23:14.553] SequentialFuture started (and completed)
[10:23:14.554] - Launch lazy future ... done
[10:23:14.554] run() for ‘SequentialFuture’ ... done
> print(v)
[1] 2
> stopifnot(identical(v, 2L))
> 
> stopifnot("stats" %in% loadedNamespaces())
> 
> message("- SequentialFuture() - 'local = FALSE' is defunct ...")
- SequentialFuture() - 'local = FALSE' is defunct ...
> 
> res <- tryCatch({
+   f <- SequentialFuture(42, local = FALSE)
+ }, error = identity)
[10:23:14.554] getGlobalsAndPackages() ...
[10:23:14.554] Searching for globals...
[10:23:14.555] 
[10:23:14.555] Searching for globals ... DONE
[10:23:14.555] - globals: [0] <none>
[10:23:14.555] getGlobalsAndPackages() ... DONE
> stopifnot(inherits(res, "error"))
> 
> message("*** sequential() ... DONE")
*** sequential() ... DONE
> 
> source("incl/end.R")
[10:23:14.556] plan(): Setting new future strategy stack:
[10:23:14.556] List of future strategies:
[10:23:14.556] 1. FutureStrategy:
[10:23:14.556]    - args: function (..., envir = parent.frame(), workers = "<NULL>")
[10:23:14.556]    - tweaked: FALSE
[10:23:14.556]    - call: future::plan(oplan)
[10:23:14.598] plan(): nbrOfWorkers() = 1
> 
