
R version 4.4.3 (2025-02-28) -- "Trophy Case"
Copyright (C) 2025 The R Foundation for Statistical Computing
Platform: x86_64-pc-linux-gnu

R is free software and comes with ABSOLUTELY NO WARRANTY.
You are welcome to redistribute it under certain conditions.
Type 'license()' or 'licence()' for distribution details.

R is a collaborative project with many contributors.
Type 'contributors()' for more information and
'citation()' on how to cite R or R packages in publications.

Type 'demo()' for some demos, 'help()' for on-line help, or
'help.start()' for an HTML browser interface to help.
Type 'q()' to quit R.

> source("incl/start,load-only.R")
[10:23:18.993] plan(): Setting new future strategy stack:
[10:23:18.993] List of future strategies:
[10:23:18.993] 1. sequential:
[10:23:18.993]    - args: function (..., envir = parent.frame(), workers = "<NULL>")
[10:23:18.993]    - tweaked: FALSE
[10:23:18.993]    - call: future::plan("sequential")
[10:23:19.004] plan(): nbrOfWorkers() = 1
> 
> message("*** Tweaking future strategies ...")
*** Tweaking future strategies ...
> 
> message("*** y <- tweak(future::sequential) ...")
*** y <- tweak(future::sequential) ...
> sequential2 <- future::tweak(future::sequential)
> print(args(sequential2))
function (..., envir = parent.frame()) 
NULL
> stopifnot(identical(sequential2, future::sequential))
> stopifnot(!inherits(sequential2, "tweaked"))
> 
> 
> message("*** y <- tweak(future::sequential, abc = FALSE) ...")
*** y <- tweak(future::sequential, abc = FALSE) ...
> sequential2 <- future::tweak(future::sequential, abc = FALSE)
Warning: Detected 1 unknown future arguments: ‘abc’
> print(args(sequential2))
function (..., abc = FALSE, envir = parent.frame()) 
NULL
> stopifnot(!identical(sequential2, future::sequential))
> stopifnot(inherits(sequential2, "tweaked"))
> stopifnot(identical(formals(sequential2)$abc, FALSE))
> 
> 
> message("*** y <- tweak('sequential', abc = FALSE) ...")
*** y <- tweak('sequential', abc = FALSE) ...
> sequential2 <- future::tweak("sequential", abc = FALSE)
Warning: Detected 1 unknown future arguments: ‘abc’
> print(args(sequential2))
function (..., abc = FALSE, envir = parent.frame()) 
NULL
> stopifnot(!identical(sequential2, future::sequential))
> stopifnot(inherits(sequential2, "tweaked"))
> stopifnot(identical(formals(sequential2)$abc, FALSE))
> 
> 
> library("future")
[10:23:19.026] Option 'future.startup.script': TRUE
[10:23:19.026] Future startup scripts considered: ‘.future.R’, ‘~/.future.R’
[10:23:19.026] Future startup scripts found: <none>
> 
> message("*** y <- tweak(sequential, abc = FALSE) ...")
*** y <- tweak(sequential, abc = FALSE) ...
> sequential2 <- future::tweak(sequential, abc = FALSE)
Warning: Detected 1 unknown future arguments: ‘abc’
> print(args(sequential2))
function (..., abc = FALSE, envir = parent.frame()) 
NULL
> stopifnot(!identical(sequential2, future::sequential))
> stopifnot(inherits(sequential2, "tweaked"))
> stopifnot(identical(formals(sequential2)$abc, FALSE))
> 
> message("*** y <- tweak('sequential', abc = FALSE) ...")
*** y <- tweak('sequential', abc = FALSE) ...
> sequential2 <- future::tweak('sequential', abc = FALSE)
Warning: Detected 1 unknown future arguments: ‘abc’
> print(args(sequential2))
function (..., abc = FALSE, envir = parent.frame()) 
NULL
> stopifnot(!identical(sequential2, future::sequential))
> stopifnot(inherits(sequential2, "tweaked"))
> stopifnot(identical(formals(sequential2)$abc, FALSE))
> 
> 
> message("*** y <- tweak('sequential', abc = FALSE, abc = 1, def = TRUE) ...")
*** y <- tweak('sequential', abc = FALSE, abc = 1, def = TRUE) ...
> res <- tryCatch({
+   sequential2 <- future::tweak('sequential', abc = FALSE, abc = 1, def = TRUE)
+ }, warning = function(w) {
+   w
+ })
> stopifnot(inherits(res, "warning"))
> sequential2 <- future::tweak('sequential', abc = FALSE, abc = 1, def = TRUE)
Warning: Detected 2 unknown future arguments: ‘abc’, ‘def’
> print(args(sequential2))
function (..., abc = FALSE, def = TRUE, envir = parent.frame()) 
NULL
> stopifnot(!identical(sequential2, future::sequential))
> stopifnot(inherits(sequential2, "tweaked"))
> stopifnot(identical(formals(sequential2)$abc, FALSE))
> 
> 
> 
> message("*** y <- tweak(cluster, rscript_startup = quote(...)) ...")
*** y <- tweak(cluster, rscript_startup = quote(...)) ...
> cl <- 42L
> cluster2 <- tweak(cluster, workers = cl, rscript_startup = quote(options(abc = 42L)))
> print(args(cluster2))
function (..., workers = 42L, rscript_startup = quote(options(abc = 42L)), 
    envir = parent.frame()) 
NULL
> stopifnot(!identical(cluster2, future::cluster))
> stopifnot(inherits(cluster2, "tweaked"))
> formals2 <- formals(cluster2)
> stopifnot(identical(formals2$workers, cl))
> stopifnot("rscript_startup" %in% names(formals2))
> rscript_startup <- formals2$rscript_startup
> stopifnot(!is.null(rscript_startup),
+           is.language(rscript_startup), is.call(rscript_startup))
> value <- eval(rscript_startup)
> stopifnot(is.language(value), is.call(value))
> 
> 
> message("*** plan() - tweak without introducting package dependencies ...")
*** plan() - tweak without introducting package dependencies ...
> 
> ## Requires a auxillary package that is available and not already loaded
> if (!covr_testing && requireNamespace("grid")) {
+   local({
+     cl <- makeClusterPSOCK(1L)
+     on.exit(parallel:::stopCluster(cl))
+     ns0 <- unlist(parallel::clusterEvalQ(cl, loadedNamespaces()))
+ 
+     ## When using futures, the 'future' package is loaded on the worker
+     ns0 <- c(ns0, c("tools", "parallelly",
+                     "codetools", "digest", "globals", "listenv", "future"))
+     if (!is.element("grid", ns0)) {
+       ## Assert that a global copy from a package does not trigger
+       ## that package from being loaded on the worker
+       dummy <- grid::depth
+       oplan <- future::plan(future::cluster, workers = cl)
+       on.exit(future::plan(oplan), add = TRUE)
+       ns <- unlist(parallel::clusterEvalQ(cl, loadedNamespaces()))
+       diff <- setdiff(ns, ns0)
+       if ("covr" %in% diff) diff <- setdiff(diff, c("lazyeval", "rex", "covr"))
+       if (length(diff) > 0) {
+         print(loadedNamespaces())
+         stop("plan() with a tweak() causes new packages to be loaded: ", sQuote(paste(diff, collapse = ", ")))
+       }
+     }
+   })
+ }
Loading required namespace: grid
[10:23:19.444] plan(): Setting new future strategy stack:
[10:23:19.444] List of future strategies:
[10:23:19.444] 1. cluster:
[10:23:19.444]    - args: function (..., workers = "<Socket cluster with 1 nodes where 1 node is on host ‘localhost’ (R version 4.4.3 (2025-02-28), platform x86_64-pc-linux-gnu)>", envir = parent.frame())
[10:23:19.444]    - tweaked: TRUE
[10:23:19.444]    - call: future::plan(future::cluster, workers = cl)
[10:23:19.457] plan(): plan_init() of ‘tweaked’, ‘cluster’, ‘multiprocess’, ‘future’, ‘function’ ...
[10:23:19.457] cluster:
[10:23:19.457] - args: function (..., workers = "<Socket cluster with 1 nodes where 1 node is on host ‘localhost’ (R version 4.4.3 (2025-02-28), platform x86_64-pc-linux-gnu)>", envir = parent.frame())
[10:23:19.457] - tweaked: TRUE
[10:23:19.457] - call: future::plan(future::cluster, workers = cl)
[10:23:19.459] getGlobalsAndPackages() ...
[10:23:19.459] Not searching for globals
[10:23:19.460] - globals: [0] <none>
[10:23:19.460] getGlobalsAndPackages() ... DONE
[10:23:19.468] Packages needed by the future expression (n = 0): <none>
[10:23:19.468] Packages needed by future strategies (n = 0): <none>
[10:23:19.469] {
[10:23:19.469]     {
[10:23:19.469]         {
[10:23:19.469]             ...future.startTime <- base::Sys.time()
[10:23:19.469]             {
[10:23:19.469]                 {
[10:23:19.469]                   {
[10:23:19.469]                     base::local({
[10:23:19.469]                       has_future <- base::requireNamespace("future", 
[10:23:19.469]                         quietly = TRUE)
[10:23:19.469]                       if (has_future) {
[10:23:19.469]                         ns <- base::getNamespace("future")
[10:23:19.469]                         version <- ns[[".package"]][["version"]]
[10:23:19.469]                         if (is.null(version)) 
[10:23:19.469]                           version <- utils::packageVersion("future")
[10:23:19.469]                       }
[10:23:19.469]                       else {
[10:23:19.469]                         version <- NULL
[10:23:19.469]                       }
[10:23:19.469]                       if (!has_future || version < "1.8.0") {
[10:23:19.469]                         info <- base::c(r_version = base::gsub("R version ", 
[10:23:19.469]                           "", base::R.version$version.string), 
[10:23:19.469]                           platform = base::sprintf("%s (%s-bit)", 
[10:23:19.469]                             base::R.version$platform, 8 * base::.Machine$sizeof.pointer), 
[10:23:19.469]                           os = base::paste(base::Sys.info()[base::c("sysname", 
[10:23:19.469]                             "release", "version")], collapse = " "), 
[10:23:19.469]                           hostname = base::Sys.info()[["nodename"]])
[10:23:19.469]                         info <- base::sprintf("%s: %s", base::names(info), 
[10:23:19.469]                           info)
[10:23:19.469]                         info <- base::paste(info, collapse = "; ")
[10:23:19.469]                         if (!has_future) {
[10:23:19.469]                           msg <- base::sprintf("Package 'future' is not installed on worker (%s)", 
[10:23:19.469]                             info)
[10:23:19.469]                         }
[10:23:19.469]                         else {
[10:23:19.469]                           msg <- base::sprintf("Package 'future' on worker (%s) must be of version >= 1.8.0: %s", 
[10:23:19.469]                             info, version)
[10:23:19.469]                         }
[10:23:19.469]                         base::stop(msg)
[10:23:19.469]                       }
[10:23:19.469]                     })
[10:23:19.469]                   }
[10:23:19.469]                   ...future.strategy.old <- future::plan("list")
[10:23:19.469]                   options(future.plan = NULL)
[10:23:19.469]                   Sys.unsetenv("R_FUTURE_PLAN")
[10:23:19.469]                   future::plan("default", .cleanup = FALSE, .init = FALSE)
[10:23:19.469]                 }
[10:23:19.469]                 ...future.workdir <- getwd()
[10:23:19.469]             }
[10:23:19.469]             ...future.oldOptions <- base::as.list(base::.Options)
[10:23:19.469]             ...future.oldEnvVars <- base::Sys.getenv()
[10:23:19.469]         }
[10:23:19.469]         base::options(future.startup.script = FALSE, future.globals.onMissing = NULL, 
[10:23:19.469]             future.globals.maxSize = NULL, future.globals.method = NULL, 
[10:23:19.469]             future.globals.onMissing = NULL, future.globals.onReference = NULL, 
[10:23:19.469]             future.globals.resolve = NULL, future.resolve.recursive = NULL, 
[10:23:19.469]             future.rng.onMisuse = NULL, future.rng.onMisuse.keepFuture = NULL, 
[10:23:19.469]             future.stdout.windows.reencode = NULL, width = 80L)
[10:23:19.469]         ...future.futureOptionsAdded <- base::setdiff(base::names(base::.Options), 
[10:23:19.469]             base::names(...future.oldOptions))
[10:23:19.469]     }
[10:23:19.469]     if (FALSE) {
[10:23:19.469]     }
[10:23:19.469]     else {
[10:23:19.469]         if (TRUE) {
[10:23:19.469]             ...future.stdout <- base::rawConnection(base::raw(0L), 
[10:23:19.469]                 open = "w")
[10:23:19.469]         }
[10:23:19.469]         else {
[10:23:19.469]             ...future.stdout <- base::file(base::switch(.Platform$OS.type, 
[10:23:19.469]                 windows = "NUL", "/dev/null"), open = "w")
[10:23:19.469]         }
[10:23:19.469]         base::sink(...future.stdout, type = "output", split = FALSE)
[10:23:19.469]         base::on.exit(if (!base::is.null(...future.stdout)) {
[10:23:19.469]             base::sink(type = "output", split = FALSE)
[10:23:19.469]             base::close(...future.stdout)
[10:23:19.469]         }, add = TRUE)
[10:23:19.469]     }
[10:23:19.469]     ...future.frame <- base::sys.nframe()
[10:23:19.469]     ...future.conditions <- base::list()
[10:23:19.469]     ...future.rng <- base::globalenv()$.Random.seed
[10:23:19.469]     if (FALSE) {
[10:23:19.469]         ...future.globalenv.names <- c(base::names(base::.GlobalEnv), 
[10:23:19.469]             "...future.value", "...future.globalenv.names", ".Random.seed")
[10:23:19.469]     }
[10:23:19.469]     ...future.result <- base::tryCatch({
[10:23:19.469]         base::withCallingHandlers({
[10:23:19.469]             ...future.value <- base::withVisible(base::local({
[10:23:19.469]                 ...future.makeSendCondition <- base::local({
[10:23:19.469]                   sendCondition <- NULL
[10:23:19.469]                   function(frame = 1L) {
[10:23:19.469]                     if (is.function(sendCondition)) 
[10:23:19.469]                       return(sendCondition)
[10:23:19.469]                     ns <- getNamespace("parallel")
[10:23:19.469]                     if (exists("sendData", mode = "function", 
[10:23:19.469]                       envir = ns)) {
[10:23:19.469]                       parallel_sendData <- get("sendData", mode = "function", 
[10:23:19.469]                         envir = ns)
[10:23:19.469]                       envir <- sys.frame(frame)
[10:23:19.469]                       master <- NULL
[10:23:19.469]                       while (!identical(envir, .GlobalEnv) && 
[10:23:19.469]                         !identical(envir, emptyenv())) {
[10:23:19.469]                         if (exists("master", mode = "list", envir = envir, 
[10:23:19.469]                           inherits = FALSE)) {
[10:23:19.469]                           master <- get("master", mode = "list", 
[10:23:19.469]                             envir = envir, inherits = FALSE)
[10:23:19.469]                           if (inherits(master, c("SOCKnode", 
[10:23:19.469]                             "SOCK0node"))) {
[10:23:19.469]                             sendCondition <<- function(cond) {
[10:23:19.469]                               data <- list(type = "VALUE", value = cond, 
[10:23:19.469]                                 success = TRUE)
[10:23:19.469]                               parallel_sendData(master, data)
[10:23:19.469]                             }
[10:23:19.469]                             return(sendCondition)
[10:23:19.469]                           }
[10:23:19.469]                         }
[10:23:19.469]                         frame <- frame + 1L
[10:23:19.469]                         envir <- sys.frame(frame)
[10:23:19.469]                       }
[10:23:19.469]                     }
[10:23:19.469]                     sendCondition <<- function(cond) NULL
[10:23:19.469]                   }
[10:23:19.469]                 })
[10:23:19.469]                 withCallingHandlers({
[10:23:19.469]                   NA
[10:23:19.469]                 }, immediateCondition = function(cond) {
[10:23:19.469]                   sendCondition <- ...future.makeSendCondition()
[10:23:19.469]                   sendCondition(cond)
[10:23:19.469]                   muffleCondition <- function (cond, pattern = "^muffle") 
[10:23:19.469]                   {
[10:23:19.469]                     inherits <- base::inherits
[10:23:19.469]                     invokeRestart <- base::invokeRestart
[10:23:19.469]                     is.null <- base::is.null
[10:23:19.469]                     muffled <- FALSE
[10:23:19.469]                     if (inherits(cond, "message")) {
[10:23:19.469]                       muffled <- grepl(pattern, "muffleMessage")
[10:23:19.469]                       if (muffled) 
[10:23:19.469]                         invokeRestart("muffleMessage")
[10:23:19.469]                     }
[10:23:19.469]                     else if (inherits(cond, "warning")) {
[10:23:19.469]                       muffled <- grepl(pattern, "muffleWarning")
[10:23:19.469]                       if (muffled) 
[10:23:19.469]                         invokeRestart("muffleWarning")
[10:23:19.469]                     }
[10:23:19.469]                     else if (inherits(cond, "condition")) {
[10:23:19.469]                       if (!is.null(pattern)) {
[10:23:19.469]                         computeRestarts <- base::computeRestarts
[10:23:19.469]                         grepl <- base::grepl
[10:23:19.469]                         restarts <- computeRestarts(cond)
[10:23:19.469]                         for (restart in restarts) {
[10:23:19.469]                           name <- restart$name
[10:23:19.469]                           if (is.null(name)) 
[10:23:19.469]                             next
[10:23:19.469]                           if (!grepl(pattern, name)) 
[10:23:19.469]                             next
[10:23:19.469]                           invokeRestart(restart)
[10:23:19.469]                           muffled <- TRUE
[10:23:19.469]                           break
[10:23:19.469]                         }
[10:23:19.469]                       }
[10:23:19.469]                     }
[10:23:19.469]                     invisible(muffled)
[10:23:19.469]                   }
[10:23:19.469]                   muffleCondition(cond)
[10:23:19.469]                 })
[10:23:19.469]             }))
[10:23:19.469]             future::FutureResult(value = ...future.value$value, 
[10:23:19.469]                 visible = ...future.value$visible, rng = !identical(base::globalenv()$.Random.seed, 
[10:23:19.469]                   ...future.rng), globalenv = if (FALSE) 
[10:23:19.469]                   list(added = base::setdiff(base::names(base::.GlobalEnv), 
[10:23:19.469]                     ...future.globalenv.names))
[10:23:19.469]                 else NULL, started = ...future.startTime, version = "1.8")
[10:23:19.469]         }, condition = base::local({
[10:23:19.469]             c <- base::c
[10:23:19.469]             inherits <- base::inherits
[10:23:19.469]             invokeRestart <- base::invokeRestart
[10:23:19.469]             length <- base::length
[10:23:19.469]             list <- base::list
[10:23:19.469]             seq.int <- base::seq.int
[10:23:19.469]             signalCondition <- base::signalCondition
[10:23:19.469]             sys.calls <- base::sys.calls
[10:23:19.469]             `[[` <- base::`[[`
[10:23:19.469]             `+` <- base::`+`
[10:23:19.469]             `<<-` <- base::`<<-`
[10:23:19.469]             sysCalls <- function(calls = sys.calls(), from = 1L) {
[10:23:19.469]                 calls[seq.int(from = from + 12L, to = length(calls) - 
[10:23:19.469]                   3L)]
[10:23:19.469]             }
[10:23:19.469]             function(cond) {
[10:23:19.469]                 is_error <- inherits(cond, "error")
[10:23:19.469]                 ignore <- !is_error && !is.null(NULL) && inherits(cond, 
[10:23:19.469]                   NULL)
[10:23:19.469]                 if (is_error) {
[10:23:19.469]                   sessionInformation <- function() {
[10:23:19.469]                     list(r = base::R.Version(), locale = base::Sys.getlocale(), 
[10:23:19.469]                       rngkind = base::RNGkind(), namespaces = base::loadedNamespaces(), 
[10:23:19.469]                       search = base::search(), system = base::Sys.info())
[10:23:19.469]                   }
[10:23:19.469]                   ...future.conditions[[length(...future.conditions) + 
[10:23:19.469]                     1L]] <<- list(condition = cond, calls = c(sysCalls(from = ...future.frame), 
[10:23:19.469]                     cond$call), session = sessionInformation(), 
[10:23:19.469]                     timestamp = base::Sys.time(), signaled = 0L)
[10:23:19.469]                   signalCondition(cond)
[10:23:19.469]                 }
[10:23:19.469]                 else if (!ignore && TRUE && inherits(cond, c("condition", 
[10:23:19.469]                 "immediateCondition"))) {
[10:23:19.469]                   signal <- TRUE && inherits(cond, "immediateCondition")
[10:23:19.469]                   ...future.conditions[[length(...future.conditions) + 
[10:23:19.469]                     1L]] <<- list(condition = cond, signaled = base::as.integer(signal))
[10:23:19.469]                   if (TRUE && !signal) {
[10:23:19.469]                     muffleCondition <- function (cond, pattern = "^muffle") 
[10:23:19.469]                     {
[10:23:19.469]                       inherits <- base::inherits
[10:23:19.469]                       invokeRestart <- base::invokeRestart
[10:23:19.469]                       is.null <- base::is.null
[10:23:19.469]                       muffled <- FALSE
[10:23:19.469]                       if (inherits(cond, "message")) {
[10:23:19.469]                         muffled <- grepl(pattern, "muffleMessage")
[10:23:19.469]                         if (muffled) 
[10:23:19.469]                           invokeRestart("muffleMessage")
[10:23:19.469]                       }
[10:23:19.469]                       else if (inherits(cond, "warning")) {
[10:23:19.469]                         muffled <- grepl(pattern, "muffleWarning")
[10:23:19.469]                         if (muffled) 
[10:23:19.469]                           invokeRestart("muffleWarning")
[10:23:19.469]                       }
[10:23:19.469]                       else if (inherits(cond, "condition")) {
[10:23:19.469]                         if (!is.null(pattern)) {
[10:23:19.469]                           computeRestarts <- base::computeRestarts
[10:23:19.469]                           grepl <- base::grepl
[10:23:19.469]                           restarts <- computeRestarts(cond)
[10:23:19.469]                           for (restart in restarts) {
[10:23:19.469]                             name <- restart$name
[10:23:19.469]                             if (is.null(name)) 
[10:23:19.469]                               next
[10:23:19.469]                             if (!grepl(pattern, name)) 
[10:23:19.469]                               next
[10:23:19.469]                             invokeRestart(restart)
[10:23:19.469]                             muffled <- TRUE
[10:23:19.469]                             break
[10:23:19.469]                           }
[10:23:19.469]                         }
[10:23:19.469]                       }
[10:23:19.469]                       invisible(muffled)
[10:23:19.469]                     }
[10:23:19.469]                     muffleCondition(cond, pattern = "^muffle")
[10:23:19.469]                   }
[10:23:19.469]                 }
[10:23:19.469]                 else {
[10:23:19.469]                   if (TRUE) {
[10:23:19.469]                     muffleCondition <- function (cond, pattern = "^muffle") 
[10:23:19.469]                     {
[10:23:19.469]                       inherits <- base::inherits
[10:23:19.469]                       invokeRestart <- base::invokeRestart
[10:23:19.469]                       is.null <- base::is.null
[10:23:19.469]                       muffled <- FALSE
[10:23:19.469]                       if (inherits(cond, "message")) {
[10:23:19.469]                         muffled <- grepl(pattern, "muffleMessage")
[10:23:19.469]                         if (muffled) 
[10:23:19.469]                           invokeRestart("muffleMessage")
[10:23:19.469]                       }
[10:23:19.469]                       else if (inherits(cond, "warning")) {
[10:23:19.469]                         muffled <- grepl(pattern, "muffleWarning")
[10:23:19.469]                         if (muffled) 
[10:23:19.469]                           invokeRestart("muffleWarning")
[10:23:19.469]                       }
[10:23:19.469]                       else if (inherits(cond, "condition")) {
[10:23:19.469]                         if (!is.null(pattern)) {
[10:23:19.469]                           computeRestarts <- base::computeRestarts
[10:23:19.469]                           grepl <- base::grepl
[10:23:19.469]                           restarts <- computeRestarts(cond)
[10:23:19.469]                           for (restart in restarts) {
[10:23:19.469]                             name <- restart$name
[10:23:19.469]                             if (is.null(name)) 
[10:23:19.469]                               next
[10:23:19.469]                             if (!grepl(pattern, name)) 
[10:23:19.469]                               next
[10:23:19.469]                             invokeRestart(restart)
[10:23:19.469]                             muffled <- TRUE
[10:23:19.469]                             break
[10:23:19.469]                           }
[10:23:19.469]                         }
[10:23:19.469]                       }
[10:23:19.469]                       invisible(muffled)
[10:23:19.469]                     }
[10:23:19.469]                     muffleCondition(cond, pattern = "^muffle")
[10:23:19.469]                   }
[10:23:19.469]                 }
[10:23:19.469]             }
[10:23:19.469]         }))
[10:23:19.469]     }, error = function(ex) {
[10:23:19.469]         base::structure(base::list(value = NULL, visible = NULL, 
[10:23:19.469]             conditions = ...future.conditions, rng = !identical(base::globalenv()$.Random.seed, 
[10:23:19.469]                 ...future.rng), started = ...future.startTime, 
[10:23:19.469]             finished = Sys.time(), session_uuid = NA_character_, 
[10:23:19.469]             version = "1.8"), class = "FutureResult")
[10:23:19.469]     }, finally = {
[10:23:19.469]         if (!identical(...future.workdir, getwd())) 
[10:23:19.469]             setwd(...future.workdir)
[10:23:19.469]         {
[10:23:19.469]             if (identical(getOption("nwarnings"), ...future.oldOptions$nwarnings)) {
[10:23:19.469]                 ...future.oldOptions$nwarnings <- NULL
[10:23:19.469]             }
[10:23:19.469]             base::options(...future.oldOptions)
[10:23:19.469]             if (.Platform$OS.type == "windows") {
[10:23:19.469]                 old_names <- names(...future.oldEnvVars)
[10:23:19.469]                 envs <- base::Sys.getenv()
[10:23:19.469]                 names <- names(envs)
[10:23:19.469]                 common <- intersect(names, old_names)
[10:23:19.469]                 added <- setdiff(names, old_names)
[10:23:19.469]                 removed <- setdiff(old_names, names)
[10:23:19.469]                 changed <- common[...future.oldEnvVars[common] != 
[10:23:19.469]                   envs[common]]
[10:23:19.469]                 NAMES <- toupper(changed)
[10:23:19.469]                 args <- list()
[10:23:19.469]                 for (kk in seq_along(NAMES)) {
[10:23:19.469]                   name <- changed[[kk]]
[10:23:19.469]                   NAME <- NAMES[[kk]]
[10:23:19.469]                   if (name != NAME && is.element(NAME, old_names)) 
[10:23:19.469]                     next
[10:23:19.469]                   args[[name]] <- ...future.oldEnvVars[[name]]
[10:23:19.469]                 }
[10:23:19.469]                 NAMES <- toupper(added)
[10:23:19.469]                 for (kk in seq_along(NAMES)) {
[10:23:19.469]                   name <- added[[kk]]
[10:23:19.469]                   NAME <- NAMES[[kk]]
[10:23:19.469]                   if (name != NAME && is.element(NAME, old_names)) 
[10:23:19.469]                     next
[10:23:19.469]                   args[[name]] <- ""
[10:23:19.469]                 }
[10:23:19.469]                 NAMES <- toupper(removed)
[10:23:19.469]                 for (kk in seq_along(NAMES)) {
[10:23:19.469]                   name <- removed[[kk]]
[10:23:19.469]                   NAME <- NAMES[[kk]]
[10:23:19.469]                   if (name != NAME && is.element(NAME, old_names)) 
[10:23:19.469]                     next
[10:23:19.469]                   args[[name]] <- ...future.oldEnvVars[[name]]
[10:23:19.469]                 }
[10:23:19.469]                 if (length(args) > 0) 
[10:23:19.469]                   base::do.call(base::Sys.setenv, args = args)
[10:23:19.469]                 args <- names <- old_names <- NAMES <- envs <- common <- added <- removed <- NULL
[10:23:19.469]             }
[10:23:19.469]             else {
[10:23:19.469]                 base::do.call(base::Sys.setenv, args = base::as.list(...future.oldEnvVars))
[10:23:19.469]             }
[10:23:19.469]             {
[10:23:19.469]                 if (base::length(...future.futureOptionsAdded) > 
[10:23:19.469]                   0L) {
[10:23:19.469]                   opts <- base::vector("list", length = base::length(...future.futureOptionsAdded))
[10:23:19.469]                   base::names(opts) <- ...future.futureOptionsAdded
[10:23:19.469]                   base::options(opts)
[10:23:19.469]                 }
[10:23:19.469]                 {
[10:23:19.469]                   NULL
[10:23:19.469]                   options(future.plan = NULL)
[10:23:19.469]                   if (is.na(NA_character_)) 
[10:23:19.469]                     Sys.unsetenv("R_FUTURE_PLAN")
[10:23:19.469]                   else Sys.setenv(R_FUTURE_PLAN = NA_character_)
[10:23:19.469]                   future::plan(...future.strategy.old, .cleanup = FALSE, 
[10:23:19.469]                     .init = FALSE)
[10:23:19.469]                 }
[10:23:19.469]             }
[10:23:19.469]         }
[10:23:19.469]     })
[10:23:19.469]     if (TRUE) {
[10:23:19.469]         base::sink(type = "output", split = FALSE)
[10:23:19.469]         if (TRUE) {
[10:23:19.469]             ...future.result$stdout <- base::rawToChar(base::rawConnectionValue(...future.stdout))
[10:23:19.469]         }
[10:23:19.469]         else {
[10:23:19.469]             ...future.result["stdout"] <- base::list(NULL)
[10:23:19.469]         }
[10:23:19.469]         base::close(...future.stdout)
[10:23:19.469]         ...future.stdout <- NULL
[10:23:19.469]     }
[10:23:19.469]     ...future.result$conditions <- ...future.conditions
[10:23:19.469]     ...future.result$finished <- base::Sys.time()
[10:23:19.469]     ...future.result
[10:23:19.469] }
[10:23:19.523] ClusterFuture started
[10:23:19.523] result() for ClusterFuture ...
[10:23:19.523] receiveMessageFromWorker() for ClusterFuture ...
[10:23:19.524] - Validating connection of ClusterFuture
[10:23:19.554] - received message: FutureResult
[10:23:19.554] - Received FutureResult
[10:23:19.557] - Erased future from FutureRegistry
[10:23:19.557] result() for ClusterFuture ...
[10:23:19.557] - result already collected: FutureResult
[10:23:19.558] result() for ClusterFuture ... done
[10:23:19.558] receiveMessageFromWorker() for ClusterFuture ... done
[10:23:19.558] result() for ClusterFuture ... done
[10:23:19.558] result() for ClusterFuture ...
[10:23:19.558] - result already collected: FutureResult
[10:23:19.558] result() for ClusterFuture ... done
[10:23:19.558] plan(): plan_init() of ‘tweaked’, ‘cluster’, ‘multiprocess’, ‘future’, ‘function’ ... DONE
[10:23:19.558] plan(): nbrOfWorkers() = 1
[10:23:19.559] plan(): Setting new future strategy stack:
[10:23:19.559] List of future strategies:
[10:23:19.559] 1. sequential:
[10:23:19.559]    - args: function (..., envir = parent.frame(), workers = "<NULL>")
[10:23:19.559]    - tweaked: FALSE
[10:23:19.559]    - call: future::plan("sequential")
[10:23:19.560] plan(): nbrOfWorkers() = 1
> 
> message("*** plan() - tweak without introducting package dependencies ... DONE")
*** plan() - tweak without introducting package dependencies ... DONE
> 
> 
> message("*** y %<-% { expr } %tweak% tweaks ...")
*** y %<-% { expr } %tweak% tweaks ...
> 
> plan(sequential)
[10:23:19.560] plan(): Setting new future strategy stack:
[10:23:19.560] List of future strategies:
[10:23:19.560] 1. sequential:
[10:23:19.560]    - args: function (..., envir = parent.frame(), workers = "<NULL>")
[10:23:19.560]    - tweaked: FALSE
[10:23:19.560]    - call: plan(sequential)
[10:23:19.561] plan(): nbrOfWorkers() = 1
> 
> a <- 0
> x %<-% { a <- 1; a }
[10:23:19.562] getGlobalsAndPackages() ...
[10:23:19.562] Searching for globals...
[10:23:19.570] - globals found: [2] ‘{’, ‘<-’
[10:23:19.570] Searching for globals ... DONE
[10:23:19.570] Resolving globals: FALSE
[10:23:19.571] 
[10:23:19.571] 
[10:23:19.571] getGlobalsAndPackages() ... DONE
[10:23:19.572] run() for ‘Future’ ...
[10:23:19.572] - state: ‘created’
[10:23:19.572] - Future backend: ‘FutureStrategy’, ‘sequential’, ‘uniprocess’, ‘future’, ‘function’
[10:23:19.572] - Future class: ‘SequentialFuture’, ‘UniprocessFuture’, ‘Future’, ‘environment’
[10:23:19.572] - Copy elements of temporary ‘SequentialFuture’ to final ‘Future’ object ...
[10:23:19.573]   - Field: ‘label’
[10:23:19.573]   - Field: ‘local’
[10:23:19.573]   - Field: ‘owner’
[10:23:19.573]   - Field: ‘envir’
[10:23:19.573]   - Field: ‘packages’
[10:23:19.573]   - Field: ‘gc’
[10:23:19.573]   - Field: ‘conditions’
[10:23:19.573]   - Field: ‘expr’
[10:23:19.573]   - Field: ‘uuid’
[10:23:19.574]   - Field: ‘seed’
[10:23:19.574]   - Field: ‘version’
[10:23:19.574]   - Field: ‘result’
[10:23:19.574]   - Field: ‘asynchronous’
[10:23:19.574]   - Field: ‘calls’
[10:23:19.574]   - Field: ‘globals’
[10:23:19.574]   - Field: ‘stdout’
[10:23:19.574]   - Field: ‘earlySignal’
[10:23:19.575]   - Field: ‘lazy’
[10:23:19.575]   - Field: ‘state’
[10:23:19.575] - Copy elements of temporary ‘SequentialFuture’ to final ‘Future’ object ... done
[10:23:19.575] - Launch lazy future ...
[10:23:19.575] Packages needed by the future expression (n = 0): <none>
[10:23:19.576] Packages needed by future strategies (n = 0): <none>
[10:23:19.576] {
[10:23:19.576]     {
[10:23:19.576]         {
[10:23:19.576]             ...future.startTime <- base::Sys.time()
[10:23:19.576]             {
[10:23:19.576]                 {
[10:23:19.576]                   {
[10:23:19.576]                     base::local({
[10:23:19.576]                       has_future <- base::requireNamespace("future", 
[10:23:19.576]                         quietly = TRUE)
[10:23:19.576]                       if (has_future) {
[10:23:19.576]                         ns <- base::getNamespace("future")
[10:23:19.576]                         version <- ns[[".package"]][["version"]]
[10:23:19.576]                         if (is.null(version)) 
[10:23:19.576]                           version <- utils::packageVersion("future")
[10:23:19.576]                       }
[10:23:19.576]                       else {
[10:23:19.576]                         version <- NULL
[10:23:19.576]                       }
[10:23:19.576]                       if (!has_future || version < "1.8.0") {
[10:23:19.576]                         info <- base::c(r_version = base::gsub("R version ", 
[10:23:19.576]                           "", base::R.version$version.string), 
[10:23:19.576]                           platform = base::sprintf("%s (%s-bit)", 
[10:23:19.576]                             base::R.version$platform, 8 * base::.Machine$sizeof.pointer), 
[10:23:19.576]                           os = base::paste(base::Sys.info()[base::c("sysname", 
[10:23:19.576]                             "release", "version")], collapse = " "), 
[10:23:19.576]                           hostname = base::Sys.info()[["nodename"]])
[10:23:19.576]                         info <- base::sprintf("%s: %s", base::names(info), 
[10:23:19.576]                           info)
[10:23:19.576]                         info <- base::paste(info, collapse = "; ")
[10:23:19.576]                         if (!has_future) {
[10:23:19.576]                           msg <- base::sprintf("Package 'future' is not installed on worker (%s)", 
[10:23:19.576]                             info)
[10:23:19.576]                         }
[10:23:19.576]                         else {
[10:23:19.576]                           msg <- base::sprintf("Package 'future' on worker (%s) must be of version >= 1.8.0: %s", 
[10:23:19.576]                             info, version)
[10:23:19.576]                         }
[10:23:19.576]                         base::stop(msg)
[10:23:19.576]                       }
[10:23:19.576]                     })
[10:23:19.576]                   }
[10:23:19.576]                   ...future.strategy.old <- future::plan("list")
[10:23:19.576]                   options(future.plan = NULL)
[10:23:19.576]                   Sys.unsetenv("R_FUTURE_PLAN")
[10:23:19.576]                   future::plan("default", .cleanup = FALSE, .init = FALSE)
[10:23:19.576]                 }
[10:23:19.576]                 ...future.workdir <- getwd()
[10:23:19.576]             }
[10:23:19.576]             ...future.oldOptions <- base::as.list(base::.Options)
[10:23:19.576]             ...future.oldEnvVars <- base::Sys.getenv()
[10:23:19.576]         }
[10:23:19.576]         base::options(future.startup.script = FALSE, future.globals.onMissing = NULL, 
[10:23:19.576]             future.globals.maxSize = NULL, future.globals.method = NULL, 
[10:23:19.576]             future.globals.onMissing = NULL, future.globals.onReference = NULL, 
[10:23:19.576]             future.globals.resolve = NULL, future.resolve.recursive = NULL, 
[10:23:19.576]             future.rng.onMisuse = NULL, future.rng.onMisuse.keepFuture = NULL, 
[10:23:19.576]             future.stdout.windows.reencode = NULL, width = 80L)
[10:23:19.576]         ...future.futureOptionsAdded <- base::setdiff(base::names(base::.Options), 
[10:23:19.576]             base::names(...future.oldOptions))
[10:23:19.576]     }
[10:23:19.576]     if (FALSE) {
[10:23:19.576]     }
[10:23:19.576]     else {
[10:23:19.576]         if (TRUE) {
[10:23:19.576]             ...future.stdout <- base::rawConnection(base::raw(0L), 
[10:23:19.576]                 open = "w")
[10:23:19.576]         }
[10:23:19.576]         else {
[10:23:19.576]             ...future.stdout <- base::file(base::switch(.Platform$OS.type, 
[10:23:19.576]                 windows = "NUL", "/dev/null"), open = "w")
[10:23:19.576]         }
[10:23:19.576]         base::sink(...future.stdout, type = "output", split = FALSE)
[10:23:19.576]         base::on.exit(if (!base::is.null(...future.stdout)) {
[10:23:19.576]             base::sink(type = "output", split = FALSE)
[10:23:19.576]             base::close(...future.stdout)
[10:23:19.576]         }, add = TRUE)
[10:23:19.576]     }
[10:23:19.576]     ...future.frame <- base::sys.nframe()
[10:23:19.576]     ...future.conditions <- base::list()
[10:23:19.576]     ...future.rng <- base::globalenv()$.Random.seed
[10:23:19.576]     if (FALSE) {
[10:23:19.576]         ...future.globalenv.names <- c(base::names(base::.GlobalEnv), 
[10:23:19.576]             "...future.value", "...future.globalenv.names", ".Random.seed")
[10:23:19.576]     }
[10:23:19.576]     ...future.result <- base::tryCatch({
[10:23:19.576]         base::withCallingHandlers({
[10:23:19.576]             ...future.value <- base::withVisible(base::local({
[10:23:19.576]                 a <- 1
[10:23:19.576]                 a
[10:23:19.576]             }))
[10:23:19.576]             future::FutureResult(value = ...future.value$value, 
[10:23:19.576]                 visible = ...future.value$visible, rng = !identical(base::globalenv()$.Random.seed, 
[10:23:19.576]                   ...future.rng), globalenv = if (FALSE) 
[10:23:19.576]                   list(added = base::setdiff(base::names(base::.GlobalEnv), 
[10:23:19.576]                     ...future.globalenv.names))
[10:23:19.576]                 else NULL, started = ...future.startTime, version = "1.8")
[10:23:19.576]         }, condition = base::local({
[10:23:19.576]             c <- base::c
[10:23:19.576]             inherits <- base::inherits
[10:23:19.576]             invokeRestart <- base::invokeRestart
[10:23:19.576]             length <- base::length
[10:23:19.576]             list <- base::list
[10:23:19.576]             seq.int <- base::seq.int
[10:23:19.576]             signalCondition <- base::signalCondition
[10:23:19.576]             sys.calls <- base::sys.calls
[10:23:19.576]             `[[` <- base::`[[`
[10:23:19.576]             `+` <- base::`+`
[10:23:19.576]             `<<-` <- base::`<<-`
[10:23:19.576]             sysCalls <- function(calls = sys.calls(), from = 1L) {
[10:23:19.576]                 calls[seq.int(from = from + 12L, to = length(calls) - 
[10:23:19.576]                   3L)]
[10:23:19.576]             }
[10:23:19.576]             function(cond) {
[10:23:19.576]                 is_error <- inherits(cond, "error")
[10:23:19.576]                 ignore <- !is_error && !is.null(NULL) && inherits(cond, 
[10:23:19.576]                   NULL)
[10:23:19.576]                 if (is_error) {
[10:23:19.576]                   sessionInformation <- function() {
[10:23:19.576]                     list(r = base::R.Version(), locale = base::Sys.getlocale(), 
[10:23:19.576]                       rngkind = base::RNGkind(), namespaces = base::loadedNamespaces(), 
[10:23:19.576]                       search = base::search(), system = base::Sys.info())
[10:23:19.576]                   }
[10:23:19.576]                   ...future.conditions[[length(...future.conditions) + 
[10:23:19.576]                     1L]] <<- list(condition = cond, calls = c(sysCalls(from = ...future.frame), 
[10:23:19.576]                     cond$call), session = sessionInformation(), 
[10:23:19.576]                     timestamp = base::Sys.time(), signaled = 0L)
[10:23:19.576]                   signalCondition(cond)
[10:23:19.576]                 }
[10:23:19.576]                 else if (!ignore && TRUE && inherits(cond, c("condition", 
[10:23:19.576]                 "immediateCondition"))) {
[10:23:19.576]                   signal <- TRUE && inherits(cond, "immediateCondition")
[10:23:19.576]                   ...future.conditions[[length(...future.conditions) + 
[10:23:19.576]                     1L]] <<- list(condition = cond, signaled = base::as.integer(signal))
[10:23:19.576]                   if (TRUE && !signal) {
[10:23:19.576]                     muffleCondition <- function (cond, pattern = "^muffle") 
[10:23:19.576]                     {
[10:23:19.576]                       inherits <- base::inherits
[10:23:19.576]                       invokeRestart <- base::invokeRestart
[10:23:19.576]                       is.null <- base::is.null
[10:23:19.576]                       muffled <- FALSE
[10:23:19.576]                       if (inherits(cond, "message")) {
[10:23:19.576]                         muffled <- grepl(pattern, "muffleMessage")
[10:23:19.576]                         if (muffled) 
[10:23:19.576]                           invokeRestart("muffleMessage")
[10:23:19.576]                       }
[10:23:19.576]                       else if (inherits(cond, "warning")) {
[10:23:19.576]                         muffled <- grepl(pattern, "muffleWarning")
[10:23:19.576]                         if (muffled) 
[10:23:19.576]                           invokeRestart("muffleWarning")
[10:23:19.576]                       }
[10:23:19.576]                       else if (inherits(cond, "condition")) {
[10:23:19.576]                         if (!is.null(pattern)) {
[10:23:19.576]                           computeRestarts <- base::computeRestarts
[10:23:19.576]                           grepl <- base::grepl
[10:23:19.576]                           restarts <- computeRestarts(cond)
[10:23:19.576]                           for (restart in restarts) {
[10:23:19.576]                             name <- restart$name
[10:23:19.576]                             if (is.null(name)) 
[10:23:19.576]                               next
[10:23:19.576]                             if (!grepl(pattern, name)) 
[10:23:19.576]                               next
[10:23:19.576]                             invokeRestart(restart)
[10:23:19.576]                             muffled <- TRUE
[10:23:19.576]                             break
[10:23:19.576]                           }
[10:23:19.576]                         }
[10:23:19.576]                       }
[10:23:19.576]                       invisible(muffled)
[10:23:19.576]                     }
[10:23:19.576]                     muffleCondition(cond, pattern = "^muffle")
[10:23:19.576]                   }
[10:23:19.576]                 }
[10:23:19.576]                 else {
[10:23:19.576]                   if (TRUE) {
[10:23:19.576]                     muffleCondition <- function (cond, pattern = "^muffle") 
[10:23:19.576]                     {
[10:23:19.576]                       inherits <- base::inherits
[10:23:19.576]                       invokeRestart <- base::invokeRestart
[10:23:19.576]                       is.null <- base::is.null
[10:23:19.576]                       muffled <- FALSE
[10:23:19.576]                       if (inherits(cond, "message")) {
[10:23:19.576]                         muffled <- grepl(pattern, "muffleMessage")
[10:23:19.576]                         if (muffled) 
[10:23:19.576]                           invokeRestart("muffleMessage")
[10:23:19.576]                       }
[10:23:19.576]                       else if (inherits(cond, "warning")) {
[10:23:19.576]                         muffled <- grepl(pattern, "muffleWarning")
[10:23:19.576]                         if (muffled) 
[10:23:19.576]                           invokeRestart("muffleWarning")
[10:23:19.576]                       }
[10:23:19.576]                       else if (inherits(cond, "condition")) {
[10:23:19.576]                         if (!is.null(pattern)) {
[10:23:19.576]                           computeRestarts <- base::computeRestarts
[10:23:19.576]                           grepl <- base::grepl
[10:23:19.576]                           restarts <- computeRestarts(cond)
[10:23:19.576]                           for (restart in restarts) {
[10:23:19.576]                             name <- restart$name
[10:23:19.576]                             if (is.null(name)) 
[10:23:19.576]                               next
[10:23:19.576]                             if (!grepl(pattern, name)) 
[10:23:19.576]                               next
[10:23:19.576]                             invokeRestart(restart)
[10:23:19.576]                             muffled <- TRUE
[10:23:19.576]                             break
[10:23:19.576]                           }
[10:23:19.576]                         }
[10:23:19.576]                       }
[10:23:19.576]                       invisible(muffled)
[10:23:19.576]                     }
[10:23:19.576]                     muffleCondition(cond, pattern = "^muffle")
[10:23:19.576]                   }
[10:23:19.576]                 }
[10:23:19.576]             }
[10:23:19.576]         }))
[10:23:19.576]     }, error = function(ex) {
[10:23:19.576]         base::structure(base::list(value = NULL, visible = NULL, 
[10:23:19.576]             conditions = ...future.conditions, rng = !identical(base::globalenv()$.Random.seed, 
[10:23:19.576]                 ...future.rng), started = ...future.startTime, 
[10:23:19.576]             finished = Sys.time(), session_uuid = NA_character_, 
[10:23:19.576]             version = "1.8"), class = "FutureResult")
[10:23:19.576]     }, finally = {
[10:23:19.576]         if (!identical(...future.workdir, getwd())) 
[10:23:19.576]             setwd(...future.workdir)
[10:23:19.576]         {
[10:23:19.576]             if (identical(getOption("nwarnings"), ...future.oldOptions$nwarnings)) {
[10:23:19.576]                 ...future.oldOptions$nwarnings <- NULL
[10:23:19.576]             }
[10:23:19.576]             base::options(...future.oldOptions)
[10:23:19.576]             if (.Platform$OS.type == "windows") {
[10:23:19.576]                 old_names <- names(...future.oldEnvVars)
[10:23:19.576]                 envs <- base::Sys.getenv()
[10:23:19.576]                 names <- names(envs)
[10:23:19.576]                 common <- intersect(names, old_names)
[10:23:19.576]                 added <- setdiff(names, old_names)
[10:23:19.576]                 removed <- setdiff(old_names, names)
[10:23:19.576]                 changed <- common[...future.oldEnvVars[common] != 
[10:23:19.576]                   envs[common]]
[10:23:19.576]                 NAMES <- toupper(changed)
[10:23:19.576]                 args <- list()
[10:23:19.576]                 for (kk in seq_along(NAMES)) {
[10:23:19.576]                   name <- changed[[kk]]
[10:23:19.576]                   NAME <- NAMES[[kk]]
[10:23:19.576]                   if (name != NAME && is.element(NAME, old_names)) 
[10:23:19.576]                     next
[10:23:19.576]                   args[[name]] <- ...future.oldEnvVars[[name]]
[10:23:19.576]                 }
[10:23:19.576]                 NAMES <- toupper(added)
[10:23:19.576]                 for (kk in seq_along(NAMES)) {
[10:23:19.576]                   name <- added[[kk]]
[10:23:19.576]                   NAME <- NAMES[[kk]]
[10:23:19.576]                   if (name != NAME && is.element(NAME, old_names)) 
[10:23:19.576]                     next
[10:23:19.576]                   args[[name]] <- ""
[10:23:19.576]                 }
[10:23:19.576]                 NAMES <- toupper(removed)
[10:23:19.576]                 for (kk in seq_along(NAMES)) {
[10:23:19.576]                   name <- removed[[kk]]
[10:23:19.576]                   NAME <- NAMES[[kk]]
[10:23:19.576]                   if (name != NAME && is.element(NAME, old_names)) 
[10:23:19.576]                     next
[10:23:19.576]                   args[[name]] <- ...future.oldEnvVars[[name]]
[10:23:19.576]                 }
[10:23:19.576]                 if (length(args) > 0) 
[10:23:19.576]                   base::do.call(base::Sys.setenv, args = args)
[10:23:19.576]                 args <- names <- old_names <- NAMES <- envs <- common <- added <- removed <- NULL
[10:23:19.576]             }
[10:23:19.576]             else {
[10:23:19.576]                 base::do.call(base::Sys.setenv, args = base::as.list(...future.oldEnvVars))
[10:23:19.576]             }
[10:23:19.576]             {
[10:23:19.576]                 if (base::length(...future.futureOptionsAdded) > 
[10:23:19.576]                   0L) {
[10:23:19.576]                   opts <- base::vector("list", length = base::length(...future.futureOptionsAdded))
[10:23:19.576]                   base::names(opts) <- ...future.futureOptionsAdded
[10:23:19.576]                   base::options(opts)
[10:23:19.576]                 }
[10:23:19.576]                 {
[10:23:19.576]                   {
[10:23:19.576]                     NULL
[10:23:19.576]                     RNGkind("Mersenne-Twister")
[10:23:19.576]                     base::rm(list = ".Random.seed", envir = base::globalenv(), 
[10:23:19.576]                       inherits = FALSE)
[10:23:19.576]                   }
[10:23:19.576]                   options(future.plan = NULL)
[10:23:19.576]                   if (is.na(NA_character_)) 
[10:23:19.576]                     Sys.unsetenv("R_FUTURE_PLAN")
[10:23:19.576]                   else Sys.setenv(R_FUTURE_PLAN = NA_character_)
[10:23:19.576]                   future::plan(...future.strategy.old, .cleanup = FALSE, 
[10:23:19.576]                     .init = FALSE)
[10:23:19.576]                 }
[10:23:19.576]             }
[10:23:19.576]         }
[10:23:19.576]     })
[10:23:19.576]     if (TRUE) {
[10:23:19.576]         base::sink(type = "output", split = FALSE)
[10:23:19.576]         if (TRUE) {
[10:23:19.576]             ...future.result$stdout <- base::rawToChar(base::rawConnectionValue(...future.stdout))
[10:23:19.576]         }
[10:23:19.576]         else {
[10:23:19.576]             ...future.result["stdout"] <- base::list(NULL)
[10:23:19.576]         }
[10:23:19.576]         base::close(...future.stdout)
[10:23:19.576]         ...future.stdout <- NULL
[10:23:19.576]     }
[10:23:19.576]     ...future.result$conditions <- ...future.conditions
[10:23:19.576]     ...future.result$finished <- base::Sys.time()
[10:23:19.576]     ...future.result
[10:23:19.576] }
[10:23:19.578] plan(): Setting new future strategy stack:
[10:23:19.578] List of future strategies:
[10:23:19.578] 1. sequential:
[10:23:19.578]    - args: function (..., envir = parent.frame(), workers = "<NULL>")
[10:23:19.578]    - tweaked: FALSE
[10:23:19.578]    - call: NULL
[10:23:19.579] plan(): nbrOfWorkers() = 1
[10:23:19.580] plan(): Setting new future strategy stack:
[10:23:19.580] List of future strategies:
[10:23:19.580] 1. sequential:
[10:23:19.580]    - args: function (..., envir = parent.frame(), workers = "<NULL>")
[10:23:19.580]    - tweaked: FALSE
[10:23:19.580]    - call: plan(sequential)
[10:23:19.581] plan(): nbrOfWorkers() = 1
[10:23:19.581] SequentialFuture started (and completed)
[10:23:19.582] - Launch lazy future ... done
[10:23:19.582] run() for ‘SequentialFuture’ ... done
> print(x)
[1] 1
> stopifnot(a == 0, x == 1)
> 
> 
> plan(sequential, abc = FALSE)
Warning: Detected 1 unknown future arguments: ‘abc’
[10:23:19.582] plan(): Setting new future strategy stack:
[10:23:19.582] List of future strategies:
[10:23:19.582] 1. sequential:
[10:23:19.582]    - args: function (..., abc = FALSE, envir = parent.frame(), workers = "<NULL>")
[10:23:19.582]    - tweaked: TRUE
[10:23:19.582]    - call: plan(sequential, abc = FALSE)
[10:23:19.583] plan(): nbrOfWorkers() = 1
> 
> a <- 0
> x %<-% { a <- 1; a }
[10:23:19.583] getGlobalsAndPackages() ...
[10:23:19.584] Searching for globals...
[10:23:19.585] - globals found: [2] ‘{’, ‘<-’
[10:23:19.585] Searching for globals ... DONE
[10:23:19.585] Resolving globals: FALSE
[10:23:19.586] 
[10:23:19.586] 
[10:23:19.586] getGlobalsAndPackages() ... DONE
[10:23:19.586] run() for ‘Future’ ...
[10:23:19.586] - state: ‘created’
[10:23:19.586] - Future backend: ‘FutureStrategy’, ‘tweaked’, ‘sequential’, ‘uniprocess’, ‘future’, ‘function’
[10:23:19.587] - Future class: ‘SequentialFuture’, ‘UniprocessFuture’, ‘Future’, ‘environment’
[10:23:19.587] - Copy elements of temporary ‘SequentialFuture’ to final ‘Future’ object ...
[10:23:19.587]   - Field: ‘label’
[10:23:19.587]   - Field: ‘local’
[10:23:19.587]   - Field: ‘owner’
[10:23:19.587]   - Field: ‘envir’
[10:23:19.587]   - Field: ‘packages’
[10:23:19.587]   - Field: ‘gc’
[10:23:19.588]   - Field: ‘conditions’
[10:23:19.588]   - Field: ‘expr’
[10:23:19.588]   - Field: ‘uuid’
[10:23:19.588]   - Field: ‘seed’
[10:23:19.588]   - Field: ‘version’
[10:23:19.588]   - Field: ‘result’
[10:23:19.588]   - Field: ‘asynchronous’
[10:23:19.588]   - Field: ‘calls’
[10:23:19.588]   - Field: ‘abc’
[10:23:19.589]   - Field: ‘globals’
[10:23:19.589]   - Field: ‘stdout’
[10:23:19.589]   - Field: ‘earlySignal’
[10:23:19.589]   - Field: ‘lazy’
[10:23:19.589]   - Field: ‘state’
[10:23:19.589] - Copy elements of temporary ‘SequentialFuture’ to final ‘Future’ object ... done
[10:23:19.589] - Launch lazy future ...
[10:23:19.589] Packages needed by the future expression (n = 0): <none>
[10:23:19.590] Packages needed by future strategies (n = 0): <none>
[10:23:19.590] {
[10:23:19.590]     {
[10:23:19.590]         {
[10:23:19.590]             ...future.startTime <- base::Sys.time()
[10:23:19.590]             {
[10:23:19.590]                 {
[10:23:19.590]                   {
[10:23:19.590]                     base::local({
[10:23:19.590]                       has_future <- base::requireNamespace("future", 
[10:23:19.590]                         quietly = TRUE)
[10:23:19.590]                       if (has_future) {
[10:23:19.590]                         ns <- base::getNamespace("future")
[10:23:19.590]                         version <- ns[[".package"]][["version"]]
[10:23:19.590]                         if (is.null(version)) 
[10:23:19.590]                           version <- utils::packageVersion("future")
[10:23:19.590]                       }
[10:23:19.590]                       else {
[10:23:19.590]                         version <- NULL
[10:23:19.590]                       }
[10:23:19.590]                       if (!has_future || version < "1.8.0") {
[10:23:19.590]                         info <- base::c(r_version = base::gsub("R version ", 
[10:23:19.590]                           "", base::R.version$version.string), 
[10:23:19.590]                           platform = base::sprintf("%s (%s-bit)", 
[10:23:19.590]                             base::R.version$platform, 8 * base::.Machine$sizeof.pointer), 
[10:23:19.590]                           os = base::paste(base::Sys.info()[base::c("sysname", 
[10:23:19.590]                             "release", "version")], collapse = " "), 
[10:23:19.590]                           hostname = base::Sys.info()[["nodename"]])
[10:23:19.590]                         info <- base::sprintf("%s: %s", base::names(info), 
[10:23:19.590]                           info)
[10:23:19.590]                         info <- base::paste(info, collapse = "; ")
[10:23:19.590]                         if (!has_future) {
[10:23:19.590]                           msg <- base::sprintf("Package 'future' is not installed on worker (%s)", 
[10:23:19.590]                             info)
[10:23:19.590]                         }
[10:23:19.590]                         else {
[10:23:19.590]                           msg <- base::sprintf("Package 'future' on worker (%s) must be of version >= 1.8.0: %s", 
[10:23:19.590]                             info, version)
[10:23:19.590]                         }
[10:23:19.590]                         base::stop(msg)
[10:23:19.590]                       }
[10:23:19.590]                     })
[10:23:19.590]                   }
[10:23:19.590]                   ...future.strategy.old <- future::plan("list")
[10:23:19.590]                   options(future.plan = NULL)
[10:23:19.590]                   Sys.unsetenv("R_FUTURE_PLAN")
[10:23:19.590]                   future::plan("default", .cleanup = FALSE, .init = FALSE)
[10:23:19.590]                 }
[10:23:19.590]                 ...future.workdir <- getwd()
[10:23:19.590]             }
[10:23:19.590]             ...future.oldOptions <- base::as.list(base::.Options)
[10:23:19.590]             ...future.oldEnvVars <- base::Sys.getenv()
[10:23:19.590]         }
[10:23:19.590]         base::options(future.startup.script = FALSE, future.globals.onMissing = NULL, 
[10:23:19.590]             future.globals.maxSize = NULL, future.globals.method = NULL, 
[10:23:19.590]             future.globals.onMissing = NULL, future.globals.onReference = NULL, 
[10:23:19.590]             future.globals.resolve = NULL, future.resolve.recursive = NULL, 
[10:23:19.590]             future.rng.onMisuse = NULL, future.rng.onMisuse.keepFuture = NULL, 
[10:23:19.590]             future.stdout.windows.reencode = NULL, width = 80L)
[10:23:19.590]         ...future.futureOptionsAdded <- base::setdiff(base::names(base::.Options), 
[10:23:19.590]             base::names(...future.oldOptions))
[10:23:19.590]     }
[10:23:19.590]     if (FALSE) {
[10:23:19.590]     }
[10:23:19.590]     else {
[10:23:19.590]         if (TRUE) {
[10:23:19.590]             ...future.stdout <- base::rawConnection(base::raw(0L), 
[10:23:19.590]                 open = "w")
[10:23:19.590]         }
[10:23:19.590]         else {
[10:23:19.590]             ...future.stdout <- base::file(base::switch(.Platform$OS.type, 
[10:23:19.590]                 windows = "NUL", "/dev/null"), open = "w")
[10:23:19.590]         }
[10:23:19.590]         base::sink(...future.stdout, type = "output", split = FALSE)
[10:23:19.590]         base::on.exit(if (!base::is.null(...future.stdout)) {
[10:23:19.590]             base::sink(type = "output", split = FALSE)
[10:23:19.590]             base::close(...future.stdout)
[10:23:19.590]         }, add = TRUE)
[10:23:19.590]     }
[10:23:19.590]     ...future.frame <- base::sys.nframe()
[10:23:19.590]     ...future.conditions <- base::list()
[10:23:19.590]     ...future.rng <- base::globalenv()$.Random.seed
[10:23:19.590]     if (FALSE) {
[10:23:19.590]         ...future.globalenv.names <- c(base::names(base::.GlobalEnv), 
[10:23:19.590]             "...future.value", "...future.globalenv.names", ".Random.seed")
[10:23:19.590]     }
[10:23:19.590]     ...future.result <- base::tryCatch({
[10:23:19.590]         base::withCallingHandlers({
[10:23:19.590]             ...future.value <- base::withVisible(base::local({
[10:23:19.590]                 a <- 1
[10:23:19.590]                 a
[10:23:19.590]             }))
[10:23:19.590]             future::FutureResult(value = ...future.value$value, 
[10:23:19.590]                 visible = ...future.value$visible, rng = !identical(base::globalenv()$.Random.seed, 
[10:23:19.590]                   ...future.rng), globalenv = if (FALSE) 
[10:23:19.590]                   list(added = base::setdiff(base::names(base::.GlobalEnv), 
[10:23:19.590]                     ...future.globalenv.names))
[10:23:19.590]                 else NULL, started = ...future.startTime, version = "1.8")
[10:23:19.590]         }, condition = base::local({
[10:23:19.590]             c <- base::c
[10:23:19.590]             inherits <- base::inherits
[10:23:19.590]             invokeRestart <- base::invokeRestart
[10:23:19.590]             length <- base::length
[10:23:19.590]             list <- base::list
[10:23:19.590]             seq.int <- base::seq.int
[10:23:19.590]             signalCondition <- base::signalCondition
[10:23:19.590]             sys.calls <- base::sys.calls
[10:23:19.590]             `[[` <- base::`[[`
[10:23:19.590]             `+` <- base::`+`
[10:23:19.590]             `<<-` <- base::`<<-`
[10:23:19.590]             sysCalls <- function(calls = sys.calls(), from = 1L) {
[10:23:19.590]                 calls[seq.int(from = from + 12L, to = length(calls) - 
[10:23:19.590]                   3L)]
[10:23:19.590]             }
[10:23:19.590]             function(cond) {
[10:23:19.590]                 is_error <- inherits(cond, "error")
[10:23:19.590]                 ignore <- !is_error && !is.null(NULL) && inherits(cond, 
[10:23:19.590]                   NULL)
[10:23:19.590]                 if (is_error) {
[10:23:19.590]                   sessionInformation <- function() {
[10:23:19.590]                     list(r = base::R.Version(), locale = base::Sys.getlocale(), 
[10:23:19.590]                       rngkind = base::RNGkind(), namespaces = base::loadedNamespaces(), 
[10:23:19.590]                       search = base::search(), system = base::Sys.info())
[10:23:19.590]                   }
[10:23:19.590]                   ...future.conditions[[length(...future.conditions) + 
[10:23:19.590]                     1L]] <<- list(condition = cond, calls = c(sysCalls(from = ...future.frame), 
[10:23:19.590]                     cond$call), session = sessionInformation(), 
[10:23:19.590]                     timestamp = base::Sys.time(), signaled = 0L)
[10:23:19.590]                   signalCondition(cond)
[10:23:19.590]                 }
[10:23:19.590]                 else if (!ignore && TRUE && inherits(cond, c("condition", 
[10:23:19.590]                 "immediateCondition"))) {
[10:23:19.590]                   signal <- TRUE && inherits(cond, "immediateCondition")
[10:23:19.590]                   ...future.conditions[[length(...future.conditions) + 
[10:23:19.590]                     1L]] <<- list(condition = cond, signaled = base::as.integer(signal))
[10:23:19.590]                   if (TRUE && !signal) {
[10:23:19.590]                     muffleCondition <- function (cond, pattern = "^muffle") 
[10:23:19.590]                     {
[10:23:19.590]                       inherits <- base::inherits
[10:23:19.590]                       invokeRestart <- base::invokeRestart
[10:23:19.590]                       is.null <- base::is.null
[10:23:19.590]                       muffled <- FALSE
[10:23:19.590]                       if (inherits(cond, "message")) {
[10:23:19.590]                         muffled <- grepl(pattern, "muffleMessage")
[10:23:19.590]                         if (muffled) 
[10:23:19.590]                           invokeRestart("muffleMessage")
[10:23:19.590]                       }
[10:23:19.590]                       else if (inherits(cond, "warning")) {
[10:23:19.590]                         muffled <- grepl(pattern, "muffleWarning")
[10:23:19.590]                         if (muffled) 
[10:23:19.590]                           invokeRestart("muffleWarning")
[10:23:19.590]                       }
[10:23:19.590]                       else if (inherits(cond, "condition")) {
[10:23:19.590]                         if (!is.null(pattern)) {
[10:23:19.590]                           computeRestarts <- base::computeRestarts
[10:23:19.590]                           grepl <- base::grepl
[10:23:19.590]                           restarts <- computeRestarts(cond)
[10:23:19.590]                           for (restart in restarts) {
[10:23:19.590]                             name <- restart$name
[10:23:19.590]                             if (is.null(name)) 
[10:23:19.590]                               next
[10:23:19.590]                             if (!grepl(pattern, name)) 
[10:23:19.590]                               next
[10:23:19.590]                             invokeRestart(restart)
[10:23:19.590]                             muffled <- TRUE
[10:23:19.590]                             break
[10:23:19.590]                           }
[10:23:19.590]                         }
[10:23:19.590]                       }
[10:23:19.590]                       invisible(muffled)
[10:23:19.590]                     }
[10:23:19.590]                     muffleCondition(cond, pattern = "^muffle")
[10:23:19.590]                   }
[10:23:19.590]                 }
[10:23:19.590]                 else {
[10:23:19.590]                   if (TRUE) {
[10:23:19.590]                     muffleCondition <- function (cond, pattern = "^muffle") 
[10:23:19.590]                     {
[10:23:19.590]                       inherits <- base::inherits
[10:23:19.590]                       invokeRestart <- base::invokeRestart
[10:23:19.590]                       is.null <- base::is.null
[10:23:19.590]                       muffled <- FALSE
[10:23:19.590]                       if (inherits(cond, "message")) {
[10:23:19.590]                         muffled <- grepl(pattern, "muffleMessage")
[10:23:19.590]                         if (muffled) 
[10:23:19.590]                           invokeRestart("muffleMessage")
[10:23:19.590]                       }
[10:23:19.590]                       else if (inherits(cond, "warning")) {
[10:23:19.590]                         muffled <- grepl(pattern, "muffleWarning")
[10:23:19.590]                         if (muffled) 
[10:23:19.590]                           invokeRestart("muffleWarning")
[10:23:19.590]                       }
[10:23:19.590]                       else if (inherits(cond, "condition")) {
[10:23:19.590]                         if (!is.null(pattern)) {
[10:23:19.590]                           computeRestarts <- base::computeRestarts
[10:23:19.590]                           grepl <- base::grepl
[10:23:19.590]                           restarts <- computeRestarts(cond)
[10:23:19.590]                           for (restart in restarts) {
[10:23:19.590]                             name <- restart$name
[10:23:19.590]                             if (is.null(name)) 
[10:23:19.590]                               next
[10:23:19.590]                             if (!grepl(pattern, name)) 
[10:23:19.590]                               next
[10:23:19.590]                             invokeRestart(restart)
[10:23:19.590]                             muffled <- TRUE
[10:23:19.590]                             break
[10:23:19.590]                           }
[10:23:19.590]                         }
[10:23:19.590]                       }
[10:23:19.590]                       invisible(muffled)
[10:23:19.590]                     }
[10:23:19.590]                     muffleCondition(cond, pattern = "^muffle")
[10:23:19.590]                   }
[10:23:19.590]                 }
[10:23:19.590]             }
[10:23:19.590]         }))
[10:23:19.590]     }, error = function(ex) {
[10:23:19.590]         base::structure(base::list(value = NULL, visible = NULL, 
[10:23:19.590]             conditions = ...future.conditions, rng = !identical(base::globalenv()$.Random.seed, 
[10:23:19.590]                 ...future.rng), started = ...future.startTime, 
[10:23:19.590]             finished = Sys.time(), session_uuid = NA_character_, 
[10:23:19.590]             version = "1.8"), class = "FutureResult")
[10:23:19.590]     }, finally = {
[10:23:19.590]         if (!identical(...future.workdir, getwd())) 
[10:23:19.590]             setwd(...future.workdir)
[10:23:19.590]         {
[10:23:19.590]             if (identical(getOption("nwarnings"), ...future.oldOptions$nwarnings)) {
[10:23:19.590]                 ...future.oldOptions$nwarnings <- NULL
[10:23:19.590]             }
[10:23:19.590]             base::options(...future.oldOptions)
[10:23:19.590]             if (.Platform$OS.type == "windows") {
[10:23:19.590]                 old_names <- names(...future.oldEnvVars)
[10:23:19.590]                 envs <- base::Sys.getenv()
[10:23:19.590]                 names <- names(envs)
[10:23:19.590]                 common <- intersect(names, old_names)
[10:23:19.590]                 added <- setdiff(names, old_names)
[10:23:19.590]                 removed <- setdiff(old_names, names)
[10:23:19.590]                 changed <- common[...future.oldEnvVars[common] != 
[10:23:19.590]                   envs[common]]
[10:23:19.590]                 NAMES <- toupper(changed)
[10:23:19.590]                 args <- list()
[10:23:19.590]                 for (kk in seq_along(NAMES)) {
[10:23:19.590]                   name <- changed[[kk]]
[10:23:19.590]                   NAME <- NAMES[[kk]]
[10:23:19.590]                   if (name != NAME && is.element(NAME, old_names)) 
[10:23:19.590]                     next
[10:23:19.590]                   args[[name]] <- ...future.oldEnvVars[[name]]
[10:23:19.590]                 }
[10:23:19.590]                 NAMES <- toupper(added)
[10:23:19.590]                 for (kk in seq_along(NAMES)) {
[10:23:19.590]                   name <- added[[kk]]
[10:23:19.590]                   NAME <- NAMES[[kk]]
[10:23:19.590]                   if (name != NAME && is.element(NAME, old_names)) 
[10:23:19.590]                     next
[10:23:19.590]                   args[[name]] <- ""
[10:23:19.590]                 }
[10:23:19.590]                 NAMES <- toupper(removed)
[10:23:19.590]                 for (kk in seq_along(NAMES)) {
[10:23:19.590]                   name <- removed[[kk]]
[10:23:19.590]                   NAME <- NAMES[[kk]]
[10:23:19.590]                   if (name != NAME && is.element(NAME, old_names)) 
[10:23:19.590]                     next
[10:23:19.590]                   args[[name]] <- ...future.oldEnvVars[[name]]
[10:23:19.590]                 }
[10:23:19.590]                 if (length(args) > 0) 
[10:23:19.590]                   base::do.call(base::Sys.setenv, args = args)
[10:23:19.590]                 args <- names <- old_names <- NAMES <- envs <- common <- added <- removed <- NULL
[10:23:19.590]             }
[10:23:19.590]             else {
[10:23:19.590]                 base::do.call(base::Sys.setenv, args = base::as.list(...future.oldEnvVars))
[10:23:19.590]             }
[10:23:19.590]             {
[10:23:19.590]                 if (base::length(...future.futureOptionsAdded) > 
[10:23:19.590]                   0L) {
[10:23:19.590]                   opts <- base::vector("list", length = base::length(...future.futureOptionsAdded))
[10:23:19.590]                   base::names(opts) <- ...future.futureOptionsAdded
[10:23:19.590]                   base::options(opts)
[10:23:19.590]                 }
[10:23:19.590]                 {
[10:23:19.590]                   {
[10:23:19.590]                     NULL
[10:23:19.590]                     RNGkind("Mersenne-Twister")
[10:23:19.590]                     base::rm(list = ".Random.seed", envir = base::globalenv(), 
[10:23:19.590]                       inherits = FALSE)
[10:23:19.590]                   }
[10:23:19.590]                   options(future.plan = NULL)
[10:23:19.590]                   if (is.na(NA_character_)) 
[10:23:19.590]                     Sys.unsetenv("R_FUTURE_PLAN")
[10:23:19.590]                   else Sys.setenv(R_FUTURE_PLAN = NA_character_)
[10:23:19.590]                   future::plan(...future.strategy.old, .cleanup = FALSE, 
[10:23:19.590]                     .init = FALSE)
[10:23:19.590]                 }
[10:23:19.590]             }
[10:23:19.590]         }
[10:23:19.590]     })
[10:23:19.590]     if (TRUE) {
[10:23:19.590]         base::sink(type = "output", split = FALSE)
[10:23:19.590]         if (TRUE) {
[10:23:19.590]             ...future.result$stdout <- base::rawToChar(base::rawConnectionValue(...future.stdout))
[10:23:19.590]         }
[10:23:19.590]         else {
[10:23:19.590]             ...future.result["stdout"] <- base::list(NULL)
[10:23:19.590]         }
[10:23:19.590]         base::close(...future.stdout)
[10:23:19.590]         ...future.stdout <- NULL
[10:23:19.590]     }
[10:23:19.590]     ...future.result$conditions <- ...future.conditions
[10:23:19.590]     ...future.result$finished <- base::Sys.time()
[10:23:19.590]     ...future.result
[10:23:19.590] }
[10:23:19.592] plan(): Setting new future strategy stack:
[10:23:19.592] List of future strategies:
[10:23:19.592] 1. sequential:
[10:23:19.592]    - args: function (..., envir = parent.frame(), workers = "<NULL>")
[10:23:19.592]    - tweaked: FALSE
[10:23:19.592]    - call: NULL
[10:23:19.593] plan(): nbrOfWorkers() = 1
[10:23:19.594] plan(): Setting new future strategy stack:
[10:23:19.594] List of future strategies:
[10:23:19.594] 1. sequential:
[10:23:19.594]    - args: function (..., abc = FALSE, envir = parent.frame(), workers = "<NULL>")
[10:23:19.594]    - tweaked: TRUE
[10:23:19.594]    - call: plan(sequential, abc = FALSE)
[10:23:19.594] plan(): nbrOfWorkers() = 1
[10:23:19.594] SequentialFuture started (and completed)
[10:23:19.595] - Launch lazy future ... done
[10:23:19.595] run() for ‘SequentialFuture’ ... done
> print(x)
[1] 1
> stopifnot(a == 0, x == 1)
> 
> x %<-% { a <- 2; a } %tweak% list(abc = TRUE)
[10:23:19.595] plan(): Setting new future strategy stack:
[10:23:19.595] List of future strategies:
[10:23:19.595] 1. sequential:
[10:23:19.595]    - args: function (..., abc = TRUE, envir = parent.frame(), workers = "<NULL>")
[10:23:19.595]    - tweaked: TRUE
[10:23:19.595]    - call: plan(sequential, abc = FALSE)
[10:23:19.596] plan(): nbrOfWorkers() = 1
[10:23:19.596] getGlobalsAndPackages() ...
[10:23:19.596] Searching for globals...
[10:23:19.598] - globals found: [2] ‘{’, ‘<-’
[10:23:19.598] Searching for globals ... DONE
[10:23:19.598] Resolving globals: FALSE
[10:23:19.598] 
[10:23:19.598] 
[10:23:19.598] getGlobalsAndPackages() ... DONE
[10:23:19.599] run() for ‘Future’ ...
[10:23:19.599] - state: ‘created’
[10:23:19.599] - Future backend: ‘FutureStrategy’, ‘tweaked’, ‘tweaked’, ‘sequential’, ‘uniprocess’, ‘future’, ‘function’
[10:23:19.599] - Future class: ‘SequentialFuture’, ‘UniprocessFuture’, ‘Future’, ‘environment’
[10:23:19.599] - Copy elements of temporary ‘SequentialFuture’ to final ‘Future’ object ...
[10:23:19.600]   - Field: ‘label’
[10:23:19.600]   - Field: ‘local’
[10:23:19.600]   - Field: ‘owner’
[10:23:19.600]   - Field: ‘envir’
[10:23:19.600]   - Field: ‘packages’
[10:23:19.600]   - Field: ‘gc’
[10:23:19.600]   - Field: ‘conditions’
[10:23:19.600]   - Field: ‘expr’
[10:23:19.600]   - Field: ‘uuid’
[10:23:19.601]   - Field: ‘seed’
[10:23:19.601]   - Field: ‘version’
[10:23:19.601]   - Field: ‘result’
[10:23:19.601]   - Field: ‘asynchronous’
[10:23:19.601]   - Field: ‘calls’
[10:23:19.601]   - Field: ‘abc’
[10:23:19.601]   - Field: ‘globals’
[10:23:19.601]   - Field: ‘stdout’
[10:23:19.601]   - Field: ‘earlySignal’
[10:23:19.602]   - Field: ‘lazy’
[10:23:19.602]   - Field: ‘state’
[10:23:19.602] - Copy elements of temporary ‘SequentialFuture’ to final ‘Future’ object ... done
[10:23:19.602] - Launch lazy future ...
[10:23:19.602] Packages needed by the future expression (n = 0): <none>
[10:23:19.602] Packages needed by future strategies (n = 0): <none>
[10:23:19.603] {
[10:23:19.603]     {
[10:23:19.603]         {
[10:23:19.603]             ...future.startTime <- base::Sys.time()
[10:23:19.603]             {
[10:23:19.603]                 {
[10:23:19.603]                   {
[10:23:19.603]                     base::local({
[10:23:19.603]                       has_future <- base::requireNamespace("future", 
[10:23:19.603]                         quietly = TRUE)
[10:23:19.603]                       if (has_future) {
[10:23:19.603]                         ns <- base::getNamespace("future")
[10:23:19.603]                         version <- ns[[".package"]][["version"]]
[10:23:19.603]                         if (is.null(version)) 
[10:23:19.603]                           version <- utils::packageVersion("future")
[10:23:19.603]                       }
[10:23:19.603]                       else {
[10:23:19.603]                         version <- NULL
[10:23:19.603]                       }
[10:23:19.603]                       if (!has_future || version < "1.8.0") {
[10:23:19.603]                         info <- base::c(r_version = base::gsub("R version ", 
[10:23:19.603]                           "", base::R.version$version.string), 
[10:23:19.603]                           platform = base::sprintf("%s (%s-bit)", 
[10:23:19.603]                             base::R.version$platform, 8 * base::.Machine$sizeof.pointer), 
[10:23:19.603]                           os = base::paste(base::Sys.info()[base::c("sysname", 
[10:23:19.603]                             "release", "version")], collapse = " "), 
[10:23:19.603]                           hostname = base::Sys.info()[["nodename"]])
[10:23:19.603]                         info <- base::sprintf("%s: %s", base::names(info), 
[10:23:19.603]                           info)
[10:23:19.603]                         info <- base::paste(info, collapse = "; ")
[10:23:19.603]                         if (!has_future) {
[10:23:19.603]                           msg <- base::sprintf("Package 'future' is not installed on worker (%s)", 
[10:23:19.603]                             info)
[10:23:19.603]                         }
[10:23:19.603]                         else {
[10:23:19.603]                           msg <- base::sprintf("Package 'future' on worker (%s) must be of version >= 1.8.0: %s", 
[10:23:19.603]                             info, version)
[10:23:19.603]                         }
[10:23:19.603]                         base::stop(msg)
[10:23:19.603]                       }
[10:23:19.603]                     })
[10:23:19.603]                   }
[10:23:19.603]                   ...future.strategy.old <- future::plan("list")
[10:23:19.603]                   options(future.plan = NULL)
[10:23:19.603]                   Sys.unsetenv("R_FUTURE_PLAN")
[10:23:19.603]                   future::plan("default", .cleanup = FALSE, .init = FALSE)
[10:23:19.603]                 }
[10:23:19.603]                 ...future.workdir <- getwd()
[10:23:19.603]             }
[10:23:19.603]             ...future.oldOptions <- base::as.list(base::.Options)
[10:23:19.603]             ...future.oldEnvVars <- base::Sys.getenv()
[10:23:19.603]         }
[10:23:19.603]         base::options(future.startup.script = FALSE, future.globals.onMissing = NULL, 
[10:23:19.603]             future.globals.maxSize = NULL, future.globals.method = NULL, 
[10:23:19.603]             future.globals.onMissing = NULL, future.globals.onReference = NULL, 
[10:23:19.603]             future.globals.resolve = NULL, future.resolve.recursive = NULL, 
[10:23:19.603]             future.rng.onMisuse = NULL, future.rng.onMisuse.keepFuture = NULL, 
[10:23:19.603]             future.stdout.windows.reencode = NULL, width = 80L)
[10:23:19.603]         ...future.futureOptionsAdded <- base::setdiff(base::names(base::.Options), 
[10:23:19.603]             base::names(...future.oldOptions))
[10:23:19.603]     }
[10:23:19.603]     if (FALSE) {
[10:23:19.603]     }
[10:23:19.603]     else {
[10:23:19.603]         if (TRUE) {
[10:23:19.603]             ...future.stdout <- base::rawConnection(base::raw(0L), 
[10:23:19.603]                 open = "w")
[10:23:19.603]         }
[10:23:19.603]         else {
[10:23:19.603]             ...future.stdout <- base::file(base::switch(.Platform$OS.type, 
[10:23:19.603]                 windows = "NUL", "/dev/null"), open = "w")
[10:23:19.603]         }
[10:23:19.603]         base::sink(...future.stdout, type = "output", split = FALSE)
[10:23:19.603]         base::on.exit(if (!base::is.null(...future.stdout)) {
[10:23:19.603]             base::sink(type = "output", split = FALSE)
[10:23:19.603]             base::close(...future.stdout)
[10:23:19.603]         }, add = TRUE)
[10:23:19.603]     }
[10:23:19.603]     ...future.frame <- base::sys.nframe()
[10:23:19.603]     ...future.conditions <- base::list()
[10:23:19.603]     ...future.rng <- base::globalenv()$.Random.seed
[10:23:19.603]     if (FALSE) {
[10:23:19.603]         ...future.globalenv.names <- c(base::names(base::.GlobalEnv), 
[10:23:19.603]             "...future.value", "...future.globalenv.names", ".Random.seed")
[10:23:19.603]     }
[10:23:19.603]     ...future.result <- base::tryCatch({
[10:23:19.603]         base::withCallingHandlers({
[10:23:19.603]             ...future.value <- base::withVisible(base::local({
[10:23:19.603]                 a <- 2
[10:23:19.603]                 a
[10:23:19.603]             }))
[10:23:19.603]             future::FutureResult(value = ...future.value$value, 
[10:23:19.603]                 visible = ...future.value$visible, rng = !identical(base::globalenv()$.Random.seed, 
[10:23:19.603]                   ...future.rng), globalenv = if (FALSE) 
[10:23:19.603]                   list(added = base::setdiff(base::names(base::.GlobalEnv), 
[10:23:19.603]                     ...future.globalenv.names))
[10:23:19.603]                 else NULL, started = ...future.startTime, version = "1.8")
[10:23:19.603]         }, condition = base::local({
[10:23:19.603]             c <- base::c
[10:23:19.603]             inherits <- base::inherits
[10:23:19.603]             invokeRestart <- base::invokeRestart
[10:23:19.603]             length <- base::length
[10:23:19.603]             list <- base::list
[10:23:19.603]             seq.int <- base::seq.int
[10:23:19.603]             signalCondition <- base::signalCondition
[10:23:19.603]             sys.calls <- base::sys.calls
[10:23:19.603]             `[[` <- base::`[[`
[10:23:19.603]             `+` <- base::`+`
[10:23:19.603]             `<<-` <- base::`<<-`
[10:23:19.603]             sysCalls <- function(calls = sys.calls(), from = 1L) {
[10:23:19.603]                 calls[seq.int(from = from + 12L, to = length(calls) - 
[10:23:19.603]                   3L)]
[10:23:19.603]             }
[10:23:19.603]             function(cond) {
[10:23:19.603]                 is_error <- inherits(cond, "error")
[10:23:19.603]                 ignore <- !is_error && !is.null(NULL) && inherits(cond, 
[10:23:19.603]                   NULL)
[10:23:19.603]                 if (is_error) {
[10:23:19.603]                   sessionInformation <- function() {
[10:23:19.603]                     list(r = base::R.Version(), locale = base::Sys.getlocale(), 
[10:23:19.603]                       rngkind = base::RNGkind(), namespaces = base::loadedNamespaces(), 
[10:23:19.603]                       search = base::search(), system = base::Sys.info())
[10:23:19.603]                   }
[10:23:19.603]                   ...future.conditions[[length(...future.conditions) + 
[10:23:19.603]                     1L]] <<- list(condition = cond, calls = c(sysCalls(from = ...future.frame), 
[10:23:19.603]                     cond$call), session = sessionInformation(), 
[10:23:19.603]                     timestamp = base::Sys.time(), signaled = 0L)
[10:23:19.603]                   signalCondition(cond)
[10:23:19.603]                 }
[10:23:19.603]                 else if (!ignore && TRUE && inherits(cond, c("condition", 
[10:23:19.603]                 "immediateCondition"))) {
[10:23:19.603]                   signal <- TRUE && inherits(cond, "immediateCondition")
[10:23:19.603]                   ...future.conditions[[length(...future.conditions) + 
[10:23:19.603]                     1L]] <<- list(condition = cond, signaled = base::as.integer(signal))
[10:23:19.603]                   if (TRUE && !signal) {
[10:23:19.603]                     muffleCondition <- function (cond, pattern = "^muffle") 
[10:23:19.603]                     {
[10:23:19.603]                       inherits <- base::inherits
[10:23:19.603]                       invokeRestart <- base::invokeRestart
[10:23:19.603]                       is.null <- base::is.null
[10:23:19.603]                       muffled <- FALSE
[10:23:19.603]                       if (inherits(cond, "message")) {
[10:23:19.603]                         muffled <- grepl(pattern, "muffleMessage")
[10:23:19.603]                         if (muffled) 
[10:23:19.603]                           invokeRestart("muffleMessage")
[10:23:19.603]                       }
[10:23:19.603]                       else if (inherits(cond, "warning")) {
[10:23:19.603]                         muffled <- grepl(pattern, "muffleWarning")
[10:23:19.603]                         if (muffled) 
[10:23:19.603]                           invokeRestart("muffleWarning")
[10:23:19.603]                       }
[10:23:19.603]                       else if (inherits(cond, "condition")) {
[10:23:19.603]                         if (!is.null(pattern)) {
[10:23:19.603]                           computeRestarts <- base::computeRestarts
[10:23:19.603]                           grepl <- base::grepl
[10:23:19.603]                           restarts <- computeRestarts(cond)
[10:23:19.603]                           for (restart in restarts) {
[10:23:19.603]                             name <- restart$name
[10:23:19.603]                             if (is.null(name)) 
[10:23:19.603]                               next
[10:23:19.603]                             if (!grepl(pattern, name)) 
[10:23:19.603]                               next
[10:23:19.603]                             invokeRestart(restart)
[10:23:19.603]                             muffled <- TRUE
[10:23:19.603]                             break
[10:23:19.603]                           }
[10:23:19.603]                         }
[10:23:19.603]                       }
[10:23:19.603]                       invisible(muffled)
[10:23:19.603]                     }
[10:23:19.603]                     muffleCondition(cond, pattern = "^muffle")
[10:23:19.603]                   }
[10:23:19.603]                 }
[10:23:19.603]                 else {
[10:23:19.603]                   if (TRUE) {
[10:23:19.603]                     muffleCondition <- function (cond, pattern = "^muffle") 
[10:23:19.603]                     {
[10:23:19.603]                       inherits <- base::inherits
[10:23:19.603]                       invokeRestart <- base::invokeRestart
[10:23:19.603]                       is.null <- base::is.null
[10:23:19.603]                       muffled <- FALSE
[10:23:19.603]                       if (inherits(cond, "message")) {
[10:23:19.603]                         muffled <- grepl(pattern, "muffleMessage")
[10:23:19.603]                         if (muffled) 
[10:23:19.603]                           invokeRestart("muffleMessage")
[10:23:19.603]                       }
[10:23:19.603]                       else if (inherits(cond, "warning")) {
[10:23:19.603]                         muffled <- grepl(pattern, "muffleWarning")
[10:23:19.603]                         if (muffled) 
[10:23:19.603]                           invokeRestart("muffleWarning")
[10:23:19.603]                       }
[10:23:19.603]                       else if (inherits(cond, "condition")) {
[10:23:19.603]                         if (!is.null(pattern)) {
[10:23:19.603]                           computeRestarts <- base::computeRestarts
[10:23:19.603]                           grepl <- base::grepl
[10:23:19.603]                           restarts <- computeRestarts(cond)
[10:23:19.603]                           for (restart in restarts) {
[10:23:19.603]                             name <- restart$name
[10:23:19.603]                             if (is.null(name)) 
[10:23:19.603]                               next
[10:23:19.603]                             if (!grepl(pattern, name)) 
[10:23:19.603]                               next
[10:23:19.603]                             invokeRestart(restart)
[10:23:19.603]                             muffled <- TRUE
[10:23:19.603]                             break
[10:23:19.603]                           }
[10:23:19.603]                         }
[10:23:19.603]                       }
[10:23:19.603]                       invisible(muffled)
[10:23:19.603]                     }
[10:23:19.603]                     muffleCondition(cond, pattern = "^muffle")
[10:23:19.603]                   }
[10:23:19.603]                 }
[10:23:19.603]             }
[10:23:19.603]         }))
[10:23:19.603]     }, error = function(ex) {
[10:23:19.603]         base::structure(base::list(value = NULL, visible = NULL, 
[10:23:19.603]             conditions = ...future.conditions, rng = !identical(base::globalenv()$.Random.seed, 
[10:23:19.603]                 ...future.rng), started = ...future.startTime, 
[10:23:19.603]             finished = Sys.time(), session_uuid = NA_character_, 
[10:23:19.603]             version = "1.8"), class = "FutureResult")
[10:23:19.603]     }, finally = {
[10:23:19.603]         if (!identical(...future.workdir, getwd())) 
[10:23:19.603]             setwd(...future.workdir)
[10:23:19.603]         {
[10:23:19.603]             if (identical(getOption("nwarnings"), ...future.oldOptions$nwarnings)) {
[10:23:19.603]                 ...future.oldOptions$nwarnings <- NULL
[10:23:19.603]             }
[10:23:19.603]             base::options(...future.oldOptions)
[10:23:19.603]             if (.Platform$OS.type == "windows") {
[10:23:19.603]                 old_names <- names(...future.oldEnvVars)
[10:23:19.603]                 envs <- base::Sys.getenv()
[10:23:19.603]                 names <- names(envs)
[10:23:19.603]                 common <- intersect(names, old_names)
[10:23:19.603]                 added <- setdiff(names, old_names)
[10:23:19.603]                 removed <- setdiff(old_names, names)
[10:23:19.603]                 changed <- common[...future.oldEnvVars[common] != 
[10:23:19.603]                   envs[common]]
[10:23:19.603]                 NAMES <- toupper(changed)
[10:23:19.603]                 args <- list()
[10:23:19.603]                 for (kk in seq_along(NAMES)) {
[10:23:19.603]                   name <- changed[[kk]]
[10:23:19.603]                   NAME <- NAMES[[kk]]
[10:23:19.603]                   if (name != NAME && is.element(NAME, old_names)) 
[10:23:19.603]                     next
[10:23:19.603]                   args[[name]] <- ...future.oldEnvVars[[name]]
[10:23:19.603]                 }
[10:23:19.603]                 NAMES <- toupper(added)
[10:23:19.603]                 for (kk in seq_along(NAMES)) {
[10:23:19.603]                   name <- added[[kk]]
[10:23:19.603]                   NAME <- NAMES[[kk]]
[10:23:19.603]                   if (name != NAME && is.element(NAME, old_names)) 
[10:23:19.603]                     next
[10:23:19.603]                   args[[name]] <- ""
[10:23:19.603]                 }
[10:23:19.603]                 NAMES <- toupper(removed)
[10:23:19.603]                 for (kk in seq_along(NAMES)) {
[10:23:19.603]                   name <- removed[[kk]]
[10:23:19.603]                   NAME <- NAMES[[kk]]
[10:23:19.603]                   if (name != NAME && is.element(NAME, old_names)) 
[10:23:19.603]                     next
[10:23:19.603]                   args[[name]] <- ...future.oldEnvVars[[name]]
[10:23:19.603]                 }
[10:23:19.603]                 if (length(args) > 0) 
[10:23:19.603]                   base::do.call(base::Sys.setenv, args = args)
[10:23:19.603]                 args <- names <- old_names <- NAMES <- envs <- common <- added <- removed <- NULL
[10:23:19.603]             }
[10:23:19.603]             else {
[10:23:19.603]                 base::do.call(base::Sys.setenv, args = base::as.list(...future.oldEnvVars))
[10:23:19.603]             }
[10:23:19.603]             {
[10:23:19.603]                 if (base::length(...future.futureOptionsAdded) > 
[10:23:19.603]                   0L) {
[10:23:19.603]                   opts <- base::vector("list", length = base::length(...future.futureOptionsAdded))
[10:23:19.603]                   base::names(opts) <- ...future.futureOptionsAdded
[10:23:19.603]                   base::options(opts)
[10:23:19.603]                 }
[10:23:19.603]                 {
[10:23:19.603]                   {
[10:23:19.603]                     NULL
[10:23:19.603]                     RNGkind("Mersenne-Twister")
[10:23:19.603]                     base::rm(list = ".Random.seed", envir = base::globalenv(), 
[10:23:19.603]                       inherits = FALSE)
[10:23:19.603]                   }
[10:23:19.603]                   options(future.plan = NULL)
[10:23:19.603]                   if (is.na(NA_character_)) 
[10:23:19.603]                     Sys.unsetenv("R_FUTURE_PLAN")
[10:23:19.603]                   else Sys.setenv(R_FUTURE_PLAN = NA_character_)
[10:23:19.603]                   future::plan(...future.strategy.old, .cleanup = FALSE, 
[10:23:19.603]                     .init = FALSE)
[10:23:19.603]                 }
[10:23:19.603]             }
[10:23:19.603]         }
[10:23:19.603]     })
[10:23:19.603]     if (TRUE) {
[10:23:19.603]         base::sink(type = "output", split = FALSE)
[10:23:19.603]         if (TRUE) {
[10:23:19.603]             ...future.result$stdout <- base::rawToChar(base::rawConnectionValue(...future.stdout))
[10:23:19.603]         }
[10:23:19.603]         else {
[10:23:19.603]             ...future.result["stdout"] <- base::list(NULL)
[10:23:19.603]         }
[10:23:19.603]         base::close(...future.stdout)
[10:23:19.603]         ...future.stdout <- NULL
[10:23:19.603]     }
[10:23:19.603]     ...future.result$conditions <- ...future.conditions
[10:23:19.603]     ...future.result$finished <- base::Sys.time()
[10:23:19.603]     ...future.result
[10:23:19.603] }
[10:23:19.608] plan(): Setting new future strategy stack:
[10:23:19.608] List of future strategies:
[10:23:19.608] 1. sequential:
[10:23:19.608]    - args: function (..., envir = parent.frame(), workers = "<NULL>")
[10:23:19.608]    - tweaked: FALSE
[10:23:19.608]    - call: NULL
[10:23:19.608] plan(): nbrOfWorkers() = 1
[10:23:19.609] plan(): Setting new future strategy stack:
[10:23:19.609] List of future strategies:
[10:23:19.609] 1. sequential:
[10:23:19.609]    - args: function (..., abc = TRUE, envir = parent.frame(), workers = "<NULL>")
[10:23:19.609]    - tweaked: TRUE
[10:23:19.609]    - call: plan(sequential, abc = FALSE)
[10:23:19.610] plan(): nbrOfWorkers() = 1
[10:23:19.610] SequentialFuture started (and completed)
[10:23:19.610] - Launch lazy future ... done
[10:23:19.610] run() for ‘SequentialFuture’ ... done
[10:23:19.610] plan(): Setting new future strategy stack:
[10:23:19.610] List of future strategies:
[10:23:19.610] 1. sequential:
[10:23:19.610]    - args: function (..., abc = FALSE, envir = parent.frame(), workers = "<NULL>")
[10:23:19.610]    - tweaked: TRUE
[10:23:19.610]    - call: plan(sequential, abc = FALSE)
[10:23:19.611] plan(): nbrOfWorkers() = 1
> print(x)
[1] 2
> stopifnot(a == 0, x == 2)
> 
> 
> # Preserve nested futures
> plan(list(A = sequential, B = tweak(sequential, abc = FALSE)))
Warning: Detected 1 unknown future arguments: ‘abc’
[10:23:19.611] plan(): Setting new future strategy stack:
[10:23:19.611] List of future strategies:
[10:23:19.611] 1. sequential:
[10:23:19.611]    - args: function (..., envir = parent.frame(), workers = "<NULL>")
[10:23:19.611]    - tweaked: FALSE
[10:23:19.611]    - call: plan(list(A = sequential, B = tweak(sequential, abc = FALSE)))
[10:23:19.611] 2. sequential:
[10:23:19.611]    - args: function (..., abc = FALSE, envir = parent.frame(), workers = "<NULL>")
[10:23:19.611]    - tweaked: TRUE
[10:23:19.611]    - call: plan(list(A = sequential, B = tweak(sequential, abc = FALSE)))
[10:23:19.612] plan(): nbrOfWorkers() = 1
> a <- 0
> 
> x %<-% {
+   stopifnot(identical(names(plan("list")), "B"))
+   a <- 1
+   a
+ }
[10:23:19.612] getGlobalsAndPackages() ...
[10:23:19.612] Searching for globals...
[10:23:19.616] - globals found: [6] ‘{’, ‘stopifnot’, ‘identical’, ‘names’, ‘plan’, ‘<-’
[10:23:19.616] Searching for globals ... DONE
[10:23:19.616] Resolving globals: FALSE
[10:23:19.617] The total size of the 1 globals is 64.15 KiB (65691 bytes)
[10:23:19.618] The total size of the 1 globals exported for future expression (‘{; stopifnot(identical(names(plan("list")), "B")); a <- 1; a; }’) is 64.15 KiB.. This exceeds the maximum allowed size of 500.00 MiB (option 'future.globals.maxSize'). There is one global: ‘plan’ (64.15 KiB of class ‘function’)
[10:23:19.618] - globals: [1] ‘plan’
[10:23:19.618] 
[10:23:19.618] getGlobalsAndPackages() ... DONE
[10:23:19.618] run() for ‘Future’ ...
[10:23:19.618] - state: ‘created’
[10:23:19.618] - Future backend: ‘FutureStrategy’, ‘sequential’, ‘uniprocess’, ‘future’, ‘function’
[10:23:19.619] - Future class: ‘SequentialFuture’, ‘UniprocessFuture’, ‘Future’, ‘environment’
[10:23:19.619] - Copy elements of temporary ‘SequentialFuture’ to final ‘Future’ object ...
[10:23:19.619]   - Field: ‘label’
[10:23:19.619]   - Field: ‘local’
[10:23:19.619]   - Field: ‘owner’
[10:23:19.619]   - Field: ‘envir’
[10:23:19.619]   - Field: ‘packages’
[10:23:19.619]   - Field: ‘gc’
[10:23:19.619]   - Field: ‘conditions’
[10:23:19.620]   - Field: ‘expr’
[10:23:19.620]   - Field: ‘uuid’
[10:23:19.620]   - Field: ‘seed’
[10:23:19.620]   - Field: ‘version’
[10:23:19.620]   - Field: ‘result’
[10:23:19.620]   - Field: ‘asynchronous’
[10:23:19.620]   - Field: ‘calls’
[10:23:19.620]   - Field: ‘globals’
[10:23:19.620]   - Field: ‘stdout’
[10:23:19.620]   - Field: ‘earlySignal’
[10:23:19.620]   - Field: ‘lazy’
[10:23:19.620]   - Field: ‘state’
[10:23:19.621] - Copy elements of temporary ‘SequentialFuture’ to final ‘Future’ object ... done
[10:23:19.621] - Launch lazy future ...
[10:23:19.621] Packages needed by the future expression (n = 0): <none>
[10:23:19.621] Packages needed by future strategies (n = 0): 
[10:23:19.621] {
[10:23:19.621]     {
[10:23:19.621]         {
[10:23:19.621]             ...future.startTime <- base::Sys.time()
[10:23:19.621]             {
[10:23:19.621]                 {
[10:23:19.621]                   {
[10:23:19.621]                     base::local({
[10:23:19.621]                       has_future <- base::requireNamespace("future", 
[10:23:19.621]                         quietly = TRUE)
[10:23:19.621]                       if (has_future) {
[10:23:19.621]                         ns <- base::getNamespace("future")
[10:23:19.621]                         version <- ns[[".package"]][["version"]]
[10:23:19.621]                         if (is.null(version)) 
[10:23:19.621]                           version <- utils::packageVersion("future")
[10:23:19.621]                       }
[10:23:19.621]                       else {
[10:23:19.621]                         version <- NULL
[10:23:19.621]                       }
[10:23:19.621]                       if (!has_future || version < "1.8.0") {
[10:23:19.621]                         info <- base::c(r_version = base::gsub("R version ", 
[10:23:19.621]                           "", base::R.version$version.string), 
[10:23:19.621]                           platform = base::sprintf("%s (%s-bit)", 
[10:23:19.621]                             base::R.version$platform, 8 * base::.Machine$sizeof.pointer), 
[10:23:19.621]                           os = base::paste(base::Sys.info()[base::c("sysname", 
[10:23:19.621]                             "release", "version")], collapse = " "), 
[10:23:19.621]                           hostname = base::Sys.info()[["nodename"]])
[10:23:19.621]                         info <- base::sprintf("%s: %s", base::names(info), 
[10:23:19.621]                           info)
[10:23:19.621]                         info <- base::paste(info, collapse = "; ")
[10:23:19.621]                         if (!has_future) {
[10:23:19.621]                           msg <- base::sprintf("Package 'future' is not installed on worker (%s)", 
[10:23:19.621]                             info)
[10:23:19.621]                         }
[10:23:19.621]                         else {
[10:23:19.621]                           msg <- base::sprintf("Package 'future' on worker (%s) must be of version >= 1.8.0: %s", 
[10:23:19.621]                             info, version)
[10:23:19.621]                         }
[10:23:19.621]                         base::stop(msg)
[10:23:19.621]                       }
[10:23:19.621]                     })
[10:23:19.621]                   }
[10:23:19.621]                   ...future.strategy.old <- future::plan("list")
[10:23:19.621]                   options(future.plan = NULL)
[10:23:19.621]                   Sys.unsetenv("R_FUTURE_PLAN")
[10:23:19.621]                   future::plan(list(B = function (..., abc = FALSE, 
[10:23:19.621]                     envir = parent.frame()) 
[10:23:19.621]                   strategy(..., abc = abc, envir = envir)), .cleanup = FALSE, 
[10:23:19.621]                     .init = FALSE)
[10:23:19.621]                 }
[10:23:19.621]                 ...future.workdir <- getwd()
[10:23:19.621]             }
[10:23:19.621]             ...future.oldOptions <- base::as.list(base::.Options)
[10:23:19.621]             ...future.oldEnvVars <- base::Sys.getenv()
[10:23:19.621]         }
[10:23:19.621]         base::options(future.startup.script = FALSE, future.globals.onMissing = NULL, 
[10:23:19.621]             future.globals.maxSize = NULL, future.globals.method = NULL, 
[10:23:19.621]             future.globals.onMissing = NULL, future.globals.onReference = NULL, 
[10:23:19.621]             future.globals.resolve = NULL, future.resolve.recursive = NULL, 
[10:23:19.621]             future.rng.onMisuse = NULL, future.rng.onMisuse.keepFuture = NULL, 
[10:23:19.621]             future.stdout.windows.reencode = NULL, width = 80L)
[10:23:19.621]         ...future.futureOptionsAdded <- base::setdiff(base::names(base::.Options), 
[10:23:19.621]             base::names(...future.oldOptions))
[10:23:19.621]     }
[10:23:19.621]     if (FALSE) {
[10:23:19.621]     }
[10:23:19.621]     else {
[10:23:19.621]         if (TRUE) {
[10:23:19.621]             ...future.stdout <- base::rawConnection(base::raw(0L), 
[10:23:19.621]                 open = "w")
[10:23:19.621]         }
[10:23:19.621]         else {
[10:23:19.621]             ...future.stdout <- base::file(base::switch(.Platform$OS.type, 
[10:23:19.621]                 windows = "NUL", "/dev/null"), open = "w")
[10:23:19.621]         }
[10:23:19.621]         base::sink(...future.stdout, type = "output", split = FALSE)
[10:23:19.621]         base::on.exit(if (!base::is.null(...future.stdout)) {
[10:23:19.621]             base::sink(type = "output", split = FALSE)
[10:23:19.621]             base::close(...future.stdout)
[10:23:19.621]         }, add = TRUE)
[10:23:19.621]     }
[10:23:19.621]     ...future.frame <- base::sys.nframe()
[10:23:19.621]     ...future.conditions <- base::list()
[10:23:19.621]     ...future.rng <- base::globalenv()$.Random.seed
[10:23:19.621]     if (FALSE) {
[10:23:19.621]         ...future.globalenv.names <- c(base::names(base::.GlobalEnv), 
[10:23:19.621]             "...future.value", "...future.globalenv.names", ".Random.seed")
[10:23:19.621]     }
[10:23:19.621]     ...future.result <- base::tryCatch({
[10:23:19.621]         base::withCallingHandlers({
[10:23:19.621]             ...future.value <- base::withVisible(base::local({
[10:23:19.621]                 stopifnot(identical(names(plan("list")), "B"))
[10:23:19.621]                 a <- 1
[10:23:19.621]                 a
[10:23:19.621]             }))
[10:23:19.621]             future::FutureResult(value = ...future.value$value, 
[10:23:19.621]                 visible = ...future.value$visible, rng = !identical(base::globalenv()$.Random.seed, 
[10:23:19.621]                   ...future.rng), globalenv = if (FALSE) 
[10:23:19.621]                   list(added = base::setdiff(base::names(base::.GlobalEnv), 
[10:23:19.621]                     ...future.globalenv.names))
[10:23:19.621]                 else NULL, started = ...future.startTime, version = "1.8")
[10:23:19.621]         }, condition = base::local({
[10:23:19.621]             c <- base::c
[10:23:19.621]             inherits <- base::inherits
[10:23:19.621]             invokeRestart <- base::invokeRestart
[10:23:19.621]             length <- base::length
[10:23:19.621]             list <- base::list
[10:23:19.621]             seq.int <- base::seq.int
[10:23:19.621]             signalCondition <- base::signalCondition
[10:23:19.621]             sys.calls <- base::sys.calls
[10:23:19.621]             `[[` <- base::`[[`
[10:23:19.621]             `+` <- base::`+`
[10:23:19.621]             `<<-` <- base::`<<-`
[10:23:19.621]             sysCalls <- function(calls = sys.calls(), from = 1L) {
[10:23:19.621]                 calls[seq.int(from = from + 12L, to = length(calls) - 
[10:23:19.621]                   3L)]
[10:23:19.621]             }
[10:23:19.621]             function(cond) {
[10:23:19.621]                 is_error <- inherits(cond, "error")
[10:23:19.621]                 ignore <- !is_error && !is.null(NULL) && inherits(cond, 
[10:23:19.621]                   NULL)
[10:23:19.621]                 if (is_error) {
[10:23:19.621]                   sessionInformation <- function() {
[10:23:19.621]                     list(r = base::R.Version(), locale = base::Sys.getlocale(), 
[10:23:19.621]                       rngkind = base::RNGkind(), namespaces = base::loadedNamespaces(), 
[10:23:19.621]                       search = base::search(), system = base::Sys.info())
[10:23:19.621]                   }
[10:23:19.621]                   ...future.conditions[[length(...future.conditions) + 
[10:23:19.621]                     1L]] <<- list(condition = cond, calls = c(sysCalls(from = ...future.frame), 
[10:23:19.621]                     cond$call), session = sessionInformation(), 
[10:23:19.621]                     timestamp = base::Sys.time(), signaled = 0L)
[10:23:19.621]                   signalCondition(cond)
[10:23:19.621]                 }
[10:23:19.621]                 else if (!ignore && TRUE && inherits(cond, c("condition", 
[10:23:19.621]                 "immediateCondition"))) {
[10:23:19.621]                   signal <- TRUE && inherits(cond, "immediateCondition")
[10:23:19.621]                   ...future.conditions[[length(...future.conditions) + 
[10:23:19.621]                     1L]] <<- list(condition = cond, signaled = base::as.integer(signal))
[10:23:19.621]                   if (TRUE && !signal) {
[10:23:19.621]                     muffleCondition <- function (cond, pattern = "^muffle") 
[10:23:19.621]                     {
[10:23:19.621]                       inherits <- base::inherits
[10:23:19.621]                       invokeRestart <- base::invokeRestart
[10:23:19.621]                       is.null <- base::is.null
[10:23:19.621]                       muffled <- FALSE
[10:23:19.621]                       if (inherits(cond, "message")) {
[10:23:19.621]                         muffled <- grepl(pattern, "muffleMessage")
[10:23:19.621]                         if (muffled) 
[10:23:19.621]                           invokeRestart("muffleMessage")
[10:23:19.621]                       }
[10:23:19.621]                       else if (inherits(cond, "warning")) {
[10:23:19.621]                         muffled <- grepl(pattern, "muffleWarning")
[10:23:19.621]                         if (muffled) 
[10:23:19.621]                           invokeRestart("muffleWarning")
[10:23:19.621]                       }
[10:23:19.621]                       else if (inherits(cond, "condition")) {
[10:23:19.621]                         if (!is.null(pattern)) {
[10:23:19.621]                           computeRestarts <- base::computeRestarts
[10:23:19.621]                           grepl <- base::grepl
[10:23:19.621]                           restarts <- computeRestarts(cond)
[10:23:19.621]                           for (restart in restarts) {
[10:23:19.621]                             name <- restart$name
[10:23:19.621]                             if (is.null(name)) 
[10:23:19.621]                               next
[10:23:19.621]                             if (!grepl(pattern, name)) 
[10:23:19.621]                               next
[10:23:19.621]                             invokeRestart(restart)
[10:23:19.621]                             muffled <- TRUE
[10:23:19.621]                             break
[10:23:19.621]                           }
[10:23:19.621]                         }
[10:23:19.621]                       }
[10:23:19.621]                       invisible(muffled)
[10:23:19.621]                     }
[10:23:19.621]                     muffleCondition(cond, pattern = "^muffle")
[10:23:19.621]                   }
[10:23:19.621]                 }
[10:23:19.621]                 else {
[10:23:19.621]                   if (TRUE) {
[10:23:19.621]                     muffleCondition <- function (cond, pattern = "^muffle") 
[10:23:19.621]                     {
[10:23:19.621]                       inherits <- base::inherits
[10:23:19.621]                       invokeRestart <- base::invokeRestart
[10:23:19.621]                       is.null <- base::is.null
[10:23:19.621]                       muffled <- FALSE
[10:23:19.621]                       if (inherits(cond, "message")) {
[10:23:19.621]                         muffled <- grepl(pattern, "muffleMessage")
[10:23:19.621]                         if (muffled) 
[10:23:19.621]                           invokeRestart("muffleMessage")
[10:23:19.621]                       }
[10:23:19.621]                       else if (inherits(cond, "warning")) {
[10:23:19.621]                         muffled <- grepl(pattern, "muffleWarning")
[10:23:19.621]                         if (muffled) 
[10:23:19.621]                           invokeRestart("muffleWarning")
[10:23:19.621]                       }
[10:23:19.621]                       else if (inherits(cond, "condition")) {
[10:23:19.621]                         if (!is.null(pattern)) {
[10:23:19.621]                           computeRestarts <- base::computeRestarts
[10:23:19.621]                           grepl <- base::grepl
[10:23:19.621]                           restarts <- computeRestarts(cond)
[10:23:19.621]                           for (restart in restarts) {
[10:23:19.621]                             name <- restart$name
[10:23:19.621]                             if (is.null(name)) 
[10:23:19.621]                               next
[10:23:19.621]                             if (!grepl(pattern, name)) 
[10:23:19.621]                               next
[10:23:19.621]                             invokeRestart(restart)
[10:23:19.621]                             muffled <- TRUE
[10:23:19.621]                             break
[10:23:19.621]                           }
[10:23:19.621]                         }
[10:23:19.621]                       }
[10:23:19.621]                       invisible(muffled)
[10:23:19.621]                     }
[10:23:19.621]                     muffleCondition(cond, pattern = "^muffle")
[10:23:19.621]                   }
[10:23:19.621]                 }
[10:23:19.621]             }
[10:23:19.621]         }))
[10:23:19.621]     }, error = function(ex) {
[10:23:19.621]         base::structure(base::list(value = NULL, visible = NULL, 
[10:23:19.621]             conditions = ...future.conditions, rng = !identical(base::globalenv()$.Random.seed, 
[10:23:19.621]                 ...future.rng), started = ...future.startTime, 
[10:23:19.621]             finished = Sys.time(), session_uuid = NA_character_, 
[10:23:19.621]             version = "1.8"), class = "FutureResult")
[10:23:19.621]     }, finally = {
[10:23:19.621]         if (!identical(...future.workdir, getwd())) 
[10:23:19.621]             setwd(...future.workdir)
[10:23:19.621]         {
[10:23:19.621]             if (identical(getOption("nwarnings"), ...future.oldOptions$nwarnings)) {
[10:23:19.621]                 ...future.oldOptions$nwarnings <- NULL
[10:23:19.621]             }
[10:23:19.621]             base::options(...future.oldOptions)
[10:23:19.621]             if (.Platform$OS.type == "windows") {
[10:23:19.621]                 old_names <- names(...future.oldEnvVars)
[10:23:19.621]                 envs <- base::Sys.getenv()
[10:23:19.621]                 names <- names(envs)
[10:23:19.621]                 common <- intersect(names, old_names)
[10:23:19.621]                 added <- setdiff(names, old_names)
[10:23:19.621]                 removed <- setdiff(old_names, names)
[10:23:19.621]                 changed <- common[...future.oldEnvVars[common] != 
[10:23:19.621]                   envs[common]]
[10:23:19.621]                 NAMES <- toupper(changed)
[10:23:19.621]                 args <- list()
[10:23:19.621]                 for (kk in seq_along(NAMES)) {
[10:23:19.621]                   name <- changed[[kk]]
[10:23:19.621]                   NAME <- NAMES[[kk]]
[10:23:19.621]                   if (name != NAME && is.element(NAME, old_names)) 
[10:23:19.621]                     next
[10:23:19.621]                   args[[name]] <- ...future.oldEnvVars[[name]]
[10:23:19.621]                 }
[10:23:19.621]                 NAMES <- toupper(added)
[10:23:19.621]                 for (kk in seq_along(NAMES)) {
[10:23:19.621]                   name <- added[[kk]]
[10:23:19.621]                   NAME <- NAMES[[kk]]
[10:23:19.621]                   if (name != NAME && is.element(NAME, old_names)) 
[10:23:19.621]                     next
[10:23:19.621]                   args[[name]] <- ""
[10:23:19.621]                 }
[10:23:19.621]                 NAMES <- toupper(removed)
[10:23:19.621]                 for (kk in seq_along(NAMES)) {
[10:23:19.621]                   name <- removed[[kk]]
[10:23:19.621]                   NAME <- NAMES[[kk]]
[10:23:19.621]                   if (name != NAME && is.element(NAME, old_names)) 
[10:23:19.621]                     next
[10:23:19.621]                   args[[name]] <- ...future.oldEnvVars[[name]]
[10:23:19.621]                 }
[10:23:19.621]                 if (length(args) > 0) 
[10:23:19.621]                   base::do.call(base::Sys.setenv, args = args)
[10:23:19.621]                 args <- names <- old_names <- NAMES <- envs <- common <- added <- removed <- NULL
[10:23:19.621]             }
[10:23:19.621]             else {
[10:23:19.621]                 base::do.call(base::Sys.setenv, args = base::as.list(...future.oldEnvVars))
[10:23:19.621]             }
[10:23:19.621]             {
[10:23:19.621]                 if (base::length(...future.futureOptionsAdded) > 
[10:23:19.621]                   0L) {
[10:23:19.621]                   opts <- base::vector("list", length = base::length(...future.futureOptionsAdded))
[10:23:19.621]                   base::names(opts) <- ...future.futureOptionsAdded
[10:23:19.621]                   base::options(opts)
[10:23:19.621]                 }
[10:23:19.621]                 {
[10:23:19.621]                   {
[10:23:19.621]                     NULL
[10:23:19.621]                     RNGkind("Mersenne-Twister")
[10:23:19.621]                     base::rm(list = ".Random.seed", envir = base::globalenv(), 
[10:23:19.621]                       inherits = FALSE)
[10:23:19.621]                   }
[10:23:19.621]                   options(future.plan = NULL)
[10:23:19.621]                   if (is.na(NA_character_)) 
[10:23:19.621]                     Sys.unsetenv("R_FUTURE_PLAN")
[10:23:19.621]                   else Sys.setenv(R_FUTURE_PLAN = NA_character_)
[10:23:19.621]                   future::plan(...future.strategy.old, .cleanup = FALSE, 
[10:23:19.621]                     .init = FALSE)
[10:23:19.621]                 }
[10:23:19.621]             }
[10:23:19.621]         }
[10:23:19.621]     })
[10:23:19.621]     if (TRUE) {
[10:23:19.621]         base::sink(type = "output", split = FALSE)
[10:23:19.621]         if (TRUE) {
[10:23:19.621]             ...future.result$stdout <- base::rawToChar(base::rawConnectionValue(...future.stdout))
[10:23:19.621]         }
[10:23:19.621]         else {
[10:23:19.621]             ...future.result["stdout"] <- base::list(NULL)
[10:23:19.621]         }
[10:23:19.621]         base::close(...future.stdout)
[10:23:19.621]         ...future.stdout <- NULL
[10:23:19.621]     }
[10:23:19.621]     ...future.result$conditions <- ...future.conditions
[10:23:19.621]     ...future.result$finished <- base::Sys.time()
[10:23:19.621]     ...future.result
[10:23:19.621] }
[10:23:19.623] assign_globals() ...
[10:23:19.623] List of 1
[10:23:19.623]  $ plan:function (strategy = NULL, ..., substitute = TRUE, .skip = FALSE, .call = TRUE, 
[10:23:19.623]     .cleanup = TRUE, .init = TRUE)  
[10:23:19.623]  - attr(*, "where")=List of 1
[10:23:19.623]   ..$ plan:<environment: R_EmptyEnv> 
[10:23:19.623]  - attr(*, "class")= chr [1:3] "FutureGlobals" "Globals" "list"
[10:23:19.623]  - attr(*, "resolved")= logi FALSE
[10:23:19.623]  - attr(*, "total_size")= num 65691
[10:23:19.623]  - attr(*, "already-done")= logi TRUE
[10:23:19.627] - copied ‘plan’ to environment
[10:23:19.628] assign_globals() ... done
[10:23:19.628] plan(): Setting new future strategy stack:
[10:23:19.628] List of future strategies:
[10:23:19.628] 1. sequential:
[10:23:19.628]    - args: function (..., abc = FALSE, envir = parent.frame(), workers = "<NULL>")
[10:23:19.628]    - tweaked: TRUE
[10:23:19.628]    - call: plan(list(A = sequential, B = tweak(sequential, abc = FALSE)))
[10:23:19.628] plan(): nbrOfWorkers() = 1
[10:23:19.629] plan(): Setting new future strategy stack:
[10:23:19.629] List of future strategies:
[10:23:19.629] 1. sequential:
[10:23:19.629]    - args: function (..., envir = parent.frame(), workers = "<NULL>")
[10:23:19.629]    - tweaked: FALSE
[10:23:19.629]    - call: plan(list(A = sequential, B = tweak(sequential, abc = FALSE)))
[10:23:19.629] 2. sequential:
[10:23:19.629]    - args: function (..., abc = FALSE, envir = parent.frame(), workers = "<NULL>")
[10:23:19.629]    - tweaked: TRUE
[10:23:19.629]    - call: plan(list(A = sequential, B = tweak(sequential, abc = FALSE)))
[10:23:19.630] plan(): nbrOfWorkers() = 1
[10:23:19.630] SequentialFuture started (and completed)
[10:23:19.630] - Launch lazy future ... done
[10:23:19.630] run() for ‘SequentialFuture’ ... done
> print(x)
[1] 1
> stopifnot(a == 0, x == 1)
> 
> 
> message("*** y %<-% { expr } %tweak% tweaks ... DONE")
*** y %<-% { expr } %tweak% tweaks ... DONE
> 
> 
> message("*** tweak() - abc = TRUE ...")
*** tweak() - abc = TRUE ...
> 
> res <- tryCatch(tweak(multisession, gc = TRUE), condition = identity)
> stopifnot(inherits(res, "tweaked"))
> 
> ## Argument 'gc' is unknown
> res <- tryCatch(tweak(sequential, abc = TRUE), condition = identity)
> stopifnot(inherits(res, "warning"))
> 
> res <- tryCatch(tweak(multicore, abc = TRUE), condition = identity)
> stopifnot(inherits(res, "warning"))
> 
> message("*** tweak() - abc = TRUE ... DONE")
*** tweak() - abc = TRUE ... DONE
> 
> 
> message("*** tweak() - odds and ends ...")
*** tweak() - odds and ends ...
> 
> ## BUG: getGlobalsAndPackages(Formula::Formula(~ x)) would produce
> ## "the condition has length > 1" warnings.
> ## https://github.com/HenrikBengtsson/future/issues/395
> length.Formula <- function(x) c(1L, 1L)
> expr <- structure(y ~ x, class = "Formula")
> stopifnot(length(length(expr)) == 2L)
> gp <- future::getGlobalsAndPackages(expr)
[10:23:19.632] getGlobalsAndPackages() ...
[10:23:19.632] Searching for globals...
[10:23:19.634] - globals found: [4] ‘{’, ‘y’, ‘x’, ‘~’
[10:23:19.634] Searching for globals ... DONE
[10:23:19.634] Resolving globals: FALSE
[10:23:19.634] The total size of the 1 globals is 39 bytes (39 bytes)
[10:23:19.635] The total size of the 1 globals exported for future expression (‘y ~ x’) is 39 bytes.. This exceeds the maximum allowed size of 500.00 MiB (option 'future.globals.maxSize'). There is one global: ‘x’ (39 bytes of class ‘numeric’)
[10:23:19.635] - globals: [1] ‘x’
[10:23:19.635] 
[10:23:19.635] getGlobalsAndPackages() ... DONE
> stopifnot(
+   !inherits(gp, "error"),
+   is.list(gp),
+   all(c("expr", "globals", "packages") %in% names(gp))
+ )
> 
> message("*** tweak() - odds and ends ... DONE")
*** tweak() - odds and ends ... DONE
> 
> 
> message("*** tweak() - exceptions ...")
*** tweak() - exceptions ...
> 
> res <- try(tweak("<unknown-future-strategy>"), silent = TRUE)
> stopifnot(inherits(res, "try-error"))
> 
> res <- try(tweak(base::eval), silent = TRUE)
> stopifnot(inherits(res, "try-error"))
> 
> res <- try(tweak(sequential, "unnamed-argument"), silent = TRUE)
> stopifnot(inherits(res, "try-error"))
> 
> ## Arguments that must not be tweaked
> res <- try(tweak(sequential, lazy = TRUE), silent = TRUE)
> stopifnot(inherits(res, "try-error"))
> 
> res <- try(tweak(sequential, asynchronous = FALSE), silent = TRUE)
> stopifnot(inherits(res, "try-error"))
> 
> res <- try(tweak(sequential, seed = 42L), silent = TRUE)
> stopifnot(inherits(res, "try-error"))
> 
> message("*** tweak() - exceptions ... DONE")
*** tweak() - exceptions ... DONE
> 
> 
> message("*** Tweaking future strategies ... DONE")
*** Tweaking future strategies ... DONE
> 
> source("incl/end.R")
[10:23:19.669] plan(): Setting new future strategy stack:
[10:23:19.670] List of future strategies:
[10:23:19.670] 1. FutureStrategy:
[10:23:19.670]    - args: function (..., envir = parent.frame(), workers = "<NULL>")
[10:23:19.670]    - tweaked: FALSE
[10:23:19.670]    - call: future::plan(oplan)
[10:23:19.670] plan(): nbrOfWorkers() = 1
> 
