
R version 4.4.0 (2024-04-24) -- "Puppy Cup"
Copyright (C) 2024 The R Foundation for Statistical Computing
Platform: x86_64-pc-linux-gnu

R is free software and comes with ABSOLUTELY NO WARRANTY.
You are welcome to redistribute it under certain conditions.
Type 'license()' or 'licence()' for distribution details.

R is a collaborative project with many contributors.
Type 'contributors()' for more information and
'citation()' on how to cite R or R packages in publications.

Type 'demo()' for some demos, 'help()' for on-line help, or
'help.start()' for an HTML browser interface to help.
Type 'q()' to quit R.

> source("incl/start.R")
> stopCluster <- parallel::stopCluster
> 
> message("*** cluster operations ...")
*** cluster operations ...
> 
> local({
+   cl0 <- makeClusterPSOCK(1L)
+   on.exit(stopCluster(cl0))
+   cl <- cl0
+   print(cl)
+ 
+   message("*** cluster operations - as.cluster() ...")
+   cl1 <- as.cluster(cl)
+   print(cl1)
+   stopifnot(inherits(cl1, "cluster"), identical(cl1, cl))
+ 
+   node <- cl[[1]]
+   print(node)
+   cl2 <- as.cluster(node)
+   stopifnot(inherits(cl2, "cluster"), length(cl2) == 1L,
+             identical(cl2[[1]], node))
+ 
+   node <- cl[[1]]
+   print(node)
+   stopifnot(inherits(node, if (useXDR) "SOCKnode" else "SOCK0node"))
+   nodes <- list(node, node)
+   cl3 <- as.cluster(node)
+   print(cl3)
+   stopifnot(inherits(cl3, "cluster"), length(cl3) == 1L,
+             identical(cl3[[1]], node))
+ 
+   cl4 <- as.cluster(nodes)
+   print(cl4)
+   stopifnot(inherits(cl4, "cluster"), length(cl4) == 2L,
+             identical(cl4[[1]], node), identical(cl4[[2]], node))
+   
+   message("*** cluster operations - as.cluster() ... DONE")
+ 
+   message("*** cluster operations - c(...) ...")
+   cl2 <- makeClusterPSOCK("localhost")
+   on.exit(stopCluster(cl2), add = TRUE)
+   print(cl2)
+   
+   cl <- c(cl1, cl2)
+   print(cl)
+ 
+   stopifnot(inherits(cl, "cluster"), length(cl) == 2L)
+   stopifnot(identical(cl[1], cl1),
+             identical(cl[2], cl2[1]))
+   message("*** cluster operations - c(...) ... DONE")
+ })
[18:03:44.183] [local output] makeClusterPSOCK() ...
[18:03:44.215] [local output] Workers: [n = 1] ‘localhost’
[18:03:44.216] [local output] Base port: 11453
[18:03:44.216] [local output] Getting setup options for 1 cluster nodes ...
[18:03:44.216] [local output]  - Node 1 of 1 ...
[18:03:44.217] [local output] localMachine=TRUE => revtunnel=FALSE

[18:03:44.218] Testing if worker's PID can be inferred: ‘'/usr/local/lib/R/bin/Rscript' -e 'try(suppressWarnings(cat(Sys.getpid(),file="/tmp/RtmpbwvCBw/worker.rank=1.parallelly.parent=63987.f9f363573791.pid")), silent = TRUE)' -e 'file.exists("/tmp/RtmpbwvCBw/worker.rank=1.parallelly.parent=63987.f9f363573791.pid")'’
[18:03:44.403] - Possible to infer worker's PID: TRUE
[18:03:44.403] [local output] Rscript port: 11453

[18:03:44.403] [local output] Getting setup options for 1 cluster nodes ... done
[18:03:44.403] [local output]  - Parallel setup requested for some PSOCK nodes
[18:03:44.404] [local output] Setting up PSOCK nodes in parallel
[18:03:44.404] List of 36
[18:03:44.404]  $ worker          : chr "localhost"
[18:03:44.404]   ..- attr(*, "localhost")= logi TRUE
[18:03:44.404]  $ master          : chr "localhost"
[18:03:44.404]  $ port            : int 11453
[18:03:44.404]  $ connectTimeout  : num 120
[18:03:44.404]  $ timeout         : num 2592000
[18:03:44.404]  $ rscript         : chr "'/usr/local/lib/R/bin/Rscript'"
[18:03:44.404]  $ homogeneous     : logi TRUE
[18:03:44.404]  $ rscript_args    : chr "--default-packages=datasets,utils,grDevices,graphics,stats,methods -e 'try(suppressWarnings(cat(Sys.getpid(),fi"| __truncated__
[18:03:44.404]  $ rscript_envs    : NULL
[18:03:44.404]  $ rscript_libs    : NULL
[18:03:44.404]  $ rscript_startup : NULL
[18:03:44.404]  $ rscript_sh      : chr "sh"
[18:03:44.404]  $ default_packages: chr [1:6] "datasets" "utils" "grDevices" "graphics" ...
[18:03:44.404]  $ methods         : logi TRUE
[18:03:44.404]  $ socketOptions   : chr "no-delay"
[18:03:44.404]  $ useXDR          : logi FALSE
[18:03:44.404]  $ outfile         : chr "/dev/null"
[18:03:44.404]  $ renice          : int NA
[18:03:44.404]  $ rshcmd          : NULL
[18:03:44.404]  $ user            : chr(0) 
[18:03:44.404]  $ revtunnel       : logi FALSE
[18:03:44.404]  $ rshlogfile      : NULL
[18:03:44.404]  $ rshopts         : chr(0) 
[18:03:44.404]  $ rank            : int 1
[18:03:44.404]  $ manual          : logi FALSE
[18:03:44.404]  $ dryrun          : logi FALSE
[18:03:44.404]  $ quiet           : logi FALSE
[18:03:44.404]  $ setup_strategy  : chr "parallel"
[18:03:44.404]  $ local_cmd       : chr "'/usr/local/lib/R/bin/Rscript' --default-packages=datasets,utils,grDevices,graphics,stats,methods -e 'try(suppr"| __truncated__
[18:03:44.404]  $ pidfile         : chr "/tmp/RtmpbwvCBw/worker.rank=1.parallelly.parent=63987.f9f363573791.pid"
[18:03:44.404]  $ rshcmd_label    : NULL
[18:03:44.404]  $ rsh_call        : NULL
[18:03:44.404]  $ cmd             : chr "'/usr/local/lib/R/bin/Rscript' --default-packages=datasets,utils,grDevices,graphics,stats,methods -e 'try(suppr"| __truncated__
[18:03:44.404]  $ localMachine    : logi TRUE
[18:03:44.404]  $ make_fcn        :function (worker = getOption2("parallelly.localhost.hostname", "localhost"), 
[18:03:44.404]     master = NULL, port, connectTimeout = getOption2("parallelly.makeNodePSOCK.connectTimeout", 
[18:03:44.404]         2 * 60), timeout = getOption2("parallelly.makeNodePSOCK.timeout", 
[18:03:44.404]         30 * 24 * 60 * 60), rscript = NULL, homogeneous = NULL, rscript_args = NULL, 
[18:03:44.404]     rscript_envs = NULL, rscript_libs = NULL, rscript_startup = NULL, rscript_sh = c("auto", 
[18:03:44.404]         "cmd", "sh"), default_packages = c("datasets", "utils", "grDevices", 
[18:03:44.404]         "graphics", "stats", if (methods) "methods"), methods = TRUE, socketOptions = getOption2("parallelly.makeNodePSOCK.socketOptions", 
[18:03:44.404]         "no-delay"), useXDR = getOption2("parallelly.makeNodePSOCK.useXDR", 
[18:03:44.404]         FALSE), outfile = "/dev/null", renice = NA_integer_, rshcmd = getOption2("parallelly.makeNodePSOCK.rshcmd", 
[18:03:44.404]         NULL), user = NULL, revtunnel = NA, rshlogfile = NULL, rshopts = getOption2("parallelly.makeNodePSOCK.rshopts", 
[18:03:44.404]         NULL), rank = 1L, manual = FALSE, dryrun = FALSE, quiet = FALSE, 
[18:03:44.404]     setup_strategy = getOption2("parallelly.makeNodePSOCK.setup_strategy", 
[18:03:44.404]         "parallel"), action = c("launch", "options"), verbose = FALSE)  
[18:03:44.404]  $ arguments       :List of 28
[18:03:44.404]   ..$ worker          : chr "localhost"
[18:03:44.404]   ..$ master          : NULL
[18:03:44.404]   ..$ port            : int 11453
[18:03:44.404]   ..$ connectTimeout  : num 120
[18:03:44.404]   ..$ timeout         : num 2592000
[18:03:44.404]   ..$ rscript         : NULL
[18:03:44.404]   ..$ homogeneous     : NULL
[18:03:44.404]   ..$ rscript_args    : NULL
[18:03:44.404]   ..$ rscript_envs    : NULL
[18:03:44.404]   ..$ rscript_libs    : NULL
[18:03:44.404]   ..$ rscript_startup : NULL
[18:03:44.404]   ..$ rscript_sh      : chr [1:3] "auto" "cmd" "sh"
[18:03:44.404]   ..$ default_packages: chr [1:6] "datasets" "utils" "grDevices" "graphics" ...
[18:03:44.404]   ..$ methods         : logi TRUE
[18:03:44.404]   ..$ socketOptions   : chr "no-delay"
[18:03:44.404]   ..$ useXDR          : logi FALSE
[18:03:44.404]   ..$ outfile         : chr "/dev/null"
[18:03:44.404]   ..$ renice          : int NA
[18:03:44.404]   ..$ rshcmd          : NULL
[18:03:44.404]   ..$ user            : NULL
[18:03:44.404]   ..$ revtunnel       : logi NA
[18:03:44.404]   ..$ rshlogfile      : NULL
[18:03:44.404]   ..$ rshopts         : NULL
[18:03:44.404]   ..$ rank            : int 1
[18:03:44.404]   ..$ manual          : logi FALSE
[18:03:44.404]   ..$ dryrun          : logi FALSE
[18:03:44.404]   ..$ quiet           : logi FALSE
[18:03:44.404]   ..$ setup_strategy  : chr "parallel"
[18:03:44.404]  - attr(*, "class")= chr [1:2] "makeNodePSOCKOptions" "makeNodeOptions"
[18:03:44.422] [local output] System call to launch all workers:
[18:03:44.422] [local output] '/usr/local/lib/R/bin/Rscript' --default-packages=datasets,utils,grDevices,graphics,stats,methods -e 'try(suppressWarnings(cat(Sys.getpid(),file="/tmp/RtmpbwvCBw/worker.rank=1.parallelly.parent=63987.f9f363573791.pid")), silent = TRUE)' -e 'options(socketOptions = "no-delay")' -e 'workRSOCK <- tryCatch(parallel:::.workRSOCK, error=function(e) parallel:::.slaveRSOCK); workRSOCK()' MASTER=localhost PORT=11453 OUT=/dev/null TIMEOUT=2592000 XDR=FALSE SETUPTIMEOUT=120 SETUPSTRATEGY=parallel
[18:03:44.422] [local output] Starting PSOCK main server
[18:03:44.428] [local output] Workers launched
[18:03:44.428] [local output] Waiting for workers to connect back
[18:03:44.428]  - [local output] 0 workers out of 1 ready
[18:03:44.618]  - [local output] 0 workers out of 1 ready
[18:03:44.618]  - [local output] 1 workers out of 1 ready
[18:03:44.619] [local output] Launching of workers completed
[18:03:44.619] [local output] Collecting session information from workers
[18:03:44.619] [local output]  - Worker #1 of 1
[18:03:44.620] [local output] makeClusterPSOCK() ... done
Socket cluster with 1 nodes where 1 node is on host ‘localhost’ (R version 4.4.0 (2024-04-24), platform x86_64-pc-linux-gnu)
*** cluster operations - as.cluster() ...
Socket cluster with 1 nodes where 1 node is on host ‘localhost’ (R version 4.4.0 (2024-04-24), platform x86_64-pc-linux-gnu)
RichSOCKnode of a socket cluster on local host 'localhost' with pid 64038 (R version 4.4.0 (2024-04-24), x86_64-pc-linux-gnu) using socket connection #4 ('<-localhost:11453')
RichSOCKnode of a socket cluster on local host 'localhost' with pid 64038 (R version 4.4.0 (2024-04-24), x86_64-pc-linux-gnu) using socket connection #4 ('<-localhost:11453')
Socket cluster with 1 nodes where 1 node is on host ‘localhost’ (R version 4.4.0 (2024-04-24), platform x86_64-pc-linux-gnu)
Warning: The combined cluster contains 1 duplicated nodes
Socket cluster with 2 nodes where 2 nodes are on host ‘localhost’ (R version 4.4.0 (2024-04-24), platform x86_64-pc-linux-gnu)
*** cluster operations - as.cluster() ... DONE
*** cluster operations - c(...) ...
[18:03:44.627] [local output] makeClusterPSOCK() ...
[18:03:44.627] [local output] Workers: [n = 1] ‘localhost’
[18:03:44.628] [local output] Base port: 11459
[18:03:44.628] [local output] Getting setup options for 1 cluster nodes ...
[18:03:44.628] [local output]  - Node 1 of 1 ...
[18:03:44.628] [local output] localMachine=TRUE => revtunnel=FALSE

[18:03:44.629] [local output] Rscript port: 11459

[18:03:44.629] [local output] Getting setup options for 1 cluster nodes ... done
[18:03:44.629] [local output]  - Parallel setup requested for some PSOCK nodes
[18:03:44.630] [local output] Setting up PSOCK nodes in parallel
[18:03:44.630] List of 36
[18:03:44.630]  $ worker          : chr "localhost"
[18:03:44.630]   ..- attr(*, "localhost")= logi TRUE
[18:03:44.630]  $ master          : chr "localhost"
[18:03:44.630]  $ port            : int 11459
[18:03:44.630]  $ connectTimeout  : num 120
[18:03:44.630]  $ timeout         : num 2592000
[18:03:44.630]  $ rscript         : chr "'/usr/local/lib/R/bin/Rscript'"
[18:03:44.630]  $ homogeneous     : logi TRUE
[18:03:44.630]  $ rscript_args    : chr "--default-packages=datasets,utils,grDevices,graphics,stats,methods -e 'try(suppressWarnings(cat(Sys.getpid(),fi"| __truncated__
[18:03:44.630]  $ rscript_envs    : NULL
[18:03:44.630]  $ rscript_libs    : NULL
[18:03:44.630]  $ rscript_startup : NULL
[18:03:44.630]  $ rscript_sh      : chr "sh"
[18:03:44.630]  $ default_packages: chr [1:6] "datasets" "utils" "grDevices" "graphics" ...
[18:03:44.630]  $ methods         : logi TRUE
[18:03:44.630]  $ socketOptions   : chr "no-delay"
[18:03:44.630]  $ useXDR          : logi FALSE
[18:03:44.630]  $ outfile         : chr "/dev/null"
[18:03:44.630]  $ renice          : int NA
[18:03:44.630]  $ rshcmd          : NULL
[18:03:44.630]  $ user            : chr(0) 
[18:03:44.630]  $ revtunnel       : logi FALSE
[18:03:44.630]  $ rshlogfile      : NULL
[18:03:44.630]  $ rshopts         : chr(0) 
[18:03:44.630]  $ rank            : int 1
[18:03:44.630]  $ manual          : logi FALSE
[18:03:44.630]  $ dryrun          : logi FALSE
[18:03:44.630]  $ quiet           : logi FALSE
[18:03:44.630]  $ setup_strategy  : chr "parallel"
[18:03:44.630]  $ local_cmd       : chr "'/usr/local/lib/R/bin/Rscript' --default-packages=datasets,utils,grDevices,graphics,stats,methods -e 'try(suppr"| __truncated__
[18:03:44.630]  $ pidfile         : chr "/tmp/RtmpbwvCBw/worker.rank=1.parallelly.parent=63987.f9f326eb2bf6.pid"
[18:03:44.630]  $ rshcmd_label    : NULL
[18:03:44.630]  $ rsh_call        : NULL
[18:03:44.630]  $ cmd             : chr "'/usr/local/lib/R/bin/Rscript' --default-packages=datasets,utils,grDevices,graphics,stats,methods -e 'try(suppr"| __truncated__
[18:03:44.630]  $ localMachine    : logi TRUE
[18:03:44.630]  $ make_fcn        :function (worker = getOption2("parallelly.localhost.hostname", "localhost"), 
[18:03:44.630]     master = NULL, port, connectTimeout = getOption2("parallelly.makeNodePSOCK.connectTimeout", 
[18:03:44.630]         2 * 60), timeout = getOption2("parallelly.makeNodePSOCK.timeout", 
[18:03:44.630]         30 * 24 * 60 * 60), rscript = NULL, homogeneous = NULL, rscript_args = NULL, 
[18:03:44.630]     rscript_envs = NULL, rscript_libs = NULL, rscript_startup = NULL, rscript_sh = c("auto", 
[18:03:44.630]         "cmd", "sh"), default_packages = c("datasets", "utils", "grDevices", 
[18:03:44.630]         "graphics", "stats", if (methods) "methods"), methods = TRUE, socketOptions = getOption2("parallelly.makeNodePSOCK.socketOptions", 
[18:03:44.630]         "no-delay"), useXDR = getOption2("parallelly.makeNodePSOCK.useXDR", 
[18:03:44.630]         FALSE), outfile = "/dev/null", renice = NA_integer_, rshcmd = getOption2("parallelly.makeNodePSOCK.rshcmd", 
[18:03:44.630]         NULL), user = NULL, revtunnel = NA, rshlogfile = NULL, rshopts = getOption2("parallelly.makeNodePSOCK.rshopts", 
[18:03:44.630]         NULL), rank = 1L, manual = FALSE, dryrun = FALSE, quiet = FALSE, 
[18:03:44.630]     setup_strategy = getOption2("parallelly.makeNodePSOCK.setup_strategy", 
[18:03:44.630]         "parallel"), action = c("launch", "options"), verbose = FALSE)  
[18:03:44.630]  $ arguments       :List of 28
[18:03:44.630]   ..$ worker          : chr "localhost"
[18:03:44.630]   ..$ master          : NULL
[18:03:44.630]   ..$ port            : int 11459
[18:03:44.630]   ..$ connectTimeout  : num 120
[18:03:44.630]   ..$ timeout         : num 2592000
[18:03:44.630]   ..$ rscript         : NULL
[18:03:44.630]   ..$ homogeneous     : NULL
[18:03:44.630]   ..$ rscript_args    : NULL
[18:03:44.630]   ..$ rscript_envs    : NULL
[18:03:44.630]   ..$ rscript_libs    : NULL
[18:03:44.630]   ..$ rscript_startup : NULL
[18:03:44.630]   ..$ rscript_sh      : chr [1:3] "auto" "cmd" "sh"
[18:03:44.630]   ..$ default_packages: chr [1:6] "datasets" "utils" "grDevices" "graphics" ...
[18:03:44.630]   ..$ methods         : logi TRUE
[18:03:44.630]   ..$ socketOptions   : chr "no-delay"
[18:03:44.630]   ..$ useXDR          : logi FALSE
[18:03:44.630]   ..$ outfile         : chr "/dev/null"
[18:03:44.630]   ..$ renice          : int NA
[18:03:44.630]   ..$ rshcmd          : NULL
[18:03:44.630]   ..$ user            : NULL
[18:03:44.630]   ..$ revtunnel       : logi NA
[18:03:44.630]   ..$ rshlogfile      : NULL
[18:03:44.630]   ..$ rshopts         : NULL
[18:03:44.630]   ..$ rank            : int 1
[18:03:44.630]   ..$ manual          : logi FALSE
[18:03:44.630]   ..$ dryrun          : logi FALSE
[18:03:44.630]   ..$ quiet           : logi FALSE
[18:03:44.630]   ..$ setup_strategy  : chr "parallel"
[18:03:44.630]  - attr(*, "class")= chr [1:2] "makeNodePSOCKOptions" "makeNodeOptions"
[18:03:44.648] [local output] System call to launch all workers:
[18:03:44.648] [local output] '/usr/local/lib/R/bin/Rscript' --default-packages=datasets,utils,grDevices,graphics,stats,methods -e 'try(suppressWarnings(cat(Sys.getpid(),file="/tmp/RtmpbwvCBw/worker.rank=1.parallelly.parent=63987.f9f326eb2bf6.pid")), silent = TRUE)' -e 'options(socketOptions = "no-delay")' -e 'workRSOCK <- tryCatch(parallel:::.workRSOCK, error=function(e) parallel:::.slaveRSOCK); workRSOCK()' MASTER=localhost PORT=11459 OUT=/dev/null TIMEOUT=2592000 XDR=FALSE SETUPTIMEOUT=120 SETUPSTRATEGY=parallel
[18:03:44.649] [local output] Starting PSOCK main server
[18:03:44.650] [local output] Workers launched
[18:03:44.650] [local output] Waiting for workers to connect back
[18:03:44.650]  - [local output] 0 workers out of 1 ready
[18:03:44.854]  - [local output] 0 workers out of 1 ready
[18:03:44.854]  - [local output] 1 workers out of 1 ready
[18:03:44.854] [local output] Launching of workers completed
[18:03:44.854] [local output] Collecting session information from workers
[18:03:44.855] [local output]  - Worker #1 of 1
[18:03:44.855] [local output] makeClusterPSOCK() ... done
Socket cluster with 1 nodes where 1 node is on host ‘localhost’ (R version 4.4.0 (2024-04-24), platform x86_64-pc-linux-gnu)
Socket cluster with 2 nodes where 2 nodes are on host ‘localhost’ (R version 4.4.0 (2024-04-24), platform x86_64-pc-linux-gnu)
*** cluster operations - c(...) ... DONE
> 
> 
> message("*** cluster operations - makeClusterPSOCK(remotes) ...")
*** cluster operations - makeClusterPSOCK(remotes) ...
> 
> remotes <- Sys.getenv("R_PARALLELLY_TESTS_REMOTES", "")
> remotes <- gsub(" ", "", unlist(strsplit(remotes, split = ",")))
> remotes <- remotes[nzchar(remotes)]
> if (length(remotes) > 0) {
+   message("Remotes: ", paste(sQuote(remotes), collapse = ", "))
+   local({
+     cl <- makeClusterPSOCK(remotes, verbose = TRUE)
+     on.exit(stopCluster(cl))
+     print(cl)
+   })
+ }
> 
> message("*** cluster operations - makeClusterPSOCK(remotes) ... DONE")
*** cluster operations - makeClusterPSOCK(remotes) ... DONE
> 
> message("*** cluster operations ... DONE")
*** cluster operations ... DONE
> 
> source("incl/end.R")
> 
