
R version 4.4.0 (2024-04-24) -- "Puppy Cup"
Copyright (C) 2024 The R Foundation for Statistical Computing
Platform: x86_64-pc-linux-gnu

R is free software and comes with ABSOLUTELY NO WARRANTY.
You are welcome to redistribute it under certain conditions.
Type 'license()' or 'licence()' for distribution details.

R is a collaborative project with many contributors.
Type 'contributors()' for more information and
'citation()' on how to cite R or R packages in publications.

Type 'demo()' for some demos, 'help()' for on-line help, or
'help.start()' for an HTML browser interface to help.
Type 'q()' to quit R.

> source("incl/start.R")
[17:39:24.249] plan(): Setting new future strategy stack:
[17:39:24.250] List of future strategies:
[17:39:24.250] 1. sequential:
[17:39:24.250]    - args: function (..., envir = parent.frame(), workers = "<NULL>")
[17:39:24.250]    - tweaked: FALSE
[17:39:24.250]    - call: future::plan("sequential")
[17:39:24.261] plan(): nbrOfWorkers() = 1
> 
> ## BACKWARD COMPATIBILITY
> if (getRversion() < "3.2.0") {
+   names <- function(x) if (is.environment(x)) ls(envir = x) else base::names(x)
+ }
> 
> message("*** %<-% to environment ...")
*** %<-% to environment ...
> 
> ## - - - - - - - - - - - - - - - - - - - - - - - - - - - -
> ## Async delayed assignment (infix operator)
> ## - - - - - - - - - - - - - - - - - - - - - - - - - - - -
> z <- new.env()
> stopifnot(length(names(z)) == 0L)
> 
> message("*** %<-% to environment: Assign by index (not allowed)")
*** %<-% to environment: Assign by index (not allowed)
> res <- try(z[[1]] %<-% { 2 } %lazy% TRUE, silent = TRUE)
> stopifnot(inherits(res, "try-error"))
> 
> message("*** %<-% to environment: Assign by name (new)")
*** %<-% to environment: Assign by name (new)
> z$B %<-% { TRUE }  %lazy% TRUE
[17:39:24.278] getGlobalsAndPackages() ...
[17:39:24.278] Searching for globals...
[17:39:24.281] - globals found: [1] ‘{’
[17:39:24.281] Searching for globals ... DONE
[17:39:24.281] Resolving globals: FALSE
[17:39:24.281] 
[17:39:24.281] 
[17:39:24.281] getGlobalsAndPackages() ... DONE
> stopifnot(length(z) == 2) # sic!
> stopifnot("B" %in% ls(z))
> 
> y <- as.list(z)
[17:39:24.283] run() for ‘Future’ ...
[17:39:24.283] - state: ‘created’
[17:39:24.283] - Future backend: ‘FutureStrategy’, ‘sequential’, ‘uniprocess’, ‘future’, ‘function’
[17:39:24.283] - Future class: ‘SequentialFuture’, ‘UniprocessFuture’, ‘Future’, ‘environment’
[17:39:24.283] - Copy elements of temporary ‘SequentialFuture’ to final ‘Future’ object ...
[17:39:24.283]   - Field: ‘label’
[17:39:24.283]   - Field: ‘local’
[17:39:24.284]   - Field: ‘owner’
[17:39:24.284]   - Field: ‘envir’
[17:39:24.284]   - Field: ‘packages’
[17:39:24.284]   - Field: ‘gc’
[17:39:24.284]   - Field: ‘conditions’
[17:39:24.284]   - Field: ‘expr’
[17:39:24.284]   - Field: ‘uuid’
[17:39:24.284]   - Field: ‘seed’
[17:39:24.284]   - Field: ‘version’
[17:39:24.284]   - Field: ‘result’
[17:39:24.285]   - Field: ‘asynchronous’
[17:39:24.285]   - Field: ‘calls’
[17:39:24.285]   - Field: ‘globals’
[17:39:24.285]   - Field: ‘stdout’
[17:39:24.285]   - Field: ‘earlySignal’
[17:39:24.285]   - Field: ‘lazy’
[17:39:24.285]   - Field: ‘state’
[17:39:24.285] - Copy elements of temporary ‘SequentialFuture’ to final ‘Future’ object ... done
[17:39:24.285] - Launch lazy future ...
[17:39:24.286] Packages needed by the future expression (n = 0): <none>
[17:39:24.286] Packages needed by future strategies (n = 0): <none>
[17:39:24.287] {
[17:39:24.287]     {
[17:39:24.287]         {
[17:39:24.287]             ...future.startTime <- base::Sys.time()
[17:39:24.287]             {
[17:39:24.287]                 {
[17:39:24.287]                   {
[17:39:24.287]                     base::local({
[17:39:24.287]                       has_future <- base::requireNamespace("future", 
[17:39:24.287]                         quietly = TRUE)
[17:39:24.287]                       if (has_future) {
[17:39:24.287]                         ns <- base::getNamespace("future")
[17:39:24.287]                         version <- ns[[".package"]][["version"]]
[17:39:24.287]                         if (is.null(version)) 
[17:39:24.287]                           version <- utils::packageVersion("future")
[17:39:24.287]                       }
[17:39:24.287]                       else {
[17:39:24.287]                         version <- NULL
[17:39:24.287]                       }
[17:39:24.287]                       if (!has_future || version < "1.8.0") {
[17:39:24.287]                         info <- base::c(r_version = base::gsub("R version ", 
[17:39:24.287]                           "", base::R.version$version.string), 
[17:39:24.287]                           platform = base::sprintf("%s (%s-bit)", 
[17:39:24.287]                             base::R.version$platform, 8 * base::.Machine$sizeof.pointer), 
[17:39:24.287]                           os = base::paste(base::Sys.info()[base::c("sysname", 
[17:39:24.287]                             "release", "version")], collapse = " "), 
[17:39:24.287]                           hostname = base::Sys.info()[["nodename"]])
[17:39:24.287]                         info <- base::sprintf("%s: %s", base::names(info), 
[17:39:24.287]                           info)
[17:39:24.287]                         info <- base::paste(info, collapse = "; ")
[17:39:24.287]                         if (!has_future) {
[17:39:24.287]                           msg <- base::sprintf("Package 'future' is not installed on worker (%s)", 
[17:39:24.287]                             info)
[17:39:24.287]                         }
[17:39:24.287]                         else {
[17:39:24.287]                           msg <- base::sprintf("Package 'future' on worker (%s) must be of version >= 1.8.0: %s", 
[17:39:24.287]                             info, version)
[17:39:24.287]                         }
[17:39:24.287]                         base::stop(msg)
[17:39:24.287]                       }
[17:39:24.287]                     })
[17:39:24.287]                   }
[17:39:24.287]                   ...future.strategy.old <- future::plan("list")
[17:39:24.287]                   options(future.plan = NULL)
[17:39:24.287]                   Sys.unsetenv("R_FUTURE_PLAN")
[17:39:24.287]                   future::plan("default", .cleanup = FALSE, .init = FALSE)
[17:39:24.287]                 }
[17:39:24.287]                 ...future.workdir <- getwd()
[17:39:24.287]             }
[17:39:24.287]             ...future.oldOptions <- base::as.list(base::.Options)
[17:39:24.287]             ...future.oldEnvVars <- base::Sys.getenv()
[17:39:24.287]         }
[17:39:24.287]         base::options(future.startup.script = FALSE, future.globals.onMissing = NULL, 
[17:39:24.287]             future.globals.maxSize = NULL, future.globals.method = NULL, 
[17:39:24.287]             future.globals.onMissing = NULL, future.globals.onReference = NULL, 
[17:39:24.287]             future.globals.resolve = NULL, future.resolve.recursive = NULL, 
[17:39:24.287]             future.rng.onMisuse = NULL, future.rng.onMisuse.keepFuture = NULL, 
[17:39:24.287]             future.stdout.windows.reencode = NULL, width = 80L)
[17:39:24.287]         ...future.futureOptionsAdded <- base::setdiff(base::names(base::.Options), 
[17:39:24.287]             base::names(...future.oldOptions))
[17:39:24.287]     }
[17:39:24.287]     if (FALSE) {
[17:39:24.287]     }
[17:39:24.287]     else {
[17:39:24.287]         if (TRUE) {
[17:39:24.287]             ...future.stdout <- base::rawConnection(base::raw(0L), 
[17:39:24.287]                 open = "w")
[17:39:24.287]         }
[17:39:24.287]         else {
[17:39:24.287]             ...future.stdout <- base::file(base::switch(.Platform$OS.type, 
[17:39:24.287]                 windows = "NUL", "/dev/null"), open = "w")
[17:39:24.287]         }
[17:39:24.287]         base::sink(...future.stdout, type = "output", split = FALSE)
[17:39:24.287]         base::on.exit(if (!base::is.null(...future.stdout)) {
[17:39:24.287]             base::sink(type = "output", split = FALSE)
[17:39:24.287]             base::close(...future.stdout)
[17:39:24.287]         }, add = TRUE)
[17:39:24.287]     }
[17:39:24.287]     ...future.frame <- base::sys.nframe()
[17:39:24.287]     ...future.conditions <- base::list()
[17:39:24.287]     ...future.rng <- base::globalenv()$.Random.seed
[17:39:24.287]     if (FALSE) {
[17:39:24.287]         ...future.globalenv.names <- c(base::names(base::.GlobalEnv), 
[17:39:24.287]             "...future.value", "...future.globalenv.names", ".Random.seed")
[17:39:24.287]     }
[17:39:24.287]     ...future.result <- base::tryCatch({
[17:39:24.287]         base::withCallingHandlers({
[17:39:24.287]             ...future.value <- base::withVisible(base::local({
[17:39:24.287]                 TRUE
[17:39:24.287]             }))
[17:39:24.287]             future::FutureResult(value = ...future.value$value, 
[17:39:24.287]                 visible = ...future.value$visible, rng = !identical(base::globalenv()$.Random.seed, 
[17:39:24.287]                   ...future.rng), globalenv = if (FALSE) 
[17:39:24.287]                   list(added = base::setdiff(base::names(base::.GlobalEnv), 
[17:39:24.287]                     ...future.globalenv.names))
[17:39:24.287]                 else NULL, started = ...future.startTime, version = "1.8")
[17:39:24.287]         }, condition = base::local({
[17:39:24.287]             c <- base::c
[17:39:24.287]             inherits <- base::inherits
[17:39:24.287]             invokeRestart <- base::invokeRestart
[17:39:24.287]             length <- base::length
[17:39:24.287]             list <- base::list
[17:39:24.287]             seq.int <- base::seq.int
[17:39:24.287]             signalCondition <- base::signalCondition
[17:39:24.287]             sys.calls <- base::sys.calls
[17:39:24.287]             `[[` <- base::`[[`
[17:39:24.287]             `+` <- base::`+`
[17:39:24.287]             `<<-` <- base::`<<-`
[17:39:24.287]             sysCalls <- function(calls = sys.calls(), from = 1L) {
[17:39:24.287]                 calls[seq.int(from = from + 12L, to = length(calls) - 
[17:39:24.287]                   3L)]
[17:39:24.287]             }
[17:39:24.287]             function(cond) {
[17:39:24.287]                 is_error <- inherits(cond, "error")
[17:39:24.287]                 ignore <- !is_error && !is.null(NULL) && inherits(cond, 
[17:39:24.287]                   NULL)
[17:39:24.287]                 if (is_error) {
[17:39:24.287]                   sessionInformation <- function() {
[17:39:24.287]                     list(r = base::R.Version(), locale = base::Sys.getlocale(), 
[17:39:24.287]                       rngkind = base::RNGkind(), namespaces = base::loadedNamespaces(), 
[17:39:24.287]                       search = base::search(), system = base::Sys.info())
[17:39:24.287]                   }
[17:39:24.287]                   ...future.conditions[[length(...future.conditions) + 
[17:39:24.287]                     1L]] <<- list(condition = cond, calls = c(sysCalls(from = ...future.frame), 
[17:39:24.287]                     cond$call), session = sessionInformation(), 
[17:39:24.287]                     timestamp = base::Sys.time(), signaled = 0L)
[17:39:24.287]                   signalCondition(cond)
[17:39:24.287]                 }
[17:39:24.287]                 else if (!ignore && TRUE && inherits(cond, c("condition", 
[17:39:24.287]                 "immediateCondition"))) {
[17:39:24.287]                   signal <- TRUE && inherits(cond, "immediateCondition")
[17:39:24.287]                   ...future.conditions[[length(...future.conditions) + 
[17:39:24.287]                     1L]] <<- list(condition = cond, signaled = base::as.integer(signal))
[17:39:24.287]                   if (TRUE && !signal) {
[17:39:24.287]                     muffleCondition <- function (cond, pattern = "^muffle") 
[17:39:24.287]                     {
[17:39:24.287]                       inherits <- base::inherits
[17:39:24.287]                       invokeRestart <- base::invokeRestart
[17:39:24.287]                       is.null <- base::is.null
[17:39:24.287]                       muffled <- FALSE
[17:39:24.287]                       if (inherits(cond, "message")) {
[17:39:24.287]                         muffled <- grepl(pattern, "muffleMessage")
[17:39:24.287]                         if (muffled) 
[17:39:24.287]                           invokeRestart("muffleMessage")
[17:39:24.287]                       }
[17:39:24.287]                       else if (inherits(cond, "warning")) {
[17:39:24.287]                         muffled <- grepl(pattern, "muffleWarning")
[17:39:24.287]                         if (muffled) 
[17:39:24.287]                           invokeRestart("muffleWarning")
[17:39:24.287]                       }
[17:39:24.287]                       else if (inherits(cond, "condition")) {
[17:39:24.287]                         if (!is.null(pattern)) {
[17:39:24.287]                           computeRestarts <- base::computeRestarts
[17:39:24.287]                           grepl <- base::grepl
[17:39:24.287]                           restarts <- computeRestarts(cond)
[17:39:24.287]                           for (restart in restarts) {
[17:39:24.287]                             name <- restart$name
[17:39:24.287]                             if (is.null(name)) 
[17:39:24.287]                               next
[17:39:24.287]                             if (!grepl(pattern, name)) 
[17:39:24.287]                               next
[17:39:24.287]                             invokeRestart(restart)
[17:39:24.287]                             muffled <- TRUE
[17:39:24.287]                             break
[17:39:24.287]                           }
[17:39:24.287]                         }
[17:39:24.287]                       }
[17:39:24.287]                       invisible(muffled)
[17:39:24.287]                     }
[17:39:24.287]                     muffleCondition(cond, pattern = "^muffle")
[17:39:24.287]                   }
[17:39:24.287]                 }
[17:39:24.287]                 else {
[17:39:24.287]                   if (TRUE) {
[17:39:24.287]                     muffleCondition <- function (cond, pattern = "^muffle") 
[17:39:24.287]                     {
[17:39:24.287]                       inherits <- base::inherits
[17:39:24.287]                       invokeRestart <- base::invokeRestart
[17:39:24.287]                       is.null <- base::is.null
[17:39:24.287]                       muffled <- FALSE
[17:39:24.287]                       if (inherits(cond, "message")) {
[17:39:24.287]                         muffled <- grepl(pattern, "muffleMessage")
[17:39:24.287]                         if (muffled) 
[17:39:24.287]                           invokeRestart("muffleMessage")
[17:39:24.287]                       }
[17:39:24.287]                       else if (inherits(cond, "warning")) {
[17:39:24.287]                         muffled <- grepl(pattern, "muffleWarning")
[17:39:24.287]                         if (muffled) 
[17:39:24.287]                           invokeRestart("muffleWarning")
[17:39:24.287]                       }
[17:39:24.287]                       else if (inherits(cond, "condition")) {
[17:39:24.287]                         if (!is.null(pattern)) {
[17:39:24.287]                           computeRestarts <- base::computeRestarts
[17:39:24.287]                           grepl <- base::grepl
[17:39:24.287]                           restarts <- computeRestarts(cond)
[17:39:24.287]                           for (restart in restarts) {
[17:39:24.287]                             name <- restart$name
[17:39:24.287]                             if (is.null(name)) 
[17:39:24.287]                               next
[17:39:24.287]                             if (!grepl(pattern, name)) 
[17:39:24.287]                               next
[17:39:24.287]                             invokeRestart(restart)
[17:39:24.287]                             muffled <- TRUE
[17:39:24.287]                             break
[17:39:24.287]                           }
[17:39:24.287]                         }
[17:39:24.287]                       }
[17:39:24.287]                       invisible(muffled)
[17:39:24.287]                     }
[17:39:24.287]                     muffleCondition(cond, pattern = "^muffle")
[17:39:24.287]                   }
[17:39:24.287]                 }
[17:39:24.287]             }
[17:39:24.287]         }))
[17:39:24.287]     }, error = function(ex) {
[17:39:24.287]         base::structure(base::list(value = NULL, visible = NULL, 
[17:39:24.287]             conditions = ...future.conditions, rng = !identical(base::globalenv()$.Random.seed, 
[17:39:24.287]                 ...future.rng), started = ...future.startTime, 
[17:39:24.287]             finished = Sys.time(), session_uuid = NA_character_, 
[17:39:24.287]             version = "1.8"), class = "FutureResult")
[17:39:24.287]     }, finally = {
[17:39:24.287]         if (!identical(...future.workdir, getwd())) 
[17:39:24.287]             setwd(...future.workdir)
[17:39:24.287]         {
[17:39:24.287]             if (identical(getOption("nwarnings"), ...future.oldOptions$nwarnings)) {
[17:39:24.287]                 ...future.oldOptions$nwarnings <- NULL
[17:39:24.287]             }
[17:39:24.287]             base::options(...future.oldOptions)
[17:39:24.287]             if (.Platform$OS.type == "windows") {
[17:39:24.287]                 old_names <- names(...future.oldEnvVars)
[17:39:24.287]                 envs <- base::Sys.getenv()
[17:39:24.287]                 names <- names(envs)
[17:39:24.287]                 common <- intersect(names, old_names)
[17:39:24.287]                 added <- setdiff(names, old_names)
[17:39:24.287]                 removed <- setdiff(old_names, names)
[17:39:24.287]                 changed <- common[...future.oldEnvVars[common] != 
[17:39:24.287]                   envs[common]]
[17:39:24.287]                 NAMES <- toupper(changed)
[17:39:24.287]                 args <- list()
[17:39:24.287]                 for (kk in seq_along(NAMES)) {
[17:39:24.287]                   name <- changed[[kk]]
[17:39:24.287]                   NAME <- NAMES[[kk]]
[17:39:24.287]                   if (name != NAME && is.element(NAME, old_names)) 
[17:39:24.287]                     next
[17:39:24.287]                   args[[name]] <- ...future.oldEnvVars[[name]]
[17:39:24.287]                 }
[17:39:24.287]                 NAMES <- toupper(added)
[17:39:24.287]                 for (kk in seq_along(NAMES)) {
[17:39:24.287]                   name <- added[[kk]]
[17:39:24.287]                   NAME <- NAMES[[kk]]
[17:39:24.287]                   if (name != NAME && is.element(NAME, old_names)) 
[17:39:24.287]                     next
[17:39:24.287]                   args[[name]] <- ""
[17:39:24.287]                 }
[17:39:24.287]                 NAMES <- toupper(removed)
[17:39:24.287]                 for (kk in seq_along(NAMES)) {
[17:39:24.287]                   name <- removed[[kk]]
[17:39:24.287]                   NAME <- NAMES[[kk]]
[17:39:24.287]                   if (name != NAME && is.element(NAME, old_names)) 
[17:39:24.287]                     next
[17:39:24.287]                   args[[name]] <- ...future.oldEnvVars[[name]]
[17:39:24.287]                 }
[17:39:24.287]                 if (length(args) > 0) 
[17:39:24.287]                   base::do.call(base::Sys.setenv, args = args)
[17:39:24.287]                 args <- names <- old_names <- NAMES <- envs <- common <- added <- removed <- NULL
[17:39:24.287]             }
[17:39:24.287]             else {
[17:39:24.287]                 base::do.call(base::Sys.setenv, args = base::as.list(...future.oldEnvVars))
[17:39:24.287]             }
[17:39:24.287]             {
[17:39:24.287]                 if (base::length(...future.futureOptionsAdded) > 
[17:39:24.287]                   0L) {
[17:39:24.287]                   opts <- base::vector("list", length = base::length(...future.futureOptionsAdded))
[17:39:24.287]                   base::names(opts) <- ...future.futureOptionsAdded
[17:39:24.287]                   base::options(opts)
[17:39:24.287]                 }
[17:39:24.287]                 {
[17:39:24.287]                   {
[17:39:24.287]                     NULL
[17:39:24.287]                     RNGkind("Mersenne-Twister")
[17:39:24.287]                     base::rm(list = ".Random.seed", envir = base::globalenv(), 
[17:39:24.287]                       inherits = FALSE)
[17:39:24.287]                   }
[17:39:24.287]                   options(future.plan = NULL)
[17:39:24.287]                   if (is.na(NA_character_)) 
[17:39:24.287]                     Sys.unsetenv("R_FUTURE_PLAN")
[17:39:24.287]                   else Sys.setenv(R_FUTURE_PLAN = NA_character_)
[17:39:24.287]                   future::plan(...future.strategy.old, .cleanup = FALSE, 
[17:39:24.287]                     .init = FALSE)
[17:39:24.287]                 }
[17:39:24.287]             }
[17:39:24.287]         }
[17:39:24.287]     })
[17:39:24.287]     if (TRUE) {
[17:39:24.287]         base::sink(type = "output", split = FALSE)
[17:39:24.287]         if (TRUE) {
[17:39:24.287]             ...future.result$stdout <- base::rawToChar(base::rawConnectionValue(...future.stdout))
[17:39:24.287]         }
[17:39:24.287]         else {
[17:39:24.287]             ...future.result["stdout"] <- base::list(NULL)
[17:39:24.287]         }
[17:39:24.287]         base::close(...future.stdout)
[17:39:24.287]         ...future.stdout <- NULL
[17:39:24.287]     }
[17:39:24.287]     ...future.result$conditions <- ...future.conditions
[17:39:24.287]     ...future.result$finished <- base::Sys.time()
[17:39:24.287]     ...future.result
[17:39:24.287] }
[17:39:24.289] plan(): Setting new future strategy stack:
[17:39:24.289] List of future strategies:
[17:39:24.289] 1. sequential:
[17:39:24.289]    - args: function (..., envir = parent.frame(), workers = "<NULL>")
[17:39:24.289]    - tweaked: FALSE
[17:39:24.289]    - call: NULL
[17:39:24.289] plan(): nbrOfWorkers() = 1
[17:39:24.291] plan(): Setting new future strategy stack:
[17:39:24.291] List of future strategies:
[17:39:24.291] 1. sequential:
[17:39:24.291]    - args: function (..., envir = parent.frame(), workers = "<NULL>")
[17:39:24.291]    - tweaked: FALSE
[17:39:24.291]    - call: future::plan("sequential")
[17:39:24.291] plan(): nbrOfWorkers() = 1
[17:39:24.291] SequentialFuture started (and completed)
[17:39:24.292] - Launch lazy future ... done
[17:39:24.292] run() for ‘SequentialFuture’ ... done
> str(y)
List of 1
 $ B: logi TRUE
> stopifnot(length(y) == 1)
> stopifnot(identical(names(y), "B"))
> 
> 
> message("*** %<-% to environment: Potential task name clashes")
*** %<-% to environment: Potential task name clashes
> u <- new.env()
> u$a %<-% { 1 } %lazy% TRUE
[17:39:24.295] getGlobalsAndPackages() ...
[17:39:24.295] Searching for globals...
[17:39:24.296] - globals found: [1] ‘{’
[17:39:24.296] Searching for globals ... DONE
[17:39:24.296] Resolving globals: FALSE
[17:39:24.296] 
[17:39:24.296] 
[17:39:24.296] getGlobalsAndPackages() ... DONE
> stopifnot(length(u) == 2)
> stopifnot("a" %in% names(u))
> fu <- futureOf(u$a)
> 
> v <- new.env()
> v$a %<-% { 2 } %lazy% TRUE
[17:39:24.297] getGlobalsAndPackages() ...
[17:39:24.297] Searching for globals...
[17:39:24.298] - globals found: [1] ‘{’
[17:39:24.298] Searching for globals ... DONE
[17:39:24.298] Resolving globals: FALSE
[17:39:24.298] 
[17:39:24.298] 
[17:39:24.299] getGlobalsAndPackages() ... DONE
> stopifnot(length(v) == 2)
> stopifnot("a" %in% names(v))
> fv <- futureOf(v$a)
> stopifnot(!identical(fu, fv))
> 
> fu <- futureOf(u$a)
> stopifnot(!identical(fu, fv))
> 
> stopifnot(identical(u$a, 1))
[17:39:24.299] run() for ‘Future’ ...
[17:39:24.299] - state: ‘created’
[17:39:24.299] - Future backend: ‘FutureStrategy’, ‘sequential’, ‘uniprocess’, ‘future’, ‘function’
[17:39:24.300] - Future class: ‘SequentialFuture’, ‘UniprocessFuture’, ‘Future’, ‘environment’
[17:39:24.300] - Copy elements of temporary ‘SequentialFuture’ to final ‘Future’ object ...
[17:39:24.300]   - Field: ‘label’
[17:39:24.300]   - Field: ‘local’
[17:39:24.300]   - Field: ‘owner’
[17:39:24.300]   - Field: ‘envir’
[17:39:24.300]   - Field: ‘packages’
[17:39:24.300]   - Field: ‘gc’
[17:39:24.301]   - Field: ‘conditions’
[17:39:24.301]   - Field: ‘expr’
[17:39:24.301]   - Field: ‘uuid’
[17:39:24.301]   - Field: ‘seed’
[17:39:24.301]   - Field: ‘version’
[17:39:24.301]   - Field: ‘result’
[17:39:24.301]   - Field: ‘asynchronous’
[17:39:24.301]   - Field: ‘calls’
[17:39:24.301]   - Field: ‘globals’
[17:39:24.301]   - Field: ‘stdout’
[17:39:24.301]   - Field: ‘earlySignal’
[17:39:24.302]   - Field: ‘lazy’
[17:39:24.302]   - Field: ‘state’
[17:39:24.302] - Copy elements of temporary ‘SequentialFuture’ to final ‘Future’ object ... done
[17:39:24.302] - Launch lazy future ...
[17:39:24.302] Packages needed by the future expression (n = 0): <none>
[17:39:24.302] Packages needed by future strategies (n = 0): <none>
[17:39:24.302] {
[17:39:24.302]     {
[17:39:24.302]         {
[17:39:24.302]             ...future.startTime <- base::Sys.time()
[17:39:24.302]             {
[17:39:24.302]                 {
[17:39:24.302]                   {
[17:39:24.302]                     base::local({
[17:39:24.302]                       has_future <- base::requireNamespace("future", 
[17:39:24.302]                         quietly = TRUE)
[17:39:24.302]                       if (has_future) {
[17:39:24.302]                         ns <- base::getNamespace("future")
[17:39:24.302]                         version <- ns[[".package"]][["version"]]
[17:39:24.302]                         if (is.null(version)) 
[17:39:24.302]                           version <- utils::packageVersion("future")
[17:39:24.302]                       }
[17:39:24.302]                       else {
[17:39:24.302]                         version <- NULL
[17:39:24.302]                       }
[17:39:24.302]                       if (!has_future || version < "1.8.0") {
[17:39:24.302]                         info <- base::c(r_version = base::gsub("R version ", 
[17:39:24.302]                           "", base::R.version$version.string), 
[17:39:24.302]                           platform = base::sprintf("%s (%s-bit)", 
[17:39:24.302]                             base::R.version$platform, 8 * base::.Machine$sizeof.pointer), 
[17:39:24.302]                           os = base::paste(base::Sys.info()[base::c("sysname", 
[17:39:24.302]                             "release", "version")], collapse = " "), 
[17:39:24.302]                           hostname = base::Sys.info()[["nodename"]])
[17:39:24.302]                         info <- base::sprintf("%s: %s", base::names(info), 
[17:39:24.302]                           info)
[17:39:24.302]                         info <- base::paste(info, collapse = "; ")
[17:39:24.302]                         if (!has_future) {
[17:39:24.302]                           msg <- base::sprintf("Package 'future' is not installed on worker (%s)", 
[17:39:24.302]                             info)
[17:39:24.302]                         }
[17:39:24.302]                         else {
[17:39:24.302]                           msg <- base::sprintf("Package 'future' on worker (%s) must be of version >= 1.8.0: %s", 
[17:39:24.302]                             info, version)
[17:39:24.302]                         }
[17:39:24.302]                         base::stop(msg)
[17:39:24.302]                       }
[17:39:24.302]                     })
[17:39:24.302]                   }
[17:39:24.302]                   ...future.strategy.old <- future::plan("list")
[17:39:24.302]                   options(future.plan = NULL)
[17:39:24.302]                   Sys.unsetenv("R_FUTURE_PLAN")
[17:39:24.302]                   future::plan("default", .cleanup = FALSE, .init = FALSE)
[17:39:24.302]                 }
[17:39:24.302]                 ...future.workdir <- getwd()
[17:39:24.302]             }
[17:39:24.302]             ...future.oldOptions <- base::as.list(base::.Options)
[17:39:24.302]             ...future.oldEnvVars <- base::Sys.getenv()
[17:39:24.302]         }
[17:39:24.302]         base::options(future.startup.script = FALSE, future.globals.onMissing = NULL, 
[17:39:24.302]             future.globals.maxSize = NULL, future.globals.method = NULL, 
[17:39:24.302]             future.globals.onMissing = NULL, future.globals.onReference = NULL, 
[17:39:24.302]             future.globals.resolve = NULL, future.resolve.recursive = NULL, 
[17:39:24.302]             future.rng.onMisuse = NULL, future.rng.onMisuse.keepFuture = NULL, 
[17:39:24.302]             future.stdout.windows.reencode = NULL, width = 80L)
[17:39:24.302]         ...future.futureOptionsAdded <- base::setdiff(base::names(base::.Options), 
[17:39:24.302]             base::names(...future.oldOptions))
[17:39:24.302]     }
[17:39:24.302]     if (FALSE) {
[17:39:24.302]     }
[17:39:24.302]     else {
[17:39:24.302]         if (TRUE) {
[17:39:24.302]             ...future.stdout <- base::rawConnection(base::raw(0L), 
[17:39:24.302]                 open = "w")
[17:39:24.302]         }
[17:39:24.302]         else {
[17:39:24.302]             ...future.stdout <- base::file(base::switch(.Platform$OS.type, 
[17:39:24.302]                 windows = "NUL", "/dev/null"), open = "w")
[17:39:24.302]         }
[17:39:24.302]         base::sink(...future.stdout, type = "output", split = FALSE)
[17:39:24.302]         base::on.exit(if (!base::is.null(...future.stdout)) {
[17:39:24.302]             base::sink(type = "output", split = FALSE)
[17:39:24.302]             base::close(...future.stdout)
[17:39:24.302]         }, add = TRUE)
[17:39:24.302]     }
[17:39:24.302]     ...future.frame <- base::sys.nframe()
[17:39:24.302]     ...future.conditions <- base::list()
[17:39:24.302]     ...future.rng <- base::globalenv()$.Random.seed
[17:39:24.302]     if (FALSE) {
[17:39:24.302]         ...future.globalenv.names <- c(base::names(base::.GlobalEnv), 
[17:39:24.302]             "...future.value", "...future.globalenv.names", ".Random.seed")
[17:39:24.302]     }
[17:39:24.302]     ...future.result <- base::tryCatch({
[17:39:24.302]         base::withCallingHandlers({
[17:39:24.302]             ...future.value <- base::withVisible(base::local({
[17:39:24.302]                 1
[17:39:24.302]             }))
[17:39:24.302]             future::FutureResult(value = ...future.value$value, 
[17:39:24.302]                 visible = ...future.value$visible, rng = !identical(base::globalenv()$.Random.seed, 
[17:39:24.302]                   ...future.rng), globalenv = if (FALSE) 
[17:39:24.302]                   list(added = base::setdiff(base::names(base::.GlobalEnv), 
[17:39:24.302]                     ...future.globalenv.names))
[17:39:24.302]                 else NULL, started = ...future.startTime, version = "1.8")
[17:39:24.302]         }, condition = base::local({
[17:39:24.302]             c <- base::c
[17:39:24.302]             inherits <- base::inherits
[17:39:24.302]             invokeRestart <- base::invokeRestart
[17:39:24.302]             length <- base::length
[17:39:24.302]             list <- base::list
[17:39:24.302]             seq.int <- base::seq.int
[17:39:24.302]             signalCondition <- base::signalCondition
[17:39:24.302]             sys.calls <- base::sys.calls
[17:39:24.302]             `[[` <- base::`[[`
[17:39:24.302]             `+` <- base::`+`
[17:39:24.302]             `<<-` <- base::`<<-`
[17:39:24.302]             sysCalls <- function(calls = sys.calls(), from = 1L) {
[17:39:24.302]                 calls[seq.int(from = from + 12L, to = length(calls) - 
[17:39:24.302]                   3L)]
[17:39:24.302]             }
[17:39:24.302]             function(cond) {
[17:39:24.302]                 is_error <- inherits(cond, "error")
[17:39:24.302]                 ignore <- !is_error && !is.null(NULL) && inherits(cond, 
[17:39:24.302]                   NULL)
[17:39:24.302]                 if (is_error) {
[17:39:24.302]                   sessionInformation <- function() {
[17:39:24.302]                     list(r = base::R.Version(), locale = base::Sys.getlocale(), 
[17:39:24.302]                       rngkind = base::RNGkind(), namespaces = base::loadedNamespaces(), 
[17:39:24.302]                       search = base::search(), system = base::Sys.info())
[17:39:24.302]                   }
[17:39:24.302]                   ...future.conditions[[length(...future.conditions) + 
[17:39:24.302]                     1L]] <<- list(condition = cond, calls = c(sysCalls(from = ...future.frame), 
[17:39:24.302]                     cond$call), session = sessionInformation(), 
[17:39:24.302]                     timestamp = base::Sys.time(), signaled = 0L)
[17:39:24.302]                   signalCondition(cond)
[17:39:24.302]                 }
[17:39:24.302]                 else if (!ignore && TRUE && inherits(cond, c("condition", 
[17:39:24.302]                 "immediateCondition"))) {
[17:39:24.302]                   signal <- TRUE && inherits(cond, "immediateCondition")
[17:39:24.302]                   ...future.conditions[[length(...future.conditions) + 
[17:39:24.302]                     1L]] <<- list(condition = cond, signaled = base::as.integer(signal))
[17:39:24.302]                   if (TRUE && !signal) {
[17:39:24.302]                     muffleCondition <- function (cond, pattern = "^muffle") 
[17:39:24.302]                     {
[17:39:24.302]                       inherits <- base::inherits
[17:39:24.302]                       invokeRestart <- base::invokeRestart
[17:39:24.302]                       is.null <- base::is.null
[17:39:24.302]                       muffled <- FALSE
[17:39:24.302]                       if (inherits(cond, "message")) {
[17:39:24.302]                         muffled <- grepl(pattern, "muffleMessage")
[17:39:24.302]                         if (muffled) 
[17:39:24.302]                           invokeRestart("muffleMessage")
[17:39:24.302]                       }
[17:39:24.302]                       else if (inherits(cond, "warning")) {
[17:39:24.302]                         muffled <- grepl(pattern, "muffleWarning")
[17:39:24.302]                         if (muffled) 
[17:39:24.302]                           invokeRestart("muffleWarning")
[17:39:24.302]                       }
[17:39:24.302]                       else if (inherits(cond, "condition")) {
[17:39:24.302]                         if (!is.null(pattern)) {
[17:39:24.302]                           computeRestarts <- base::computeRestarts
[17:39:24.302]                           grepl <- base::grepl
[17:39:24.302]                           restarts <- computeRestarts(cond)
[17:39:24.302]                           for (restart in restarts) {
[17:39:24.302]                             name <- restart$name
[17:39:24.302]                             if (is.null(name)) 
[17:39:24.302]                               next
[17:39:24.302]                             if (!grepl(pattern, name)) 
[17:39:24.302]                               next
[17:39:24.302]                             invokeRestart(restart)
[17:39:24.302]                             muffled <- TRUE
[17:39:24.302]                             break
[17:39:24.302]                           }
[17:39:24.302]                         }
[17:39:24.302]                       }
[17:39:24.302]                       invisible(muffled)
[17:39:24.302]                     }
[17:39:24.302]                     muffleCondition(cond, pattern = "^muffle")
[17:39:24.302]                   }
[17:39:24.302]                 }
[17:39:24.302]                 else {
[17:39:24.302]                   if (TRUE) {
[17:39:24.302]                     muffleCondition <- function (cond, pattern = "^muffle") 
[17:39:24.302]                     {
[17:39:24.302]                       inherits <- base::inherits
[17:39:24.302]                       invokeRestart <- base::invokeRestart
[17:39:24.302]                       is.null <- base::is.null
[17:39:24.302]                       muffled <- FALSE
[17:39:24.302]                       if (inherits(cond, "message")) {
[17:39:24.302]                         muffled <- grepl(pattern, "muffleMessage")
[17:39:24.302]                         if (muffled) 
[17:39:24.302]                           invokeRestart("muffleMessage")
[17:39:24.302]                       }
[17:39:24.302]                       else if (inherits(cond, "warning")) {
[17:39:24.302]                         muffled <- grepl(pattern, "muffleWarning")
[17:39:24.302]                         if (muffled) 
[17:39:24.302]                           invokeRestart("muffleWarning")
[17:39:24.302]                       }
[17:39:24.302]                       else if (inherits(cond, "condition")) {
[17:39:24.302]                         if (!is.null(pattern)) {
[17:39:24.302]                           computeRestarts <- base::computeRestarts
[17:39:24.302]                           grepl <- base::grepl
[17:39:24.302]                           restarts <- computeRestarts(cond)
[17:39:24.302]                           for (restart in restarts) {
[17:39:24.302]                             name <- restart$name
[17:39:24.302]                             if (is.null(name)) 
[17:39:24.302]                               next
[17:39:24.302]                             if (!grepl(pattern, name)) 
[17:39:24.302]                               next
[17:39:24.302]                             invokeRestart(restart)
[17:39:24.302]                             muffled <- TRUE
[17:39:24.302]                             break
[17:39:24.302]                           }
[17:39:24.302]                         }
[17:39:24.302]                       }
[17:39:24.302]                       invisible(muffled)
[17:39:24.302]                     }
[17:39:24.302]                     muffleCondition(cond, pattern = "^muffle")
[17:39:24.302]                   }
[17:39:24.302]                 }
[17:39:24.302]             }
[17:39:24.302]         }))
[17:39:24.302]     }, error = function(ex) {
[17:39:24.302]         base::structure(base::list(value = NULL, visible = NULL, 
[17:39:24.302]             conditions = ...future.conditions, rng = !identical(base::globalenv()$.Random.seed, 
[17:39:24.302]                 ...future.rng), started = ...future.startTime, 
[17:39:24.302]             finished = Sys.time(), session_uuid = NA_character_, 
[17:39:24.302]             version = "1.8"), class = "FutureResult")
[17:39:24.302]     }, finally = {
[17:39:24.302]         if (!identical(...future.workdir, getwd())) 
[17:39:24.302]             setwd(...future.workdir)
[17:39:24.302]         {
[17:39:24.302]             if (identical(getOption("nwarnings"), ...future.oldOptions$nwarnings)) {
[17:39:24.302]                 ...future.oldOptions$nwarnings <- NULL
[17:39:24.302]             }
[17:39:24.302]             base::options(...future.oldOptions)
[17:39:24.302]             if (.Platform$OS.type == "windows") {
[17:39:24.302]                 old_names <- names(...future.oldEnvVars)
[17:39:24.302]                 envs <- base::Sys.getenv()
[17:39:24.302]                 names <- names(envs)
[17:39:24.302]                 common <- intersect(names, old_names)
[17:39:24.302]                 added <- setdiff(names, old_names)
[17:39:24.302]                 removed <- setdiff(old_names, names)
[17:39:24.302]                 changed <- common[...future.oldEnvVars[common] != 
[17:39:24.302]                   envs[common]]
[17:39:24.302]                 NAMES <- toupper(changed)
[17:39:24.302]                 args <- list()
[17:39:24.302]                 for (kk in seq_along(NAMES)) {
[17:39:24.302]                   name <- changed[[kk]]
[17:39:24.302]                   NAME <- NAMES[[kk]]
[17:39:24.302]                   if (name != NAME && is.element(NAME, old_names)) 
[17:39:24.302]                     next
[17:39:24.302]                   args[[name]] <- ...future.oldEnvVars[[name]]
[17:39:24.302]                 }
[17:39:24.302]                 NAMES <- toupper(added)
[17:39:24.302]                 for (kk in seq_along(NAMES)) {
[17:39:24.302]                   name <- added[[kk]]
[17:39:24.302]                   NAME <- NAMES[[kk]]
[17:39:24.302]                   if (name != NAME && is.element(NAME, old_names)) 
[17:39:24.302]                     next
[17:39:24.302]                   args[[name]] <- ""
[17:39:24.302]                 }
[17:39:24.302]                 NAMES <- toupper(removed)
[17:39:24.302]                 for (kk in seq_along(NAMES)) {
[17:39:24.302]                   name <- removed[[kk]]
[17:39:24.302]                   NAME <- NAMES[[kk]]
[17:39:24.302]                   if (name != NAME && is.element(NAME, old_names)) 
[17:39:24.302]                     next
[17:39:24.302]                   args[[name]] <- ...future.oldEnvVars[[name]]
[17:39:24.302]                 }
[17:39:24.302]                 if (length(args) > 0) 
[17:39:24.302]                   base::do.call(base::Sys.setenv, args = args)
[17:39:24.302]                 args <- names <- old_names <- NAMES <- envs <- common <- added <- removed <- NULL
[17:39:24.302]             }
[17:39:24.302]             else {
[17:39:24.302]                 base::do.call(base::Sys.setenv, args = base::as.list(...future.oldEnvVars))
[17:39:24.302]             }
[17:39:24.302]             {
[17:39:24.302]                 if (base::length(...future.futureOptionsAdded) > 
[17:39:24.302]                   0L) {
[17:39:24.302]                   opts <- base::vector("list", length = base::length(...future.futureOptionsAdded))
[17:39:24.302]                   base::names(opts) <- ...future.futureOptionsAdded
[17:39:24.302]                   base::options(opts)
[17:39:24.302]                 }
[17:39:24.302]                 {
[17:39:24.302]                   {
[17:39:24.302]                     NULL
[17:39:24.302]                     RNGkind("Mersenne-Twister")
[17:39:24.302]                     base::rm(list = ".Random.seed", envir = base::globalenv(), 
[17:39:24.302]                       inherits = FALSE)
[17:39:24.302]                   }
[17:39:24.302]                   options(future.plan = NULL)
[17:39:24.302]                   if (is.na(NA_character_)) 
[17:39:24.302]                     Sys.unsetenv("R_FUTURE_PLAN")
[17:39:24.302]                   else Sys.setenv(R_FUTURE_PLAN = NA_character_)
[17:39:24.302]                   future::plan(...future.strategy.old, .cleanup = FALSE, 
[17:39:24.302]                     .init = FALSE)
[17:39:24.302]                 }
[17:39:24.302]             }
[17:39:24.302]         }
[17:39:24.302]     })
[17:39:24.302]     if (TRUE) {
[17:39:24.302]         base::sink(type = "output", split = FALSE)
[17:39:24.302]         if (TRUE) {
[17:39:24.302]             ...future.result$stdout <- base::rawToChar(base::rawConnectionValue(...future.stdout))
[17:39:24.302]         }
[17:39:24.302]         else {
[17:39:24.302]             ...future.result["stdout"] <- base::list(NULL)
[17:39:24.302]         }
[17:39:24.302]         base::close(...future.stdout)
[17:39:24.302]         ...future.stdout <- NULL
[17:39:24.302]     }
[17:39:24.302]     ...future.result$conditions <- ...future.conditions
[17:39:24.302]     ...future.result$finished <- base::Sys.time()
[17:39:24.302]     ...future.result
[17:39:24.302] }
[17:39:24.304] plan(): Setting new future strategy stack:
[17:39:24.304] List of future strategies:
[17:39:24.304] 1. sequential:
[17:39:24.304]    - args: function (..., envir = parent.frame(), workers = "<NULL>")
[17:39:24.304]    - tweaked: FALSE
[17:39:24.304]    - call: NULL
[17:39:24.305] plan(): nbrOfWorkers() = 1
[17:39:24.306] plan(): Setting new future strategy stack:
[17:39:24.306] List of future strategies:
[17:39:24.306] 1. sequential:
[17:39:24.306]    - args: function (..., envir = parent.frame(), workers = "<NULL>")
[17:39:24.306]    - tweaked: FALSE
[17:39:24.306]    - call: future::plan("sequential")
[17:39:24.306] plan(): nbrOfWorkers() = 1
[17:39:24.306] SequentialFuture started (and completed)
[17:39:24.306] - Launch lazy future ... done
[17:39:24.307] run() for ‘SequentialFuture’ ... done
> stopifnot(identical(v$a, 2))
[17:39:24.307] run() for ‘Future’ ...
[17:39:24.307] - state: ‘created’
[17:39:24.307] - Future backend: ‘FutureStrategy’, ‘sequential’, ‘uniprocess’, ‘future’, ‘function’
[17:39:24.307] - Future class: ‘SequentialFuture’, ‘UniprocessFuture’, ‘Future’, ‘environment’
[17:39:24.307] - Copy elements of temporary ‘SequentialFuture’ to final ‘Future’ object ...
[17:39:24.307]   - Field: ‘label’
[17:39:24.308]   - Field: ‘local’
[17:39:24.308]   - Field: ‘owner’
[17:39:24.308]   - Field: ‘envir’
[17:39:24.308]   - Field: ‘packages’
[17:39:24.308]   - Field: ‘gc’
[17:39:24.308]   - Field: ‘conditions’
[17:39:24.308]   - Field: ‘expr’
[17:39:24.308]   - Field: ‘uuid’
[17:39:24.308]   - Field: ‘seed’
[17:39:24.309]   - Field: ‘version’
[17:39:24.309]   - Field: ‘result’
[17:39:24.309]   - Field: ‘asynchronous’
[17:39:24.309]   - Field: ‘calls’
[17:39:24.309]   - Field: ‘globals’
[17:39:24.309]   - Field: ‘stdout’
[17:39:24.309]   - Field: ‘earlySignal’
[17:39:24.309]   - Field: ‘lazy’
[17:39:24.309]   - Field: ‘state’
[17:39:24.309] - Copy elements of temporary ‘SequentialFuture’ to final ‘Future’ object ... done
[17:39:24.309] - Launch lazy future ...
[17:39:24.310] Packages needed by the future expression (n = 0): <none>
[17:39:24.310] Packages needed by future strategies (n = 0): <none>
[17:39:24.310] {
[17:39:24.310]     {
[17:39:24.310]         {
[17:39:24.310]             ...future.startTime <- base::Sys.time()
[17:39:24.310]             {
[17:39:24.310]                 {
[17:39:24.310]                   {
[17:39:24.310]                     base::local({
[17:39:24.310]                       has_future <- base::requireNamespace("future", 
[17:39:24.310]                         quietly = TRUE)
[17:39:24.310]                       if (has_future) {
[17:39:24.310]                         ns <- base::getNamespace("future")
[17:39:24.310]                         version <- ns[[".package"]][["version"]]
[17:39:24.310]                         if (is.null(version)) 
[17:39:24.310]                           version <- utils::packageVersion("future")
[17:39:24.310]                       }
[17:39:24.310]                       else {
[17:39:24.310]                         version <- NULL
[17:39:24.310]                       }
[17:39:24.310]                       if (!has_future || version < "1.8.0") {
[17:39:24.310]                         info <- base::c(r_version = base::gsub("R version ", 
[17:39:24.310]                           "", base::R.version$version.string), 
[17:39:24.310]                           platform = base::sprintf("%s (%s-bit)", 
[17:39:24.310]                             base::R.version$platform, 8 * base::.Machine$sizeof.pointer), 
[17:39:24.310]                           os = base::paste(base::Sys.info()[base::c("sysname", 
[17:39:24.310]                             "release", "version")], collapse = " "), 
[17:39:24.310]                           hostname = base::Sys.info()[["nodename"]])
[17:39:24.310]                         info <- base::sprintf("%s: %s", base::names(info), 
[17:39:24.310]                           info)
[17:39:24.310]                         info <- base::paste(info, collapse = "; ")
[17:39:24.310]                         if (!has_future) {
[17:39:24.310]                           msg <- base::sprintf("Package 'future' is not installed on worker (%s)", 
[17:39:24.310]                             info)
[17:39:24.310]                         }
[17:39:24.310]                         else {
[17:39:24.310]                           msg <- base::sprintf("Package 'future' on worker (%s) must be of version >= 1.8.0: %s", 
[17:39:24.310]                             info, version)
[17:39:24.310]                         }
[17:39:24.310]                         base::stop(msg)
[17:39:24.310]                       }
[17:39:24.310]                     })
[17:39:24.310]                   }
[17:39:24.310]                   ...future.strategy.old <- future::plan("list")
[17:39:24.310]                   options(future.plan = NULL)
[17:39:24.310]                   Sys.unsetenv("R_FUTURE_PLAN")
[17:39:24.310]                   future::plan("default", .cleanup = FALSE, .init = FALSE)
[17:39:24.310]                 }
[17:39:24.310]                 ...future.workdir <- getwd()
[17:39:24.310]             }
[17:39:24.310]             ...future.oldOptions <- base::as.list(base::.Options)
[17:39:24.310]             ...future.oldEnvVars <- base::Sys.getenv()
[17:39:24.310]         }
[17:39:24.310]         base::options(future.startup.script = FALSE, future.globals.onMissing = NULL, 
[17:39:24.310]             future.globals.maxSize = NULL, future.globals.method = NULL, 
[17:39:24.310]             future.globals.onMissing = NULL, future.globals.onReference = NULL, 
[17:39:24.310]             future.globals.resolve = NULL, future.resolve.recursive = NULL, 
[17:39:24.310]             future.rng.onMisuse = NULL, future.rng.onMisuse.keepFuture = NULL, 
[17:39:24.310]             future.stdout.windows.reencode = NULL, width = 80L)
[17:39:24.310]         ...future.futureOptionsAdded <- base::setdiff(base::names(base::.Options), 
[17:39:24.310]             base::names(...future.oldOptions))
[17:39:24.310]     }
[17:39:24.310]     if (FALSE) {
[17:39:24.310]     }
[17:39:24.310]     else {
[17:39:24.310]         if (TRUE) {
[17:39:24.310]             ...future.stdout <- base::rawConnection(base::raw(0L), 
[17:39:24.310]                 open = "w")
[17:39:24.310]         }
[17:39:24.310]         else {
[17:39:24.310]             ...future.stdout <- base::file(base::switch(.Platform$OS.type, 
[17:39:24.310]                 windows = "NUL", "/dev/null"), open = "w")
[17:39:24.310]         }
[17:39:24.310]         base::sink(...future.stdout, type = "output", split = FALSE)
[17:39:24.310]         base::on.exit(if (!base::is.null(...future.stdout)) {
[17:39:24.310]             base::sink(type = "output", split = FALSE)
[17:39:24.310]             base::close(...future.stdout)
[17:39:24.310]         }, add = TRUE)
[17:39:24.310]     }
[17:39:24.310]     ...future.frame <- base::sys.nframe()
[17:39:24.310]     ...future.conditions <- base::list()
[17:39:24.310]     ...future.rng <- base::globalenv()$.Random.seed
[17:39:24.310]     if (FALSE) {
[17:39:24.310]         ...future.globalenv.names <- c(base::names(base::.GlobalEnv), 
[17:39:24.310]             "...future.value", "...future.globalenv.names", ".Random.seed")
[17:39:24.310]     }
[17:39:24.310]     ...future.result <- base::tryCatch({
[17:39:24.310]         base::withCallingHandlers({
[17:39:24.310]             ...future.value <- base::withVisible(base::local({
[17:39:24.310]                 2
[17:39:24.310]             }))
[17:39:24.310]             future::FutureResult(value = ...future.value$value, 
[17:39:24.310]                 visible = ...future.value$visible, rng = !identical(base::globalenv()$.Random.seed, 
[17:39:24.310]                   ...future.rng), globalenv = if (FALSE) 
[17:39:24.310]                   list(added = base::setdiff(base::names(base::.GlobalEnv), 
[17:39:24.310]                     ...future.globalenv.names))
[17:39:24.310]                 else NULL, started = ...future.startTime, version = "1.8")
[17:39:24.310]         }, condition = base::local({
[17:39:24.310]             c <- base::c
[17:39:24.310]             inherits <- base::inherits
[17:39:24.310]             invokeRestart <- base::invokeRestart
[17:39:24.310]             length <- base::length
[17:39:24.310]             list <- base::list
[17:39:24.310]             seq.int <- base::seq.int
[17:39:24.310]             signalCondition <- base::signalCondition
[17:39:24.310]             sys.calls <- base::sys.calls
[17:39:24.310]             `[[` <- base::`[[`
[17:39:24.310]             `+` <- base::`+`
[17:39:24.310]             `<<-` <- base::`<<-`
[17:39:24.310]             sysCalls <- function(calls = sys.calls(), from = 1L) {
[17:39:24.310]                 calls[seq.int(from = from + 12L, to = length(calls) - 
[17:39:24.310]                   3L)]
[17:39:24.310]             }
[17:39:24.310]             function(cond) {
[17:39:24.310]                 is_error <- inherits(cond, "error")
[17:39:24.310]                 ignore <- !is_error && !is.null(NULL) && inherits(cond, 
[17:39:24.310]                   NULL)
[17:39:24.310]                 if (is_error) {
[17:39:24.310]                   sessionInformation <- function() {
[17:39:24.310]                     list(r = base::R.Version(), locale = base::Sys.getlocale(), 
[17:39:24.310]                       rngkind = base::RNGkind(), namespaces = base::loadedNamespaces(), 
[17:39:24.310]                       search = base::search(), system = base::Sys.info())
[17:39:24.310]                   }
[17:39:24.310]                   ...future.conditions[[length(...future.conditions) + 
[17:39:24.310]                     1L]] <<- list(condition = cond, calls = c(sysCalls(from = ...future.frame), 
[17:39:24.310]                     cond$call), session = sessionInformation(), 
[17:39:24.310]                     timestamp = base::Sys.time(), signaled = 0L)
[17:39:24.310]                   signalCondition(cond)
[17:39:24.310]                 }
[17:39:24.310]                 else if (!ignore && TRUE && inherits(cond, c("condition", 
[17:39:24.310]                 "immediateCondition"))) {
[17:39:24.310]                   signal <- TRUE && inherits(cond, "immediateCondition")
[17:39:24.310]                   ...future.conditions[[length(...future.conditions) + 
[17:39:24.310]                     1L]] <<- list(condition = cond, signaled = base::as.integer(signal))
[17:39:24.310]                   if (TRUE && !signal) {
[17:39:24.310]                     muffleCondition <- function (cond, pattern = "^muffle") 
[17:39:24.310]                     {
[17:39:24.310]                       inherits <- base::inherits
[17:39:24.310]                       invokeRestart <- base::invokeRestart
[17:39:24.310]                       is.null <- base::is.null
[17:39:24.310]                       muffled <- FALSE
[17:39:24.310]                       if (inherits(cond, "message")) {
[17:39:24.310]                         muffled <- grepl(pattern, "muffleMessage")
[17:39:24.310]                         if (muffled) 
[17:39:24.310]                           invokeRestart("muffleMessage")
[17:39:24.310]                       }
[17:39:24.310]                       else if (inherits(cond, "warning")) {
[17:39:24.310]                         muffled <- grepl(pattern, "muffleWarning")
[17:39:24.310]                         if (muffled) 
[17:39:24.310]                           invokeRestart("muffleWarning")
[17:39:24.310]                       }
[17:39:24.310]                       else if (inherits(cond, "condition")) {
[17:39:24.310]                         if (!is.null(pattern)) {
[17:39:24.310]                           computeRestarts <- base::computeRestarts
[17:39:24.310]                           grepl <- base::grepl
[17:39:24.310]                           restarts <- computeRestarts(cond)
[17:39:24.310]                           for (restart in restarts) {
[17:39:24.310]                             name <- restart$name
[17:39:24.310]                             if (is.null(name)) 
[17:39:24.310]                               next
[17:39:24.310]                             if (!grepl(pattern, name)) 
[17:39:24.310]                               next
[17:39:24.310]                             invokeRestart(restart)
[17:39:24.310]                             muffled <- TRUE
[17:39:24.310]                             break
[17:39:24.310]                           }
[17:39:24.310]                         }
[17:39:24.310]                       }
[17:39:24.310]                       invisible(muffled)
[17:39:24.310]                     }
[17:39:24.310]                     muffleCondition(cond, pattern = "^muffle")
[17:39:24.310]                   }
[17:39:24.310]                 }
[17:39:24.310]                 else {
[17:39:24.310]                   if (TRUE) {
[17:39:24.310]                     muffleCondition <- function (cond, pattern = "^muffle") 
[17:39:24.310]                     {
[17:39:24.310]                       inherits <- base::inherits
[17:39:24.310]                       invokeRestart <- base::invokeRestart
[17:39:24.310]                       is.null <- base::is.null
[17:39:24.310]                       muffled <- FALSE
[17:39:24.310]                       if (inherits(cond, "message")) {
[17:39:24.310]                         muffled <- grepl(pattern, "muffleMessage")
[17:39:24.310]                         if (muffled) 
[17:39:24.310]                           invokeRestart("muffleMessage")
[17:39:24.310]                       }
[17:39:24.310]                       else if (inherits(cond, "warning")) {
[17:39:24.310]                         muffled <- grepl(pattern, "muffleWarning")
[17:39:24.310]                         if (muffled) 
[17:39:24.310]                           invokeRestart("muffleWarning")
[17:39:24.310]                       }
[17:39:24.310]                       else if (inherits(cond, "condition")) {
[17:39:24.310]                         if (!is.null(pattern)) {
[17:39:24.310]                           computeRestarts <- base::computeRestarts
[17:39:24.310]                           grepl <- base::grepl
[17:39:24.310]                           restarts <- computeRestarts(cond)
[17:39:24.310]                           for (restart in restarts) {
[17:39:24.310]                             name <- restart$name
[17:39:24.310]                             if (is.null(name)) 
[17:39:24.310]                               next
[17:39:24.310]                             if (!grepl(pattern, name)) 
[17:39:24.310]                               next
[17:39:24.310]                             invokeRestart(restart)
[17:39:24.310]                             muffled <- TRUE
[17:39:24.310]                             break
[17:39:24.310]                           }
[17:39:24.310]                         }
[17:39:24.310]                       }
[17:39:24.310]                       invisible(muffled)
[17:39:24.310]                     }
[17:39:24.310]                     muffleCondition(cond, pattern = "^muffle")
[17:39:24.310]                   }
[17:39:24.310]                 }
[17:39:24.310]             }
[17:39:24.310]         }))
[17:39:24.310]     }, error = function(ex) {
[17:39:24.310]         base::structure(base::list(value = NULL, visible = NULL, 
[17:39:24.310]             conditions = ...future.conditions, rng = !identical(base::globalenv()$.Random.seed, 
[17:39:24.310]                 ...future.rng), started = ...future.startTime, 
[17:39:24.310]             finished = Sys.time(), session_uuid = NA_character_, 
[17:39:24.310]             version = "1.8"), class = "FutureResult")
[17:39:24.310]     }, finally = {
[17:39:24.310]         if (!identical(...future.workdir, getwd())) 
[17:39:24.310]             setwd(...future.workdir)
[17:39:24.310]         {
[17:39:24.310]             if (identical(getOption("nwarnings"), ...future.oldOptions$nwarnings)) {
[17:39:24.310]                 ...future.oldOptions$nwarnings <- NULL
[17:39:24.310]             }
[17:39:24.310]             base::options(...future.oldOptions)
[17:39:24.310]             if (.Platform$OS.type == "windows") {
[17:39:24.310]                 old_names <- names(...future.oldEnvVars)
[17:39:24.310]                 envs <- base::Sys.getenv()
[17:39:24.310]                 names <- names(envs)
[17:39:24.310]                 common <- intersect(names, old_names)
[17:39:24.310]                 added <- setdiff(names, old_names)
[17:39:24.310]                 removed <- setdiff(old_names, names)
[17:39:24.310]                 changed <- common[...future.oldEnvVars[common] != 
[17:39:24.310]                   envs[common]]
[17:39:24.310]                 NAMES <- toupper(changed)
[17:39:24.310]                 args <- list()
[17:39:24.310]                 for (kk in seq_along(NAMES)) {
[17:39:24.310]                   name <- changed[[kk]]
[17:39:24.310]                   NAME <- NAMES[[kk]]
[17:39:24.310]                   if (name != NAME && is.element(NAME, old_names)) 
[17:39:24.310]                     next
[17:39:24.310]                   args[[name]] <- ...future.oldEnvVars[[name]]
[17:39:24.310]                 }
[17:39:24.310]                 NAMES <- toupper(added)
[17:39:24.310]                 for (kk in seq_along(NAMES)) {
[17:39:24.310]                   name <- added[[kk]]
[17:39:24.310]                   NAME <- NAMES[[kk]]
[17:39:24.310]                   if (name != NAME && is.element(NAME, old_names)) 
[17:39:24.310]                     next
[17:39:24.310]                   args[[name]] <- ""
[17:39:24.310]                 }
[17:39:24.310]                 NAMES <- toupper(removed)
[17:39:24.310]                 for (kk in seq_along(NAMES)) {
[17:39:24.310]                   name <- removed[[kk]]
[17:39:24.310]                   NAME <- NAMES[[kk]]
[17:39:24.310]                   if (name != NAME && is.element(NAME, old_names)) 
[17:39:24.310]                     next
[17:39:24.310]                   args[[name]] <- ...future.oldEnvVars[[name]]
[17:39:24.310]                 }
[17:39:24.310]                 if (length(args) > 0) 
[17:39:24.310]                   base::do.call(base::Sys.setenv, args = args)
[17:39:24.310]                 args <- names <- old_names <- NAMES <- envs <- common <- added <- removed <- NULL
[17:39:24.310]             }
[17:39:24.310]             else {
[17:39:24.310]                 base::do.call(base::Sys.setenv, args = base::as.list(...future.oldEnvVars))
[17:39:24.310]             }
[17:39:24.310]             {
[17:39:24.310]                 if (base::length(...future.futureOptionsAdded) > 
[17:39:24.310]                   0L) {
[17:39:24.310]                   opts <- base::vector("list", length = base::length(...future.futureOptionsAdded))
[17:39:24.310]                   base::names(opts) <- ...future.futureOptionsAdded
[17:39:24.310]                   base::options(opts)
[17:39:24.310]                 }
[17:39:24.310]                 {
[17:39:24.310]                   {
[17:39:24.310]                     NULL
[17:39:24.310]                     RNGkind("Mersenne-Twister")
[17:39:24.310]                     base::rm(list = ".Random.seed", envir = base::globalenv(), 
[17:39:24.310]                       inherits = FALSE)
[17:39:24.310]                   }
[17:39:24.310]                   options(future.plan = NULL)
[17:39:24.310]                   if (is.na(NA_character_)) 
[17:39:24.310]                     Sys.unsetenv("R_FUTURE_PLAN")
[17:39:24.310]                   else Sys.setenv(R_FUTURE_PLAN = NA_character_)
[17:39:24.310]                   future::plan(...future.strategy.old, .cleanup = FALSE, 
[17:39:24.310]                     .init = FALSE)
[17:39:24.310]                 }
[17:39:24.310]             }
[17:39:24.310]         }
[17:39:24.310]     })
[17:39:24.310]     if (TRUE) {
[17:39:24.310]         base::sink(type = "output", split = FALSE)
[17:39:24.310]         if (TRUE) {
[17:39:24.310]             ...future.result$stdout <- base::rawToChar(base::rawConnectionValue(...future.stdout))
[17:39:24.310]         }
[17:39:24.310]         else {
[17:39:24.310]             ...future.result["stdout"] <- base::list(NULL)
[17:39:24.310]         }
[17:39:24.310]         base::close(...future.stdout)
[17:39:24.310]         ...future.stdout <- NULL
[17:39:24.310]     }
[17:39:24.310]     ...future.result$conditions <- ...future.conditions
[17:39:24.310]     ...future.result$finished <- base::Sys.time()
[17:39:24.310]     ...future.result
[17:39:24.310] }
[17:39:24.312] plan(): Setting new future strategy stack:
[17:39:24.312] List of future strategies:
[17:39:24.312] 1. sequential:
[17:39:24.312]    - args: function (..., envir = parent.frame(), workers = "<NULL>")
[17:39:24.312]    - tweaked: FALSE
[17:39:24.312]    - call: NULL
[17:39:24.313] plan(): nbrOfWorkers() = 1
[17:39:24.313] plan(): Setting new future strategy stack:
[17:39:24.314] List of future strategies:
[17:39:24.314] 1. sequential:
[17:39:24.314]    - args: function (..., envir = parent.frame(), workers = "<NULL>")
[17:39:24.314]    - tweaked: FALSE
[17:39:24.314]    - call: future::plan("sequential")
[17:39:24.314] plan(): nbrOfWorkers() = 1
[17:39:24.314] SequentialFuture started (and completed)
[17:39:24.314] - Launch lazy future ... done
[17:39:24.314] run() for ‘SequentialFuture’ ... done
> 
> message("*** %<-% to environment ... DONE")
*** %<-% to environment ... DONE
> 
> source("incl/end.R")
[17:39:24.315] plan(): Setting new future strategy stack:
[17:39:24.315] List of future strategies:
[17:39:24.315] 1. FutureStrategy:
[17:39:24.315]    - args: function (..., envir = parent.frame(), workers = "<NULL>")
[17:39:24.315]    - tweaked: FALSE
[17:39:24.315]    - call: future::plan(oplan)
[17:39:24.330] plan(): nbrOfWorkers() = 1
> 
