
R version 4.4.0 (2024-04-24) -- "Puppy Cup"
Copyright (C) 2024 The R Foundation for Statistical Computing
Platform: x86_64-pc-linux-gnu

R is free software and comes with ABSOLUTELY NO WARRANTY.
You are welcome to redistribute it under certain conditions.
Type 'license()' or 'licence()' for distribution details.

R is a collaborative project with many contributors.
Type 'contributors()' for more information and
'citation()' on how to cite R or R packages in publications.

Type 'demo()' for some demos, 'help()' for on-line help, or
'help.start()' for an HTML browser interface to help.
Type 'q()' to quit R.

> source("incl/start.R")
[09:31:10.053] plan(): Setting new future strategy stack:
[09:31:10.054] List of future strategies:
[09:31:10.054] 1. sequential:
[09:31:10.054]    - args: function (..., envir = parent.frame(), workers = "<NULL>")
[09:31:10.054]    - tweaked: FALSE
[09:31:10.054]    - call: future::plan("sequential")
[09:31:10.065] plan(): nbrOfWorkers() = 1
> 
> suppressWarnings(rm(list = c("x", "z")))
> 
> message("*** futureOf() with environment ...")
*** futureOf() with environment ...
> 
> message("*** futureOf() with environment - future assignments ...")
*** futureOf() with environment - future assignments ...
> 
> x <- new.env()
> x$a %<-% { 1 }
[09:31:10.078] getGlobalsAndPackages() ...
[09:31:10.079] Searching for globals...
[09:31:10.081] - globals found: [1] ‘{’
[09:31:10.082] Searching for globals ... DONE
[09:31:10.082] Resolving globals: FALSE
[09:31:10.082] 
[09:31:10.082] 
[09:31:10.082] getGlobalsAndPackages() ... DONE
[09:31:10.083] run() for ‘Future’ ...
[09:31:10.083] - state: ‘created’
[09:31:10.083] - Future backend: ‘FutureStrategy’, ‘sequential’, ‘uniprocess’, ‘future’, ‘function’
[09:31:10.084] - Future class: ‘SequentialFuture’, ‘UniprocessFuture’, ‘Future’, ‘environment’
[09:31:10.084] - Copy elements of temporary ‘SequentialFuture’ to final ‘Future’ object ...
[09:31:10.084]   - Field: ‘label’
[09:31:10.084]   - Field: ‘local’
[09:31:10.084]   - Field: ‘owner’
[09:31:10.084]   - Field: ‘envir’
[09:31:10.084]   - Field: ‘packages’
[09:31:10.084]   - Field: ‘gc’
[09:31:10.084]   - Field: ‘conditions’
[09:31:10.084]   - Field: ‘expr’
[09:31:10.085]   - Field: ‘uuid’
[09:31:10.085]   - Field: ‘seed’
[09:31:10.085]   - Field: ‘version’
[09:31:10.085]   - Field: ‘result’
[09:31:10.085]   - Field: ‘asynchronous’
[09:31:10.085]   - Field: ‘calls’
[09:31:10.085]   - Field: ‘globals’
[09:31:10.085]   - Field: ‘stdout’
[09:31:10.085]   - Field: ‘earlySignal’
[09:31:10.085]   - Field: ‘lazy’
[09:31:10.085]   - Field: ‘state’
[09:31:10.086] - Copy elements of temporary ‘SequentialFuture’ to final ‘Future’ object ... done
[09:31:10.086] - Launch lazy future ...
[09:31:10.086] Packages needed by the future expression (n = 0): <none>
[09:31:10.086] Packages needed by future strategies (n = 0): <none>
[09:31:10.087] {
[09:31:10.087]     {
[09:31:10.087]         {
[09:31:10.087]             ...future.startTime <- base::Sys.time()
[09:31:10.087]             {
[09:31:10.087]                 {
[09:31:10.087]                   {
[09:31:10.087]                     base::local({
[09:31:10.087]                       has_future <- base::requireNamespace("future", 
[09:31:10.087]                         quietly = TRUE)
[09:31:10.087]                       if (has_future) {
[09:31:10.087]                         ns <- base::getNamespace("future")
[09:31:10.087]                         version <- ns[[".package"]][["version"]]
[09:31:10.087]                         if (is.null(version)) 
[09:31:10.087]                           version <- utils::packageVersion("future")
[09:31:10.087]                       }
[09:31:10.087]                       else {
[09:31:10.087]                         version <- NULL
[09:31:10.087]                       }
[09:31:10.087]                       if (!has_future || version < "1.8.0") {
[09:31:10.087]                         info <- base::c(r_version = base::gsub("R version ", 
[09:31:10.087]                           "", base::R.version$version.string), 
[09:31:10.087]                           platform = base::sprintf("%s (%s-bit)", 
[09:31:10.087]                             base::R.version$platform, 8 * base::.Machine$sizeof.pointer), 
[09:31:10.087]                           os = base::paste(base::Sys.info()[base::c("sysname", 
[09:31:10.087]                             "release", "version")], collapse = " "), 
[09:31:10.087]                           hostname = base::Sys.info()[["nodename"]])
[09:31:10.087]                         info <- base::sprintf("%s: %s", base::names(info), 
[09:31:10.087]                           info)
[09:31:10.087]                         info <- base::paste(info, collapse = "; ")
[09:31:10.087]                         if (!has_future) {
[09:31:10.087]                           msg <- base::sprintf("Package 'future' is not installed on worker (%s)", 
[09:31:10.087]                             info)
[09:31:10.087]                         }
[09:31:10.087]                         else {
[09:31:10.087]                           msg <- base::sprintf("Package 'future' on worker (%s) must be of version >= 1.8.0: %s", 
[09:31:10.087]                             info, version)
[09:31:10.087]                         }
[09:31:10.087]                         base::stop(msg)
[09:31:10.087]                       }
[09:31:10.087]                     })
[09:31:10.087]                   }
[09:31:10.087]                   ...future.strategy.old <- future::plan("list")
[09:31:10.087]                   options(future.plan = NULL)
[09:31:10.087]                   Sys.unsetenv("R_FUTURE_PLAN")
[09:31:10.087]                   future::plan("default", .cleanup = FALSE, .init = FALSE)
[09:31:10.087]                 }
[09:31:10.087]                 ...future.workdir <- getwd()
[09:31:10.087]             }
[09:31:10.087]             ...future.oldOptions <- base::as.list(base::.Options)
[09:31:10.087]             ...future.oldEnvVars <- base::Sys.getenv()
[09:31:10.087]         }
[09:31:10.087]         base::options(future.startup.script = FALSE, future.globals.onMissing = NULL, 
[09:31:10.087]             future.globals.maxSize = NULL, future.globals.method = NULL, 
[09:31:10.087]             future.globals.onMissing = NULL, future.globals.onReference = NULL, 
[09:31:10.087]             future.globals.resolve = NULL, future.resolve.recursive = NULL, 
[09:31:10.087]             future.rng.onMisuse = NULL, future.rng.onMisuse.keepFuture = NULL, 
[09:31:10.087]             future.stdout.windows.reencode = NULL, width = 80L)
[09:31:10.087]         ...future.futureOptionsAdded <- base::setdiff(base::names(base::.Options), 
[09:31:10.087]             base::names(...future.oldOptions))
[09:31:10.087]     }
[09:31:10.087]     if (FALSE) {
[09:31:10.087]     }
[09:31:10.087]     else {
[09:31:10.087]         if (TRUE) {
[09:31:10.087]             ...future.stdout <- base::rawConnection(base::raw(0L), 
[09:31:10.087]                 open = "w")
[09:31:10.087]         }
[09:31:10.087]         else {
[09:31:10.087]             ...future.stdout <- base::file(base::switch(.Platform$OS.type, 
[09:31:10.087]                 windows = "NUL", "/dev/null"), open = "w")
[09:31:10.087]         }
[09:31:10.087]         base::sink(...future.stdout, type = "output", split = FALSE)
[09:31:10.087]         base::on.exit(if (!base::is.null(...future.stdout)) {
[09:31:10.087]             base::sink(type = "output", split = FALSE)
[09:31:10.087]             base::close(...future.stdout)
[09:31:10.087]         }, add = TRUE)
[09:31:10.087]     }
[09:31:10.087]     ...future.frame <- base::sys.nframe()
[09:31:10.087]     ...future.conditions <- base::list()
[09:31:10.087]     ...future.rng <- base::globalenv()$.Random.seed
[09:31:10.087]     if (FALSE) {
[09:31:10.087]         ...future.globalenv.names <- c(base::names(base::.GlobalEnv), 
[09:31:10.087]             "...future.value", "...future.globalenv.names", ".Random.seed")
[09:31:10.087]     }
[09:31:10.087]     ...future.result <- base::tryCatch({
[09:31:10.087]         base::withCallingHandlers({
[09:31:10.087]             ...future.value <- base::withVisible(base::local({
[09:31:10.087]                 1
[09:31:10.087]             }))
[09:31:10.087]             future::FutureResult(value = ...future.value$value, 
[09:31:10.087]                 visible = ...future.value$visible, rng = !identical(base::globalenv()$.Random.seed, 
[09:31:10.087]                   ...future.rng), globalenv = if (FALSE) 
[09:31:10.087]                   list(added = base::setdiff(base::names(base::.GlobalEnv), 
[09:31:10.087]                     ...future.globalenv.names))
[09:31:10.087]                 else NULL, started = ...future.startTime, version = "1.8")
[09:31:10.087]         }, condition = base::local({
[09:31:10.087]             c <- base::c
[09:31:10.087]             inherits <- base::inherits
[09:31:10.087]             invokeRestart <- base::invokeRestart
[09:31:10.087]             length <- base::length
[09:31:10.087]             list <- base::list
[09:31:10.087]             seq.int <- base::seq.int
[09:31:10.087]             signalCondition <- base::signalCondition
[09:31:10.087]             sys.calls <- base::sys.calls
[09:31:10.087]             `[[` <- base::`[[`
[09:31:10.087]             `+` <- base::`+`
[09:31:10.087]             `<<-` <- base::`<<-`
[09:31:10.087]             sysCalls <- function(calls = sys.calls(), from = 1L) {
[09:31:10.087]                 calls[seq.int(from = from + 12L, to = length(calls) - 
[09:31:10.087]                   3L)]
[09:31:10.087]             }
[09:31:10.087]             function(cond) {
[09:31:10.087]                 is_error <- inherits(cond, "error")
[09:31:10.087]                 ignore <- !is_error && !is.null(NULL) && inherits(cond, 
[09:31:10.087]                   NULL)
[09:31:10.087]                 if (is_error) {
[09:31:10.087]                   sessionInformation <- function() {
[09:31:10.087]                     list(r = base::R.Version(), locale = base::Sys.getlocale(), 
[09:31:10.087]                       rngkind = base::RNGkind(), namespaces = base::loadedNamespaces(), 
[09:31:10.087]                       search = base::search(), system = base::Sys.info())
[09:31:10.087]                   }
[09:31:10.087]                   ...future.conditions[[length(...future.conditions) + 
[09:31:10.087]                     1L]] <<- list(condition = cond, calls = c(sysCalls(from = ...future.frame), 
[09:31:10.087]                     cond$call), session = sessionInformation(), 
[09:31:10.087]                     timestamp = base::Sys.time(), signaled = 0L)
[09:31:10.087]                   signalCondition(cond)
[09:31:10.087]                 }
[09:31:10.087]                 else if (!ignore && TRUE && inherits(cond, c("condition", 
[09:31:10.087]                 "immediateCondition"))) {
[09:31:10.087]                   signal <- TRUE && inherits(cond, "immediateCondition")
[09:31:10.087]                   ...future.conditions[[length(...future.conditions) + 
[09:31:10.087]                     1L]] <<- list(condition = cond, signaled = base::as.integer(signal))
[09:31:10.087]                   if (TRUE && !signal) {
[09:31:10.087]                     muffleCondition <- function (cond, pattern = "^muffle") 
[09:31:10.087]                     {
[09:31:10.087]                       inherits <- base::inherits
[09:31:10.087]                       invokeRestart <- base::invokeRestart
[09:31:10.087]                       is.null <- base::is.null
[09:31:10.087]                       muffled <- FALSE
[09:31:10.087]                       if (inherits(cond, "message")) {
[09:31:10.087]                         muffled <- grepl(pattern, "muffleMessage")
[09:31:10.087]                         if (muffled) 
[09:31:10.087]                           invokeRestart("muffleMessage")
[09:31:10.087]                       }
[09:31:10.087]                       else if (inherits(cond, "warning")) {
[09:31:10.087]                         muffled <- grepl(pattern, "muffleWarning")
[09:31:10.087]                         if (muffled) 
[09:31:10.087]                           invokeRestart("muffleWarning")
[09:31:10.087]                       }
[09:31:10.087]                       else if (inherits(cond, "condition")) {
[09:31:10.087]                         if (!is.null(pattern)) {
[09:31:10.087]                           computeRestarts <- base::computeRestarts
[09:31:10.087]                           grepl <- base::grepl
[09:31:10.087]                           restarts <- computeRestarts(cond)
[09:31:10.087]                           for (restart in restarts) {
[09:31:10.087]                             name <- restart$name
[09:31:10.087]                             if (is.null(name)) 
[09:31:10.087]                               next
[09:31:10.087]                             if (!grepl(pattern, name)) 
[09:31:10.087]                               next
[09:31:10.087]                             invokeRestart(restart)
[09:31:10.087]                             muffled <- TRUE
[09:31:10.087]                             break
[09:31:10.087]                           }
[09:31:10.087]                         }
[09:31:10.087]                       }
[09:31:10.087]                       invisible(muffled)
[09:31:10.087]                     }
[09:31:10.087]                     muffleCondition(cond, pattern = "^muffle")
[09:31:10.087]                   }
[09:31:10.087]                 }
[09:31:10.087]                 else {
[09:31:10.087]                   if (TRUE) {
[09:31:10.087]                     muffleCondition <- function (cond, pattern = "^muffle") 
[09:31:10.087]                     {
[09:31:10.087]                       inherits <- base::inherits
[09:31:10.087]                       invokeRestart <- base::invokeRestart
[09:31:10.087]                       is.null <- base::is.null
[09:31:10.087]                       muffled <- FALSE
[09:31:10.087]                       if (inherits(cond, "message")) {
[09:31:10.087]                         muffled <- grepl(pattern, "muffleMessage")
[09:31:10.087]                         if (muffled) 
[09:31:10.087]                           invokeRestart("muffleMessage")
[09:31:10.087]                       }
[09:31:10.087]                       else if (inherits(cond, "warning")) {
[09:31:10.087]                         muffled <- grepl(pattern, "muffleWarning")
[09:31:10.087]                         if (muffled) 
[09:31:10.087]                           invokeRestart("muffleWarning")
[09:31:10.087]                       }
[09:31:10.087]                       else if (inherits(cond, "condition")) {
[09:31:10.087]                         if (!is.null(pattern)) {
[09:31:10.087]                           computeRestarts <- base::computeRestarts
[09:31:10.087]                           grepl <- base::grepl
[09:31:10.087]                           restarts <- computeRestarts(cond)
[09:31:10.087]                           for (restart in restarts) {
[09:31:10.087]                             name <- restart$name
[09:31:10.087]                             if (is.null(name)) 
[09:31:10.087]                               next
[09:31:10.087]                             if (!grepl(pattern, name)) 
[09:31:10.087]                               next
[09:31:10.087]                             invokeRestart(restart)
[09:31:10.087]                             muffled <- TRUE
[09:31:10.087]                             break
[09:31:10.087]                           }
[09:31:10.087]                         }
[09:31:10.087]                       }
[09:31:10.087]                       invisible(muffled)
[09:31:10.087]                     }
[09:31:10.087]                     muffleCondition(cond, pattern = "^muffle")
[09:31:10.087]                   }
[09:31:10.087]                 }
[09:31:10.087]             }
[09:31:10.087]         }))
[09:31:10.087]     }, error = function(ex) {
[09:31:10.087]         base::structure(base::list(value = NULL, visible = NULL, 
[09:31:10.087]             conditions = ...future.conditions, rng = !identical(base::globalenv()$.Random.seed, 
[09:31:10.087]                 ...future.rng), started = ...future.startTime, 
[09:31:10.087]             finished = Sys.time(), session_uuid = NA_character_, 
[09:31:10.087]             version = "1.8"), class = "FutureResult")
[09:31:10.087]     }, finally = {
[09:31:10.087]         if (!identical(...future.workdir, getwd())) 
[09:31:10.087]             setwd(...future.workdir)
[09:31:10.087]         {
[09:31:10.087]             if (identical(getOption("nwarnings"), ...future.oldOptions$nwarnings)) {
[09:31:10.087]                 ...future.oldOptions$nwarnings <- NULL
[09:31:10.087]             }
[09:31:10.087]             base::options(...future.oldOptions)
[09:31:10.087]             if (.Platform$OS.type == "windows") {
[09:31:10.087]                 old_names <- names(...future.oldEnvVars)
[09:31:10.087]                 envs <- base::Sys.getenv()
[09:31:10.087]                 names <- names(envs)
[09:31:10.087]                 common <- intersect(names, old_names)
[09:31:10.087]                 added <- setdiff(names, old_names)
[09:31:10.087]                 removed <- setdiff(old_names, names)
[09:31:10.087]                 changed <- common[...future.oldEnvVars[common] != 
[09:31:10.087]                   envs[common]]
[09:31:10.087]                 NAMES <- toupper(changed)
[09:31:10.087]                 args <- list()
[09:31:10.087]                 for (kk in seq_along(NAMES)) {
[09:31:10.087]                   name <- changed[[kk]]
[09:31:10.087]                   NAME <- NAMES[[kk]]
[09:31:10.087]                   if (name != NAME && is.element(NAME, old_names)) 
[09:31:10.087]                     next
[09:31:10.087]                   args[[name]] <- ...future.oldEnvVars[[name]]
[09:31:10.087]                 }
[09:31:10.087]                 NAMES <- toupper(added)
[09:31:10.087]                 for (kk in seq_along(NAMES)) {
[09:31:10.087]                   name <- added[[kk]]
[09:31:10.087]                   NAME <- NAMES[[kk]]
[09:31:10.087]                   if (name != NAME && is.element(NAME, old_names)) 
[09:31:10.087]                     next
[09:31:10.087]                   args[[name]] <- ""
[09:31:10.087]                 }
[09:31:10.087]                 NAMES <- toupper(removed)
[09:31:10.087]                 for (kk in seq_along(NAMES)) {
[09:31:10.087]                   name <- removed[[kk]]
[09:31:10.087]                   NAME <- NAMES[[kk]]
[09:31:10.087]                   if (name != NAME && is.element(NAME, old_names)) 
[09:31:10.087]                     next
[09:31:10.087]                   args[[name]] <- ...future.oldEnvVars[[name]]
[09:31:10.087]                 }
[09:31:10.087]                 if (length(args) > 0) 
[09:31:10.087]                   base::do.call(base::Sys.setenv, args = args)
[09:31:10.087]                 args <- names <- old_names <- NAMES <- envs <- common <- added <- removed <- NULL
[09:31:10.087]             }
[09:31:10.087]             else {
[09:31:10.087]                 base::do.call(base::Sys.setenv, args = base::as.list(...future.oldEnvVars))
[09:31:10.087]             }
[09:31:10.087]             {
[09:31:10.087]                 if (base::length(...future.futureOptionsAdded) > 
[09:31:10.087]                   0L) {
[09:31:10.087]                   opts <- base::vector("list", length = base::length(...future.futureOptionsAdded))
[09:31:10.087]                   base::names(opts) <- ...future.futureOptionsAdded
[09:31:10.087]                   base::options(opts)
[09:31:10.087]                 }
[09:31:10.087]                 {
[09:31:10.087]                   {
[09:31:10.087]                     NULL
[09:31:10.087]                     RNGkind("Mersenne-Twister")
[09:31:10.087]                     base::rm(list = ".Random.seed", envir = base::globalenv(), 
[09:31:10.087]                       inherits = FALSE)
[09:31:10.087]                   }
[09:31:10.087]                   options(future.plan = NULL)
[09:31:10.087]                   if (is.na(NA_character_)) 
[09:31:10.087]                     Sys.unsetenv("R_FUTURE_PLAN")
[09:31:10.087]                   else Sys.setenv(R_FUTURE_PLAN = NA_character_)
[09:31:10.087]                   future::plan(...future.strategy.old, .cleanup = FALSE, 
[09:31:10.087]                     .init = FALSE)
[09:31:10.087]                 }
[09:31:10.087]             }
[09:31:10.087]         }
[09:31:10.087]     })
[09:31:10.087]     if (TRUE) {
[09:31:10.087]         base::sink(type = "output", split = FALSE)
[09:31:10.087]         if (TRUE) {
[09:31:10.087]             ...future.result$stdout <- base::rawToChar(base::rawConnectionValue(...future.stdout))
[09:31:10.087]         }
[09:31:10.087]         else {
[09:31:10.087]             ...future.result["stdout"] <- base::list(NULL)
[09:31:10.087]         }
[09:31:10.087]         base::close(...future.stdout)
[09:31:10.087]         ...future.stdout <- NULL
[09:31:10.087]     }
[09:31:10.087]     ...future.result$conditions <- ...future.conditions
[09:31:10.087]     ...future.result$finished <- base::Sys.time()
[09:31:10.087]     ...future.result
[09:31:10.087] }
[09:31:10.089] plan(): Setting new future strategy stack:
[09:31:10.089] List of future strategies:
[09:31:10.089] 1. sequential:
[09:31:10.089]    - args: function (..., envir = parent.frame(), workers = "<NULL>")
[09:31:10.089]    - tweaked: FALSE
[09:31:10.089]    - call: NULL
[09:31:10.090] plan(): nbrOfWorkers() = 1
[09:31:10.091] plan(): Setting new future strategy stack:
[09:31:10.091] List of future strategies:
[09:31:10.091] 1. sequential:
[09:31:10.091]    - args: function (..., envir = parent.frame(), workers = "<NULL>")
[09:31:10.091]    - tweaked: FALSE
[09:31:10.091]    - call: future::plan("sequential")
[09:31:10.091] plan(): nbrOfWorkers() = 1
[09:31:10.091] SequentialFuture started (and completed)
[09:31:10.092] - Launch lazy future ... done
[09:31:10.092] run() for ‘SequentialFuture’ ... done
> 
> f1 <- futureOf("a", envir = x)
> print(f1)
SequentialFuture:
Label: ‘<none>’
Expression:
{
    1
}
Lazy evaluation: FALSE
Asynchronous evaluation: FALSE
Local evaluation: TRUE
Environment: R_GlobalEnv
Capture standard output: TRUE
Capture condition classes: ‘condition’ (excluding ‘nothing’)
Globals: <none>
Packages: <none>
L'Ecuyer-CMRG RNG seed: <none> (seed = FALSE)
Resolved: TRUE
Value: 56 bytes of class ‘numeric’
Early signaling: FALSE
Owner process: db02c64b-35b8-b5d9-09c8-23003b8ed2a0
Class: ‘SequentialFuture’, ‘UniprocessFuture’, ‘Future’, ‘environment’
> f2 <- futureOf(a, envir = x)
> f3 <- futureOf(x[["a"]])
> f4 <- futureOf(x$a)
> stopifnot(identical(f2, f1), identical(f3, f1), identical(f4, f1))
> 
> ## Identify all futures
> fs <- futureOf(envir = x)
> print(fs)
$a
SequentialFuture:
Label: ‘<none>’
Expression:
{
    1
}
Lazy evaluation: FALSE
Asynchronous evaluation: FALSE
Local evaluation: TRUE
Environment: R_GlobalEnv
Capture standard output: TRUE
Capture condition classes: ‘condition’ (excluding ‘nothing’)
Globals: <none>
Packages: <none>
L'Ecuyer-CMRG RNG seed: <none> (seed = FALSE)
Resolved: TRUE
Value: 56 bytes of class ‘numeric’
Early signaling: FALSE
Owner process: db02c64b-35b8-b5d9-09c8-23003b8ed2a0
Class: ‘SequentialFuture’, ‘UniprocessFuture’, ‘Future’, ‘environment’

> stopifnot(identical(names(fs), c("a")))
> stopifnot(identical(fs$a, f1))
> 
> fsD <- futureOf(envir = x, drop = TRUE)
> print(fsD)
$a
SequentialFuture:
Label: ‘<none>’
Expression:
{
    1
}
Lazy evaluation: FALSE
Asynchronous evaluation: FALSE
Local evaluation: TRUE
Environment: R_GlobalEnv
Capture standard output: TRUE
Capture condition classes: ‘condition’ (excluding ‘nothing’)
Globals: <none>
Packages: <none>
L'Ecuyer-CMRG RNG seed: <none> (seed = FALSE)
Resolved: TRUE
Value: 56 bytes of class ‘numeric’
Early signaling: FALSE
Owner process: db02c64b-35b8-b5d9-09c8-23003b8ed2a0
Class: ‘SequentialFuture’, ‘UniprocessFuture’, ‘Future’, ‘environment’

> stopifnot(all(sapply(fsD, FUN = inherits, "Future")))
> stopifnot(identical(fsD, fs))
> 
> message("*** futureOf() with environment - future assignments ... DONE")
*** futureOf() with environment - future assignments ... DONE
> 
> 
> message("*** futureOf() with environment - futures ...")
*** futureOf() with environment - futures ...
> 
> x <- new.env()
> x$a <- future({ 1 })
[09:31:10.095] getGlobalsAndPackages() ...
[09:31:10.095] Searching for globals...
[09:31:10.095] - globals found: [1] ‘{’
[09:31:10.096] Searching for globals ... DONE
[09:31:10.096] Resolving globals: FALSE
[09:31:10.096] 
[09:31:10.096] 
[09:31:10.096] getGlobalsAndPackages() ... DONE
[09:31:10.096] run() for ‘Future’ ...
[09:31:10.096] - state: ‘created’
[09:31:10.097] - Future backend: ‘FutureStrategy’, ‘sequential’, ‘uniprocess’, ‘future’, ‘function’
[09:31:10.097] - Future class: ‘SequentialFuture’, ‘UniprocessFuture’, ‘Future’, ‘environment’
[09:31:10.097] - Copy elements of temporary ‘SequentialFuture’ to final ‘Future’ object ...
[09:31:10.097]   - Field: ‘label’
[09:31:10.097]   - Field: ‘local’
[09:31:10.097]   - Field: ‘owner’
[09:31:10.097]   - Field: ‘envir’
[09:31:10.097]   - Field: ‘packages’
[09:31:10.097]   - Field: ‘gc’
[09:31:10.098]   - Field: ‘conditions’
[09:31:10.098]   - Field: ‘expr’
[09:31:10.098]   - Field: ‘uuid’
[09:31:10.098]   - Field: ‘seed’
[09:31:10.098]   - Field: ‘version’
[09:31:10.098]   - Field: ‘result’
[09:31:10.098]   - Field: ‘asynchronous’
[09:31:10.098]   - Field: ‘calls’
[09:31:10.098]   - Field: ‘globals’
[09:31:10.098]   - Field: ‘stdout’
[09:31:10.098]   - Field: ‘earlySignal’
[09:31:10.098]   - Field: ‘lazy’
[09:31:10.099]   - Field: ‘state’
[09:31:10.099] - Copy elements of temporary ‘SequentialFuture’ to final ‘Future’ object ... done
[09:31:10.099] - Launch lazy future ...
[09:31:10.099] Packages needed by the future expression (n = 0): <none>
[09:31:10.099] Packages needed by future strategies (n = 0): <none>
[09:31:10.099] {
[09:31:10.099]     {
[09:31:10.099]         {
[09:31:10.099]             ...future.startTime <- base::Sys.time()
[09:31:10.099]             {
[09:31:10.099]                 {
[09:31:10.099]                   {
[09:31:10.099]                     base::local({
[09:31:10.099]                       has_future <- base::requireNamespace("future", 
[09:31:10.099]                         quietly = TRUE)
[09:31:10.099]                       if (has_future) {
[09:31:10.099]                         ns <- base::getNamespace("future")
[09:31:10.099]                         version <- ns[[".package"]][["version"]]
[09:31:10.099]                         if (is.null(version)) 
[09:31:10.099]                           version <- utils::packageVersion("future")
[09:31:10.099]                       }
[09:31:10.099]                       else {
[09:31:10.099]                         version <- NULL
[09:31:10.099]                       }
[09:31:10.099]                       if (!has_future || version < "1.8.0") {
[09:31:10.099]                         info <- base::c(r_version = base::gsub("R version ", 
[09:31:10.099]                           "", base::R.version$version.string), 
[09:31:10.099]                           platform = base::sprintf("%s (%s-bit)", 
[09:31:10.099]                             base::R.version$platform, 8 * base::.Machine$sizeof.pointer), 
[09:31:10.099]                           os = base::paste(base::Sys.info()[base::c("sysname", 
[09:31:10.099]                             "release", "version")], collapse = " "), 
[09:31:10.099]                           hostname = base::Sys.info()[["nodename"]])
[09:31:10.099]                         info <- base::sprintf("%s: %s", base::names(info), 
[09:31:10.099]                           info)
[09:31:10.099]                         info <- base::paste(info, collapse = "; ")
[09:31:10.099]                         if (!has_future) {
[09:31:10.099]                           msg <- base::sprintf("Package 'future' is not installed on worker (%s)", 
[09:31:10.099]                             info)
[09:31:10.099]                         }
[09:31:10.099]                         else {
[09:31:10.099]                           msg <- base::sprintf("Package 'future' on worker (%s) must be of version >= 1.8.0: %s", 
[09:31:10.099]                             info, version)
[09:31:10.099]                         }
[09:31:10.099]                         base::stop(msg)
[09:31:10.099]                       }
[09:31:10.099]                     })
[09:31:10.099]                   }
[09:31:10.099]                   ...future.strategy.old <- future::plan("list")
[09:31:10.099]                   options(future.plan = NULL)
[09:31:10.099]                   Sys.unsetenv("R_FUTURE_PLAN")
[09:31:10.099]                   future::plan("default", .cleanup = FALSE, .init = FALSE)
[09:31:10.099]                 }
[09:31:10.099]                 ...future.workdir <- getwd()
[09:31:10.099]             }
[09:31:10.099]             ...future.oldOptions <- base::as.list(base::.Options)
[09:31:10.099]             ...future.oldEnvVars <- base::Sys.getenv()
[09:31:10.099]         }
[09:31:10.099]         base::options(future.startup.script = FALSE, future.globals.onMissing = NULL, 
[09:31:10.099]             future.globals.maxSize = NULL, future.globals.method = NULL, 
[09:31:10.099]             future.globals.onMissing = NULL, future.globals.onReference = NULL, 
[09:31:10.099]             future.globals.resolve = NULL, future.resolve.recursive = NULL, 
[09:31:10.099]             future.rng.onMisuse = NULL, future.rng.onMisuse.keepFuture = NULL, 
[09:31:10.099]             future.stdout.windows.reencode = NULL, width = 80L)
[09:31:10.099]         ...future.futureOptionsAdded <- base::setdiff(base::names(base::.Options), 
[09:31:10.099]             base::names(...future.oldOptions))
[09:31:10.099]     }
[09:31:10.099]     if (FALSE) {
[09:31:10.099]     }
[09:31:10.099]     else {
[09:31:10.099]         if (TRUE) {
[09:31:10.099]             ...future.stdout <- base::rawConnection(base::raw(0L), 
[09:31:10.099]                 open = "w")
[09:31:10.099]         }
[09:31:10.099]         else {
[09:31:10.099]             ...future.stdout <- base::file(base::switch(.Platform$OS.type, 
[09:31:10.099]                 windows = "NUL", "/dev/null"), open = "w")
[09:31:10.099]         }
[09:31:10.099]         base::sink(...future.stdout, type = "output", split = FALSE)
[09:31:10.099]         base::on.exit(if (!base::is.null(...future.stdout)) {
[09:31:10.099]             base::sink(type = "output", split = FALSE)
[09:31:10.099]             base::close(...future.stdout)
[09:31:10.099]         }, add = TRUE)
[09:31:10.099]     }
[09:31:10.099]     ...future.frame <- base::sys.nframe()
[09:31:10.099]     ...future.conditions <- base::list()
[09:31:10.099]     ...future.rng <- base::globalenv()$.Random.seed
[09:31:10.099]     if (FALSE) {
[09:31:10.099]         ...future.globalenv.names <- c(base::names(base::.GlobalEnv), 
[09:31:10.099]             "...future.value", "...future.globalenv.names", ".Random.seed")
[09:31:10.099]     }
[09:31:10.099]     ...future.result <- base::tryCatch({
[09:31:10.099]         base::withCallingHandlers({
[09:31:10.099]             ...future.value <- base::withVisible(base::local({
[09:31:10.099]                 1
[09:31:10.099]             }))
[09:31:10.099]             future::FutureResult(value = ...future.value$value, 
[09:31:10.099]                 visible = ...future.value$visible, rng = !identical(base::globalenv()$.Random.seed, 
[09:31:10.099]                   ...future.rng), globalenv = if (FALSE) 
[09:31:10.099]                   list(added = base::setdiff(base::names(base::.GlobalEnv), 
[09:31:10.099]                     ...future.globalenv.names))
[09:31:10.099]                 else NULL, started = ...future.startTime, version = "1.8")
[09:31:10.099]         }, condition = base::local({
[09:31:10.099]             c <- base::c
[09:31:10.099]             inherits <- base::inherits
[09:31:10.099]             invokeRestart <- base::invokeRestart
[09:31:10.099]             length <- base::length
[09:31:10.099]             list <- base::list
[09:31:10.099]             seq.int <- base::seq.int
[09:31:10.099]             signalCondition <- base::signalCondition
[09:31:10.099]             sys.calls <- base::sys.calls
[09:31:10.099]             `[[` <- base::`[[`
[09:31:10.099]             `+` <- base::`+`
[09:31:10.099]             `<<-` <- base::`<<-`
[09:31:10.099]             sysCalls <- function(calls = sys.calls(), from = 1L) {
[09:31:10.099]                 calls[seq.int(from = from + 12L, to = length(calls) - 
[09:31:10.099]                   3L)]
[09:31:10.099]             }
[09:31:10.099]             function(cond) {
[09:31:10.099]                 is_error <- inherits(cond, "error")
[09:31:10.099]                 ignore <- !is_error && !is.null(NULL) && inherits(cond, 
[09:31:10.099]                   NULL)
[09:31:10.099]                 if (is_error) {
[09:31:10.099]                   sessionInformation <- function() {
[09:31:10.099]                     list(r = base::R.Version(), locale = base::Sys.getlocale(), 
[09:31:10.099]                       rngkind = base::RNGkind(), namespaces = base::loadedNamespaces(), 
[09:31:10.099]                       search = base::search(), system = base::Sys.info())
[09:31:10.099]                   }
[09:31:10.099]                   ...future.conditions[[length(...future.conditions) + 
[09:31:10.099]                     1L]] <<- list(condition = cond, calls = c(sysCalls(from = ...future.frame), 
[09:31:10.099]                     cond$call), session = sessionInformation(), 
[09:31:10.099]                     timestamp = base::Sys.time(), signaled = 0L)
[09:31:10.099]                   signalCondition(cond)
[09:31:10.099]                 }
[09:31:10.099]                 else if (!ignore && TRUE && inherits(cond, c("condition", 
[09:31:10.099]                 "immediateCondition"))) {
[09:31:10.099]                   signal <- TRUE && inherits(cond, "immediateCondition")
[09:31:10.099]                   ...future.conditions[[length(...future.conditions) + 
[09:31:10.099]                     1L]] <<- list(condition = cond, signaled = base::as.integer(signal))
[09:31:10.099]                   if (TRUE && !signal) {
[09:31:10.099]                     muffleCondition <- function (cond, pattern = "^muffle") 
[09:31:10.099]                     {
[09:31:10.099]                       inherits <- base::inherits
[09:31:10.099]                       invokeRestart <- base::invokeRestart
[09:31:10.099]                       is.null <- base::is.null
[09:31:10.099]                       muffled <- FALSE
[09:31:10.099]                       if (inherits(cond, "message")) {
[09:31:10.099]                         muffled <- grepl(pattern, "muffleMessage")
[09:31:10.099]                         if (muffled) 
[09:31:10.099]                           invokeRestart("muffleMessage")
[09:31:10.099]                       }
[09:31:10.099]                       else if (inherits(cond, "warning")) {
[09:31:10.099]                         muffled <- grepl(pattern, "muffleWarning")
[09:31:10.099]                         if (muffled) 
[09:31:10.099]                           invokeRestart("muffleWarning")
[09:31:10.099]                       }
[09:31:10.099]                       else if (inherits(cond, "condition")) {
[09:31:10.099]                         if (!is.null(pattern)) {
[09:31:10.099]                           computeRestarts <- base::computeRestarts
[09:31:10.099]                           grepl <- base::grepl
[09:31:10.099]                           restarts <- computeRestarts(cond)
[09:31:10.099]                           for (restart in restarts) {
[09:31:10.099]                             name <- restart$name
[09:31:10.099]                             if (is.null(name)) 
[09:31:10.099]                               next
[09:31:10.099]                             if (!grepl(pattern, name)) 
[09:31:10.099]                               next
[09:31:10.099]                             invokeRestart(restart)
[09:31:10.099]                             muffled <- TRUE
[09:31:10.099]                             break
[09:31:10.099]                           }
[09:31:10.099]                         }
[09:31:10.099]                       }
[09:31:10.099]                       invisible(muffled)
[09:31:10.099]                     }
[09:31:10.099]                     muffleCondition(cond, pattern = "^muffle")
[09:31:10.099]                   }
[09:31:10.099]                 }
[09:31:10.099]                 else {
[09:31:10.099]                   if (TRUE) {
[09:31:10.099]                     muffleCondition <- function (cond, pattern = "^muffle") 
[09:31:10.099]                     {
[09:31:10.099]                       inherits <- base::inherits
[09:31:10.099]                       invokeRestart <- base::invokeRestart
[09:31:10.099]                       is.null <- base::is.null
[09:31:10.099]                       muffled <- FALSE
[09:31:10.099]                       if (inherits(cond, "message")) {
[09:31:10.099]                         muffled <- grepl(pattern, "muffleMessage")
[09:31:10.099]                         if (muffled) 
[09:31:10.099]                           invokeRestart("muffleMessage")
[09:31:10.099]                       }
[09:31:10.099]                       else if (inherits(cond, "warning")) {
[09:31:10.099]                         muffled <- grepl(pattern, "muffleWarning")
[09:31:10.099]                         if (muffled) 
[09:31:10.099]                           invokeRestart("muffleWarning")
[09:31:10.099]                       }
[09:31:10.099]                       else if (inherits(cond, "condition")) {
[09:31:10.099]                         if (!is.null(pattern)) {
[09:31:10.099]                           computeRestarts <- base::computeRestarts
[09:31:10.099]                           grepl <- base::grepl
[09:31:10.099]                           restarts <- computeRestarts(cond)
[09:31:10.099]                           for (restart in restarts) {
[09:31:10.099]                             name <- restart$name
[09:31:10.099]                             if (is.null(name)) 
[09:31:10.099]                               next
[09:31:10.099]                             if (!grepl(pattern, name)) 
[09:31:10.099]                               next
[09:31:10.099]                             invokeRestart(restart)
[09:31:10.099]                             muffled <- TRUE
[09:31:10.099]                             break
[09:31:10.099]                           }
[09:31:10.099]                         }
[09:31:10.099]                       }
[09:31:10.099]                       invisible(muffled)
[09:31:10.099]                     }
[09:31:10.099]                     muffleCondition(cond, pattern = "^muffle")
[09:31:10.099]                   }
[09:31:10.099]                 }
[09:31:10.099]             }
[09:31:10.099]         }))
[09:31:10.099]     }, error = function(ex) {
[09:31:10.099]         base::structure(base::list(value = NULL, visible = NULL, 
[09:31:10.099]             conditions = ...future.conditions, rng = !identical(base::globalenv()$.Random.seed, 
[09:31:10.099]                 ...future.rng), started = ...future.startTime, 
[09:31:10.099]             finished = Sys.time(), session_uuid = NA_character_, 
[09:31:10.099]             version = "1.8"), class = "FutureResult")
[09:31:10.099]     }, finally = {
[09:31:10.099]         if (!identical(...future.workdir, getwd())) 
[09:31:10.099]             setwd(...future.workdir)
[09:31:10.099]         {
[09:31:10.099]             if (identical(getOption("nwarnings"), ...future.oldOptions$nwarnings)) {
[09:31:10.099]                 ...future.oldOptions$nwarnings <- NULL
[09:31:10.099]             }
[09:31:10.099]             base::options(...future.oldOptions)
[09:31:10.099]             if (.Platform$OS.type == "windows") {
[09:31:10.099]                 old_names <- names(...future.oldEnvVars)
[09:31:10.099]                 envs <- base::Sys.getenv()
[09:31:10.099]                 names <- names(envs)
[09:31:10.099]                 common <- intersect(names, old_names)
[09:31:10.099]                 added <- setdiff(names, old_names)
[09:31:10.099]                 removed <- setdiff(old_names, names)
[09:31:10.099]                 changed <- common[...future.oldEnvVars[common] != 
[09:31:10.099]                   envs[common]]
[09:31:10.099]                 NAMES <- toupper(changed)
[09:31:10.099]                 args <- list()
[09:31:10.099]                 for (kk in seq_along(NAMES)) {
[09:31:10.099]                   name <- changed[[kk]]
[09:31:10.099]                   NAME <- NAMES[[kk]]
[09:31:10.099]                   if (name != NAME && is.element(NAME, old_names)) 
[09:31:10.099]                     next
[09:31:10.099]                   args[[name]] <- ...future.oldEnvVars[[name]]
[09:31:10.099]                 }
[09:31:10.099]                 NAMES <- toupper(added)
[09:31:10.099]                 for (kk in seq_along(NAMES)) {
[09:31:10.099]                   name <- added[[kk]]
[09:31:10.099]                   NAME <- NAMES[[kk]]
[09:31:10.099]                   if (name != NAME && is.element(NAME, old_names)) 
[09:31:10.099]                     next
[09:31:10.099]                   args[[name]] <- ""
[09:31:10.099]                 }
[09:31:10.099]                 NAMES <- toupper(removed)
[09:31:10.099]                 for (kk in seq_along(NAMES)) {
[09:31:10.099]                   name <- removed[[kk]]
[09:31:10.099]                   NAME <- NAMES[[kk]]
[09:31:10.099]                   if (name != NAME && is.element(NAME, old_names)) 
[09:31:10.099]                     next
[09:31:10.099]                   args[[name]] <- ...future.oldEnvVars[[name]]
[09:31:10.099]                 }
[09:31:10.099]                 if (length(args) > 0) 
[09:31:10.099]                   base::do.call(base::Sys.setenv, args = args)
[09:31:10.099]                 args <- names <- old_names <- NAMES <- envs <- common <- added <- removed <- NULL
[09:31:10.099]             }
[09:31:10.099]             else {
[09:31:10.099]                 base::do.call(base::Sys.setenv, args = base::as.list(...future.oldEnvVars))
[09:31:10.099]             }
[09:31:10.099]             {
[09:31:10.099]                 if (base::length(...future.futureOptionsAdded) > 
[09:31:10.099]                   0L) {
[09:31:10.099]                   opts <- base::vector("list", length = base::length(...future.futureOptionsAdded))
[09:31:10.099]                   base::names(opts) <- ...future.futureOptionsAdded
[09:31:10.099]                   base::options(opts)
[09:31:10.099]                 }
[09:31:10.099]                 {
[09:31:10.099]                   {
[09:31:10.099]                     NULL
[09:31:10.099]                     RNGkind("Mersenne-Twister")
[09:31:10.099]                     base::rm(list = ".Random.seed", envir = base::globalenv(), 
[09:31:10.099]                       inherits = FALSE)
[09:31:10.099]                   }
[09:31:10.099]                   options(future.plan = NULL)
[09:31:10.099]                   if (is.na(NA_character_)) 
[09:31:10.099]                     Sys.unsetenv("R_FUTURE_PLAN")
[09:31:10.099]                   else Sys.setenv(R_FUTURE_PLAN = NA_character_)
[09:31:10.099]                   future::plan(...future.strategy.old, .cleanup = FALSE, 
[09:31:10.099]                     .init = FALSE)
[09:31:10.099]                 }
[09:31:10.099]             }
[09:31:10.099]         }
[09:31:10.099]     })
[09:31:10.099]     if (TRUE) {
[09:31:10.099]         base::sink(type = "output", split = FALSE)
[09:31:10.099]         if (TRUE) {
[09:31:10.099]             ...future.result$stdout <- base::rawToChar(base::rawConnectionValue(...future.stdout))
[09:31:10.099]         }
[09:31:10.099]         else {
[09:31:10.099]             ...future.result["stdout"] <- base::list(NULL)
[09:31:10.099]         }
[09:31:10.099]         base::close(...future.stdout)
[09:31:10.099]         ...future.stdout <- NULL
[09:31:10.099]     }
[09:31:10.099]     ...future.result$conditions <- ...future.conditions
[09:31:10.099]     ...future.result$finished <- base::Sys.time()
[09:31:10.099]     ...future.result
[09:31:10.099] }
[09:31:10.101] plan(): Setting new future strategy stack:
[09:31:10.101] List of future strategies:
[09:31:10.101] 1. sequential:
[09:31:10.101]    - args: function (..., envir = parent.frame(), workers = "<NULL>")
[09:31:10.101]    - tweaked: FALSE
[09:31:10.101]    - call: NULL
[09:31:10.102] plan(): nbrOfWorkers() = 1
[09:31:10.102] plan(): Setting new future strategy stack:
[09:31:10.102] List of future strategies:
[09:31:10.102] 1. sequential:
[09:31:10.102]    - args: function (..., envir = parent.frame(), workers = "<NULL>")
[09:31:10.102]    - tweaked: FALSE
[09:31:10.102]    - call: future::plan("sequential")
[09:31:10.103] plan(): nbrOfWorkers() = 1
[09:31:10.103] SequentialFuture started (and completed)
[09:31:10.103] - Launch lazy future ... done
[09:31:10.103] run() for ‘SequentialFuture’ ... done
> 
> f1 <- futureOf("a", envir = x)
> print(f1)
SequentialFuture:
Label: ‘<none>’
Expression:
{
    1
}
Lazy evaluation: FALSE
Asynchronous evaluation: FALSE
Local evaluation: TRUE
Environment: R_GlobalEnv
Capture standard output: TRUE
Capture condition classes: ‘condition’ (excluding ‘nothing’)
Globals: <none>
Packages: <none>
L'Ecuyer-CMRG RNG seed: <none> (seed = FALSE)
Resolved: TRUE
Value: 56 bytes of class ‘numeric’
Early signaling: FALSE
Owner process: db02c64b-35b8-b5d9-09c8-23003b8ed2a0
Class: ‘SequentialFuture’, ‘UniprocessFuture’, ‘Future’, ‘environment’
> stopifnot(identical(f1, x$a))
> f2 <- futureOf(a, envir = x)
> stopifnot(identical(f2, x$a))
> f3 <- futureOf(x[["a"]])
> stopifnot(identical(f3, x$a))
> f4 <- futureOf(x$a)
> stopifnot(identical(f4, x$a))
> 
> ## Identify all futures
> fs <- futureOf(envir = x)
> print(fs)
$a
SequentialFuture:
Label: ‘<none>’
Expression:
{
    1
}
Lazy evaluation: FALSE
Asynchronous evaluation: FALSE
Local evaluation: TRUE
Environment: R_GlobalEnv
Capture standard output: TRUE
Capture condition classes: ‘condition’ (excluding ‘nothing’)
Globals: <none>
Packages: <none>
L'Ecuyer-CMRG RNG seed: <none> (seed = FALSE)
Resolved: TRUE
Value: 56 bytes of class ‘numeric’
Early signaling: FALSE
Owner process: db02c64b-35b8-b5d9-09c8-23003b8ed2a0
Class: ‘SequentialFuture’, ‘UniprocessFuture’, ‘Future’, ‘environment’

> stopifnot(identical(names(fs), c("a")))
> stopifnot(identical(fs$a, f1))
> 
> fsD <- futureOf(envir = x, drop = TRUE)
> print(fsD)
$a
SequentialFuture:
Label: ‘<none>’
Expression:
{
    1
}
Lazy evaluation: FALSE
Asynchronous evaluation: FALSE
Local evaluation: TRUE
Environment: R_GlobalEnv
Capture standard output: TRUE
Capture condition classes: ‘condition’ (excluding ‘nothing’)
Globals: <none>
Packages: <none>
L'Ecuyer-CMRG RNG seed: <none> (seed = FALSE)
Resolved: TRUE
Value: 56 bytes of class ‘numeric’
Early signaling: FALSE
Owner process: db02c64b-35b8-b5d9-09c8-23003b8ed2a0
Class: ‘SequentialFuture’, ‘UniprocessFuture’, ‘Future’, ‘environment’

> stopifnot(all(sapply(fsD, FUN = inherits, "Future")))
> stopifnot(identical(fsD, fs))
> 
> message("*** futureOf() with environment - futures ... DONE")
*** futureOf() with environment - futures ... DONE
> 
> 
> message("*** futureOf() with environment - exceptions ...")
*** futureOf() with environment - exceptions ...
> 
> ## Invalid subset
> res <- tryCatch(futureOf(x[[0]], mustExist = FALSE), error = identity)
> stopifnot(inherits(res, "error"))
> 
> res <- tryCatch(futureOf(x[[0]], mustExist = TRUE), error = identity)
> stopifnot(inherits(res, "error"))
> 
> res <- tryCatch(futureOf(x[[10]], mustExist = TRUE), error = identity)
> stopifnot(inherits(res, "error"))
> 
> res <- tryCatch(futureOf(x[[1 + 2i]], mustExist = TRUE), error = identity)
> stopifnot(inherits(res, "error"))
> 
> message("*** futureOf() with environment - exceptions ... DONE")
*** futureOf() with environment - exceptions ... DONE
> 
> message("*** futureOf() with environment ... DONE")
*** futureOf() with environment ... DONE
> 
> source("incl/end.R")
[09:31:10.107] plan(): Setting new future strategy stack:
[09:31:10.107] List of future strategies:
[09:31:10.107] 1. FutureStrategy:
[09:31:10.107]    - args: function (..., envir = parent.frame(), workers = "<NULL>")
[09:31:10.107]    - tweaked: FALSE
[09:31:10.107]    - call: future::plan(oplan)
[09:31:10.120] plan(): nbrOfWorkers() = 1
> 
