
R version 4.4.0 (2024-04-24) -- "Puppy Cup"
Copyright (C) 2024 The R Foundation for Statistical Computing
Platform: x86_64-pc-linux-gnu

R is free software and comes with ABSOLUTELY NO WARRANTY.
You are welcome to redistribute it under certain conditions.
Type 'license()' or 'licence()' for distribution details.

R is a collaborative project with many contributors.
Type 'contributors()' for more information and
'citation()' on how to cite R or R packages in publications.

Type 'demo()' for some demos, 'help()' for on-line help, or
'help.start()' for an HTML browser interface to help.
Type 'q()' to quit R.

> source("incl/start.R")
[09:31:09.430] plan(): Setting new future strategy stack:
[09:31:09.430] List of future strategies:
[09:31:09.430] 1. sequential:
[09:31:09.430]    - args: function (..., envir = parent.frame(), workers = "<NULL>")
[09:31:09.430]    - tweaked: FALSE
[09:31:09.430]    - call: future::plan("sequential")
[09:31:09.443] plan(): nbrOfWorkers() = 1
> 
> message("*** FutureError class ...")
*** FutureError class ...
> 
> ## Minimal
> ex <- FutureError(message = "Woops")
> print(ex)
<FutureError: Woops>


Future UUID: <NA>
> 
> cond <- tryCatch(message("Woops", appendLF = FALSE), message = identity)
> ex2 <- FutureError(message = cond)
> print(ex2)
<FutureError: Woops>


Future UUID: <NA>
> stopifnot(conditionMessage(ex2) == conditionMessage(ex))
> 
> f <- future({ 42L; stop("woops") })
[09:31:09.456] getGlobalsAndPackages() ...
[09:31:09.456] Searching for globals...
[09:31:09.462] - globals found: [2] ‘{’, ‘stop’
[09:31:09.462] Searching for globals ... DONE
[09:31:09.462] Resolving globals: FALSE
[09:31:09.463] 
[09:31:09.463] 
[09:31:09.463] getGlobalsAndPackages() ... DONE
[09:31:09.463] run() for ‘Future’ ...
[09:31:09.464] - state: ‘created’
[09:31:09.464] - Future backend: ‘FutureStrategy’, ‘sequential’, ‘uniprocess’, ‘future’, ‘function’
[09:31:09.464] - Future class: ‘SequentialFuture’, ‘UniprocessFuture’, ‘Future’, ‘environment’
[09:31:09.464] - Copy elements of temporary ‘SequentialFuture’ to final ‘Future’ object ...
[09:31:09.464]   - Field: ‘label’
[09:31:09.464]   - Field: ‘local’
[09:31:09.465]   - Field: ‘owner’
[09:31:09.465]   - Field: ‘envir’
[09:31:09.465]   - Field: ‘packages’
[09:31:09.465]   - Field: ‘gc’
[09:31:09.465]   - Field: ‘conditions’
[09:31:09.465]   - Field: ‘expr’
[09:31:09.465]   - Field: ‘uuid’
[09:31:09.465]   - Field: ‘seed’
[09:31:09.465]   - Field: ‘version’
[09:31:09.465]   - Field: ‘result’
[09:31:09.465]   - Field: ‘asynchronous’
[09:31:09.466]   - Field: ‘calls’
[09:31:09.466]   - Field: ‘globals’
[09:31:09.466]   - Field: ‘stdout’
[09:31:09.466]   - Field: ‘earlySignal’
[09:31:09.466]   - Field: ‘lazy’
[09:31:09.466]   - Field: ‘state’
[09:31:09.466] - Copy elements of temporary ‘SequentialFuture’ to final ‘Future’ object ... done
[09:31:09.466] - Launch lazy future ...
[09:31:09.467] Packages needed by the future expression (n = 0): <none>
[09:31:09.467] Packages needed by future strategies (n = 0): <none>
[09:31:09.468] {
[09:31:09.468]     {
[09:31:09.468]         {
[09:31:09.468]             ...future.startTime <- base::Sys.time()
[09:31:09.468]             {
[09:31:09.468]                 {
[09:31:09.468]                   {
[09:31:09.468]                     base::local({
[09:31:09.468]                       has_future <- base::requireNamespace("future", 
[09:31:09.468]                         quietly = TRUE)
[09:31:09.468]                       if (has_future) {
[09:31:09.468]                         ns <- base::getNamespace("future")
[09:31:09.468]                         version <- ns[[".package"]][["version"]]
[09:31:09.468]                         if (is.null(version)) 
[09:31:09.468]                           version <- utils::packageVersion("future")
[09:31:09.468]                       }
[09:31:09.468]                       else {
[09:31:09.468]                         version <- NULL
[09:31:09.468]                       }
[09:31:09.468]                       if (!has_future || version < "1.8.0") {
[09:31:09.468]                         info <- base::c(r_version = base::gsub("R version ", 
[09:31:09.468]                           "", base::R.version$version.string), 
[09:31:09.468]                           platform = base::sprintf("%s (%s-bit)", 
[09:31:09.468]                             base::R.version$platform, 8 * base::.Machine$sizeof.pointer), 
[09:31:09.468]                           os = base::paste(base::Sys.info()[base::c("sysname", 
[09:31:09.468]                             "release", "version")], collapse = " "), 
[09:31:09.468]                           hostname = base::Sys.info()[["nodename"]])
[09:31:09.468]                         info <- base::sprintf("%s: %s", base::names(info), 
[09:31:09.468]                           info)
[09:31:09.468]                         info <- base::paste(info, collapse = "; ")
[09:31:09.468]                         if (!has_future) {
[09:31:09.468]                           msg <- base::sprintf("Package 'future' is not installed on worker (%s)", 
[09:31:09.468]                             info)
[09:31:09.468]                         }
[09:31:09.468]                         else {
[09:31:09.468]                           msg <- base::sprintf("Package 'future' on worker (%s) must be of version >= 1.8.0: %s", 
[09:31:09.468]                             info, version)
[09:31:09.468]                         }
[09:31:09.468]                         base::stop(msg)
[09:31:09.468]                       }
[09:31:09.468]                     })
[09:31:09.468]                   }
[09:31:09.468]                   ...future.strategy.old <- future::plan("list")
[09:31:09.468]                   options(future.plan = NULL)
[09:31:09.468]                   Sys.unsetenv("R_FUTURE_PLAN")
[09:31:09.468]                   future::plan("default", .cleanup = FALSE, .init = FALSE)
[09:31:09.468]                 }
[09:31:09.468]                 ...future.workdir <- getwd()
[09:31:09.468]             }
[09:31:09.468]             ...future.oldOptions <- base::as.list(base::.Options)
[09:31:09.468]             ...future.oldEnvVars <- base::Sys.getenv()
[09:31:09.468]         }
[09:31:09.468]         base::options(future.startup.script = FALSE, future.globals.onMissing = NULL, 
[09:31:09.468]             future.globals.maxSize = NULL, future.globals.method = NULL, 
[09:31:09.468]             future.globals.onMissing = NULL, future.globals.onReference = NULL, 
[09:31:09.468]             future.globals.resolve = NULL, future.resolve.recursive = NULL, 
[09:31:09.468]             future.rng.onMisuse = NULL, future.rng.onMisuse.keepFuture = NULL, 
[09:31:09.468]             future.stdout.windows.reencode = NULL, width = 80L)
[09:31:09.468]         ...future.futureOptionsAdded <- base::setdiff(base::names(base::.Options), 
[09:31:09.468]             base::names(...future.oldOptions))
[09:31:09.468]     }
[09:31:09.468]     if (FALSE) {
[09:31:09.468]     }
[09:31:09.468]     else {
[09:31:09.468]         if (TRUE) {
[09:31:09.468]             ...future.stdout <- base::rawConnection(base::raw(0L), 
[09:31:09.468]                 open = "w")
[09:31:09.468]         }
[09:31:09.468]         else {
[09:31:09.468]             ...future.stdout <- base::file(base::switch(.Platform$OS.type, 
[09:31:09.468]                 windows = "NUL", "/dev/null"), open = "w")
[09:31:09.468]         }
[09:31:09.468]         base::sink(...future.stdout, type = "output", split = FALSE)
[09:31:09.468]         base::on.exit(if (!base::is.null(...future.stdout)) {
[09:31:09.468]             base::sink(type = "output", split = FALSE)
[09:31:09.468]             base::close(...future.stdout)
[09:31:09.468]         }, add = TRUE)
[09:31:09.468]     }
[09:31:09.468]     ...future.frame <- base::sys.nframe()
[09:31:09.468]     ...future.conditions <- base::list()
[09:31:09.468]     ...future.rng <- base::globalenv()$.Random.seed
[09:31:09.468]     if (FALSE) {
[09:31:09.468]         ...future.globalenv.names <- c(base::names(base::.GlobalEnv), 
[09:31:09.468]             "...future.value", "...future.globalenv.names", ".Random.seed")
[09:31:09.468]     }
[09:31:09.468]     ...future.result <- base::tryCatch({
[09:31:09.468]         base::withCallingHandlers({
[09:31:09.468]             ...future.value <- base::withVisible(base::local({
[09:31:09.468]                 42L
[09:31:09.468]                 stop("woops")
[09:31:09.468]             }))
[09:31:09.468]             future::FutureResult(value = ...future.value$value, 
[09:31:09.468]                 visible = ...future.value$visible, rng = !identical(base::globalenv()$.Random.seed, 
[09:31:09.468]                   ...future.rng), globalenv = if (FALSE) 
[09:31:09.468]                   list(added = base::setdiff(base::names(base::.GlobalEnv), 
[09:31:09.468]                     ...future.globalenv.names))
[09:31:09.468]                 else NULL, started = ...future.startTime, version = "1.8")
[09:31:09.468]         }, condition = base::local({
[09:31:09.468]             c <- base::c
[09:31:09.468]             inherits <- base::inherits
[09:31:09.468]             invokeRestart <- base::invokeRestart
[09:31:09.468]             length <- base::length
[09:31:09.468]             list <- base::list
[09:31:09.468]             seq.int <- base::seq.int
[09:31:09.468]             signalCondition <- base::signalCondition
[09:31:09.468]             sys.calls <- base::sys.calls
[09:31:09.468]             `[[` <- base::`[[`
[09:31:09.468]             `+` <- base::`+`
[09:31:09.468]             `<<-` <- base::`<<-`
[09:31:09.468]             sysCalls <- function(calls = sys.calls(), from = 1L) {
[09:31:09.468]                 calls[seq.int(from = from + 12L, to = length(calls) - 
[09:31:09.468]                   3L)]
[09:31:09.468]             }
[09:31:09.468]             function(cond) {
[09:31:09.468]                 is_error <- inherits(cond, "error")
[09:31:09.468]                 ignore <- !is_error && !is.null(NULL) && inherits(cond, 
[09:31:09.468]                   NULL)
[09:31:09.468]                 if (is_error) {
[09:31:09.468]                   sessionInformation <- function() {
[09:31:09.468]                     list(r = base::R.Version(), locale = base::Sys.getlocale(), 
[09:31:09.468]                       rngkind = base::RNGkind(), namespaces = base::loadedNamespaces(), 
[09:31:09.468]                       search = base::search(), system = base::Sys.info())
[09:31:09.468]                   }
[09:31:09.468]                   ...future.conditions[[length(...future.conditions) + 
[09:31:09.468]                     1L]] <<- list(condition = cond, calls = c(sysCalls(from = ...future.frame), 
[09:31:09.468]                     cond$call), session = sessionInformation(), 
[09:31:09.468]                     timestamp = base::Sys.time(), signaled = 0L)
[09:31:09.468]                   signalCondition(cond)
[09:31:09.468]                 }
[09:31:09.468]                 else if (!ignore && TRUE && inherits(cond, c("condition", 
[09:31:09.468]                 "immediateCondition"))) {
[09:31:09.468]                   signal <- TRUE && inherits(cond, "immediateCondition")
[09:31:09.468]                   ...future.conditions[[length(...future.conditions) + 
[09:31:09.468]                     1L]] <<- list(condition = cond, signaled = base::as.integer(signal))
[09:31:09.468]                   if (TRUE && !signal) {
[09:31:09.468]                     muffleCondition <- function (cond, pattern = "^muffle") 
[09:31:09.468]                     {
[09:31:09.468]                       inherits <- base::inherits
[09:31:09.468]                       invokeRestart <- base::invokeRestart
[09:31:09.468]                       is.null <- base::is.null
[09:31:09.468]                       muffled <- FALSE
[09:31:09.468]                       if (inherits(cond, "message")) {
[09:31:09.468]                         muffled <- grepl(pattern, "muffleMessage")
[09:31:09.468]                         if (muffled) 
[09:31:09.468]                           invokeRestart("muffleMessage")
[09:31:09.468]                       }
[09:31:09.468]                       else if (inherits(cond, "warning")) {
[09:31:09.468]                         muffled <- grepl(pattern, "muffleWarning")
[09:31:09.468]                         if (muffled) 
[09:31:09.468]                           invokeRestart("muffleWarning")
[09:31:09.468]                       }
[09:31:09.468]                       else if (inherits(cond, "condition")) {
[09:31:09.468]                         if (!is.null(pattern)) {
[09:31:09.468]                           computeRestarts <- base::computeRestarts
[09:31:09.468]                           grepl <- base::grepl
[09:31:09.468]                           restarts <- computeRestarts(cond)
[09:31:09.468]                           for (restart in restarts) {
[09:31:09.468]                             name <- restart$name
[09:31:09.468]                             if (is.null(name)) 
[09:31:09.468]                               next
[09:31:09.468]                             if (!grepl(pattern, name)) 
[09:31:09.468]                               next
[09:31:09.468]                             invokeRestart(restart)
[09:31:09.468]                             muffled <- TRUE
[09:31:09.468]                             break
[09:31:09.468]                           }
[09:31:09.468]                         }
[09:31:09.468]                       }
[09:31:09.468]                       invisible(muffled)
[09:31:09.468]                     }
[09:31:09.468]                     muffleCondition(cond, pattern = "^muffle")
[09:31:09.468]                   }
[09:31:09.468]                 }
[09:31:09.468]                 else {
[09:31:09.468]                   if (TRUE) {
[09:31:09.468]                     muffleCondition <- function (cond, pattern = "^muffle") 
[09:31:09.468]                     {
[09:31:09.468]                       inherits <- base::inherits
[09:31:09.468]                       invokeRestart <- base::invokeRestart
[09:31:09.468]                       is.null <- base::is.null
[09:31:09.468]                       muffled <- FALSE
[09:31:09.468]                       if (inherits(cond, "message")) {
[09:31:09.468]                         muffled <- grepl(pattern, "muffleMessage")
[09:31:09.468]                         if (muffled) 
[09:31:09.468]                           invokeRestart("muffleMessage")
[09:31:09.468]                       }
[09:31:09.468]                       else if (inherits(cond, "warning")) {
[09:31:09.468]                         muffled <- grepl(pattern, "muffleWarning")
[09:31:09.468]                         if (muffled) 
[09:31:09.468]                           invokeRestart("muffleWarning")
[09:31:09.468]                       }
[09:31:09.468]                       else if (inherits(cond, "condition")) {
[09:31:09.468]                         if (!is.null(pattern)) {
[09:31:09.468]                           computeRestarts <- base::computeRestarts
[09:31:09.468]                           grepl <- base::grepl
[09:31:09.468]                           restarts <- computeRestarts(cond)
[09:31:09.468]                           for (restart in restarts) {
[09:31:09.468]                             name <- restart$name
[09:31:09.468]                             if (is.null(name)) 
[09:31:09.468]                               next
[09:31:09.468]                             if (!grepl(pattern, name)) 
[09:31:09.468]                               next
[09:31:09.468]                             invokeRestart(restart)
[09:31:09.468]                             muffled <- TRUE
[09:31:09.468]                             break
[09:31:09.468]                           }
[09:31:09.468]                         }
[09:31:09.468]                       }
[09:31:09.468]                       invisible(muffled)
[09:31:09.468]                     }
[09:31:09.468]                     muffleCondition(cond, pattern = "^muffle")
[09:31:09.468]                   }
[09:31:09.468]                 }
[09:31:09.468]             }
[09:31:09.468]         }))
[09:31:09.468]     }, error = function(ex) {
[09:31:09.468]         base::structure(base::list(value = NULL, visible = NULL, 
[09:31:09.468]             conditions = ...future.conditions, rng = !identical(base::globalenv()$.Random.seed, 
[09:31:09.468]                 ...future.rng), started = ...future.startTime, 
[09:31:09.468]             finished = Sys.time(), session_uuid = NA_character_, 
[09:31:09.468]             version = "1.8"), class = "FutureResult")
[09:31:09.468]     }, finally = {
[09:31:09.468]         if (!identical(...future.workdir, getwd())) 
[09:31:09.468]             setwd(...future.workdir)
[09:31:09.468]         {
[09:31:09.468]             if (identical(getOption("nwarnings"), ...future.oldOptions$nwarnings)) {
[09:31:09.468]                 ...future.oldOptions$nwarnings <- NULL
[09:31:09.468]             }
[09:31:09.468]             base::options(...future.oldOptions)
[09:31:09.468]             if (.Platform$OS.type == "windows") {
[09:31:09.468]                 old_names <- names(...future.oldEnvVars)
[09:31:09.468]                 envs <- base::Sys.getenv()
[09:31:09.468]                 names <- names(envs)
[09:31:09.468]                 common <- intersect(names, old_names)
[09:31:09.468]                 added <- setdiff(names, old_names)
[09:31:09.468]                 removed <- setdiff(old_names, names)
[09:31:09.468]                 changed <- common[...future.oldEnvVars[common] != 
[09:31:09.468]                   envs[common]]
[09:31:09.468]                 NAMES <- toupper(changed)
[09:31:09.468]                 args <- list()
[09:31:09.468]                 for (kk in seq_along(NAMES)) {
[09:31:09.468]                   name <- changed[[kk]]
[09:31:09.468]                   NAME <- NAMES[[kk]]
[09:31:09.468]                   if (name != NAME && is.element(NAME, old_names)) 
[09:31:09.468]                     next
[09:31:09.468]                   args[[name]] <- ...future.oldEnvVars[[name]]
[09:31:09.468]                 }
[09:31:09.468]                 NAMES <- toupper(added)
[09:31:09.468]                 for (kk in seq_along(NAMES)) {
[09:31:09.468]                   name <- added[[kk]]
[09:31:09.468]                   NAME <- NAMES[[kk]]
[09:31:09.468]                   if (name != NAME && is.element(NAME, old_names)) 
[09:31:09.468]                     next
[09:31:09.468]                   args[[name]] <- ""
[09:31:09.468]                 }
[09:31:09.468]                 NAMES <- toupper(removed)
[09:31:09.468]                 for (kk in seq_along(NAMES)) {
[09:31:09.468]                   name <- removed[[kk]]
[09:31:09.468]                   NAME <- NAMES[[kk]]
[09:31:09.468]                   if (name != NAME && is.element(NAME, old_names)) 
[09:31:09.468]                     next
[09:31:09.468]                   args[[name]] <- ...future.oldEnvVars[[name]]
[09:31:09.468]                 }
[09:31:09.468]                 if (length(args) > 0) 
[09:31:09.468]                   base::do.call(base::Sys.setenv, args = args)
[09:31:09.468]                 args <- names <- old_names <- NAMES <- envs <- common <- added <- removed <- NULL
[09:31:09.468]             }
[09:31:09.468]             else {
[09:31:09.468]                 base::do.call(base::Sys.setenv, args = base::as.list(...future.oldEnvVars))
[09:31:09.468]             }
[09:31:09.468]             {
[09:31:09.468]                 if (base::length(...future.futureOptionsAdded) > 
[09:31:09.468]                   0L) {
[09:31:09.468]                   opts <- base::vector("list", length = base::length(...future.futureOptionsAdded))
[09:31:09.468]                   base::names(opts) <- ...future.futureOptionsAdded
[09:31:09.468]                   base::options(opts)
[09:31:09.468]                 }
[09:31:09.468]                 {
[09:31:09.468]                   {
[09:31:09.468]                     NULL
[09:31:09.468]                     RNGkind("Mersenne-Twister")
[09:31:09.468]                     base::rm(list = ".Random.seed", envir = base::globalenv(), 
[09:31:09.468]                       inherits = FALSE)
[09:31:09.468]                   }
[09:31:09.468]                   options(future.plan = NULL)
[09:31:09.468]                   if (is.na(NA_character_)) 
[09:31:09.468]                     Sys.unsetenv("R_FUTURE_PLAN")
[09:31:09.468]                   else Sys.setenv(R_FUTURE_PLAN = NA_character_)
[09:31:09.468]                   future::plan(...future.strategy.old, .cleanup = FALSE, 
[09:31:09.468]                     .init = FALSE)
[09:31:09.468]                 }
[09:31:09.468]             }
[09:31:09.468]         }
[09:31:09.468]     })
[09:31:09.468]     if (TRUE) {
[09:31:09.468]         base::sink(type = "output", split = FALSE)
[09:31:09.468]         if (TRUE) {
[09:31:09.468]             ...future.result$stdout <- base::rawToChar(base::rawConnectionValue(...future.stdout))
[09:31:09.468]         }
[09:31:09.468]         else {
[09:31:09.468]             ...future.result["stdout"] <- base::list(NULL)
[09:31:09.468]         }
[09:31:09.468]         base::close(...future.stdout)
[09:31:09.468]         ...future.stdout <- NULL
[09:31:09.468]     }
[09:31:09.468]     ...future.result$conditions <- ...future.conditions
[09:31:09.468]     ...future.result$finished <- base::Sys.time()
[09:31:09.468]     ...future.result
[09:31:09.468] }
[09:31:09.470] plan(): Setting new future strategy stack:
[09:31:09.470] List of future strategies:
[09:31:09.470] 1. sequential:
[09:31:09.470]    - args: function (..., envir = parent.frame(), workers = "<NULL>")
[09:31:09.470]    - tweaked: FALSE
[09:31:09.470]    - call: NULL
[09:31:09.470] plan(): nbrOfWorkers() = 1
[09:31:09.471] plan(): Setting new future strategy stack:
[09:31:09.471] List of future strategies:
[09:31:09.471] 1. sequential:
[09:31:09.471]    - args: function (..., envir = parent.frame(), workers = "<NULL>")
[09:31:09.471]    - tweaked: FALSE
[09:31:09.471]    - call: future::plan("sequential")
[09:31:09.472] plan(): nbrOfWorkers() = 1
[09:31:09.472] SequentialFuture started (and completed)
[09:31:09.472] signalConditions() ...
[09:31:09.472]  - include = ‘immediateCondition’
[09:31:09.472]  - exclude = 
[09:31:09.472]  - resignal = FALSE
[09:31:09.472]  - Number of conditions: 1
[09:31:09.473] signalConditions() ... done
[09:31:09.473] - Launch lazy future ... done
[09:31:09.473] run() for ‘SequentialFuture’ ... done
> v <- value(f, signal = FALSE)
[09:31:09.473] signalConditions() ...
[09:31:09.473]  - include = ‘immediateCondition’
[09:31:09.473]  - exclude = 
[09:31:09.473]  - resignal = FALSE
[09:31:09.474]  - Number of conditions: 1
[09:31:09.474] signalConditions() ... done
> print(v)
<simpleError in eval(quote({    42L    stop("woops")}), new.env()): woops>
> ex <- FutureError(message = "Woops", future = f)
> print(ex)
<FutureError: Woops>


Future UUID: c85d6f6d-aa80-5480-12f8-6b0a0286be50


DEBUG: BEGIN TROUBLESHOOTING HELP
Future involved:
SequentialFuture:
Label: ‘<none>’
Expression:
{
    42L
    stop("woops")
}
Lazy evaluation: FALSE
Asynchronous evaluation: FALSE
Local evaluation: TRUE
Environment: R_GlobalEnv
Capture standard output: TRUE
Capture condition classes: ‘condition’ (excluding ‘nothing’)
Globals: <none>
Packages: <none>
L'Ecuyer-CMRG RNG seed: <none> (seed = FALSE)
Resolved: TRUE
Value: 0 bytes of class ‘NULL’
Conditions captured: [n=1] ‘simpleError’
Early signaling: FALSE
Owner process: 7e9dca17-d0e5-811f-839d-753b5f5cbc9b
Class: ‘SequentialFuture’, ‘UniprocessFuture’, ‘Future’, ‘environment’

DEBUG: END TROUBLESHOOTING HELP
> 
> message("*** FutureError class ... DONE")
*** FutureError class ... DONE
> 
> source("incl/end.R")
[09:31:09.475] plan(): Setting new future strategy stack:
[09:31:09.475] List of future strategies:
[09:31:09.475] 1. FutureStrategy:
[09:31:09.475]    - args: function (..., envir = parent.frame(), workers = "<NULL>")
[09:31:09.475]    - tweaked: FALSE
[09:31:09.475]    - call: future::plan(oplan)
[09:31:09.489] plan(): nbrOfWorkers() = 1
> 
