
R version 4.4.0 (2024-04-24) -- "Puppy Cup"
Copyright (C) 2024 The R Foundation for Statistical Computing
Platform: x86_64-pc-linux-gnu

R is free software and comes with ABSOLUTELY NO WARRANTY.
You are welcome to redistribute it under certain conditions.
Type 'license()' or 'licence()' for distribution details.

R is a collaborative project with many contributors.
Type 'contributors()' for more information and
'citation()' on how to cite R or R packages in publications.

Type 'demo()' for some demos, 'help()' for on-line help, or
'help.start()' for an HTML browser interface to help.
Type 'q()' to quit R.

> source("incl/start.R")
[09:32:08.578] plan(): Setting new future strategy stack:
[09:32:08.579] List of future strategies:
[09:32:08.579] 1. sequential:
[09:32:08.579]    - args: function (..., envir = parent.frame(), workers = "<NULL>")
[09:32:08.579]    - tweaked: FALSE
[09:32:08.579]    - call: future::plan("sequential")
[09:32:08.590] plan(): nbrOfWorkers() = 1
> 
> message("*** requestCore() ...")
*** requestCore() ...
> 
> message("*** requestCore() - exceptions ...")
*** requestCore() - exceptions ...
> 
> ## There are no cores to choose from
> res <- try(requestCore(function() {}, workers = 0), silent = TRUE)
> stopifnot(inherits(res, "try-error"))
> 
> res <- try(requestCore(function() {}, timeout = -1.0), silent = TRUE)
> stopifnot(inherits(res, "try-error"))
> 
> res <- try(requestCore(function() {}, alpha = 0.0), silent = TRUE)
> stopifnot(inherits(res, "try-error"))
> 
> message("*** requestCore() - exceptions ... DONE")
*** requestCore() - exceptions ... DONE
> 
> 
> if (supportsMulticore()) {
+   message("*** requestCore() - timeout ...")
+   
+   plan(multicore, workers = 2L)
+   a %<-% { Sys.sleep(2); 1 }
+   
+   ## Fake single-worker multicore by using workers = 1L
+   res <- try(requestCore(function() {}, workers = 1L, timeout = 0.5, delta = 0.1))
+   stopifnot(inherits(res, "try-error"))
+   stopifnot(a == 1)
+   
+   message("*** requestCore() - timeout ... DONE")
+ }
*** requestCore() - timeout ...
[09:32:08.609] plan(): Setting new future strategy stack:
[09:32:08.609] List of future strategies:
[09:32:08.609] 1. multicore:
[09:32:08.609]    - args: function (..., workers = 2L, envir = parent.frame())
[09:32:08.609]    - tweaked: TRUE
[09:32:08.609]    - call: plan(multicore, workers = 2L)
[09:32:08.620] plan(): nbrOfWorkers() = 2
[09:32:08.621] getGlobalsAndPackages() ...
[09:32:08.621] Searching for globals...
[09:32:08.627] - globals found: [2] ‘{’, ‘Sys.sleep’
[09:32:08.627] Searching for globals ... DONE
[09:32:08.627] Resolving globals: FALSE
[09:32:08.628] 
[09:32:08.628] 
[09:32:08.628] getGlobalsAndPackages() ... DONE
[09:32:08.629] run() for ‘Future’ ...
[09:32:08.629] - state: ‘created’
[09:32:08.629] - Future backend: ‘FutureStrategy’, ‘tweaked’, ‘multicore’, ‘multiprocess’, ‘future’, ‘function’
[09:32:08.630] - Future class: ‘MulticoreFuture’, ‘MultiprocessFuture’, ‘Future’, ‘environment’
[09:32:08.630] - Copy elements of temporary ‘MulticoreFuture’ to final ‘Future’ object ...
[09:32:08.630]   - Field: ‘label’
[09:32:08.630]   - Field: ‘local’
[09:32:08.630]   - Field: ‘owner’
[09:32:08.630]   - Field: ‘envir’
[09:32:08.630]   - Field: ‘workers’
[09:32:08.630]   - Field: ‘packages’
[09:32:08.630]   - Field: ‘gc’
[09:32:08.630]   - Field: ‘job’
[09:32:08.630]   - Field: ‘conditions’
[09:32:08.631]   - Field: ‘expr’
[09:32:08.631]   - Field: ‘uuid’
[09:32:08.631]   - Field: ‘seed’
[09:32:08.631]   - Field: ‘version’
[09:32:08.631]   - Field: ‘result’
[09:32:08.631]   - Field: ‘asynchronous’
[09:32:08.631]   - Field: ‘calls’
[09:32:08.631]   - Field: ‘globals’
[09:32:08.631]   - Field: ‘stdout’
[09:32:08.631]   - Field: ‘earlySignal’
[09:32:08.631]   - Field: ‘lazy’
[09:32:08.632]   - Field: ‘state’
[09:32:08.632] - Copy elements of temporary ‘MulticoreFuture’ to final ‘Future’ object ... done
[09:32:08.632] - Launch lazy future ...
[09:32:08.633] Packages needed by the future expression (n = 0): <none>
[09:32:08.633] Packages needed by future strategies (n = 0): <none>
[09:32:08.634] {
[09:32:08.634]     {
[09:32:08.634]         {
[09:32:08.634]             ...future.startTime <- base::Sys.time()
[09:32:08.634]             {
[09:32:08.634]                 {
[09:32:08.634]                   {
[09:32:08.634]                     {
[09:32:08.634]                       base::local({
[09:32:08.634]                         has_future <- base::requireNamespace("future", 
[09:32:08.634]                           quietly = TRUE)
[09:32:08.634]                         if (has_future) {
[09:32:08.634]                           ns <- base::getNamespace("future")
[09:32:08.634]                           version <- ns[[".package"]][["version"]]
[09:32:08.634]                           if (is.null(version)) 
[09:32:08.634]                             version <- utils::packageVersion("future")
[09:32:08.634]                         }
[09:32:08.634]                         else {
[09:32:08.634]                           version <- NULL
[09:32:08.634]                         }
[09:32:08.634]                         if (!has_future || version < "1.8.0") {
[09:32:08.634]                           info <- base::c(r_version = base::gsub("R version ", 
[09:32:08.634]                             "", base::R.version$version.string), 
[09:32:08.634]                             platform = base::sprintf("%s (%s-bit)", 
[09:32:08.634]                               base::R.version$platform, 8 * base::.Machine$sizeof.pointer), 
[09:32:08.634]                             os = base::paste(base::Sys.info()[base::c("sysname", 
[09:32:08.634]                               "release", "version")], collapse = " "), 
[09:32:08.634]                             hostname = base::Sys.info()[["nodename"]])
[09:32:08.634]                           info <- base::sprintf("%s: %s", base::names(info), 
[09:32:08.634]                             info)
[09:32:08.634]                           info <- base::paste(info, collapse = "; ")
[09:32:08.634]                           if (!has_future) {
[09:32:08.634]                             msg <- base::sprintf("Package 'future' is not installed on worker (%s)", 
[09:32:08.634]                               info)
[09:32:08.634]                           }
[09:32:08.634]                           else {
[09:32:08.634]                             msg <- base::sprintf("Package 'future' on worker (%s) must be of version >= 1.8.0: %s", 
[09:32:08.634]                               info, version)
[09:32:08.634]                           }
[09:32:08.634]                           base::stop(msg)
[09:32:08.634]                         }
[09:32:08.634]                       })
[09:32:08.634]                     }
[09:32:08.634]                     ...future.mc.cores.old <- base::getOption("mc.cores")
[09:32:08.634]                     base::options(mc.cores = 1L)
[09:32:08.634]                   }
[09:32:08.634]                   ...future.strategy.old <- future::plan("list")
[09:32:08.634]                   options(future.plan = NULL)
[09:32:08.634]                   Sys.unsetenv("R_FUTURE_PLAN")
[09:32:08.634]                   future::plan("default", .cleanup = FALSE, .init = FALSE)
[09:32:08.634]                 }
[09:32:08.634]                 ...future.workdir <- getwd()
[09:32:08.634]             }
[09:32:08.634]             ...future.oldOptions <- base::as.list(base::.Options)
[09:32:08.634]             ...future.oldEnvVars <- base::Sys.getenv()
[09:32:08.634]         }
[09:32:08.634]         base::options(future.startup.script = FALSE, future.globals.onMissing = NULL, 
[09:32:08.634]             future.globals.maxSize = NULL, future.globals.method = NULL, 
[09:32:08.634]             future.globals.onMissing = NULL, future.globals.onReference = NULL, 
[09:32:08.634]             future.globals.resolve = NULL, future.resolve.recursive = NULL, 
[09:32:08.634]             future.rng.onMisuse = NULL, future.rng.onMisuse.keepFuture = NULL, 
[09:32:08.634]             future.stdout.windows.reencode = NULL, width = 80L)
[09:32:08.634]         ...future.futureOptionsAdded <- base::setdiff(base::names(base::.Options), 
[09:32:08.634]             base::names(...future.oldOptions))
[09:32:08.634]     }
[09:32:08.634]     if (FALSE) {
[09:32:08.634]     }
[09:32:08.634]     else {
[09:32:08.634]         if (TRUE) {
[09:32:08.634]             ...future.stdout <- base::rawConnection(base::raw(0L), 
[09:32:08.634]                 open = "w")
[09:32:08.634]         }
[09:32:08.634]         else {
[09:32:08.634]             ...future.stdout <- base::file(base::switch(.Platform$OS.type, 
[09:32:08.634]                 windows = "NUL", "/dev/null"), open = "w")
[09:32:08.634]         }
[09:32:08.634]         base::sink(...future.stdout, type = "output", split = FALSE)
[09:32:08.634]         base::on.exit(if (!base::is.null(...future.stdout)) {
[09:32:08.634]             base::sink(type = "output", split = FALSE)
[09:32:08.634]             base::close(...future.stdout)
[09:32:08.634]         }, add = TRUE)
[09:32:08.634]     }
[09:32:08.634]     ...future.frame <- base::sys.nframe()
[09:32:08.634]     ...future.conditions <- base::list()
[09:32:08.634]     ...future.rng <- base::globalenv()$.Random.seed
[09:32:08.634]     if (FALSE) {
[09:32:08.634]         ...future.globalenv.names <- c(base::names(base::.GlobalEnv), 
[09:32:08.634]             "...future.value", "...future.globalenv.names", ".Random.seed")
[09:32:08.634]     }
[09:32:08.634]     ...future.result <- base::tryCatch({
[09:32:08.634]         base::withCallingHandlers({
[09:32:08.634]             ...future.value <- base::withVisible(base::local({
[09:32:08.634]                 withCallingHandlers({
[09:32:08.634]                   {
[09:32:08.634]                     Sys.sleep(2)
[09:32:08.634]                     1
[09:32:08.634]                   }
[09:32:08.634]                 }, immediateCondition = function(cond) {
[09:32:08.634]                   save_rds <- function (object, pathname, ...) 
[09:32:08.634]                   {
[09:32:08.634]                     pathname_tmp <- sprintf("%s.tmp", pathname)
[09:32:08.634]                     if (file_test("-f", pathname_tmp)) {
[09:32:08.634]                       fi_tmp <- file.info(pathname_tmp)
[09:32:08.634]                       stopf("Cannot save RDS file because a temporary save file already exists: %s (%0.f bytes; last modified on %s)", 
[09:32:08.634]                         sQuote(pathname_tmp), fi_tmp[["size"]], 
[09:32:08.634]                         fi_tmp[["mtime"]])
[09:32:08.634]                     }
[09:32:08.634]                     tryCatch({
[09:32:08.634]                       saveRDS(object, file = pathname_tmp, ...)
[09:32:08.634]                     }, error = function(ex) {
[09:32:08.634]                       msg <- conditionMessage(ex)
[09:32:08.634]                       fi_tmp <- file.info(pathname_tmp)
[09:32:08.634]                       msg <- sprintf("saveRDS() failed to save to temporary file %s (%.0f bytes; last modified on %s). The reason was: %s", 
[09:32:08.634]                         sQuote(pathname_tmp), fi_tmp[["size"]], 
[09:32:08.634]                         fi_tmp[["mtime"]], msg)
[09:32:08.634]                       ex$message <- msg
[09:32:08.634]                       stop(ex)
[09:32:08.634]                     })
[09:32:08.634]                     stopifnot(file_test("-f", pathname_tmp))
[09:32:08.634]                     res <- file.rename(from = pathname_tmp, to = pathname)
[09:32:08.634]                     if (!res || file_test("-f", pathname_tmp)) {
[09:32:08.634]                       fi_tmp <- file.info(pathname_tmp)
[09:32:08.634]                       fi <- file.info(pathname)
[09:32:08.634]                       msg <- sprintf("save_rds() failed to rename temporary save file %s (%0.f bytes; last modified on %s) to %s (%0.f bytes; last modified on %s)", 
[09:32:08.634]                         sQuote(pathname_tmp), fi_tmp[["size"]], 
[09:32:08.634]                         fi_tmp[["mtime"]], sQuote(pathname), 
[09:32:08.634]                         fi[["size"]], fi[["mtime"]])
[09:32:08.634]                       stop(msg)
[09:32:08.634]                     }
[09:32:08.634]                     invisible(pathname)
[09:32:08.634]                   }
[09:32:08.634]                   saveImmediateCondition <- function (cond, path = immediateConditionsPath(rootPath = rootPath), 
[09:32:08.634]                     rootPath = tempdir()) 
[09:32:08.634]                   {
[09:32:08.634]                     obj <- list(time = Sys.time(), condition = cond)
[09:32:08.634]                     file <- tempfile(pattern = class(cond)[1], 
[09:32:08.634]                       tmpdir = path, fileext = ".rds")
[09:32:08.634]                     save_rds(obj, file)
[09:32:08.634]                   }
[09:32:08.634]                   saveImmediateCondition(cond, path = "/tmp/RtmpwLGL8M/.future/immediateConditions")
[09:32:08.634]                   muffleCondition <- function (cond, pattern = "^muffle") 
[09:32:08.634]                   {
[09:32:08.634]                     inherits <- base::inherits
[09:32:08.634]                     invokeRestart <- base::invokeRestart
[09:32:08.634]                     is.null <- base::is.null
[09:32:08.634]                     muffled <- FALSE
[09:32:08.634]                     if (inherits(cond, "message")) {
[09:32:08.634]                       muffled <- grepl(pattern, "muffleMessage")
[09:32:08.634]                       if (muffled) 
[09:32:08.634]                         invokeRestart("muffleMessage")
[09:32:08.634]                     }
[09:32:08.634]                     else if (inherits(cond, "warning")) {
[09:32:08.634]                       muffled <- grepl(pattern, "muffleWarning")
[09:32:08.634]                       if (muffled) 
[09:32:08.634]                         invokeRestart("muffleWarning")
[09:32:08.634]                     }
[09:32:08.634]                     else if (inherits(cond, "condition")) {
[09:32:08.634]                       if (!is.null(pattern)) {
[09:32:08.634]                         computeRestarts <- base::computeRestarts
[09:32:08.634]                         grepl <- base::grepl
[09:32:08.634]                         restarts <- computeRestarts(cond)
[09:32:08.634]                         for (restart in restarts) {
[09:32:08.634]                           name <- restart$name
[09:32:08.634]                           if (is.null(name)) 
[09:32:08.634]                             next
[09:32:08.634]                           if (!grepl(pattern, name)) 
[09:32:08.634]                             next
[09:32:08.634]                           invokeRestart(restart)
[09:32:08.634]                           muffled <- TRUE
[09:32:08.634]                           break
[09:32:08.634]                         }
[09:32:08.634]                       }
[09:32:08.634]                     }
[09:32:08.634]                     invisible(muffled)
[09:32:08.634]                   }
[09:32:08.634]                   muffleCondition(cond)
[09:32:08.634]                 })
[09:32:08.634]             }))
[09:32:08.634]             future::FutureResult(value = ...future.value$value, 
[09:32:08.634]                 visible = ...future.value$visible, rng = !identical(base::globalenv()$.Random.seed, 
[09:32:08.634]                   ...future.rng), globalenv = if (FALSE) 
[09:32:08.634]                   list(added = base::setdiff(base::names(base::.GlobalEnv), 
[09:32:08.634]                     ...future.globalenv.names))
[09:32:08.634]                 else NULL, started = ...future.startTime, version = "1.8")
[09:32:08.634]         }, condition = base::local({
[09:32:08.634]             c <- base::c
[09:32:08.634]             inherits <- base::inherits
[09:32:08.634]             invokeRestart <- base::invokeRestart
[09:32:08.634]             length <- base::length
[09:32:08.634]             list <- base::list
[09:32:08.634]             seq.int <- base::seq.int
[09:32:08.634]             signalCondition <- base::signalCondition
[09:32:08.634]             sys.calls <- base::sys.calls
[09:32:08.634]             `[[` <- base::`[[`
[09:32:08.634]             `+` <- base::`+`
[09:32:08.634]             `<<-` <- base::`<<-`
[09:32:08.634]             sysCalls <- function(calls = sys.calls(), from = 1L) {
[09:32:08.634]                 calls[seq.int(from = from + 12L, to = length(calls) - 
[09:32:08.634]                   3L)]
[09:32:08.634]             }
[09:32:08.634]             function(cond) {
[09:32:08.634]                 is_error <- inherits(cond, "error")
[09:32:08.634]                 ignore <- !is_error && !is.null(NULL) && inherits(cond, 
[09:32:08.634]                   NULL)
[09:32:08.634]                 if (is_error) {
[09:32:08.634]                   sessionInformation <- function() {
[09:32:08.634]                     list(r = base::R.Version(), locale = base::Sys.getlocale(), 
[09:32:08.634]                       rngkind = base::RNGkind(), namespaces = base::loadedNamespaces(), 
[09:32:08.634]                       search = base::search(), system = base::Sys.info())
[09:32:08.634]                   }
[09:32:08.634]                   ...future.conditions[[length(...future.conditions) + 
[09:32:08.634]                     1L]] <<- list(condition = cond, calls = c(sysCalls(from = ...future.frame), 
[09:32:08.634]                     cond$call), session = sessionInformation(), 
[09:32:08.634]                     timestamp = base::Sys.time(), signaled = 0L)
[09:32:08.634]                   signalCondition(cond)
[09:32:08.634]                 }
[09:32:08.634]                 else if (!ignore && TRUE && inherits(cond, c("condition", 
[09:32:08.634]                 "immediateCondition"))) {
[09:32:08.634]                   signal <- TRUE && inherits(cond, "immediateCondition")
[09:32:08.634]                   ...future.conditions[[length(...future.conditions) + 
[09:32:08.634]                     1L]] <<- list(condition = cond, signaled = base::as.integer(signal))
[09:32:08.634]                   if (TRUE && !signal) {
[09:32:08.634]                     muffleCondition <- function (cond, pattern = "^muffle") 
[09:32:08.634]                     {
[09:32:08.634]                       inherits <- base::inherits
[09:32:08.634]                       invokeRestart <- base::invokeRestart
[09:32:08.634]                       is.null <- base::is.null
[09:32:08.634]                       muffled <- FALSE
[09:32:08.634]                       if (inherits(cond, "message")) {
[09:32:08.634]                         muffled <- grepl(pattern, "muffleMessage")
[09:32:08.634]                         if (muffled) 
[09:32:08.634]                           invokeRestart("muffleMessage")
[09:32:08.634]                       }
[09:32:08.634]                       else if (inherits(cond, "warning")) {
[09:32:08.634]                         muffled <- grepl(pattern, "muffleWarning")
[09:32:08.634]                         if (muffled) 
[09:32:08.634]                           invokeRestart("muffleWarning")
[09:32:08.634]                       }
[09:32:08.634]                       else if (inherits(cond, "condition")) {
[09:32:08.634]                         if (!is.null(pattern)) {
[09:32:08.634]                           computeRestarts <- base::computeRestarts
[09:32:08.634]                           grepl <- base::grepl
[09:32:08.634]                           restarts <- computeRestarts(cond)
[09:32:08.634]                           for (restart in restarts) {
[09:32:08.634]                             name <- restart$name
[09:32:08.634]                             if (is.null(name)) 
[09:32:08.634]                               next
[09:32:08.634]                             if (!grepl(pattern, name)) 
[09:32:08.634]                               next
[09:32:08.634]                             invokeRestart(restart)
[09:32:08.634]                             muffled <- TRUE
[09:32:08.634]                             break
[09:32:08.634]                           }
[09:32:08.634]                         }
[09:32:08.634]                       }
[09:32:08.634]                       invisible(muffled)
[09:32:08.634]                     }
[09:32:08.634]                     muffleCondition(cond, pattern = "^muffle")
[09:32:08.634]                   }
[09:32:08.634]                 }
[09:32:08.634]                 else {
[09:32:08.634]                   if (TRUE) {
[09:32:08.634]                     muffleCondition <- function (cond, pattern = "^muffle") 
[09:32:08.634]                     {
[09:32:08.634]                       inherits <- base::inherits
[09:32:08.634]                       invokeRestart <- base::invokeRestart
[09:32:08.634]                       is.null <- base::is.null
[09:32:08.634]                       muffled <- FALSE
[09:32:08.634]                       if (inherits(cond, "message")) {
[09:32:08.634]                         muffled <- grepl(pattern, "muffleMessage")
[09:32:08.634]                         if (muffled) 
[09:32:08.634]                           invokeRestart("muffleMessage")
[09:32:08.634]                       }
[09:32:08.634]                       else if (inherits(cond, "warning")) {
[09:32:08.634]                         muffled <- grepl(pattern, "muffleWarning")
[09:32:08.634]                         if (muffled) 
[09:32:08.634]                           invokeRestart("muffleWarning")
[09:32:08.634]                       }
[09:32:08.634]                       else if (inherits(cond, "condition")) {
[09:32:08.634]                         if (!is.null(pattern)) {
[09:32:08.634]                           computeRestarts <- base::computeRestarts
[09:32:08.634]                           grepl <- base::grepl
[09:32:08.634]                           restarts <- computeRestarts(cond)
[09:32:08.634]                           for (restart in restarts) {
[09:32:08.634]                             name <- restart$name
[09:32:08.634]                             if (is.null(name)) 
[09:32:08.634]                               next
[09:32:08.634]                             if (!grepl(pattern, name)) 
[09:32:08.634]                               next
[09:32:08.634]                             invokeRestart(restart)
[09:32:08.634]                             muffled <- TRUE
[09:32:08.634]                             break
[09:32:08.634]                           }
[09:32:08.634]                         }
[09:32:08.634]                       }
[09:32:08.634]                       invisible(muffled)
[09:32:08.634]                     }
[09:32:08.634]                     muffleCondition(cond, pattern = "^muffle")
[09:32:08.634]                   }
[09:32:08.634]                 }
[09:32:08.634]             }
[09:32:08.634]         }))
[09:32:08.634]     }, error = function(ex) {
[09:32:08.634]         base::structure(base::list(value = NULL, visible = NULL, 
[09:32:08.634]             conditions = ...future.conditions, rng = !identical(base::globalenv()$.Random.seed, 
[09:32:08.634]                 ...future.rng), started = ...future.startTime, 
[09:32:08.634]             finished = Sys.time(), session_uuid = NA_character_, 
[09:32:08.634]             version = "1.8"), class = "FutureResult")
[09:32:08.634]     }, finally = {
[09:32:08.634]         if (!identical(...future.workdir, getwd())) 
[09:32:08.634]             setwd(...future.workdir)
[09:32:08.634]         {
[09:32:08.634]             if (identical(getOption("nwarnings"), ...future.oldOptions$nwarnings)) {
[09:32:08.634]                 ...future.oldOptions$nwarnings <- NULL
[09:32:08.634]             }
[09:32:08.634]             base::options(...future.oldOptions)
[09:32:08.634]             if (.Platform$OS.type == "windows") {
[09:32:08.634]                 old_names <- names(...future.oldEnvVars)
[09:32:08.634]                 envs <- base::Sys.getenv()
[09:32:08.634]                 names <- names(envs)
[09:32:08.634]                 common <- intersect(names, old_names)
[09:32:08.634]                 added <- setdiff(names, old_names)
[09:32:08.634]                 removed <- setdiff(old_names, names)
[09:32:08.634]                 changed <- common[...future.oldEnvVars[common] != 
[09:32:08.634]                   envs[common]]
[09:32:08.634]                 NAMES <- toupper(changed)
[09:32:08.634]                 args <- list()
[09:32:08.634]                 for (kk in seq_along(NAMES)) {
[09:32:08.634]                   name <- changed[[kk]]
[09:32:08.634]                   NAME <- NAMES[[kk]]
[09:32:08.634]                   if (name != NAME && is.element(NAME, old_names)) 
[09:32:08.634]                     next
[09:32:08.634]                   args[[name]] <- ...future.oldEnvVars[[name]]
[09:32:08.634]                 }
[09:32:08.634]                 NAMES <- toupper(added)
[09:32:08.634]                 for (kk in seq_along(NAMES)) {
[09:32:08.634]                   name <- added[[kk]]
[09:32:08.634]                   NAME <- NAMES[[kk]]
[09:32:08.634]                   if (name != NAME && is.element(NAME, old_names)) 
[09:32:08.634]                     next
[09:32:08.634]                   args[[name]] <- ""
[09:32:08.634]                 }
[09:32:08.634]                 NAMES <- toupper(removed)
[09:32:08.634]                 for (kk in seq_along(NAMES)) {
[09:32:08.634]                   name <- removed[[kk]]
[09:32:08.634]                   NAME <- NAMES[[kk]]
[09:32:08.634]                   if (name != NAME && is.element(NAME, old_names)) 
[09:32:08.634]                     next
[09:32:08.634]                   args[[name]] <- ...future.oldEnvVars[[name]]
[09:32:08.634]                 }
[09:32:08.634]                 if (length(args) > 0) 
[09:32:08.634]                   base::do.call(base::Sys.setenv, args = args)
[09:32:08.634]                 args <- names <- old_names <- NAMES <- envs <- common <- added <- removed <- NULL
[09:32:08.634]             }
[09:32:08.634]             else {
[09:32:08.634]                 base::do.call(base::Sys.setenv, args = base::as.list(...future.oldEnvVars))
[09:32:08.634]             }
[09:32:08.634]             {
[09:32:08.634]                 if (base::length(...future.futureOptionsAdded) > 
[09:32:08.634]                   0L) {
[09:32:08.634]                   opts <- base::vector("list", length = base::length(...future.futureOptionsAdded))
[09:32:08.634]                   base::names(opts) <- ...future.futureOptionsAdded
[09:32:08.634]                   base::options(opts)
[09:32:08.634]                 }
[09:32:08.634]                 {
[09:32:08.634]                   {
[09:32:08.634]                     base::options(mc.cores = ...future.mc.cores.old)
[09:32:08.634]                     NULL
[09:32:08.634]                   }
[09:32:08.634]                   options(future.plan = NULL)
[09:32:08.634]                   if (is.na(NA_character_)) 
[09:32:08.634]                     Sys.unsetenv("R_FUTURE_PLAN")
[09:32:08.634]                   else Sys.setenv(R_FUTURE_PLAN = NA_character_)
[09:32:08.634]                   future::plan(...future.strategy.old, .cleanup = FALSE, 
[09:32:08.634]                     .init = FALSE)
[09:32:08.634]                 }
[09:32:08.634]             }
[09:32:08.634]         }
[09:32:08.634]     })
[09:32:08.634]     if (TRUE) {
[09:32:08.634]         base::sink(type = "output", split = FALSE)
[09:32:08.634]         if (TRUE) {
[09:32:08.634]             ...future.result$stdout <- base::rawToChar(base::rawConnectionValue(...future.stdout))
[09:32:08.634]         }
[09:32:08.634]         else {
[09:32:08.634]             ...future.result["stdout"] <- base::list(NULL)
[09:32:08.634]         }
[09:32:08.634]         base::close(...future.stdout)
[09:32:08.634]         ...future.stdout <- NULL
[09:32:08.634]     }
[09:32:08.634]     ...future.result$conditions <- ...future.conditions
[09:32:08.634]     ...future.result$finished <- base::Sys.time()
[09:32:08.634]     ...future.result
[09:32:08.634] }
[09:32:08.636] requestCore(): workers = 2
[09:32:08.639] MulticoreFuture started
[09:32:08.640] - Launch lazy future ... done
[09:32:08.649] run() for ‘MulticoreFuture’ ... done
[09:32:08.649] plan(): Setting new future strategy stack:
[09:32:08.650] requestCore(): workers = 1
[09:32:08.650] List of future strategies:
[09:32:08.650] 1. sequential:
[09:32:08.650]    - args: function (..., envir = parent.frame(), workers = "<NULL>")
[09:32:08.650]    - tweaked: FALSE
[09:32:08.650]    - call: NULL
[09:32:08.650] plan(): nbrOfWorkers() = 1
[09:32:08.650] Poll #1 (0): usedCores() = 1, workers = 1
[09:32:08.753] Poll #2 (0.1 secs): usedCores() = 1, workers = 1
[09:32:08.856] Poll #3 (0.21 secs): usedCores() = 1, workers = 1
[09:32:08.959] Poll #4 (0.31 secs): usedCores() = 1, workers = 1
[09:32:09.063] Poll #5 (0.41 secs): usedCores() = 1, workers = 1
[09:32:09.167] TIMEOUT: All 1 cores are still occupied after 0.52 secs (polled 6 times)
Error in requestCore(function() { : 
  TIMEOUT: All 1 cores are still occupied after 0.52 secs (polled 6 times)
[09:32:09.169] result() for MulticoreFuture ...
[09:32:10.655] plan(): Setting new future strategy stack:
[09:32:10.655] List of future strategies:
[09:32:10.655] 1. multicore:
[09:32:10.655]    - args: function (..., workers = 2L, envir = parent.frame())
[09:32:10.655]    - tweaked: TRUE
[09:32:10.655]    - call: plan(multicore, workers = 2L)
[09:32:10.656] plan(): nbrOfWorkers() = 2
[09:32:10.660] result() for MulticoreFuture ...
[09:32:10.661] result() for MulticoreFuture ... done
[09:32:10.661] result() for MulticoreFuture ... done
[09:32:10.661] result() for MulticoreFuture ...
[09:32:10.661] result() for MulticoreFuture ... done
*** requestCore() - timeout ... DONE
> 
> message("*** requestCore() ... DONE")
*** requestCore() ... DONE
> 
> source("incl/end.R")
[09:32:10.662] plan(): Setting new future strategy stack:
[09:32:10.662] List of future strategies:
[09:32:10.662] 1. FutureStrategy:
[09:32:10.662]    - args: function (..., envir = parent.frame(), workers = "<NULL>")
[09:32:10.662]    - tweaked: FALSE
[09:32:10.662]    - call: future::plan(oplan)
[09:32:10.663] plan(): nbrOfWorkers() = 1
> 
