
R version 4.4.0 (2024-04-24) -- "Puppy Cup"
Copyright (C) 2024 The R Foundation for Statistical Computing
Platform: x86_64-pc-linux-gnu

R is free software and comes with ABSOLUTELY NO WARRANTY.
You are welcome to redistribute it under certain conditions.
Type 'license()' or 'licence()' for distribution details.

R is a collaborative project with many contributors.
Type 'contributors()' for more information and
'citation()' on how to cite R or R packages in publications.

Type 'demo()' for some demos, 'help()' for on-line help, or
'help.start()' for an HTML browser interface to help.
Type 'q()' to quit R.

> source("incl/start.R")
[09:33:01.267] plan(): Setting new future strategy stack:
[09:33:01.267] List of future strategies:
[09:33:01.267] 1. sequential:
[09:33:01.267]    - args: function (..., envir = parent.frame(), workers = "<NULL>")
[09:33:01.267]    - tweaked: FALSE
[09:33:01.267]    - call: future::plan("sequential")
[09:33:01.278] plan(): nbrOfWorkers() = 1
> 
> message("*** sequential() ...")
*** sequential() ...
> 
> message("- sequential() w/ required packages ...")
- sequential() w/ required packages ...
> 
> f <- future(median(1:3), lazy = TRUE)
[09:33:01.291] getGlobalsAndPackages() ...
[09:33:01.291] Searching for globals...
[09:33:01.294] - globals found: [2] ‘median’, ‘:’
[09:33:01.294] Searching for globals ... DONE
[09:33:01.294] Resolving globals: FALSE
[09:33:01.295] 
[09:33:01.295] - packages: [1] ‘stats’
[09:33:01.295] getGlobalsAndPackages() ... DONE
> print(f)
Future:
Label: ‘<none>’
Expression:
median(1:3)
Lazy evaluation: TRUE
Asynchronous evaluation: TRUE
Local evaluation: TRUE
Environment: R_GlobalEnv
Capture standard output: TRUE
Capture condition classes: ‘condition’ (excluding ‘nothing’)
Globals: <none>
Packages: 1 packages (‘stats’)
L'Ecuyer-CMRG RNG seed: <none> (seed = FALSE)
Resolved: FALSE
Value: <not collected>
Conditions captured: <none>
Early signaling: FALSE
Owner process: 1bdf51b6-2f5b-c0c4-eeae-3995981b8723
Class: ‘Future’, ‘environment’
> 
> ## Doesn't work if covr that depends on stats is loaded
> try(unloadNamespace("stats"))
> 
> v <- value(f)
[09:33:01.298] run() for ‘Future’ ...
[09:33:01.298] - state: ‘created’
[09:33:01.298] - Future backend: ‘FutureStrategy’, ‘sequential’, ‘uniprocess’, ‘future’, ‘function’
[09:33:01.298] - Future class: ‘SequentialFuture’, ‘UniprocessFuture’, ‘Future’, ‘environment’
[09:33:01.299] - Copy elements of temporary ‘SequentialFuture’ to final ‘Future’ object ...
[09:33:01.299]   - Field: ‘label’
[09:33:01.299]   - Field: ‘local’
[09:33:01.299]   - Field: ‘owner’
[09:33:01.299]   - Field: ‘envir’
[09:33:01.299]   - Field: ‘packages’
[09:33:01.299]   - Field: ‘gc’
[09:33:01.299]   - Field: ‘conditions’
[09:33:01.299]   - Field: ‘expr’
[09:33:01.299]   - Field: ‘uuid’
[09:33:01.300]   - Field: ‘seed’
[09:33:01.300]   - Field: ‘version’
[09:33:01.300]   - Field: ‘result’
[09:33:01.300]   - Field: ‘asynchronous’
[09:33:01.300]   - Field: ‘calls’
[09:33:01.300]   - Field: ‘globals’
[09:33:01.300]   - Field: ‘stdout’
[09:33:01.300]   - Field: ‘earlySignal’
[09:33:01.300]   - Field: ‘lazy’
[09:33:01.300]   - Field: ‘state’
[09:33:01.300] - Copy elements of temporary ‘SequentialFuture’ to final ‘Future’ object ... done
[09:33:01.301] - Launch lazy future ...
[09:33:01.301] Packages needed by the future expression (n = 1): ‘stats’
[09:33:01.301] Packages needed by future strategies (n = 0): <none>
[09:33:01.342] {
[09:33:01.342]     {
[09:33:01.342]         {
[09:33:01.342]             ...future.startTime <- base::Sys.time()
[09:33:01.342]             {
[09:33:01.342]                 {
[09:33:01.342]                   {
[09:33:01.342]                     {
[09:33:01.342]                       base::local({
[09:33:01.342]                         has_future <- base::requireNamespace("future", 
[09:33:01.342]                           quietly = TRUE)
[09:33:01.342]                         if (has_future) {
[09:33:01.342]                           ns <- base::getNamespace("future")
[09:33:01.342]                           version <- ns[[".package"]][["version"]]
[09:33:01.342]                           if (is.null(version)) 
[09:33:01.342]                             version <- utils::packageVersion("future")
[09:33:01.342]                         }
[09:33:01.342]                         else {
[09:33:01.342]                           version <- NULL
[09:33:01.342]                         }
[09:33:01.342]                         if (!has_future || version < "1.8.0") {
[09:33:01.342]                           info <- base::c(r_version = base::gsub("R version ", 
[09:33:01.342]                             "", base::R.version$version.string), 
[09:33:01.342]                             platform = base::sprintf("%s (%s-bit)", 
[09:33:01.342]                               base::R.version$platform, 8 * base::.Machine$sizeof.pointer), 
[09:33:01.342]                             os = base::paste(base::Sys.info()[base::c("sysname", 
[09:33:01.342]                               "release", "version")], collapse = " "), 
[09:33:01.342]                             hostname = base::Sys.info()[["nodename"]])
[09:33:01.342]                           info <- base::sprintf("%s: %s", base::names(info), 
[09:33:01.342]                             info)
[09:33:01.342]                           info <- base::paste(info, collapse = "; ")
[09:33:01.342]                           if (!has_future) {
[09:33:01.342]                             msg <- base::sprintf("Package 'future' is not installed on worker (%s)", 
[09:33:01.342]                               info)
[09:33:01.342]                           }
[09:33:01.342]                           else {
[09:33:01.342]                             msg <- base::sprintf("Package 'future' on worker (%s) must be of version >= 1.8.0: %s", 
[09:33:01.342]                               info, version)
[09:33:01.342]                           }
[09:33:01.342]                           base::stop(msg)
[09:33:01.342]                         }
[09:33:01.342]                       })
[09:33:01.342]                     }
[09:33:01.342]                     base::local({
[09:33:01.342]                       for (pkg in "stats") {
[09:33:01.342]                         base::loadNamespace(pkg)
[09:33:01.342]                         base::library(pkg, character.only = TRUE)
[09:33:01.342]                       }
[09:33:01.342]                     })
[09:33:01.342]                   }
[09:33:01.342]                   ...future.strategy.old <- future::plan("list")
[09:33:01.342]                   options(future.plan = NULL)
[09:33:01.342]                   Sys.unsetenv("R_FUTURE_PLAN")
[09:33:01.342]                   future::plan("default", .cleanup = FALSE, .init = FALSE)
[09:33:01.342]                 }
[09:33:01.342]                 ...future.workdir <- getwd()
[09:33:01.342]             }
[09:33:01.342]             ...future.oldOptions <- base::as.list(base::.Options)
[09:33:01.342]             ...future.oldEnvVars <- base::Sys.getenv()
[09:33:01.342]         }
[09:33:01.342]         base::options(future.startup.script = FALSE, future.globals.onMissing = NULL, 
[09:33:01.342]             future.globals.maxSize = NULL, future.globals.method = NULL, 
[09:33:01.342]             future.globals.onMissing = NULL, future.globals.onReference = NULL, 
[09:33:01.342]             future.globals.resolve = NULL, future.resolve.recursive = NULL, 
[09:33:01.342]             future.rng.onMisuse = NULL, future.rng.onMisuse.keepFuture = NULL, 
[09:33:01.342]             future.stdout.windows.reencode = NULL, width = 80L)
[09:33:01.342]         ...future.futureOptionsAdded <- base::setdiff(base::names(base::.Options), 
[09:33:01.342]             base::names(...future.oldOptions))
[09:33:01.342]     }
[09:33:01.342]     if (FALSE) {
[09:33:01.342]     }
[09:33:01.342]     else {
[09:33:01.342]         if (TRUE) {
[09:33:01.342]             ...future.stdout <- base::rawConnection(base::raw(0L), 
[09:33:01.342]                 open = "w")
[09:33:01.342]         }
[09:33:01.342]         else {
[09:33:01.342]             ...future.stdout <- base::file(base::switch(.Platform$OS.type, 
[09:33:01.342]                 windows = "NUL", "/dev/null"), open = "w")
[09:33:01.342]         }
[09:33:01.342]         base::sink(...future.stdout, type = "output", split = FALSE)
[09:33:01.342]         base::on.exit(if (!base::is.null(...future.stdout)) {
[09:33:01.342]             base::sink(type = "output", split = FALSE)
[09:33:01.342]             base::close(...future.stdout)
[09:33:01.342]         }, add = TRUE)
[09:33:01.342]     }
[09:33:01.342]     ...future.frame <- base::sys.nframe()
[09:33:01.342]     ...future.conditions <- base::list()
[09:33:01.342]     ...future.rng <- base::globalenv()$.Random.seed
[09:33:01.342]     if (FALSE) {
[09:33:01.342]         ...future.globalenv.names <- c(base::names(base::.GlobalEnv), 
[09:33:01.342]             "...future.value", "...future.globalenv.names", ".Random.seed")
[09:33:01.342]     }
[09:33:01.342]     ...future.result <- base::tryCatch({
[09:33:01.342]         base::withCallingHandlers({
[09:33:01.342]             ...future.value <- base::withVisible(base::local(median(1:3)))
[09:33:01.342]             future::FutureResult(value = ...future.value$value, 
[09:33:01.342]                 visible = ...future.value$visible, rng = !identical(base::globalenv()$.Random.seed, 
[09:33:01.342]                   ...future.rng), globalenv = if (FALSE) 
[09:33:01.342]                   list(added = base::setdiff(base::names(base::.GlobalEnv), 
[09:33:01.342]                     ...future.globalenv.names))
[09:33:01.342]                 else NULL, started = ...future.startTime, version = "1.8")
[09:33:01.342]         }, condition = base::local({
[09:33:01.342]             c <- base::c
[09:33:01.342]             inherits <- base::inherits
[09:33:01.342]             invokeRestart <- base::invokeRestart
[09:33:01.342]             length <- base::length
[09:33:01.342]             list <- base::list
[09:33:01.342]             seq.int <- base::seq.int
[09:33:01.342]             signalCondition <- base::signalCondition
[09:33:01.342]             sys.calls <- base::sys.calls
[09:33:01.342]             `[[` <- base::`[[`
[09:33:01.342]             `+` <- base::`+`
[09:33:01.342]             `<<-` <- base::`<<-`
[09:33:01.342]             sysCalls <- function(calls = sys.calls(), from = 1L) {
[09:33:01.342]                 calls[seq.int(from = from + 12L, to = length(calls) - 
[09:33:01.342]                   3L)]
[09:33:01.342]             }
[09:33:01.342]             function(cond) {
[09:33:01.342]                 is_error <- inherits(cond, "error")
[09:33:01.342]                 ignore <- !is_error && !is.null(NULL) && inherits(cond, 
[09:33:01.342]                   NULL)
[09:33:01.342]                 if (is_error) {
[09:33:01.342]                   sessionInformation <- function() {
[09:33:01.342]                     list(r = base::R.Version(), locale = base::Sys.getlocale(), 
[09:33:01.342]                       rngkind = base::RNGkind(), namespaces = base::loadedNamespaces(), 
[09:33:01.342]                       search = base::search(), system = base::Sys.info())
[09:33:01.342]                   }
[09:33:01.342]                   ...future.conditions[[length(...future.conditions) + 
[09:33:01.342]                     1L]] <<- list(condition = cond, calls = c(sysCalls(from = ...future.frame), 
[09:33:01.342]                     cond$call), session = sessionInformation(), 
[09:33:01.342]                     timestamp = base::Sys.time(), signaled = 0L)
[09:33:01.342]                   signalCondition(cond)
[09:33:01.342]                 }
[09:33:01.342]                 else if (!ignore && TRUE && inherits(cond, c("condition", 
[09:33:01.342]                 "immediateCondition"))) {
[09:33:01.342]                   signal <- TRUE && inherits(cond, "immediateCondition")
[09:33:01.342]                   ...future.conditions[[length(...future.conditions) + 
[09:33:01.342]                     1L]] <<- list(condition = cond, signaled = base::as.integer(signal))
[09:33:01.342]                   if (TRUE && !signal) {
[09:33:01.342]                     muffleCondition <- function (cond, pattern = "^muffle") 
[09:33:01.342]                     {
[09:33:01.342]                       inherits <- base::inherits
[09:33:01.342]                       invokeRestart <- base::invokeRestart
[09:33:01.342]                       is.null <- base::is.null
[09:33:01.342]                       muffled <- FALSE
[09:33:01.342]                       if (inherits(cond, "message")) {
[09:33:01.342]                         muffled <- grepl(pattern, "muffleMessage")
[09:33:01.342]                         if (muffled) 
[09:33:01.342]                           invokeRestart("muffleMessage")
[09:33:01.342]                       }
[09:33:01.342]                       else if (inherits(cond, "warning")) {
[09:33:01.342]                         muffled <- grepl(pattern, "muffleWarning")
[09:33:01.342]                         if (muffled) 
[09:33:01.342]                           invokeRestart("muffleWarning")
[09:33:01.342]                       }
[09:33:01.342]                       else if (inherits(cond, "condition")) {
[09:33:01.342]                         if (!is.null(pattern)) {
[09:33:01.342]                           computeRestarts <- base::computeRestarts
[09:33:01.342]                           grepl <- base::grepl
[09:33:01.342]                           restarts <- computeRestarts(cond)
[09:33:01.342]                           for (restart in restarts) {
[09:33:01.342]                             name <- restart$name
[09:33:01.342]                             if (is.null(name)) 
[09:33:01.342]                               next
[09:33:01.342]                             if (!grepl(pattern, name)) 
[09:33:01.342]                               next
[09:33:01.342]                             invokeRestart(restart)
[09:33:01.342]                             muffled <- TRUE
[09:33:01.342]                             break
[09:33:01.342]                           }
[09:33:01.342]                         }
[09:33:01.342]                       }
[09:33:01.342]                       invisible(muffled)
[09:33:01.342]                     }
[09:33:01.342]                     muffleCondition(cond, pattern = "^muffle")
[09:33:01.342]                   }
[09:33:01.342]                 }
[09:33:01.342]                 else {
[09:33:01.342]                   if (TRUE) {
[09:33:01.342]                     muffleCondition <- function (cond, pattern = "^muffle") 
[09:33:01.342]                     {
[09:33:01.342]                       inherits <- base::inherits
[09:33:01.342]                       invokeRestart <- base::invokeRestart
[09:33:01.342]                       is.null <- base::is.null
[09:33:01.342]                       muffled <- FALSE
[09:33:01.342]                       if (inherits(cond, "message")) {
[09:33:01.342]                         muffled <- grepl(pattern, "muffleMessage")
[09:33:01.342]                         if (muffled) 
[09:33:01.342]                           invokeRestart("muffleMessage")
[09:33:01.342]                       }
[09:33:01.342]                       else if (inherits(cond, "warning")) {
[09:33:01.342]                         muffled <- grepl(pattern, "muffleWarning")
[09:33:01.342]                         if (muffled) 
[09:33:01.342]                           invokeRestart("muffleWarning")
[09:33:01.342]                       }
[09:33:01.342]                       else if (inherits(cond, "condition")) {
[09:33:01.342]                         if (!is.null(pattern)) {
[09:33:01.342]                           computeRestarts <- base::computeRestarts
[09:33:01.342]                           grepl <- base::grepl
[09:33:01.342]                           restarts <- computeRestarts(cond)
[09:33:01.342]                           for (restart in restarts) {
[09:33:01.342]                             name <- restart$name
[09:33:01.342]                             if (is.null(name)) 
[09:33:01.342]                               next
[09:33:01.342]                             if (!grepl(pattern, name)) 
[09:33:01.342]                               next
[09:33:01.342]                             invokeRestart(restart)
[09:33:01.342]                             muffled <- TRUE
[09:33:01.342]                             break
[09:33:01.342]                           }
[09:33:01.342]                         }
[09:33:01.342]                       }
[09:33:01.342]                       invisible(muffled)
[09:33:01.342]                     }
[09:33:01.342]                     muffleCondition(cond, pattern = "^muffle")
[09:33:01.342]                   }
[09:33:01.342]                 }
[09:33:01.342]             }
[09:33:01.342]         }))
[09:33:01.342]     }, error = function(ex) {
[09:33:01.342]         base::structure(base::list(value = NULL, visible = NULL, 
[09:33:01.342]             conditions = ...future.conditions, rng = !identical(base::globalenv()$.Random.seed, 
[09:33:01.342]                 ...future.rng), started = ...future.startTime, 
[09:33:01.342]             finished = Sys.time(), session_uuid = NA_character_, 
[09:33:01.342]             version = "1.8"), class = "FutureResult")
[09:33:01.342]     }, finally = {
[09:33:01.342]         if (!identical(...future.workdir, getwd())) 
[09:33:01.342]             setwd(...future.workdir)
[09:33:01.342]         {
[09:33:01.342]             if (identical(getOption("nwarnings"), ...future.oldOptions$nwarnings)) {
[09:33:01.342]                 ...future.oldOptions$nwarnings <- NULL
[09:33:01.342]             }
[09:33:01.342]             base::options(...future.oldOptions)
[09:33:01.342]             if (.Platform$OS.type == "windows") {
[09:33:01.342]                 old_names <- names(...future.oldEnvVars)
[09:33:01.342]                 envs <- base::Sys.getenv()
[09:33:01.342]                 names <- names(envs)
[09:33:01.342]                 common <- intersect(names, old_names)
[09:33:01.342]                 added <- setdiff(names, old_names)
[09:33:01.342]                 removed <- setdiff(old_names, names)
[09:33:01.342]                 changed <- common[...future.oldEnvVars[common] != 
[09:33:01.342]                   envs[common]]
[09:33:01.342]                 NAMES <- toupper(changed)
[09:33:01.342]                 args <- list()
[09:33:01.342]                 for (kk in seq_along(NAMES)) {
[09:33:01.342]                   name <- changed[[kk]]
[09:33:01.342]                   NAME <- NAMES[[kk]]
[09:33:01.342]                   if (name != NAME && is.element(NAME, old_names)) 
[09:33:01.342]                     next
[09:33:01.342]                   args[[name]] <- ...future.oldEnvVars[[name]]
[09:33:01.342]                 }
[09:33:01.342]                 NAMES <- toupper(added)
[09:33:01.342]                 for (kk in seq_along(NAMES)) {
[09:33:01.342]                   name <- added[[kk]]
[09:33:01.342]                   NAME <- NAMES[[kk]]
[09:33:01.342]                   if (name != NAME && is.element(NAME, old_names)) 
[09:33:01.342]                     next
[09:33:01.342]                   args[[name]] <- ""
[09:33:01.342]                 }
[09:33:01.342]                 NAMES <- toupper(removed)
[09:33:01.342]                 for (kk in seq_along(NAMES)) {
[09:33:01.342]                   name <- removed[[kk]]
[09:33:01.342]                   NAME <- NAMES[[kk]]
[09:33:01.342]                   if (name != NAME && is.element(NAME, old_names)) 
[09:33:01.342]                     next
[09:33:01.342]                   args[[name]] <- ...future.oldEnvVars[[name]]
[09:33:01.342]                 }
[09:33:01.342]                 if (length(args) > 0) 
[09:33:01.342]                   base::do.call(base::Sys.setenv, args = args)
[09:33:01.342]                 args <- names <- old_names <- NAMES <- envs <- common <- added <- removed <- NULL
[09:33:01.342]             }
[09:33:01.342]             else {
[09:33:01.342]                 base::do.call(base::Sys.setenv, args = base::as.list(...future.oldEnvVars))
[09:33:01.342]             }
[09:33:01.342]             {
[09:33:01.342]                 if (base::length(...future.futureOptionsAdded) > 
[09:33:01.342]                   0L) {
[09:33:01.342]                   opts <- base::vector("list", length = base::length(...future.futureOptionsAdded))
[09:33:01.342]                   base::names(opts) <- ...future.futureOptionsAdded
[09:33:01.342]                   base::options(opts)
[09:33:01.342]                 }
[09:33:01.342]                 {
[09:33:01.342]                   {
[09:33:01.342]                     NULL
[09:33:01.342]                     RNGkind("Mersenne-Twister")
[09:33:01.342]                     base::rm(list = ".Random.seed", envir = base::globalenv(), 
[09:33:01.342]                       inherits = FALSE)
[09:33:01.342]                   }
[09:33:01.342]                   options(future.plan = NULL)
[09:33:01.342]                   if (is.na(NA_character_)) 
[09:33:01.342]                     Sys.unsetenv("R_FUTURE_PLAN")
[09:33:01.342]                   else Sys.setenv(R_FUTURE_PLAN = NA_character_)
[09:33:01.342]                   future::plan(...future.strategy.old, .cleanup = FALSE, 
[09:33:01.342]                     .init = FALSE)
[09:33:01.342]                 }
[09:33:01.342]             }
[09:33:01.342]         }
[09:33:01.342]     })
[09:33:01.342]     if (TRUE) {
[09:33:01.342]         base::sink(type = "output", split = FALSE)
[09:33:01.342]         if (TRUE) {
[09:33:01.342]             ...future.result$stdout <- base::rawToChar(base::rawConnectionValue(...future.stdout))
[09:33:01.342]         }
[09:33:01.342]         else {
[09:33:01.342]             ...future.result["stdout"] <- base::list(NULL)
[09:33:01.342]         }
[09:33:01.342]         base::close(...future.stdout)
[09:33:01.342]         ...future.stdout <- NULL
[09:33:01.342]     }
[09:33:01.342]     ...future.result$conditions <- ...future.conditions
[09:33:01.342]     ...future.result$finished <- base::Sys.time()
[09:33:01.342]     ...future.result
[09:33:01.342] }
[09:33:01.347] plan(): Setting new future strategy stack:
[09:33:01.347] List of future strategies:
[09:33:01.347] 1. sequential:
[09:33:01.347]    - args: function (..., envir = parent.frame(), workers = "<NULL>")
[09:33:01.347]    - tweaked: FALSE
[09:33:01.347]    - call: NULL
[09:33:01.347] plan(): nbrOfWorkers() = 1
[09:33:01.349] plan(): Setting new future strategy stack:
[09:33:01.349] List of future strategies:
[09:33:01.349] 1. sequential:
[09:33:01.349]    - args: function (..., envir = parent.frame(), workers = "<NULL>")
[09:33:01.349]    - tweaked: FALSE
[09:33:01.349]    - call: future::plan("sequential")
[09:33:01.349] plan(): nbrOfWorkers() = 1
[09:33:01.349] SequentialFuture started (and completed)
[09:33:01.350] - Launch lazy future ... done
[09:33:01.350] run() for ‘SequentialFuture’ ... done
> print(v)
[1] 2
> stopifnot(identical(v, 2L))
> 
> stopifnot("stats" %in% loadedNamespaces())
> 
> message("- SequentialFuture() - 'local = FALSE' is defunct ...")
- SequentialFuture() - 'local = FALSE' is defunct ...
> 
> res <- tryCatch({
+   f <- SequentialFuture(42, local = FALSE)
+ }, error = identity)
[09:33:01.350] getGlobalsAndPackages() ...
[09:33:01.351] Searching for globals...
[09:33:01.351] 
[09:33:01.351] Searching for globals ... DONE
[09:33:01.351] - globals: [0] <none>
[09:33:01.351] getGlobalsAndPackages() ... DONE
> stopifnot(inherits(res, "error"))
> 
> message("*** sequential() ... DONE")
*** sequential() ... DONE
> 
> source("incl/end.R")
[09:33:01.352] plan(): Setting new future strategy stack:
[09:33:01.352] List of future strategies:
[09:33:01.352] 1. FutureStrategy:
[09:33:01.352]    - args: function (..., envir = parent.frame(), workers = "<NULL>")
[09:33:01.352]    - tweaked: FALSE
[09:33:01.352]    - call: future::plan(oplan)
[09:33:01.365] plan(): nbrOfWorkers() = 1
> 
