
R version 4.4.0 (2024-04-24) -- "Puppy Cup"
Copyright (C) 2024 The R Foundation for Statistical Computing
Platform: x86_64-pc-linux-gnu

R is free software and comes with ABSOLUTELY NO WARRANTY.
You are welcome to redistribute it under certain conditions.
Type 'license()' or 'licence()' for distribution details.

R is a collaborative project with many contributors.
Type 'contributors()' for more information and
'citation()' on how to cite R or R packages in publications.

Type 'demo()' for some demos, 'help()' for on-line help, or
'help.start()' for an HTML browser interface to help.
Type 'q()' to quit R.

> source("incl/start,load-only.R")
[09:33:05.676] plan(): Setting new future strategy stack:
[09:33:05.676] List of future strategies:
[09:33:05.676] 1. sequential:
[09:33:05.676]    - args: function (..., envir = parent.frame(), workers = "<NULL>")
[09:33:05.676]    - tweaked: FALSE
[09:33:05.676]    - call: future::plan("sequential")
[09:33:05.687] plan(): nbrOfWorkers() = 1
> 
> message("*** Tweaking future strategies ...")
*** Tweaking future strategies ...
> 
> message("*** y <- tweak(future::sequential) ...")
*** y <- tweak(future::sequential) ...
> sequential2 <- future::tweak(future::sequential)
> print(args(sequential2))
function (..., envir = parent.frame()) 
NULL
> stopifnot(identical(sequential2, future::sequential))
> stopifnot(!inherits(sequential2, "tweaked"))
> 
> 
> message("*** y <- tweak(future::sequential, abc = FALSE) ...")
*** y <- tweak(future::sequential, abc = FALSE) ...
> sequential2 <- future::tweak(future::sequential, abc = FALSE)
Warning: Detected 1 unknown future arguments: ‘abc’
> print(args(sequential2))
function (..., abc = FALSE, envir = parent.frame()) 
NULL
> stopifnot(!identical(sequential2, future::sequential))
> stopifnot(inherits(sequential2, "tweaked"))
> stopifnot(identical(formals(sequential2)$abc, FALSE))
> 
> 
> message("*** y <- tweak('sequential', abc = FALSE) ...")
*** y <- tweak('sequential', abc = FALSE) ...
> sequential2 <- future::tweak("sequential", abc = FALSE)
Warning: Detected 1 unknown future arguments: ‘abc’
> print(args(sequential2))
function (..., abc = FALSE, envir = parent.frame()) 
NULL
> stopifnot(!identical(sequential2, future::sequential))
> stopifnot(inherits(sequential2, "tweaked"))
> stopifnot(identical(formals(sequential2)$abc, FALSE))
> 
> 
> library("future")
[09:33:05.702] Option 'future.startup.script': TRUE
[09:33:05.702] Future startup scripts considered: ‘.future.R’, ‘~/.future.R’
[09:33:05.702] Future startup scripts found: <none>
> 
> message("*** y <- tweak(sequential, abc = FALSE) ...")
*** y <- tweak(sequential, abc = FALSE) ...
> sequential2 <- future::tweak(sequential, abc = FALSE)
Warning: Detected 1 unknown future arguments: ‘abc’
> print(args(sequential2))
function (..., abc = FALSE, envir = parent.frame()) 
NULL
> stopifnot(!identical(sequential2, future::sequential))
> stopifnot(inherits(sequential2, "tweaked"))
> stopifnot(identical(formals(sequential2)$abc, FALSE))
> 
> message("*** y <- tweak('sequential', abc = FALSE) ...")
*** y <- tweak('sequential', abc = FALSE) ...
> sequential2 <- future::tweak('sequential', abc = FALSE)
Warning: Detected 1 unknown future arguments: ‘abc’
> print(args(sequential2))
function (..., abc = FALSE, envir = parent.frame()) 
NULL
> stopifnot(!identical(sequential2, future::sequential))
> stopifnot(inherits(sequential2, "tweaked"))
> stopifnot(identical(formals(sequential2)$abc, FALSE))
> 
> 
> message("*** y <- tweak('sequential', abc = FALSE, abc = 1, def = TRUE) ...")
*** y <- tweak('sequential', abc = FALSE, abc = 1, def = TRUE) ...
> res <- tryCatch({
+   sequential2 <- future::tweak('sequential', abc = FALSE, abc = 1, def = TRUE)
+ }, warning = function(w) {
+   w
+ })
> stopifnot(inherits(res, "warning"))
> sequential2 <- future::tweak('sequential', abc = FALSE, abc = 1, def = TRUE)
Warning: Detected 2 unknown future arguments: ‘abc’, ‘def’
> print(args(sequential2))
function (..., abc = FALSE, def = TRUE, envir = parent.frame()) 
NULL
> stopifnot(!identical(sequential2, future::sequential))
> stopifnot(inherits(sequential2, "tweaked"))
> stopifnot(identical(formals(sequential2)$abc, FALSE))
> 
> 
> 
> message("*** y <- tweak(cluster, rscript_startup = quote(...)) ...")
*** y <- tweak(cluster, rscript_startup = quote(...)) ...
> cl <- 42L
> cluster2 <- tweak(cluster, workers = cl, rscript_startup = quote(options(abc = 42L)))
> print(args(cluster2))
function (..., workers = 42L, rscript_startup = quote(options(abc = 42L)), 
    envir = parent.frame()) 
NULL
> stopifnot(!identical(cluster2, future::cluster))
> stopifnot(inherits(cluster2, "tweaked"))
> formals2 <- formals(cluster2)
> stopifnot(identical(formals2$workers, cl))
> stopifnot("rscript_startup" %in% names(formals2))
> rscript_startup <- formals2$rscript_startup
> stopifnot(!is.null(rscript_startup),
+           is.language(rscript_startup), is.call(rscript_startup))
> value <- eval(rscript_startup)
> stopifnot(is.language(value), is.call(value))
> 
> 
> message("*** plan() - tweak without introducting package dependencies ...")
*** plan() - tweak without introducting package dependencies ...
> 
> ## Requires a auxillary package that is available and not already loaded
> if (!covr_testing && requireNamespace("grid")) {
+   local({
+     cl <- makeClusterPSOCK(1L)
+     on.exit(parallel:::stopCluster(cl))
+     ns0 <- unlist(parallel::clusterEvalQ(cl, loadedNamespaces()))
+ 
+     ## When using futures, the 'future' package is loaded on the worker
+     ns0 <- c(ns0, c("tools", "parallelly",
+                     "codetools", "digest", "globals", "listenv", "future"))
+     if (!is.element("grid", ns0)) {
+       ## Assert that a global copy from a package does not trigger
+       ## that package from being loaded on the worker
+       dummy <- grid::depth
+       oplan <- future::plan(future::cluster, workers = cl)
+       on.exit(future::plan(oplan), add = TRUE)
+       ns <- unlist(parallel::clusterEvalQ(cl, loadedNamespaces()))
+       diff <- setdiff(ns, ns0)
+       if ("covr" %in% diff) diff <- setdiff(diff, c("lazyeval", "rex", "covr"))
+       if (length(diff) > 0) {
+         print(loadedNamespaces())
+         stop("plan() with a tweak() causes new packages to be loaded: ", sQuote(paste(diff, collapse = ", ")))
+       }
+     }
+   })
+ }
Loading required namespace: grid
[09:33:05.717] [local output] makeClusterPSOCK() ...
[09:33:05.747] [local output] Workers: [n = 1] ‘localhost’
[09:33:05.748] [local output] Base port: 11532
[09:33:05.748] [local output] Getting setup options for 1 cluster nodes ...
[09:33:05.748] [local output]  - Node 1 of 1 ...
[09:33:05.748] [local output] localMachine=TRUE => revtunnel=FALSE

[09:33:05.749] Testing if worker's PID can be inferred: ‘'/usr/local/lib/R/bin/Rscript' -e 'try(suppressWarnings(cat(Sys.getpid(),file="/tmp/Rtmp8FhkSx/worker.rank=1.parallelly.parent=50642.c5d253a00133.pid")), silent = TRUE)' -e 'file.exists("/tmp/Rtmp8FhkSx/worker.rank=1.parallelly.parent=50642.c5d253a00133.pid")'’
[09:33:05.936] - Possible to infer worker's PID: TRUE
[09:33:05.936] [local output] Rscript port: 11532

[09:33:05.936] [local output] Getting setup options for 1 cluster nodes ... done
[09:33:05.937] [local output]  - Parallel setup requested for some PSOCK nodes
[09:33:05.937] [local output] Setting up PSOCK nodes in parallel
[09:33:05.937] List of 36
[09:33:05.937]  $ worker          : chr "localhost"
[09:33:05.937]   ..- attr(*, "localhost")= logi TRUE
[09:33:05.937]  $ master          : chr "localhost"
[09:33:05.937]  $ port            : int 11532
[09:33:05.937]  $ connectTimeout  : num 120
[09:33:05.937]  $ timeout         : num 2592000
[09:33:05.937]  $ rscript         : chr "'/usr/local/lib/R/bin/Rscript'"
[09:33:05.937]  $ homogeneous     : logi TRUE
[09:33:05.937]  $ rscript_args    : chr "--default-packages=datasets,utils,grDevices,graphics,stats,methods -e 'try(suppressWarnings(cat(Sys.getpid(),fi"| __truncated__
[09:33:05.937]  $ rscript_envs    : NULL
[09:33:05.937]  $ rscript_libs    : NULL
[09:33:05.937]  $ rscript_startup : NULL
[09:33:05.937]  $ rscript_sh      : chr "sh"
[09:33:05.937]  $ default_packages: chr [1:6] "datasets" "utils" "grDevices" "graphics" ...
[09:33:05.937]  $ methods         : logi TRUE
[09:33:05.937]  $ socketOptions   : chr "no-delay"
[09:33:05.937]  $ useXDR          : logi FALSE
[09:33:05.937]  $ outfile         : chr "/dev/null"
[09:33:05.937]  $ renice          : int NA
[09:33:05.937]  $ rshcmd          : NULL
[09:33:05.937]  $ user            : chr(0) 
[09:33:05.937]  $ revtunnel       : logi FALSE
[09:33:05.937]  $ rshlogfile      : NULL
[09:33:05.937]  $ rshopts         : chr(0) 
[09:33:05.937]  $ rank            : int 1
[09:33:05.937]  $ manual          : logi FALSE
[09:33:05.937]  $ dryrun          : logi FALSE
[09:33:05.937]  $ quiet           : logi FALSE
[09:33:05.937]  $ setup_strategy  : chr "parallel"
[09:33:05.937]  $ local_cmd       : chr "'/usr/local/lib/R/bin/Rscript' --default-packages=datasets,utils,grDevices,graphics,stats,methods -e 'try(suppr"| __truncated__
[09:33:05.937]  $ pidfile         : chr "/tmp/Rtmp8FhkSx/worker.rank=1.parallelly.parent=50642.c5d253a00133.pid"
[09:33:05.937]  $ rshcmd_label    : NULL
[09:33:05.937]  $ rsh_call        : NULL
[09:33:05.937]  $ cmd             : chr "'/usr/local/lib/R/bin/Rscript' --default-packages=datasets,utils,grDevices,graphics,stats,methods -e 'try(suppr"| __truncated__
[09:33:05.937]  $ localMachine    : logi TRUE
[09:33:05.937]  $ make_fcn        :function (worker = getOption2("parallelly.localhost.hostname", "localhost"), 
[09:33:05.937]     master = NULL, port, connectTimeout = getOption2("parallelly.makeNodePSOCK.connectTimeout", 
[09:33:05.937]         2 * 60), timeout = getOption2("parallelly.makeNodePSOCK.timeout", 
[09:33:05.937]         30 * 24 * 60 * 60), rscript = NULL, homogeneous = NULL, rscript_args = NULL, 
[09:33:05.937]     rscript_envs = NULL, rscript_libs = NULL, rscript_startup = NULL, rscript_sh = c("auto", 
[09:33:05.937]         "cmd", "sh"), default_packages = c("datasets", "utils", "grDevices", 
[09:33:05.937]         "graphics", "stats", if (methods) "methods"), methods = TRUE, socketOptions = getOption2("parallelly.makeNodePSOCK.socketOptions", 
[09:33:05.937]         "no-delay"), useXDR = getOption2("parallelly.makeNodePSOCK.useXDR", 
[09:33:05.937]         FALSE), outfile = "/dev/null", renice = NA_integer_, rshcmd = getOption2("parallelly.makeNodePSOCK.rshcmd", 
[09:33:05.937]         NULL), user = NULL, revtunnel = NA, rshlogfile = NULL, rshopts = getOption2("parallelly.makeNodePSOCK.rshopts", 
[09:33:05.937]         NULL), rank = 1L, manual = FALSE, dryrun = FALSE, quiet = FALSE, 
[09:33:05.937]     setup_strategy = getOption2("parallelly.makeNodePSOCK.setup_strategy", 
[09:33:05.937]         "parallel"), action = c("launch", "options"), verbose = FALSE)  
[09:33:05.937]  $ arguments       :List of 28
[09:33:05.937]   ..$ worker          : chr "localhost"
[09:33:05.937]   ..$ master          : NULL
[09:33:05.937]   ..$ port            : int 11532
[09:33:05.937]   ..$ connectTimeout  : num 120
[09:33:05.937]   ..$ timeout         : num 2592000
[09:33:05.937]   ..$ rscript         : NULL
[09:33:05.937]   ..$ homogeneous     : NULL
[09:33:05.937]   ..$ rscript_args    : NULL
[09:33:05.937]   ..$ rscript_envs    : NULL
[09:33:05.937]   ..$ rscript_libs    : NULL
[09:33:05.937]   ..$ rscript_startup : NULL
[09:33:05.937]   ..$ rscript_sh      : chr [1:3] "auto" "cmd" "sh"
[09:33:05.937]   ..$ default_packages: chr [1:6] "datasets" "utils" "grDevices" "graphics" ...
[09:33:05.937]   ..$ methods         : logi TRUE
[09:33:05.937]   ..$ socketOptions   : chr "no-delay"
[09:33:05.937]   ..$ useXDR          : logi FALSE
[09:33:05.937]   ..$ outfile         : chr "/dev/null"
[09:33:05.937]   ..$ renice          : int NA
[09:33:05.937]   ..$ rshcmd          : NULL
[09:33:05.937]   ..$ user            : NULL
[09:33:05.937]   ..$ revtunnel       : logi NA
[09:33:05.937]   ..$ rshlogfile      : NULL
[09:33:05.937]   ..$ rshopts         : NULL
[09:33:05.937]   ..$ rank            : int 1
[09:33:05.937]   ..$ manual          : logi FALSE
[09:33:05.937]   ..$ dryrun          : logi FALSE
[09:33:05.937]   ..$ quiet           : logi FALSE
[09:33:05.937]   ..$ setup_strategy  : chr "parallel"
[09:33:05.937]  - attr(*, "class")= chr [1:2] "makeNodePSOCKOptions" "makeNodeOptions"
[09:33:05.956] [local output] System call to launch all workers:
[09:33:05.956] [local output] '/usr/local/lib/R/bin/Rscript' --default-packages=datasets,utils,grDevices,graphics,stats,methods -e 'try(suppressWarnings(cat(Sys.getpid(),file="/tmp/Rtmp8FhkSx/worker.rank=1.parallelly.parent=50642.c5d253a00133.pid")), silent = TRUE)' -e 'options(socketOptions = "no-delay")' -e 'workRSOCK <- tryCatch(parallel:::.workRSOCK, error=function(e) parallel:::.slaveRSOCK); workRSOCK()' MASTER=localhost PORT=11532 OUT=/dev/null TIMEOUT=2592000 XDR=FALSE SETUPTIMEOUT=120 SETUPSTRATEGY=parallel
[09:33:05.956] [local output] Starting PSOCK main server
[09:33:05.961] [local output] Workers launched
[09:33:05.962] [local output] Waiting for workers to connect back
[09:33:05.962]  - [local output] 0 workers out of 1 ready
[09:33:06.151]  - [local output] 0 workers out of 1 ready
[09:33:06.151]  - [local output] 1 workers out of 1 ready
[09:33:06.151] [local output] Launching of workers completed
[09:33:06.151] [local output] Collecting session information from workers
[09:33:06.152] [local output]  - Worker #1 of 1
[09:33:06.153] [local output] makeClusterPSOCK() ... done
[09:33:06.153] plan(): Setting new future strategy stack:
[09:33:06.153] List of future strategies:
[09:33:06.153] 1. cluster:
[09:33:06.153]    - args: function (..., workers = "<Socket cluster with 1 nodes where 1 node is on host ‘localhost’ (R version 4.4.0 (2024-04-24), platform x86_64-pc-linux-gnu)>", envir = parent.frame())
[09:33:06.153]    - tweaked: TRUE
[09:33:06.153]    - call: future::plan(future::cluster, workers = cl)
[09:33:06.170] plan(): plan_init() of ‘tweaked’, ‘cluster’, ‘multiprocess’, ‘future’, ‘function’ ...
[09:33:06.170] cluster:
[09:33:06.170] - args: function (..., workers = "<Socket cluster with 1 nodes where 1 node is on host ‘localhost’ (R version 4.4.0 (2024-04-24), platform x86_64-pc-linux-gnu)>", envir = parent.frame())
[09:33:06.170] - tweaked: TRUE
[09:33:06.170] - call: future::plan(future::cluster, workers = cl)
[09:33:06.173] getGlobalsAndPackages() ...
[09:33:06.173] Not searching for globals
[09:33:06.174] - globals: [0] <none>
[09:33:06.174] getGlobalsAndPackages() ... DONE
[09:33:06.181] Packages needed by the future expression (n = 0): <none>
[09:33:06.181] Packages needed by future strategies (n = 0): <none>
[09:33:06.182] {
[09:33:06.182]     {
[09:33:06.182]         {
[09:33:06.182]             ...future.startTime <- base::Sys.time()
[09:33:06.182]             {
[09:33:06.182]                 {
[09:33:06.182]                   {
[09:33:06.182]                     base::local({
[09:33:06.182]                       has_future <- base::requireNamespace("future", 
[09:33:06.182]                         quietly = TRUE)
[09:33:06.182]                       if (has_future) {
[09:33:06.182]                         ns <- base::getNamespace("future")
[09:33:06.182]                         version <- ns[[".package"]][["version"]]
[09:33:06.182]                         if (is.null(version)) 
[09:33:06.182]                           version <- utils::packageVersion("future")
[09:33:06.182]                       }
[09:33:06.182]                       else {
[09:33:06.182]                         version <- NULL
[09:33:06.182]                       }
[09:33:06.182]                       if (!has_future || version < "1.8.0") {
[09:33:06.182]                         info <- base::c(r_version = base::gsub("R version ", 
[09:33:06.182]                           "", base::R.version$version.string), 
[09:33:06.182]                           platform = base::sprintf("%s (%s-bit)", 
[09:33:06.182]                             base::R.version$platform, 8 * base::.Machine$sizeof.pointer), 
[09:33:06.182]                           os = base::paste(base::Sys.info()[base::c("sysname", 
[09:33:06.182]                             "release", "version")], collapse = " "), 
[09:33:06.182]                           hostname = base::Sys.info()[["nodename"]])
[09:33:06.182]                         info <- base::sprintf("%s: %s", base::names(info), 
[09:33:06.182]                           info)
[09:33:06.182]                         info <- base::paste(info, collapse = "; ")
[09:33:06.182]                         if (!has_future) {
[09:33:06.182]                           msg <- base::sprintf("Package 'future' is not installed on worker (%s)", 
[09:33:06.182]                             info)
[09:33:06.182]                         }
[09:33:06.182]                         else {
[09:33:06.182]                           msg <- base::sprintf("Package 'future' on worker (%s) must be of version >= 1.8.0: %s", 
[09:33:06.182]                             info, version)
[09:33:06.182]                         }
[09:33:06.182]                         base::stop(msg)
[09:33:06.182]                       }
[09:33:06.182]                     })
[09:33:06.182]                   }
[09:33:06.182]                   ...future.strategy.old <- future::plan("list")
[09:33:06.182]                   options(future.plan = NULL)
[09:33:06.182]                   Sys.unsetenv("R_FUTURE_PLAN")
[09:33:06.182]                   future::plan("default", .cleanup = FALSE, .init = FALSE)
[09:33:06.182]                 }
[09:33:06.182]                 ...future.workdir <- getwd()
[09:33:06.182]             }
[09:33:06.182]             ...future.oldOptions <- base::as.list(base::.Options)
[09:33:06.182]             ...future.oldEnvVars <- base::Sys.getenv()
[09:33:06.182]         }
[09:33:06.182]         base::options(future.startup.script = FALSE, future.globals.onMissing = NULL, 
[09:33:06.182]             future.globals.maxSize = NULL, future.globals.method = NULL, 
[09:33:06.182]             future.globals.onMissing = NULL, future.globals.onReference = NULL, 
[09:33:06.182]             future.globals.resolve = NULL, future.resolve.recursive = NULL, 
[09:33:06.182]             future.rng.onMisuse = NULL, future.rng.onMisuse.keepFuture = NULL, 
[09:33:06.182]             future.stdout.windows.reencode = NULL, width = 80L)
[09:33:06.182]         ...future.futureOptionsAdded <- base::setdiff(base::names(base::.Options), 
[09:33:06.182]             base::names(...future.oldOptions))
[09:33:06.182]     }
[09:33:06.182]     if (FALSE) {
[09:33:06.182]     }
[09:33:06.182]     else {
[09:33:06.182]         if (TRUE) {
[09:33:06.182]             ...future.stdout <- base::rawConnection(base::raw(0L), 
[09:33:06.182]                 open = "w")
[09:33:06.182]         }
[09:33:06.182]         else {
[09:33:06.182]             ...future.stdout <- base::file(base::switch(.Platform$OS.type, 
[09:33:06.182]                 windows = "NUL", "/dev/null"), open = "w")
[09:33:06.182]         }
[09:33:06.182]         base::sink(...future.stdout, type = "output", split = FALSE)
[09:33:06.182]         base::on.exit(if (!base::is.null(...future.stdout)) {
[09:33:06.182]             base::sink(type = "output", split = FALSE)
[09:33:06.182]             base::close(...future.stdout)
[09:33:06.182]         }, add = TRUE)
[09:33:06.182]     }
[09:33:06.182]     ...future.frame <- base::sys.nframe()
[09:33:06.182]     ...future.conditions <- base::list()
[09:33:06.182]     ...future.rng <- base::globalenv()$.Random.seed
[09:33:06.182]     if (FALSE) {
[09:33:06.182]         ...future.globalenv.names <- c(base::names(base::.GlobalEnv), 
[09:33:06.182]             "...future.value", "...future.globalenv.names", ".Random.seed")
[09:33:06.182]     }
[09:33:06.182]     ...future.result <- base::tryCatch({
[09:33:06.182]         base::withCallingHandlers({
[09:33:06.182]             ...future.value <- base::withVisible(base::local({
[09:33:06.182]                 ...future.makeSendCondition <- base::local({
[09:33:06.182]                   sendCondition <- NULL
[09:33:06.182]                   function(frame = 1L) {
[09:33:06.182]                     if (is.function(sendCondition)) 
[09:33:06.182]                       return(sendCondition)
[09:33:06.182]                     ns <- getNamespace("parallel")
[09:33:06.182]                     if (exists("sendData", mode = "function", 
[09:33:06.182]                       envir = ns)) {
[09:33:06.182]                       parallel_sendData <- get("sendData", mode = "function", 
[09:33:06.182]                         envir = ns)
[09:33:06.182]                       envir <- sys.frame(frame)
[09:33:06.182]                       master <- NULL
[09:33:06.182]                       while (!identical(envir, .GlobalEnv) && 
[09:33:06.182]                         !identical(envir, emptyenv())) {
[09:33:06.182]                         if (exists("master", mode = "list", envir = envir, 
[09:33:06.182]                           inherits = FALSE)) {
[09:33:06.182]                           master <- get("master", mode = "list", 
[09:33:06.182]                             envir = envir, inherits = FALSE)
[09:33:06.182]                           if (inherits(master, c("SOCKnode", 
[09:33:06.182]                             "SOCK0node"))) {
[09:33:06.182]                             sendCondition <<- function(cond) {
[09:33:06.182]                               data <- list(type = "VALUE", value = cond, 
[09:33:06.182]                                 success = TRUE)
[09:33:06.182]                               parallel_sendData(master, data)
[09:33:06.182]                             }
[09:33:06.182]                             return(sendCondition)
[09:33:06.182]                           }
[09:33:06.182]                         }
[09:33:06.182]                         frame <- frame + 1L
[09:33:06.182]                         envir <- sys.frame(frame)
[09:33:06.182]                       }
[09:33:06.182]                     }
[09:33:06.182]                     sendCondition <<- function(cond) NULL
[09:33:06.182]                   }
[09:33:06.182]                 })
[09:33:06.182]                 withCallingHandlers({
[09:33:06.182]                   NA
[09:33:06.182]                 }, immediateCondition = function(cond) {
[09:33:06.182]                   sendCondition <- ...future.makeSendCondition()
[09:33:06.182]                   sendCondition(cond)
[09:33:06.182]                   muffleCondition <- function (cond, pattern = "^muffle") 
[09:33:06.182]                   {
[09:33:06.182]                     inherits <- base::inherits
[09:33:06.182]                     invokeRestart <- base::invokeRestart
[09:33:06.182]                     is.null <- base::is.null
[09:33:06.182]                     muffled <- FALSE
[09:33:06.182]                     if (inherits(cond, "message")) {
[09:33:06.182]                       muffled <- grepl(pattern, "muffleMessage")
[09:33:06.182]                       if (muffled) 
[09:33:06.182]                         invokeRestart("muffleMessage")
[09:33:06.182]                     }
[09:33:06.182]                     else if (inherits(cond, "warning")) {
[09:33:06.182]                       muffled <- grepl(pattern, "muffleWarning")
[09:33:06.182]                       if (muffled) 
[09:33:06.182]                         invokeRestart("muffleWarning")
[09:33:06.182]                     }
[09:33:06.182]                     else if (inherits(cond, "condition")) {
[09:33:06.182]                       if (!is.null(pattern)) {
[09:33:06.182]                         computeRestarts <- base::computeRestarts
[09:33:06.182]                         grepl <- base::grepl
[09:33:06.182]                         restarts <- computeRestarts(cond)
[09:33:06.182]                         for (restart in restarts) {
[09:33:06.182]                           name <- restart$name
[09:33:06.182]                           if (is.null(name)) 
[09:33:06.182]                             next
[09:33:06.182]                           if (!grepl(pattern, name)) 
[09:33:06.182]                             next
[09:33:06.182]                           invokeRestart(restart)
[09:33:06.182]                           muffled <- TRUE
[09:33:06.182]                           break
[09:33:06.182]                         }
[09:33:06.182]                       }
[09:33:06.182]                     }
[09:33:06.182]                     invisible(muffled)
[09:33:06.182]                   }
[09:33:06.182]                   muffleCondition(cond)
[09:33:06.182]                 })
[09:33:06.182]             }))
[09:33:06.182]             future::FutureResult(value = ...future.value$value, 
[09:33:06.182]                 visible = ...future.value$visible, rng = !identical(base::globalenv()$.Random.seed, 
[09:33:06.182]                   ...future.rng), globalenv = if (FALSE) 
[09:33:06.182]                   list(added = base::setdiff(base::names(base::.GlobalEnv), 
[09:33:06.182]                     ...future.globalenv.names))
[09:33:06.182]                 else NULL, started = ...future.startTime, version = "1.8")
[09:33:06.182]         }, condition = base::local({
[09:33:06.182]             c <- base::c
[09:33:06.182]             inherits <- base::inherits
[09:33:06.182]             invokeRestart <- base::invokeRestart
[09:33:06.182]             length <- base::length
[09:33:06.182]             list <- base::list
[09:33:06.182]             seq.int <- base::seq.int
[09:33:06.182]             signalCondition <- base::signalCondition
[09:33:06.182]             sys.calls <- base::sys.calls
[09:33:06.182]             `[[` <- base::`[[`
[09:33:06.182]             `+` <- base::`+`
[09:33:06.182]             `<<-` <- base::`<<-`
[09:33:06.182]             sysCalls <- function(calls = sys.calls(), from = 1L) {
[09:33:06.182]                 calls[seq.int(from = from + 12L, to = length(calls) - 
[09:33:06.182]                   3L)]
[09:33:06.182]             }
[09:33:06.182]             function(cond) {
[09:33:06.182]                 is_error <- inherits(cond, "error")
[09:33:06.182]                 ignore <- !is_error && !is.null(NULL) && inherits(cond, 
[09:33:06.182]                   NULL)
[09:33:06.182]                 if (is_error) {
[09:33:06.182]                   sessionInformation <- function() {
[09:33:06.182]                     list(r = base::R.Version(), locale = base::Sys.getlocale(), 
[09:33:06.182]                       rngkind = base::RNGkind(), namespaces = base::loadedNamespaces(), 
[09:33:06.182]                       search = base::search(), system = base::Sys.info())
[09:33:06.182]                   }
[09:33:06.182]                   ...future.conditions[[length(...future.conditions) + 
[09:33:06.182]                     1L]] <<- list(condition = cond, calls = c(sysCalls(from = ...future.frame), 
[09:33:06.182]                     cond$call), session = sessionInformation(), 
[09:33:06.182]                     timestamp = base::Sys.time(), signaled = 0L)
[09:33:06.182]                   signalCondition(cond)
[09:33:06.182]                 }
[09:33:06.182]                 else if (!ignore && TRUE && inherits(cond, c("condition", 
[09:33:06.182]                 "immediateCondition"))) {
[09:33:06.182]                   signal <- TRUE && inherits(cond, "immediateCondition")
[09:33:06.182]                   ...future.conditions[[length(...future.conditions) + 
[09:33:06.182]                     1L]] <<- list(condition = cond, signaled = base::as.integer(signal))
[09:33:06.182]                   if (TRUE && !signal) {
[09:33:06.182]                     muffleCondition <- function (cond, pattern = "^muffle") 
[09:33:06.182]                     {
[09:33:06.182]                       inherits <- base::inherits
[09:33:06.182]                       invokeRestart <- base::invokeRestart
[09:33:06.182]                       is.null <- base::is.null
[09:33:06.182]                       muffled <- FALSE
[09:33:06.182]                       if (inherits(cond, "message")) {
[09:33:06.182]                         muffled <- grepl(pattern, "muffleMessage")
[09:33:06.182]                         if (muffled) 
[09:33:06.182]                           invokeRestart("muffleMessage")
[09:33:06.182]                       }
[09:33:06.182]                       else if (inherits(cond, "warning")) {
[09:33:06.182]                         muffled <- grepl(pattern, "muffleWarning")
[09:33:06.182]                         if (muffled) 
[09:33:06.182]                           invokeRestart("muffleWarning")
[09:33:06.182]                       }
[09:33:06.182]                       else if (inherits(cond, "condition")) {
[09:33:06.182]                         if (!is.null(pattern)) {
[09:33:06.182]                           computeRestarts <- base::computeRestarts
[09:33:06.182]                           grepl <- base::grepl
[09:33:06.182]                           restarts <- computeRestarts(cond)
[09:33:06.182]                           for (restart in restarts) {
[09:33:06.182]                             name <- restart$name
[09:33:06.182]                             if (is.null(name)) 
[09:33:06.182]                               next
[09:33:06.182]                             if (!grepl(pattern, name)) 
[09:33:06.182]                               next
[09:33:06.182]                             invokeRestart(restart)
[09:33:06.182]                             muffled <- TRUE
[09:33:06.182]                             break
[09:33:06.182]                           }
[09:33:06.182]                         }
[09:33:06.182]                       }
[09:33:06.182]                       invisible(muffled)
[09:33:06.182]                     }
[09:33:06.182]                     muffleCondition(cond, pattern = "^muffle")
[09:33:06.182]                   }
[09:33:06.182]                 }
[09:33:06.182]                 else {
[09:33:06.182]                   if (TRUE) {
[09:33:06.182]                     muffleCondition <- function (cond, pattern = "^muffle") 
[09:33:06.182]                     {
[09:33:06.182]                       inherits <- base::inherits
[09:33:06.182]                       invokeRestart <- base::invokeRestart
[09:33:06.182]                       is.null <- base::is.null
[09:33:06.182]                       muffled <- FALSE
[09:33:06.182]                       if (inherits(cond, "message")) {
[09:33:06.182]                         muffled <- grepl(pattern, "muffleMessage")
[09:33:06.182]                         if (muffled) 
[09:33:06.182]                           invokeRestart("muffleMessage")
[09:33:06.182]                       }
[09:33:06.182]                       else if (inherits(cond, "warning")) {
[09:33:06.182]                         muffled <- grepl(pattern, "muffleWarning")
[09:33:06.182]                         if (muffled) 
[09:33:06.182]                           invokeRestart("muffleWarning")
[09:33:06.182]                       }
[09:33:06.182]                       else if (inherits(cond, "condition")) {
[09:33:06.182]                         if (!is.null(pattern)) {
[09:33:06.182]                           computeRestarts <- base::computeRestarts
[09:33:06.182]                           grepl <- base::grepl
[09:33:06.182]                           restarts <- computeRestarts(cond)
[09:33:06.182]                           for (restart in restarts) {
[09:33:06.182]                             name <- restart$name
[09:33:06.182]                             if (is.null(name)) 
[09:33:06.182]                               next
[09:33:06.182]                             if (!grepl(pattern, name)) 
[09:33:06.182]                               next
[09:33:06.182]                             invokeRestart(restart)
[09:33:06.182]                             muffled <- TRUE
[09:33:06.182]                             break
[09:33:06.182]                           }
[09:33:06.182]                         }
[09:33:06.182]                       }
[09:33:06.182]                       invisible(muffled)
[09:33:06.182]                     }
[09:33:06.182]                     muffleCondition(cond, pattern = "^muffle")
[09:33:06.182]                   }
[09:33:06.182]                 }
[09:33:06.182]             }
[09:33:06.182]         }))
[09:33:06.182]     }, error = function(ex) {
[09:33:06.182]         base::structure(base::list(value = NULL, visible = NULL, 
[09:33:06.182]             conditions = ...future.conditions, rng = !identical(base::globalenv()$.Random.seed, 
[09:33:06.182]                 ...future.rng), started = ...future.startTime, 
[09:33:06.182]             finished = Sys.time(), session_uuid = NA_character_, 
[09:33:06.182]             version = "1.8"), class = "FutureResult")
[09:33:06.182]     }, finally = {
[09:33:06.182]         if (!identical(...future.workdir, getwd())) 
[09:33:06.182]             setwd(...future.workdir)
[09:33:06.182]         {
[09:33:06.182]             if (identical(getOption("nwarnings"), ...future.oldOptions$nwarnings)) {
[09:33:06.182]                 ...future.oldOptions$nwarnings <- NULL
[09:33:06.182]             }
[09:33:06.182]             base::options(...future.oldOptions)
[09:33:06.182]             if (.Platform$OS.type == "windows") {
[09:33:06.182]                 old_names <- names(...future.oldEnvVars)
[09:33:06.182]                 envs <- base::Sys.getenv()
[09:33:06.182]                 names <- names(envs)
[09:33:06.182]                 common <- intersect(names, old_names)
[09:33:06.182]                 added <- setdiff(names, old_names)
[09:33:06.182]                 removed <- setdiff(old_names, names)
[09:33:06.182]                 changed <- common[...future.oldEnvVars[common] != 
[09:33:06.182]                   envs[common]]
[09:33:06.182]                 NAMES <- toupper(changed)
[09:33:06.182]                 args <- list()
[09:33:06.182]                 for (kk in seq_along(NAMES)) {
[09:33:06.182]                   name <- changed[[kk]]
[09:33:06.182]                   NAME <- NAMES[[kk]]
[09:33:06.182]                   if (name != NAME && is.element(NAME, old_names)) 
[09:33:06.182]                     next
[09:33:06.182]                   args[[name]] <- ...future.oldEnvVars[[name]]
[09:33:06.182]                 }
[09:33:06.182]                 NAMES <- toupper(added)
[09:33:06.182]                 for (kk in seq_along(NAMES)) {
[09:33:06.182]                   name <- added[[kk]]
[09:33:06.182]                   NAME <- NAMES[[kk]]
[09:33:06.182]                   if (name != NAME && is.element(NAME, old_names)) 
[09:33:06.182]                     next
[09:33:06.182]                   args[[name]] <- ""
[09:33:06.182]                 }
[09:33:06.182]                 NAMES <- toupper(removed)
[09:33:06.182]                 for (kk in seq_along(NAMES)) {
[09:33:06.182]                   name <- removed[[kk]]
[09:33:06.182]                   NAME <- NAMES[[kk]]
[09:33:06.182]                   if (name != NAME && is.element(NAME, old_names)) 
[09:33:06.182]                     next
[09:33:06.182]                   args[[name]] <- ...future.oldEnvVars[[name]]
[09:33:06.182]                 }
[09:33:06.182]                 if (length(args) > 0) 
[09:33:06.182]                   base::do.call(base::Sys.setenv, args = args)
[09:33:06.182]                 args <- names <- old_names <- NAMES <- envs <- common <- added <- removed <- NULL
[09:33:06.182]             }
[09:33:06.182]             else {
[09:33:06.182]                 base::do.call(base::Sys.setenv, args = base::as.list(...future.oldEnvVars))
[09:33:06.182]             }
[09:33:06.182]             {
[09:33:06.182]                 if (base::length(...future.futureOptionsAdded) > 
[09:33:06.182]                   0L) {
[09:33:06.182]                   opts <- base::vector("list", length = base::length(...future.futureOptionsAdded))
[09:33:06.182]                   base::names(opts) <- ...future.futureOptionsAdded
[09:33:06.182]                   base::options(opts)
[09:33:06.182]                 }
[09:33:06.182]                 {
[09:33:06.182]                   NULL
[09:33:06.182]                   options(future.plan = NULL)
[09:33:06.182]                   if (is.na(NA_character_)) 
[09:33:06.182]                     Sys.unsetenv("R_FUTURE_PLAN")
[09:33:06.182]                   else Sys.setenv(R_FUTURE_PLAN = NA_character_)
[09:33:06.182]                   future::plan(...future.strategy.old, .cleanup = FALSE, 
[09:33:06.182]                     .init = FALSE)
[09:33:06.182]                 }
[09:33:06.182]             }
[09:33:06.182]         }
[09:33:06.182]     })
[09:33:06.182]     if (TRUE) {
[09:33:06.182]         base::sink(type = "output", split = FALSE)
[09:33:06.182]         if (TRUE) {
[09:33:06.182]             ...future.result$stdout <- base::rawToChar(base::rawConnectionValue(...future.stdout))
[09:33:06.182]         }
[09:33:06.182]         else {
[09:33:06.182]             ...future.result["stdout"] <- base::list(NULL)
[09:33:06.182]         }
[09:33:06.182]         base::close(...future.stdout)
[09:33:06.182]         ...future.stdout <- NULL
[09:33:06.182]     }
[09:33:06.182]     ...future.result$conditions <- ...future.conditions
[09:33:06.182]     ...future.result$finished <- base::Sys.time()
[09:33:06.182]     ...future.result
[09:33:06.182] }
[09:33:06.232] ClusterFuture started
[09:33:06.233] result() for ClusterFuture ...
[09:33:06.234] receiveMessageFromWorker() for ClusterFuture ...
[09:33:06.234] - Validating connection of ClusterFuture
[09:33:06.264] - received message: FutureResult
[09:33:06.264] - Received FutureResult
[09:33:06.267] - Erased future from FutureRegistry
[09:33:06.268] result() for ClusterFuture ...
[09:33:06.268] - result already collected: FutureResult
[09:33:06.268] result() for ClusterFuture ... done
[09:33:06.268] receiveMessageFromWorker() for ClusterFuture ... done
[09:33:06.268] result() for ClusterFuture ... done
[09:33:06.268] result() for ClusterFuture ...
[09:33:06.268] - result already collected: FutureResult
[09:33:06.269] result() for ClusterFuture ... done
[09:33:06.269] plan(): plan_init() of ‘tweaked’, ‘cluster’, ‘multiprocess’, ‘future’, ‘function’ ... DONE
[09:33:06.269] plan(): nbrOfWorkers() = 1
[09:33:06.270] plan(): Setting new future strategy stack:
[09:33:06.270] List of future strategies:
[09:33:06.270] 1. sequential:
[09:33:06.270]    - args: function (..., envir = parent.frame(), workers = "<NULL>")
[09:33:06.270]    - tweaked: FALSE
[09:33:06.270]    - call: future::plan("sequential")
[09:33:06.271] plan(): nbrOfWorkers() = 1
> 
> message("*** plan() - tweak without introducting package dependencies ... DONE")
*** plan() - tweak without introducting package dependencies ... DONE
> 
> 
> message("*** y %<-% { expr } %tweak% tweaks ...")
*** y %<-% { expr } %tweak% tweaks ...
> 
> plan(sequential)
[09:33:06.271] plan(): Setting new future strategy stack:
[09:33:06.271] List of future strategies:
[09:33:06.271] 1. sequential:
[09:33:06.271]    - args: function (..., envir = parent.frame(), workers = "<NULL>")
[09:33:06.271]    - tweaked: FALSE
[09:33:06.271]    - call: plan(sequential)
[09:33:06.272] plan(): nbrOfWorkers() = 1
> 
> a <- 0
> x %<-% { a <- 1; a }
[09:33:06.273] getGlobalsAndPackages() ...
[09:33:06.273] Searching for globals...
[09:33:06.283] - globals found: [2] ‘{’, ‘<-’
[09:33:06.283] Searching for globals ... DONE
[09:33:06.283] Resolving globals: FALSE
[09:33:06.283] 
[09:33:06.283] 
[09:33:06.284] getGlobalsAndPackages() ... DONE
[09:33:06.284] run() for ‘Future’ ...
[09:33:06.284] - state: ‘created’
[09:33:06.284] - Future backend: ‘FutureStrategy’, ‘sequential’, ‘uniprocess’, ‘future’, ‘function’
[09:33:06.284] - Future class: ‘SequentialFuture’, ‘UniprocessFuture’, ‘Future’, ‘environment’
[09:33:06.285] - Copy elements of temporary ‘SequentialFuture’ to final ‘Future’ object ...
[09:33:06.285]   - Field: ‘label’
[09:33:06.285]   - Field: ‘local’
[09:33:06.285]   - Field: ‘owner’
[09:33:06.285]   - Field: ‘envir’
[09:33:06.285]   - Field: ‘packages’
[09:33:06.285]   - Field: ‘gc’
[09:33:06.285]   - Field: ‘conditions’
[09:33:06.285]   - Field: ‘expr’
[09:33:06.285]   - Field: ‘uuid’
[09:33:06.286]   - Field: ‘seed’
[09:33:06.286]   - Field: ‘version’
[09:33:06.286]   - Field: ‘result’
[09:33:06.286]   - Field: ‘asynchronous’
[09:33:06.286]   - Field: ‘calls’
[09:33:06.286]   - Field: ‘globals’
[09:33:06.286]   - Field: ‘stdout’
[09:33:06.286]   - Field: ‘earlySignal’
[09:33:06.286]   - Field: ‘lazy’
[09:33:06.286]   - Field: ‘state’
[09:33:06.286] - Copy elements of temporary ‘SequentialFuture’ to final ‘Future’ object ... done
[09:33:06.286] - Launch lazy future ...
[09:33:06.287] Packages needed by the future expression (n = 0): <none>
[09:33:06.287] Packages needed by future strategies (n = 0): <none>
[09:33:06.287] {
[09:33:06.287]     {
[09:33:06.287]         {
[09:33:06.287]             ...future.startTime <- base::Sys.time()
[09:33:06.287]             {
[09:33:06.287]                 {
[09:33:06.287]                   {
[09:33:06.287]                     base::local({
[09:33:06.287]                       has_future <- base::requireNamespace("future", 
[09:33:06.287]                         quietly = TRUE)
[09:33:06.287]                       if (has_future) {
[09:33:06.287]                         ns <- base::getNamespace("future")
[09:33:06.287]                         version <- ns[[".package"]][["version"]]
[09:33:06.287]                         if (is.null(version)) 
[09:33:06.287]                           version <- utils::packageVersion("future")
[09:33:06.287]                       }
[09:33:06.287]                       else {
[09:33:06.287]                         version <- NULL
[09:33:06.287]                       }
[09:33:06.287]                       if (!has_future || version < "1.8.0") {
[09:33:06.287]                         info <- base::c(r_version = base::gsub("R version ", 
[09:33:06.287]                           "", base::R.version$version.string), 
[09:33:06.287]                           platform = base::sprintf("%s (%s-bit)", 
[09:33:06.287]                             base::R.version$platform, 8 * base::.Machine$sizeof.pointer), 
[09:33:06.287]                           os = base::paste(base::Sys.info()[base::c("sysname", 
[09:33:06.287]                             "release", "version")], collapse = " "), 
[09:33:06.287]                           hostname = base::Sys.info()[["nodename"]])
[09:33:06.287]                         info <- base::sprintf("%s: %s", base::names(info), 
[09:33:06.287]                           info)
[09:33:06.287]                         info <- base::paste(info, collapse = "; ")
[09:33:06.287]                         if (!has_future) {
[09:33:06.287]                           msg <- base::sprintf("Package 'future' is not installed on worker (%s)", 
[09:33:06.287]                             info)
[09:33:06.287]                         }
[09:33:06.287]                         else {
[09:33:06.287]                           msg <- base::sprintf("Package 'future' on worker (%s) must be of version >= 1.8.0: %s", 
[09:33:06.287]                             info, version)
[09:33:06.287]                         }
[09:33:06.287]                         base::stop(msg)
[09:33:06.287]                       }
[09:33:06.287]                     })
[09:33:06.287]                   }
[09:33:06.287]                   ...future.strategy.old <- future::plan("list")
[09:33:06.287]                   options(future.plan = NULL)
[09:33:06.287]                   Sys.unsetenv("R_FUTURE_PLAN")
[09:33:06.287]                   future::plan("default", .cleanup = FALSE, .init = FALSE)
[09:33:06.287]                 }
[09:33:06.287]                 ...future.workdir <- getwd()
[09:33:06.287]             }
[09:33:06.287]             ...future.oldOptions <- base::as.list(base::.Options)
[09:33:06.287]             ...future.oldEnvVars <- base::Sys.getenv()
[09:33:06.287]         }
[09:33:06.287]         base::options(future.startup.script = FALSE, future.globals.onMissing = NULL, 
[09:33:06.287]             future.globals.maxSize = NULL, future.globals.method = NULL, 
[09:33:06.287]             future.globals.onMissing = NULL, future.globals.onReference = NULL, 
[09:33:06.287]             future.globals.resolve = NULL, future.resolve.recursive = NULL, 
[09:33:06.287]             future.rng.onMisuse = NULL, future.rng.onMisuse.keepFuture = NULL, 
[09:33:06.287]             future.stdout.windows.reencode = NULL, width = 80L)
[09:33:06.287]         ...future.futureOptionsAdded <- base::setdiff(base::names(base::.Options), 
[09:33:06.287]             base::names(...future.oldOptions))
[09:33:06.287]     }
[09:33:06.287]     if (FALSE) {
[09:33:06.287]     }
[09:33:06.287]     else {
[09:33:06.287]         if (TRUE) {
[09:33:06.287]             ...future.stdout <- base::rawConnection(base::raw(0L), 
[09:33:06.287]                 open = "w")
[09:33:06.287]         }
[09:33:06.287]         else {
[09:33:06.287]             ...future.stdout <- base::file(base::switch(.Platform$OS.type, 
[09:33:06.287]                 windows = "NUL", "/dev/null"), open = "w")
[09:33:06.287]         }
[09:33:06.287]         base::sink(...future.stdout, type = "output", split = FALSE)
[09:33:06.287]         base::on.exit(if (!base::is.null(...future.stdout)) {
[09:33:06.287]             base::sink(type = "output", split = FALSE)
[09:33:06.287]             base::close(...future.stdout)
[09:33:06.287]         }, add = TRUE)
[09:33:06.287]     }
[09:33:06.287]     ...future.frame <- base::sys.nframe()
[09:33:06.287]     ...future.conditions <- base::list()
[09:33:06.287]     ...future.rng <- base::globalenv()$.Random.seed
[09:33:06.287]     if (FALSE) {
[09:33:06.287]         ...future.globalenv.names <- c(base::names(base::.GlobalEnv), 
[09:33:06.287]             "...future.value", "...future.globalenv.names", ".Random.seed")
[09:33:06.287]     }
[09:33:06.287]     ...future.result <- base::tryCatch({
[09:33:06.287]         base::withCallingHandlers({
[09:33:06.287]             ...future.value <- base::withVisible(base::local({
[09:33:06.287]                 a <- 1
[09:33:06.287]                 a
[09:33:06.287]             }))
[09:33:06.287]             future::FutureResult(value = ...future.value$value, 
[09:33:06.287]                 visible = ...future.value$visible, rng = !identical(base::globalenv()$.Random.seed, 
[09:33:06.287]                   ...future.rng), globalenv = if (FALSE) 
[09:33:06.287]                   list(added = base::setdiff(base::names(base::.GlobalEnv), 
[09:33:06.287]                     ...future.globalenv.names))
[09:33:06.287]                 else NULL, started = ...future.startTime, version = "1.8")
[09:33:06.287]         }, condition = base::local({
[09:33:06.287]             c <- base::c
[09:33:06.287]             inherits <- base::inherits
[09:33:06.287]             invokeRestart <- base::invokeRestart
[09:33:06.287]             length <- base::length
[09:33:06.287]             list <- base::list
[09:33:06.287]             seq.int <- base::seq.int
[09:33:06.287]             signalCondition <- base::signalCondition
[09:33:06.287]             sys.calls <- base::sys.calls
[09:33:06.287]             `[[` <- base::`[[`
[09:33:06.287]             `+` <- base::`+`
[09:33:06.287]             `<<-` <- base::`<<-`
[09:33:06.287]             sysCalls <- function(calls = sys.calls(), from = 1L) {
[09:33:06.287]                 calls[seq.int(from = from + 12L, to = length(calls) - 
[09:33:06.287]                   3L)]
[09:33:06.287]             }
[09:33:06.287]             function(cond) {
[09:33:06.287]                 is_error <- inherits(cond, "error")
[09:33:06.287]                 ignore <- !is_error && !is.null(NULL) && inherits(cond, 
[09:33:06.287]                   NULL)
[09:33:06.287]                 if (is_error) {
[09:33:06.287]                   sessionInformation <- function() {
[09:33:06.287]                     list(r = base::R.Version(), locale = base::Sys.getlocale(), 
[09:33:06.287]                       rngkind = base::RNGkind(), namespaces = base::loadedNamespaces(), 
[09:33:06.287]                       search = base::search(), system = base::Sys.info())
[09:33:06.287]                   }
[09:33:06.287]                   ...future.conditions[[length(...future.conditions) + 
[09:33:06.287]                     1L]] <<- list(condition = cond, calls = c(sysCalls(from = ...future.frame), 
[09:33:06.287]                     cond$call), session = sessionInformation(), 
[09:33:06.287]                     timestamp = base::Sys.time(), signaled = 0L)
[09:33:06.287]                   signalCondition(cond)
[09:33:06.287]                 }
[09:33:06.287]                 else if (!ignore && TRUE && inherits(cond, c("condition", 
[09:33:06.287]                 "immediateCondition"))) {
[09:33:06.287]                   signal <- TRUE && inherits(cond, "immediateCondition")
[09:33:06.287]                   ...future.conditions[[length(...future.conditions) + 
[09:33:06.287]                     1L]] <<- list(condition = cond, signaled = base::as.integer(signal))
[09:33:06.287]                   if (TRUE && !signal) {
[09:33:06.287]                     muffleCondition <- function (cond, pattern = "^muffle") 
[09:33:06.287]                     {
[09:33:06.287]                       inherits <- base::inherits
[09:33:06.287]                       invokeRestart <- base::invokeRestart
[09:33:06.287]                       is.null <- base::is.null
[09:33:06.287]                       muffled <- FALSE
[09:33:06.287]                       if (inherits(cond, "message")) {
[09:33:06.287]                         muffled <- grepl(pattern, "muffleMessage")
[09:33:06.287]                         if (muffled) 
[09:33:06.287]                           invokeRestart("muffleMessage")
[09:33:06.287]                       }
[09:33:06.287]                       else if (inherits(cond, "warning")) {
[09:33:06.287]                         muffled <- grepl(pattern, "muffleWarning")
[09:33:06.287]                         if (muffled) 
[09:33:06.287]                           invokeRestart("muffleWarning")
[09:33:06.287]                       }
[09:33:06.287]                       else if (inherits(cond, "condition")) {
[09:33:06.287]                         if (!is.null(pattern)) {
[09:33:06.287]                           computeRestarts <- base::computeRestarts
[09:33:06.287]                           grepl <- base::grepl
[09:33:06.287]                           restarts <- computeRestarts(cond)
[09:33:06.287]                           for (restart in restarts) {
[09:33:06.287]                             name <- restart$name
[09:33:06.287]                             if (is.null(name)) 
[09:33:06.287]                               next
[09:33:06.287]                             if (!grepl(pattern, name)) 
[09:33:06.287]                               next
[09:33:06.287]                             invokeRestart(restart)
[09:33:06.287]                             muffled <- TRUE
[09:33:06.287]                             break
[09:33:06.287]                           }
[09:33:06.287]                         }
[09:33:06.287]                       }
[09:33:06.287]                       invisible(muffled)
[09:33:06.287]                     }
[09:33:06.287]                     muffleCondition(cond, pattern = "^muffle")
[09:33:06.287]                   }
[09:33:06.287]                 }
[09:33:06.287]                 else {
[09:33:06.287]                   if (TRUE) {
[09:33:06.287]                     muffleCondition <- function (cond, pattern = "^muffle") 
[09:33:06.287]                     {
[09:33:06.287]                       inherits <- base::inherits
[09:33:06.287]                       invokeRestart <- base::invokeRestart
[09:33:06.287]                       is.null <- base::is.null
[09:33:06.287]                       muffled <- FALSE
[09:33:06.287]                       if (inherits(cond, "message")) {
[09:33:06.287]                         muffled <- grepl(pattern, "muffleMessage")
[09:33:06.287]                         if (muffled) 
[09:33:06.287]                           invokeRestart("muffleMessage")
[09:33:06.287]                       }
[09:33:06.287]                       else if (inherits(cond, "warning")) {
[09:33:06.287]                         muffled <- grepl(pattern, "muffleWarning")
[09:33:06.287]                         if (muffled) 
[09:33:06.287]                           invokeRestart("muffleWarning")
[09:33:06.287]                       }
[09:33:06.287]                       else if (inherits(cond, "condition")) {
[09:33:06.287]                         if (!is.null(pattern)) {
[09:33:06.287]                           computeRestarts <- base::computeRestarts
[09:33:06.287]                           grepl <- base::grepl
[09:33:06.287]                           restarts <- computeRestarts(cond)
[09:33:06.287]                           for (restart in restarts) {
[09:33:06.287]                             name <- restart$name
[09:33:06.287]                             if (is.null(name)) 
[09:33:06.287]                               next
[09:33:06.287]                             if (!grepl(pattern, name)) 
[09:33:06.287]                               next
[09:33:06.287]                             invokeRestart(restart)
[09:33:06.287]                             muffled <- TRUE
[09:33:06.287]                             break
[09:33:06.287]                           }
[09:33:06.287]                         }
[09:33:06.287]                       }
[09:33:06.287]                       invisible(muffled)
[09:33:06.287]                     }
[09:33:06.287]                     muffleCondition(cond, pattern = "^muffle")
[09:33:06.287]                   }
[09:33:06.287]                 }
[09:33:06.287]             }
[09:33:06.287]         }))
[09:33:06.287]     }, error = function(ex) {
[09:33:06.287]         base::structure(base::list(value = NULL, visible = NULL, 
[09:33:06.287]             conditions = ...future.conditions, rng = !identical(base::globalenv()$.Random.seed, 
[09:33:06.287]                 ...future.rng), started = ...future.startTime, 
[09:33:06.287]             finished = Sys.time(), session_uuid = NA_character_, 
[09:33:06.287]             version = "1.8"), class = "FutureResult")
[09:33:06.287]     }, finally = {
[09:33:06.287]         if (!identical(...future.workdir, getwd())) 
[09:33:06.287]             setwd(...future.workdir)
[09:33:06.287]         {
[09:33:06.287]             if (identical(getOption("nwarnings"), ...future.oldOptions$nwarnings)) {
[09:33:06.287]                 ...future.oldOptions$nwarnings <- NULL
[09:33:06.287]             }
[09:33:06.287]             base::options(...future.oldOptions)
[09:33:06.287]             if (.Platform$OS.type == "windows") {
[09:33:06.287]                 old_names <- names(...future.oldEnvVars)
[09:33:06.287]                 envs <- base::Sys.getenv()
[09:33:06.287]                 names <- names(envs)
[09:33:06.287]                 common <- intersect(names, old_names)
[09:33:06.287]                 added <- setdiff(names, old_names)
[09:33:06.287]                 removed <- setdiff(old_names, names)
[09:33:06.287]                 changed <- common[...future.oldEnvVars[common] != 
[09:33:06.287]                   envs[common]]
[09:33:06.287]                 NAMES <- toupper(changed)
[09:33:06.287]                 args <- list()
[09:33:06.287]                 for (kk in seq_along(NAMES)) {
[09:33:06.287]                   name <- changed[[kk]]
[09:33:06.287]                   NAME <- NAMES[[kk]]
[09:33:06.287]                   if (name != NAME && is.element(NAME, old_names)) 
[09:33:06.287]                     next
[09:33:06.287]                   args[[name]] <- ...future.oldEnvVars[[name]]
[09:33:06.287]                 }
[09:33:06.287]                 NAMES <- toupper(added)
[09:33:06.287]                 for (kk in seq_along(NAMES)) {
[09:33:06.287]                   name <- added[[kk]]
[09:33:06.287]                   NAME <- NAMES[[kk]]
[09:33:06.287]                   if (name != NAME && is.element(NAME, old_names)) 
[09:33:06.287]                     next
[09:33:06.287]                   args[[name]] <- ""
[09:33:06.287]                 }
[09:33:06.287]                 NAMES <- toupper(removed)
[09:33:06.287]                 for (kk in seq_along(NAMES)) {
[09:33:06.287]                   name <- removed[[kk]]
[09:33:06.287]                   NAME <- NAMES[[kk]]
[09:33:06.287]                   if (name != NAME && is.element(NAME, old_names)) 
[09:33:06.287]                     next
[09:33:06.287]                   args[[name]] <- ...future.oldEnvVars[[name]]
[09:33:06.287]                 }
[09:33:06.287]                 if (length(args) > 0) 
[09:33:06.287]                   base::do.call(base::Sys.setenv, args = args)
[09:33:06.287]                 args <- names <- old_names <- NAMES <- envs <- common <- added <- removed <- NULL
[09:33:06.287]             }
[09:33:06.287]             else {
[09:33:06.287]                 base::do.call(base::Sys.setenv, args = base::as.list(...future.oldEnvVars))
[09:33:06.287]             }
[09:33:06.287]             {
[09:33:06.287]                 if (base::length(...future.futureOptionsAdded) > 
[09:33:06.287]                   0L) {
[09:33:06.287]                   opts <- base::vector("list", length = base::length(...future.futureOptionsAdded))
[09:33:06.287]                   base::names(opts) <- ...future.futureOptionsAdded
[09:33:06.287]                   base::options(opts)
[09:33:06.287]                 }
[09:33:06.287]                 {
[09:33:06.287]                   {
[09:33:06.287]                     NULL
[09:33:06.287]                     RNGkind("Mersenne-Twister")
[09:33:06.287]                     base::rm(list = ".Random.seed", envir = base::globalenv(), 
[09:33:06.287]                       inherits = FALSE)
[09:33:06.287]                   }
[09:33:06.287]                   options(future.plan = NULL)
[09:33:06.287]                   if (is.na(NA_character_)) 
[09:33:06.287]                     Sys.unsetenv("R_FUTURE_PLAN")
[09:33:06.287]                   else Sys.setenv(R_FUTURE_PLAN = NA_character_)
[09:33:06.287]                   future::plan(...future.strategy.old, .cleanup = FALSE, 
[09:33:06.287]                     .init = FALSE)
[09:33:06.287]                 }
[09:33:06.287]             }
[09:33:06.287]         }
[09:33:06.287]     })
[09:33:06.287]     if (TRUE) {
[09:33:06.287]         base::sink(type = "output", split = FALSE)
[09:33:06.287]         if (TRUE) {
[09:33:06.287]             ...future.result$stdout <- base::rawToChar(base::rawConnectionValue(...future.stdout))
[09:33:06.287]         }
[09:33:06.287]         else {
[09:33:06.287]             ...future.result["stdout"] <- base::list(NULL)
[09:33:06.287]         }
[09:33:06.287]         base::close(...future.stdout)
[09:33:06.287]         ...future.stdout <- NULL
[09:33:06.287]     }
[09:33:06.287]     ...future.result$conditions <- ...future.conditions
[09:33:06.287]     ...future.result$finished <- base::Sys.time()
[09:33:06.287]     ...future.result
[09:33:06.287] }
[09:33:06.289] plan(): Setting new future strategy stack:
[09:33:06.289] List of future strategies:
[09:33:06.289] 1. sequential:
[09:33:06.289]    - args: function (..., envir = parent.frame(), workers = "<NULL>")
[09:33:06.289]    - tweaked: FALSE
[09:33:06.289]    - call: NULL
[09:33:06.290] plan(): nbrOfWorkers() = 1
[09:33:06.291] plan(): Setting new future strategy stack:
[09:33:06.291] List of future strategies:
[09:33:06.291] 1. sequential:
[09:33:06.291]    - args: function (..., envir = parent.frame(), workers = "<NULL>")
[09:33:06.291]    - tweaked: FALSE
[09:33:06.291]    - call: plan(sequential)
[09:33:06.291] plan(): nbrOfWorkers() = 1
[09:33:06.292] SequentialFuture started (and completed)
[09:33:06.292] - Launch lazy future ... done
[09:33:06.292] run() for ‘SequentialFuture’ ... done
> print(x)
[1] 1
> stopifnot(a == 0, x == 1)
> 
> 
> plan(sequential, abc = FALSE)
Warning: Detected 1 unknown future arguments: ‘abc’
[09:33:06.293] plan(): Setting new future strategy stack:
[09:33:06.293] List of future strategies:
[09:33:06.293] 1. sequential:
[09:33:06.293]    - args: function (..., abc = FALSE, envir = parent.frame(), workers = "<NULL>")
[09:33:06.293]    - tweaked: TRUE
[09:33:06.293]    - call: plan(sequential, abc = FALSE)
[09:33:06.293] plan(): nbrOfWorkers() = 1
> 
> a <- 0
> x %<-% { a <- 1; a }
[09:33:06.293] getGlobalsAndPackages() ...
[09:33:06.293] Searching for globals...
[09:33:06.294] - globals found: [2] ‘{’, ‘<-’
[09:33:06.295] Searching for globals ... DONE
[09:33:06.295] Resolving globals: FALSE
[09:33:06.295] 
[09:33:06.295] 
[09:33:06.295] getGlobalsAndPackages() ... DONE
[09:33:06.295] run() for ‘Future’ ...
[09:33:06.295] - state: ‘created’
[09:33:06.296] - Future backend: ‘FutureStrategy’, ‘tweaked’, ‘sequential’, ‘uniprocess’, ‘future’, ‘function’
[09:33:06.296] - Future class: ‘SequentialFuture’, ‘UniprocessFuture’, ‘Future’, ‘environment’
[09:33:06.296] - Copy elements of temporary ‘SequentialFuture’ to final ‘Future’ object ...
[09:33:06.296]   - Field: ‘label’
[09:33:06.296]   - Field: ‘local’
[09:33:06.296]   - Field: ‘owner’
[09:33:06.296]   - Field: ‘envir’
[09:33:06.296]   - Field: ‘packages’
[09:33:06.296]   - Field: ‘gc’
[09:33:06.297]   - Field: ‘conditions’
[09:33:06.297]   - Field: ‘expr’
[09:33:06.297]   - Field: ‘uuid’
[09:33:06.297]   - Field: ‘seed’
[09:33:06.297]   - Field: ‘version’
[09:33:06.297]   - Field: ‘result’
[09:33:06.297]   - Field: ‘asynchronous’
[09:33:06.297]   - Field: ‘calls’
[09:33:06.297]   - Field: ‘abc’
[09:33:06.297]   - Field: ‘globals’
[09:33:06.297]   - Field: ‘stdout’
[09:33:06.298]   - Field: ‘earlySignal’
[09:33:06.298]   - Field: ‘lazy’
[09:33:06.298]   - Field: ‘state’
[09:33:06.298] - Copy elements of temporary ‘SequentialFuture’ to final ‘Future’ object ... done
[09:33:06.298] - Launch lazy future ...
[09:33:06.298] Packages needed by the future expression (n = 0): <none>
[09:33:06.298] Packages needed by future strategies (n = 0): <none>
[09:33:06.299] {
[09:33:06.299]     {
[09:33:06.299]         {
[09:33:06.299]             ...future.startTime <- base::Sys.time()
[09:33:06.299]             {
[09:33:06.299]                 {
[09:33:06.299]                   {
[09:33:06.299]                     base::local({
[09:33:06.299]                       has_future <- base::requireNamespace("future", 
[09:33:06.299]                         quietly = TRUE)
[09:33:06.299]                       if (has_future) {
[09:33:06.299]                         ns <- base::getNamespace("future")
[09:33:06.299]                         version <- ns[[".package"]][["version"]]
[09:33:06.299]                         if (is.null(version)) 
[09:33:06.299]                           version <- utils::packageVersion("future")
[09:33:06.299]                       }
[09:33:06.299]                       else {
[09:33:06.299]                         version <- NULL
[09:33:06.299]                       }
[09:33:06.299]                       if (!has_future || version < "1.8.0") {
[09:33:06.299]                         info <- base::c(r_version = base::gsub("R version ", 
[09:33:06.299]                           "", base::R.version$version.string), 
[09:33:06.299]                           platform = base::sprintf("%s (%s-bit)", 
[09:33:06.299]                             base::R.version$platform, 8 * base::.Machine$sizeof.pointer), 
[09:33:06.299]                           os = base::paste(base::Sys.info()[base::c("sysname", 
[09:33:06.299]                             "release", "version")], collapse = " "), 
[09:33:06.299]                           hostname = base::Sys.info()[["nodename"]])
[09:33:06.299]                         info <- base::sprintf("%s: %s", base::names(info), 
[09:33:06.299]                           info)
[09:33:06.299]                         info <- base::paste(info, collapse = "; ")
[09:33:06.299]                         if (!has_future) {
[09:33:06.299]                           msg <- base::sprintf("Package 'future' is not installed on worker (%s)", 
[09:33:06.299]                             info)
[09:33:06.299]                         }
[09:33:06.299]                         else {
[09:33:06.299]                           msg <- base::sprintf("Package 'future' on worker (%s) must be of version >= 1.8.0: %s", 
[09:33:06.299]                             info, version)
[09:33:06.299]                         }
[09:33:06.299]                         base::stop(msg)
[09:33:06.299]                       }
[09:33:06.299]                     })
[09:33:06.299]                   }
[09:33:06.299]                   ...future.strategy.old <- future::plan("list")
[09:33:06.299]                   options(future.plan = NULL)
[09:33:06.299]                   Sys.unsetenv("R_FUTURE_PLAN")
[09:33:06.299]                   future::plan("default", .cleanup = FALSE, .init = FALSE)
[09:33:06.299]                 }
[09:33:06.299]                 ...future.workdir <- getwd()
[09:33:06.299]             }
[09:33:06.299]             ...future.oldOptions <- base::as.list(base::.Options)
[09:33:06.299]             ...future.oldEnvVars <- base::Sys.getenv()
[09:33:06.299]         }
[09:33:06.299]         base::options(future.startup.script = FALSE, future.globals.onMissing = NULL, 
[09:33:06.299]             future.globals.maxSize = NULL, future.globals.method = NULL, 
[09:33:06.299]             future.globals.onMissing = NULL, future.globals.onReference = NULL, 
[09:33:06.299]             future.globals.resolve = NULL, future.resolve.recursive = NULL, 
[09:33:06.299]             future.rng.onMisuse = NULL, future.rng.onMisuse.keepFuture = NULL, 
[09:33:06.299]             future.stdout.windows.reencode = NULL, width = 80L)
[09:33:06.299]         ...future.futureOptionsAdded <- base::setdiff(base::names(base::.Options), 
[09:33:06.299]             base::names(...future.oldOptions))
[09:33:06.299]     }
[09:33:06.299]     if (FALSE) {
[09:33:06.299]     }
[09:33:06.299]     else {
[09:33:06.299]         if (TRUE) {
[09:33:06.299]             ...future.stdout <- base::rawConnection(base::raw(0L), 
[09:33:06.299]                 open = "w")
[09:33:06.299]         }
[09:33:06.299]         else {
[09:33:06.299]             ...future.stdout <- base::file(base::switch(.Platform$OS.type, 
[09:33:06.299]                 windows = "NUL", "/dev/null"), open = "w")
[09:33:06.299]         }
[09:33:06.299]         base::sink(...future.stdout, type = "output", split = FALSE)
[09:33:06.299]         base::on.exit(if (!base::is.null(...future.stdout)) {
[09:33:06.299]             base::sink(type = "output", split = FALSE)
[09:33:06.299]             base::close(...future.stdout)
[09:33:06.299]         }, add = TRUE)
[09:33:06.299]     }
[09:33:06.299]     ...future.frame <- base::sys.nframe()
[09:33:06.299]     ...future.conditions <- base::list()
[09:33:06.299]     ...future.rng <- base::globalenv()$.Random.seed
[09:33:06.299]     if (FALSE) {
[09:33:06.299]         ...future.globalenv.names <- c(base::names(base::.GlobalEnv), 
[09:33:06.299]             "...future.value", "...future.globalenv.names", ".Random.seed")
[09:33:06.299]     }
[09:33:06.299]     ...future.result <- base::tryCatch({
[09:33:06.299]         base::withCallingHandlers({
[09:33:06.299]             ...future.value <- base::withVisible(base::local({
[09:33:06.299]                 a <- 1
[09:33:06.299]                 a
[09:33:06.299]             }))
[09:33:06.299]             future::FutureResult(value = ...future.value$value, 
[09:33:06.299]                 visible = ...future.value$visible, rng = !identical(base::globalenv()$.Random.seed, 
[09:33:06.299]                   ...future.rng), globalenv = if (FALSE) 
[09:33:06.299]                   list(added = base::setdiff(base::names(base::.GlobalEnv), 
[09:33:06.299]                     ...future.globalenv.names))
[09:33:06.299]                 else NULL, started = ...future.startTime, version = "1.8")
[09:33:06.299]         }, condition = base::local({
[09:33:06.299]             c <- base::c
[09:33:06.299]             inherits <- base::inherits
[09:33:06.299]             invokeRestart <- base::invokeRestart
[09:33:06.299]             length <- base::length
[09:33:06.299]             list <- base::list
[09:33:06.299]             seq.int <- base::seq.int
[09:33:06.299]             signalCondition <- base::signalCondition
[09:33:06.299]             sys.calls <- base::sys.calls
[09:33:06.299]             `[[` <- base::`[[`
[09:33:06.299]             `+` <- base::`+`
[09:33:06.299]             `<<-` <- base::`<<-`
[09:33:06.299]             sysCalls <- function(calls = sys.calls(), from = 1L) {
[09:33:06.299]                 calls[seq.int(from = from + 12L, to = length(calls) - 
[09:33:06.299]                   3L)]
[09:33:06.299]             }
[09:33:06.299]             function(cond) {
[09:33:06.299]                 is_error <- inherits(cond, "error")
[09:33:06.299]                 ignore <- !is_error && !is.null(NULL) && inherits(cond, 
[09:33:06.299]                   NULL)
[09:33:06.299]                 if (is_error) {
[09:33:06.299]                   sessionInformation <- function() {
[09:33:06.299]                     list(r = base::R.Version(), locale = base::Sys.getlocale(), 
[09:33:06.299]                       rngkind = base::RNGkind(), namespaces = base::loadedNamespaces(), 
[09:33:06.299]                       search = base::search(), system = base::Sys.info())
[09:33:06.299]                   }
[09:33:06.299]                   ...future.conditions[[length(...future.conditions) + 
[09:33:06.299]                     1L]] <<- list(condition = cond, calls = c(sysCalls(from = ...future.frame), 
[09:33:06.299]                     cond$call), session = sessionInformation(), 
[09:33:06.299]                     timestamp = base::Sys.time(), signaled = 0L)
[09:33:06.299]                   signalCondition(cond)
[09:33:06.299]                 }
[09:33:06.299]                 else if (!ignore && TRUE && inherits(cond, c("condition", 
[09:33:06.299]                 "immediateCondition"))) {
[09:33:06.299]                   signal <- TRUE && inherits(cond, "immediateCondition")
[09:33:06.299]                   ...future.conditions[[length(...future.conditions) + 
[09:33:06.299]                     1L]] <<- list(condition = cond, signaled = base::as.integer(signal))
[09:33:06.299]                   if (TRUE && !signal) {
[09:33:06.299]                     muffleCondition <- function (cond, pattern = "^muffle") 
[09:33:06.299]                     {
[09:33:06.299]                       inherits <- base::inherits
[09:33:06.299]                       invokeRestart <- base::invokeRestart
[09:33:06.299]                       is.null <- base::is.null
[09:33:06.299]                       muffled <- FALSE
[09:33:06.299]                       if (inherits(cond, "message")) {
[09:33:06.299]                         muffled <- grepl(pattern, "muffleMessage")
[09:33:06.299]                         if (muffled) 
[09:33:06.299]                           invokeRestart("muffleMessage")
[09:33:06.299]                       }
[09:33:06.299]                       else if (inherits(cond, "warning")) {
[09:33:06.299]                         muffled <- grepl(pattern, "muffleWarning")
[09:33:06.299]                         if (muffled) 
[09:33:06.299]                           invokeRestart("muffleWarning")
[09:33:06.299]                       }
[09:33:06.299]                       else if (inherits(cond, "condition")) {
[09:33:06.299]                         if (!is.null(pattern)) {
[09:33:06.299]                           computeRestarts <- base::computeRestarts
[09:33:06.299]                           grepl <- base::grepl
[09:33:06.299]                           restarts <- computeRestarts(cond)
[09:33:06.299]                           for (restart in restarts) {
[09:33:06.299]                             name <- restart$name
[09:33:06.299]                             if (is.null(name)) 
[09:33:06.299]                               next
[09:33:06.299]                             if (!grepl(pattern, name)) 
[09:33:06.299]                               next
[09:33:06.299]                             invokeRestart(restart)
[09:33:06.299]                             muffled <- TRUE
[09:33:06.299]                             break
[09:33:06.299]                           }
[09:33:06.299]                         }
[09:33:06.299]                       }
[09:33:06.299]                       invisible(muffled)
[09:33:06.299]                     }
[09:33:06.299]                     muffleCondition(cond, pattern = "^muffle")
[09:33:06.299]                   }
[09:33:06.299]                 }
[09:33:06.299]                 else {
[09:33:06.299]                   if (TRUE) {
[09:33:06.299]                     muffleCondition <- function (cond, pattern = "^muffle") 
[09:33:06.299]                     {
[09:33:06.299]                       inherits <- base::inherits
[09:33:06.299]                       invokeRestart <- base::invokeRestart
[09:33:06.299]                       is.null <- base::is.null
[09:33:06.299]                       muffled <- FALSE
[09:33:06.299]                       if (inherits(cond, "message")) {
[09:33:06.299]                         muffled <- grepl(pattern, "muffleMessage")
[09:33:06.299]                         if (muffled) 
[09:33:06.299]                           invokeRestart("muffleMessage")
[09:33:06.299]                       }
[09:33:06.299]                       else if (inherits(cond, "warning")) {
[09:33:06.299]                         muffled <- grepl(pattern, "muffleWarning")
[09:33:06.299]                         if (muffled) 
[09:33:06.299]                           invokeRestart("muffleWarning")
[09:33:06.299]                       }
[09:33:06.299]                       else if (inherits(cond, "condition")) {
[09:33:06.299]                         if (!is.null(pattern)) {
[09:33:06.299]                           computeRestarts <- base::computeRestarts
[09:33:06.299]                           grepl <- base::grepl
[09:33:06.299]                           restarts <- computeRestarts(cond)
[09:33:06.299]                           for (restart in restarts) {
[09:33:06.299]                             name <- restart$name
[09:33:06.299]                             if (is.null(name)) 
[09:33:06.299]                               next
[09:33:06.299]                             if (!grepl(pattern, name)) 
[09:33:06.299]                               next
[09:33:06.299]                             invokeRestart(restart)
[09:33:06.299]                             muffled <- TRUE
[09:33:06.299]                             break
[09:33:06.299]                           }
[09:33:06.299]                         }
[09:33:06.299]                       }
[09:33:06.299]                       invisible(muffled)
[09:33:06.299]                     }
[09:33:06.299]                     muffleCondition(cond, pattern = "^muffle")
[09:33:06.299]                   }
[09:33:06.299]                 }
[09:33:06.299]             }
[09:33:06.299]         }))
[09:33:06.299]     }, error = function(ex) {
[09:33:06.299]         base::structure(base::list(value = NULL, visible = NULL, 
[09:33:06.299]             conditions = ...future.conditions, rng = !identical(base::globalenv()$.Random.seed, 
[09:33:06.299]                 ...future.rng), started = ...future.startTime, 
[09:33:06.299]             finished = Sys.time(), session_uuid = NA_character_, 
[09:33:06.299]             version = "1.8"), class = "FutureResult")
[09:33:06.299]     }, finally = {
[09:33:06.299]         if (!identical(...future.workdir, getwd())) 
[09:33:06.299]             setwd(...future.workdir)
[09:33:06.299]         {
[09:33:06.299]             if (identical(getOption("nwarnings"), ...future.oldOptions$nwarnings)) {
[09:33:06.299]                 ...future.oldOptions$nwarnings <- NULL
[09:33:06.299]             }
[09:33:06.299]             base::options(...future.oldOptions)
[09:33:06.299]             if (.Platform$OS.type == "windows") {
[09:33:06.299]                 old_names <- names(...future.oldEnvVars)
[09:33:06.299]                 envs <- base::Sys.getenv()
[09:33:06.299]                 names <- names(envs)
[09:33:06.299]                 common <- intersect(names, old_names)
[09:33:06.299]                 added <- setdiff(names, old_names)
[09:33:06.299]                 removed <- setdiff(old_names, names)
[09:33:06.299]                 changed <- common[...future.oldEnvVars[common] != 
[09:33:06.299]                   envs[common]]
[09:33:06.299]                 NAMES <- toupper(changed)
[09:33:06.299]                 args <- list()
[09:33:06.299]                 for (kk in seq_along(NAMES)) {
[09:33:06.299]                   name <- changed[[kk]]
[09:33:06.299]                   NAME <- NAMES[[kk]]
[09:33:06.299]                   if (name != NAME && is.element(NAME, old_names)) 
[09:33:06.299]                     next
[09:33:06.299]                   args[[name]] <- ...future.oldEnvVars[[name]]
[09:33:06.299]                 }
[09:33:06.299]                 NAMES <- toupper(added)
[09:33:06.299]                 for (kk in seq_along(NAMES)) {
[09:33:06.299]                   name <- added[[kk]]
[09:33:06.299]                   NAME <- NAMES[[kk]]
[09:33:06.299]                   if (name != NAME && is.element(NAME, old_names)) 
[09:33:06.299]                     next
[09:33:06.299]                   args[[name]] <- ""
[09:33:06.299]                 }
[09:33:06.299]                 NAMES <- toupper(removed)
[09:33:06.299]                 for (kk in seq_along(NAMES)) {
[09:33:06.299]                   name <- removed[[kk]]
[09:33:06.299]                   NAME <- NAMES[[kk]]
[09:33:06.299]                   if (name != NAME && is.element(NAME, old_names)) 
[09:33:06.299]                     next
[09:33:06.299]                   args[[name]] <- ...future.oldEnvVars[[name]]
[09:33:06.299]                 }
[09:33:06.299]                 if (length(args) > 0) 
[09:33:06.299]                   base::do.call(base::Sys.setenv, args = args)
[09:33:06.299]                 args <- names <- old_names <- NAMES <- envs <- common <- added <- removed <- NULL
[09:33:06.299]             }
[09:33:06.299]             else {
[09:33:06.299]                 base::do.call(base::Sys.setenv, args = base::as.list(...future.oldEnvVars))
[09:33:06.299]             }
[09:33:06.299]             {
[09:33:06.299]                 if (base::length(...future.futureOptionsAdded) > 
[09:33:06.299]                   0L) {
[09:33:06.299]                   opts <- base::vector("list", length = base::length(...future.futureOptionsAdded))
[09:33:06.299]                   base::names(opts) <- ...future.futureOptionsAdded
[09:33:06.299]                   base::options(opts)
[09:33:06.299]                 }
[09:33:06.299]                 {
[09:33:06.299]                   {
[09:33:06.299]                     NULL
[09:33:06.299]                     RNGkind("Mersenne-Twister")
[09:33:06.299]                     base::rm(list = ".Random.seed", envir = base::globalenv(), 
[09:33:06.299]                       inherits = FALSE)
[09:33:06.299]                   }
[09:33:06.299]                   options(future.plan = NULL)
[09:33:06.299]                   if (is.na(NA_character_)) 
[09:33:06.299]                     Sys.unsetenv("R_FUTURE_PLAN")
[09:33:06.299]                   else Sys.setenv(R_FUTURE_PLAN = NA_character_)
[09:33:06.299]                   future::plan(...future.strategy.old, .cleanup = FALSE, 
[09:33:06.299]                     .init = FALSE)
[09:33:06.299]                 }
[09:33:06.299]             }
[09:33:06.299]         }
[09:33:06.299]     })
[09:33:06.299]     if (TRUE) {
[09:33:06.299]         base::sink(type = "output", split = FALSE)
[09:33:06.299]         if (TRUE) {
[09:33:06.299]             ...future.result$stdout <- base::rawToChar(base::rawConnectionValue(...future.stdout))
[09:33:06.299]         }
[09:33:06.299]         else {
[09:33:06.299]             ...future.result["stdout"] <- base::list(NULL)
[09:33:06.299]         }
[09:33:06.299]         base::close(...future.stdout)
[09:33:06.299]         ...future.stdout <- NULL
[09:33:06.299]     }
[09:33:06.299]     ...future.result$conditions <- ...future.conditions
[09:33:06.299]     ...future.result$finished <- base::Sys.time()
[09:33:06.299]     ...future.result
[09:33:06.299] }
[09:33:06.300] plan(): Setting new future strategy stack:
[09:33:06.300] List of future strategies:
[09:33:06.300] 1. sequential:
[09:33:06.300]    - args: function (..., envir = parent.frame(), workers = "<NULL>")
[09:33:06.300]    - tweaked: FALSE
[09:33:06.300]    - call: NULL
[09:33:06.301] plan(): nbrOfWorkers() = 1
[09:33:06.302] plan(): Setting new future strategy stack:
[09:33:06.302] List of future strategies:
[09:33:06.302] 1. sequential:
[09:33:06.302]    - args: function (..., abc = FALSE, envir = parent.frame(), workers = "<NULL>")
[09:33:06.302]    - tweaked: TRUE
[09:33:06.302]    - call: plan(sequential, abc = FALSE)
[09:33:06.302] plan(): nbrOfWorkers() = 1
[09:33:06.302] SequentialFuture started (and completed)
[09:33:06.302] - Launch lazy future ... done
[09:33:06.302] run() for ‘SequentialFuture’ ... done
> print(x)
[1] 1
> stopifnot(a == 0, x == 1)
> 
> x %<-% { a <- 2; a } %tweak% list(abc = TRUE)
[09:33:06.303] plan(): Setting new future strategy stack:
[09:33:06.303] List of future strategies:
[09:33:06.303] 1. sequential:
[09:33:06.303]    - args: function (..., abc = TRUE, envir = parent.frame(), workers = "<NULL>")
[09:33:06.303]    - tweaked: TRUE
[09:33:06.303]    - call: plan(sequential, abc = FALSE)
[09:33:06.304] plan(): nbrOfWorkers() = 1
[09:33:06.304] getGlobalsAndPackages() ...
[09:33:06.304] Searching for globals...
[09:33:06.305] - globals found: [2] ‘{’, ‘<-’
[09:33:06.305] Searching for globals ... DONE
[09:33:06.305] Resolving globals: FALSE
[09:33:06.305] 
[09:33:06.305] 
[09:33:06.306] getGlobalsAndPackages() ... DONE
[09:33:06.306] run() for ‘Future’ ...
[09:33:06.306] - state: ‘created’
[09:33:06.306] - Future backend: ‘FutureStrategy’, ‘tweaked’, ‘tweaked’, ‘sequential’, ‘uniprocess’, ‘future’, ‘function’
[09:33:06.306] - Future class: ‘SequentialFuture’, ‘UniprocessFuture’, ‘Future’, ‘environment’
[09:33:06.306] - Copy elements of temporary ‘SequentialFuture’ to final ‘Future’ object ...
[09:33:06.306]   - Field: ‘label’
[09:33:06.307]   - Field: ‘local’
[09:33:06.307]   - Field: ‘owner’
[09:33:06.307]   - Field: ‘envir’
[09:33:06.307]   - Field: ‘packages’
[09:33:06.307]   - Field: ‘gc’
[09:33:06.307]   - Field: ‘conditions’
[09:33:06.307]   - Field: ‘expr’
[09:33:06.307]   - Field: ‘uuid’
[09:33:06.307]   - Field: ‘seed’
[09:33:06.307]   - Field: ‘version’
[09:33:06.307]   - Field: ‘result’
[09:33:06.308]   - Field: ‘asynchronous’
[09:33:06.308]   - Field: ‘calls’
[09:33:06.308]   - Field: ‘abc’
[09:33:06.308]   - Field: ‘globals’
[09:33:06.308]   - Field: ‘stdout’
[09:33:06.308]   - Field: ‘earlySignal’
[09:33:06.308]   - Field: ‘lazy’
[09:33:06.308]   - Field: ‘state’
[09:33:06.308] - Copy elements of temporary ‘SequentialFuture’ to final ‘Future’ object ... done
[09:33:06.308] - Launch lazy future ...
[09:33:06.309] Packages needed by the future expression (n = 0): <none>
[09:33:06.309] Packages needed by future strategies (n = 0): <none>
[09:33:06.309] {
[09:33:06.309]     {
[09:33:06.309]         {
[09:33:06.309]             ...future.startTime <- base::Sys.time()
[09:33:06.309]             {
[09:33:06.309]                 {
[09:33:06.309]                   {
[09:33:06.309]                     base::local({
[09:33:06.309]                       has_future <- base::requireNamespace("future", 
[09:33:06.309]                         quietly = TRUE)
[09:33:06.309]                       if (has_future) {
[09:33:06.309]                         ns <- base::getNamespace("future")
[09:33:06.309]                         version <- ns[[".package"]][["version"]]
[09:33:06.309]                         if (is.null(version)) 
[09:33:06.309]                           version <- utils::packageVersion("future")
[09:33:06.309]                       }
[09:33:06.309]                       else {
[09:33:06.309]                         version <- NULL
[09:33:06.309]                       }
[09:33:06.309]                       if (!has_future || version < "1.8.0") {
[09:33:06.309]                         info <- base::c(r_version = base::gsub("R version ", 
[09:33:06.309]                           "", base::R.version$version.string), 
[09:33:06.309]                           platform = base::sprintf("%s (%s-bit)", 
[09:33:06.309]                             base::R.version$platform, 8 * base::.Machine$sizeof.pointer), 
[09:33:06.309]                           os = base::paste(base::Sys.info()[base::c("sysname", 
[09:33:06.309]                             "release", "version")], collapse = " "), 
[09:33:06.309]                           hostname = base::Sys.info()[["nodename"]])
[09:33:06.309]                         info <- base::sprintf("%s: %s", base::names(info), 
[09:33:06.309]                           info)
[09:33:06.309]                         info <- base::paste(info, collapse = "; ")
[09:33:06.309]                         if (!has_future) {
[09:33:06.309]                           msg <- base::sprintf("Package 'future' is not installed on worker (%s)", 
[09:33:06.309]                             info)
[09:33:06.309]                         }
[09:33:06.309]                         else {
[09:33:06.309]                           msg <- base::sprintf("Package 'future' on worker (%s) must be of version >= 1.8.0: %s", 
[09:33:06.309]                             info, version)
[09:33:06.309]                         }
[09:33:06.309]                         base::stop(msg)
[09:33:06.309]                       }
[09:33:06.309]                     })
[09:33:06.309]                   }
[09:33:06.309]                   ...future.strategy.old <- future::plan("list")
[09:33:06.309]                   options(future.plan = NULL)
[09:33:06.309]                   Sys.unsetenv("R_FUTURE_PLAN")
[09:33:06.309]                   future::plan("default", .cleanup = FALSE, .init = FALSE)
[09:33:06.309]                 }
[09:33:06.309]                 ...future.workdir <- getwd()
[09:33:06.309]             }
[09:33:06.309]             ...future.oldOptions <- base::as.list(base::.Options)
[09:33:06.309]             ...future.oldEnvVars <- base::Sys.getenv()
[09:33:06.309]         }
[09:33:06.309]         base::options(future.startup.script = FALSE, future.globals.onMissing = NULL, 
[09:33:06.309]             future.globals.maxSize = NULL, future.globals.method = NULL, 
[09:33:06.309]             future.globals.onMissing = NULL, future.globals.onReference = NULL, 
[09:33:06.309]             future.globals.resolve = NULL, future.resolve.recursive = NULL, 
[09:33:06.309]             future.rng.onMisuse = NULL, future.rng.onMisuse.keepFuture = NULL, 
[09:33:06.309]             future.stdout.windows.reencode = NULL, width = 80L)
[09:33:06.309]         ...future.futureOptionsAdded <- base::setdiff(base::names(base::.Options), 
[09:33:06.309]             base::names(...future.oldOptions))
[09:33:06.309]     }
[09:33:06.309]     if (FALSE) {
[09:33:06.309]     }
[09:33:06.309]     else {
[09:33:06.309]         if (TRUE) {
[09:33:06.309]             ...future.stdout <- base::rawConnection(base::raw(0L), 
[09:33:06.309]                 open = "w")
[09:33:06.309]         }
[09:33:06.309]         else {
[09:33:06.309]             ...future.stdout <- base::file(base::switch(.Platform$OS.type, 
[09:33:06.309]                 windows = "NUL", "/dev/null"), open = "w")
[09:33:06.309]         }
[09:33:06.309]         base::sink(...future.stdout, type = "output", split = FALSE)
[09:33:06.309]         base::on.exit(if (!base::is.null(...future.stdout)) {
[09:33:06.309]             base::sink(type = "output", split = FALSE)
[09:33:06.309]             base::close(...future.stdout)
[09:33:06.309]         }, add = TRUE)
[09:33:06.309]     }
[09:33:06.309]     ...future.frame <- base::sys.nframe()
[09:33:06.309]     ...future.conditions <- base::list()
[09:33:06.309]     ...future.rng <- base::globalenv()$.Random.seed
[09:33:06.309]     if (FALSE) {
[09:33:06.309]         ...future.globalenv.names <- c(base::names(base::.GlobalEnv), 
[09:33:06.309]             "...future.value", "...future.globalenv.names", ".Random.seed")
[09:33:06.309]     }
[09:33:06.309]     ...future.result <- base::tryCatch({
[09:33:06.309]         base::withCallingHandlers({
[09:33:06.309]             ...future.value <- base::withVisible(base::local({
[09:33:06.309]                 a <- 2
[09:33:06.309]                 a
[09:33:06.309]             }))
[09:33:06.309]             future::FutureResult(value = ...future.value$value, 
[09:33:06.309]                 visible = ...future.value$visible, rng = !identical(base::globalenv()$.Random.seed, 
[09:33:06.309]                   ...future.rng), globalenv = if (FALSE) 
[09:33:06.309]                   list(added = base::setdiff(base::names(base::.GlobalEnv), 
[09:33:06.309]                     ...future.globalenv.names))
[09:33:06.309]                 else NULL, started = ...future.startTime, version = "1.8")
[09:33:06.309]         }, condition = base::local({
[09:33:06.309]             c <- base::c
[09:33:06.309]             inherits <- base::inherits
[09:33:06.309]             invokeRestart <- base::invokeRestart
[09:33:06.309]             length <- base::length
[09:33:06.309]             list <- base::list
[09:33:06.309]             seq.int <- base::seq.int
[09:33:06.309]             signalCondition <- base::signalCondition
[09:33:06.309]             sys.calls <- base::sys.calls
[09:33:06.309]             `[[` <- base::`[[`
[09:33:06.309]             `+` <- base::`+`
[09:33:06.309]             `<<-` <- base::`<<-`
[09:33:06.309]             sysCalls <- function(calls = sys.calls(), from = 1L) {
[09:33:06.309]                 calls[seq.int(from = from + 12L, to = length(calls) - 
[09:33:06.309]                   3L)]
[09:33:06.309]             }
[09:33:06.309]             function(cond) {
[09:33:06.309]                 is_error <- inherits(cond, "error")
[09:33:06.309]                 ignore <- !is_error && !is.null(NULL) && inherits(cond, 
[09:33:06.309]                   NULL)
[09:33:06.309]                 if (is_error) {
[09:33:06.309]                   sessionInformation <- function() {
[09:33:06.309]                     list(r = base::R.Version(), locale = base::Sys.getlocale(), 
[09:33:06.309]                       rngkind = base::RNGkind(), namespaces = base::loadedNamespaces(), 
[09:33:06.309]                       search = base::search(), system = base::Sys.info())
[09:33:06.309]                   }
[09:33:06.309]                   ...future.conditions[[length(...future.conditions) + 
[09:33:06.309]                     1L]] <<- list(condition = cond, calls = c(sysCalls(from = ...future.frame), 
[09:33:06.309]                     cond$call), session = sessionInformation(), 
[09:33:06.309]                     timestamp = base::Sys.time(), signaled = 0L)
[09:33:06.309]                   signalCondition(cond)
[09:33:06.309]                 }
[09:33:06.309]                 else if (!ignore && TRUE && inherits(cond, c("condition", 
[09:33:06.309]                 "immediateCondition"))) {
[09:33:06.309]                   signal <- TRUE && inherits(cond, "immediateCondition")
[09:33:06.309]                   ...future.conditions[[length(...future.conditions) + 
[09:33:06.309]                     1L]] <<- list(condition = cond, signaled = base::as.integer(signal))
[09:33:06.309]                   if (TRUE && !signal) {
[09:33:06.309]                     muffleCondition <- function (cond, pattern = "^muffle") 
[09:33:06.309]                     {
[09:33:06.309]                       inherits <- base::inherits
[09:33:06.309]                       invokeRestart <- base::invokeRestart
[09:33:06.309]                       is.null <- base::is.null
[09:33:06.309]                       muffled <- FALSE
[09:33:06.309]                       if (inherits(cond, "message")) {
[09:33:06.309]                         muffled <- grepl(pattern, "muffleMessage")
[09:33:06.309]                         if (muffled) 
[09:33:06.309]                           invokeRestart("muffleMessage")
[09:33:06.309]                       }
[09:33:06.309]                       else if (inherits(cond, "warning")) {
[09:33:06.309]                         muffled <- grepl(pattern, "muffleWarning")
[09:33:06.309]                         if (muffled) 
[09:33:06.309]                           invokeRestart("muffleWarning")
[09:33:06.309]                       }
[09:33:06.309]                       else if (inherits(cond, "condition")) {
[09:33:06.309]                         if (!is.null(pattern)) {
[09:33:06.309]                           computeRestarts <- base::computeRestarts
[09:33:06.309]                           grepl <- base::grepl
[09:33:06.309]                           restarts <- computeRestarts(cond)
[09:33:06.309]                           for (restart in restarts) {
[09:33:06.309]                             name <- restart$name
[09:33:06.309]                             if (is.null(name)) 
[09:33:06.309]                               next
[09:33:06.309]                             if (!grepl(pattern, name)) 
[09:33:06.309]                               next
[09:33:06.309]                             invokeRestart(restart)
[09:33:06.309]                             muffled <- TRUE
[09:33:06.309]                             break
[09:33:06.309]                           }
[09:33:06.309]                         }
[09:33:06.309]                       }
[09:33:06.309]                       invisible(muffled)
[09:33:06.309]                     }
[09:33:06.309]                     muffleCondition(cond, pattern = "^muffle")
[09:33:06.309]                   }
[09:33:06.309]                 }
[09:33:06.309]                 else {
[09:33:06.309]                   if (TRUE) {
[09:33:06.309]                     muffleCondition <- function (cond, pattern = "^muffle") 
[09:33:06.309]                     {
[09:33:06.309]                       inherits <- base::inherits
[09:33:06.309]                       invokeRestart <- base::invokeRestart
[09:33:06.309]                       is.null <- base::is.null
[09:33:06.309]                       muffled <- FALSE
[09:33:06.309]                       if (inherits(cond, "message")) {
[09:33:06.309]                         muffled <- grepl(pattern, "muffleMessage")
[09:33:06.309]                         if (muffled) 
[09:33:06.309]                           invokeRestart("muffleMessage")
[09:33:06.309]                       }
[09:33:06.309]                       else if (inherits(cond, "warning")) {
[09:33:06.309]                         muffled <- grepl(pattern, "muffleWarning")
[09:33:06.309]                         if (muffled) 
[09:33:06.309]                           invokeRestart("muffleWarning")
[09:33:06.309]                       }
[09:33:06.309]                       else if (inherits(cond, "condition")) {
[09:33:06.309]                         if (!is.null(pattern)) {
[09:33:06.309]                           computeRestarts <- base::computeRestarts
[09:33:06.309]                           grepl <- base::grepl
[09:33:06.309]                           restarts <- computeRestarts(cond)
[09:33:06.309]                           for (restart in restarts) {
[09:33:06.309]                             name <- restart$name
[09:33:06.309]                             if (is.null(name)) 
[09:33:06.309]                               next
[09:33:06.309]                             if (!grepl(pattern, name)) 
[09:33:06.309]                               next
[09:33:06.309]                             invokeRestart(restart)
[09:33:06.309]                             muffled <- TRUE
[09:33:06.309]                             break
[09:33:06.309]                           }
[09:33:06.309]                         }
[09:33:06.309]                       }
[09:33:06.309]                       invisible(muffled)
[09:33:06.309]                     }
[09:33:06.309]                     muffleCondition(cond, pattern = "^muffle")
[09:33:06.309]                   }
[09:33:06.309]                 }
[09:33:06.309]             }
[09:33:06.309]         }))
[09:33:06.309]     }, error = function(ex) {
[09:33:06.309]         base::structure(base::list(value = NULL, visible = NULL, 
[09:33:06.309]             conditions = ...future.conditions, rng = !identical(base::globalenv()$.Random.seed, 
[09:33:06.309]                 ...future.rng), started = ...future.startTime, 
[09:33:06.309]             finished = Sys.time(), session_uuid = NA_character_, 
[09:33:06.309]             version = "1.8"), class = "FutureResult")
[09:33:06.309]     }, finally = {
[09:33:06.309]         if (!identical(...future.workdir, getwd())) 
[09:33:06.309]             setwd(...future.workdir)
[09:33:06.309]         {
[09:33:06.309]             if (identical(getOption("nwarnings"), ...future.oldOptions$nwarnings)) {
[09:33:06.309]                 ...future.oldOptions$nwarnings <- NULL
[09:33:06.309]             }
[09:33:06.309]             base::options(...future.oldOptions)
[09:33:06.309]             if (.Platform$OS.type == "windows") {
[09:33:06.309]                 old_names <- names(...future.oldEnvVars)
[09:33:06.309]                 envs <- base::Sys.getenv()
[09:33:06.309]                 names <- names(envs)
[09:33:06.309]                 common <- intersect(names, old_names)
[09:33:06.309]                 added <- setdiff(names, old_names)
[09:33:06.309]                 removed <- setdiff(old_names, names)
[09:33:06.309]                 changed <- common[...future.oldEnvVars[common] != 
[09:33:06.309]                   envs[common]]
[09:33:06.309]                 NAMES <- toupper(changed)
[09:33:06.309]                 args <- list()
[09:33:06.309]                 for (kk in seq_along(NAMES)) {
[09:33:06.309]                   name <- changed[[kk]]
[09:33:06.309]                   NAME <- NAMES[[kk]]
[09:33:06.309]                   if (name != NAME && is.element(NAME, old_names)) 
[09:33:06.309]                     next
[09:33:06.309]                   args[[name]] <- ...future.oldEnvVars[[name]]
[09:33:06.309]                 }
[09:33:06.309]                 NAMES <- toupper(added)
[09:33:06.309]                 for (kk in seq_along(NAMES)) {
[09:33:06.309]                   name <- added[[kk]]
[09:33:06.309]                   NAME <- NAMES[[kk]]
[09:33:06.309]                   if (name != NAME && is.element(NAME, old_names)) 
[09:33:06.309]                     next
[09:33:06.309]                   args[[name]] <- ""
[09:33:06.309]                 }
[09:33:06.309]                 NAMES <- toupper(removed)
[09:33:06.309]                 for (kk in seq_along(NAMES)) {
[09:33:06.309]                   name <- removed[[kk]]
[09:33:06.309]                   NAME <- NAMES[[kk]]
[09:33:06.309]                   if (name != NAME && is.element(NAME, old_names)) 
[09:33:06.309]                     next
[09:33:06.309]                   args[[name]] <- ...future.oldEnvVars[[name]]
[09:33:06.309]                 }
[09:33:06.309]                 if (length(args) > 0) 
[09:33:06.309]                   base::do.call(base::Sys.setenv, args = args)
[09:33:06.309]                 args <- names <- old_names <- NAMES <- envs <- common <- added <- removed <- NULL
[09:33:06.309]             }
[09:33:06.309]             else {
[09:33:06.309]                 base::do.call(base::Sys.setenv, args = base::as.list(...future.oldEnvVars))
[09:33:06.309]             }
[09:33:06.309]             {
[09:33:06.309]                 if (base::length(...future.futureOptionsAdded) > 
[09:33:06.309]                   0L) {
[09:33:06.309]                   opts <- base::vector("list", length = base::length(...future.futureOptionsAdded))
[09:33:06.309]                   base::names(opts) <- ...future.futureOptionsAdded
[09:33:06.309]                   base::options(opts)
[09:33:06.309]                 }
[09:33:06.309]                 {
[09:33:06.309]                   {
[09:33:06.309]                     NULL
[09:33:06.309]                     RNGkind("Mersenne-Twister")
[09:33:06.309]                     base::rm(list = ".Random.seed", envir = base::globalenv(), 
[09:33:06.309]                       inherits = FALSE)
[09:33:06.309]                   }
[09:33:06.309]                   options(future.plan = NULL)
[09:33:06.309]                   if (is.na(NA_character_)) 
[09:33:06.309]                     Sys.unsetenv("R_FUTURE_PLAN")
[09:33:06.309]                   else Sys.setenv(R_FUTURE_PLAN = NA_character_)
[09:33:06.309]                   future::plan(...future.strategy.old, .cleanup = FALSE, 
[09:33:06.309]                     .init = FALSE)
[09:33:06.309]                 }
[09:33:06.309]             }
[09:33:06.309]         }
[09:33:06.309]     })
[09:33:06.309]     if (TRUE) {
[09:33:06.309]         base::sink(type = "output", split = FALSE)
[09:33:06.309]         if (TRUE) {
[09:33:06.309]             ...future.result$stdout <- base::rawToChar(base::rawConnectionValue(...future.stdout))
[09:33:06.309]         }
[09:33:06.309]         else {
[09:33:06.309]             ...future.result["stdout"] <- base::list(NULL)
[09:33:06.309]         }
[09:33:06.309]         base::close(...future.stdout)
[09:33:06.309]         ...future.stdout <- NULL
[09:33:06.309]     }
[09:33:06.309]     ...future.result$conditions <- ...future.conditions
[09:33:06.309]     ...future.result$finished <- base::Sys.time()
[09:33:06.309]     ...future.result
[09:33:06.309] }
[09:33:06.311] plan(): Setting new future strategy stack:
[09:33:06.311] List of future strategies:
[09:33:06.311] 1. sequential:
[09:33:06.311]    - args: function (..., envir = parent.frame(), workers = "<NULL>")
[09:33:06.311]    - tweaked: FALSE
[09:33:06.311]    - call: NULL
[09:33:06.311] plan(): nbrOfWorkers() = 1
[09:33:06.312] plan(): Setting new future strategy stack:
[09:33:06.312] List of future strategies:
[09:33:06.312] 1. sequential:
[09:33:06.312]    - args: function (..., abc = TRUE, envir = parent.frame(), workers = "<NULL>")
[09:33:06.312]    - tweaked: TRUE
[09:33:06.312]    - call: plan(sequential, abc = FALSE)
[09:33:06.313] plan(): nbrOfWorkers() = 1
[09:33:06.313] SequentialFuture started (and completed)
[09:33:06.313] - Launch lazy future ... done
[09:33:06.313] run() for ‘SequentialFuture’ ... done
[09:33:06.313] plan(): Setting new future strategy stack:
[09:33:06.313] List of future strategies:
[09:33:06.313] 1. sequential:
[09:33:06.313]    - args: function (..., abc = FALSE, envir = parent.frame(), workers = "<NULL>")
[09:33:06.313]    - tweaked: TRUE
[09:33:06.313]    - call: plan(sequential, abc = FALSE)
[09:33:06.314] plan(): nbrOfWorkers() = 1
> print(x)
[1] 2
> stopifnot(a == 0, x == 2)
> 
> 
> # Preserve nested futures
> plan(list(A = sequential, B = tweak(sequential, abc = FALSE)))
Warning: Detected 1 unknown future arguments: ‘abc’
[09:33:06.314] plan(): Setting new future strategy stack:
[09:33:06.314] List of future strategies:
[09:33:06.314] 1. sequential:
[09:33:06.314]    - args: function (..., envir = parent.frame(), workers = "<NULL>")
[09:33:06.314]    - tweaked: FALSE
[09:33:06.314]    - call: plan(list(A = sequential, B = tweak(sequential, abc = FALSE)))
[09:33:06.314] 2. sequential:
[09:33:06.314]    - args: function (..., abc = FALSE, envir = parent.frame(), workers = "<NULL>")
[09:33:06.314]    - tweaked: TRUE
[09:33:06.314]    - call: plan(list(A = sequential, B = tweak(sequential, abc = FALSE)))
[09:33:06.315] plan(): nbrOfWorkers() = 1
> a <- 0
> 
> x %<-% {
+   stopifnot(identical(names(plan("list")), "B"))
+   a <- 1
+   a
+ }
[09:33:06.315] getGlobalsAndPackages() ...
[09:33:06.315] Searching for globals...
[09:33:06.319] - globals found: [6] ‘{’, ‘stopifnot’, ‘identical’, ‘names’, ‘plan’, ‘<-’
[09:33:06.319] Searching for globals ... DONE
[09:33:06.319] Resolving globals: FALSE
[09:33:06.320] The total size of the 1 globals is 403.23 KiB (412912 bytes)
[09:33:06.320] The total size of the 1 globals exported for future expression (‘{; stopifnot(identical(names(plan("list")), "B")); a <- 1; a; }’) is 403.23 KiB.. This exceeds the maximum allowed size of 500.00 MiB (option 'future.globals.maxSize'). There is one global: ‘plan’ (403.23 KiB of class ‘function’)
[09:33:06.321] - globals: [1] ‘plan’
[09:33:06.321] 
[09:33:06.321] getGlobalsAndPackages() ... DONE
[09:33:06.321] run() for ‘Future’ ...
[09:33:06.321] - state: ‘created’
[09:33:06.321] - Future backend: ‘FutureStrategy’, ‘sequential’, ‘uniprocess’, ‘future’, ‘function’
[09:33:06.321] - Future class: ‘SequentialFuture’, ‘UniprocessFuture’, ‘Future’, ‘environment’
[09:33:06.322] - Copy elements of temporary ‘SequentialFuture’ to final ‘Future’ object ...
[09:33:06.322]   - Field: ‘label’
[09:33:06.322]   - Field: ‘local’
[09:33:06.322]   - Field: ‘owner’
[09:33:06.322]   - Field: ‘envir’
[09:33:06.322]   - Field: ‘packages’
[09:33:06.322]   - Field: ‘gc’
[09:33:06.322]   - Field: ‘conditions’
[09:33:06.322]   - Field: ‘expr’
[09:33:06.322]   - Field: ‘uuid’
[09:33:06.323]   - Field: ‘seed’
[09:33:06.323]   - Field: ‘version’
[09:33:06.323]   - Field: ‘result’
[09:33:06.323]   - Field: ‘asynchronous’
[09:33:06.323]   - Field: ‘calls’
[09:33:06.323]   - Field: ‘globals’
[09:33:06.323]   - Field: ‘stdout’
[09:33:06.323]   - Field: ‘earlySignal’
[09:33:06.323]   - Field: ‘lazy’
[09:33:06.323]   - Field: ‘state’
[09:33:06.323] - Copy elements of temporary ‘SequentialFuture’ to final ‘Future’ object ... done
[09:33:06.323] - Launch lazy future ...
[09:33:06.324] Packages needed by the future expression (n = 0): <none>
[09:33:06.324] Packages needed by future strategies (n = 0): 
[09:33:06.324] {
[09:33:06.324]     {
[09:33:06.324]         {
[09:33:06.324]             ...future.startTime <- base::Sys.time()
[09:33:06.324]             {
[09:33:06.324]                 {
[09:33:06.324]                   {
[09:33:06.324]                     base::local({
[09:33:06.324]                       has_future <- base::requireNamespace("future", 
[09:33:06.324]                         quietly = TRUE)
[09:33:06.324]                       if (has_future) {
[09:33:06.324]                         ns <- base::getNamespace("future")
[09:33:06.324]                         version <- ns[[".package"]][["version"]]
[09:33:06.324]                         if (is.null(version)) 
[09:33:06.324]                           version <- utils::packageVersion("future")
[09:33:06.324]                       }
[09:33:06.324]                       else {
[09:33:06.324]                         version <- NULL
[09:33:06.324]                       }
[09:33:06.324]                       if (!has_future || version < "1.8.0") {
[09:33:06.324]                         info <- base::c(r_version = base::gsub("R version ", 
[09:33:06.324]                           "", base::R.version$version.string), 
[09:33:06.324]                           platform = base::sprintf("%s (%s-bit)", 
[09:33:06.324]                             base::R.version$platform, 8 * base::.Machine$sizeof.pointer), 
[09:33:06.324]                           os = base::paste(base::Sys.info()[base::c("sysname", 
[09:33:06.324]                             "release", "version")], collapse = " "), 
[09:33:06.324]                           hostname = base::Sys.info()[["nodename"]])
[09:33:06.324]                         info <- base::sprintf("%s: %s", base::names(info), 
[09:33:06.324]                           info)
[09:33:06.324]                         info <- base::paste(info, collapse = "; ")
[09:33:06.324]                         if (!has_future) {
[09:33:06.324]                           msg <- base::sprintf("Package 'future' is not installed on worker (%s)", 
[09:33:06.324]                             info)
[09:33:06.324]                         }
[09:33:06.324]                         else {
[09:33:06.324]                           msg <- base::sprintf("Package 'future' on worker (%s) must be of version >= 1.8.0: %s", 
[09:33:06.324]                             info, version)
[09:33:06.324]                         }
[09:33:06.324]                         base::stop(msg)
[09:33:06.324]                       }
[09:33:06.324]                     })
[09:33:06.324]                   }
[09:33:06.324]                   ...future.strategy.old <- future::plan("list")
[09:33:06.324]                   options(future.plan = NULL)
[09:33:06.324]                   Sys.unsetenv("R_FUTURE_PLAN")
[09:33:06.324]                   future::plan(list(B = function (..., abc = FALSE, 
[09:33:06.324]                     envir = parent.frame()) 
[09:33:06.324]                   strategy(..., abc = abc, envir = envir)), .cleanup = FALSE, 
[09:33:06.324]                     .init = FALSE)
[09:33:06.324]                 }
[09:33:06.324]                 ...future.workdir <- getwd()
[09:33:06.324]             }
[09:33:06.324]             ...future.oldOptions <- base::as.list(base::.Options)
[09:33:06.324]             ...future.oldEnvVars <- base::Sys.getenv()
[09:33:06.324]         }
[09:33:06.324]         base::options(future.startup.script = FALSE, future.globals.onMissing = NULL, 
[09:33:06.324]             future.globals.maxSize = NULL, future.globals.method = NULL, 
[09:33:06.324]             future.globals.onMissing = NULL, future.globals.onReference = NULL, 
[09:33:06.324]             future.globals.resolve = NULL, future.resolve.recursive = NULL, 
[09:33:06.324]             future.rng.onMisuse = NULL, future.rng.onMisuse.keepFuture = NULL, 
[09:33:06.324]             future.stdout.windows.reencode = NULL, width = 80L)
[09:33:06.324]         ...future.futureOptionsAdded <- base::setdiff(base::names(base::.Options), 
[09:33:06.324]             base::names(...future.oldOptions))
[09:33:06.324]     }
[09:33:06.324]     if (FALSE) {
[09:33:06.324]     }
[09:33:06.324]     else {
[09:33:06.324]         if (TRUE) {
[09:33:06.324]             ...future.stdout <- base::rawConnection(base::raw(0L), 
[09:33:06.324]                 open = "w")
[09:33:06.324]         }
[09:33:06.324]         else {
[09:33:06.324]             ...future.stdout <- base::file(base::switch(.Platform$OS.type, 
[09:33:06.324]                 windows = "NUL", "/dev/null"), open = "w")
[09:33:06.324]         }
[09:33:06.324]         base::sink(...future.stdout, type = "output", split = FALSE)
[09:33:06.324]         base::on.exit(if (!base::is.null(...future.stdout)) {
[09:33:06.324]             base::sink(type = "output", split = FALSE)
[09:33:06.324]             base::close(...future.stdout)
[09:33:06.324]         }, add = TRUE)
[09:33:06.324]     }
[09:33:06.324]     ...future.frame <- base::sys.nframe()
[09:33:06.324]     ...future.conditions <- base::list()
[09:33:06.324]     ...future.rng <- base::globalenv()$.Random.seed
[09:33:06.324]     if (FALSE) {
[09:33:06.324]         ...future.globalenv.names <- c(base::names(base::.GlobalEnv), 
[09:33:06.324]             "...future.value", "...future.globalenv.names", ".Random.seed")
[09:33:06.324]     }
[09:33:06.324]     ...future.result <- base::tryCatch({
[09:33:06.324]         base::withCallingHandlers({
[09:33:06.324]             ...future.value <- base::withVisible(base::local({
[09:33:06.324]                 stopifnot(identical(names(plan("list")), "B"))
[09:33:06.324]                 a <- 1
[09:33:06.324]                 a
[09:33:06.324]             }))
[09:33:06.324]             future::FutureResult(value = ...future.value$value, 
[09:33:06.324]                 visible = ...future.value$visible, rng = !identical(base::globalenv()$.Random.seed, 
[09:33:06.324]                   ...future.rng), globalenv = if (FALSE) 
[09:33:06.324]                   list(added = base::setdiff(base::names(base::.GlobalEnv), 
[09:33:06.324]                     ...future.globalenv.names))
[09:33:06.324]                 else NULL, started = ...future.startTime, version = "1.8")
[09:33:06.324]         }, condition = base::local({
[09:33:06.324]             c <- base::c
[09:33:06.324]             inherits <- base::inherits
[09:33:06.324]             invokeRestart <- base::invokeRestart
[09:33:06.324]             length <- base::length
[09:33:06.324]             list <- base::list
[09:33:06.324]             seq.int <- base::seq.int
[09:33:06.324]             signalCondition <- base::signalCondition
[09:33:06.324]             sys.calls <- base::sys.calls
[09:33:06.324]             `[[` <- base::`[[`
[09:33:06.324]             `+` <- base::`+`
[09:33:06.324]             `<<-` <- base::`<<-`
[09:33:06.324]             sysCalls <- function(calls = sys.calls(), from = 1L) {
[09:33:06.324]                 calls[seq.int(from = from + 12L, to = length(calls) - 
[09:33:06.324]                   3L)]
[09:33:06.324]             }
[09:33:06.324]             function(cond) {
[09:33:06.324]                 is_error <- inherits(cond, "error")
[09:33:06.324]                 ignore <- !is_error && !is.null(NULL) && inherits(cond, 
[09:33:06.324]                   NULL)
[09:33:06.324]                 if (is_error) {
[09:33:06.324]                   sessionInformation <- function() {
[09:33:06.324]                     list(r = base::R.Version(), locale = base::Sys.getlocale(), 
[09:33:06.324]                       rngkind = base::RNGkind(), namespaces = base::loadedNamespaces(), 
[09:33:06.324]                       search = base::search(), system = base::Sys.info())
[09:33:06.324]                   }
[09:33:06.324]                   ...future.conditions[[length(...future.conditions) + 
[09:33:06.324]                     1L]] <<- list(condition = cond, calls = c(sysCalls(from = ...future.frame), 
[09:33:06.324]                     cond$call), session = sessionInformation(), 
[09:33:06.324]                     timestamp = base::Sys.time(), signaled = 0L)
[09:33:06.324]                   signalCondition(cond)
[09:33:06.324]                 }
[09:33:06.324]                 else if (!ignore && TRUE && inherits(cond, c("condition", 
[09:33:06.324]                 "immediateCondition"))) {
[09:33:06.324]                   signal <- TRUE && inherits(cond, "immediateCondition")
[09:33:06.324]                   ...future.conditions[[length(...future.conditions) + 
[09:33:06.324]                     1L]] <<- list(condition = cond, signaled = base::as.integer(signal))
[09:33:06.324]                   if (TRUE && !signal) {
[09:33:06.324]                     muffleCondition <- function (cond, pattern = "^muffle") 
[09:33:06.324]                     {
[09:33:06.324]                       inherits <- base::inherits
[09:33:06.324]                       invokeRestart <- base::invokeRestart
[09:33:06.324]                       is.null <- base::is.null
[09:33:06.324]                       muffled <- FALSE
[09:33:06.324]                       if (inherits(cond, "message")) {
[09:33:06.324]                         muffled <- grepl(pattern, "muffleMessage")
[09:33:06.324]                         if (muffled) 
[09:33:06.324]                           invokeRestart("muffleMessage")
[09:33:06.324]                       }
[09:33:06.324]                       else if (inherits(cond, "warning")) {
[09:33:06.324]                         muffled <- grepl(pattern, "muffleWarning")
[09:33:06.324]                         if (muffled) 
[09:33:06.324]                           invokeRestart("muffleWarning")
[09:33:06.324]                       }
[09:33:06.324]                       else if (inherits(cond, "condition")) {
[09:33:06.324]                         if (!is.null(pattern)) {
[09:33:06.324]                           computeRestarts <- base::computeRestarts
[09:33:06.324]                           grepl <- base::grepl
[09:33:06.324]                           restarts <- computeRestarts(cond)
[09:33:06.324]                           for (restart in restarts) {
[09:33:06.324]                             name <- restart$name
[09:33:06.324]                             if (is.null(name)) 
[09:33:06.324]                               next
[09:33:06.324]                             if (!grepl(pattern, name)) 
[09:33:06.324]                               next
[09:33:06.324]                             invokeRestart(restart)
[09:33:06.324]                             muffled <- TRUE
[09:33:06.324]                             break
[09:33:06.324]                           }
[09:33:06.324]                         }
[09:33:06.324]                       }
[09:33:06.324]                       invisible(muffled)
[09:33:06.324]                     }
[09:33:06.324]                     muffleCondition(cond, pattern = "^muffle")
[09:33:06.324]                   }
[09:33:06.324]                 }
[09:33:06.324]                 else {
[09:33:06.324]                   if (TRUE) {
[09:33:06.324]                     muffleCondition <- function (cond, pattern = "^muffle") 
[09:33:06.324]                     {
[09:33:06.324]                       inherits <- base::inherits
[09:33:06.324]                       invokeRestart <- base::invokeRestart
[09:33:06.324]                       is.null <- base::is.null
[09:33:06.324]                       muffled <- FALSE
[09:33:06.324]                       if (inherits(cond, "message")) {
[09:33:06.324]                         muffled <- grepl(pattern, "muffleMessage")
[09:33:06.324]                         if (muffled) 
[09:33:06.324]                           invokeRestart("muffleMessage")
[09:33:06.324]                       }
[09:33:06.324]                       else if (inherits(cond, "warning")) {
[09:33:06.324]                         muffled <- grepl(pattern, "muffleWarning")
[09:33:06.324]                         if (muffled) 
[09:33:06.324]                           invokeRestart("muffleWarning")
[09:33:06.324]                       }
[09:33:06.324]                       else if (inherits(cond, "condition")) {
[09:33:06.324]                         if (!is.null(pattern)) {
[09:33:06.324]                           computeRestarts <- base::computeRestarts
[09:33:06.324]                           grepl <- base::grepl
[09:33:06.324]                           restarts <- computeRestarts(cond)
[09:33:06.324]                           for (restart in restarts) {
[09:33:06.324]                             name <- restart$name
[09:33:06.324]                             if (is.null(name)) 
[09:33:06.324]                               next
[09:33:06.324]                             if (!grepl(pattern, name)) 
[09:33:06.324]                               next
[09:33:06.324]                             invokeRestart(restart)
[09:33:06.324]                             muffled <- TRUE
[09:33:06.324]                             break
[09:33:06.324]                           }
[09:33:06.324]                         }
[09:33:06.324]                       }
[09:33:06.324]                       invisible(muffled)
[09:33:06.324]                     }
[09:33:06.324]                     muffleCondition(cond, pattern = "^muffle")
[09:33:06.324]                   }
[09:33:06.324]                 }
[09:33:06.324]             }
[09:33:06.324]         }))
[09:33:06.324]     }, error = function(ex) {
[09:33:06.324]         base::structure(base::list(value = NULL, visible = NULL, 
[09:33:06.324]             conditions = ...future.conditions, rng = !identical(base::globalenv()$.Random.seed, 
[09:33:06.324]                 ...future.rng), started = ...future.startTime, 
[09:33:06.324]             finished = Sys.time(), session_uuid = NA_character_, 
[09:33:06.324]             version = "1.8"), class = "FutureResult")
[09:33:06.324]     }, finally = {
[09:33:06.324]         if (!identical(...future.workdir, getwd())) 
[09:33:06.324]             setwd(...future.workdir)
[09:33:06.324]         {
[09:33:06.324]             if (identical(getOption("nwarnings"), ...future.oldOptions$nwarnings)) {
[09:33:06.324]                 ...future.oldOptions$nwarnings <- NULL
[09:33:06.324]             }
[09:33:06.324]             base::options(...future.oldOptions)
[09:33:06.324]             if (.Platform$OS.type == "windows") {
[09:33:06.324]                 old_names <- names(...future.oldEnvVars)
[09:33:06.324]                 envs <- base::Sys.getenv()
[09:33:06.324]                 names <- names(envs)
[09:33:06.324]                 common <- intersect(names, old_names)
[09:33:06.324]                 added <- setdiff(names, old_names)
[09:33:06.324]                 removed <- setdiff(old_names, names)
[09:33:06.324]                 changed <- common[...future.oldEnvVars[common] != 
[09:33:06.324]                   envs[common]]
[09:33:06.324]                 NAMES <- toupper(changed)
[09:33:06.324]                 args <- list()
[09:33:06.324]                 for (kk in seq_along(NAMES)) {
[09:33:06.324]                   name <- changed[[kk]]
[09:33:06.324]                   NAME <- NAMES[[kk]]
[09:33:06.324]                   if (name != NAME && is.element(NAME, old_names)) 
[09:33:06.324]                     next
[09:33:06.324]                   args[[name]] <- ...future.oldEnvVars[[name]]
[09:33:06.324]                 }
[09:33:06.324]                 NAMES <- toupper(added)
[09:33:06.324]                 for (kk in seq_along(NAMES)) {
[09:33:06.324]                   name <- added[[kk]]
[09:33:06.324]                   NAME <- NAMES[[kk]]
[09:33:06.324]                   if (name != NAME && is.element(NAME, old_names)) 
[09:33:06.324]                     next
[09:33:06.324]                   args[[name]] <- ""
[09:33:06.324]                 }
[09:33:06.324]                 NAMES <- toupper(removed)
[09:33:06.324]                 for (kk in seq_along(NAMES)) {
[09:33:06.324]                   name <- removed[[kk]]
[09:33:06.324]                   NAME <- NAMES[[kk]]
[09:33:06.324]                   if (name != NAME && is.element(NAME, old_names)) 
[09:33:06.324]                     next
[09:33:06.324]                   args[[name]] <- ...future.oldEnvVars[[name]]
[09:33:06.324]                 }
[09:33:06.324]                 if (length(args) > 0) 
[09:33:06.324]                   base::do.call(base::Sys.setenv, args = args)
[09:33:06.324]                 args <- names <- old_names <- NAMES <- envs <- common <- added <- removed <- NULL
[09:33:06.324]             }
[09:33:06.324]             else {
[09:33:06.324]                 base::do.call(base::Sys.setenv, args = base::as.list(...future.oldEnvVars))
[09:33:06.324]             }
[09:33:06.324]             {
[09:33:06.324]                 if (base::length(...future.futureOptionsAdded) > 
[09:33:06.324]                   0L) {
[09:33:06.324]                   opts <- base::vector("list", length = base::length(...future.futureOptionsAdded))
[09:33:06.324]                   base::names(opts) <- ...future.futureOptionsAdded
[09:33:06.324]                   base::options(opts)
[09:33:06.324]                 }
[09:33:06.324]                 {
[09:33:06.324]                   {
[09:33:06.324]                     NULL
[09:33:06.324]                     RNGkind("Mersenne-Twister")
[09:33:06.324]                     base::rm(list = ".Random.seed", envir = base::globalenv(), 
[09:33:06.324]                       inherits = FALSE)
[09:33:06.324]                   }
[09:33:06.324]                   options(future.plan = NULL)
[09:33:06.324]                   if (is.na(NA_character_)) 
[09:33:06.324]                     Sys.unsetenv("R_FUTURE_PLAN")
[09:33:06.324]                   else Sys.setenv(R_FUTURE_PLAN = NA_character_)
[09:33:06.324]                   future::plan(...future.strategy.old, .cleanup = FALSE, 
[09:33:06.324]                     .init = FALSE)
[09:33:06.324]                 }
[09:33:06.324]             }
[09:33:06.324]         }
[09:33:06.324]     })
[09:33:06.324]     if (TRUE) {
[09:33:06.324]         base::sink(type = "output", split = FALSE)
[09:33:06.324]         if (TRUE) {
[09:33:06.324]             ...future.result$stdout <- base::rawToChar(base::rawConnectionValue(...future.stdout))
[09:33:06.324]         }
[09:33:06.324]         else {
[09:33:06.324]             ...future.result["stdout"] <- base::list(NULL)
[09:33:06.324]         }
[09:33:06.324]         base::close(...future.stdout)
[09:33:06.324]         ...future.stdout <- NULL
[09:33:06.324]     }
[09:33:06.324]     ...future.result$conditions <- ...future.conditions
[09:33:06.324]     ...future.result$finished <- base::Sys.time()
[09:33:06.324]     ...future.result
[09:33:06.324] }
[09:33:06.326] assign_globals() ...
[09:33:06.326] List of 1
[09:33:06.326]  $ plan:function (strategy = NULL, ..., substitute = TRUE, .skip = FALSE, .call = TRUE, 
[09:33:06.326]     .cleanup = TRUE, .init = TRUE)  
[09:33:06.326]  - attr(*, "where")=List of 1
[09:33:06.326]   ..$ plan:<environment: R_EmptyEnv> 
[09:33:06.326]  - attr(*, "class")= chr [1:3] "FutureGlobals" "Globals" "list"
[09:33:06.326]  - attr(*, "resolved")= logi FALSE
[09:33:06.326]  - attr(*, "total_size")= num 412912
[09:33:06.326]  - attr(*, "already-done")= logi TRUE
[09:33:06.328] - copied ‘plan’ to environment
[09:33:06.328] assign_globals() ... done
[09:33:06.329] plan(): Setting new future strategy stack:
[09:33:06.329] List of future strategies:
[09:33:06.329] 1. sequential:
[09:33:06.329]    - args: function (..., abc = FALSE, envir = parent.frame(), workers = "<NULL>")
[09:33:06.329]    - tweaked: TRUE
[09:33:06.329]    - call: plan(list(A = sequential, B = tweak(sequential, abc = FALSE)))
[09:33:06.329] plan(): nbrOfWorkers() = 1
[09:33:06.330] plan(): Setting new future strategy stack:
[09:33:06.330] List of future strategies:
[09:33:06.330] 1. sequential:
[09:33:06.330]    - args: function (..., envir = parent.frame(), workers = "<NULL>")
[09:33:06.330]    - tweaked: FALSE
[09:33:06.330]    - call: plan(list(A = sequential, B = tweak(sequential, abc = FALSE)))
[09:33:06.330] 2. sequential:
[09:33:06.330]    - args: function (..., abc = FALSE, envir = parent.frame(), workers = "<NULL>")
[09:33:06.330]    - tweaked: TRUE
[09:33:06.330]    - call: plan(list(A = sequential, B = tweak(sequential, abc = FALSE)))
[09:33:06.331] plan(): nbrOfWorkers() = 1
[09:33:06.331] SequentialFuture started (and completed)
[09:33:06.331] - Launch lazy future ... done
[09:33:06.331] run() for ‘SequentialFuture’ ... done
> print(x)
[1] 1
> stopifnot(a == 0, x == 1)
> 
> 
> message("*** y %<-% { expr } %tweak% tweaks ... DONE")
*** y %<-% { expr } %tweak% tweaks ... DONE
> 
> 
> message("*** tweak() - abc = TRUE ...")
*** tweak() - abc = TRUE ...
> 
> res <- tryCatch(tweak(multisession, gc = TRUE), condition = identity)
> stopifnot(inherits(res, "tweaked"))
> 
> ## Argument 'gc' is unknown
> res <- tryCatch(tweak(sequential, abc = TRUE), condition = identity)
> stopifnot(inherits(res, "warning"))
> 
> res <- tryCatch(tweak(multicore, abc = TRUE), condition = identity)
> stopifnot(inherits(res, "warning"))
> 
> message("*** tweak() - abc = TRUE ... DONE")
*** tweak() - abc = TRUE ... DONE
> 
> 
> message("*** tweak() - odds and ends ...")
*** tweak() - odds and ends ...
> 
> ## BUG: getGlobalsAndPackages(Formula::Formula(~ x)) would produce
> ## "the condition has length > 1" warnings.
> ## https://github.com/HenrikBengtsson/future/issues/395
> length.Formula <- function(x) c(1L, 1L)
> expr <- structure(y ~ x, class = "Formula")
> stopifnot(length(length(expr)) == 2L)
> gp <- future::getGlobalsAndPackages(expr)
[09:33:06.332] getGlobalsAndPackages() ...
[09:33:06.333] Searching for globals...
[09:33:06.334] - globals found: [4] ‘{’, ‘y’, ‘x’, ‘~’
[09:33:06.335] Searching for globals ... DONE
[09:33:06.335] Resolving globals: FALSE
[09:33:06.335] The total size of the 1 globals is 56 bytes (56 bytes)
[09:33:06.335] The total size of the 1 globals exported for future expression (‘y ~ x’) is 56 bytes.. This exceeds the maximum allowed size of 500.00 MiB (option 'future.globals.maxSize'). There is one global: ‘x’ (56 bytes of class ‘numeric’)
[09:33:06.335] - globals: [1] ‘x’
[09:33:06.336] 
[09:33:06.336] getGlobalsAndPackages() ... DONE
> stopifnot(
+   !inherits(gp, "error"),
+   is.list(gp),
+   all(c("expr", "globals", "packages") %in% names(gp))
+ )
> 
> message("*** tweak() - odds and ends ... DONE")
*** tweak() - odds and ends ... DONE
> 
> 
> message("*** tweak() - exceptions ...")
*** tweak() - exceptions ...
> 
> res <- try(tweak("<unknown-future-strategy>"), silent = TRUE)
> stopifnot(inherits(res, "try-error"))
> 
> res <- try(tweak(base::eval), silent = TRUE)
> stopifnot(inherits(res, "try-error"))
> 
> res <- try(tweak(sequential, "unnamed-argument"), silent = TRUE)
> stopifnot(inherits(res, "try-error"))
> 
> ## Arguments that must not be tweaked
> res <- try(tweak(sequential, lazy = TRUE), silent = TRUE)
> stopifnot(inherits(res, "try-error"))
> 
> res <- try(tweak(sequential, asynchronous = FALSE), silent = TRUE)
> stopifnot(inherits(res, "try-error"))
> 
> res <- try(tweak(sequential, seed = 42L), silent = TRUE)
> stopifnot(inherits(res, "try-error"))
> 
> message("*** tweak() - exceptions ... DONE")
*** tweak() - exceptions ... DONE
> 
> 
> message("*** Tweaking future strategies ... DONE")
*** Tweaking future strategies ... DONE
> 
> source("incl/end.R")
[09:33:06.375] plan(): Setting new future strategy stack:
[09:33:06.375] List of future strategies:
[09:33:06.375] 1. FutureStrategy:
[09:33:06.375]    - args: function (..., envir = parent.frame(), workers = "<NULL>")
[09:33:06.375]    - tweaked: FALSE
[09:33:06.375]    - call: future::plan(oplan)
[09:33:06.375] plan(): nbrOfWorkers() = 1
> 
