
R version 4.5.0 (2025-04-11) -- "How About a Twenty-Six"
Copyright (C) 2025 The R Foundation for Statistical Computing
Platform: x86_64-pc-linux-gnu

R is free software and comes with ABSOLUTELY NO WARRANTY.
You are welcome to redistribute it under certain conditions.
Type 'license()' or 'licence()' for distribution details.

R is a collaborative project with many contributors.
Type 'contributors()' for more information and
'citation()' on how to cite R or R packages in publications.

Type 'demo()' for some demos, 'help()' for on-line help, or
'help.start()' for an HTML browser interface to help.
Type 'q()' to quit R.

> library("R.utils")
Loading required package: R.oo
Loading required package: R.methodsS3
R.methodsS3 v1.8.2 (2022-06-13 22:00:14 UTC) successfully loaded. See ?R.methodsS3 for help.
R.oo v1.27.1 (2025-05-02 21:00:05 UTC) successfully loaded. See ?R.oo for help.

Attaching package: ‘R.oo’

The following object is masked from ‘package:R.methodsS3’:

    throw

The following objects are masked from ‘package:methods’:

    getClasses, getMethods

The following objects are masked from ‘package:base’:

    attach, detach, load, save

R.utils v2.13.0 (2025-02-24 21:20:02 UTC) successfully loaded. See ?R.utils for help.

Attaching package: ‘R.utils’

The following object is masked from ‘package:utils’:

    timestamp

The following objects are masked from ‘package:base’:

    cat, commandArgs, getOption, isOpen, nullfile, parse, use, warnings

> 
> # - - - - - - - - - - - - - - - - - - - - - - - - - - - -
> # bzip2
> # - - - - - - - - - - - - - - - - - - - - - - - - - - - -
> cat(file="foo.txt", "Hello world!")
> print(isBzipped("foo.txt"))
[1] FALSE
> print(isBzipped("foo.txt.bz2"))
[1] TRUE
> 
> bzip2("foo.txt")
> print(file.info("foo.txt.bz2"))
            size isdir mode               mtime               ctime
foo.txt.bz2   51 FALSE  644 2025-06-17 07:17:49 2025-06-17 07:17:49
                          atime uid gid uname grname
foo.txt.bz2 2025-06-17 07:17:49   0   0  root   root
> print(isBzipped("foo.txt"))
[1] FALSE
> print(isBzipped("foo.txt.bz2"))
[1] TRUE
> 
> bunzip2("foo.txt.bz2")
> print(file.info("foo.txt"))
        size isdir mode               mtime               ctime
foo.txt   12 FALSE  644 2025-06-17 07:17:49 2025-06-17 07:17:49
                      atime uid gid uname grname
foo.txt 2025-06-17 07:17:49   0   0  root   root
> 
> 
> # - - - - - - - - - - - - - - - - - - - - - - - - - - - -
> # gzip
> # - - - - - - - - - - - - - - - - - - - - - - - - - - - -
> cat(file="foo.txt", "Hello world!")
> print(isGzipped("foo.txt"))
[1] FALSE
> print(isGzipped("foo.txt.gz"))
[1] TRUE
> 
> gzip("foo.txt")
> print(file.info("foo.txt.gz"))
           size isdir mode               mtime               ctime
foo.txt.gz   32 FALSE  644 2025-06-17 07:17:49 2025-06-17 07:17:49
                         atime uid gid uname grname
foo.txt.gz 2025-06-17 07:17:49   0   0  root   root
> print(isGzipped("foo.txt"))
[1] FALSE
> print(isGzipped("foo.txt.gz"))
[1] TRUE
> 
> gunzip("foo.txt.gz")
> print(file.info("foo.txt"))
        size isdir mode               mtime               ctime
foo.txt   12 FALSE  644 2025-06-17 07:17:49 2025-06-17 07:17:49
                      atime uid gid uname grname
foo.txt 2025-06-17 07:17:49   0   0  root   root
> 
> 
> 
> # - - - - - - - - - - - - - - - - - - - - - - - - - - - -
> # Skipping and overwriting
> # - - - - - - - - - - - - - - - - - - - - - - - - - - - -
> cat(file="foo.txt", "Hello world!")
> gzip("foo.txt", remove=FALSE)
> 
> res <- try(gzip("foo.txt", remove=FALSE, skip=FALSE), silent=TRUE)
> stopifnot(inherits(res, "try-error"))
> 
> gzip("foo.txt", remove=FALSE, overwrite=TRUE)
> gzip("foo.txt", remove=FALSE, skip=TRUE)
[1] "foo.txt.gz"
attr(,"temporary")
[1] FALSE
> res <- try(gzip("foo.txt", remove=FALSE, skip=FALSE), silent=TRUE)
> stopifnot(inherits(res, "try-error"))
> 
> gunzip("foo.txt.gz", remove=FALSE, overwrite=TRUE)
> res <- try(gunzip("foo.txt.gz", remove=FALSE, skip=FALSE), silent=TRUE)
> stopifnot(inherits(res, "try-error"))
> gunzip("foo.txt.gz", overwrite=TRUE)
> 
> 
> ## Cleanup
> file.remove("foo.txt")
[1] TRUE
> 
