
R version 4.3.3 (2024-02-29) -- "Angel Food Cake"
Copyright (C) 2024 The R Foundation for Statistical Computing
Platform: x86_64-pc-linux-gnu (64-bit)

R is free software and comes with ABSOLUTELY NO WARRANTY.
You are welcome to redistribute it under certain conditions.
Type 'license()' or 'licence()' for distribution details.

R is a collaborative project with many contributors.
Type 'contributors()' for more information and
'citation()' on how to cite R or R packages in publications.

Type 'demo()' for some demos, 'help()' for on-line help, or
'help.start()' for an HTML browser interface to help.
Type 'q()' to quit R.

> source("incl/start.R")
[16:20:31.967] plan(): Setting new future strategy stack:
[16:20:31.967] List of future strategies:
[16:20:31.967] 1. sequential:
[16:20:31.967]    - args: function (..., envir = parent.frame())
[16:20:31.967]    - tweaked: FALSE
[16:20:31.967]    - call: future::plan("sequential")
[16:20:31.982] plan(): nbrOfWorkers() = 1
> 
> ## BACKWARD COMPATIBILITY
> if (getRversion() < "3.2.0") {
+   names <- function(x) if (is.environment(x)) ls(envir = x) else base::names(x)
+ }
> 
> message("*** %<-% to environment ...")
*** %<-% to environment ...
> 
> ## - - - - - - - - - - - - - - - - - - - - - - - - - - - -
> ## Async delayed assignment (infix operator)
> ## - - - - - - - - - - - - - - - - - - - - - - - - - - - -
> z <- new.env()
> stopifnot(length(names(z)) == 0L)
> 
> message("*** %<-% to environment: Assign by index (not allowed)")
*** %<-% to environment: Assign by index (not allowed)
> res <- try(z[[1]] %<-% { 2 } %lazy% TRUE, silent = TRUE)
> stopifnot(inherits(res, "try-error"))
> 
> message("*** %<-% to environment: Assign by name (new)")
*** %<-% to environment: Assign by name (new)
> z$B %<-% { TRUE }  %lazy% TRUE
[16:20:31.995] getGlobalsAndPackages() ...
[16:20:31.995] Searching for globals...
[16:20:31.998] - globals found: [1] ‘{’
[16:20:31.998] Searching for globals ... DONE
[16:20:31.998] Resolving globals: FALSE
[16:20:31.999] 
[16:20:31.999] 
[16:20:31.999] getGlobalsAndPackages() ... DONE
> stopifnot(length(z) == 2) # sic!
> stopifnot("B" %in% ls(z))
> 
> y <- as.list(z)
[16:20:32.000] run() for ‘Future’ ...
[16:20:32.000] - state: ‘created’
[16:20:32.000] - Future backend: ‘FutureStrategy’, ‘sequential’, ‘uniprocess’, ‘future’, ‘function’
[16:20:32.001] - Future class: ‘SequentialFuture’, ‘UniprocessFuture’, ‘Future’, ‘environment’
[16:20:32.001] - Copy elements of temporary ‘SequentialFuture’ to final ‘Future’ object ...
[16:20:32.001]   - Field: ‘label’
[16:20:32.001]   - Field: ‘local’
[16:20:32.001]   - Field: ‘owner’
[16:20:32.001]   - Field: ‘envir’
[16:20:32.001]   - Field: ‘packages’
[16:20:32.001]   - Field: ‘gc’
[16:20:32.002]   - Field: ‘conditions’
[16:20:32.002]   - Field: ‘expr’
[16:20:32.002]   - Field: ‘uuid’
[16:20:32.002]   - Field: ‘seed’
[16:20:32.002]   - Field: ‘version’
[16:20:32.002]   - Field: ‘result’
[16:20:32.002]   - Field: ‘asynchronous’
[16:20:32.002]   - Field: ‘calls’
[16:20:32.002]   - Field: ‘globals’
[16:20:32.002]   - Field: ‘stdout’
[16:20:32.002]   - Field: ‘earlySignal’
[16:20:32.003]   - Field: ‘lazy’
[16:20:32.003]   - Field: ‘state’
[16:20:32.003] - Copy elements of temporary ‘SequentialFuture’ to final ‘Future’ object ... done
[16:20:32.003] - Launch lazy future ...
[16:20:32.004] Packages needed by the future expression (n = 0): <none>
[16:20:32.004] Packages needed by future strategies (n = 0): <none>
[16:20:32.005] {
[16:20:32.005]     {
[16:20:32.005]         {
[16:20:32.005]             ...future.startTime <- base::Sys.time()
[16:20:32.005]             {
[16:20:32.005]                 {
[16:20:32.005]                   {
[16:20:32.005]                     base::local({
[16:20:32.005]                       has_future <- base::requireNamespace("future", 
[16:20:32.005]                         quietly = TRUE)
[16:20:32.005]                       if (has_future) {
[16:20:32.005]                         ns <- base::getNamespace("future")
[16:20:32.005]                         version <- ns[[".package"]][["version"]]
[16:20:32.005]                         if (is.null(version)) 
[16:20:32.005]                           version <- utils::packageVersion("future")
[16:20:32.005]                       }
[16:20:32.005]                       else {
[16:20:32.005]                         version <- NULL
[16:20:32.005]                       }
[16:20:32.005]                       if (!has_future || version < "1.8.0") {
[16:20:32.005]                         info <- base::c(r_version = base::gsub("R version ", 
[16:20:32.005]                           "", base::R.version$version.string), 
[16:20:32.005]                           platform = base::sprintf("%s (%s-bit)", 
[16:20:32.005]                             base::R.version$platform, 8 * base::.Machine$sizeof.pointer), 
[16:20:32.005]                           os = base::paste(base::Sys.info()[base::c("sysname", 
[16:20:32.005]                             "release", "version")], collapse = " "), 
[16:20:32.005]                           hostname = base::Sys.info()[["nodename"]])
[16:20:32.005]                         info <- base::sprintf("%s: %s", base::names(info), 
[16:20:32.005]                           info)
[16:20:32.005]                         info <- base::paste(info, collapse = "; ")
[16:20:32.005]                         if (!has_future) {
[16:20:32.005]                           msg <- base::sprintf("Package 'future' is not installed on worker (%s)", 
[16:20:32.005]                             info)
[16:20:32.005]                         }
[16:20:32.005]                         else {
[16:20:32.005]                           msg <- base::sprintf("Package 'future' on worker (%s) must be of version >= 1.8.0: %s", 
[16:20:32.005]                             info, version)
[16:20:32.005]                         }
[16:20:32.005]                         base::stop(msg)
[16:20:32.005]                       }
[16:20:32.005]                     })
[16:20:32.005]                   }
[16:20:32.005]                   ...future.strategy.old <- future::plan("list")
[16:20:32.005]                   options(future.plan = NULL)
[16:20:32.005]                   Sys.unsetenv("R_FUTURE_PLAN")
[16:20:32.005]                   future::plan("default", .cleanup = FALSE, .init = FALSE)
[16:20:32.005]                 }
[16:20:32.005]                 ...future.workdir <- getwd()
[16:20:32.005]             }
[16:20:32.005]             ...future.oldOptions <- base::as.list(base::.Options)
[16:20:32.005]             ...future.oldEnvVars <- base::Sys.getenv()
[16:20:32.005]         }
[16:20:32.005]         base::options(future.startup.script = FALSE, future.globals.onMissing = NULL, 
[16:20:32.005]             future.globals.maxSize = NULL, future.globals.method = NULL, 
[16:20:32.005]             future.globals.onMissing = NULL, future.globals.onReference = NULL, 
[16:20:32.005]             future.globals.resolve = NULL, future.resolve.recursive = NULL, 
[16:20:32.005]             future.rng.onMisuse = NULL, future.rng.onMisuse.keepFuture = NULL, 
[16:20:32.005]             future.stdout.windows.reencode = NULL, width = 80L)
[16:20:32.005]         ...future.futureOptionsAdded <- base::setdiff(base::names(base::.Options), 
[16:20:32.005]             base::names(...future.oldOptions))
[16:20:32.005]     }
[16:20:32.005]     if (FALSE) {
[16:20:32.005]     }
[16:20:32.005]     else {
[16:20:32.005]         if (TRUE) {
[16:20:32.005]             ...future.stdout <- base::rawConnection(base::raw(0L), 
[16:20:32.005]                 open = "w")
[16:20:32.005]         }
[16:20:32.005]         else {
[16:20:32.005]             ...future.stdout <- base::file(base::switch(.Platform$OS.type, 
[16:20:32.005]                 windows = "NUL", "/dev/null"), open = "w")
[16:20:32.005]         }
[16:20:32.005]         base::sink(...future.stdout, type = "output", split = FALSE)
[16:20:32.005]         base::on.exit(if (!base::is.null(...future.stdout)) {
[16:20:32.005]             base::sink(type = "output", split = FALSE)
[16:20:32.005]             base::close(...future.stdout)
[16:20:32.005]         }, add = TRUE)
[16:20:32.005]     }
[16:20:32.005]     ...future.frame <- base::sys.nframe()
[16:20:32.005]     ...future.conditions <- base::list()
[16:20:32.005]     ...future.rng <- base::globalenv()$.Random.seed
[16:20:32.005]     if (FALSE) {
[16:20:32.005]         ...future.globalenv.names <- c(base::names(base::.GlobalEnv), 
[16:20:32.005]             "...future.value", "...future.globalenv.names", ".Random.seed")
[16:20:32.005]     }
[16:20:32.005]     ...future.result <- base::tryCatch({
[16:20:32.005]         base::withCallingHandlers({
[16:20:32.005]             ...future.value <- base::withVisible(base::local({
[16:20:32.005]                 TRUE
[16:20:32.005]             }))
[16:20:32.005]             future::FutureResult(value = ...future.value$value, 
[16:20:32.005]                 visible = ...future.value$visible, rng = !identical(base::globalenv()$.Random.seed, 
[16:20:32.005]                   ...future.rng), globalenv = if (FALSE) 
[16:20:32.005]                   list(added = base::setdiff(base::names(base::.GlobalEnv), 
[16:20:32.005]                     ...future.globalenv.names))
[16:20:32.005]                 else NULL, started = ...future.startTime, version = "1.8")
[16:20:32.005]         }, condition = base::local({
[16:20:32.005]             c <- base::c
[16:20:32.005]             inherits <- base::inherits
[16:20:32.005]             invokeRestart <- base::invokeRestart
[16:20:32.005]             length <- base::length
[16:20:32.005]             list <- base::list
[16:20:32.005]             seq.int <- base::seq.int
[16:20:32.005]             signalCondition <- base::signalCondition
[16:20:32.005]             sys.calls <- base::sys.calls
[16:20:32.005]             `[[` <- base::`[[`
[16:20:32.005]             `+` <- base::`+`
[16:20:32.005]             `<<-` <- base::`<<-`
[16:20:32.005]             sysCalls <- function(calls = sys.calls(), from = 1L) {
[16:20:32.005]                 calls[seq.int(from = from + 12L, to = length(calls) - 
[16:20:32.005]                   3L)]
[16:20:32.005]             }
[16:20:32.005]             function(cond) {
[16:20:32.005]                 is_error <- inherits(cond, "error")
[16:20:32.005]                 ignore <- !is_error && !is.null(NULL) && inherits(cond, 
[16:20:32.005]                   NULL)
[16:20:32.005]                 if (is_error) {
[16:20:32.005]                   sessionInformation <- function() {
[16:20:32.005]                     list(r = base::R.Version(), locale = base::Sys.getlocale(), 
[16:20:32.005]                       rngkind = base::RNGkind(), namespaces = base::loadedNamespaces(), 
[16:20:32.005]                       search = base::search(), system = base::Sys.info())
[16:20:32.005]                   }
[16:20:32.005]                   ...future.conditions[[length(...future.conditions) + 
[16:20:32.005]                     1L]] <<- list(condition = cond, calls = c(sysCalls(from = ...future.frame), 
[16:20:32.005]                     cond$call), session = sessionInformation(), 
[16:20:32.005]                     timestamp = base::Sys.time(), signaled = 0L)
[16:20:32.005]                   signalCondition(cond)
[16:20:32.005]                 }
[16:20:32.005]                 else if (!ignore && TRUE && inherits(cond, c("condition", 
[16:20:32.005]                 "immediateCondition"))) {
[16:20:32.005]                   signal <- TRUE && inherits(cond, "immediateCondition")
[16:20:32.005]                   ...future.conditions[[length(...future.conditions) + 
[16:20:32.005]                     1L]] <<- list(condition = cond, signaled = base::as.integer(signal))
[16:20:32.005]                   if (TRUE && !signal) {
[16:20:32.005]                     muffleCondition <- function (cond, pattern = "^muffle") 
[16:20:32.005]                     {
[16:20:32.005]                       inherits <- base::inherits
[16:20:32.005]                       invokeRestart <- base::invokeRestart
[16:20:32.005]                       is.null <- base::is.null
[16:20:32.005]                       muffled <- FALSE
[16:20:32.005]                       if (inherits(cond, "message")) {
[16:20:32.005]                         muffled <- grepl(pattern, "muffleMessage")
[16:20:32.005]                         if (muffled) 
[16:20:32.005]                           invokeRestart("muffleMessage")
[16:20:32.005]                       }
[16:20:32.005]                       else if (inherits(cond, "warning")) {
[16:20:32.005]                         muffled <- grepl(pattern, "muffleWarning")
[16:20:32.005]                         if (muffled) 
[16:20:32.005]                           invokeRestart("muffleWarning")
[16:20:32.005]                       }
[16:20:32.005]                       else if (inherits(cond, "condition")) {
[16:20:32.005]                         if (!is.null(pattern)) {
[16:20:32.005]                           computeRestarts <- base::computeRestarts
[16:20:32.005]                           grepl <- base::grepl
[16:20:32.005]                           restarts <- computeRestarts(cond)
[16:20:32.005]                           for (restart in restarts) {
[16:20:32.005]                             name <- restart$name
[16:20:32.005]                             if (is.null(name)) 
[16:20:32.005]                               next
[16:20:32.005]                             if (!grepl(pattern, name)) 
[16:20:32.005]                               next
[16:20:32.005]                             invokeRestart(restart)
[16:20:32.005]                             muffled <- TRUE
[16:20:32.005]                             break
[16:20:32.005]                           }
[16:20:32.005]                         }
[16:20:32.005]                       }
[16:20:32.005]                       invisible(muffled)
[16:20:32.005]                     }
[16:20:32.005]                     muffleCondition(cond, pattern = "^muffle")
[16:20:32.005]                   }
[16:20:32.005]                 }
[16:20:32.005]                 else {
[16:20:32.005]                   if (TRUE) {
[16:20:32.005]                     muffleCondition <- function (cond, pattern = "^muffle") 
[16:20:32.005]                     {
[16:20:32.005]                       inherits <- base::inherits
[16:20:32.005]                       invokeRestart <- base::invokeRestart
[16:20:32.005]                       is.null <- base::is.null
[16:20:32.005]                       muffled <- FALSE
[16:20:32.005]                       if (inherits(cond, "message")) {
[16:20:32.005]                         muffled <- grepl(pattern, "muffleMessage")
[16:20:32.005]                         if (muffled) 
[16:20:32.005]                           invokeRestart("muffleMessage")
[16:20:32.005]                       }
[16:20:32.005]                       else if (inherits(cond, "warning")) {
[16:20:32.005]                         muffled <- grepl(pattern, "muffleWarning")
[16:20:32.005]                         if (muffled) 
[16:20:32.005]                           invokeRestart("muffleWarning")
[16:20:32.005]                       }
[16:20:32.005]                       else if (inherits(cond, "condition")) {
[16:20:32.005]                         if (!is.null(pattern)) {
[16:20:32.005]                           computeRestarts <- base::computeRestarts
[16:20:32.005]                           grepl <- base::grepl
[16:20:32.005]                           restarts <- computeRestarts(cond)
[16:20:32.005]                           for (restart in restarts) {
[16:20:32.005]                             name <- restart$name
[16:20:32.005]                             if (is.null(name)) 
[16:20:32.005]                               next
[16:20:32.005]                             if (!grepl(pattern, name)) 
[16:20:32.005]                               next
[16:20:32.005]                             invokeRestart(restart)
[16:20:32.005]                             muffled <- TRUE
[16:20:32.005]                             break
[16:20:32.005]                           }
[16:20:32.005]                         }
[16:20:32.005]                       }
[16:20:32.005]                       invisible(muffled)
[16:20:32.005]                     }
[16:20:32.005]                     muffleCondition(cond, pattern = "^muffle")
[16:20:32.005]                   }
[16:20:32.005]                 }
[16:20:32.005]             }
[16:20:32.005]         }))
[16:20:32.005]     }, error = function(ex) {
[16:20:32.005]         base::structure(base::list(value = NULL, visible = NULL, 
[16:20:32.005]             conditions = ...future.conditions, rng = !identical(base::globalenv()$.Random.seed, 
[16:20:32.005]                 ...future.rng), started = ...future.startTime, 
[16:20:32.005]             finished = Sys.time(), session_uuid = NA_character_, 
[16:20:32.005]             version = "1.8"), class = "FutureResult")
[16:20:32.005]     }, finally = {
[16:20:32.005]         if (!identical(...future.workdir, getwd())) 
[16:20:32.005]             setwd(...future.workdir)
[16:20:32.005]         {
[16:20:32.005]             if (identical(getOption("nwarnings"), ...future.oldOptions$nwarnings)) {
[16:20:32.005]                 ...future.oldOptions$nwarnings <- NULL
[16:20:32.005]             }
[16:20:32.005]             base::options(...future.oldOptions)
[16:20:32.005]             if (.Platform$OS.type == "windows") {
[16:20:32.005]                 old_names <- names(...future.oldEnvVars)
[16:20:32.005]                 envs <- base::Sys.getenv()
[16:20:32.005]                 names <- names(envs)
[16:20:32.005]                 common <- intersect(names, old_names)
[16:20:32.005]                 added <- setdiff(names, old_names)
[16:20:32.005]                 removed <- setdiff(old_names, names)
[16:20:32.005]                 changed <- common[...future.oldEnvVars[common] != 
[16:20:32.005]                   envs[common]]
[16:20:32.005]                 NAMES <- toupper(changed)
[16:20:32.005]                 args <- list()
[16:20:32.005]                 for (kk in seq_along(NAMES)) {
[16:20:32.005]                   name <- changed[[kk]]
[16:20:32.005]                   NAME <- NAMES[[kk]]
[16:20:32.005]                   if (name != NAME && is.element(NAME, old_names)) 
[16:20:32.005]                     next
[16:20:32.005]                   args[[name]] <- ...future.oldEnvVars[[name]]
[16:20:32.005]                 }
[16:20:32.005]                 NAMES <- toupper(added)
[16:20:32.005]                 for (kk in seq_along(NAMES)) {
[16:20:32.005]                   name <- added[[kk]]
[16:20:32.005]                   NAME <- NAMES[[kk]]
[16:20:32.005]                   if (name != NAME && is.element(NAME, old_names)) 
[16:20:32.005]                     next
[16:20:32.005]                   args[[name]] <- ""
[16:20:32.005]                 }
[16:20:32.005]                 NAMES <- toupper(removed)
[16:20:32.005]                 for (kk in seq_along(NAMES)) {
[16:20:32.005]                   name <- removed[[kk]]
[16:20:32.005]                   NAME <- NAMES[[kk]]
[16:20:32.005]                   if (name != NAME && is.element(NAME, old_names)) 
[16:20:32.005]                     next
[16:20:32.005]                   args[[name]] <- ...future.oldEnvVars[[name]]
[16:20:32.005]                 }
[16:20:32.005]                 if (length(args) > 0) 
[16:20:32.005]                   base::do.call(base::Sys.setenv, args = args)
[16:20:32.005]                 args <- names <- old_names <- NAMES <- envs <- common <- added <- removed <- NULL
[16:20:32.005]             }
[16:20:32.005]             else {
[16:20:32.005]                 base::do.call(base::Sys.setenv, args = base::as.list(...future.oldEnvVars))
[16:20:32.005]             }
[16:20:32.005]             {
[16:20:32.005]                 if (base::length(...future.futureOptionsAdded) > 
[16:20:32.005]                   0L) {
[16:20:32.005]                   opts <- base::vector("list", length = base::length(...future.futureOptionsAdded))
[16:20:32.005]                   base::names(opts) <- ...future.futureOptionsAdded
[16:20:32.005]                   base::options(opts)
[16:20:32.005]                 }
[16:20:32.005]                 {
[16:20:32.005]                   {
[16:20:32.005]                     NULL
[16:20:32.005]                     RNGkind("Mersenne-Twister")
[16:20:32.005]                     base::rm(list = ".Random.seed", envir = base::globalenv(), 
[16:20:32.005]                       inherits = FALSE)
[16:20:32.005]                   }
[16:20:32.005]                   options(future.plan = NULL)
[16:20:32.005]                   if (is.na(NA_character_)) 
[16:20:32.005]                     Sys.unsetenv("R_FUTURE_PLAN")
[16:20:32.005]                   else Sys.setenv(R_FUTURE_PLAN = NA_character_)
[16:20:32.005]                   future::plan(...future.strategy.old, .cleanup = FALSE, 
[16:20:32.005]                     .init = FALSE)
[16:20:32.005]                 }
[16:20:32.005]             }
[16:20:32.005]         }
[16:20:32.005]     })
[16:20:32.005]     if (TRUE) {
[16:20:32.005]         base::sink(type = "output", split = FALSE)
[16:20:32.005]         if (TRUE) {
[16:20:32.005]             ...future.result$stdout <- base::rawToChar(base::rawConnectionValue(...future.stdout))
[16:20:32.005]         }
[16:20:32.005]         else {
[16:20:32.005]             ...future.result["stdout"] <- base::list(NULL)
[16:20:32.005]         }
[16:20:32.005]         base::close(...future.stdout)
[16:20:32.005]         ...future.stdout <- NULL
[16:20:32.005]     }
[16:20:32.005]     ...future.result$conditions <- ...future.conditions
[16:20:32.005]     ...future.result$finished <- base::Sys.time()
[16:20:32.005]     ...future.result
[16:20:32.005] }
[16:20:32.007] plan(): Setting new future strategy stack:
[16:20:32.007] List of future strategies:
[16:20:32.007] 1. sequential:
[16:20:32.007]    - args: function (..., envir = parent.frame())
[16:20:32.007]    - tweaked: FALSE
[16:20:32.007]    - call: NULL
[16:20:32.007] plan(): nbrOfWorkers() = 1
[16:20:32.008] plan(): Setting new future strategy stack:
[16:20:32.009] List of future strategies:
[16:20:32.009] 1. sequential:
[16:20:32.009]    - args: function (..., envir = parent.frame())
[16:20:32.009]    - tweaked: FALSE
[16:20:32.009]    - call: future::plan("sequential")
[16:20:32.009] plan(): nbrOfWorkers() = 1
[16:20:32.009] SequentialFuture started (and completed)
[16:20:32.010] - Launch lazy future ... done
[16:20:32.010] run() for ‘SequentialFuture’ ... done
> str(y)
List of 1
 $ B: logi TRUE
> stopifnot(length(y) == 1)
> stopifnot(identical(names(y), "B"))
> 
> 
> message("*** %<-% to environment: Potential task name clashes")
*** %<-% to environment: Potential task name clashes
> u <- new.env()
> u$a %<-% { 1 } %lazy% TRUE
[16:20:32.013] getGlobalsAndPackages() ...
[16:20:32.013] Searching for globals...
[16:20:32.014] - globals found: [1] ‘{’
[16:20:32.014] Searching for globals ... DONE
[16:20:32.014] Resolving globals: FALSE
[16:20:32.014] 
[16:20:32.014] 
[16:20:32.015] getGlobalsAndPackages() ... DONE
> stopifnot(length(u) == 2)
> stopifnot("a" %in% names(u))
> fu <- futureOf(u$a)
> 
> v <- new.env()
> v$a %<-% { 2 } %lazy% TRUE
[16:20:32.015] getGlobalsAndPackages() ...
[16:20:32.015] Searching for globals...
[16:20:32.016] - globals found: [1] ‘{’
[16:20:32.016] Searching for globals ... DONE
[16:20:32.016] Resolving globals: FALSE
[16:20:32.016] 
[16:20:32.017] 
[16:20:32.017] getGlobalsAndPackages() ... DONE
> stopifnot(length(v) == 2)
> stopifnot("a" %in% names(v))
> fv <- futureOf(v$a)
> stopifnot(!identical(fu, fv))
> 
> fu <- futureOf(u$a)
> stopifnot(!identical(fu, fv))
> 
> stopifnot(identical(u$a, 1))
[16:20:32.017] run() for ‘Future’ ...
[16:20:32.017] - state: ‘created’
[16:20:32.018] - Future backend: ‘FutureStrategy’, ‘sequential’, ‘uniprocess’, ‘future’, ‘function’
[16:20:32.018] - Future class: ‘SequentialFuture’, ‘UniprocessFuture’, ‘Future’, ‘environment’
[16:20:32.018] - Copy elements of temporary ‘SequentialFuture’ to final ‘Future’ object ...
[16:20:32.018]   - Field: ‘label’
[16:20:32.018]   - Field: ‘local’
[16:20:32.018]   - Field: ‘owner’
[16:20:32.018]   - Field: ‘envir’
[16:20:32.018]   - Field: ‘packages’
[16:20:32.018]   - Field: ‘gc’
[16:20:32.019]   - Field: ‘conditions’
[16:20:32.019]   - Field: ‘expr’
[16:20:32.019]   - Field: ‘uuid’
[16:20:32.019]   - Field: ‘seed’
[16:20:32.019]   - Field: ‘version’
[16:20:32.019]   - Field: ‘result’
[16:20:32.019]   - Field: ‘asynchronous’
[16:20:32.019]   - Field: ‘calls’
[16:20:32.019]   - Field: ‘globals’
[16:20:32.019]   - Field: ‘stdout’
[16:20:32.019]   - Field: ‘earlySignal’
[16:20:32.020]   - Field: ‘lazy’
[16:20:32.020]   - Field: ‘state’
[16:20:32.020] - Copy elements of temporary ‘SequentialFuture’ to final ‘Future’ object ... done
[16:20:32.020] - Launch lazy future ...
[16:20:32.020] Packages needed by the future expression (n = 0): <none>
[16:20:32.020] Packages needed by future strategies (n = 0): <none>
[16:20:32.020] {
[16:20:32.020]     {
[16:20:32.020]         {
[16:20:32.020]             ...future.startTime <- base::Sys.time()
[16:20:32.020]             {
[16:20:32.020]                 {
[16:20:32.020]                   {
[16:20:32.020]                     base::local({
[16:20:32.020]                       has_future <- base::requireNamespace("future", 
[16:20:32.020]                         quietly = TRUE)
[16:20:32.020]                       if (has_future) {
[16:20:32.020]                         ns <- base::getNamespace("future")
[16:20:32.020]                         version <- ns[[".package"]][["version"]]
[16:20:32.020]                         if (is.null(version)) 
[16:20:32.020]                           version <- utils::packageVersion("future")
[16:20:32.020]                       }
[16:20:32.020]                       else {
[16:20:32.020]                         version <- NULL
[16:20:32.020]                       }
[16:20:32.020]                       if (!has_future || version < "1.8.0") {
[16:20:32.020]                         info <- base::c(r_version = base::gsub("R version ", 
[16:20:32.020]                           "", base::R.version$version.string), 
[16:20:32.020]                           platform = base::sprintf("%s (%s-bit)", 
[16:20:32.020]                             base::R.version$platform, 8 * base::.Machine$sizeof.pointer), 
[16:20:32.020]                           os = base::paste(base::Sys.info()[base::c("sysname", 
[16:20:32.020]                             "release", "version")], collapse = " "), 
[16:20:32.020]                           hostname = base::Sys.info()[["nodename"]])
[16:20:32.020]                         info <- base::sprintf("%s: %s", base::names(info), 
[16:20:32.020]                           info)
[16:20:32.020]                         info <- base::paste(info, collapse = "; ")
[16:20:32.020]                         if (!has_future) {
[16:20:32.020]                           msg <- base::sprintf("Package 'future' is not installed on worker (%s)", 
[16:20:32.020]                             info)
[16:20:32.020]                         }
[16:20:32.020]                         else {
[16:20:32.020]                           msg <- base::sprintf("Package 'future' on worker (%s) must be of version >= 1.8.0: %s", 
[16:20:32.020]                             info, version)
[16:20:32.020]                         }
[16:20:32.020]                         base::stop(msg)
[16:20:32.020]                       }
[16:20:32.020]                     })
[16:20:32.020]                   }
[16:20:32.020]                   ...future.strategy.old <- future::plan("list")
[16:20:32.020]                   options(future.plan = NULL)
[16:20:32.020]                   Sys.unsetenv("R_FUTURE_PLAN")
[16:20:32.020]                   future::plan("default", .cleanup = FALSE, .init = FALSE)
[16:20:32.020]                 }
[16:20:32.020]                 ...future.workdir <- getwd()
[16:20:32.020]             }
[16:20:32.020]             ...future.oldOptions <- base::as.list(base::.Options)
[16:20:32.020]             ...future.oldEnvVars <- base::Sys.getenv()
[16:20:32.020]         }
[16:20:32.020]         base::options(future.startup.script = FALSE, future.globals.onMissing = NULL, 
[16:20:32.020]             future.globals.maxSize = NULL, future.globals.method = NULL, 
[16:20:32.020]             future.globals.onMissing = NULL, future.globals.onReference = NULL, 
[16:20:32.020]             future.globals.resolve = NULL, future.resolve.recursive = NULL, 
[16:20:32.020]             future.rng.onMisuse = NULL, future.rng.onMisuse.keepFuture = NULL, 
[16:20:32.020]             future.stdout.windows.reencode = NULL, width = 80L)
[16:20:32.020]         ...future.futureOptionsAdded <- base::setdiff(base::names(base::.Options), 
[16:20:32.020]             base::names(...future.oldOptions))
[16:20:32.020]     }
[16:20:32.020]     if (FALSE) {
[16:20:32.020]     }
[16:20:32.020]     else {
[16:20:32.020]         if (TRUE) {
[16:20:32.020]             ...future.stdout <- base::rawConnection(base::raw(0L), 
[16:20:32.020]                 open = "w")
[16:20:32.020]         }
[16:20:32.020]         else {
[16:20:32.020]             ...future.stdout <- base::file(base::switch(.Platform$OS.type, 
[16:20:32.020]                 windows = "NUL", "/dev/null"), open = "w")
[16:20:32.020]         }
[16:20:32.020]         base::sink(...future.stdout, type = "output", split = FALSE)
[16:20:32.020]         base::on.exit(if (!base::is.null(...future.stdout)) {
[16:20:32.020]             base::sink(type = "output", split = FALSE)
[16:20:32.020]             base::close(...future.stdout)
[16:20:32.020]         }, add = TRUE)
[16:20:32.020]     }
[16:20:32.020]     ...future.frame <- base::sys.nframe()
[16:20:32.020]     ...future.conditions <- base::list()
[16:20:32.020]     ...future.rng <- base::globalenv()$.Random.seed
[16:20:32.020]     if (FALSE) {
[16:20:32.020]         ...future.globalenv.names <- c(base::names(base::.GlobalEnv), 
[16:20:32.020]             "...future.value", "...future.globalenv.names", ".Random.seed")
[16:20:32.020]     }
[16:20:32.020]     ...future.result <- base::tryCatch({
[16:20:32.020]         base::withCallingHandlers({
[16:20:32.020]             ...future.value <- base::withVisible(base::local({
[16:20:32.020]                 1
[16:20:32.020]             }))
[16:20:32.020]             future::FutureResult(value = ...future.value$value, 
[16:20:32.020]                 visible = ...future.value$visible, rng = !identical(base::globalenv()$.Random.seed, 
[16:20:32.020]                   ...future.rng), globalenv = if (FALSE) 
[16:20:32.020]                   list(added = base::setdiff(base::names(base::.GlobalEnv), 
[16:20:32.020]                     ...future.globalenv.names))
[16:20:32.020]                 else NULL, started = ...future.startTime, version = "1.8")
[16:20:32.020]         }, condition = base::local({
[16:20:32.020]             c <- base::c
[16:20:32.020]             inherits <- base::inherits
[16:20:32.020]             invokeRestart <- base::invokeRestart
[16:20:32.020]             length <- base::length
[16:20:32.020]             list <- base::list
[16:20:32.020]             seq.int <- base::seq.int
[16:20:32.020]             signalCondition <- base::signalCondition
[16:20:32.020]             sys.calls <- base::sys.calls
[16:20:32.020]             `[[` <- base::`[[`
[16:20:32.020]             `+` <- base::`+`
[16:20:32.020]             `<<-` <- base::`<<-`
[16:20:32.020]             sysCalls <- function(calls = sys.calls(), from = 1L) {
[16:20:32.020]                 calls[seq.int(from = from + 12L, to = length(calls) - 
[16:20:32.020]                   3L)]
[16:20:32.020]             }
[16:20:32.020]             function(cond) {
[16:20:32.020]                 is_error <- inherits(cond, "error")
[16:20:32.020]                 ignore <- !is_error && !is.null(NULL) && inherits(cond, 
[16:20:32.020]                   NULL)
[16:20:32.020]                 if (is_error) {
[16:20:32.020]                   sessionInformation <- function() {
[16:20:32.020]                     list(r = base::R.Version(), locale = base::Sys.getlocale(), 
[16:20:32.020]                       rngkind = base::RNGkind(), namespaces = base::loadedNamespaces(), 
[16:20:32.020]                       search = base::search(), system = base::Sys.info())
[16:20:32.020]                   }
[16:20:32.020]                   ...future.conditions[[length(...future.conditions) + 
[16:20:32.020]                     1L]] <<- list(condition = cond, calls = c(sysCalls(from = ...future.frame), 
[16:20:32.020]                     cond$call), session = sessionInformation(), 
[16:20:32.020]                     timestamp = base::Sys.time(), signaled = 0L)
[16:20:32.020]                   signalCondition(cond)
[16:20:32.020]                 }
[16:20:32.020]                 else if (!ignore && TRUE && inherits(cond, c("condition", 
[16:20:32.020]                 "immediateCondition"))) {
[16:20:32.020]                   signal <- TRUE && inherits(cond, "immediateCondition")
[16:20:32.020]                   ...future.conditions[[length(...future.conditions) + 
[16:20:32.020]                     1L]] <<- list(condition = cond, signaled = base::as.integer(signal))
[16:20:32.020]                   if (TRUE && !signal) {
[16:20:32.020]                     muffleCondition <- function (cond, pattern = "^muffle") 
[16:20:32.020]                     {
[16:20:32.020]                       inherits <- base::inherits
[16:20:32.020]                       invokeRestart <- base::invokeRestart
[16:20:32.020]                       is.null <- base::is.null
[16:20:32.020]                       muffled <- FALSE
[16:20:32.020]                       if (inherits(cond, "message")) {
[16:20:32.020]                         muffled <- grepl(pattern, "muffleMessage")
[16:20:32.020]                         if (muffled) 
[16:20:32.020]                           invokeRestart("muffleMessage")
[16:20:32.020]                       }
[16:20:32.020]                       else if (inherits(cond, "warning")) {
[16:20:32.020]                         muffled <- grepl(pattern, "muffleWarning")
[16:20:32.020]                         if (muffled) 
[16:20:32.020]                           invokeRestart("muffleWarning")
[16:20:32.020]                       }
[16:20:32.020]                       else if (inherits(cond, "condition")) {
[16:20:32.020]                         if (!is.null(pattern)) {
[16:20:32.020]                           computeRestarts <- base::computeRestarts
[16:20:32.020]                           grepl <- base::grepl
[16:20:32.020]                           restarts <- computeRestarts(cond)
[16:20:32.020]                           for (restart in restarts) {
[16:20:32.020]                             name <- restart$name
[16:20:32.020]                             if (is.null(name)) 
[16:20:32.020]                               next
[16:20:32.020]                             if (!grepl(pattern, name)) 
[16:20:32.020]                               next
[16:20:32.020]                             invokeRestart(restart)
[16:20:32.020]                             muffled <- TRUE
[16:20:32.020]                             break
[16:20:32.020]                           }
[16:20:32.020]                         }
[16:20:32.020]                       }
[16:20:32.020]                       invisible(muffled)
[16:20:32.020]                     }
[16:20:32.020]                     muffleCondition(cond, pattern = "^muffle")
[16:20:32.020]                   }
[16:20:32.020]                 }
[16:20:32.020]                 else {
[16:20:32.020]                   if (TRUE) {
[16:20:32.020]                     muffleCondition <- function (cond, pattern = "^muffle") 
[16:20:32.020]                     {
[16:20:32.020]                       inherits <- base::inherits
[16:20:32.020]                       invokeRestart <- base::invokeRestart
[16:20:32.020]                       is.null <- base::is.null
[16:20:32.020]                       muffled <- FALSE
[16:20:32.020]                       if (inherits(cond, "message")) {
[16:20:32.020]                         muffled <- grepl(pattern, "muffleMessage")
[16:20:32.020]                         if (muffled) 
[16:20:32.020]                           invokeRestart("muffleMessage")
[16:20:32.020]                       }
[16:20:32.020]                       else if (inherits(cond, "warning")) {
[16:20:32.020]                         muffled <- grepl(pattern, "muffleWarning")
[16:20:32.020]                         if (muffled) 
[16:20:32.020]                           invokeRestart("muffleWarning")
[16:20:32.020]                       }
[16:20:32.020]                       else if (inherits(cond, "condition")) {
[16:20:32.020]                         if (!is.null(pattern)) {
[16:20:32.020]                           computeRestarts <- base::computeRestarts
[16:20:32.020]                           grepl <- base::grepl
[16:20:32.020]                           restarts <- computeRestarts(cond)
[16:20:32.020]                           for (restart in restarts) {
[16:20:32.020]                             name <- restart$name
[16:20:32.020]                             if (is.null(name)) 
[16:20:32.020]                               next
[16:20:32.020]                             if (!grepl(pattern, name)) 
[16:20:32.020]                               next
[16:20:32.020]                             invokeRestart(restart)
[16:20:32.020]                             muffled <- TRUE
[16:20:32.020]                             break
[16:20:32.020]                           }
[16:20:32.020]                         }
[16:20:32.020]                       }
[16:20:32.020]                       invisible(muffled)
[16:20:32.020]                     }
[16:20:32.020]                     muffleCondition(cond, pattern = "^muffle")
[16:20:32.020]                   }
[16:20:32.020]                 }
[16:20:32.020]             }
[16:20:32.020]         }))
[16:20:32.020]     }, error = function(ex) {
[16:20:32.020]         base::structure(base::list(value = NULL, visible = NULL, 
[16:20:32.020]             conditions = ...future.conditions, rng = !identical(base::globalenv()$.Random.seed, 
[16:20:32.020]                 ...future.rng), started = ...future.startTime, 
[16:20:32.020]             finished = Sys.time(), session_uuid = NA_character_, 
[16:20:32.020]             version = "1.8"), class = "FutureResult")
[16:20:32.020]     }, finally = {
[16:20:32.020]         if (!identical(...future.workdir, getwd())) 
[16:20:32.020]             setwd(...future.workdir)
[16:20:32.020]         {
[16:20:32.020]             if (identical(getOption("nwarnings"), ...future.oldOptions$nwarnings)) {
[16:20:32.020]                 ...future.oldOptions$nwarnings <- NULL
[16:20:32.020]             }
[16:20:32.020]             base::options(...future.oldOptions)
[16:20:32.020]             if (.Platform$OS.type == "windows") {
[16:20:32.020]                 old_names <- names(...future.oldEnvVars)
[16:20:32.020]                 envs <- base::Sys.getenv()
[16:20:32.020]                 names <- names(envs)
[16:20:32.020]                 common <- intersect(names, old_names)
[16:20:32.020]                 added <- setdiff(names, old_names)
[16:20:32.020]                 removed <- setdiff(old_names, names)
[16:20:32.020]                 changed <- common[...future.oldEnvVars[common] != 
[16:20:32.020]                   envs[common]]
[16:20:32.020]                 NAMES <- toupper(changed)
[16:20:32.020]                 args <- list()
[16:20:32.020]                 for (kk in seq_along(NAMES)) {
[16:20:32.020]                   name <- changed[[kk]]
[16:20:32.020]                   NAME <- NAMES[[kk]]
[16:20:32.020]                   if (name != NAME && is.element(NAME, old_names)) 
[16:20:32.020]                     next
[16:20:32.020]                   args[[name]] <- ...future.oldEnvVars[[name]]
[16:20:32.020]                 }
[16:20:32.020]                 NAMES <- toupper(added)
[16:20:32.020]                 for (kk in seq_along(NAMES)) {
[16:20:32.020]                   name <- added[[kk]]
[16:20:32.020]                   NAME <- NAMES[[kk]]
[16:20:32.020]                   if (name != NAME && is.element(NAME, old_names)) 
[16:20:32.020]                     next
[16:20:32.020]                   args[[name]] <- ""
[16:20:32.020]                 }
[16:20:32.020]                 NAMES <- toupper(removed)
[16:20:32.020]                 for (kk in seq_along(NAMES)) {
[16:20:32.020]                   name <- removed[[kk]]
[16:20:32.020]                   NAME <- NAMES[[kk]]
[16:20:32.020]                   if (name != NAME && is.element(NAME, old_names)) 
[16:20:32.020]                     next
[16:20:32.020]                   args[[name]] <- ...future.oldEnvVars[[name]]
[16:20:32.020]                 }
[16:20:32.020]                 if (length(args) > 0) 
[16:20:32.020]                   base::do.call(base::Sys.setenv, args = args)
[16:20:32.020]                 args <- names <- old_names <- NAMES <- envs <- common <- added <- removed <- NULL
[16:20:32.020]             }
[16:20:32.020]             else {
[16:20:32.020]                 base::do.call(base::Sys.setenv, args = base::as.list(...future.oldEnvVars))
[16:20:32.020]             }
[16:20:32.020]             {
[16:20:32.020]                 if (base::length(...future.futureOptionsAdded) > 
[16:20:32.020]                   0L) {
[16:20:32.020]                   opts <- base::vector("list", length = base::length(...future.futureOptionsAdded))
[16:20:32.020]                   base::names(opts) <- ...future.futureOptionsAdded
[16:20:32.020]                   base::options(opts)
[16:20:32.020]                 }
[16:20:32.020]                 {
[16:20:32.020]                   {
[16:20:32.020]                     NULL
[16:20:32.020]                     RNGkind("Mersenne-Twister")
[16:20:32.020]                     base::rm(list = ".Random.seed", envir = base::globalenv(), 
[16:20:32.020]                       inherits = FALSE)
[16:20:32.020]                   }
[16:20:32.020]                   options(future.plan = NULL)
[16:20:32.020]                   if (is.na(NA_character_)) 
[16:20:32.020]                     Sys.unsetenv("R_FUTURE_PLAN")
[16:20:32.020]                   else Sys.setenv(R_FUTURE_PLAN = NA_character_)
[16:20:32.020]                   future::plan(...future.strategy.old, .cleanup = FALSE, 
[16:20:32.020]                     .init = FALSE)
[16:20:32.020]                 }
[16:20:32.020]             }
[16:20:32.020]         }
[16:20:32.020]     })
[16:20:32.020]     if (TRUE) {
[16:20:32.020]         base::sink(type = "output", split = FALSE)
[16:20:32.020]         if (TRUE) {
[16:20:32.020]             ...future.result$stdout <- base::rawToChar(base::rawConnectionValue(...future.stdout))
[16:20:32.020]         }
[16:20:32.020]         else {
[16:20:32.020]             ...future.result["stdout"] <- base::list(NULL)
[16:20:32.020]         }
[16:20:32.020]         base::close(...future.stdout)
[16:20:32.020]         ...future.stdout <- NULL
[16:20:32.020]     }
[16:20:32.020]     ...future.result$conditions <- ...future.conditions
[16:20:32.020]     ...future.result$finished <- base::Sys.time()
[16:20:32.020]     ...future.result
[16:20:32.020] }
[16:20:32.022] plan(): Setting new future strategy stack:
[16:20:32.022] List of future strategies:
[16:20:32.022] 1. sequential:
[16:20:32.022]    - args: function (..., envir = parent.frame())
[16:20:32.022]    - tweaked: FALSE
[16:20:32.022]    - call: NULL
[16:20:32.023] plan(): nbrOfWorkers() = 1
[16:20:32.023] plan(): Setting new future strategy stack:
[16:20:32.024] List of future strategies:
[16:20:32.024] 1. sequential:
[16:20:32.024]    - args: function (..., envir = parent.frame())
[16:20:32.024]    - tweaked: FALSE
[16:20:32.024]    - call: future::plan("sequential")
[16:20:32.024] plan(): nbrOfWorkers() = 1
[16:20:32.024] SequentialFuture started (and completed)
[16:20:32.024] - Launch lazy future ... done
[16:20:32.024] run() for ‘SequentialFuture’ ... done
> stopifnot(identical(v$a, 2))
[16:20:32.025] run() for ‘Future’ ...
[16:20:32.025] - state: ‘created’
[16:20:32.025] - Future backend: ‘FutureStrategy’, ‘sequential’, ‘uniprocess’, ‘future’, ‘function’
[16:20:32.025] - Future class: ‘SequentialFuture’, ‘UniprocessFuture’, ‘Future’, ‘environment’
[16:20:32.025] - Copy elements of temporary ‘SequentialFuture’ to final ‘Future’ object ...
[16:20:32.025]   - Field: ‘label’
[16:20:32.026]   - Field: ‘local’
[16:20:32.026]   - Field: ‘owner’
[16:20:32.026]   - Field: ‘envir’
[16:20:32.026]   - Field: ‘packages’
[16:20:32.026]   - Field: ‘gc’
[16:20:32.026]   - Field: ‘conditions’
[16:20:32.026]   - Field: ‘expr’
[16:20:32.026]   - Field: ‘uuid’
[16:20:32.026]   - Field: ‘seed’
[16:20:32.026]   - Field: ‘version’
[16:20:32.026]   - Field: ‘result’
[16:20:32.027]   - Field: ‘asynchronous’
[16:20:32.027]   - Field: ‘calls’
[16:20:32.027]   - Field: ‘globals’
[16:20:32.027]   - Field: ‘stdout’
[16:20:32.027]   - Field: ‘earlySignal’
[16:20:32.027]   - Field: ‘lazy’
[16:20:32.027]   - Field: ‘state’
[16:20:32.027] - Copy elements of temporary ‘SequentialFuture’ to final ‘Future’ object ... done
[16:20:32.027] - Launch lazy future ...
[16:20:32.028] Packages needed by the future expression (n = 0): <none>
[16:20:32.028] Packages needed by future strategies (n = 0): <none>
[16:20:32.028] {
[16:20:32.028]     {
[16:20:32.028]         {
[16:20:32.028]             ...future.startTime <- base::Sys.time()
[16:20:32.028]             {
[16:20:32.028]                 {
[16:20:32.028]                   {
[16:20:32.028]                     base::local({
[16:20:32.028]                       has_future <- base::requireNamespace("future", 
[16:20:32.028]                         quietly = TRUE)
[16:20:32.028]                       if (has_future) {
[16:20:32.028]                         ns <- base::getNamespace("future")
[16:20:32.028]                         version <- ns[[".package"]][["version"]]
[16:20:32.028]                         if (is.null(version)) 
[16:20:32.028]                           version <- utils::packageVersion("future")
[16:20:32.028]                       }
[16:20:32.028]                       else {
[16:20:32.028]                         version <- NULL
[16:20:32.028]                       }
[16:20:32.028]                       if (!has_future || version < "1.8.0") {
[16:20:32.028]                         info <- base::c(r_version = base::gsub("R version ", 
[16:20:32.028]                           "", base::R.version$version.string), 
[16:20:32.028]                           platform = base::sprintf("%s (%s-bit)", 
[16:20:32.028]                             base::R.version$platform, 8 * base::.Machine$sizeof.pointer), 
[16:20:32.028]                           os = base::paste(base::Sys.info()[base::c("sysname", 
[16:20:32.028]                             "release", "version")], collapse = " "), 
[16:20:32.028]                           hostname = base::Sys.info()[["nodename"]])
[16:20:32.028]                         info <- base::sprintf("%s: %s", base::names(info), 
[16:20:32.028]                           info)
[16:20:32.028]                         info <- base::paste(info, collapse = "; ")
[16:20:32.028]                         if (!has_future) {
[16:20:32.028]                           msg <- base::sprintf("Package 'future' is not installed on worker (%s)", 
[16:20:32.028]                             info)
[16:20:32.028]                         }
[16:20:32.028]                         else {
[16:20:32.028]                           msg <- base::sprintf("Package 'future' on worker (%s) must be of version >= 1.8.0: %s", 
[16:20:32.028]                             info, version)
[16:20:32.028]                         }
[16:20:32.028]                         base::stop(msg)
[16:20:32.028]                       }
[16:20:32.028]                     })
[16:20:32.028]                   }
[16:20:32.028]                   ...future.strategy.old <- future::plan("list")
[16:20:32.028]                   options(future.plan = NULL)
[16:20:32.028]                   Sys.unsetenv("R_FUTURE_PLAN")
[16:20:32.028]                   future::plan("default", .cleanup = FALSE, .init = FALSE)
[16:20:32.028]                 }
[16:20:32.028]                 ...future.workdir <- getwd()
[16:20:32.028]             }
[16:20:32.028]             ...future.oldOptions <- base::as.list(base::.Options)
[16:20:32.028]             ...future.oldEnvVars <- base::Sys.getenv()
[16:20:32.028]         }
[16:20:32.028]         base::options(future.startup.script = FALSE, future.globals.onMissing = NULL, 
[16:20:32.028]             future.globals.maxSize = NULL, future.globals.method = NULL, 
[16:20:32.028]             future.globals.onMissing = NULL, future.globals.onReference = NULL, 
[16:20:32.028]             future.globals.resolve = NULL, future.resolve.recursive = NULL, 
[16:20:32.028]             future.rng.onMisuse = NULL, future.rng.onMisuse.keepFuture = NULL, 
[16:20:32.028]             future.stdout.windows.reencode = NULL, width = 80L)
[16:20:32.028]         ...future.futureOptionsAdded <- base::setdiff(base::names(base::.Options), 
[16:20:32.028]             base::names(...future.oldOptions))
[16:20:32.028]     }
[16:20:32.028]     if (FALSE) {
[16:20:32.028]     }
[16:20:32.028]     else {
[16:20:32.028]         if (TRUE) {
[16:20:32.028]             ...future.stdout <- base::rawConnection(base::raw(0L), 
[16:20:32.028]                 open = "w")
[16:20:32.028]         }
[16:20:32.028]         else {
[16:20:32.028]             ...future.stdout <- base::file(base::switch(.Platform$OS.type, 
[16:20:32.028]                 windows = "NUL", "/dev/null"), open = "w")
[16:20:32.028]         }
[16:20:32.028]         base::sink(...future.stdout, type = "output", split = FALSE)
[16:20:32.028]         base::on.exit(if (!base::is.null(...future.stdout)) {
[16:20:32.028]             base::sink(type = "output", split = FALSE)
[16:20:32.028]             base::close(...future.stdout)
[16:20:32.028]         }, add = TRUE)
[16:20:32.028]     }
[16:20:32.028]     ...future.frame <- base::sys.nframe()
[16:20:32.028]     ...future.conditions <- base::list()
[16:20:32.028]     ...future.rng <- base::globalenv()$.Random.seed
[16:20:32.028]     if (FALSE) {
[16:20:32.028]         ...future.globalenv.names <- c(base::names(base::.GlobalEnv), 
[16:20:32.028]             "...future.value", "...future.globalenv.names", ".Random.seed")
[16:20:32.028]     }
[16:20:32.028]     ...future.result <- base::tryCatch({
[16:20:32.028]         base::withCallingHandlers({
[16:20:32.028]             ...future.value <- base::withVisible(base::local({
[16:20:32.028]                 2
[16:20:32.028]             }))
[16:20:32.028]             future::FutureResult(value = ...future.value$value, 
[16:20:32.028]                 visible = ...future.value$visible, rng = !identical(base::globalenv()$.Random.seed, 
[16:20:32.028]                   ...future.rng), globalenv = if (FALSE) 
[16:20:32.028]                   list(added = base::setdiff(base::names(base::.GlobalEnv), 
[16:20:32.028]                     ...future.globalenv.names))
[16:20:32.028]                 else NULL, started = ...future.startTime, version = "1.8")
[16:20:32.028]         }, condition = base::local({
[16:20:32.028]             c <- base::c
[16:20:32.028]             inherits <- base::inherits
[16:20:32.028]             invokeRestart <- base::invokeRestart
[16:20:32.028]             length <- base::length
[16:20:32.028]             list <- base::list
[16:20:32.028]             seq.int <- base::seq.int
[16:20:32.028]             signalCondition <- base::signalCondition
[16:20:32.028]             sys.calls <- base::sys.calls
[16:20:32.028]             `[[` <- base::`[[`
[16:20:32.028]             `+` <- base::`+`
[16:20:32.028]             `<<-` <- base::`<<-`
[16:20:32.028]             sysCalls <- function(calls = sys.calls(), from = 1L) {
[16:20:32.028]                 calls[seq.int(from = from + 12L, to = length(calls) - 
[16:20:32.028]                   3L)]
[16:20:32.028]             }
[16:20:32.028]             function(cond) {
[16:20:32.028]                 is_error <- inherits(cond, "error")
[16:20:32.028]                 ignore <- !is_error && !is.null(NULL) && inherits(cond, 
[16:20:32.028]                   NULL)
[16:20:32.028]                 if (is_error) {
[16:20:32.028]                   sessionInformation <- function() {
[16:20:32.028]                     list(r = base::R.Version(), locale = base::Sys.getlocale(), 
[16:20:32.028]                       rngkind = base::RNGkind(), namespaces = base::loadedNamespaces(), 
[16:20:32.028]                       search = base::search(), system = base::Sys.info())
[16:20:32.028]                   }
[16:20:32.028]                   ...future.conditions[[length(...future.conditions) + 
[16:20:32.028]                     1L]] <<- list(condition = cond, calls = c(sysCalls(from = ...future.frame), 
[16:20:32.028]                     cond$call), session = sessionInformation(), 
[16:20:32.028]                     timestamp = base::Sys.time(), signaled = 0L)
[16:20:32.028]                   signalCondition(cond)
[16:20:32.028]                 }
[16:20:32.028]                 else if (!ignore && TRUE && inherits(cond, c("condition", 
[16:20:32.028]                 "immediateCondition"))) {
[16:20:32.028]                   signal <- TRUE && inherits(cond, "immediateCondition")
[16:20:32.028]                   ...future.conditions[[length(...future.conditions) + 
[16:20:32.028]                     1L]] <<- list(condition = cond, signaled = base::as.integer(signal))
[16:20:32.028]                   if (TRUE && !signal) {
[16:20:32.028]                     muffleCondition <- function (cond, pattern = "^muffle") 
[16:20:32.028]                     {
[16:20:32.028]                       inherits <- base::inherits
[16:20:32.028]                       invokeRestart <- base::invokeRestart
[16:20:32.028]                       is.null <- base::is.null
[16:20:32.028]                       muffled <- FALSE
[16:20:32.028]                       if (inherits(cond, "message")) {
[16:20:32.028]                         muffled <- grepl(pattern, "muffleMessage")
[16:20:32.028]                         if (muffled) 
[16:20:32.028]                           invokeRestart("muffleMessage")
[16:20:32.028]                       }
[16:20:32.028]                       else if (inherits(cond, "warning")) {
[16:20:32.028]                         muffled <- grepl(pattern, "muffleWarning")
[16:20:32.028]                         if (muffled) 
[16:20:32.028]                           invokeRestart("muffleWarning")
[16:20:32.028]                       }
[16:20:32.028]                       else if (inherits(cond, "condition")) {
[16:20:32.028]                         if (!is.null(pattern)) {
[16:20:32.028]                           computeRestarts <- base::computeRestarts
[16:20:32.028]                           grepl <- base::grepl
[16:20:32.028]                           restarts <- computeRestarts(cond)
[16:20:32.028]                           for (restart in restarts) {
[16:20:32.028]                             name <- restart$name
[16:20:32.028]                             if (is.null(name)) 
[16:20:32.028]                               next
[16:20:32.028]                             if (!grepl(pattern, name)) 
[16:20:32.028]                               next
[16:20:32.028]                             invokeRestart(restart)
[16:20:32.028]                             muffled <- TRUE
[16:20:32.028]                             break
[16:20:32.028]                           }
[16:20:32.028]                         }
[16:20:32.028]                       }
[16:20:32.028]                       invisible(muffled)
[16:20:32.028]                     }
[16:20:32.028]                     muffleCondition(cond, pattern = "^muffle")
[16:20:32.028]                   }
[16:20:32.028]                 }
[16:20:32.028]                 else {
[16:20:32.028]                   if (TRUE) {
[16:20:32.028]                     muffleCondition <- function (cond, pattern = "^muffle") 
[16:20:32.028]                     {
[16:20:32.028]                       inherits <- base::inherits
[16:20:32.028]                       invokeRestart <- base::invokeRestart
[16:20:32.028]                       is.null <- base::is.null
[16:20:32.028]                       muffled <- FALSE
[16:20:32.028]                       if (inherits(cond, "message")) {
[16:20:32.028]                         muffled <- grepl(pattern, "muffleMessage")
[16:20:32.028]                         if (muffled) 
[16:20:32.028]                           invokeRestart("muffleMessage")
[16:20:32.028]                       }
[16:20:32.028]                       else if (inherits(cond, "warning")) {
[16:20:32.028]                         muffled <- grepl(pattern, "muffleWarning")
[16:20:32.028]                         if (muffled) 
[16:20:32.028]                           invokeRestart("muffleWarning")
[16:20:32.028]                       }
[16:20:32.028]                       else if (inherits(cond, "condition")) {
[16:20:32.028]                         if (!is.null(pattern)) {
[16:20:32.028]                           computeRestarts <- base::computeRestarts
[16:20:32.028]                           grepl <- base::grepl
[16:20:32.028]                           restarts <- computeRestarts(cond)
[16:20:32.028]                           for (restart in restarts) {
[16:20:32.028]                             name <- restart$name
[16:20:32.028]                             if (is.null(name)) 
[16:20:32.028]                               next
[16:20:32.028]                             if (!grepl(pattern, name)) 
[16:20:32.028]                               next
[16:20:32.028]                             invokeRestart(restart)
[16:20:32.028]                             muffled <- TRUE
[16:20:32.028]                             break
[16:20:32.028]                           }
[16:20:32.028]                         }
[16:20:32.028]                       }
[16:20:32.028]                       invisible(muffled)
[16:20:32.028]                     }
[16:20:32.028]                     muffleCondition(cond, pattern = "^muffle")
[16:20:32.028]                   }
[16:20:32.028]                 }
[16:20:32.028]             }
[16:20:32.028]         }))
[16:20:32.028]     }, error = function(ex) {
[16:20:32.028]         base::structure(base::list(value = NULL, visible = NULL, 
[16:20:32.028]             conditions = ...future.conditions, rng = !identical(base::globalenv()$.Random.seed, 
[16:20:32.028]                 ...future.rng), started = ...future.startTime, 
[16:20:32.028]             finished = Sys.time(), session_uuid = NA_character_, 
[16:20:32.028]             version = "1.8"), class = "FutureResult")
[16:20:32.028]     }, finally = {
[16:20:32.028]         if (!identical(...future.workdir, getwd())) 
[16:20:32.028]             setwd(...future.workdir)
[16:20:32.028]         {
[16:20:32.028]             if (identical(getOption("nwarnings"), ...future.oldOptions$nwarnings)) {
[16:20:32.028]                 ...future.oldOptions$nwarnings <- NULL
[16:20:32.028]             }
[16:20:32.028]             base::options(...future.oldOptions)
[16:20:32.028]             if (.Platform$OS.type == "windows") {
[16:20:32.028]                 old_names <- names(...future.oldEnvVars)
[16:20:32.028]                 envs <- base::Sys.getenv()
[16:20:32.028]                 names <- names(envs)
[16:20:32.028]                 common <- intersect(names, old_names)
[16:20:32.028]                 added <- setdiff(names, old_names)
[16:20:32.028]                 removed <- setdiff(old_names, names)
[16:20:32.028]                 changed <- common[...future.oldEnvVars[common] != 
[16:20:32.028]                   envs[common]]
[16:20:32.028]                 NAMES <- toupper(changed)
[16:20:32.028]                 args <- list()
[16:20:32.028]                 for (kk in seq_along(NAMES)) {
[16:20:32.028]                   name <- changed[[kk]]
[16:20:32.028]                   NAME <- NAMES[[kk]]
[16:20:32.028]                   if (name != NAME && is.element(NAME, old_names)) 
[16:20:32.028]                     next
[16:20:32.028]                   args[[name]] <- ...future.oldEnvVars[[name]]
[16:20:32.028]                 }
[16:20:32.028]                 NAMES <- toupper(added)
[16:20:32.028]                 for (kk in seq_along(NAMES)) {
[16:20:32.028]                   name <- added[[kk]]
[16:20:32.028]                   NAME <- NAMES[[kk]]
[16:20:32.028]                   if (name != NAME && is.element(NAME, old_names)) 
[16:20:32.028]                     next
[16:20:32.028]                   args[[name]] <- ""
[16:20:32.028]                 }
[16:20:32.028]                 NAMES <- toupper(removed)
[16:20:32.028]                 for (kk in seq_along(NAMES)) {
[16:20:32.028]                   name <- removed[[kk]]
[16:20:32.028]                   NAME <- NAMES[[kk]]
[16:20:32.028]                   if (name != NAME && is.element(NAME, old_names)) 
[16:20:32.028]                     next
[16:20:32.028]                   args[[name]] <- ...future.oldEnvVars[[name]]
[16:20:32.028]                 }
[16:20:32.028]                 if (length(args) > 0) 
[16:20:32.028]                   base::do.call(base::Sys.setenv, args = args)
[16:20:32.028]                 args <- names <- old_names <- NAMES <- envs <- common <- added <- removed <- NULL
[16:20:32.028]             }
[16:20:32.028]             else {
[16:20:32.028]                 base::do.call(base::Sys.setenv, args = base::as.list(...future.oldEnvVars))
[16:20:32.028]             }
[16:20:32.028]             {
[16:20:32.028]                 if (base::length(...future.futureOptionsAdded) > 
[16:20:32.028]                   0L) {
[16:20:32.028]                   opts <- base::vector("list", length = base::length(...future.futureOptionsAdded))
[16:20:32.028]                   base::names(opts) <- ...future.futureOptionsAdded
[16:20:32.028]                   base::options(opts)
[16:20:32.028]                 }
[16:20:32.028]                 {
[16:20:32.028]                   {
[16:20:32.028]                     NULL
[16:20:32.028]                     RNGkind("Mersenne-Twister")
[16:20:32.028]                     base::rm(list = ".Random.seed", envir = base::globalenv(), 
[16:20:32.028]                       inherits = FALSE)
[16:20:32.028]                   }
[16:20:32.028]                   options(future.plan = NULL)
[16:20:32.028]                   if (is.na(NA_character_)) 
[16:20:32.028]                     Sys.unsetenv("R_FUTURE_PLAN")
[16:20:32.028]                   else Sys.setenv(R_FUTURE_PLAN = NA_character_)
[16:20:32.028]                   future::plan(...future.strategy.old, .cleanup = FALSE, 
[16:20:32.028]                     .init = FALSE)
[16:20:32.028]                 }
[16:20:32.028]             }
[16:20:32.028]         }
[16:20:32.028]     })
[16:20:32.028]     if (TRUE) {
[16:20:32.028]         base::sink(type = "output", split = FALSE)
[16:20:32.028]         if (TRUE) {
[16:20:32.028]             ...future.result$stdout <- base::rawToChar(base::rawConnectionValue(...future.stdout))
[16:20:32.028]         }
[16:20:32.028]         else {
[16:20:32.028]             ...future.result["stdout"] <- base::list(NULL)
[16:20:32.028]         }
[16:20:32.028]         base::close(...future.stdout)
[16:20:32.028]         ...future.stdout <- NULL
[16:20:32.028]     }
[16:20:32.028]     ...future.result$conditions <- ...future.conditions
[16:20:32.028]     ...future.result$finished <- base::Sys.time()
[16:20:32.028]     ...future.result
[16:20:32.028] }
[16:20:32.030] plan(): Setting new future strategy stack:
[16:20:32.030] List of future strategies:
[16:20:32.030] 1. sequential:
[16:20:32.030]    - args: function (..., envir = parent.frame())
[16:20:32.030]    - tweaked: FALSE
[16:20:32.030]    - call: NULL
[16:20:32.030] plan(): nbrOfWorkers() = 1
[16:20:32.034] plan(): Setting new future strategy stack:
[16:20:32.034] List of future strategies:
[16:20:32.034] 1. sequential:
[16:20:32.034]    - args: function (..., envir = parent.frame())
[16:20:32.034]    - tweaked: FALSE
[16:20:32.034]    - call: future::plan("sequential")
[16:20:32.034] plan(): nbrOfWorkers() = 1
[16:20:32.034] SequentialFuture started (and completed)
[16:20:32.035] - Launch lazy future ... done
[16:20:32.035] run() for ‘SequentialFuture’ ... done
> 
> message("*** %<-% to environment ... DONE")
*** %<-% to environment ... DONE
> 
> source("incl/end.R")
[16:20:32.035] plan(): Setting new future strategy stack:
[16:20:32.035] List of future strategies:
[16:20:32.035] 1. FutureStrategy:
[16:20:32.035]    - args: function (..., envir = parent.frame())
[16:20:32.035]    - tweaked: FALSE
[16:20:32.035]    - call: future::plan(oplan)
[16:20:32.046] plan(): nbrOfWorkers() = 1
> 
