
R version 4.3.3 (2024-02-29) -- "Angel Food Cake"
Copyright (C) 2024 The R Foundation for Statistical Computing
Platform: x86_64-pc-linux-gnu (64-bit)

R is free software and comes with ABSOLUTELY NO WARRANTY.
You are welcome to redistribute it under certain conditions.
Type 'license()' or 'licence()' for distribution details.

R is a collaborative project with many contributors.
Type 'contributors()' for more information and
'citation()' on how to cite R or R packages in publications.

Type 'demo()' for some demos, 'help()' for on-line help, or
'help.start()' for an HTML browser interface to help.
Type 'q()' to quit R.

> source("incl/start.R")
[10:32:40.902] plan(): Setting new future strategy stack:
[10:32:40.903] List of future strategies:
[10:32:40.903] 1. sequential:
[10:32:40.903]    - args: function (..., envir = parent.frame())
[10:32:40.903]    - tweaked: FALSE
[10:32:40.903]    - call: future::plan("sequential")
[10:32:40.916] plan(): nbrOfWorkers() = 1
> 
> ## BACKWARD COMPATIBILITY
> if (getRversion() < "3.2.0") {
+   names <- function(x) if (is.environment(x)) ls(envir = x) else base::names(x)
+ }
> 
> message("*** %<-% to environment ...")
*** %<-% to environment ...
> 
> ## - - - - - - - - - - - - - - - - - - - - - - - - - - - -
> ## Async delayed assignment (infix operator)
> ## - - - - - - - - - - - - - - - - - - - - - - - - - - - -
> z <- new.env()
> stopifnot(length(names(z)) == 0L)
> 
> message("*** %<-% to environment: Assign by index (not allowed)")
*** %<-% to environment: Assign by index (not allowed)
> res <- try(z[[1]] %<-% { 2 } %lazy% TRUE, silent = TRUE)
> stopifnot(inherits(res, "try-error"))
> 
> message("*** %<-% to environment: Assign by name (new)")
*** %<-% to environment: Assign by name (new)
> z$B %<-% { TRUE }  %lazy% TRUE
[10:32:40.928] getGlobalsAndPackages() ...
[10:32:40.928] Searching for globals...
[10:32:40.931] - globals found: [1] ‘{’
[10:32:40.931] Searching for globals ... DONE
[10:32:40.932] Resolving globals: FALSE
[10:32:40.932] 
[10:32:40.932] 
[10:32:40.932] getGlobalsAndPackages() ... DONE
> stopifnot(length(z) == 2) # sic!
> stopifnot("B" %in% ls(z))
> 
> y <- as.list(z)
[10:32:40.933] run() for ‘Future’ ...
[10:32:40.933] - state: ‘created’
[10:32:40.934] - Future backend: ‘FutureStrategy’, ‘sequential’, ‘uniprocess’, ‘future’, ‘function’
[10:32:40.934] - Future class: ‘SequentialFuture’, ‘UniprocessFuture’, ‘Future’, ‘environment’
[10:32:40.934] - Copy elements of temporary ‘SequentialFuture’ to final ‘Future’ object ...
[10:32:40.934]   - Field: ‘label’
[10:32:40.934]   - Field: ‘local’
[10:32:40.934]   - Field: ‘owner’
[10:32:40.935]   - Field: ‘envir’
[10:32:40.935]   - Field: ‘packages’
[10:32:40.935]   - Field: ‘gc’
[10:32:40.935]   - Field: ‘conditions’
[10:32:40.935]   - Field: ‘expr’
[10:32:40.935]   - Field: ‘uuid’
[10:32:40.935]   - Field: ‘seed’
[10:32:40.935]   - Field: ‘version’
[10:32:40.935]   - Field: ‘result’
[10:32:40.935]   - Field: ‘asynchronous’
[10:32:40.935]   - Field: ‘calls’
[10:32:40.936]   - Field: ‘globals’
[10:32:40.936]   - Field: ‘stdout’
[10:32:40.936]   - Field: ‘earlySignal’
[10:32:40.936]   - Field: ‘lazy’
[10:32:40.936]   - Field: ‘state’
[10:32:40.936] - Copy elements of temporary ‘SequentialFuture’ to final ‘Future’ object ... done
[10:32:40.936] - Launch lazy future ...
[10:32:40.937] Packages needed by the future expression (n = 0): <none>
[10:32:40.937] Packages needed by future strategies (n = 0): <none>
[10:32:40.938] {
[10:32:40.938]     {
[10:32:40.938]         {
[10:32:40.938]             ...future.startTime <- base::Sys.time()
[10:32:40.938]             {
[10:32:40.938]                 {
[10:32:40.938]                   {
[10:32:40.938]                     base::local({
[10:32:40.938]                       has_future <- base::requireNamespace("future", 
[10:32:40.938]                         quietly = TRUE)
[10:32:40.938]                       if (has_future) {
[10:32:40.938]                         ns <- base::getNamespace("future")
[10:32:40.938]                         version <- ns[[".package"]][["version"]]
[10:32:40.938]                         if (is.null(version)) 
[10:32:40.938]                           version <- utils::packageVersion("future")
[10:32:40.938]                       }
[10:32:40.938]                       else {
[10:32:40.938]                         version <- NULL
[10:32:40.938]                       }
[10:32:40.938]                       if (!has_future || version < "1.8.0") {
[10:32:40.938]                         info <- base::c(r_version = base::gsub("R version ", 
[10:32:40.938]                           "", base::R.version$version.string), 
[10:32:40.938]                           platform = base::sprintf("%s (%s-bit)", 
[10:32:40.938]                             base::R.version$platform, 8 * base::.Machine$sizeof.pointer), 
[10:32:40.938]                           os = base::paste(base::Sys.info()[base::c("sysname", 
[10:32:40.938]                             "release", "version")], collapse = " "), 
[10:32:40.938]                           hostname = base::Sys.info()[["nodename"]])
[10:32:40.938]                         info <- base::sprintf("%s: %s", base::names(info), 
[10:32:40.938]                           info)
[10:32:40.938]                         info <- base::paste(info, collapse = "; ")
[10:32:40.938]                         if (!has_future) {
[10:32:40.938]                           msg <- base::sprintf("Package 'future' is not installed on worker (%s)", 
[10:32:40.938]                             info)
[10:32:40.938]                         }
[10:32:40.938]                         else {
[10:32:40.938]                           msg <- base::sprintf("Package 'future' on worker (%s) must be of version >= 1.8.0: %s", 
[10:32:40.938]                             info, version)
[10:32:40.938]                         }
[10:32:40.938]                         base::stop(msg)
[10:32:40.938]                       }
[10:32:40.938]                     })
[10:32:40.938]                   }
[10:32:40.938]                   ...future.strategy.old <- future::plan("list")
[10:32:40.938]                   options(future.plan = NULL)
[10:32:40.938]                   Sys.unsetenv("R_FUTURE_PLAN")
[10:32:40.938]                   future::plan("default", .cleanup = FALSE, .init = FALSE)
[10:32:40.938]                 }
[10:32:40.938]                 ...future.workdir <- getwd()
[10:32:40.938]             }
[10:32:40.938]             ...future.oldOptions <- base::as.list(base::.Options)
[10:32:40.938]             ...future.oldEnvVars <- base::Sys.getenv()
[10:32:40.938]         }
[10:32:40.938]         base::options(future.startup.script = FALSE, future.globals.onMissing = NULL, 
[10:32:40.938]             future.globals.maxSize = NULL, future.globals.method = NULL, 
[10:32:40.938]             future.globals.onMissing = NULL, future.globals.onReference = NULL, 
[10:32:40.938]             future.globals.resolve = NULL, future.resolve.recursive = NULL, 
[10:32:40.938]             future.rng.onMisuse = NULL, future.rng.onMisuse.keepFuture = NULL, 
[10:32:40.938]             future.stdout.windows.reencode = NULL, width = 80L)
[10:32:40.938]         ...future.futureOptionsAdded <- base::setdiff(base::names(base::.Options), 
[10:32:40.938]             base::names(...future.oldOptions))
[10:32:40.938]     }
[10:32:40.938]     if (FALSE) {
[10:32:40.938]     }
[10:32:40.938]     else {
[10:32:40.938]         if (TRUE) {
[10:32:40.938]             ...future.stdout <- base::rawConnection(base::raw(0L), 
[10:32:40.938]                 open = "w")
[10:32:40.938]         }
[10:32:40.938]         else {
[10:32:40.938]             ...future.stdout <- base::file(base::switch(.Platform$OS.type, 
[10:32:40.938]                 windows = "NUL", "/dev/null"), open = "w")
[10:32:40.938]         }
[10:32:40.938]         base::sink(...future.stdout, type = "output", split = FALSE)
[10:32:40.938]         base::on.exit(if (!base::is.null(...future.stdout)) {
[10:32:40.938]             base::sink(type = "output", split = FALSE)
[10:32:40.938]             base::close(...future.stdout)
[10:32:40.938]         }, add = TRUE)
[10:32:40.938]     }
[10:32:40.938]     ...future.frame <- base::sys.nframe()
[10:32:40.938]     ...future.conditions <- base::list()
[10:32:40.938]     ...future.rng <- base::globalenv()$.Random.seed
[10:32:40.938]     if (FALSE) {
[10:32:40.938]         ...future.globalenv.names <- c(base::names(base::.GlobalEnv), 
[10:32:40.938]             "...future.value", "...future.globalenv.names", ".Random.seed")
[10:32:40.938]     }
[10:32:40.938]     ...future.result <- base::tryCatch({
[10:32:40.938]         base::withCallingHandlers({
[10:32:40.938]             ...future.value <- base::withVisible(base::local({
[10:32:40.938]                 TRUE
[10:32:40.938]             }))
[10:32:40.938]             future::FutureResult(value = ...future.value$value, 
[10:32:40.938]                 visible = ...future.value$visible, rng = !identical(base::globalenv()$.Random.seed, 
[10:32:40.938]                   ...future.rng), globalenv = if (FALSE) 
[10:32:40.938]                   list(added = base::setdiff(base::names(base::.GlobalEnv), 
[10:32:40.938]                     ...future.globalenv.names))
[10:32:40.938]                 else NULL, started = ...future.startTime, version = "1.8")
[10:32:40.938]         }, condition = base::local({
[10:32:40.938]             c <- base::c
[10:32:40.938]             inherits <- base::inherits
[10:32:40.938]             invokeRestart <- base::invokeRestart
[10:32:40.938]             length <- base::length
[10:32:40.938]             list <- base::list
[10:32:40.938]             seq.int <- base::seq.int
[10:32:40.938]             signalCondition <- base::signalCondition
[10:32:40.938]             sys.calls <- base::sys.calls
[10:32:40.938]             `[[` <- base::`[[`
[10:32:40.938]             `+` <- base::`+`
[10:32:40.938]             `<<-` <- base::`<<-`
[10:32:40.938]             sysCalls <- function(calls = sys.calls(), from = 1L) {
[10:32:40.938]                 calls[seq.int(from = from + 12L, to = length(calls) - 
[10:32:40.938]                   3L)]
[10:32:40.938]             }
[10:32:40.938]             function(cond) {
[10:32:40.938]                 is_error <- inherits(cond, "error")
[10:32:40.938]                 ignore <- !is_error && !is.null(NULL) && inherits(cond, 
[10:32:40.938]                   NULL)
[10:32:40.938]                 if (is_error) {
[10:32:40.938]                   sessionInformation <- function() {
[10:32:40.938]                     list(r = base::R.Version(), locale = base::Sys.getlocale(), 
[10:32:40.938]                       rngkind = base::RNGkind(), namespaces = base::loadedNamespaces(), 
[10:32:40.938]                       search = base::search(), system = base::Sys.info())
[10:32:40.938]                   }
[10:32:40.938]                   ...future.conditions[[length(...future.conditions) + 
[10:32:40.938]                     1L]] <<- list(condition = cond, calls = c(sysCalls(from = ...future.frame), 
[10:32:40.938]                     cond$call), session = sessionInformation(), 
[10:32:40.938]                     timestamp = base::Sys.time(), signaled = 0L)
[10:32:40.938]                   signalCondition(cond)
[10:32:40.938]                 }
[10:32:40.938]                 else if (!ignore && TRUE && inherits(cond, c("condition", 
[10:32:40.938]                 "immediateCondition"))) {
[10:32:40.938]                   signal <- TRUE && inherits(cond, "immediateCondition")
[10:32:40.938]                   ...future.conditions[[length(...future.conditions) + 
[10:32:40.938]                     1L]] <<- list(condition = cond, signaled = base::as.integer(signal))
[10:32:40.938]                   if (TRUE && !signal) {
[10:32:40.938]                     muffleCondition <- function (cond, pattern = "^muffle") 
[10:32:40.938]                     {
[10:32:40.938]                       inherits <- base::inherits
[10:32:40.938]                       invokeRestart <- base::invokeRestart
[10:32:40.938]                       is.null <- base::is.null
[10:32:40.938]                       muffled <- FALSE
[10:32:40.938]                       if (inherits(cond, "message")) {
[10:32:40.938]                         muffled <- grepl(pattern, "muffleMessage")
[10:32:40.938]                         if (muffled) 
[10:32:40.938]                           invokeRestart("muffleMessage")
[10:32:40.938]                       }
[10:32:40.938]                       else if (inherits(cond, "warning")) {
[10:32:40.938]                         muffled <- grepl(pattern, "muffleWarning")
[10:32:40.938]                         if (muffled) 
[10:32:40.938]                           invokeRestart("muffleWarning")
[10:32:40.938]                       }
[10:32:40.938]                       else if (inherits(cond, "condition")) {
[10:32:40.938]                         if (!is.null(pattern)) {
[10:32:40.938]                           computeRestarts <- base::computeRestarts
[10:32:40.938]                           grepl <- base::grepl
[10:32:40.938]                           restarts <- computeRestarts(cond)
[10:32:40.938]                           for (restart in restarts) {
[10:32:40.938]                             name <- restart$name
[10:32:40.938]                             if (is.null(name)) 
[10:32:40.938]                               next
[10:32:40.938]                             if (!grepl(pattern, name)) 
[10:32:40.938]                               next
[10:32:40.938]                             invokeRestart(restart)
[10:32:40.938]                             muffled <- TRUE
[10:32:40.938]                             break
[10:32:40.938]                           }
[10:32:40.938]                         }
[10:32:40.938]                       }
[10:32:40.938]                       invisible(muffled)
[10:32:40.938]                     }
[10:32:40.938]                     muffleCondition(cond, pattern = "^muffle")
[10:32:40.938]                   }
[10:32:40.938]                 }
[10:32:40.938]                 else {
[10:32:40.938]                   if (TRUE) {
[10:32:40.938]                     muffleCondition <- function (cond, pattern = "^muffle") 
[10:32:40.938]                     {
[10:32:40.938]                       inherits <- base::inherits
[10:32:40.938]                       invokeRestart <- base::invokeRestart
[10:32:40.938]                       is.null <- base::is.null
[10:32:40.938]                       muffled <- FALSE
[10:32:40.938]                       if (inherits(cond, "message")) {
[10:32:40.938]                         muffled <- grepl(pattern, "muffleMessage")
[10:32:40.938]                         if (muffled) 
[10:32:40.938]                           invokeRestart("muffleMessage")
[10:32:40.938]                       }
[10:32:40.938]                       else if (inherits(cond, "warning")) {
[10:32:40.938]                         muffled <- grepl(pattern, "muffleWarning")
[10:32:40.938]                         if (muffled) 
[10:32:40.938]                           invokeRestart("muffleWarning")
[10:32:40.938]                       }
[10:32:40.938]                       else if (inherits(cond, "condition")) {
[10:32:40.938]                         if (!is.null(pattern)) {
[10:32:40.938]                           computeRestarts <- base::computeRestarts
[10:32:40.938]                           grepl <- base::grepl
[10:32:40.938]                           restarts <- computeRestarts(cond)
[10:32:40.938]                           for (restart in restarts) {
[10:32:40.938]                             name <- restart$name
[10:32:40.938]                             if (is.null(name)) 
[10:32:40.938]                               next
[10:32:40.938]                             if (!grepl(pattern, name)) 
[10:32:40.938]                               next
[10:32:40.938]                             invokeRestart(restart)
[10:32:40.938]                             muffled <- TRUE
[10:32:40.938]                             break
[10:32:40.938]                           }
[10:32:40.938]                         }
[10:32:40.938]                       }
[10:32:40.938]                       invisible(muffled)
[10:32:40.938]                     }
[10:32:40.938]                     muffleCondition(cond, pattern = "^muffle")
[10:32:40.938]                   }
[10:32:40.938]                 }
[10:32:40.938]             }
[10:32:40.938]         }))
[10:32:40.938]     }, error = function(ex) {
[10:32:40.938]         base::structure(base::list(value = NULL, visible = NULL, 
[10:32:40.938]             conditions = ...future.conditions, rng = !identical(base::globalenv()$.Random.seed, 
[10:32:40.938]                 ...future.rng), started = ...future.startTime, 
[10:32:40.938]             finished = Sys.time(), session_uuid = NA_character_, 
[10:32:40.938]             version = "1.8"), class = "FutureResult")
[10:32:40.938]     }, finally = {
[10:32:40.938]         if (!identical(...future.workdir, getwd())) 
[10:32:40.938]             setwd(...future.workdir)
[10:32:40.938]         {
[10:32:40.938]             if (identical(getOption("nwarnings"), ...future.oldOptions$nwarnings)) {
[10:32:40.938]                 ...future.oldOptions$nwarnings <- NULL
[10:32:40.938]             }
[10:32:40.938]             base::options(...future.oldOptions)
[10:32:40.938]             if (.Platform$OS.type == "windows") {
[10:32:40.938]                 old_names <- names(...future.oldEnvVars)
[10:32:40.938]                 envs <- base::Sys.getenv()
[10:32:40.938]                 names <- names(envs)
[10:32:40.938]                 common <- intersect(names, old_names)
[10:32:40.938]                 added <- setdiff(names, old_names)
[10:32:40.938]                 removed <- setdiff(old_names, names)
[10:32:40.938]                 changed <- common[...future.oldEnvVars[common] != 
[10:32:40.938]                   envs[common]]
[10:32:40.938]                 NAMES <- toupper(changed)
[10:32:40.938]                 args <- list()
[10:32:40.938]                 for (kk in seq_along(NAMES)) {
[10:32:40.938]                   name <- changed[[kk]]
[10:32:40.938]                   NAME <- NAMES[[kk]]
[10:32:40.938]                   if (name != NAME && is.element(NAME, old_names)) 
[10:32:40.938]                     next
[10:32:40.938]                   args[[name]] <- ...future.oldEnvVars[[name]]
[10:32:40.938]                 }
[10:32:40.938]                 NAMES <- toupper(added)
[10:32:40.938]                 for (kk in seq_along(NAMES)) {
[10:32:40.938]                   name <- added[[kk]]
[10:32:40.938]                   NAME <- NAMES[[kk]]
[10:32:40.938]                   if (name != NAME && is.element(NAME, old_names)) 
[10:32:40.938]                     next
[10:32:40.938]                   args[[name]] <- ""
[10:32:40.938]                 }
[10:32:40.938]                 NAMES <- toupper(removed)
[10:32:40.938]                 for (kk in seq_along(NAMES)) {
[10:32:40.938]                   name <- removed[[kk]]
[10:32:40.938]                   NAME <- NAMES[[kk]]
[10:32:40.938]                   if (name != NAME && is.element(NAME, old_names)) 
[10:32:40.938]                     next
[10:32:40.938]                   args[[name]] <- ...future.oldEnvVars[[name]]
[10:32:40.938]                 }
[10:32:40.938]                 if (length(args) > 0) 
[10:32:40.938]                   base::do.call(base::Sys.setenv, args = args)
[10:32:40.938]                 args <- names <- old_names <- NAMES <- envs <- common <- added <- removed <- NULL
[10:32:40.938]             }
[10:32:40.938]             else {
[10:32:40.938]                 base::do.call(base::Sys.setenv, args = base::as.list(...future.oldEnvVars))
[10:32:40.938]             }
[10:32:40.938]             {
[10:32:40.938]                 if (base::length(...future.futureOptionsAdded) > 
[10:32:40.938]                   0L) {
[10:32:40.938]                   opts <- base::vector("list", length = base::length(...future.futureOptionsAdded))
[10:32:40.938]                   base::names(opts) <- ...future.futureOptionsAdded
[10:32:40.938]                   base::options(opts)
[10:32:40.938]                 }
[10:32:40.938]                 {
[10:32:40.938]                   {
[10:32:40.938]                     NULL
[10:32:40.938]                     RNGkind("Mersenne-Twister")
[10:32:40.938]                     base::rm(list = ".Random.seed", envir = base::globalenv(), 
[10:32:40.938]                       inherits = FALSE)
[10:32:40.938]                   }
[10:32:40.938]                   options(future.plan = NULL)
[10:32:40.938]                   if (is.na(NA_character_)) 
[10:32:40.938]                     Sys.unsetenv("R_FUTURE_PLAN")
[10:32:40.938]                   else Sys.setenv(R_FUTURE_PLAN = NA_character_)
[10:32:40.938]                   future::plan(...future.strategy.old, .cleanup = FALSE, 
[10:32:40.938]                     .init = FALSE)
[10:32:40.938]                 }
[10:32:40.938]             }
[10:32:40.938]         }
[10:32:40.938]     })
[10:32:40.938]     if (TRUE) {
[10:32:40.938]         base::sink(type = "output", split = FALSE)
[10:32:40.938]         if (TRUE) {
[10:32:40.938]             ...future.result$stdout <- base::rawToChar(base::rawConnectionValue(...future.stdout))
[10:32:40.938]         }
[10:32:40.938]         else {
[10:32:40.938]             ...future.result["stdout"] <- base::list(NULL)
[10:32:40.938]         }
[10:32:40.938]         base::close(...future.stdout)
[10:32:40.938]         ...future.stdout <- NULL
[10:32:40.938]     }
[10:32:40.938]     ...future.result$conditions <- ...future.conditions
[10:32:40.938]     ...future.result$finished <- base::Sys.time()
[10:32:40.938]     ...future.result
[10:32:40.938] }
[10:32:40.940] plan(): Setting new future strategy stack:
[10:32:40.940] List of future strategies:
[10:32:40.940] 1. sequential:
[10:32:40.940]    - args: function (..., envir = parent.frame())
[10:32:40.940]    - tweaked: FALSE
[10:32:40.940]    - call: NULL
[10:32:40.940] plan(): nbrOfWorkers() = 1
[10:32:40.941] plan(): Setting new future strategy stack:
[10:32:40.941] List of future strategies:
[10:32:40.941] 1. sequential:
[10:32:40.941]    - args: function (..., envir = parent.frame())
[10:32:40.941]    - tweaked: FALSE
[10:32:40.941]    - call: future::plan("sequential")
[10:32:40.942] plan(): nbrOfWorkers() = 1
[10:32:40.942] SequentialFuture started (and completed)
[10:32:40.942] - Launch lazy future ... done
[10:32:40.942] run() for ‘SequentialFuture’ ... done
> str(y)
List of 1
 $ B: logi TRUE
> stopifnot(length(y) == 1)
> stopifnot(identical(names(y), "B"))
> 
> 
> message("*** %<-% to environment: Potential task name clashes")
*** %<-% to environment: Potential task name clashes
> u <- new.env()
> u$a %<-% { 1 } %lazy% TRUE
[10:32:40.946] getGlobalsAndPackages() ...
[10:32:40.946] Searching for globals...
[10:32:40.946] - globals found: [1] ‘{’
[10:32:40.947] Searching for globals ... DONE
[10:32:40.947] Resolving globals: FALSE
[10:32:40.947] 
[10:32:40.947] 
[10:32:40.947] getGlobalsAndPackages() ... DONE
> stopifnot(length(u) == 2)
> stopifnot("a" %in% names(u))
> fu <- futureOf(u$a)
> 
> v <- new.env()
> v$a %<-% { 2 } %lazy% TRUE
[10:32:40.948] getGlobalsAndPackages() ...
[10:32:40.948] Searching for globals...
[10:32:40.948] - globals found: [1] ‘{’
[10:32:40.949] Searching for globals ... DONE
[10:32:40.949] Resolving globals: FALSE
[10:32:40.949] 
[10:32:40.949] 
[10:32:40.949] getGlobalsAndPackages() ... DONE
> stopifnot(length(v) == 2)
> stopifnot("a" %in% names(v))
> fv <- futureOf(v$a)
> stopifnot(!identical(fu, fv))
> 
> fu <- futureOf(u$a)
> stopifnot(!identical(fu, fv))
> 
> stopifnot(identical(u$a, 1))
[10:32:40.950] run() for ‘Future’ ...
[10:32:40.950] - state: ‘created’
[10:32:40.950] - Future backend: ‘FutureStrategy’, ‘sequential’, ‘uniprocess’, ‘future’, ‘function’
[10:32:40.950] - Future class: ‘SequentialFuture’, ‘UniprocessFuture’, ‘Future’, ‘environment’
[10:32:40.950] - Copy elements of temporary ‘SequentialFuture’ to final ‘Future’ object ...
[10:32:40.950]   - Field: ‘label’
[10:32:40.951]   - Field: ‘local’
[10:32:40.951]   - Field: ‘owner’
[10:32:40.951]   - Field: ‘envir’
[10:32:40.951]   - Field: ‘packages’
[10:32:40.951]   - Field: ‘gc’
[10:32:40.951]   - Field: ‘conditions’
[10:32:40.951]   - Field: ‘expr’
[10:32:40.951]   - Field: ‘uuid’
[10:32:40.951]   - Field: ‘seed’
[10:32:40.951]   - Field: ‘version’
[10:32:40.952]   - Field: ‘result’
[10:32:40.952]   - Field: ‘asynchronous’
[10:32:40.952]   - Field: ‘calls’
[10:32:40.952]   - Field: ‘globals’
[10:32:40.952]   - Field: ‘stdout’
[10:32:40.952]   - Field: ‘earlySignal’
[10:32:40.952]   - Field: ‘lazy’
[10:32:40.952]   - Field: ‘state’
[10:32:40.952] - Copy elements of temporary ‘SequentialFuture’ to final ‘Future’ object ... done
[10:32:40.952] - Launch lazy future ...
[10:32:40.953] Packages needed by the future expression (n = 0): <none>
[10:32:40.953] Packages needed by future strategies (n = 0): <none>
[10:32:40.953] {
[10:32:40.953]     {
[10:32:40.953]         {
[10:32:40.953]             ...future.startTime <- base::Sys.time()
[10:32:40.953]             {
[10:32:40.953]                 {
[10:32:40.953]                   {
[10:32:40.953]                     base::local({
[10:32:40.953]                       has_future <- base::requireNamespace("future", 
[10:32:40.953]                         quietly = TRUE)
[10:32:40.953]                       if (has_future) {
[10:32:40.953]                         ns <- base::getNamespace("future")
[10:32:40.953]                         version <- ns[[".package"]][["version"]]
[10:32:40.953]                         if (is.null(version)) 
[10:32:40.953]                           version <- utils::packageVersion("future")
[10:32:40.953]                       }
[10:32:40.953]                       else {
[10:32:40.953]                         version <- NULL
[10:32:40.953]                       }
[10:32:40.953]                       if (!has_future || version < "1.8.0") {
[10:32:40.953]                         info <- base::c(r_version = base::gsub("R version ", 
[10:32:40.953]                           "", base::R.version$version.string), 
[10:32:40.953]                           platform = base::sprintf("%s (%s-bit)", 
[10:32:40.953]                             base::R.version$platform, 8 * base::.Machine$sizeof.pointer), 
[10:32:40.953]                           os = base::paste(base::Sys.info()[base::c("sysname", 
[10:32:40.953]                             "release", "version")], collapse = " "), 
[10:32:40.953]                           hostname = base::Sys.info()[["nodename"]])
[10:32:40.953]                         info <- base::sprintf("%s: %s", base::names(info), 
[10:32:40.953]                           info)
[10:32:40.953]                         info <- base::paste(info, collapse = "; ")
[10:32:40.953]                         if (!has_future) {
[10:32:40.953]                           msg <- base::sprintf("Package 'future' is not installed on worker (%s)", 
[10:32:40.953]                             info)
[10:32:40.953]                         }
[10:32:40.953]                         else {
[10:32:40.953]                           msg <- base::sprintf("Package 'future' on worker (%s) must be of version >= 1.8.0: %s", 
[10:32:40.953]                             info, version)
[10:32:40.953]                         }
[10:32:40.953]                         base::stop(msg)
[10:32:40.953]                       }
[10:32:40.953]                     })
[10:32:40.953]                   }
[10:32:40.953]                   ...future.strategy.old <- future::plan("list")
[10:32:40.953]                   options(future.plan = NULL)
[10:32:40.953]                   Sys.unsetenv("R_FUTURE_PLAN")
[10:32:40.953]                   future::plan("default", .cleanup = FALSE, .init = FALSE)
[10:32:40.953]                 }
[10:32:40.953]                 ...future.workdir <- getwd()
[10:32:40.953]             }
[10:32:40.953]             ...future.oldOptions <- base::as.list(base::.Options)
[10:32:40.953]             ...future.oldEnvVars <- base::Sys.getenv()
[10:32:40.953]         }
[10:32:40.953]         base::options(future.startup.script = FALSE, future.globals.onMissing = NULL, 
[10:32:40.953]             future.globals.maxSize = NULL, future.globals.method = NULL, 
[10:32:40.953]             future.globals.onMissing = NULL, future.globals.onReference = NULL, 
[10:32:40.953]             future.globals.resolve = NULL, future.resolve.recursive = NULL, 
[10:32:40.953]             future.rng.onMisuse = NULL, future.rng.onMisuse.keepFuture = NULL, 
[10:32:40.953]             future.stdout.windows.reencode = NULL, width = 80L)
[10:32:40.953]         ...future.futureOptionsAdded <- base::setdiff(base::names(base::.Options), 
[10:32:40.953]             base::names(...future.oldOptions))
[10:32:40.953]     }
[10:32:40.953]     if (FALSE) {
[10:32:40.953]     }
[10:32:40.953]     else {
[10:32:40.953]         if (TRUE) {
[10:32:40.953]             ...future.stdout <- base::rawConnection(base::raw(0L), 
[10:32:40.953]                 open = "w")
[10:32:40.953]         }
[10:32:40.953]         else {
[10:32:40.953]             ...future.stdout <- base::file(base::switch(.Platform$OS.type, 
[10:32:40.953]                 windows = "NUL", "/dev/null"), open = "w")
[10:32:40.953]         }
[10:32:40.953]         base::sink(...future.stdout, type = "output", split = FALSE)
[10:32:40.953]         base::on.exit(if (!base::is.null(...future.stdout)) {
[10:32:40.953]             base::sink(type = "output", split = FALSE)
[10:32:40.953]             base::close(...future.stdout)
[10:32:40.953]         }, add = TRUE)
[10:32:40.953]     }
[10:32:40.953]     ...future.frame <- base::sys.nframe()
[10:32:40.953]     ...future.conditions <- base::list()
[10:32:40.953]     ...future.rng <- base::globalenv()$.Random.seed
[10:32:40.953]     if (FALSE) {
[10:32:40.953]         ...future.globalenv.names <- c(base::names(base::.GlobalEnv), 
[10:32:40.953]             "...future.value", "...future.globalenv.names", ".Random.seed")
[10:32:40.953]     }
[10:32:40.953]     ...future.result <- base::tryCatch({
[10:32:40.953]         base::withCallingHandlers({
[10:32:40.953]             ...future.value <- base::withVisible(base::local({
[10:32:40.953]                 1
[10:32:40.953]             }))
[10:32:40.953]             future::FutureResult(value = ...future.value$value, 
[10:32:40.953]                 visible = ...future.value$visible, rng = !identical(base::globalenv()$.Random.seed, 
[10:32:40.953]                   ...future.rng), globalenv = if (FALSE) 
[10:32:40.953]                   list(added = base::setdiff(base::names(base::.GlobalEnv), 
[10:32:40.953]                     ...future.globalenv.names))
[10:32:40.953]                 else NULL, started = ...future.startTime, version = "1.8")
[10:32:40.953]         }, condition = base::local({
[10:32:40.953]             c <- base::c
[10:32:40.953]             inherits <- base::inherits
[10:32:40.953]             invokeRestart <- base::invokeRestart
[10:32:40.953]             length <- base::length
[10:32:40.953]             list <- base::list
[10:32:40.953]             seq.int <- base::seq.int
[10:32:40.953]             signalCondition <- base::signalCondition
[10:32:40.953]             sys.calls <- base::sys.calls
[10:32:40.953]             `[[` <- base::`[[`
[10:32:40.953]             `+` <- base::`+`
[10:32:40.953]             `<<-` <- base::`<<-`
[10:32:40.953]             sysCalls <- function(calls = sys.calls(), from = 1L) {
[10:32:40.953]                 calls[seq.int(from = from + 12L, to = length(calls) - 
[10:32:40.953]                   3L)]
[10:32:40.953]             }
[10:32:40.953]             function(cond) {
[10:32:40.953]                 is_error <- inherits(cond, "error")
[10:32:40.953]                 ignore <- !is_error && !is.null(NULL) && inherits(cond, 
[10:32:40.953]                   NULL)
[10:32:40.953]                 if (is_error) {
[10:32:40.953]                   sessionInformation <- function() {
[10:32:40.953]                     list(r = base::R.Version(), locale = base::Sys.getlocale(), 
[10:32:40.953]                       rngkind = base::RNGkind(), namespaces = base::loadedNamespaces(), 
[10:32:40.953]                       search = base::search(), system = base::Sys.info())
[10:32:40.953]                   }
[10:32:40.953]                   ...future.conditions[[length(...future.conditions) + 
[10:32:40.953]                     1L]] <<- list(condition = cond, calls = c(sysCalls(from = ...future.frame), 
[10:32:40.953]                     cond$call), session = sessionInformation(), 
[10:32:40.953]                     timestamp = base::Sys.time(), signaled = 0L)
[10:32:40.953]                   signalCondition(cond)
[10:32:40.953]                 }
[10:32:40.953]                 else if (!ignore && TRUE && inherits(cond, c("condition", 
[10:32:40.953]                 "immediateCondition"))) {
[10:32:40.953]                   signal <- TRUE && inherits(cond, "immediateCondition")
[10:32:40.953]                   ...future.conditions[[length(...future.conditions) + 
[10:32:40.953]                     1L]] <<- list(condition = cond, signaled = base::as.integer(signal))
[10:32:40.953]                   if (TRUE && !signal) {
[10:32:40.953]                     muffleCondition <- function (cond, pattern = "^muffle") 
[10:32:40.953]                     {
[10:32:40.953]                       inherits <- base::inherits
[10:32:40.953]                       invokeRestart <- base::invokeRestart
[10:32:40.953]                       is.null <- base::is.null
[10:32:40.953]                       muffled <- FALSE
[10:32:40.953]                       if (inherits(cond, "message")) {
[10:32:40.953]                         muffled <- grepl(pattern, "muffleMessage")
[10:32:40.953]                         if (muffled) 
[10:32:40.953]                           invokeRestart("muffleMessage")
[10:32:40.953]                       }
[10:32:40.953]                       else if (inherits(cond, "warning")) {
[10:32:40.953]                         muffled <- grepl(pattern, "muffleWarning")
[10:32:40.953]                         if (muffled) 
[10:32:40.953]                           invokeRestart("muffleWarning")
[10:32:40.953]                       }
[10:32:40.953]                       else if (inherits(cond, "condition")) {
[10:32:40.953]                         if (!is.null(pattern)) {
[10:32:40.953]                           computeRestarts <- base::computeRestarts
[10:32:40.953]                           grepl <- base::grepl
[10:32:40.953]                           restarts <- computeRestarts(cond)
[10:32:40.953]                           for (restart in restarts) {
[10:32:40.953]                             name <- restart$name
[10:32:40.953]                             if (is.null(name)) 
[10:32:40.953]                               next
[10:32:40.953]                             if (!grepl(pattern, name)) 
[10:32:40.953]                               next
[10:32:40.953]                             invokeRestart(restart)
[10:32:40.953]                             muffled <- TRUE
[10:32:40.953]                             break
[10:32:40.953]                           }
[10:32:40.953]                         }
[10:32:40.953]                       }
[10:32:40.953]                       invisible(muffled)
[10:32:40.953]                     }
[10:32:40.953]                     muffleCondition(cond, pattern = "^muffle")
[10:32:40.953]                   }
[10:32:40.953]                 }
[10:32:40.953]                 else {
[10:32:40.953]                   if (TRUE) {
[10:32:40.953]                     muffleCondition <- function (cond, pattern = "^muffle") 
[10:32:40.953]                     {
[10:32:40.953]                       inherits <- base::inherits
[10:32:40.953]                       invokeRestart <- base::invokeRestart
[10:32:40.953]                       is.null <- base::is.null
[10:32:40.953]                       muffled <- FALSE
[10:32:40.953]                       if (inherits(cond, "message")) {
[10:32:40.953]                         muffled <- grepl(pattern, "muffleMessage")
[10:32:40.953]                         if (muffled) 
[10:32:40.953]                           invokeRestart("muffleMessage")
[10:32:40.953]                       }
[10:32:40.953]                       else if (inherits(cond, "warning")) {
[10:32:40.953]                         muffled <- grepl(pattern, "muffleWarning")
[10:32:40.953]                         if (muffled) 
[10:32:40.953]                           invokeRestart("muffleWarning")
[10:32:40.953]                       }
[10:32:40.953]                       else if (inherits(cond, "condition")) {
[10:32:40.953]                         if (!is.null(pattern)) {
[10:32:40.953]                           computeRestarts <- base::computeRestarts
[10:32:40.953]                           grepl <- base::grepl
[10:32:40.953]                           restarts <- computeRestarts(cond)
[10:32:40.953]                           for (restart in restarts) {
[10:32:40.953]                             name <- restart$name
[10:32:40.953]                             if (is.null(name)) 
[10:32:40.953]                               next
[10:32:40.953]                             if (!grepl(pattern, name)) 
[10:32:40.953]                               next
[10:32:40.953]                             invokeRestart(restart)
[10:32:40.953]                             muffled <- TRUE
[10:32:40.953]                             break
[10:32:40.953]                           }
[10:32:40.953]                         }
[10:32:40.953]                       }
[10:32:40.953]                       invisible(muffled)
[10:32:40.953]                     }
[10:32:40.953]                     muffleCondition(cond, pattern = "^muffle")
[10:32:40.953]                   }
[10:32:40.953]                 }
[10:32:40.953]             }
[10:32:40.953]         }))
[10:32:40.953]     }, error = function(ex) {
[10:32:40.953]         base::structure(base::list(value = NULL, visible = NULL, 
[10:32:40.953]             conditions = ...future.conditions, rng = !identical(base::globalenv()$.Random.seed, 
[10:32:40.953]                 ...future.rng), started = ...future.startTime, 
[10:32:40.953]             finished = Sys.time(), session_uuid = NA_character_, 
[10:32:40.953]             version = "1.8"), class = "FutureResult")
[10:32:40.953]     }, finally = {
[10:32:40.953]         if (!identical(...future.workdir, getwd())) 
[10:32:40.953]             setwd(...future.workdir)
[10:32:40.953]         {
[10:32:40.953]             if (identical(getOption("nwarnings"), ...future.oldOptions$nwarnings)) {
[10:32:40.953]                 ...future.oldOptions$nwarnings <- NULL
[10:32:40.953]             }
[10:32:40.953]             base::options(...future.oldOptions)
[10:32:40.953]             if (.Platform$OS.type == "windows") {
[10:32:40.953]                 old_names <- names(...future.oldEnvVars)
[10:32:40.953]                 envs <- base::Sys.getenv()
[10:32:40.953]                 names <- names(envs)
[10:32:40.953]                 common <- intersect(names, old_names)
[10:32:40.953]                 added <- setdiff(names, old_names)
[10:32:40.953]                 removed <- setdiff(old_names, names)
[10:32:40.953]                 changed <- common[...future.oldEnvVars[common] != 
[10:32:40.953]                   envs[common]]
[10:32:40.953]                 NAMES <- toupper(changed)
[10:32:40.953]                 args <- list()
[10:32:40.953]                 for (kk in seq_along(NAMES)) {
[10:32:40.953]                   name <- changed[[kk]]
[10:32:40.953]                   NAME <- NAMES[[kk]]
[10:32:40.953]                   if (name != NAME && is.element(NAME, old_names)) 
[10:32:40.953]                     next
[10:32:40.953]                   args[[name]] <- ...future.oldEnvVars[[name]]
[10:32:40.953]                 }
[10:32:40.953]                 NAMES <- toupper(added)
[10:32:40.953]                 for (kk in seq_along(NAMES)) {
[10:32:40.953]                   name <- added[[kk]]
[10:32:40.953]                   NAME <- NAMES[[kk]]
[10:32:40.953]                   if (name != NAME && is.element(NAME, old_names)) 
[10:32:40.953]                     next
[10:32:40.953]                   args[[name]] <- ""
[10:32:40.953]                 }
[10:32:40.953]                 NAMES <- toupper(removed)
[10:32:40.953]                 for (kk in seq_along(NAMES)) {
[10:32:40.953]                   name <- removed[[kk]]
[10:32:40.953]                   NAME <- NAMES[[kk]]
[10:32:40.953]                   if (name != NAME && is.element(NAME, old_names)) 
[10:32:40.953]                     next
[10:32:40.953]                   args[[name]] <- ...future.oldEnvVars[[name]]
[10:32:40.953]                 }
[10:32:40.953]                 if (length(args) > 0) 
[10:32:40.953]                   base::do.call(base::Sys.setenv, args = args)
[10:32:40.953]                 args <- names <- old_names <- NAMES <- envs <- common <- added <- removed <- NULL
[10:32:40.953]             }
[10:32:40.953]             else {
[10:32:40.953]                 base::do.call(base::Sys.setenv, args = base::as.list(...future.oldEnvVars))
[10:32:40.953]             }
[10:32:40.953]             {
[10:32:40.953]                 if (base::length(...future.futureOptionsAdded) > 
[10:32:40.953]                   0L) {
[10:32:40.953]                   opts <- base::vector("list", length = base::length(...future.futureOptionsAdded))
[10:32:40.953]                   base::names(opts) <- ...future.futureOptionsAdded
[10:32:40.953]                   base::options(opts)
[10:32:40.953]                 }
[10:32:40.953]                 {
[10:32:40.953]                   {
[10:32:40.953]                     NULL
[10:32:40.953]                     RNGkind("Mersenne-Twister")
[10:32:40.953]                     base::rm(list = ".Random.seed", envir = base::globalenv(), 
[10:32:40.953]                       inherits = FALSE)
[10:32:40.953]                   }
[10:32:40.953]                   options(future.plan = NULL)
[10:32:40.953]                   if (is.na(NA_character_)) 
[10:32:40.953]                     Sys.unsetenv("R_FUTURE_PLAN")
[10:32:40.953]                   else Sys.setenv(R_FUTURE_PLAN = NA_character_)
[10:32:40.953]                   future::plan(...future.strategy.old, .cleanup = FALSE, 
[10:32:40.953]                     .init = FALSE)
[10:32:40.953]                 }
[10:32:40.953]             }
[10:32:40.953]         }
[10:32:40.953]     })
[10:32:40.953]     if (TRUE) {
[10:32:40.953]         base::sink(type = "output", split = FALSE)
[10:32:40.953]         if (TRUE) {
[10:32:40.953]             ...future.result$stdout <- base::rawToChar(base::rawConnectionValue(...future.stdout))
[10:32:40.953]         }
[10:32:40.953]         else {
[10:32:40.953]             ...future.result["stdout"] <- base::list(NULL)
[10:32:40.953]         }
[10:32:40.953]         base::close(...future.stdout)
[10:32:40.953]         ...future.stdout <- NULL
[10:32:40.953]     }
[10:32:40.953]     ...future.result$conditions <- ...future.conditions
[10:32:40.953]     ...future.result$finished <- base::Sys.time()
[10:32:40.953]     ...future.result
[10:32:40.953] }
[10:32:40.955] plan(): Setting new future strategy stack:
[10:32:40.955] List of future strategies:
[10:32:40.955] 1. sequential:
[10:32:40.955]    - args: function (..., envir = parent.frame())
[10:32:40.955]    - tweaked: FALSE
[10:32:40.955]    - call: NULL
[10:32:40.955] plan(): nbrOfWorkers() = 1
[10:32:40.956] plan(): Setting new future strategy stack:
[10:32:40.956] List of future strategies:
[10:32:40.956] 1. sequential:
[10:32:40.956]    - args: function (..., envir = parent.frame())
[10:32:40.956]    - tweaked: FALSE
[10:32:40.956]    - call: future::plan("sequential")
[10:32:40.956] plan(): nbrOfWorkers() = 1
[10:32:40.957] SequentialFuture started (and completed)
[10:32:40.957] - Launch lazy future ... done
[10:32:40.957] run() for ‘SequentialFuture’ ... done
> stopifnot(identical(v$a, 2))
[10:32:40.957] run() for ‘Future’ ...
[10:32:40.957] - state: ‘created’
[10:32:40.957] - Future backend: ‘FutureStrategy’, ‘sequential’, ‘uniprocess’, ‘future’, ‘function’
[10:32:40.958] - Future class: ‘SequentialFuture’, ‘UniprocessFuture’, ‘Future’, ‘environment’
[10:32:40.958] - Copy elements of temporary ‘SequentialFuture’ to final ‘Future’ object ...
[10:32:40.958]   - Field: ‘label’
[10:32:40.958]   - Field: ‘local’
[10:32:40.958]   - Field: ‘owner’
[10:32:40.958]   - Field: ‘envir’
[10:32:40.958]   - Field: ‘packages’
[10:32:40.958]   - Field: ‘gc’
[10:32:40.958]   - Field: ‘conditions’
[10:32:40.959]   - Field: ‘expr’
[10:32:40.959]   - Field: ‘uuid’
[10:32:40.959]   - Field: ‘seed’
[10:32:40.959]   - Field: ‘version’
[10:32:40.959]   - Field: ‘result’
[10:32:40.959]   - Field: ‘asynchronous’
[10:32:40.959]   - Field: ‘calls’
[10:32:40.959]   - Field: ‘globals’
[10:32:40.959]   - Field: ‘stdout’
[10:32:40.959]   - Field: ‘earlySignal’
[10:32:40.959]   - Field: ‘lazy’
[10:32:40.960]   - Field: ‘state’
[10:32:40.960] - Copy elements of temporary ‘SequentialFuture’ to final ‘Future’ object ... done
[10:32:40.960] - Launch lazy future ...
[10:32:40.960] Packages needed by the future expression (n = 0): <none>
[10:32:40.960] Packages needed by future strategies (n = 0): <none>
[10:32:40.960] {
[10:32:40.960]     {
[10:32:40.960]         {
[10:32:40.960]             ...future.startTime <- base::Sys.time()
[10:32:40.960]             {
[10:32:40.960]                 {
[10:32:40.960]                   {
[10:32:40.960]                     base::local({
[10:32:40.960]                       has_future <- base::requireNamespace("future", 
[10:32:40.960]                         quietly = TRUE)
[10:32:40.960]                       if (has_future) {
[10:32:40.960]                         ns <- base::getNamespace("future")
[10:32:40.960]                         version <- ns[[".package"]][["version"]]
[10:32:40.960]                         if (is.null(version)) 
[10:32:40.960]                           version <- utils::packageVersion("future")
[10:32:40.960]                       }
[10:32:40.960]                       else {
[10:32:40.960]                         version <- NULL
[10:32:40.960]                       }
[10:32:40.960]                       if (!has_future || version < "1.8.0") {
[10:32:40.960]                         info <- base::c(r_version = base::gsub("R version ", 
[10:32:40.960]                           "", base::R.version$version.string), 
[10:32:40.960]                           platform = base::sprintf("%s (%s-bit)", 
[10:32:40.960]                             base::R.version$platform, 8 * base::.Machine$sizeof.pointer), 
[10:32:40.960]                           os = base::paste(base::Sys.info()[base::c("sysname", 
[10:32:40.960]                             "release", "version")], collapse = " "), 
[10:32:40.960]                           hostname = base::Sys.info()[["nodename"]])
[10:32:40.960]                         info <- base::sprintf("%s: %s", base::names(info), 
[10:32:40.960]                           info)
[10:32:40.960]                         info <- base::paste(info, collapse = "; ")
[10:32:40.960]                         if (!has_future) {
[10:32:40.960]                           msg <- base::sprintf("Package 'future' is not installed on worker (%s)", 
[10:32:40.960]                             info)
[10:32:40.960]                         }
[10:32:40.960]                         else {
[10:32:40.960]                           msg <- base::sprintf("Package 'future' on worker (%s) must be of version >= 1.8.0: %s", 
[10:32:40.960]                             info, version)
[10:32:40.960]                         }
[10:32:40.960]                         base::stop(msg)
[10:32:40.960]                       }
[10:32:40.960]                     })
[10:32:40.960]                   }
[10:32:40.960]                   ...future.strategy.old <- future::plan("list")
[10:32:40.960]                   options(future.plan = NULL)
[10:32:40.960]                   Sys.unsetenv("R_FUTURE_PLAN")
[10:32:40.960]                   future::plan("default", .cleanup = FALSE, .init = FALSE)
[10:32:40.960]                 }
[10:32:40.960]                 ...future.workdir <- getwd()
[10:32:40.960]             }
[10:32:40.960]             ...future.oldOptions <- base::as.list(base::.Options)
[10:32:40.960]             ...future.oldEnvVars <- base::Sys.getenv()
[10:32:40.960]         }
[10:32:40.960]         base::options(future.startup.script = FALSE, future.globals.onMissing = NULL, 
[10:32:40.960]             future.globals.maxSize = NULL, future.globals.method = NULL, 
[10:32:40.960]             future.globals.onMissing = NULL, future.globals.onReference = NULL, 
[10:32:40.960]             future.globals.resolve = NULL, future.resolve.recursive = NULL, 
[10:32:40.960]             future.rng.onMisuse = NULL, future.rng.onMisuse.keepFuture = NULL, 
[10:32:40.960]             future.stdout.windows.reencode = NULL, width = 80L)
[10:32:40.960]         ...future.futureOptionsAdded <- base::setdiff(base::names(base::.Options), 
[10:32:40.960]             base::names(...future.oldOptions))
[10:32:40.960]     }
[10:32:40.960]     if (FALSE) {
[10:32:40.960]     }
[10:32:40.960]     else {
[10:32:40.960]         if (TRUE) {
[10:32:40.960]             ...future.stdout <- base::rawConnection(base::raw(0L), 
[10:32:40.960]                 open = "w")
[10:32:40.960]         }
[10:32:40.960]         else {
[10:32:40.960]             ...future.stdout <- base::file(base::switch(.Platform$OS.type, 
[10:32:40.960]                 windows = "NUL", "/dev/null"), open = "w")
[10:32:40.960]         }
[10:32:40.960]         base::sink(...future.stdout, type = "output", split = FALSE)
[10:32:40.960]         base::on.exit(if (!base::is.null(...future.stdout)) {
[10:32:40.960]             base::sink(type = "output", split = FALSE)
[10:32:40.960]             base::close(...future.stdout)
[10:32:40.960]         }, add = TRUE)
[10:32:40.960]     }
[10:32:40.960]     ...future.frame <- base::sys.nframe()
[10:32:40.960]     ...future.conditions <- base::list()
[10:32:40.960]     ...future.rng <- base::globalenv()$.Random.seed
[10:32:40.960]     if (FALSE) {
[10:32:40.960]         ...future.globalenv.names <- c(base::names(base::.GlobalEnv), 
[10:32:40.960]             "...future.value", "...future.globalenv.names", ".Random.seed")
[10:32:40.960]     }
[10:32:40.960]     ...future.result <- base::tryCatch({
[10:32:40.960]         base::withCallingHandlers({
[10:32:40.960]             ...future.value <- base::withVisible(base::local({
[10:32:40.960]                 2
[10:32:40.960]             }))
[10:32:40.960]             future::FutureResult(value = ...future.value$value, 
[10:32:40.960]                 visible = ...future.value$visible, rng = !identical(base::globalenv()$.Random.seed, 
[10:32:40.960]                   ...future.rng), globalenv = if (FALSE) 
[10:32:40.960]                   list(added = base::setdiff(base::names(base::.GlobalEnv), 
[10:32:40.960]                     ...future.globalenv.names))
[10:32:40.960]                 else NULL, started = ...future.startTime, version = "1.8")
[10:32:40.960]         }, condition = base::local({
[10:32:40.960]             c <- base::c
[10:32:40.960]             inherits <- base::inherits
[10:32:40.960]             invokeRestart <- base::invokeRestart
[10:32:40.960]             length <- base::length
[10:32:40.960]             list <- base::list
[10:32:40.960]             seq.int <- base::seq.int
[10:32:40.960]             signalCondition <- base::signalCondition
[10:32:40.960]             sys.calls <- base::sys.calls
[10:32:40.960]             `[[` <- base::`[[`
[10:32:40.960]             `+` <- base::`+`
[10:32:40.960]             `<<-` <- base::`<<-`
[10:32:40.960]             sysCalls <- function(calls = sys.calls(), from = 1L) {
[10:32:40.960]                 calls[seq.int(from = from + 12L, to = length(calls) - 
[10:32:40.960]                   3L)]
[10:32:40.960]             }
[10:32:40.960]             function(cond) {
[10:32:40.960]                 is_error <- inherits(cond, "error")
[10:32:40.960]                 ignore <- !is_error && !is.null(NULL) && inherits(cond, 
[10:32:40.960]                   NULL)
[10:32:40.960]                 if (is_error) {
[10:32:40.960]                   sessionInformation <- function() {
[10:32:40.960]                     list(r = base::R.Version(), locale = base::Sys.getlocale(), 
[10:32:40.960]                       rngkind = base::RNGkind(), namespaces = base::loadedNamespaces(), 
[10:32:40.960]                       search = base::search(), system = base::Sys.info())
[10:32:40.960]                   }
[10:32:40.960]                   ...future.conditions[[length(...future.conditions) + 
[10:32:40.960]                     1L]] <<- list(condition = cond, calls = c(sysCalls(from = ...future.frame), 
[10:32:40.960]                     cond$call), session = sessionInformation(), 
[10:32:40.960]                     timestamp = base::Sys.time(), signaled = 0L)
[10:32:40.960]                   signalCondition(cond)
[10:32:40.960]                 }
[10:32:40.960]                 else if (!ignore && TRUE && inherits(cond, c("condition", 
[10:32:40.960]                 "immediateCondition"))) {
[10:32:40.960]                   signal <- TRUE && inherits(cond, "immediateCondition")
[10:32:40.960]                   ...future.conditions[[length(...future.conditions) + 
[10:32:40.960]                     1L]] <<- list(condition = cond, signaled = base::as.integer(signal))
[10:32:40.960]                   if (TRUE && !signal) {
[10:32:40.960]                     muffleCondition <- function (cond, pattern = "^muffle") 
[10:32:40.960]                     {
[10:32:40.960]                       inherits <- base::inherits
[10:32:40.960]                       invokeRestart <- base::invokeRestart
[10:32:40.960]                       is.null <- base::is.null
[10:32:40.960]                       muffled <- FALSE
[10:32:40.960]                       if (inherits(cond, "message")) {
[10:32:40.960]                         muffled <- grepl(pattern, "muffleMessage")
[10:32:40.960]                         if (muffled) 
[10:32:40.960]                           invokeRestart("muffleMessage")
[10:32:40.960]                       }
[10:32:40.960]                       else if (inherits(cond, "warning")) {
[10:32:40.960]                         muffled <- grepl(pattern, "muffleWarning")
[10:32:40.960]                         if (muffled) 
[10:32:40.960]                           invokeRestart("muffleWarning")
[10:32:40.960]                       }
[10:32:40.960]                       else if (inherits(cond, "condition")) {
[10:32:40.960]                         if (!is.null(pattern)) {
[10:32:40.960]                           computeRestarts <- base::computeRestarts
[10:32:40.960]                           grepl <- base::grepl
[10:32:40.960]                           restarts <- computeRestarts(cond)
[10:32:40.960]                           for (restart in restarts) {
[10:32:40.960]                             name <- restart$name
[10:32:40.960]                             if (is.null(name)) 
[10:32:40.960]                               next
[10:32:40.960]                             if (!grepl(pattern, name)) 
[10:32:40.960]                               next
[10:32:40.960]                             invokeRestart(restart)
[10:32:40.960]                             muffled <- TRUE
[10:32:40.960]                             break
[10:32:40.960]                           }
[10:32:40.960]                         }
[10:32:40.960]                       }
[10:32:40.960]                       invisible(muffled)
[10:32:40.960]                     }
[10:32:40.960]                     muffleCondition(cond, pattern = "^muffle")
[10:32:40.960]                   }
[10:32:40.960]                 }
[10:32:40.960]                 else {
[10:32:40.960]                   if (TRUE) {
[10:32:40.960]                     muffleCondition <- function (cond, pattern = "^muffle") 
[10:32:40.960]                     {
[10:32:40.960]                       inherits <- base::inherits
[10:32:40.960]                       invokeRestart <- base::invokeRestart
[10:32:40.960]                       is.null <- base::is.null
[10:32:40.960]                       muffled <- FALSE
[10:32:40.960]                       if (inherits(cond, "message")) {
[10:32:40.960]                         muffled <- grepl(pattern, "muffleMessage")
[10:32:40.960]                         if (muffled) 
[10:32:40.960]                           invokeRestart("muffleMessage")
[10:32:40.960]                       }
[10:32:40.960]                       else if (inherits(cond, "warning")) {
[10:32:40.960]                         muffled <- grepl(pattern, "muffleWarning")
[10:32:40.960]                         if (muffled) 
[10:32:40.960]                           invokeRestart("muffleWarning")
[10:32:40.960]                       }
[10:32:40.960]                       else if (inherits(cond, "condition")) {
[10:32:40.960]                         if (!is.null(pattern)) {
[10:32:40.960]                           computeRestarts <- base::computeRestarts
[10:32:40.960]                           grepl <- base::grepl
[10:32:40.960]                           restarts <- computeRestarts(cond)
[10:32:40.960]                           for (restart in restarts) {
[10:32:40.960]                             name <- restart$name
[10:32:40.960]                             if (is.null(name)) 
[10:32:40.960]                               next
[10:32:40.960]                             if (!grepl(pattern, name)) 
[10:32:40.960]                               next
[10:32:40.960]                             invokeRestart(restart)
[10:32:40.960]                             muffled <- TRUE
[10:32:40.960]                             break
[10:32:40.960]                           }
[10:32:40.960]                         }
[10:32:40.960]                       }
[10:32:40.960]                       invisible(muffled)
[10:32:40.960]                     }
[10:32:40.960]                     muffleCondition(cond, pattern = "^muffle")
[10:32:40.960]                   }
[10:32:40.960]                 }
[10:32:40.960]             }
[10:32:40.960]         }))
[10:32:40.960]     }, error = function(ex) {
[10:32:40.960]         base::structure(base::list(value = NULL, visible = NULL, 
[10:32:40.960]             conditions = ...future.conditions, rng = !identical(base::globalenv()$.Random.seed, 
[10:32:40.960]                 ...future.rng), started = ...future.startTime, 
[10:32:40.960]             finished = Sys.time(), session_uuid = NA_character_, 
[10:32:40.960]             version = "1.8"), class = "FutureResult")
[10:32:40.960]     }, finally = {
[10:32:40.960]         if (!identical(...future.workdir, getwd())) 
[10:32:40.960]             setwd(...future.workdir)
[10:32:40.960]         {
[10:32:40.960]             if (identical(getOption("nwarnings"), ...future.oldOptions$nwarnings)) {
[10:32:40.960]                 ...future.oldOptions$nwarnings <- NULL
[10:32:40.960]             }
[10:32:40.960]             base::options(...future.oldOptions)
[10:32:40.960]             if (.Platform$OS.type == "windows") {
[10:32:40.960]                 old_names <- names(...future.oldEnvVars)
[10:32:40.960]                 envs <- base::Sys.getenv()
[10:32:40.960]                 names <- names(envs)
[10:32:40.960]                 common <- intersect(names, old_names)
[10:32:40.960]                 added <- setdiff(names, old_names)
[10:32:40.960]                 removed <- setdiff(old_names, names)
[10:32:40.960]                 changed <- common[...future.oldEnvVars[common] != 
[10:32:40.960]                   envs[common]]
[10:32:40.960]                 NAMES <- toupper(changed)
[10:32:40.960]                 args <- list()
[10:32:40.960]                 for (kk in seq_along(NAMES)) {
[10:32:40.960]                   name <- changed[[kk]]
[10:32:40.960]                   NAME <- NAMES[[kk]]
[10:32:40.960]                   if (name != NAME && is.element(NAME, old_names)) 
[10:32:40.960]                     next
[10:32:40.960]                   args[[name]] <- ...future.oldEnvVars[[name]]
[10:32:40.960]                 }
[10:32:40.960]                 NAMES <- toupper(added)
[10:32:40.960]                 for (kk in seq_along(NAMES)) {
[10:32:40.960]                   name <- added[[kk]]
[10:32:40.960]                   NAME <- NAMES[[kk]]
[10:32:40.960]                   if (name != NAME && is.element(NAME, old_names)) 
[10:32:40.960]                     next
[10:32:40.960]                   args[[name]] <- ""
[10:32:40.960]                 }
[10:32:40.960]                 NAMES <- toupper(removed)
[10:32:40.960]                 for (kk in seq_along(NAMES)) {
[10:32:40.960]                   name <- removed[[kk]]
[10:32:40.960]                   NAME <- NAMES[[kk]]
[10:32:40.960]                   if (name != NAME && is.element(NAME, old_names)) 
[10:32:40.960]                     next
[10:32:40.960]                   args[[name]] <- ...future.oldEnvVars[[name]]
[10:32:40.960]                 }
[10:32:40.960]                 if (length(args) > 0) 
[10:32:40.960]                   base::do.call(base::Sys.setenv, args = args)
[10:32:40.960]                 args <- names <- old_names <- NAMES <- envs <- common <- added <- removed <- NULL
[10:32:40.960]             }
[10:32:40.960]             else {
[10:32:40.960]                 base::do.call(base::Sys.setenv, args = base::as.list(...future.oldEnvVars))
[10:32:40.960]             }
[10:32:40.960]             {
[10:32:40.960]                 if (base::length(...future.futureOptionsAdded) > 
[10:32:40.960]                   0L) {
[10:32:40.960]                   opts <- base::vector("list", length = base::length(...future.futureOptionsAdded))
[10:32:40.960]                   base::names(opts) <- ...future.futureOptionsAdded
[10:32:40.960]                   base::options(opts)
[10:32:40.960]                 }
[10:32:40.960]                 {
[10:32:40.960]                   {
[10:32:40.960]                     NULL
[10:32:40.960]                     RNGkind("Mersenne-Twister")
[10:32:40.960]                     base::rm(list = ".Random.seed", envir = base::globalenv(), 
[10:32:40.960]                       inherits = FALSE)
[10:32:40.960]                   }
[10:32:40.960]                   options(future.plan = NULL)
[10:32:40.960]                   if (is.na(NA_character_)) 
[10:32:40.960]                     Sys.unsetenv("R_FUTURE_PLAN")
[10:32:40.960]                   else Sys.setenv(R_FUTURE_PLAN = NA_character_)
[10:32:40.960]                   future::plan(...future.strategy.old, .cleanup = FALSE, 
[10:32:40.960]                     .init = FALSE)
[10:32:40.960]                 }
[10:32:40.960]             }
[10:32:40.960]         }
[10:32:40.960]     })
[10:32:40.960]     if (TRUE) {
[10:32:40.960]         base::sink(type = "output", split = FALSE)
[10:32:40.960]         if (TRUE) {
[10:32:40.960]             ...future.result$stdout <- base::rawToChar(base::rawConnectionValue(...future.stdout))
[10:32:40.960]         }
[10:32:40.960]         else {
[10:32:40.960]             ...future.result["stdout"] <- base::list(NULL)
[10:32:40.960]         }
[10:32:40.960]         base::close(...future.stdout)
[10:32:40.960]         ...future.stdout <- NULL
[10:32:40.960]     }
[10:32:40.960]     ...future.result$conditions <- ...future.conditions
[10:32:40.960]     ...future.result$finished <- base::Sys.time()
[10:32:40.960]     ...future.result
[10:32:40.960] }
[10:32:40.962] plan(): Setting new future strategy stack:
[10:32:40.962] List of future strategies:
[10:32:40.962] 1. sequential:
[10:32:40.962]    - args: function (..., envir = parent.frame())
[10:32:40.962]    - tweaked: FALSE
[10:32:40.962]    - call: NULL
[10:32:40.963] plan(): nbrOfWorkers() = 1
[10:32:40.966] plan(): Setting new future strategy stack:
[10:32:40.966] List of future strategies:
[10:32:40.966] 1. sequential:
[10:32:40.966]    - args: function (..., envir = parent.frame())
[10:32:40.966]    - tweaked: FALSE
[10:32:40.966]    - call: future::plan("sequential")
[10:32:40.967] plan(): nbrOfWorkers() = 1
[10:32:40.967] SequentialFuture started (and completed)
[10:32:40.967] - Launch lazy future ... done
[10:32:40.967] run() for ‘SequentialFuture’ ... done
> 
> message("*** %<-% to environment ... DONE")
*** %<-% to environment ... DONE
> 
> source("incl/end.R")
[10:32:40.968] plan(): Setting new future strategy stack:
[10:32:40.968] List of future strategies:
[10:32:40.968] 1. FutureStrategy:
[10:32:40.968]    - args: function (..., envir = parent.frame())
[10:32:40.968]    - tweaked: FALSE
[10:32:40.968]    - call: future::plan(oplan)
[10:32:40.978] plan(): nbrOfWorkers() = 1
> 
