
R version 4.3.3 (2024-02-29) -- "Angel Food Cake"
Copyright (C) 2024 The R Foundation for Statistical Computing
Platform: x86_64-pc-linux-gnu (64-bit)

R is free software and comes with ABSOLUTELY NO WARRANTY.
You are welcome to redistribute it under certain conditions.
Type 'license()' or 'licence()' for distribution details.

R is a collaborative project with many contributors.
Type 'contributors()' for more information and
'citation()' on how to cite R or R packages in publications.

Type 'demo()' for some demos, 'help()' for on-line help, or
'help.start()' for an HTML browser interface to help.
Type 'q()' to quit R.

> source("incl/start.R")
[16:20:39.591] plan(): Setting new future strategy stack:
[16:20:39.592] List of future strategies:
[16:20:39.592] 1. sequential:
[16:20:39.592]    - args: function (..., envir = parent.frame())
[16:20:39.592]    - tweaked: FALSE
[16:20:39.592]    - call: future::plan("sequential")
[16:20:39.606] plan(): nbrOfWorkers() = 1
> 
> suppressWarnings(rm(list = c("x", "z")))
> 
> message("*** futureOf() with environment ...")
*** futureOf() with environment ...
> 
> message("*** futureOf() with environment - future assignments ...")
*** futureOf() with environment - future assignments ...
> 
> x <- new.env()
> x$a %<-% { 1 }
[16:20:39.618] getGlobalsAndPackages() ...
[16:20:39.618] Searching for globals...
[16:20:39.621] - globals found: [1] ‘{’
[16:20:39.621] Searching for globals ... DONE
[16:20:39.621] Resolving globals: FALSE
[16:20:39.622] 
[16:20:39.622] 
[16:20:39.622] getGlobalsAndPackages() ... DONE
[16:20:39.623] run() for ‘Future’ ...
[16:20:39.623] - state: ‘created’
[16:20:39.623] - Future backend: ‘FutureStrategy’, ‘sequential’, ‘uniprocess’, ‘future’, ‘function’
[16:20:39.623] - Future class: ‘SequentialFuture’, ‘UniprocessFuture’, ‘Future’, ‘environment’
[16:20:39.623] - Copy elements of temporary ‘SequentialFuture’ to final ‘Future’ object ...
[16:20:39.623]   - Field: ‘label’
[16:20:39.624]   - Field: ‘local’
[16:20:39.624]   - Field: ‘owner’
[16:20:39.624]   - Field: ‘envir’
[16:20:39.624]   - Field: ‘packages’
[16:20:39.624]   - Field: ‘gc’
[16:20:39.624]   - Field: ‘conditions’
[16:20:39.624]   - Field: ‘expr’
[16:20:39.624]   - Field: ‘uuid’
[16:20:39.624]   - Field: ‘seed’
[16:20:39.624]   - Field: ‘version’
[16:20:39.625]   - Field: ‘result’
[16:20:39.625]   - Field: ‘asynchronous’
[16:20:39.625]   - Field: ‘calls’
[16:20:39.625]   - Field: ‘globals’
[16:20:39.625]   - Field: ‘stdout’
[16:20:39.625]   - Field: ‘earlySignal’
[16:20:39.625]   - Field: ‘lazy’
[16:20:39.625]   - Field: ‘state’
[16:20:39.625] - Copy elements of temporary ‘SequentialFuture’ to final ‘Future’ object ... done
[16:20:39.625] - Launch lazy future ...
[16:20:39.626] Packages needed by the future expression (n = 0): <none>
[16:20:39.626] Packages needed by future strategies (n = 0): <none>
[16:20:39.627] {
[16:20:39.627]     {
[16:20:39.627]         {
[16:20:39.627]             ...future.startTime <- base::Sys.time()
[16:20:39.627]             {
[16:20:39.627]                 {
[16:20:39.627]                   {
[16:20:39.627]                     base::local({
[16:20:39.627]                       has_future <- base::requireNamespace("future", 
[16:20:39.627]                         quietly = TRUE)
[16:20:39.627]                       if (has_future) {
[16:20:39.627]                         ns <- base::getNamespace("future")
[16:20:39.627]                         version <- ns[[".package"]][["version"]]
[16:20:39.627]                         if (is.null(version)) 
[16:20:39.627]                           version <- utils::packageVersion("future")
[16:20:39.627]                       }
[16:20:39.627]                       else {
[16:20:39.627]                         version <- NULL
[16:20:39.627]                       }
[16:20:39.627]                       if (!has_future || version < "1.8.0") {
[16:20:39.627]                         info <- base::c(r_version = base::gsub("R version ", 
[16:20:39.627]                           "", base::R.version$version.string), 
[16:20:39.627]                           platform = base::sprintf("%s (%s-bit)", 
[16:20:39.627]                             base::R.version$platform, 8 * base::.Machine$sizeof.pointer), 
[16:20:39.627]                           os = base::paste(base::Sys.info()[base::c("sysname", 
[16:20:39.627]                             "release", "version")], collapse = " "), 
[16:20:39.627]                           hostname = base::Sys.info()[["nodename"]])
[16:20:39.627]                         info <- base::sprintf("%s: %s", base::names(info), 
[16:20:39.627]                           info)
[16:20:39.627]                         info <- base::paste(info, collapse = "; ")
[16:20:39.627]                         if (!has_future) {
[16:20:39.627]                           msg <- base::sprintf("Package 'future' is not installed on worker (%s)", 
[16:20:39.627]                             info)
[16:20:39.627]                         }
[16:20:39.627]                         else {
[16:20:39.627]                           msg <- base::sprintf("Package 'future' on worker (%s) must be of version >= 1.8.0: %s", 
[16:20:39.627]                             info, version)
[16:20:39.627]                         }
[16:20:39.627]                         base::stop(msg)
[16:20:39.627]                       }
[16:20:39.627]                     })
[16:20:39.627]                   }
[16:20:39.627]                   ...future.strategy.old <- future::plan("list")
[16:20:39.627]                   options(future.plan = NULL)
[16:20:39.627]                   Sys.unsetenv("R_FUTURE_PLAN")
[16:20:39.627]                   future::plan("default", .cleanup = FALSE, .init = FALSE)
[16:20:39.627]                 }
[16:20:39.627]                 ...future.workdir <- getwd()
[16:20:39.627]             }
[16:20:39.627]             ...future.oldOptions <- base::as.list(base::.Options)
[16:20:39.627]             ...future.oldEnvVars <- base::Sys.getenv()
[16:20:39.627]         }
[16:20:39.627]         base::options(future.startup.script = FALSE, future.globals.onMissing = NULL, 
[16:20:39.627]             future.globals.maxSize = NULL, future.globals.method = NULL, 
[16:20:39.627]             future.globals.onMissing = NULL, future.globals.onReference = NULL, 
[16:20:39.627]             future.globals.resolve = NULL, future.resolve.recursive = NULL, 
[16:20:39.627]             future.rng.onMisuse = NULL, future.rng.onMisuse.keepFuture = NULL, 
[16:20:39.627]             future.stdout.windows.reencode = NULL, width = 80L)
[16:20:39.627]         ...future.futureOptionsAdded <- base::setdiff(base::names(base::.Options), 
[16:20:39.627]             base::names(...future.oldOptions))
[16:20:39.627]     }
[16:20:39.627]     if (FALSE) {
[16:20:39.627]     }
[16:20:39.627]     else {
[16:20:39.627]         if (TRUE) {
[16:20:39.627]             ...future.stdout <- base::rawConnection(base::raw(0L), 
[16:20:39.627]                 open = "w")
[16:20:39.627]         }
[16:20:39.627]         else {
[16:20:39.627]             ...future.stdout <- base::file(base::switch(.Platform$OS.type, 
[16:20:39.627]                 windows = "NUL", "/dev/null"), open = "w")
[16:20:39.627]         }
[16:20:39.627]         base::sink(...future.stdout, type = "output", split = FALSE)
[16:20:39.627]         base::on.exit(if (!base::is.null(...future.stdout)) {
[16:20:39.627]             base::sink(type = "output", split = FALSE)
[16:20:39.627]             base::close(...future.stdout)
[16:20:39.627]         }, add = TRUE)
[16:20:39.627]     }
[16:20:39.627]     ...future.frame <- base::sys.nframe()
[16:20:39.627]     ...future.conditions <- base::list()
[16:20:39.627]     ...future.rng <- base::globalenv()$.Random.seed
[16:20:39.627]     if (FALSE) {
[16:20:39.627]         ...future.globalenv.names <- c(base::names(base::.GlobalEnv), 
[16:20:39.627]             "...future.value", "...future.globalenv.names", ".Random.seed")
[16:20:39.627]     }
[16:20:39.627]     ...future.result <- base::tryCatch({
[16:20:39.627]         base::withCallingHandlers({
[16:20:39.627]             ...future.value <- base::withVisible(base::local({
[16:20:39.627]                 1
[16:20:39.627]             }))
[16:20:39.627]             future::FutureResult(value = ...future.value$value, 
[16:20:39.627]                 visible = ...future.value$visible, rng = !identical(base::globalenv()$.Random.seed, 
[16:20:39.627]                   ...future.rng), globalenv = if (FALSE) 
[16:20:39.627]                   list(added = base::setdiff(base::names(base::.GlobalEnv), 
[16:20:39.627]                     ...future.globalenv.names))
[16:20:39.627]                 else NULL, started = ...future.startTime, version = "1.8")
[16:20:39.627]         }, condition = base::local({
[16:20:39.627]             c <- base::c
[16:20:39.627]             inherits <- base::inherits
[16:20:39.627]             invokeRestart <- base::invokeRestart
[16:20:39.627]             length <- base::length
[16:20:39.627]             list <- base::list
[16:20:39.627]             seq.int <- base::seq.int
[16:20:39.627]             signalCondition <- base::signalCondition
[16:20:39.627]             sys.calls <- base::sys.calls
[16:20:39.627]             `[[` <- base::`[[`
[16:20:39.627]             `+` <- base::`+`
[16:20:39.627]             `<<-` <- base::`<<-`
[16:20:39.627]             sysCalls <- function(calls = sys.calls(), from = 1L) {
[16:20:39.627]                 calls[seq.int(from = from + 12L, to = length(calls) - 
[16:20:39.627]                   3L)]
[16:20:39.627]             }
[16:20:39.627]             function(cond) {
[16:20:39.627]                 is_error <- inherits(cond, "error")
[16:20:39.627]                 ignore <- !is_error && !is.null(NULL) && inherits(cond, 
[16:20:39.627]                   NULL)
[16:20:39.627]                 if (is_error) {
[16:20:39.627]                   sessionInformation <- function() {
[16:20:39.627]                     list(r = base::R.Version(), locale = base::Sys.getlocale(), 
[16:20:39.627]                       rngkind = base::RNGkind(), namespaces = base::loadedNamespaces(), 
[16:20:39.627]                       search = base::search(), system = base::Sys.info())
[16:20:39.627]                   }
[16:20:39.627]                   ...future.conditions[[length(...future.conditions) + 
[16:20:39.627]                     1L]] <<- list(condition = cond, calls = c(sysCalls(from = ...future.frame), 
[16:20:39.627]                     cond$call), session = sessionInformation(), 
[16:20:39.627]                     timestamp = base::Sys.time(), signaled = 0L)
[16:20:39.627]                   signalCondition(cond)
[16:20:39.627]                 }
[16:20:39.627]                 else if (!ignore && TRUE && inherits(cond, c("condition", 
[16:20:39.627]                 "immediateCondition"))) {
[16:20:39.627]                   signal <- TRUE && inherits(cond, "immediateCondition")
[16:20:39.627]                   ...future.conditions[[length(...future.conditions) + 
[16:20:39.627]                     1L]] <<- list(condition = cond, signaled = base::as.integer(signal))
[16:20:39.627]                   if (TRUE && !signal) {
[16:20:39.627]                     muffleCondition <- function (cond, pattern = "^muffle") 
[16:20:39.627]                     {
[16:20:39.627]                       inherits <- base::inherits
[16:20:39.627]                       invokeRestart <- base::invokeRestart
[16:20:39.627]                       is.null <- base::is.null
[16:20:39.627]                       muffled <- FALSE
[16:20:39.627]                       if (inherits(cond, "message")) {
[16:20:39.627]                         muffled <- grepl(pattern, "muffleMessage")
[16:20:39.627]                         if (muffled) 
[16:20:39.627]                           invokeRestart("muffleMessage")
[16:20:39.627]                       }
[16:20:39.627]                       else if (inherits(cond, "warning")) {
[16:20:39.627]                         muffled <- grepl(pattern, "muffleWarning")
[16:20:39.627]                         if (muffled) 
[16:20:39.627]                           invokeRestart("muffleWarning")
[16:20:39.627]                       }
[16:20:39.627]                       else if (inherits(cond, "condition")) {
[16:20:39.627]                         if (!is.null(pattern)) {
[16:20:39.627]                           computeRestarts <- base::computeRestarts
[16:20:39.627]                           grepl <- base::grepl
[16:20:39.627]                           restarts <- computeRestarts(cond)
[16:20:39.627]                           for (restart in restarts) {
[16:20:39.627]                             name <- restart$name
[16:20:39.627]                             if (is.null(name)) 
[16:20:39.627]                               next
[16:20:39.627]                             if (!grepl(pattern, name)) 
[16:20:39.627]                               next
[16:20:39.627]                             invokeRestart(restart)
[16:20:39.627]                             muffled <- TRUE
[16:20:39.627]                             break
[16:20:39.627]                           }
[16:20:39.627]                         }
[16:20:39.627]                       }
[16:20:39.627]                       invisible(muffled)
[16:20:39.627]                     }
[16:20:39.627]                     muffleCondition(cond, pattern = "^muffle")
[16:20:39.627]                   }
[16:20:39.627]                 }
[16:20:39.627]                 else {
[16:20:39.627]                   if (TRUE) {
[16:20:39.627]                     muffleCondition <- function (cond, pattern = "^muffle") 
[16:20:39.627]                     {
[16:20:39.627]                       inherits <- base::inherits
[16:20:39.627]                       invokeRestart <- base::invokeRestart
[16:20:39.627]                       is.null <- base::is.null
[16:20:39.627]                       muffled <- FALSE
[16:20:39.627]                       if (inherits(cond, "message")) {
[16:20:39.627]                         muffled <- grepl(pattern, "muffleMessage")
[16:20:39.627]                         if (muffled) 
[16:20:39.627]                           invokeRestart("muffleMessage")
[16:20:39.627]                       }
[16:20:39.627]                       else if (inherits(cond, "warning")) {
[16:20:39.627]                         muffled <- grepl(pattern, "muffleWarning")
[16:20:39.627]                         if (muffled) 
[16:20:39.627]                           invokeRestart("muffleWarning")
[16:20:39.627]                       }
[16:20:39.627]                       else if (inherits(cond, "condition")) {
[16:20:39.627]                         if (!is.null(pattern)) {
[16:20:39.627]                           computeRestarts <- base::computeRestarts
[16:20:39.627]                           grepl <- base::grepl
[16:20:39.627]                           restarts <- computeRestarts(cond)
[16:20:39.627]                           for (restart in restarts) {
[16:20:39.627]                             name <- restart$name
[16:20:39.627]                             if (is.null(name)) 
[16:20:39.627]                               next
[16:20:39.627]                             if (!grepl(pattern, name)) 
[16:20:39.627]                               next
[16:20:39.627]                             invokeRestart(restart)
[16:20:39.627]                             muffled <- TRUE
[16:20:39.627]                             break
[16:20:39.627]                           }
[16:20:39.627]                         }
[16:20:39.627]                       }
[16:20:39.627]                       invisible(muffled)
[16:20:39.627]                     }
[16:20:39.627]                     muffleCondition(cond, pattern = "^muffle")
[16:20:39.627]                   }
[16:20:39.627]                 }
[16:20:39.627]             }
[16:20:39.627]         }))
[16:20:39.627]     }, error = function(ex) {
[16:20:39.627]         base::structure(base::list(value = NULL, visible = NULL, 
[16:20:39.627]             conditions = ...future.conditions, rng = !identical(base::globalenv()$.Random.seed, 
[16:20:39.627]                 ...future.rng), started = ...future.startTime, 
[16:20:39.627]             finished = Sys.time(), session_uuid = NA_character_, 
[16:20:39.627]             version = "1.8"), class = "FutureResult")
[16:20:39.627]     }, finally = {
[16:20:39.627]         if (!identical(...future.workdir, getwd())) 
[16:20:39.627]             setwd(...future.workdir)
[16:20:39.627]         {
[16:20:39.627]             if (identical(getOption("nwarnings"), ...future.oldOptions$nwarnings)) {
[16:20:39.627]                 ...future.oldOptions$nwarnings <- NULL
[16:20:39.627]             }
[16:20:39.627]             base::options(...future.oldOptions)
[16:20:39.627]             if (.Platform$OS.type == "windows") {
[16:20:39.627]                 old_names <- names(...future.oldEnvVars)
[16:20:39.627]                 envs <- base::Sys.getenv()
[16:20:39.627]                 names <- names(envs)
[16:20:39.627]                 common <- intersect(names, old_names)
[16:20:39.627]                 added <- setdiff(names, old_names)
[16:20:39.627]                 removed <- setdiff(old_names, names)
[16:20:39.627]                 changed <- common[...future.oldEnvVars[common] != 
[16:20:39.627]                   envs[common]]
[16:20:39.627]                 NAMES <- toupper(changed)
[16:20:39.627]                 args <- list()
[16:20:39.627]                 for (kk in seq_along(NAMES)) {
[16:20:39.627]                   name <- changed[[kk]]
[16:20:39.627]                   NAME <- NAMES[[kk]]
[16:20:39.627]                   if (name != NAME && is.element(NAME, old_names)) 
[16:20:39.627]                     next
[16:20:39.627]                   args[[name]] <- ...future.oldEnvVars[[name]]
[16:20:39.627]                 }
[16:20:39.627]                 NAMES <- toupper(added)
[16:20:39.627]                 for (kk in seq_along(NAMES)) {
[16:20:39.627]                   name <- added[[kk]]
[16:20:39.627]                   NAME <- NAMES[[kk]]
[16:20:39.627]                   if (name != NAME && is.element(NAME, old_names)) 
[16:20:39.627]                     next
[16:20:39.627]                   args[[name]] <- ""
[16:20:39.627]                 }
[16:20:39.627]                 NAMES <- toupper(removed)
[16:20:39.627]                 for (kk in seq_along(NAMES)) {
[16:20:39.627]                   name <- removed[[kk]]
[16:20:39.627]                   NAME <- NAMES[[kk]]
[16:20:39.627]                   if (name != NAME && is.element(NAME, old_names)) 
[16:20:39.627]                     next
[16:20:39.627]                   args[[name]] <- ...future.oldEnvVars[[name]]
[16:20:39.627]                 }
[16:20:39.627]                 if (length(args) > 0) 
[16:20:39.627]                   base::do.call(base::Sys.setenv, args = args)
[16:20:39.627]                 args <- names <- old_names <- NAMES <- envs <- common <- added <- removed <- NULL
[16:20:39.627]             }
[16:20:39.627]             else {
[16:20:39.627]                 base::do.call(base::Sys.setenv, args = base::as.list(...future.oldEnvVars))
[16:20:39.627]             }
[16:20:39.627]             {
[16:20:39.627]                 if (base::length(...future.futureOptionsAdded) > 
[16:20:39.627]                   0L) {
[16:20:39.627]                   opts <- base::vector("list", length = base::length(...future.futureOptionsAdded))
[16:20:39.627]                   base::names(opts) <- ...future.futureOptionsAdded
[16:20:39.627]                   base::options(opts)
[16:20:39.627]                 }
[16:20:39.627]                 {
[16:20:39.627]                   {
[16:20:39.627]                     NULL
[16:20:39.627]                     RNGkind("Mersenne-Twister")
[16:20:39.627]                     base::rm(list = ".Random.seed", envir = base::globalenv(), 
[16:20:39.627]                       inherits = FALSE)
[16:20:39.627]                   }
[16:20:39.627]                   options(future.plan = NULL)
[16:20:39.627]                   if (is.na(NA_character_)) 
[16:20:39.627]                     Sys.unsetenv("R_FUTURE_PLAN")
[16:20:39.627]                   else Sys.setenv(R_FUTURE_PLAN = NA_character_)
[16:20:39.627]                   future::plan(...future.strategy.old, .cleanup = FALSE, 
[16:20:39.627]                     .init = FALSE)
[16:20:39.627]                 }
[16:20:39.627]             }
[16:20:39.627]         }
[16:20:39.627]     })
[16:20:39.627]     if (TRUE) {
[16:20:39.627]         base::sink(type = "output", split = FALSE)
[16:20:39.627]         if (TRUE) {
[16:20:39.627]             ...future.result$stdout <- base::rawToChar(base::rawConnectionValue(...future.stdout))
[16:20:39.627]         }
[16:20:39.627]         else {
[16:20:39.627]             ...future.result["stdout"] <- base::list(NULL)
[16:20:39.627]         }
[16:20:39.627]         base::close(...future.stdout)
[16:20:39.627]         ...future.stdout <- NULL
[16:20:39.627]     }
[16:20:39.627]     ...future.result$conditions <- ...future.conditions
[16:20:39.627]     ...future.result$finished <- base::Sys.time()
[16:20:39.627]     ...future.result
[16:20:39.627] }
[16:20:39.629] plan(): Setting new future strategy stack:
[16:20:39.629] List of future strategies:
[16:20:39.629] 1. sequential:
[16:20:39.629]    - args: function (..., envir = parent.frame())
[16:20:39.629]    - tweaked: FALSE
[16:20:39.629]    - call: NULL
[16:20:39.629] plan(): nbrOfWorkers() = 1
[16:20:39.631] plan(): Setting new future strategy stack:
[16:20:39.631] List of future strategies:
[16:20:39.631] 1. sequential:
[16:20:39.631]    - args: function (..., envir = parent.frame())
[16:20:39.631]    - tweaked: FALSE
[16:20:39.631]    - call: future::plan("sequential")
[16:20:39.631] plan(): nbrOfWorkers() = 1
[16:20:39.631] SequentialFuture started (and completed)
[16:20:39.632] - Launch lazy future ... done
[16:20:39.632] run() for ‘SequentialFuture’ ... done
> 
> f1 <- futureOf("a", envir = x)
> print(f1)
SequentialFuture:
Label: ‘<none>’
Expression:
{
    1
}
Lazy evaluation: FALSE
Asynchronous evaluation: FALSE
Local evaluation: TRUE
Environment: R_GlobalEnv
Capture standard output: TRUE
Capture condition classes: ‘condition’ (excluding ‘nothing’)
Globals: <none>
Packages: <none>
L'Ecuyer-CMRG RNG seed: <none> (seed = FALSE)
Resolved: TRUE
Value: 56 bytes of class ‘numeric’
Early signaling: FALSE
Owner process: 11f06137-91db-3d61-1a60-eebf4cfc2d59
Class: ‘SequentialFuture’, ‘UniprocessFuture’, ‘Future’, ‘environment’
> f2 <- futureOf(a, envir = x)
> f3 <- futureOf(x[["a"]])
> f4 <- futureOf(x$a)
> stopifnot(identical(f2, f1), identical(f3, f1), identical(f4, f1))
> 
> ## Identify all futures
> fs <- futureOf(envir = x)
> print(fs)
$a
SequentialFuture:
Label: ‘<none>’
Expression:
{
    1
}
Lazy evaluation: FALSE
Asynchronous evaluation: FALSE
Local evaluation: TRUE
Environment: R_GlobalEnv
Capture standard output: TRUE
Capture condition classes: ‘condition’ (excluding ‘nothing’)
Globals: <none>
Packages: <none>
L'Ecuyer-CMRG RNG seed: <none> (seed = FALSE)
Resolved: TRUE
Value: 56 bytes of class ‘numeric’
Early signaling: FALSE
Owner process: 11f06137-91db-3d61-1a60-eebf4cfc2d59
Class: ‘SequentialFuture’, ‘UniprocessFuture’, ‘Future’, ‘environment’

> stopifnot(identical(names(fs), c("a")))
> stopifnot(identical(fs$a, f1))
> 
> fsD <- futureOf(envir = x, drop = TRUE)
> print(fsD)
$a
SequentialFuture:
Label: ‘<none>’
Expression:
{
    1
}
Lazy evaluation: FALSE
Asynchronous evaluation: FALSE
Local evaluation: TRUE
Environment: R_GlobalEnv
Capture standard output: TRUE
Capture condition classes: ‘condition’ (excluding ‘nothing’)
Globals: <none>
Packages: <none>
L'Ecuyer-CMRG RNG seed: <none> (seed = FALSE)
Resolved: TRUE
Value: 56 bytes of class ‘numeric’
Early signaling: FALSE
Owner process: 11f06137-91db-3d61-1a60-eebf4cfc2d59
Class: ‘SequentialFuture’, ‘UniprocessFuture’, ‘Future’, ‘environment’

> stopifnot(all(sapply(fsD, FUN = inherits, "Future")))
> stopifnot(identical(fsD, fs))
> 
> message("*** futureOf() with environment - future assignments ... DONE")
*** futureOf() with environment - future assignments ... DONE
> 
> 
> message("*** futureOf() with environment - futures ...")
*** futureOf() with environment - futures ...
> 
> x <- new.env()
> x$a <- future({ 1 })
[16:20:39.635] getGlobalsAndPackages() ...
[16:20:39.635] Searching for globals...
[16:20:39.636] - globals found: [1] ‘{’
[16:20:39.636] Searching for globals ... DONE
[16:20:39.636] Resolving globals: FALSE
[16:20:39.636] 
[16:20:39.636] 
[16:20:39.636] getGlobalsAndPackages() ... DONE
[16:20:39.637] run() for ‘Future’ ...
[16:20:39.637] - state: ‘created’
[16:20:39.637] - Future backend: ‘FutureStrategy’, ‘sequential’, ‘uniprocess’, ‘future’, ‘function’
[16:20:39.637] - Future class: ‘SequentialFuture’, ‘UniprocessFuture’, ‘Future’, ‘environment’
[16:20:39.637] - Copy elements of temporary ‘SequentialFuture’ to final ‘Future’ object ...
[16:20:39.637]   - Field: ‘label’
[16:20:39.637]   - Field: ‘local’
[16:20:39.637]   - Field: ‘owner’
[16:20:39.638]   - Field: ‘envir’
[16:20:39.638]   - Field: ‘packages’
[16:20:39.638]   - Field: ‘gc’
[16:20:39.638]   - Field: ‘conditions’
[16:20:39.638]   - Field: ‘expr’
[16:20:39.638]   - Field: ‘uuid’
[16:20:39.638]   - Field: ‘seed’
[16:20:39.638]   - Field: ‘version’
[16:20:39.638]   - Field: ‘result’
[16:20:39.638]   - Field: ‘asynchronous’
[16:20:39.638]   - Field: ‘calls’
[16:20:39.639]   - Field: ‘globals’
[16:20:39.639]   - Field: ‘stdout’
[16:20:39.639]   - Field: ‘earlySignal’
[16:20:39.639]   - Field: ‘lazy’
[16:20:39.639]   - Field: ‘state’
[16:20:39.639] - Copy elements of temporary ‘SequentialFuture’ to final ‘Future’ object ... done
[16:20:39.639] - Launch lazy future ...
[16:20:39.639] Packages needed by the future expression (n = 0): <none>
[16:20:39.639] Packages needed by future strategies (n = 0): <none>
[16:20:39.640] {
[16:20:39.640]     {
[16:20:39.640]         {
[16:20:39.640]             ...future.startTime <- base::Sys.time()
[16:20:39.640]             {
[16:20:39.640]                 {
[16:20:39.640]                   {
[16:20:39.640]                     base::local({
[16:20:39.640]                       has_future <- base::requireNamespace("future", 
[16:20:39.640]                         quietly = TRUE)
[16:20:39.640]                       if (has_future) {
[16:20:39.640]                         ns <- base::getNamespace("future")
[16:20:39.640]                         version <- ns[[".package"]][["version"]]
[16:20:39.640]                         if (is.null(version)) 
[16:20:39.640]                           version <- utils::packageVersion("future")
[16:20:39.640]                       }
[16:20:39.640]                       else {
[16:20:39.640]                         version <- NULL
[16:20:39.640]                       }
[16:20:39.640]                       if (!has_future || version < "1.8.0") {
[16:20:39.640]                         info <- base::c(r_version = base::gsub("R version ", 
[16:20:39.640]                           "", base::R.version$version.string), 
[16:20:39.640]                           platform = base::sprintf("%s (%s-bit)", 
[16:20:39.640]                             base::R.version$platform, 8 * base::.Machine$sizeof.pointer), 
[16:20:39.640]                           os = base::paste(base::Sys.info()[base::c("sysname", 
[16:20:39.640]                             "release", "version")], collapse = " "), 
[16:20:39.640]                           hostname = base::Sys.info()[["nodename"]])
[16:20:39.640]                         info <- base::sprintf("%s: %s", base::names(info), 
[16:20:39.640]                           info)
[16:20:39.640]                         info <- base::paste(info, collapse = "; ")
[16:20:39.640]                         if (!has_future) {
[16:20:39.640]                           msg <- base::sprintf("Package 'future' is not installed on worker (%s)", 
[16:20:39.640]                             info)
[16:20:39.640]                         }
[16:20:39.640]                         else {
[16:20:39.640]                           msg <- base::sprintf("Package 'future' on worker (%s) must be of version >= 1.8.0: %s", 
[16:20:39.640]                             info, version)
[16:20:39.640]                         }
[16:20:39.640]                         base::stop(msg)
[16:20:39.640]                       }
[16:20:39.640]                     })
[16:20:39.640]                   }
[16:20:39.640]                   ...future.strategy.old <- future::plan("list")
[16:20:39.640]                   options(future.plan = NULL)
[16:20:39.640]                   Sys.unsetenv("R_FUTURE_PLAN")
[16:20:39.640]                   future::plan("default", .cleanup = FALSE, .init = FALSE)
[16:20:39.640]                 }
[16:20:39.640]                 ...future.workdir <- getwd()
[16:20:39.640]             }
[16:20:39.640]             ...future.oldOptions <- base::as.list(base::.Options)
[16:20:39.640]             ...future.oldEnvVars <- base::Sys.getenv()
[16:20:39.640]         }
[16:20:39.640]         base::options(future.startup.script = FALSE, future.globals.onMissing = NULL, 
[16:20:39.640]             future.globals.maxSize = NULL, future.globals.method = NULL, 
[16:20:39.640]             future.globals.onMissing = NULL, future.globals.onReference = NULL, 
[16:20:39.640]             future.globals.resolve = NULL, future.resolve.recursive = NULL, 
[16:20:39.640]             future.rng.onMisuse = NULL, future.rng.onMisuse.keepFuture = NULL, 
[16:20:39.640]             future.stdout.windows.reencode = NULL, width = 80L)
[16:20:39.640]         ...future.futureOptionsAdded <- base::setdiff(base::names(base::.Options), 
[16:20:39.640]             base::names(...future.oldOptions))
[16:20:39.640]     }
[16:20:39.640]     if (FALSE) {
[16:20:39.640]     }
[16:20:39.640]     else {
[16:20:39.640]         if (TRUE) {
[16:20:39.640]             ...future.stdout <- base::rawConnection(base::raw(0L), 
[16:20:39.640]                 open = "w")
[16:20:39.640]         }
[16:20:39.640]         else {
[16:20:39.640]             ...future.stdout <- base::file(base::switch(.Platform$OS.type, 
[16:20:39.640]                 windows = "NUL", "/dev/null"), open = "w")
[16:20:39.640]         }
[16:20:39.640]         base::sink(...future.stdout, type = "output", split = FALSE)
[16:20:39.640]         base::on.exit(if (!base::is.null(...future.stdout)) {
[16:20:39.640]             base::sink(type = "output", split = FALSE)
[16:20:39.640]             base::close(...future.stdout)
[16:20:39.640]         }, add = TRUE)
[16:20:39.640]     }
[16:20:39.640]     ...future.frame <- base::sys.nframe()
[16:20:39.640]     ...future.conditions <- base::list()
[16:20:39.640]     ...future.rng <- base::globalenv()$.Random.seed
[16:20:39.640]     if (FALSE) {
[16:20:39.640]         ...future.globalenv.names <- c(base::names(base::.GlobalEnv), 
[16:20:39.640]             "...future.value", "...future.globalenv.names", ".Random.seed")
[16:20:39.640]     }
[16:20:39.640]     ...future.result <- base::tryCatch({
[16:20:39.640]         base::withCallingHandlers({
[16:20:39.640]             ...future.value <- base::withVisible(base::local({
[16:20:39.640]                 1
[16:20:39.640]             }))
[16:20:39.640]             future::FutureResult(value = ...future.value$value, 
[16:20:39.640]                 visible = ...future.value$visible, rng = !identical(base::globalenv()$.Random.seed, 
[16:20:39.640]                   ...future.rng), globalenv = if (FALSE) 
[16:20:39.640]                   list(added = base::setdiff(base::names(base::.GlobalEnv), 
[16:20:39.640]                     ...future.globalenv.names))
[16:20:39.640]                 else NULL, started = ...future.startTime, version = "1.8")
[16:20:39.640]         }, condition = base::local({
[16:20:39.640]             c <- base::c
[16:20:39.640]             inherits <- base::inherits
[16:20:39.640]             invokeRestart <- base::invokeRestart
[16:20:39.640]             length <- base::length
[16:20:39.640]             list <- base::list
[16:20:39.640]             seq.int <- base::seq.int
[16:20:39.640]             signalCondition <- base::signalCondition
[16:20:39.640]             sys.calls <- base::sys.calls
[16:20:39.640]             `[[` <- base::`[[`
[16:20:39.640]             `+` <- base::`+`
[16:20:39.640]             `<<-` <- base::`<<-`
[16:20:39.640]             sysCalls <- function(calls = sys.calls(), from = 1L) {
[16:20:39.640]                 calls[seq.int(from = from + 12L, to = length(calls) - 
[16:20:39.640]                   3L)]
[16:20:39.640]             }
[16:20:39.640]             function(cond) {
[16:20:39.640]                 is_error <- inherits(cond, "error")
[16:20:39.640]                 ignore <- !is_error && !is.null(NULL) && inherits(cond, 
[16:20:39.640]                   NULL)
[16:20:39.640]                 if (is_error) {
[16:20:39.640]                   sessionInformation <- function() {
[16:20:39.640]                     list(r = base::R.Version(), locale = base::Sys.getlocale(), 
[16:20:39.640]                       rngkind = base::RNGkind(), namespaces = base::loadedNamespaces(), 
[16:20:39.640]                       search = base::search(), system = base::Sys.info())
[16:20:39.640]                   }
[16:20:39.640]                   ...future.conditions[[length(...future.conditions) + 
[16:20:39.640]                     1L]] <<- list(condition = cond, calls = c(sysCalls(from = ...future.frame), 
[16:20:39.640]                     cond$call), session = sessionInformation(), 
[16:20:39.640]                     timestamp = base::Sys.time(), signaled = 0L)
[16:20:39.640]                   signalCondition(cond)
[16:20:39.640]                 }
[16:20:39.640]                 else if (!ignore && TRUE && inherits(cond, c("condition", 
[16:20:39.640]                 "immediateCondition"))) {
[16:20:39.640]                   signal <- TRUE && inherits(cond, "immediateCondition")
[16:20:39.640]                   ...future.conditions[[length(...future.conditions) + 
[16:20:39.640]                     1L]] <<- list(condition = cond, signaled = base::as.integer(signal))
[16:20:39.640]                   if (TRUE && !signal) {
[16:20:39.640]                     muffleCondition <- function (cond, pattern = "^muffle") 
[16:20:39.640]                     {
[16:20:39.640]                       inherits <- base::inherits
[16:20:39.640]                       invokeRestart <- base::invokeRestart
[16:20:39.640]                       is.null <- base::is.null
[16:20:39.640]                       muffled <- FALSE
[16:20:39.640]                       if (inherits(cond, "message")) {
[16:20:39.640]                         muffled <- grepl(pattern, "muffleMessage")
[16:20:39.640]                         if (muffled) 
[16:20:39.640]                           invokeRestart("muffleMessage")
[16:20:39.640]                       }
[16:20:39.640]                       else if (inherits(cond, "warning")) {
[16:20:39.640]                         muffled <- grepl(pattern, "muffleWarning")
[16:20:39.640]                         if (muffled) 
[16:20:39.640]                           invokeRestart("muffleWarning")
[16:20:39.640]                       }
[16:20:39.640]                       else if (inherits(cond, "condition")) {
[16:20:39.640]                         if (!is.null(pattern)) {
[16:20:39.640]                           computeRestarts <- base::computeRestarts
[16:20:39.640]                           grepl <- base::grepl
[16:20:39.640]                           restarts <- computeRestarts(cond)
[16:20:39.640]                           for (restart in restarts) {
[16:20:39.640]                             name <- restart$name
[16:20:39.640]                             if (is.null(name)) 
[16:20:39.640]                               next
[16:20:39.640]                             if (!grepl(pattern, name)) 
[16:20:39.640]                               next
[16:20:39.640]                             invokeRestart(restart)
[16:20:39.640]                             muffled <- TRUE
[16:20:39.640]                             break
[16:20:39.640]                           }
[16:20:39.640]                         }
[16:20:39.640]                       }
[16:20:39.640]                       invisible(muffled)
[16:20:39.640]                     }
[16:20:39.640]                     muffleCondition(cond, pattern = "^muffle")
[16:20:39.640]                   }
[16:20:39.640]                 }
[16:20:39.640]                 else {
[16:20:39.640]                   if (TRUE) {
[16:20:39.640]                     muffleCondition <- function (cond, pattern = "^muffle") 
[16:20:39.640]                     {
[16:20:39.640]                       inherits <- base::inherits
[16:20:39.640]                       invokeRestart <- base::invokeRestart
[16:20:39.640]                       is.null <- base::is.null
[16:20:39.640]                       muffled <- FALSE
[16:20:39.640]                       if (inherits(cond, "message")) {
[16:20:39.640]                         muffled <- grepl(pattern, "muffleMessage")
[16:20:39.640]                         if (muffled) 
[16:20:39.640]                           invokeRestart("muffleMessage")
[16:20:39.640]                       }
[16:20:39.640]                       else if (inherits(cond, "warning")) {
[16:20:39.640]                         muffled <- grepl(pattern, "muffleWarning")
[16:20:39.640]                         if (muffled) 
[16:20:39.640]                           invokeRestart("muffleWarning")
[16:20:39.640]                       }
[16:20:39.640]                       else if (inherits(cond, "condition")) {
[16:20:39.640]                         if (!is.null(pattern)) {
[16:20:39.640]                           computeRestarts <- base::computeRestarts
[16:20:39.640]                           grepl <- base::grepl
[16:20:39.640]                           restarts <- computeRestarts(cond)
[16:20:39.640]                           for (restart in restarts) {
[16:20:39.640]                             name <- restart$name
[16:20:39.640]                             if (is.null(name)) 
[16:20:39.640]                               next
[16:20:39.640]                             if (!grepl(pattern, name)) 
[16:20:39.640]                               next
[16:20:39.640]                             invokeRestart(restart)
[16:20:39.640]                             muffled <- TRUE
[16:20:39.640]                             break
[16:20:39.640]                           }
[16:20:39.640]                         }
[16:20:39.640]                       }
[16:20:39.640]                       invisible(muffled)
[16:20:39.640]                     }
[16:20:39.640]                     muffleCondition(cond, pattern = "^muffle")
[16:20:39.640]                   }
[16:20:39.640]                 }
[16:20:39.640]             }
[16:20:39.640]         }))
[16:20:39.640]     }, error = function(ex) {
[16:20:39.640]         base::structure(base::list(value = NULL, visible = NULL, 
[16:20:39.640]             conditions = ...future.conditions, rng = !identical(base::globalenv()$.Random.seed, 
[16:20:39.640]                 ...future.rng), started = ...future.startTime, 
[16:20:39.640]             finished = Sys.time(), session_uuid = NA_character_, 
[16:20:39.640]             version = "1.8"), class = "FutureResult")
[16:20:39.640]     }, finally = {
[16:20:39.640]         if (!identical(...future.workdir, getwd())) 
[16:20:39.640]             setwd(...future.workdir)
[16:20:39.640]         {
[16:20:39.640]             if (identical(getOption("nwarnings"), ...future.oldOptions$nwarnings)) {
[16:20:39.640]                 ...future.oldOptions$nwarnings <- NULL
[16:20:39.640]             }
[16:20:39.640]             base::options(...future.oldOptions)
[16:20:39.640]             if (.Platform$OS.type == "windows") {
[16:20:39.640]                 old_names <- names(...future.oldEnvVars)
[16:20:39.640]                 envs <- base::Sys.getenv()
[16:20:39.640]                 names <- names(envs)
[16:20:39.640]                 common <- intersect(names, old_names)
[16:20:39.640]                 added <- setdiff(names, old_names)
[16:20:39.640]                 removed <- setdiff(old_names, names)
[16:20:39.640]                 changed <- common[...future.oldEnvVars[common] != 
[16:20:39.640]                   envs[common]]
[16:20:39.640]                 NAMES <- toupper(changed)
[16:20:39.640]                 args <- list()
[16:20:39.640]                 for (kk in seq_along(NAMES)) {
[16:20:39.640]                   name <- changed[[kk]]
[16:20:39.640]                   NAME <- NAMES[[kk]]
[16:20:39.640]                   if (name != NAME && is.element(NAME, old_names)) 
[16:20:39.640]                     next
[16:20:39.640]                   args[[name]] <- ...future.oldEnvVars[[name]]
[16:20:39.640]                 }
[16:20:39.640]                 NAMES <- toupper(added)
[16:20:39.640]                 for (kk in seq_along(NAMES)) {
[16:20:39.640]                   name <- added[[kk]]
[16:20:39.640]                   NAME <- NAMES[[kk]]
[16:20:39.640]                   if (name != NAME && is.element(NAME, old_names)) 
[16:20:39.640]                     next
[16:20:39.640]                   args[[name]] <- ""
[16:20:39.640]                 }
[16:20:39.640]                 NAMES <- toupper(removed)
[16:20:39.640]                 for (kk in seq_along(NAMES)) {
[16:20:39.640]                   name <- removed[[kk]]
[16:20:39.640]                   NAME <- NAMES[[kk]]
[16:20:39.640]                   if (name != NAME && is.element(NAME, old_names)) 
[16:20:39.640]                     next
[16:20:39.640]                   args[[name]] <- ...future.oldEnvVars[[name]]
[16:20:39.640]                 }
[16:20:39.640]                 if (length(args) > 0) 
[16:20:39.640]                   base::do.call(base::Sys.setenv, args = args)
[16:20:39.640]                 args <- names <- old_names <- NAMES <- envs <- common <- added <- removed <- NULL
[16:20:39.640]             }
[16:20:39.640]             else {
[16:20:39.640]                 base::do.call(base::Sys.setenv, args = base::as.list(...future.oldEnvVars))
[16:20:39.640]             }
[16:20:39.640]             {
[16:20:39.640]                 if (base::length(...future.futureOptionsAdded) > 
[16:20:39.640]                   0L) {
[16:20:39.640]                   opts <- base::vector("list", length = base::length(...future.futureOptionsAdded))
[16:20:39.640]                   base::names(opts) <- ...future.futureOptionsAdded
[16:20:39.640]                   base::options(opts)
[16:20:39.640]                 }
[16:20:39.640]                 {
[16:20:39.640]                   {
[16:20:39.640]                     NULL
[16:20:39.640]                     RNGkind("Mersenne-Twister")
[16:20:39.640]                     base::rm(list = ".Random.seed", envir = base::globalenv(), 
[16:20:39.640]                       inherits = FALSE)
[16:20:39.640]                   }
[16:20:39.640]                   options(future.plan = NULL)
[16:20:39.640]                   if (is.na(NA_character_)) 
[16:20:39.640]                     Sys.unsetenv("R_FUTURE_PLAN")
[16:20:39.640]                   else Sys.setenv(R_FUTURE_PLAN = NA_character_)
[16:20:39.640]                   future::plan(...future.strategy.old, .cleanup = FALSE, 
[16:20:39.640]                     .init = FALSE)
[16:20:39.640]                 }
[16:20:39.640]             }
[16:20:39.640]         }
[16:20:39.640]     })
[16:20:39.640]     if (TRUE) {
[16:20:39.640]         base::sink(type = "output", split = FALSE)
[16:20:39.640]         if (TRUE) {
[16:20:39.640]             ...future.result$stdout <- base::rawToChar(base::rawConnectionValue(...future.stdout))
[16:20:39.640]         }
[16:20:39.640]         else {
[16:20:39.640]             ...future.result["stdout"] <- base::list(NULL)
[16:20:39.640]         }
[16:20:39.640]         base::close(...future.stdout)
[16:20:39.640]         ...future.stdout <- NULL
[16:20:39.640]     }
[16:20:39.640]     ...future.result$conditions <- ...future.conditions
[16:20:39.640]     ...future.result$finished <- base::Sys.time()
[16:20:39.640]     ...future.result
[16:20:39.640] }
[16:20:39.641] plan(): Setting new future strategy stack:
[16:20:39.642] List of future strategies:
[16:20:39.642] 1. sequential:
[16:20:39.642]    - args: function (..., envir = parent.frame())
[16:20:39.642]    - tweaked: FALSE
[16:20:39.642]    - call: NULL
[16:20:39.642] plan(): nbrOfWorkers() = 1
[16:20:39.643] plan(): Setting new future strategy stack:
[16:20:39.643] List of future strategies:
[16:20:39.643] 1. sequential:
[16:20:39.643]    - args: function (..., envir = parent.frame())
[16:20:39.643]    - tweaked: FALSE
[16:20:39.643]    - call: future::plan("sequential")
[16:20:39.643] plan(): nbrOfWorkers() = 1
[16:20:39.643] SequentialFuture started (and completed)
[16:20:39.643] - Launch lazy future ... done
[16:20:39.643] run() for ‘SequentialFuture’ ... done
> 
> f1 <- futureOf("a", envir = x)
> print(f1)
SequentialFuture:
Label: ‘<none>’
Expression:
{
    1
}
Lazy evaluation: FALSE
Asynchronous evaluation: FALSE
Local evaluation: TRUE
Environment: R_GlobalEnv
Capture standard output: TRUE
Capture condition classes: ‘condition’ (excluding ‘nothing’)
Globals: <none>
Packages: <none>
L'Ecuyer-CMRG RNG seed: <none> (seed = FALSE)
Resolved: TRUE
Value: 56 bytes of class ‘numeric’
Early signaling: FALSE
Owner process: 11f06137-91db-3d61-1a60-eebf4cfc2d59
Class: ‘SequentialFuture’, ‘UniprocessFuture’, ‘Future’, ‘environment’
> stopifnot(identical(f1, x$a))
> f2 <- futureOf(a, envir = x)
> stopifnot(identical(f2, x$a))
> f3 <- futureOf(x[["a"]])
> stopifnot(identical(f3, x$a))
> f4 <- futureOf(x$a)
> stopifnot(identical(f4, x$a))
> 
> ## Identify all futures
> fs <- futureOf(envir = x)
> print(fs)
$a
SequentialFuture:
Label: ‘<none>’
Expression:
{
    1
}
Lazy evaluation: FALSE
Asynchronous evaluation: FALSE
Local evaluation: TRUE
Environment: R_GlobalEnv
Capture standard output: TRUE
Capture condition classes: ‘condition’ (excluding ‘nothing’)
Globals: <none>
Packages: <none>
L'Ecuyer-CMRG RNG seed: <none> (seed = FALSE)
Resolved: TRUE
Value: 56 bytes of class ‘numeric’
Early signaling: FALSE
Owner process: 11f06137-91db-3d61-1a60-eebf4cfc2d59
Class: ‘SequentialFuture’, ‘UniprocessFuture’, ‘Future’, ‘environment’

> stopifnot(identical(names(fs), c("a")))
> stopifnot(identical(fs$a, f1))
> 
> fsD <- futureOf(envir = x, drop = TRUE)
> print(fsD)
$a
SequentialFuture:
Label: ‘<none>’
Expression:
{
    1
}
Lazy evaluation: FALSE
Asynchronous evaluation: FALSE
Local evaluation: TRUE
Environment: R_GlobalEnv
Capture standard output: TRUE
Capture condition classes: ‘condition’ (excluding ‘nothing’)
Globals: <none>
Packages: <none>
L'Ecuyer-CMRG RNG seed: <none> (seed = FALSE)
Resolved: TRUE
Value: 56 bytes of class ‘numeric’
Early signaling: FALSE
Owner process: 11f06137-91db-3d61-1a60-eebf4cfc2d59
Class: ‘SequentialFuture’, ‘UniprocessFuture’, ‘Future’, ‘environment’

> stopifnot(all(sapply(fsD, FUN = inherits, "Future")))
> stopifnot(identical(fsD, fs))
> 
> message("*** futureOf() with environment - futures ... DONE")
*** futureOf() with environment - futures ... DONE
> 
> 
> message("*** futureOf() with environment - exceptions ...")
*** futureOf() with environment - exceptions ...
> 
> ## Invalid subset
> res <- tryCatch(futureOf(x[[0]], mustExist = FALSE), error = identity)
> stopifnot(inherits(res, "error"))
> 
> res <- tryCatch(futureOf(x[[0]], mustExist = TRUE), error = identity)
> stopifnot(inherits(res, "error"))
> 
> res <- tryCatch(futureOf(x[[10]], mustExist = TRUE), error = identity)
> stopifnot(inherits(res, "error"))
> 
> res <- tryCatch(futureOf(x[[1 + 2i]], mustExist = TRUE), error = identity)
> stopifnot(inherits(res, "error"))
> 
> message("*** futureOf() with environment - exceptions ... DONE")
*** futureOf() with environment - exceptions ... DONE
> 
> message("*** futureOf() with environment ... DONE")
*** futureOf() with environment ... DONE
> 
> source("incl/end.R")
[16:20:39.647] plan(): Setting new future strategy stack:
[16:20:39.647] List of future strategies:
[16:20:39.647] 1. FutureStrategy:
[16:20:39.647]    - args: function (..., envir = parent.frame())
[16:20:39.647]    - tweaked: FALSE
[16:20:39.647]    - call: future::plan(oplan)
[16:20:39.660] plan(): nbrOfWorkers() = 1
> 
