
R version 4.3.3 (2024-02-29) -- "Angel Food Cake"
Copyright (C) 2024 The R Foundation for Statistical Computing
Platform: x86_64-pc-linux-gnu (64-bit)

R is free software and comes with ABSOLUTELY NO WARRANTY.
You are welcome to redistribute it under certain conditions.
Type 'license()' or 'licence()' for distribution details.

R is a collaborative project with many contributors.
Type 'contributors()' for more information and
'citation()' on how to cite R or R packages in publications.

Type 'demo()' for some demos, 'help()' for on-line help, or
'help.start()' for an HTML browser interface to help.
Type 'q()' to quit R.

> source("incl/start.R")
[13:36:24.679] plan(): Setting new future strategy stack:
[13:36:24.680] List of future strategies:
[13:36:24.680] 1. sequential:
[13:36:24.680]    - args: function (..., envir = parent.frame())
[13:36:24.680]    - tweaked: FALSE
[13:36:24.680]    - call: future::plan("sequential")
[13:36:24.694] plan(): nbrOfWorkers() = 1
> 
> ## BACKWARD COMPATIBILITY
> if (getRversion() < "3.2.0") {
+   names <- function(x) if (is.environment(x)) ls(envir = x) else base::names(x)
+ }
> 
> message("*** %<-% to environment ...")
*** %<-% to environment ...
> 
> ## - - - - - - - - - - - - - - - - - - - - - - - - - - - -
> ## Async delayed assignment (infix operator)
> ## - - - - - - - - - - - - - - - - - - - - - - - - - - - -
> z <- new.env()
> stopifnot(length(names(z)) == 0L)
> 
> message("*** %<-% to environment: Assign by index (not allowed)")
*** %<-% to environment: Assign by index (not allowed)
> res <- try(z[[1]] %<-% { 2 } %lazy% TRUE, silent = TRUE)
> stopifnot(inherits(res, "try-error"))
> 
> message("*** %<-% to environment: Assign by name (new)")
*** %<-% to environment: Assign by name (new)
> z$B %<-% { TRUE }  %lazy% TRUE
[13:36:24.706] getGlobalsAndPackages() ...
[13:36:24.706] Searching for globals...
[13:36:24.709] - globals found: [1] ‘{’
[13:36:24.710] Searching for globals ... DONE
[13:36:24.710] Resolving globals: FALSE
[13:36:24.710] 
[13:36:24.710] 
[13:36:24.710] getGlobalsAndPackages() ... DONE
> stopifnot(length(z) == 2) # sic!
> stopifnot("B" %in% ls(z))
> 
> y <- as.list(z)
[13:36:24.711] run() for ‘Future’ ...
[13:36:24.712] - state: ‘created’
[13:36:24.712] - Future backend: ‘FutureStrategy’, ‘sequential’, ‘uniprocess’, ‘future’, ‘function’
[13:36:24.712] - Future class: ‘SequentialFuture’, ‘UniprocessFuture’, ‘Future’, ‘environment’
[13:36:24.712] - Copy elements of temporary ‘SequentialFuture’ to final ‘Future’ object ...
[13:36:24.712]   - Field: ‘label’
[13:36:24.712]   - Field: ‘local’
[13:36:24.713]   - Field: ‘owner’
[13:36:24.713]   - Field: ‘envir’
[13:36:24.713]   - Field: ‘packages’
[13:36:24.713]   - Field: ‘gc’
[13:36:24.713]   - Field: ‘conditions’
[13:36:24.713]   - Field: ‘expr’
[13:36:24.713]   - Field: ‘uuid’
[13:36:24.713]   - Field: ‘seed’
[13:36:24.713]   - Field: ‘version’
[13:36:24.713]   - Field: ‘result’
[13:36:24.713]   - Field: ‘asynchronous’
[13:36:24.713]   - Field: ‘calls’
[13:36:24.714]   - Field: ‘globals’
[13:36:24.714]   - Field: ‘stdout’
[13:36:24.714]   - Field: ‘earlySignal’
[13:36:24.714]   - Field: ‘lazy’
[13:36:24.714]   - Field: ‘state’
[13:36:24.714] - Copy elements of temporary ‘SequentialFuture’ to final ‘Future’ object ... done
[13:36:24.714] - Launch lazy future ...
[13:36:24.715] Packages needed by the future expression (n = 0): <none>
[13:36:24.715] Packages needed by future strategies (n = 0): <none>
[13:36:24.716] {
[13:36:24.716]     {
[13:36:24.716]         {
[13:36:24.716]             ...future.startTime <- base::Sys.time()
[13:36:24.716]             {
[13:36:24.716]                 {
[13:36:24.716]                   {
[13:36:24.716]                     base::local({
[13:36:24.716]                       has_future <- base::requireNamespace("future", 
[13:36:24.716]                         quietly = TRUE)
[13:36:24.716]                       if (has_future) {
[13:36:24.716]                         ns <- base::getNamespace("future")
[13:36:24.716]                         version <- ns[[".package"]][["version"]]
[13:36:24.716]                         if (is.null(version)) 
[13:36:24.716]                           version <- utils::packageVersion("future")
[13:36:24.716]                       }
[13:36:24.716]                       else {
[13:36:24.716]                         version <- NULL
[13:36:24.716]                       }
[13:36:24.716]                       if (!has_future || version < "1.8.0") {
[13:36:24.716]                         info <- base::c(r_version = base::gsub("R version ", 
[13:36:24.716]                           "", base::R.version$version.string), 
[13:36:24.716]                           platform = base::sprintf("%s (%s-bit)", 
[13:36:24.716]                             base::R.version$platform, 8 * base::.Machine$sizeof.pointer), 
[13:36:24.716]                           os = base::paste(base::Sys.info()[base::c("sysname", 
[13:36:24.716]                             "release", "version")], collapse = " "), 
[13:36:24.716]                           hostname = base::Sys.info()[["nodename"]])
[13:36:24.716]                         info <- base::sprintf("%s: %s", base::names(info), 
[13:36:24.716]                           info)
[13:36:24.716]                         info <- base::paste(info, collapse = "; ")
[13:36:24.716]                         if (!has_future) {
[13:36:24.716]                           msg <- base::sprintf("Package 'future' is not installed on worker (%s)", 
[13:36:24.716]                             info)
[13:36:24.716]                         }
[13:36:24.716]                         else {
[13:36:24.716]                           msg <- base::sprintf("Package 'future' on worker (%s) must be of version >= 1.8.0: %s", 
[13:36:24.716]                             info, version)
[13:36:24.716]                         }
[13:36:24.716]                         base::stop(msg)
[13:36:24.716]                       }
[13:36:24.716]                     })
[13:36:24.716]                   }
[13:36:24.716]                   ...future.strategy.old <- future::plan("list")
[13:36:24.716]                   options(future.plan = NULL)
[13:36:24.716]                   Sys.unsetenv("R_FUTURE_PLAN")
[13:36:24.716]                   future::plan("default", .cleanup = FALSE, .init = FALSE)
[13:36:24.716]                 }
[13:36:24.716]                 ...future.workdir <- getwd()
[13:36:24.716]             }
[13:36:24.716]             ...future.oldOptions <- base::as.list(base::.Options)
[13:36:24.716]             ...future.oldEnvVars <- base::Sys.getenv()
[13:36:24.716]         }
[13:36:24.716]         base::options(future.startup.script = FALSE, future.globals.onMissing = NULL, 
[13:36:24.716]             future.globals.maxSize = NULL, future.globals.method = NULL, 
[13:36:24.716]             future.globals.onMissing = NULL, future.globals.onReference = NULL, 
[13:36:24.716]             future.globals.resolve = NULL, future.resolve.recursive = NULL, 
[13:36:24.716]             future.rng.onMisuse = NULL, future.rng.onMisuse.keepFuture = NULL, 
[13:36:24.716]             future.stdout.windows.reencode = NULL, width = 80L)
[13:36:24.716]         ...future.futureOptionsAdded <- base::setdiff(base::names(base::.Options), 
[13:36:24.716]             base::names(...future.oldOptions))
[13:36:24.716]     }
[13:36:24.716]     if (FALSE) {
[13:36:24.716]     }
[13:36:24.716]     else {
[13:36:24.716]         if (TRUE) {
[13:36:24.716]             ...future.stdout <- base::rawConnection(base::raw(0L), 
[13:36:24.716]                 open = "w")
[13:36:24.716]         }
[13:36:24.716]         else {
[13:36:24.716]             ...future.stdout <- base::file(base::switch(.Platform$OS.type, 
[13:36:24.716]                 windows = "NUL", "/dev/null"), open = "w")
[13:36:24.716]         }
[13:36:24.716]         base::sink(...future.stdout, type = "output", split = FALSE)
[13:36:24.716]         base::on.exit(if (!base::is.null(...future.stdout)) {
[13:36:24.716]             base::sink(type = "output", split = FALSE)
[13:36:24.716]             base::close(...future.stdout)
[13:36:24.716]         }, add = TRUE)
[13:36:24.716]     }
[13:36:24.716]     ...future.frame <- base::sys.nframe()
[13:36:24.716]     ...future.conditions <- base::list()
[13:36:24.716]     ...future.rng <- base::globalenv()$.Random.seed
[13:36:24.716]     if (FALSE) {
[13:36:24.716]         ...future.globalenv.names <- c(base::names(base::.GlobalEnv), 
[13:36:24.716]             "...future.value", "...future.globalenv.names", ".Random.seed")
[13:36:24.716]     }
[13:36:24.716]     ...future.result <- base::tryCatch({
[13:36:24.716]         base::withCallingHandlers({
[13:36:24.716]             ...future.value <- base::withVisible(base::local({
[13:36:24.716]                 TRUE
[13:36:24.716]             }))
[13:36:24.716]             future::FutureResult(value = ...future.value$value, 
[13:36:24.716]                 visible = ...future.value$visible, rng = !identical(base::globalenv()$.Random.seed, 
[13:36:24.716]                   ...future.rng), globalenv = if (FALSE) 
[13:36:24.716]                   list(added = base::setdiff(base::names(base::.GlobalEnv), 
[13:36:24.716]                     ...future.globalenv.names))
[13:36:24.716]                 else NULL, started = ...future.startTime, version = "1.8")
[13:36:24.716]         }, condition = base::local({
[13:36:24.716]             c <- base::c
[13:36:24.716]             inherits <- base::inherits
[13:36:24.716]             invokeRestart <- base::invokeRestart
[13:36:24.716]             length <- base::length
[13:36:24.716]             list <- base::list
[13:36:24.716]             seq.int <- base::seq.int
[13:36:24.716]             signalCondition <- base::signalCondition
[13:36:24.716]             sys.calls <- base::sys.calls
[13:36:24.716]             `[[` <- base::`[[`
[13:36:24.716]             `+` <- base::`+`
[13:36:24.716]             `<<-` <- base::`<<-`
[13:36:24.716]             sysCalls <- function(calls = sys.calls(), from = 1L) {
[13:36:24.716]                 calls[seq.int(from = from + 12L, to = length(calls) - 
[13:36:24.716]                   3L)]
[13:36:24.716]             }
[13:36:24.716]             function(cond) {
[13:36:24.716]                 is_error <- inherits(cond, "error")
[13:36:24.716]                 ignore <- !is_error && !is.null(NULL) && inherits(cond, 
[13:36:24.716]                   NULL)
[13:36:24.716]                 if (is_error) {
[13:36:24.716]                   sessionInformation <- function() {
[13:36:24.716]                     list(r = base::R.Version(), locale = base::Sys.getlocale(), 
[13:36:24.716]                       rngkind = base::RNGkind(), namespaces = base::loadedNamespaces(), 
[13:36:24.716]                       search = base::search(), system = base::Sys.info())
[13:36:24.716]                   }
[13:36:24.716]                   ...future.conditions[[length(...future.conditions) + 
[13:36:24.716]                     1L]] <<- list(condition = cond, calls = c(sysCalls(from = ...future.frame), 
[13:36:24.716]                     cond$call), session = sessionInformation(), 
[13:36:24.716]                     timestamp = base::Sys.time(), signaled = 0L)
[13:36:24.716]                   signalCondition(cond)
[13:36:24.716]                 }
[13:36:24.716]                 else if (!ignore && TRUE && inherits(cond, c("condition", 
[13:36:24.716]                 "immediateCondition"))) {
[13:36:24.716]                   signal <- TRUE && inherits(cond, "immediateCondition")
[13:36:24.716]                   ...future.conditions[[length(...future.conditions) + 
[13:36:24.716]                     1L]] <<- list(condition = cond, signaled = base::as.integer(signal))
[13:36:24.716]                   if (TRUE && !signal) {
[13:36:24.716]                     muffleCondition <- function (cond, pattern = "^muffle") 
[13:36:24.716]                     {
[13:36:24.716]                       inherits <- base::inherits
[13:36:24.716]                       invokeRestart <- base::invokeRestart
[13:36:24.716]                       is.null <- base::is.null
[13:36:24.716]                       muffled <- FALSE
[13:36:24.716]                       if (inherits(cond, "message")) {
[13:36:24.716]                         muffled <- grepl(pattern, "muffleMessage")
[13:36:24.716]                         if (muffled) 
[13:36:24.716]                           invokeRestart("muffleMessage")
[13:36:24.716]                       }
[13:36:24.716]                       else if (inherits(cond, "warning")) {
[13:36:24.716]                         muffled <- grepl(pattern, "muffleWarning")
[13:36:24.716]                         if (muffled) 
[13:36:24.716]                           invokeRestart("muffleWarning")
[13:36:24.716]                       }
[13:36:24.716]                       else if (inherits(cond, "condition")) {
[13:36:24.716]                         if (!is.null(pattern)) {
[13:36:24.716]                           computeRestarts <- base::computeRestarts
[13:36:24.716]                           grepl <- base::grepl
[13:36:24.716]                           restarts <- computeRestarts(cond)
[13:36:24.716]                           for (restart in restarts) {
[13:36:24.716]                             name <- restart$name
[13:36:24.716]                             if (is.null(name)) 
[13:36:24.716]                               next
[13:36:24.716]                             if (!grepl(pattern, name)) 
[13:36:24.716]                               next
[13:36:24.716]                             invokeRestart(restart)
[13:36:24.716]                             muffled <- TRUE
[13:36:24.716]                             break
[13:36:24.716]                           }
[13:36:24.716]                         }
[13:36:24.716]                       }
[13:36:24.716]                       invisible(muffled)
[13:36:24.716]                     }
[13:36:24.716]                     muffleCondition(cond, pattern = "^muffle")
[13:36:24.716]                   }
[13:36:24.716]                 }
[13:36:24.716]                 else {
[13:36:24.716]                   if (TRUE) {
[13:36:24.716]                     muffleCondition <- function (cond, pattern = "^muffle") 
[13:36:24.716]                     {
[13:36:24.716]                       inherits <- base::inherits
[13:36:24.716]                       invokeRestart <- base::invokeRestart
[13:36:24.716]                       is.null <- base::is.null
[13:36:24.716]                       muffled <- FALSE
[13:36:24.716]                       if (inherits(cond, "message")) {
[13:36:24.716]                         muffled <- grepl(pattern, "muffleMessage")
[13:36:24.716]                         if (muffled) 
[13:36:24.716]                           invokeRestart("muffleMessage")
[13:36:24.716]                       }
[13:36:24.716]                       else if (inherits(cond, "warning")) {
[13:36:24.716]                         muffled <- grepl(pattern, "muffleWarning")
[13:36:24.716]                         if (muffled) 
[13:36:24.716]                           invokeRestart("muffleWarning")
[13:36:24.716]                       }
[13:36:24.716]                       else if (inherits(cond, "condition")) {
[13:36:24.716]                         if (!is.null(pattern)) {
[13:36:24.716]                           computeRestarts <- base::computeRestarts
[13:36:24.716]                           grepl <- base::grepl
[13:36:24.716]                           restarts <- computeRestarts(cond)
[13:36:24.716]                           for (restart in restarts) {
[13:36:24.716]                             name <- restart$name
[13:36:24.716]                             if (is.null(name)) 
[13:36:24.716]                               next
[13:36:24.716]                             if (!grepl(pattern, name)) 
[13:36:24.716]                               next
[13:36:24.716]                             invokeRestart(restart)
[13:36:24.716]                             muffled <- TRUE
[13:36:24.716]                             break
[13:36:24.716]                           }
[13:36:24.716]                         }
[13:36:24.716]                       }
[13:36:24.716]                       invisible(muffled)
[13:36:24.716]                     }
[13:36:24.716]                     muffleCondition(cond, pattern = "^muffle")
[13:36:24.716]                   }
[13:36:24.716]                 }
[13:36:24.716]             }
[13:36:24.716]         }))
[13:36:24.716]     }, error = function(ex) {
[13:36:24.716]         base::structure(base::list(value = NULL, visible = NULL, 
[13:36:24.716]             conditions = ...future.conditions, rng = !identical(base::globalenv()$.Random.seed, 
[13:36:24.716]                 ...future.rng), started = ...future.startTime, 
[13:36:24.716]             finished = Sys.time(), session_uuid = NA_character_, 
[13:36:24.716]             version = "1.8"), class = "FutureResult")
[13:36:24.716]     }, finally = {
[13:36:24.716]         if (!identical(...future.workdir, getwd())) 
[13:36:24.716]             setwd(...future.workdir)
[13:36:24.716]         {
[13:36:24.716]             if (identical(getOption("nwarnings"), ...future.oldOptions$nwarnings)) {
[13:36:24.716]                 ...future.oldOptions$nwarnings <- NULL
[13:36:24.716]             }
[13:36:24.716]             base::options(...future.oldOptions)
[13:36:24.716]             if (.Platform$OS.type == "windows") {
[13:36:24.716]                 old_names <- names(...future.oldEnvVars)
[13:36:24.716]                 envs <- base::Sys.getenv()
[13:36:24.716]                 names <- names(envs)
[13:36:24.716]                 common <- intersect(names, old_names)
[13:36:24.716]                 added <- setdiff(names, old_names)
[13:36:24.716]                 removed <- setdiff(old_names, names)
[13:36:24.716]                 changed <- common[...future.oldEnvVars[common] != 
[13:36:24.716]                   envs[common]]
[13:36:24.716]                 NAMES <- toupper(changed)
[13:36:24.716]                 args <- list()
[13:36:24.716]                 for (kk in seq_along(NAMES)) {
[13:36:24.716]                   name <- changed[[kk]]
[13:36:24.716]                   NAME <- NAMES[[kk]]
[13:36:24.716]                   if (name != NAME && is.element(NAME, old_names)) 
[13:36:24.716]                     next
[13:36:24.716]                   args[[name]] <- ...future.oldEnvVars[[name]]
[13:36:24.716]                 }
[13:36:24.716]                 NAMES <- toupper(added)
[13:36:24.716]                 for (kk in seq_along(NAMES)) {
[13:36:24.716]                   name <- added[[kk]]
[13:36:24.716]                   NAME <- NAMES[[kk]]
[13:36:24.716]                   if (name != NAME && is.element(NAME, old_names)) 
[13:36:24.716]                     next
[13:36:24.716]                   args[[name]] <- ""
[13:36:24.716]                 }
[13:36:24.716]                 NAMES <- toupper(removed)
[13:36:24.716]                 for (kk in seq_along(NAMES)) {
[13:36:24.716]                   name <- removed[[kk]]
[13:36:24.716]                   NAME <- NAMES[[kk]]
[13:36:24.716]                   if (name != NAME && is.element(NAME, old_names)) 
[13:36:24.716]                     next
[13:36:24.716]                   args[[name]] <- ...future.oldEnvVars[[name]]
[13:36:24.716]                 }
[13:36:24.716]                 if (length(args) > 0) 
[13:36:24.716]                   base::do.call(base::Sys.setenv, args = args)
[13:36:24.716]                 args <- names <- old_names <- NAMES <- envs <- common <- added <- removed <- NULL
[13:36:24.716]             }
[13:36:24.716]             else {
[13:36:24.716]                 base::do.call(base::Sys.setenv, args = base::as.list(...future.oldEnvVars))
[13:36:24.716]             }
[13:36:24.716]             {
[13:36:24.716]                 if (base::length(...future.futureOptionsAdded) > 
[13:36:24.716]                   0L) {
[13:36:24.716]                   opts <- base::vector("list", length = base::length(...future.futureOptionsAdded))
[13:36:24.716]                   base::names(opts) <- ...future.futureOptionsAdded
[13:36:24.716]                   base::options(opts)
[13:36:24.716]                 }
[13:36:24.716]                 {
[13:36:24.716]                   {
[13:36:24.716]                     NULL
[13:36:24.716]                     RNGkind("Mersenne-Twister")
[13:36:24.716]                     base::rm(list = ".Random.seed", envir = base::globalenv(), 
[13:36:24.716]                       inherits = FALSE)
[13:36:24.716]                   }
[13:36:24.716]                   options(future.plan = NULL)
[13:36:24.716]                   if (is.na(NA_character_)) 
[13:36:24.716]                     Sys.unsetenv("R_FUTURE_PLAN")
[13:36:24.716]                   else Sys.setenv(R_FUTURE_PLAN = NA_character_)
[13:36:24.716]                   future::plan(...future.strategy.old, .cleanup = FALSE, 
[13:36:24.716]                     .init = FALSE)
[13:36:24.716]                 }
[13:36:24.716]             }
[13:36:24.716]         }
[13:36:24.716]     })
[13:36:24.716]     if (TRUE) {
[13:36:24.716]         base::sink(type = "output", split = FALSE)
[13:36:24.716]         if (TRUE) {
[13:36:24.716]             ...future.result$stdout <- base::rawToChar(base::rawConnectionValue(...future.stdout))
[13:36:24.716]         }
[13:36:24.716]         else {
[13:36:24.716]             ...future.result["stdout"] <- base::list(NULL)
[13:36:24.716]         }
[13:36:24.716]         base::close(...future.stdout)
[13:36:24.716]         ...future.stdout <- NULL
[13:36:24.716]     }
[13:36:24.716]     ...future.result$conditions <- ...future.conditions
[13:36:24.716]     ...future.result$finished <- base::Sys.time()
[13:36:24.716]     ...future.result
[13:36:24.716] }
[13:36:24.718] plan(): Setting new future strategy stack:
[13:36:24.718] List of future strategies:
[13:36:24.718] 1. sequential:
[13:36:24.718]    - args: function (..., envir = parent.frame())
[13:36:24.718]    - tweaked: FALSE
[13:36:24.718]    - call: NULL
[13:36:24.718] plan(): nbrOfWorkers() = 1
[13:36:24.719] plan(): Setting new future strategy stack:
[13:36:24.719] List of future strategies:
[13:36:24.719] 1. sequential:
[13:36:24.719]    - args: function (..., envir = parent.frame())
[13:36:24.719]    - tweaked: FALSE
[13:36:24.719]    - call: future::plan("sequential")
[13:36:24.720] plan(): nbrOfWorkers() = 1
[13:36:24.720] SequentialFuture started (and completed)
[13:36:24.720] - Launch lazy future ... done
[13:36:24.720] run() for ‘SequentialFuture’ ... done
> str(y)
List of 1
 $ B: logi TRUE
> stopifnot(length(y) == 1)
> stopifnot(identical(names(y), "B"))
> 
> 
> message("*** %<-% to environment: Potential task name clashes")
*** %<-% to environment: Potential task name clashes
> u <- new.env()
> u$a %<-% { 1 } %lazy% TRUE
[13:36:24.724] getGlobalsAndPackages() ...
[13:36:24.724] Searching for globals...
[13:36:24.724] - globals found: [1] ‘{’
[13:36:24.725] Searching for globals ... DONE
[13:36:24.725] Resolving globals: FALSE
[13:36:24.725] 
[13:36:24.725] 
[13:36:24.725] getGlobalsAndPackages() ... DONE
> stopifnot(length(u) == 2)
> stopifnot("a" %in% names(u))
> fu <- futureOf(u$a)
> 
> v <- new.env()
> v$a %<-% { 2 } %lazy% TRUE
[13:36:24.726] getGlobalsAndPackages() ...
[13:36:24.726] Searching for globals...
[13:36:24.726] - globals found: [1] ‘{’
[13:36:24.727] Searching for globals ... DONE
[13:36:24.727] Resolving globals: FALSE
[13:36:24.727] 
[13:36:24.727] 
[13:36:24.727] getGlobalsAndPackages() ... DONE
> stopifnot(length(v) == 2)
> stopifnot("a" %in% names(v))
> fv <- futureOf(v$a)
> stopifnot(!identical(fu, fv))
> 
> fu <- futureOf(u$a)
> stopifnot(!identical(fu, fv))
> 
> stopifnot(identical(u$a, 1))
[13:36:24.728] run() for ‘Future’ ...
[13:36:24.728] - state: ‘created’
[13:36:24.728] - Future backend: ‘FutureStrategy’, ‘sequential’, ‘uniprocess’, ‘future’, ‘function’
[13:36:24.728] - Future class: ‘SequentialFuture’, ‘UniprocessFuture’, ‘Future’, ‘environment’
[13:36:24.728] - Copy elements of temporary ‘SequentialFuture’ to final ‘Future’ object ...
[13:36:24.728]   - Field: ‘label’
[13:36:24.729]   - Field: ‘local’
[13:36:24.729]   - Field: ‘owner’
[13:36:24.729]   - Field: ‘envir’
[13:36:24.729]   - Field: ‘packages’
[13:36:24.729]   - Field: ‘gc’
[13:36:24.729]   - Field: ‘conditions’
[13:36:24.729]   - Field: ‘expr’
[13:36:24.729]   - Field: ‘uuid’
[13:36:24.729]   - Field: ‘seed’
[13:36:24.729]   - Field: ‘version’
[13:36:24.729]   - Field: ‘result’
[13:36:24.730]   - Field: ‘asynchronous’
[13:36:24.730]   - Field: ‘calls’
[13:36:24.730]   - Field: ‘globals’
[13:36:24.730]   - Field: ‘stdout’
[13:36:24.730]   - Field: ‘earlySignal’
[13:36:24.730]   - Field: ‘lazy’
[13:36:24.730]   - Field: ‘state’
[13:36:24.730] - Copy elements of temporary ‘SequentialFuture’ to final ‘Future’ object ... done
[13:36:24.730] - Launch lazy future ...
[13:36:24.730] Packages needed by the future expression (n = 0): <none>
[13:36:24.731] Packages needed by future strategies (n = 0): <none>
[13:36:24.731] {
[13:36:24.731]     {
[13:36:24.731]         {
[13:36:24.731]             ...future.startTime <- base::Sys.time()
[13:36:24.731]             {
[13:36:24.731]                 {
[13:36:24.731]                   {
[13:36:24.731]                     base::local({
[13:36:24.731]                       has_future <- base::requireNamespace("future", 
[13:36:24.731]                         quietly = TRUE)
[13:36:24.731]                       if (has_future) {
[13:36:24.731]                         ns <- base::getNamespace("future")
[13:36:24.731]                         version <- ns[[".package"]][["version"]]
[13:36:24.731]                         if (is.null(version)) 
[13:36:24.731]                           version <- utils::packageVersion("future")
[13:36:24.731]                       }
[13:36:24.731]                       else {
[13:36:24.731]                         version <- NULL
[13:36:24.731]                       }
[13:36:24.731]                       if (!has_future || version < "1.8.0") {
[13:36:24.731]                         info <- base::c(r_version = base::gsub("R version ", 
[13:36:24.731]                           "", base::R.version$version.string), 
[13:36:24.731]                           platform = base::sprintf("%s (%s-bit)", 
[13:36:24.731]                             base::R.version$platform, 8 * base::.Machine$sizeof.pointer), 
[13:36:24.731]                           os = base::paste(base::Sys.info()[base::c("sysname", 
[13:36:24.731]                             "release", "version")], collapse = " "), 
[13:36:24.731]                           hostname = base::Sys.info()[["nodename"]])
[13:36:24.731]                         info <- base::sprintf("%s: %s", base::names(info), 
[13:36:24.731]                           info)
[13:36:24.731]                         info <- base::paste(info, collapse = "; ")
[13:36:24.731]                         if (!has_future) {
[13:36:24.731]                           msg <- base::sprintf("Package 'future' is not installed on worker (%s)", 
[13:36:24.731]                             info)
[13:36:24.731]                         }
[13:36:24.731]                         else {
[13:36:24.731]                           msg <- base::sprintf("Package 'future' on worker (%s) must be of version >= 1.8.0: %s", 
[13:36:24.731]                             info, version)
[13:36:24.731]                         }
[13:36:24.731]                         base::stop(msg)
[13:36:24.731]                       }
[13:36:24.731]                     })
[13:36:24.731]                   }
[13:36:24.731]                   ...future.strategy.old <- future::plan("list")
[13:36:24.731]                   options(future.plan = NULL)
[13:36:24.731]                   Sys.unsetenv("R_FUTURE_PLAN")
[13:36:24.731]                   future::plan("default", .cleanup = FALSE, .init = FALSE)
[13:36:24.731]                 }
[13:36:24.731]                 ...future.workdir <- getwd()
[13:36:24.731]             }
[13:36:24.731]             ...future.oldOptions <- base::as.list(base::.Options)
[13:36:24.731]             ...future.oldEnvVars <- base::Sys.getenv()
[13:36:24.731]         }
[13:36:24.731]         base::options(future.startup.script = FALSE, future.globals.onMissing = NULL, 
[13:36:24.731]             future.globals.maxSize = NULL, future.globals.method = NULL, 
[13:36:24.731]             future.globals.onMissing = NULL, future.globals.onReference = NULL, 
[13:36:24.731]             future.globals.resolve = NULL, future.resolve.recursive = NULL, 
[13:36:24.731]             future.rng.onMisuse = NULL, future.rng.onMisuse.keepFuture = NULL, 
[13:36:24.731]             future.stdout.windows.reencode = NULL, width = 80L)
[13:36:24.731]         ...future.futureOptionsAdded <- base::setdiff(base::names(base::.Options), 
[13:36:24.731]             base::names(...future.oldOptions))
[13:36:24.731]     }
[13:36:24.731]     if (FALSE) {
[13:36:24.731]     }
[13:36:24.731]     else {
[13:36:24.731]         if (TRUE) {
[13:36:24.731]             ...future.stdout <- base::rawConnection(base::raw(0L), 
[13:36:24.731]                 open = "w")
[13:36:24.731]         }
[13:36:24.731]         else {
[13:36:24.731]             ...future.stdout <- base::file(base::switch(.Platform$OS.type, 
[13:36:24.731]                 windows = "NUL", "/dev/null"), open = "w")
[13:36:24.731]         }
[13:36:24.731]         base::sink(...future.stdout, type = "output", split = FALSE)
[13:36:24.731]         base::on.exit(if (!base::is.null(...future.stdout)) {
[13:36:24.731]             base::sink(type = "output", split = FALSE)
[13:36:24.731]             base::close(...future.stdout)
[13:36:24.731]         }, add = TRUE)
[13:36:24.731]     }
[13:36:24.731]     ...future.frame <- base::sys.nframe()
[13:36:24.731]     ...future.conditions <- base::list()
[13:36:24.731]     ...future.rng <- base::globalenv()$.Random.seed
[13:36:24.731]     if (FALSE) {
[13:36:24.731]         ...future.globalenv.names <- c(base::names(base::.GlobalEnv), 
[13:36:24.731]             "...future.value", "...future.globalenv.names", ".Random.seed")
[13:36:24.731]     }
[13:36:24.731]     ...future.result <- base::tryCatch({
[13:36:24.731]         base::withCallingHandlers({
[13:36:24.731]             ...future.value <- base::withVisible(base::local({
[13:36:24.731]                 1
[13:36:24.731]             }))
[13:36:24.731]             future::FutureResult(value = ...future.value$value, 
[13:36:24.731]                 visible = ...future.value$visible, rng = !identical(base::globalenv()$.Random.seed, 
[13:36:24.731]                   ...future.rng), globalenv = if (FALSE) 
[13:36:24.731]                   list(added = base::setdiff(base::names(base::.GlobalEnv), 
[13:36:24.731]                     ...future.globalenv.names))
[13:36:24.731]                 else NULL, started = ...future.startTime, version = "1.8")
[13:36:24.731]         }, condition = base::local({
[13:36:24.731]             c <- base::c
[13:36:24.731]             inherits <- base::inherits
[13:36:24.731]             invokeRestart <- base::invokeRestart
[13:36:24.731]             length <- base::length
[13:36:24.731]             list <- base::list
[13:36:24.731]             seq.int <- base::seq.int
[13:36:24.731]             signalCondition <- base::signalCondition
[13:36:24.731]             sys.calls <- base::sys.calls
[13:36:24.731]             `[[` <- base::`[[`
[13:36:24.731]             `+` <- base::`+`
[13:36:24.731]             `<<-` <- base::`<<-`
[13:36:24.731]             sysCalls <- function(calls = sys.calls(), from = 1L) {
[13:36:24.731]                 calls[seq.int(from = from + 12L, to = length(calls) - 
[13:36:24.731]                   3L)]
[13:36:24.731]             }
[13:36:24.731]             function(cond) {
[13:36:24.731]                 is_error <- inherits(cond, "error")
[13:36:24.731]                 ignore <- !is_error && !is.null(NULL) && inherits(cond, 
[13:36:24.731]                   NULL)
[13:36:24.731]                 if (is_error) {
[13:36:24.731]                   sessionInformation <- function() {
[13:36:24.731]                     list(r = base::R.Version(), locale = base::Sys.getlocale(), 
[13:36:24.731]                       rngkind = base::RNGkind(), namespaces = base::loadedNamespaces(), 
[13:36:24.731]                       search = base::search(), system = base::Sys.info())
[13:36:24.731]                   }
[13:36:24.731]                   ...future.conditions[[length(...future.conditions) + 
[13:36:24.731]                     1L]] <<- list(condition = cond, calls = c(sysCalls(from = ...future.frame), 
[13:36:24.731]                     cond$call), session = sessionInformation(), 
[13:36:24.731]                     timestamp = base::Sys.time(), signaled = 0L)
[13:36:24.731]                   signalCondition(cond)
[13:36:24.731]                 }
[13:36:24.731]                 else if (!ignore && TRUE && inherits(cond, c("condition", 
[13:36:24.731]                 "immediateCondition"))) {
[13:36:24.731]                   signal <- TRUE && inherits(cond, "immediateCondition")
[13:36:24.731]                   ...future.conditions[[length(...future.conditions) + 
[13:36:24.731]                     1L]] <<- list(condition = cond, signaled = base::as.integer(signal))
[13:36:24.731]                   if (TRUE && !signal) {
[13:36:24.731]                     muffleCondition <- function (cond, pattern = "^muffle") 
[13:36:24.731]                     {
[13:36:24.731]                       inherits <- base::inherits
[13:36:24.731]                       invokeRestart <- base::invokeRestart
[13:36:24.731]                       is.null <- base::is.null
[13:36:24.731]                       muffled <- FALSE
[13:36:24.731]                       if (inherits(cond, "message")) {
[13:36:24.731]                         muffled <- grepl(pattern, "muffleMessage")
[13:36:24.731]                         if (muffled) 
[13:36:24.731]                           invokeRestart("muffleMessage")
[13:36:24.731]                       }
[13:36:24.731]                       else if (inherits(cond, "warning")) {
[13:36:24.731]                         muffled <- grepl(pattern, "muffleWarning")
[13:36:24.731]                         if (muffled) 
[13:36:24.731]                           invokeRestart("muffleWarning")
[13:36:24.731]                       }
[13:36:24.731]                       else if (inherits(cond, "condition")) {
[13:36:24.731]                         if (!is.null(pattern)) {
[13:36:24.731]                           computeRestarts <- base::computeRestarts
[13:36:24.731]                           grepl <- base::grepl
[13:36:24.731]                           restarts <- computeRestarts(cond)
[13:36:24.731]                           for (restart in restarts) {
[13:36:24.731]                             name <- restart$name
[13:36:24.731]                             if (is.null(name)) 
[13:36:24.731]                               next
[13:36:24.731]                             if (!grepl(pattern, name)) 
[13:36:24.731]                               next
[13:36:24.731]                             invokeRestart(restart)
[13:36:24.731]                             muffled <- TRUE
[13:36:24.731]                             break
[13:36:24.731]                           }
[13:36:24.731]                         }
[13:36:24.731]                       }
[13:36:24.731]                       invisible(muffled)
[13:36:24.731]                     }
[13:36:24.731]                     muffleCondition(cond, pattern = "^muffle")
[13:36:24.731]                   }
[13:36:24.731]                 }
[13:36:24.731]                 else {
[13:36:24.731]                   if (TRUE) {
[13:36:24.731]                     muffleCondition <- function (cond, pattern = "^muffle") 
[13:36:24.731]                     {
[13:36:24.731]                       inherits <- base::inherits
[13:36:24.731]                       invokeRestart <- base::invokeRestart
[13:36:24.731]                       is.null <- base::is.null
[13:36:24.731]                       muffled <- FALSE
[13:36:24.731]                       if (inherits(cond, "message")) {
[13:36:24.731]                         muffled <- grepl(pattern, "muffleMessage")
[13:36:24.731]                         if (muffled) 
[13:36:24.731]                           invokeRestart("muffleMessage")
[13:36:24.731]                       }
[13:36:24.731]                       else if (inherits(cond, "warning")) {
[13:36:24.731]                         muffled <- grepl(pattern, "muffleWarning")
[13:36:24.731]                         if (muffled) 
[13:36:24.731]                           invokeRestart("muffleWarning")
[13:36:24.731]                       }
[13:36:24.731]                       else if (inherits(cond, "condition")) {
[13:36:24.731]                         if (!is.null(pattern)) {
[13:36:24.731]                           computeRestarts <- base::computeRestarts
[13:36:24.731]                           grepl <- base::grepl
[13:36:24.731]                           restarts <- computeRestarts(cond)
[13:36:24.731]                           for (restart in restarts) {
[13:36:24.731]                             name <- restart$name
[13:36:24.731]                             if (is.null(name)) 
[13:36:24.731]                               next
[13:36:24.731]                             if (!grepl(pattern, name)) 
[13:36:24.731]                               next
[13:36:24.731]                             invokeRestart(restart)
[13:36:24.731]                             muffled <- TRUE
[13:36:24.731]                             break
[13:36:24.731]                           }
[13:36:24.731]                         }
[13:36:24.731]                       }
[13:36:24.731]                       invisible(muffled)
[13:36:24.731]                     }
[13:36:24.731]                     muffleCondition(cond, pattern = "^muffle")
[13:36:24.731]                   }
[13:36:24.731]                 }
[13:36:24.731]             }
[13:36:24.731]         }))
[13:36:24.731]     }, error = function(ex) {
[13:36:24.731]         base::structure(base::list(value = NULL, visible = NULL, 
[13:36:24.731]             conditions = ...future.conditions, rng = !identical(base::globalenv()$.Random.seed, 
[13:36:24.731]                 ...future.rng), started = ...future.startTime, 
[13:36:24.731]             finished = Sys.time(), session_uuid = NA_character_, 
[13:36:24.731]             version = "1.8"), class = "FutureResult")
[13:36:24.731]     }, finally = {
[13:36:24.731]         if (!identical(...future.workdir, getwd())) 
[13:36:24.731]             setwd(...future.workdir)
[13:36:24.731]         {
[13:36:24.731]             if (identical(getOption("nwarnings"), ...future.oldOptions$nwarnings)) {
[13:36:24.731]                 ...future.oldOptions$nwarnings <- NULL
[13:36:24.731]             }
[13:36:24.731]             base::options(...future.oldOptions)
[13:36:24.731]             if (.Platform$OS.type == "windows") {
[13:36:24.731]                 old_names <- names(...future.oldEnvVars)
[13:36:24.731]                 envs <- base::Sys.getenv()
[13:36:24.731]                 names <- names(envs)
[13:36:24.731]                 common <- intersect(names, old_names)
[13:36:24.731]                 added <- setdiff(names, old_names)
[13:36:24.731]                 removed <- setdiff(old_names, names)
[13:36:24.731]                 changed <- common[...future.oldEnvVars[common] != 
[13:36:24.731]                   envs[common]]
[13:36:24.731]                 NAMES <- toupper(changed)
[13:36:24.731]                 args <- list()
[13:36:24.731]                 for (kk in seq_along(NAMES)) {
[13:36:24.731]                   name <- changed[[kk]]
[13:36:24.731]                   NAME <- NAMES[[kk]]
[13:36:24.731]                   if (name != NAME && is.element(NAME, old_names)) 
[13:36:24.731]                     next
[13:36:24.731]                   args[[name]] <- ...future.oldEnvVars[[name]]
[13:36:24.731]                 }
[13:36:24.731]                 NAMES <- toupper(added)
[13:36:24.731]                 for (kk in seq_along(NAMES)) {
[13:36:24.731]                   name <- added[[kk]]
[13:36:24.731]                   NAME <- NAMES[[kk]]
[13:36:24.731]                   if (name != NAME && is.element(NAME, old_names)) 
[13:36:24.731]                     next
[13:36:24.731]                   args[[name]] <- ""
[13:36:24.731]                 }
[13:36:24.731]                 NAMES <- toupper(removed)
[13:36:24.731]                 for (kk in seq_along(NAMES)) {
[13:36:24.731]                   name <- removed[[kk]]
[13:36:24.731]                   NAME <- NAMES[[kk]]
[13:36:24.731]                   if (name != NAME && is.element(NAME, old_names)) 
[13:36:24.731]                     next
[13:36:24.731]                   args[[name]] <- ...future.oldEnvVars[[name]]
[13:36:24.731]                 }
[13:36:24.731]                 if (length(args) > 0) 
[13:36:24.731]                   base::do.call(base::Sys.setenv, args = args)
[13:36:24.731]                 args <- names <- old_names <- NAMES <- envs <- common <- added <- removed <- NULL
[13:36:24.731]             }
[13:36:24.731]             else {
[13:36:24.731]                 base::do.call(base::Sys.setenv, args = base::as.list(...future.oldEnvVars))
[13:36:24.731]             }
[13:36:24.731]             {
[13:36:24.731]                 if (base::length(...future.futureOptionsAdded) > 
[13:36:24.731]                   0L) {
[13:36:24.731]                   opts <- base::vector("list", length = base::length(...future.futureOptionsAdded))
[13:36:24.731]                   base::names(opts) <- ...future.futureOptionsAdded
[13:36:24.731]                   base::options(opts)
[13:36:24.731]                 }
[13:36:24.731]                 {
[13:36:24.731]                   {
[13:36:24.731]                     NULL
[13:36:24.731]                     RNGkind("Mersenne-Twister")
[13:36:24.731]                     base::rm(list = ".Random.seed", envir = base::globalenv(), 
[13:36:24.731]                       inherits = FALSE)
[13:36:24.731]                   }
[13:36:24.731]                   options(future.plan = NULL)
[13:36:24.731]                   if (is.na(NA_character_)) 
[13:36:24.731]                     Sys.unsetenv("R_FUTURE_PLAN")
[13:36:24.731]                   else Sys.setenv(R_FUTURE_PLAN = NA_character_)
[13:36:24.731]                   future::plan(...future.strategy.old, .cleanup = FALSE, 
[13:36:24.731]                     .init = FALSE)
[13:36:24.731]                 }
[13:36:24.731]             }
[13:36:24.731]         }
[13:36:24.731]     })
[13:36:24.731]     if (TRUE) {
[13:36:24.731]         base::sink(type = "output", split = FALSE)
[13:36:24.731]         if (TRUE) {
[13:36:24.731]             ...future.result$stdout <- base::rawToChar(base::rawConnectionValue(...future.stdout))
[13:36:24.731]         }
[13:36:24.731]         else {
[13:36:24.731]             ...future.result["stdout"] <- base::list(NULL)
[13:36:24.731]         }
[13:36:24.731]         base::close(...future.stdout)
[13:36:24.731]         ...future.stdout <- NULL
[13:36:24.731]     }
[13:36:24.731]     ...future.result$conditions <- ...future.conditions
[13:36:24.731]     ...future.result$finished <- base::Sys.time()
[13:36:24.731]     ...future.result
[13:36:24.731] }
[13:36:24.733] plan(): Setting new future strategy stack:
[13:36:24.733] List of future strategies:
[13:36:24.733] 1. sequential:
[13:36:24.733]    - args: function (..., envir = parent.frame())
[13:36:24.733]    - tweaked: FALSE
[13:36:24.733]    - call: NULL
[13:36:24.733] plan(): nbrOfWorkers() = 1
[13:36:24.734] plan(): Setting new future strategy stack:
[13:36:24.734] List of future strategies:
[13:36:24.734] 1. sequential:
[13:36:24.734]    - args: function (..., envir = parent.frame())
[13:36:24.734]    - tweaked: FALSE
[13:36:24.734]    - call: future::plan("sequential")
[13:36:24.734] plan(): nbrOfWorkers() = 1
[13:36:24.735] SequentialFuture started (and completed)
[13:36:24.735] - Launch lazy future ... done
[13:36:24.735] run() for ‘SequentialFuture’ ... done
> stopifnot(identical(v$a, 2))
[13:36:24.735] run() for ‘Future’ ...
[13:36:24.735] - state: ‘created’
[13:36:24.735] - Future backend: ‘FutureStrategy’, ‘sequential’, ‘uniprocess’, ‘future’, ‘function’
[13:36:24.736] - Future class: ‘SequentialFuture’, ‘UniprocessFuture’, ‘Future’, ‘environment’
[13:36:24.736] - Copy elements of temporary ‘SequentialFuture’ to final ‘Future’ object ...
[13:36:24.736]   - Field: ‘label’
[13:36:24.736]   - Field: ‘local’
[13:36:24.736]   - Field: ‘owner’
[13:36:24.736]   - Field: ‘envir’
[13:36:24.736]   - Field: ‘packages’
[13:36:24.736]   - Field: ‘gc’
[13:36:24.736]   - Field: ‘conditions’
[13:36:24.736]   - Field: ‘expr’
[13:36:24.737]   - Field: ‘uuid’
[13:36:24.737]   - Field: ‘seed’
[13:36:24.737]   - Field: ‘version’
[13:36:24.737]   - Field: ‘result’
[13:36:24.737]   - Field: ‘asynchronous’
[13:36:24.737]   - Field: ‘calls’
[13:36:24.737]   - Field: ‘globals’
[13:36:24.737]   - Field: ‘stdout’
[13:36:24.737]   - Field: ‘earlySignal’
[13:36:24.737]   - Field: ‘lazy’
[13:36:24.737]   - Field: ‘state’
[13:36:24.738] - Copy elements of temporary ‘SequentialFuture’ to final ‘Future’ object ... done
[13:36:24.738] - Launch lazy future ...
[13:36:24.738] Packages needed by the future expression (n = 0): <none>
[13:36:24.738] Packages needed by future strategies (n = 0): <none>
[13:36:24.738] {
[13:36:24.738]     {
[13:36:24.738]         {
[13:36:24.738]             ...future.startTime <- base::Sys.time()
[13:36:24.738]             {
[13:36:24.738]                 {
[13:36:24.738]                   {
[13:36:24.738]                     base::local({
[13:36:24.738]                       has_future <- base::requireNamespace("future", 
[13:36:24.738]                         quietly = TRUE)
[13:36:24.738]                       if (has_future) {
[13:36:24.738]                         ns <- base::getNamespace("future")
[13:36:24.738]                         version <- ns[[".package"]][["version"]]
[13:36:24.738]                         if (is.null(version)) 
[13:36:24.738]                           version <- utils::packageVersion("future")
[13:36:24.738]                       }
[13:36:24.738]                       else {
[13:36:24.738]                         version <- NULL
[13:36:24.738]                       }
[13:36:24.738]                       if (!has_future || version < "1.8.0") {
[13:36:24.738]                         info <- base::c(r_version = base::gsub("R version ", 
[13:36:24.738]                           "", base::R.version$version.string), 
[13:36:24.738]                           platform = base::sprintf("%s (%s-bit)", 
[13:36:24.738]                             base::R.version$platform, 8 * base::.Machine$sizeof.pointer), 
[13:36:24.738]                           os = base::paste(base::Sys.info()[base::c("sysname", 
[13:36:24.738]                             "release", "version")], collapse = " "), 
[13:36:24.738]                           hostname = base::Sys.info()[["nodename"]])
[13:36:24.738]                         info <- base::sprintf("%s: %s", base::names(info), 
[13:36:24.738]                           info)
[13:36:24.738]                         info <- base::paste(info, collapse = "; ")
[13:36:24.738]                         if (!has_future) {
[13:36:24.738]                           msg <- base::sprintf("Package 'future' is not installed on worker (%s)", 
[13:36:24.738]                             info)
[13:36:24.738]                         }
[13:36:24.738]                         else {
[13:36:24.738]                           msg <- base::sprintf("Package 'future' on worker (%s) must be of version >= 1.8.0: %s", 
[13:36:24.738]                             info, version)
[13:36:24.738]                         }
[13:36:24.738]                         base::stop(msg)
[13:36:24.738]                       }
[13:36:24.738]                     })
[13:36:24.738]                   }
[13:36:24.738]                   ...future.strategy.old <- future::plan("list")
[13:36:24.738]                   options(future.plan = NULL)
[13:36:24.738]                   Sys.unsetenv("R_FUTURE_PLAN")
[13:36:24.738]                   future::plan("default", .cleanup = FALSE, .init = FALSE)
[13:36:24.738]                 }
[13:36:24.738]                 ...future.workdir <- getwd()
[13:36:24.738]             }
[13:36:24.738]             ...future.oldOptions <- base::as.list(base::.Options)
[13:36:24.738]             ...future.oldEnvVars <- base::Sys.getenv()
[13:36:24.738]         }
[13:36:24.738]         base::options(future.startup.script = FALSE, future.globals.onMissing = NULL, 
[13:36:24.738]             future.globals.maxSize = NULL, future.globals.method = NULL, 
[13:36:24.738]             future.globals.onMissing = NULL, future.globals.onReference = NULL, 
[13:36:24.738]             future.globals.resolve = NULL, future.resolve.recursive = NULL, 
[13:36:24.738]             future.rng.onMisuse = NULL, future.rng.onMisuse.keepFuture = NULL, 
[13:36:24.738]             future.stdout.windows.reencode = NULL, width = 80L)
[13:36:24.738]         ...future.futureOptionsAdded <- base::setdiff(base::names(base::.Options), 
[13:36:24.738]             base::names(...future.oldOptions))
[13:36:24.738]     }
[13:36:24.738]     if (FALSE) {
[13:36:24.738]     }
[13:36:24.738]     else {
[13:36:24.738]         if (TRUE) {
[13:36:24.738]             ...future.stdout <- base::rawConnection(base::raw(0L), 
[13:36:24.738]                 open = "w")
[13:36:24.738]         }
[13:36:24.738]         else {
[13:36:24.738]             ...future.stdout <- base::file(base::switch(.Platform$OS.type, 
[13:36:24.738]                 windows = "NUL", "/dev/null"), open = "w")
[13:36:24.738]         }
[13:36:24.738]         base::sink(...future.stdout, type = "output", split = FALSE)
[13:36:24.738]         base::on.exit(if (!base::is.null(...future.stdout)) {
[13:36:24.738]             base::sink(type = "output", split = FALSE)
[13:36:24.738]             base::close(...future.stdout)
[13:36:24.738]         }, add = TRUE)
[13:36:24.738]     }
[13:36:24.738]     ...future.frame <- base::sys.nframe()
[13:36:24.738]     ...future.conditions <- base::list()
[13:36:24.738]     ...future.rng <- base::globalenv()$.Random.seed
[13:36:24.738]     if (FALSE) {
[13:36:24.738]         ...future.globalenv.names <- c(base::names(base::.GlobalEnv), 
[13:36:24.738]             "...future.value", "...future.globalenv.names", ".Random.seed")
[13:36:24.738]     }
[13:36:24.738]     ...future.result <- base::tryCatch({
[13:36:24.738]         base::withCallingHandlers({
[13:36:24.738]             ...future.value <- base::withVisible(base::local({
[13:36:24.738]                 2
[13:36:24.738]             }))
[13:36:24.738]             future::FutureResult(value = ...future.value$value, 
[13:36:24.738]                 visible = ...future.value$visible, rng = !identical(base::globalenv()$.Random.seed, 
[13:36:24.738]                   ...future.rng), globalenv = if (FALSE) 
[13:36:24.738]                   list(added = base::setdiff(base::names(base::.GlobalEnv), 
[13:36:24.738]                     ...future.globalenv.names))
[13:36:24.738]                 else NULL, started = ...future.startTime, version = "1.8")
[13:36:24.738]         }, condition = base::local({
[13:36:24.738]             c <- base::c
[13:36:24.738]             inherits <- base::inherits
[13:36:24.738]             invokeRestart <- base::invokeRestart
[13:36:24.738]             length <- base::length
[13:36:24.738]             list <- base::list
[13:36:24.738]             seq.int <- base::seq.int
[13:36:24.738]             signalCondition <- base::signalCondition
[13:36:24.738]             sys.calls <- base::sys.calls
[13:36:24.738]             `[[` <- base::`[[`
[13:36:24.738]             `+` <- base::`+`
[13:36:24.738]             `<<-` <- base::`<<-`
[13:36:24.738]             sysCalls <- function(calls = sys.calls(), from = 1L) {
[13:36:24.738]                 calls[seq.int(from = from + 12L, to = length(calls) - 
[13:36:24.738]                   3L)]
[13:36:24.738]             }
[13:36:24.738]             function(cond) {
[13:36:24.738]                 is_error <- inherits(cond, "error")
[13:36:24.738]                 ignore <- !is_error && !is.null(NULL) && inherits(cond, 
[13:36:24.738]                   NULL)
[13:36:24.738]                 if (is_error) {
[13:36:24.738]                   sessionInformation <- function() {
[13:36:24.738]                     list(r = base::R.Version(), locale = base::Sys.getlocale(), 
[13:36:24.738]                       rngkind = base::RNGkind(), namespaces = base::loadedNamespaces(), 
[13:36:24.738]                       search = base::search(), system = base::Sys.info())
[13:36:24.738]                   }
[13:36:24.738]                   ...future.conditions[[length(...future.conditions) + 
[13:36:24.738]                     1L]] <<- list(condition = cond, calls = c(sysCalls(from = ...future.frame), 
[13:36:24.738]                     cond$call), session = sessionInformation(), 
[13:36:24.738]                     timestamp = base::Sys.time(), signaled = 0L)
[13:36:24.738]                   signalCondition(cond)
[13:36:24.738]                 }
[13:36:24.738]                 else if (!ignore && TRUE && inherits(cond, c("condition", 
[13:36:24.738]                 "immediateCondition"))) {
[13:36:24.738]                   signal <- TRUE && inherits(cond, "immediateCondition")
[13:36:24.738]                   ...future.conditions[[length(...future.conditions) + 
[13:36:24.738]                     1L]] <<- list(condition = cond, signaled = base::as.integer(signal))
[13:36:24.738]                   if (TRUE && !signal) {
[13:36:24.738]                     muffleCondition <- function (cond, pattern = "^muffle") 
[13:36:24.738]                     {
[13:36:24.738]                       inherits <- base::inherits
[13:36:24.738]                       invokeRestart <- base::invokeRestart
[13:36:24.738]                       is.null <- base::is.null
[13:36:24.738]                       muffled <- FALSE
[13:36:24.738]                       if (inherits(cond, "message")) {
[13:36:24.738]                         muffled <- grepl(pattern, "muffleMessage")
[13:36:24.738]                         if (muffled) 
[13:36:24.738]                           invokeRestart("muffleMessage")
[13:36:24.738]                       }
[13:36:24.738]                       else if (inherits(cond, "warning")) {
[13:36:24.738]                         muffled <- grepl(pattern, "muffleWarning")
[13:36:24.738]                         if (muffled) 
[13:36:24.738]                           invokeRestart("muffleWarning")
[13:36:24.738]                       }
[13:36:24.738]                       else if (inherits(cond, "condition")) {
[13:36:24.738]                         if (!is.null(pattern)) {
[13:36:24.738]                           computeRestarts <- base::computeRestarts
[13:36:24.738]                           grepl <- base::grepl
[13:36:24.738]                           restarts <- computeRestarts(cond)
[13:36:24.738]                           for (restart in restarts) {
[13:36:24.738]                             name <- restart$name
[13:36:24.738]                             if (is.null(name)) 
[13:36:24.738]                               next
[13:36:24.738]                             if (!grepl(pattern, name)) 
[13:36:24.738]                               next
[13:36:24.738]                             invokeRestart(restart)
[13:36:24.738]                             muffled <- TRUE
[13:36:24.738]                             break
[13:36:24.738]                           }
[13:36:24.738]                         }
[13:36:24.738]                       }
[13:36:24.738]                       invisible(muffled)
[13:36:24.738]                     }
[13:36:24.738]                     muffleCondition(cond, pattern = "^muffle")
[13:36:24.738]                   }
[13:36:24.738]                 }
[13:36:24.738]                 else {
[13:36:24.738]                   if (TRUE) {
[13:36:24.738]                     muffleCondition <- function (cond, pattern = "^muffle") 
[13:36:24.738]                     {
[13:36:24.738]                       inherits <- base::inherits
[13:36:24.738]                       invokeRestart <- base::invokeRestart
[13:36:24.738]                       is.null <- base::is.null
[13:36:24.738]                       muffled <- FALSE
[13:36:24.738]                       if (inherits(cond, "message")) {
[13:36:24.738]                         muffled <- grepl(pattern, "muffleMessage")
[13:36:24.738]                         if (muffled) 
[13:36:24.738]                           invokeRestart("muffleMessage")
[13:36:24.738]                       }
[13:36:24.738]                       else if (inherits(cond, "warning")) {
[13:36:24.738]                         muffled <- grepl(pattern, "muffleWarning")
[13:36:24.738]                         if (muffled) 
[13:36:24.738]                           invokeRestart("muffleWarning")
[13:36:24.738]                       }
[13:36:24.738]                       else if (inherits(cond, "condition")) {
[13:36:24.738]                         if (!is.null(pattern)) {
[13:36:24.738]                           computeRestarts <- base::computeRestarts
[13:36:24.738]                           grepl <- base::grepl
[13:36:24.738]                           restarts <- computeRestarts(cond)
[13:36:24.738]                           for (restart in restarts) {
[13:36:24.738]                             name <- restart$name
[13:36:24.738]                             if (is.null(name)) 
[13:36:24.738]                               next
[13:36:24.738]                             if (!grepl(pattern, name)) 
[13:36:24.738]                               next
[13:36:24.738]                             invokeRestart(restart)
[13:36:24.738]                             muffled <- TRUE
[13:36:24.738]                             break
[13:36:24.738]                           }
[13:36:24.738]                         }
[13:36:24.738]                       }
[13:36:24.738]                       invisible(muffled)
[13:36:24.738]                     }
[13:36:24.738]                     muffleCondition(cond, pattern = "^muffle")
[13:36:24.738]                   }
[13:36:24.738]                 }
[13:36:24.738]             }
[13:36:24.738]         }))
[13:36:24.738]     }, error = function(ex) {
[13:36:24.738]         base::structure(base::list(value = NULL, visible = NULL, 
[13:36:24.738]             conditions = ...future.conditions, rng = !identical(base::globalenv()$.Random.seed, 
[13:36:24.738]                 ...future.rng), started = ...future.startTime, 
[13:36:24.738]             finished = Sys.time(), session_uuid = NA_character_, 
[13:36:24.738]             version = "1.8"), class = "FutureResult")
[13:36:24.738]     }, finally = {
[13:36:24.738]         if (!identical(...future.workdir, getwd())) 
[13:36:24.738]             setwd(...future.workdir)
[13:36:24.738]         {
[13:36:24.738]             if (identical(getOption("nwarnings"), ...future.oldOptions$nwarnings)) {
[13:36:24.738]                 ...future.oldOptions$nwarnings <- NULL
[13:36:24.738]             }
[13:36:24.738]             base::options(...future.oldOptions)
[13:36:24.738]             if (.Platform$OS.type == "windows") {
[13:36:24.738]                 old_names <- names(...future.oldEnvVars)
[13:36:24.738]                 envs <- base::Sys.getenv()
[13:36:24.738]                 names <- names(envs)
[13:36:24.738]                 common <- intersect(names, old_names)
[13:36:24.738]                 added <- setdiff(names, old_names)
[13:36:24.738]                 removed <- setdiff(old_names, names)
[13:36:24.738]                 changed <- common[...future.oldEnvVars[common] != 
[13:36:24.738]                   envs[common]]
[13:36:24.738]                 NAMES <- toupper(changed)
[13:36:24.738]                 args <- list()
[13:36:24.738]                 for (kk in seq_along(NAMES)) {
[13:36:24.738]                   name <- changed[[kk]]
[13:36:24.738]                   NAME <- NAMES[[kk]]
[13:36:24.738]                   if (name != NAME && is.element(NAME, old_names)) 
[13:36:24.738]                     next
[13:36:24.738]                   args[[name]] <- ...future.oldEnvVars[[name]]
[13:36:24.738]                 }
[13:36:24.738]                 NAMES <- toupper(added)
[13:36:24.738]                 for (kk in seq_along(NAMES)) {
[13:36:24.738]                   name <- added[[kk]]
[13:36:24.738]                   NAME <- NAMES[[kk]]
[13:36:24.738]                   if (name != NAME && is.element(NAME, old_names)) 
[13:36:24.738]                     next
[13:36:24.738]                   args[[name]] <- ""
[13:36:24.738]                 }
[13:36:24.738]                 NAMES <- toupper(removed)
[13:36:24.738]                 for (kk in seq_along(NAMES)) {
[13:36:24.738]                   name <- removed[[kk]]
[13:36:24.738]                   NAME <- NAMES[[kk]]
[13:36:24.738]                   if (name != NAME && is.element(NAME, old_names)) 
[13:36:24.738]                     next
[13:36:24.738]                   args[[name]] <- ...future.oldEnvVars[[name]]
[13:36:24.738]                 }
[13:36:24.738]                 if (length(args) > 0) 
[13:36:24.738]                   base::do.call(base::Sys.setenv, args = args)
[13:36:24.738]                 args <- names <- old_names <- NAMES <- envs <- common <- added <- removed <- NULL
[13:36:24.738]             }
[13:36:24.738]             else {
[13:36:24.738]                 base::do.call(base::Sys.setenv, args = base::as.list(...future.oldEnvVars))
[13:36:24.738]             }
[13:36:24.738]             {
[13:36:24.738]                 if (base::length(...future.futureOptionsAdded) > 
[13:36:24.738]                   0L) {
[13:36:24.738]                   opts <- base::vector("list", length = base::length(...future.futureOptionsAdded))
[13:36:24.738]                   base::names(opts) <- ...future.futureOptionsAdded
[13:36:24.738]                   base::options(opts)
[13:36:24.738]                 }
[13:36:24.738]                 {
[13:36:24.738]                   {
[13:36:24.738]                     NULL
[13:36:24.738]                     RNGkind("Mersenne-Twister")
[13:36:24.738]                     base::rm(list = ".Random.seed", envir = base::globalenv(), 
[13:36:24.738]                       inherits = FALSE)
[13:36:24.738]                   }
[13:36:24.738]                   options(future.plan = NULL)
[13:36:24.738]                   if (is.na(NA_character_)) 
[13:36:24.738]                     Sys.unsetenv("R_FUTURE_PLAN")
[13:36:24.738]                   else Sys.setenv(R_FUTURE_PLAN = NA_character_)
[13:36:24.738]                   future::plan(...future.strategy.old, .cleanup = FALSE, 
[13:36:24.738]                     .init = FALSE)
[13:36:24.738]                 }
[13:36:24.738]             }
[13:36:24.738]         }
[13:36:24.738]     })
[13:36:24.738]     if (TRUE) {
[13:36:24.738]         base::sink(type = "output", split = FALSE)
[13:36:24.738]         if (TRUE) {
[13:36:24.738]             ...future.result$stdout <- base::rawToChar(base::rawConnectionValue(...future.stdout))
[13:36:24.738]         }
[13:36:24.738]         else {
[13:36:24.738]             ...future.result["stdout"] <- base::list(NULL)
[13:36:24.738]         }
[13:36:24.738]         base::close(...future.stdout)
[13:36:24.738]         ...future.stdout <- NULL
[13:36:24.738]     }
[13:36:24.738]     ...future.result$conditions <- ...future.conditions
[13:36:24.738]     ...future.result$finished <- base::Sys.time()
[13:36:24.738]     ...future.result
[13:36:24.738] }
[13:36:24.740] plan(): Setting new future strategy stack:
[13:36:24.740] List of future strategies:
[13:36:24.740] 1. sequential:
[13:36:24.740]    - args: function (..., envir = parent.frame())
[13:36:24.740]    - tweaked: FALSE
[13:36:24.740]    - call: NULL
[13:36:24.741] plan(): nbrOfWorkers() = 1
[13:36:24.744] plan(): Setting new future strategy stack:
[13:36:24.744] List of future strategies:
[13:36:24.744] 1. sequential:
[13:36:24.744]    - args: function (..., envir = parent.frame())
[13:36:24.744]    - tweaked: FALSE
[13:36:24.744]    - call: future::plan("sequential")
[13:36:24.744] plan(): nbrOfWorkers() = 1
[13:36:24.744] SequentialFuture started (and completed)
[13:36:24.744] - Launch lazy future ... done
[13:36:24.745] run() for ‘SequentialFuture’ ... done
> 
> message("*** %<-% to environment ... DONE")
*** %<-% to environment ... DONE
> 
> source("incl/end.R")
[13:36:24.745] plan(): Setting new future strategy stack:
[13:36:24.745] List of future strategies:
[13:36:24.745] 1. FutureStrategy:
[13:36:24.745]    - args: function (..., envir = parent.frame())
[13:36:24.745]    - tweaked: FALSE
[13:36:24.745]    - call: future::plan(oplan)
[13:36:24.756] plan(): nbrOfWorkers() = 1
> 
