
R version 4.3.3 (2024-02-29) -- "Angel Food Cake"
Copyright (C) 2024 The R Foundation for Statistical Computing
Platform: x86_64-pc-linux-gnu (64-bit)

R is free software and comes with ABSOLUTELY NO WARRANTY.
You are welcome to redistribute it under certain conditions.
Type 'license()' or 'licence()' for distribution details.

R is a collaborative project with many contributors.
Type 'contributors()' for more information and
'citation()' on how to cite R or R packages in publications.

Type 'demo()' for some demos, 'help()' for on-line help, or
'help.start()' for an HTML browser interface to help.
Type 'q()' to quit R.

> source("incl/start.R")
[13:36:32.263] plan(): Setting new future strategy stack:
[13:36:32.264] List of future strategies:
[13:36:32.264] 1. sequential:
[13:36:32.264]    - args: function (..., envir = parent.frame())
[13:36:32.264]    - tweaked: FALSE
[13:36:32.264]    - call: future::plan("sequential")
[13:36:32.278] plan(): nbrOfWorkers() = 1
> 
> suppressWarnings(rm(list = c("x", "z")))
> 
> message("*** futureOf() with environment ...")
*** futureOf() with environment ...
> 
> message("*** futureOf() with environment - future assignments ...")
*** futureOf() with environment - future assignments ...
> 
> x <- new.env()
> x$a %<-% { 1 }
[13:36:32.290] getGlobalsAndPackages() ...
[13:36:32.290] Searching for globals...
[13:36:32.293] - globals found: [1] ‘{’
[13:36:32.293] Searching for globals ... DONE
[13:36:32.293] Resolving globals: FALSE
[13:36:32.294] 
[13:36:32.294] 
[13:36:32.294] getGlobalsAndPackages() ... DONE
[13:36:32.295] run() for ‘Future’ ...
[13:36:32.295] - state: ‘created’
[13:36:32.295] - Future backend: ‘FutureStrategy’, ‘sequential’, ‘uniprocess’, ‘future’, ‘function’
[13:36:32.295] - Future class: ‘SequentialFuture’, ‘UniprocessFuture’, ‘Future’, ‘environment’
[13:36:32.295] - Copy elements of temporary ‘SequentialFuture’ to final ‘Future’ object ...
[13:36:32.295]   - Field: ‘label’
[13:36:32.295]   - Field: ‘local’
[13:36:32.296]   - Field: ‘owner’
[13:36:32.296]   - Field: ‘envir’
[13:36:32.296]   - Field: ‘packages’
[13:36:32.296]   - Field: ‘gc’
[13:36:32.296]   - Field: ‘conditions’
[13:36:32.296]   - Field: ‘expr’
[13:36:32.296]   - Field: ‘uuid’
[13:36:32.296]   - Field: ‘seed’
[13:36:32.296]   - Field: ‘version’
[13:36:32.296]   - Field: ‘result’
[13:36:32.296]   - Field: ‘asynchronous’
[13:36:32.297]   - Field: ‘calls’
[13:36:32.297]   - Field: ‘globals’
[13:36:32.297]   - Field: ‘stdout’
[13:36:32.297]   - Field: ‘earlySignal’
[13:36:32.297]   - Field: ‘lazy’
[13:36:32.297]   - Field: ‘state’
[13:36:32.297] - Copy elements of temporary ‘SequentialFuture’ to final ‘Future’ object ... done
[13:36:32.297] - Launch lazy future ...
[13:36:32.298] Packages needed by the future expression (n = 0): <none>
[13:36:32.298] Packages needed by future strategies (n = 0): <none>
[13:36:32.299] {
[13:36:32.299]     {
[13:36:32.299]         {
[13:36:32.299]             ...future.startTime <- base::Sys.time()
[13:36:32.299]             {
[13:36:32.299]                 {
[13:36:32.299]                   {
[13:36:32.299]                     base::local({
[13:36:32.299]                       has_future <- base::requireNamespace("future", 
[13:36:32.299]                         quietly = TRUE)
[13:36:32.299]                       if (has_future) {
[13:36:32.299]                         ns <- base::getNamespace("future")
[13:36:32.299]                         version <- ns[[".package"]][["version"]]
[13:36:32.299]                         if (is.null(version)) 
[13:36:32.299]                           version <- utils::packageVersion("future")
[13:36:32.299]                       }
[13:36:32.299]                       else {
[13:36:32.299]                         version <- NULL
[13:36:32.299]                       }
[13:36:32.299]                       if (!has_future || version < "1.8.0") {
[13:36:32.299]                         info <- base::c(r_version = base::gsub("R version ", 
[13:36:32.299]                           "", base::R.version$version.string), 
[13:36:32.299]                           platform = base::sprintf("%s (%s-bit)", 
[13:36:32.299]                             base::R.version$platform, 8 * base::.Machine$sizeof.pointer), 
[13:36:32.299]                           os = base::paste(base::Sys.info()[base::c("sysname", 
[13:36:32.299]                             "release", "version")], collapse = " "), 
[13:36:32.299]                           hostname = base::Sys.info()[["nodename"]])
[13:36:32.299]                         info <- base::sprintf("%s: %s", base::names(info), 
[13:36:32.299]                           info)
[13:36:32.299]                         info <- base::paste(info, collapse = "; ")
[13:36:32.299]                         if (!has_future) {
[13:36:32.299]                           msg <- base::sprintf("Package 'future' is not installed on worker (%s)", 
[13:36:32.299]                             info)
[13:36:32.299]                         }
[13:36:32.299]                         else {
[13:36:32.299]                           msg <- base::sprintf("Package 'future' on worker (%s) must be of version >= 1.8.0: %s", 
[13:36:32.299]                             info, version)
[13:36:32.299]                         }
[13:36:32.299]                         base::stop(msg)
[13:36:32.299]                       }
[13:36:32.299]                     })
[13:36:32.299]                   }
[13:36:32.299]                   ...future.strategy.old <- future::plan("list")
[13:36:32.299]                   options(future.plan = NULL)
[13:36:32.299]                   Sys.unsetenv("R_FUTURE_PLAN")
[13:36:32.299]                   future::plan("default", .cleanup = FALSE, .init = FALSE)
[13:36:32.299]                 }
[13:36:32.299]                 ...future.workdir <- getwd()
[13:36:32.299]             }
[13:36:32.299]             ...future.oldOptions <- base::as.list(base::.Options)
[13:36:32.299]             ...future.oldEnvVars <- base::Sys.getenv()
[13:36:32.299]         }
[13:36:32.299]         base::options(future.startup.script = FALSE, future.globals.onMissing = NULL, 
[13:36:32.299]             future.globals.maxSize = NULL, future.globals.method = NULL, 
[13:36:32.299]             future.globals.onMissing = NULL, future.globals.onReference = NULL, 
[13:36:32.299]             future.globals.resolve = NULL, future.resolve.recursive = NULL, 
[13:36:32.299]             future.rng.onMisuse = NULL, future.rng.onMisuse.keepFuture = NULL, 
[13:36:32.299]             future.stdout.windows.reencode = NULL, width = 80L)
[13:36:32.299]         ...future.futureOptionsAdded <- base::setdiff(base::names(base::.Options), 
[13:36:32.299]             base::names(...future.oldOptions))
[13:36:32.299]     }
[13:36:32.299]     if (FALSE) {
[13:36:32.299]     }
[13:36:32.299]     else {
[13:36:32.299]         if (TRUE) {
[13:36:32.299]             ...future.stdout <- base::rawConnection(base::raw(0L), 
[13:36:32.299]                 open = "w")
[13:36:32.299]         }
[13:36:32.299]         else {
[13:36:32.299]             ...future.stdout <- base::file(base::switch(.Platform$OS.type, 
[13:36:32.299]                 windows = "NUL", "/dev/null"), open = "w")
[13:36:32.299]         }
[13:36:32.299]         base::sink(...future.stdout, type = "output", split = FALSE)
[13:36:32.299]         base::on.exit(if (!base::is.null(...future.stdout)) {
[13:36:32.299]             base::sink(type = "output", split = FALSE)
[13:36:32.299]             base::close(...future.stdout)
[13:36:32.299]         }, add = TRUE)
[13:36:32.299]     }
[13:36:32.299]     ...future.frame <- base::sys.nframe()
[13:36:32.299]     ...future.conditions <- base::list()
[13:36:32.299]     ...future.rng <- base::globalenv()$.Random.seed
[13:36:32.299]     if (FALSE) {
[13:36:32.299]         ...future.globalenv.names <- c(base::names(base::.GlobalEnv), 
[13:36:32.299]             "...future.value", "...future.globalenv.names", ".Random.seed")
[13:36:32.299]     }
[13:36:32.299]     ...future.result <- base::tryCatch({
[13:36:32.299]         base::withCallingHandlers({
[13:36:32.299]             ...future.value <- base::withVisible(base::local({
[13:36:32.299]                 1
[13:36:32.299]             }))
[13:36:32.299]             future::FutureResult(value = ...future.value$value, 
[13:36:32.299]                 visible = ...future.value$visible, rng = !identical(base::globalenv()$.Random.seed, 
[13:36:32.299]                   ...future.rng), globalenv = if (FALSE) 
[13:36:32.299]                   list(added = base::setdiff(base::names(base::.GlobalEnv), 
[13:36:32.299]                     ...future.globalenv.names))
[13:36:32.299]                 else NULL, started = ...future.startTime, version = "1.8")
[13:36:32.299]         }, condition = base::local({
[13:36:32.299]             c <- base::c
[13:36:32.299]             inherits <- base::inherits
[13:36:32.299]             invokeRestart <- base::invokeRestart
[13:36:32.299]             length <- base::length
[13:36:32.299]             list <- base::list
[13:36:32.299]             seq.int <- base::seq.int
[13:36:32.299]             signalCondition <- base::signalCondition
[13:36:32.299]             sys.calls <- base::sys.calls
[13:36:32.299]             `[[` <- base::`[[`
[13:36:32.299]             `+` <- base::`+`
[13:36:32.299]             `<<-` <- base::`<<-`
[13:36:32.299]             sysCalls <- function(calls = sys.calls(), from = 1L) {
[13:36:32.299]                 calls[seq.int(from = from + 12L, to = length(calls) - 
[13:36:32.299]                   3L)]
[13:36:32.299]             }
[13:36:32.299]             function(cond) {
[13:36:32.299]                 is_error <- inherits(cond, "error")
[13:36:32.299]                 ignore <- !is_error && !is.null(NULL) && inherits(cond, 
[13:36:32.299]                   NULL)
[13:36:32.299]                 if (is_error) {
[13:36:32.299]                   sessionInformation <- function() {
[13:36:32.299]                     list(r = base::R.Version(), locale = base::Sys.getlocale(), 
[13:36:32.299]                       rngkind = base::RNGkind(), namespaces = base::loadedNamespaces(), 
[13:36:32.299]                       search = base::search(), system = base::Sys.info())
[13:36:32.299]                   }
[13:36:32.299]                   ...future.conditions[[length(...future.conditions) + 
[13:36:32.299]                     1L]] <<- list(condition = cond, calls = c(sysCalls(from = ...future.frame), 
[13:36:32.299]                     cond$call), session = sessionInformation(), 
[13:36:32.299]                     timestamp = base::Sys.time(), signaled = 0L)
[13:36:32.299]                   signalCondition(cond)
[13:36:32.299]                 }
[13:36:32.299]                 else if (!ignore && TRUE && inherits(cond, c("condition", 
[13:36:32.299]                 "immediateCondition"))) {
[13:36:32.299]                   signal <- TRUE && inherits(cond, "immediateCondition")
[13:36:32.299]                   ...future.conditions[[length(...future.conditions) + 
[13:36:32.299]                     1L]] <<- list(condition = cond, signaled = base::as.integer(signal))
[13:36:32.299]                   if (TRUE && !signal) {
[13:36:32.299]                     muffleCondition <- function (cond, pattern = "^muffle") 
[13:36:32.299]                     {
[13:36:32.299]                       inherits <- base::inherits
[13:36:32.299]                       invokeRestart <- base::invokeRestart
[13:36:32.299]                       is.null <- base::is.null
[13:36:32.299]                       muffled <- FALSE
[13:36:32.299]                       if (inherits(cond, "message")) {
[13:36:32.299]                         muffled <- grepl(pattern, "muffleMessage")
[13:36:32.299]                         if (muffled) 
[13:36:32.299]                           invokeRestart("muffleMessage")
[13:36:32.299]                       }
[13:36:32.299]                       else if (inherits(cond, "warning")) {
[13:36:32.299]                         muffled <- grepl(pattern, "muffleWarning")
[13:36:32.299]                         if (muffled) 
[13:36:32.299]                           invokeRestart("muffleWarning")
[13:36:32.299]                       }
[13:36:32.299]                       else if (inherits(cond, "condition")) {
[13:36:32.299]                         if (!is.null(pattern)) {
[13:36:32.299]                           computeRestarts <- base::computeRestarts
[13:36:32.299]                           grepl <- base::grepl
[13:36:32.299]                           restarts <- computeRestarts(cond)
[13:36:32.299]                           for (restart in restarts) {
[13:36:32.299]                             name <- restart$name
[13:36:32.299]                             if (is.null(name)) 
[13:36:32.299]                               next
[13:36:32.299]                             if (!grepl(pattern, name)) 
[13:36:32.299]                               next
[13:36:32.299]                             invokeRestart(restart)
[13:36:32.299]                             muffled <- TRUE
[13:36:32.299]                             break
[13:36:32.299]                           }
[13:36:32.299]                         }
[13:36:32.299]                       }
[13:36:32.299]                       invisible(muffled)
[13:36:32.299]                     }
[13:36:32.299]                     muffleCondition(cond, pattern = "^muffle")
[13:36:32.299]                   }
[13:36:32.299]                 }
[13:36:32.299]                 else {
[13:36:32.299]                   if (TRUE) {
[13:36:32.299]                     muffleCondition <- function (cond, pattern = "^muffle") 
[13:36:32.299]                     {
[13:36:32.299]                       inherits <- base::inherits
[13:36:32.299]                       invokeRestart <- base::invokeRestart
[13:36:32.299]                       is.null <- base::is.null
[13:36:32.299]                       muffled <- FALSE
[13:36:32.299]                       if (inherits(cond, "message")) {
[13:36:32.299]                         muffled <- grepl(pattern, "muffleMessage")
[13:36:32.299]                         if (muffled) 
[13:36:32.299]                           invokeRestart("muffleMessage")
[13:36:32.299]                       }
[13:36:32.299]                       else if (inherits(cond, "warning")) {
[13:36:32.299]                         muffled <- grepl(pattern, "muffleWarning")
[13:36:32.299]                         if (muffled) 
[13:36:32.299]                           invokeRestart("muffleWarning")
[13:36:32.299]                       }
[13:36:32.299]                       else if (inherits(cond, "condition")) {
[13:36:32.299]                         if (!is.null(pattern)) {
[13:36:32.299]                           computeRestarts <- base::computeRestarts
[13:36:32.299]                           grepl <- base::grepl
[13:36:32.299]                           restarts <- computeRestarts(cond)
[13:36:32.299]                           for (restart in restarts) {
[13:36:32.299]                             name <- restart$name
[13:36:32.299]                             if (is.null(name)) 
[13:36:32.299]                               next
[13:36:32.299]                             if (!grepl(pattern, name)) 
[13:36:32.299]                               next
[13:36:32.299]                             invokeRestart(restart)
[13:36:32.299]                             muffled <- TRUE
[13:36:32.299]                             break
[13:36:32.299]                           }
[13:36:32.299]                         }
[13:36:32.299]                       }
[13:36:32.299]                       invisible(muffled)
[13:36:32.299]                     }
[13:36:32.299]                     muffleCondition(cond, pattern = "^muffle")
[13:36:32.299]                   }
[13:36:32.299]                 }
[13:36:32.299]             }
[13:36:32.299]         }))
[13:36:32.299]     }, error = function(ex) {
[13:36:32.299]         base::structure(base::list(value = NULL, visible = NULL, 
[13:36:32.299]             conditions = ...future.conditions, rng = !identical(base::globalenv()$.Random.seed, 
[13:36:32.299]                 ...future.rng), started = ...future.startTime, 
[13:36:32.299]             finished = Sys.time(), session_uuid = NA_character_, 
[13:36:32.299]             version = "1.8"), class = "FutureResult")
[13:36:32.299]     }, finally = {
[13:36:32.299]         if (!identical(...future.workdir, getwd())) 
[13:36:32.299]             setwd(...future.workdir)
[13:36:32.299]         {
[13:36:32.299]             if (identical(getOption("nwarnings"), ...future.oldOptions$nwarnings)) {
[13:36:32.299]                 ...future.oldOptions$nwarnings <- NULL
[13:36:32.299]             }
[13:36:32.299]             base::options(...future.oldOptions)
[13:36:32.299]             if (.Platform$OS.type == "windows") {
[13:36:32.299]                 old_names <- names(...future.oldEnvVars)
[13:36:32.299]                 envs <- base::Sys.getenv()
[13:36:32.299]                 names <- names(envs)
[13:36:32.299]                 common <- intersect(names, old_names)
[13:36:32.299]                 added <- setdiff(names, old_names)
[13:36:32.299]                 removed <- setdiff(old_names, names)
[13:36:32.299]                 changed <- common[...future.oldEnvVars[common] != 
[13:36:32.299]                   envs[common]]
[13:36:32.299]                 NAMES <- toupper(changed)
[13:36:32.299]                 args <- list()
[13:36:32.299]                 for (kk in seq_along(NAMES)) {
[13:36:32.299]                   name <- changed[[kk]]
[13:36:32.299]                   NAME <- NAMES[[kk]]
[13:36:32.299]                   if (name != NAME && is.element(NAME, old_names)) 
[13:36:32.299]                     next
[13:36:32.299]                   args[[name]] <- ...future.oldEnvVars[[name]]
[13:36:32.299]                 }
[13:36:32.299]                 NAMES <- toupper(added)
[13:36:32.299]                 for (kk in seq_along(NAMES)) {
[13:36:32.299]                   name <- added[[kk]]
[13:36:32.299]                   NAME <- NAMES[[kk]]
[13:36:32.299]                   if (name != NAME && is.element(NAME, old_names)) 
[13:36:32.299]                     next
[13:36:32.299]                   args[[name]] <- ""
[13:36:32.299]                 }
[13:36:32.299]                 NAMES <- toupper(removed)
[13:36:32.299]                 for (kk in seq_along(NAMES)) {
[13:36:32.299]                   name <- removed[[kk]]
[13:36:32.299]                   NAME <- NAMES[[kk]]
[13:36:32.299]                   if (name != NAME && is.element(NAME, old_names)) 
[13:36:32.299]                     next
[13:36:32.299]                   args[[name]] <- ...future.oldEnvVars[[name]]
[13:36:32.299]                 }
[13:36:32.299]                 if (length(args) > 0) 
[13:36:32.299]                   base::do.call(base::Sys.setenv, args = args)
[13:36:32.299]                 args <- names <- old_names <- NAMES <- envs <- common <- added <- removed <- NULL
[13:36:32.299]             }
[13:36:32.299]             else {
[13:36:32.299]                 base::do.call(base::Sys.setenv, args = base::as.list(...future.oldEnvVars))
[13:36:32.299]             }
[13:36:32.299]             {
[13:36:32.299]                 if (base::length(...future.futureOptionsAdded) > 
[13:36:32.299]                   0L) {
[13:36:32.299]                   opts <- base::vector("list", length = base::length(...future.futureOptionsAdded))
[13:36:32.299]                   base::names(opts) <- ...future.futureOptionsAdded
[13:36:32.299]                   base::options(opts)
[13:36:32.299]                 }
[13:36:32.299]                 {
[13:36:32.299]                   {
[13:36:32.299]                     NULL
[13:36:32.299]                     RNGkind("Mersenne-Twister")
[13:36:32.299]                     base::rm(list = ".Random.seed", envir = base::globalenv(), 
[13:36:32.299]                       inherits = FALSE)
[13:36:32.299]                   }
[13:36:32.299]                   options(future.plan = NULL)
[13:36:32.299]                   if (is.na(NA_character_)) 
[13:36:32.299]                     Sys.unsetenv("R_FUTURE_PLAN")
[13:36:32.299]                   else Sys.setenv(R_FUTURE_PLAN = NA_character_)
[13:36:32.299]                   future::plan(...future.strategy.old, .cleanup = FALSE, 
[13:36:32.299]                     .init = FALSE)
[13:36:32.299]                 }
[13:36:32.299]             }
[13:36:32.299]         }
[13:36:32.299]     })
[13:36:32.299]     if (TRUE) {
[13:36:32.299]         base::sink(type = "output", split = FALSE)
[13:36:32.299]         if (TRUE) {
[13:36:32.299]             ...future.result$stdout <- base::rawToChar(base::rawConnectionValue(...future.stdout))
[13:36:32.299]         }
[13:36:32.299]         else {
[13:36:32.299]             ...future.result["stdout"] <- base::list(NULL)
[13:36:32.299]         }
[13:36:32.299]         base::close(...future.stdout)
[13:36:32.299]         ...future.stdout <- NULL
[13:36:32.299]     }
[13:36:32.299]     ...future.result$conditions <- ...future.conditions
[13:36:32.299]     ...future.result$finished <- base::Sys.time()
[13:36:32.299]     ...future.result
[13:36:32.299] }
[13:36:32.301] plan(): Setting new future strategy stack:
[13:36:32.301] List of future strategies:
[13:36:32.301] 1. sequential:
[13:36:32.301]    - args: function (..., envir = parent.frame())
[13:36:32.301]    - tweaked: FALSE
[13:36:32.301]    - call: NULL
[13:36:32.301] plan(): nbrOfWorkers() = 1
[13:36:32.302] plan(): Setting new future strategy stack:
[13:36:32.302] List of future strategies:
[13:36:32.302] 1. sequential:
[13:36:32.302]    - args: function (..., envir = parent.frame())
[13:36:32.302]    - tweaked: FALSE
[13:36:32.302]    - call: future::plan("sequential")
[13:36:32.303] plan(): nbrOfWorkers() = 1
[13:36:32.303] SequentialFuture started (and completed)
[13:36:32.303] - Launch lazy future ... done
[13:36:32.303] run() for ‘SequentialFuture’ ... done
> 
> f1 <- futureOf("a", envir = x)
> print(f1)
SequentialFuture:
Label: ‘<none>’
Expression:
{
    1
}
Lazy evaluation: FALSE
Asynchronous evaluation: FALSE
Local evaluation: TRUE
Environment: R_GlobalEnv
Capture standard output: TRUE
Capture condition classes: ‘condition’ (excluding ‘nothing’)
Globals: <none>
Packages: <none>
L'Ecuyer-CMRG RNG seed: <none> (seed = FALSE)
Resolved: TRUE
Value: 56 bytes of class ‘numeric’
Early signaling: FALSE
Owner process: 6354f5cc-5d3e-c6b5-af7d-c120fa25675d
Class: ‘SequentialFuture’, ‘UniprocessFuture’, ‘Future’, ‘environment’
> f2 <- futureOf(a, envir = x)
> f3 <- futureOf(x[["a"]])
> f4 <- futureOf(x$a)
> stopifnot(identical(f2, f1), identical(f3, f1), identical(f4, f1))
> 
> ## Identify all futures
> fs <- futureOf(envir = x)
> print(fs)
$a
SequentialFuture:
Label: ‘<none>’
Expression:
{
    1
}
Lazy evaluation: FALSE
Asynchronous evaluation: FALSE
Local evaluation: TRUE
Environment: R_GlobalEnv
Capture standard output: TRUE
Capture condition classes: ‘condition’ (excluding ‘nothing’)
Globals: <none>
Packages: <none>
L'Ecuyer-CMRG RNG seed: <none> (seed = FALSE)
Resolved: TRUE
Value: 56 bytes of class ‘numeric’
Early signaling: FALSE
Owner process: 6354f5cc-5d3e-c6b5-af7d-c120fa25675d
Class: ‘SequentialFuture’, ‘UniprocessFuture’, ‘Future’, ‘environment’

> stopifnot(identical(names(fs), c("a")))
> stopifnot(identical(fs$a, f1))
> 
> fsD <- futureOf(envir = x, drop = TRUE)
> print(fsD)
$a
SequentialFuture:
Label: ‘<none>’
Expression:
{
    1
}
Lazy evaluation: FALSE
Asynchronous evaluation: FALSE
Local evaluation: TRUE
Environment: R_GlobalEnv
Capture standard output: TRUE
Capture condition classes: ‘condition’ (excluding ‘nothing’)
Globals: <none>
Packages: <none>
L'Ecuyer-CMRG RNG seed: <none> (seed = FALSE)
Resolved: TRUE
Value: 56 bytes of class ‘numeric’
Early signaling: FALSE
Owner process: 6354f5cc-5d3e-c6b5-af7d-c120fa25675d
Class: ‘SequentialFuture’, ‘UniprocessFuture’, ‘Future’, ‘environment’

> stopifnot(all(sapply(fsD, FUN = inherits, "Future")))
> stopifnot(identical(fsD, fs))
> 
> message("*** futureOf() with environment - future assignments ... DONE")
*** futureOf() with environment - future assignments ... DONE
> 
> 
> message("*** futureOf() with environment - futures ...")
*** futureOf() with environment - futures ...
> 
> x <- new.env()
> x$a <- future({ 1 })
[13:36:32.307] getGlobalsAndPackages() ...
[13:36:32.307] Searching for globals...
[13:36:32.307] - globals found: [1] ‘{’
[13:36:32.307] Searching for globals ... DONE
[13:36:32.308] Resolving globals: FALSE
[13:36:32.308] 
[13:36:32.308] 
[13:36:32.308] getGlobalsAndPackages() ... DONE
[13:36:32.308] run() for ‘Future’ ...
[13:36:32.308] - state: ‘created’
[13:36:32.308] - Future backend: ‘FutureStrategy’, ‘sequential’, ‘uniprocess’, ‘future’, ‘function’
[13:36:32.309] - Future class: ‘SequentialFuture’, ‘UniprocessFuture’, ‘Future’, ‘environment’
[13:36:32.309] - Copy elements of temporary ‘SequentialFuture’ to final ‘Future’ object ...
[13:36:32.309]   - Field: ‘label’
[13:36:32.309]   - Field: ‘local’
[13:36:32.309]   - Field: ‘owner’
[13:36:32.309]   - Field: ‘envir’
[13:36:32.309]   - Field: ‘packages’
[13:36:32.309]   - Field: ‘gc’
[13:36:32.309]   - Field: ‘conditions’
[13:36:32.309]   - Field: ‘expr’
[13:36:32.310]   - Field: ‘uuid’
[13:36:32.310]   - Field: ‘seed’
[13:36:32.310]   - Field: ‘version’
[13:36:32.310]   - Field: ‘result’
[13:36:32.310]   - Field: ‘asynchronous’
[13:36:32.310]   - Field: ‘calls’
[13:36:32.310]   - Field: ‘globals’
[13:36:32.310]   - Field: ‘stdout’
[13:36:32.310]   - Field: ‘earlySignal’
[13:36:32.310]   - Field: ‘lazy’
[13:36:32.310]   - Field: ‘state’
[13:36:32.311] - Copy elements of temporary ‘SequentialFuture’ to final ‘Future’ object ... done
[13:36:32.311] - Launch lazy future ...
[13:36:32.311] Packages needed by the future expression (n = 0): <none>
[13:36:32.311] Packages needed by future strategies (n = 0): <none>
[13:36:32.311] {
[13:36:32.311]     {
[13:36:32.311]         {
[13:36:32.311]             ...future.startTime <- base::Sys.time()
[13:36:32.311]             {
[13:36:32.311]                 {
[13:36:32.311]                   {
[13:36:32.311]                     base::local({
[13:36:32.311]                       has_future <- base::requireNamespace("future", 
[13:36:32.311]                         quietly = TRUE)
[13:36:32.311]                       if (has_future) {
[13:36:32.311]                         ns <- base::getNamespace("future")
[13:36:32.311]                         version <- ns[[".package"]][["version"]]
[13:36:32.311]                         if (is.null(version)) 
[13:36:32.311]                           version <- utils::packageVersion("future")
[13:36:32.311]                       }
[13:36:32.311]                       else {
[13:36:32.311]                         version <- NULL
[13:36:32.311]                       }
[13:36:32.311]                       if (!has_future || version < "1.8.0") {
[13:36:32.311]                         info <- base::c(r_version = base::gsub("R version ", 
[13:36:32.311]                           "", base::R.version$version.string), 
[13:36:32.311]                           platform = base::sprintf("%s (%s-bit)", 
[13:36:32.311]                             base::R.version$platform, 8 * base::.Machine$sizeof.pointer), 
[13:36:32.311]                           os = base::paste(base::Sys.info()[base::c("sysname", 
[13:36:32.311]                             "release", "version")], collapse = " "), 
[13:36:32.311]                           hostname = base::Sys.info()[["nodename"]])
[13:36:32.311]                         info <- base::sprintf("%s: %s", base::names(info), 
[13:36:32.311]                           info)
[13:36:32.311]                         info <- base::paste(info, collapse = "; ")
[13:36:32.311]                         if (!has_future) {
[13:36:32.311]                           msg <- base::sprintf("Package 'future' is not installed on worker (%s)", 
[13:36:32.311]                             info)
[13:36:32.311]                         }
[13:36:32.311]                         else {
[13:36:32.311]                           msg <- base::sprintf("Package 'future' on worker (%s) must be of version >= 1.8.0: %s", 
[13:36:32.311]                             info, version)
[13:36:32.311]                         }
[13:36:32.311]                         base::stop(msg)
[13:36:32.311]                       }
[13:36:32.311]                     })
[13:36:32.311]                   }
[13:36:32.311]                   ...future.strategy.old <- future::plan("list")
[13:36:32.311]                   options(future.plan = NULL)
[13:36:32.311]                   Sys.unsetenv("R_FUTURE_PLAN")
[13:36:32.311]                   future::plan("default", .cleanup = FALSE, .init = FALSE)
[13:36:32.311]                 }
[13:36:32.311]                 ...future.workdir <- getwd()
[13:36:32.311]             }
[13:36:32.311]             ...future.oldOptions <- base::as.list(base::.Options)
[13:36:32.311]             ...future.oldEnvVars <- base::Sys.getenv()
[13:36:32.311]         }
[13:36:32.311]         base::options(future.startup.script = FALSE, future.globals.onMissing = NULL, 
[13:36:32.311]             future.globals.maxSize = NULL, future.globals.method = NULL, 
[13:36:32.311]             future.globals.onMissing = NULL, future.globals.onReference = NULL, 
[13:36:32.311]             future.globals.resolve = NULL, future.resolve.recursive = NULL, 
[13:36:32.311]             future.rng.onMisuse = NULL, future.rng.onMisuse.keepFuture = NULL, 
[13:36:32.311]             future.stdout.windows.reencode = NULL, width = 80L)
[13:36:32.311]         ...future.futureOptionsAdded <- base::setdiff(base::names(base::.Options), 
[13:36:32.311]             base::names(...future.oldOptions))
[13:36:32.311]     }
[13:36:32.311]     if (FALSE) {
[13:36:32.311]     }
[13:36:32.311]     else {
[13:36:32.311]         if (TRUE) {
[13:36:32.311]             ...future.stdout <- base::rawConnection(base::raw(0L), 
[13:36:32.311]                 open = "w")
[13:36:32.311]         }
[13:36:32.311]         else {
[13:36:32.311]             ...future.stdout <- base::file(base::switch(.Platform$OS.type, 
[13:36:32.311]                 windows = "NUL", "/dev/null"), open = "w")
[13:36:32.311]         }
[13:36:32.311]         base::sink(...future.stdout, type = "output", split = FALSE)
[13:36:32.311]         base::on.exit(if (!base::is.null(...future.stdout)) {
[13:36:32.311]             base::sink(type = "output", split = FALSE)
[13:36:32.311]             base::close(...future.stdout)
[13:36:32.311]         }, add = TRUE)
[13:36:32.311]     }
[13:36:32.311]     ...future.frame <- base::sys.nframe()
[13:36:32.311]     ...future.conditions <- base::list()
[13:36:32.311]     ...future.rng <- base::globalenv()$.Random.seed
[13:36:32.311]     if (FALSE) {
[13:36:32.311]         ...future.globalenv.names <- c(base::names(base::.GlobalEnv), 
[13:36:32.311]             "...future.value", "...future.globalenv.names", ".Random.seed")
[13:36:32.311]     }
[13:36:32.311]     ...future.result <- base::tryCatch({
[13:36:32.311]         base::withCallingHandlers({
[13:36:32.311]             ...future.value <- base::withVisible(base::local({
[13:36:32.311]                 1
[13:36:32.311]             }))
[13:36:32.311]             future::FutureResult(value = ...future.value$value, 
[13:36:32.311]                 visible = ...future.value$visible, rng = !identical(base::globalenv()$.Random.seed, 
[13:36:32.311]                   ...future.rng), globalenv = if (FALSE) 
[13:36:32.311]                   list(added = base::setdiff(base::names(base::.GlobalEnv), 
[13:36:32.311]                     ...future.globalenv.names))
[13:36:32.311]                 else NULL, started = ...future.startTime, version = "1.8")
[13:36:32.311]         }, condition = base::local({
[13:36:32.311]             c <- base::c
[13:36:32.311]             inherits <- base::inherits
[13:36:32.311]             invokeRestart <- base::invokeRestart
[13:36:32.311]             length <- base::length
[13:36:32.311]             list <- base::list
[13:36:32.311]             seq.int <- base::seq.int
[13:36:32.311]             signalCondition <- base::signalCondition
[13:36:32.311]             sys.calls <- base::sys.calls
[13:36:32.311]             `[[` <- base::`[[`
[13:36:32.311]             `+` <- base::`+`
[13:36:32.311]             `<<-` <- base::`<<-`
[13:36:32.311]             sysCalls <- function(calls = sys.calls(), from = 1L) {
[13:36:32.311]                 calls[seq.int(from = from + 12L, to = length(calls) - 
[13:36:32.311]                   3L)]
[13:36:32.311]             }
[13:36:32.311]             function(cond) {
[13:36:32.311]                 is_error <- inherits(cond, "error")
[13:36:32.311]                 ignore <- !is_error && !is.null(NULL) && inherits(cond, 
[13:36:32.311]                   NULL)
[13:36:32.311]                 if (is_error) {
[13:36:32.311]                   sessionInformation <- function() {
[13:36:32.311]                     list(r = base::R.Version(), locale = base::Sys.getlocale(), 
[13:36:32.311]                       rngkind = base::RNGkind(), namespaces = base::loadedNamespaces(), 
[13:36:32.311]                       search = base::search(), system = base::Sys.info())
[13:36:32.311]                   }
[13:36:32.311]                   ...future.conditions[[length(...future.conditions) + 
[13:36:32.311]                     1L]] <<- list(condition = cond, calls = c(sysCalls(from = ...future.frame), 
[13:36:32.311]                     cond$call), session = sessionInformation(), 
[13:36:32.311]                     timestamp = base::Sys.time(), signaled = 0L)
[13:36:32.311]                   signalCondition(cond)
[13:36:32.311]                 }
[13:36:32.311]                 else if (!ignore && TRUE && inherits(cond, c("condition", 
[13:36:32.311]                 "immediateCondition"))) {
[13:36:32.311]                   signal <- TRUE && inherits(cond, "immediateCondition")
[13:36:32.311]                   ...future.conditions[[length(...future.conditions) + 
[13:36:32.311]                     1L]] <<- list(condition = cond, signaled = base::as.integer(signal))
[13:36:32.311]                   if (TRUE && !signal) {
[13:36:32.311]                     muffleCondition <- function (cond, pattern = "^muffle") 
[13:36:32.311]                     {
[13:36:32.311]                       inherits <- base::inherits
[13:36:32.311]                       invokeRestart <- base::invokeRestart
[13:36:32.311]                       is.null <- base::is.null
[13:36:32.311]                       muffled <- FALSE
[13:36:32.311]                       if (inherits(cond, "message")) {
[13:36:32.311]                         muffled <- grepl(pattern, "muffleMessage")
[13:36:32.311]                         if (muffled) 
[13:36:32.311]                           invokeRestart("muffleMessage")
[13:36:32.311]                       }
[13:36:32.311]                       else if (inherits(cond, "warning")) {
[13:36:32.311]                         muffled <- grepl(pattern, "muffleWarning")
[13:36:32.311]                         if (muffled) 
[13:36:32.311]                           invokeRestart("muffleWarning")
[13:36:32.311]                       }
[13:36:32.311]                       else if (inherits(cond, "condition")) {
[13:36:32.311]                         if (!is.null(pattern)) {
[13:36:32.311]                           computeRestarts <- base::computeRestarts
[13:36:32.311]                           grepl <- base::grepl
[13:36:32.311]                           restarts <- computeRestarts(cond)
[13:36:32.311]                           for (restart in restarts) {
[13:36:32.311]                             name <- restart$name
[13:36:32.311]                             if (is.null(name)) 
[13:36:32.311]                               next
[13:36:32.311]                             if (!grepl(pattern, name)) 
[13:36:32.311]                               next
[13:36:32.311]                             invokeRestart(restart)
[13:36:32.311]                             muffled <- TRUE
[13:36:32.311]                             break
[13:36:32.311]                           }
[13:36:32.311]                         }
[13:36:32.311]                       }
[13:36:32.311]                       invisible(muffled)
[13:36:32.311]                     }
[13:36:32.311]                     muffleCondition(cond, pattern = "^muffle")
[13:36:32.311]                   }
[13:36:32.311]                 }
[13:36:32.311]                 else {
[13:36:32.311]                   if (TRUE) {
[13:36:32.311]                     muffleCondition <- function (cond, pattern = "^muffle") 
[13:36:32.311]                     {
[13:36:32.311]                       inherits <- base::inherits
[13:36:32.311]                       invokeRestart <- base::invokeRestart
[13:36:32.311]                       is.null <- base::is.null
[13:36:32.311]                       muffled <- FALSE
[13:36:32.311]                       if (inherits(cond, "message")) {
[13:36:32.311]                         muffled <- grepl(pattern, "muffleMessage")
[13:36:32.311]                         if (muffled) 
[13:36:32.311]                           invokeRestart("muffleMessage")
[13:36:32.311]                       }
[13:36:32.311]                       else if (inherits(cond, "warning")) {
[13:36:32.311]                         muffled <- grepl(pattern, "muffleWarning")
[13:36:32.311]                         if (muffled) 
[13:36:32.311]                           invokeRestart("muffleWarning")
[13:36:32.311]                       }
[13:36:32.311]                       else if (inherits(cond, "condition")) {
[13:36:32.311]                         if (!is.null(pattern)) {
[13:36:32.311]                           computeRestarts <- base::computeRestarts
[13:36:32.311]                           grepl <- base::grepl
[13:36:32.311]                           restarts <- computeRestarts(cond)
[13:36:32.311]                           for (restart in restarts) {
[13:36:32.311]                             name <- restart$name
[13:36:32.311]                             if (is.null(name)) 
[13:36:32.311]                               next
[13:36:32.311]                             if (!grepl(pattern, name)) 
[13:36:32.311]                               next
[13:36:32.311]                             invokeRestart(restart)
[13:36:32.311]                             muffled <- TRUE
[13:36:32.311]                             break
[13:36:32.311]                           }
[13:36:32.311]                         }
[13:36:32.311]                       }
[13:36:32.311]                       invisible(muffled)
[13:36:32.311]                     }
[13:36:32.311]                     muffleCondition(cond, pattern = "^muffle")
[13:36:32.311]                   }
[13:36:32.311]                 }
[13:36:32.311]             }
[13:36:32.311]         }))
[13:36:32.311]     }, error = function(ex) {
[13:36:32.311]         base::structure(base::list(value = NULL, visible = NULL, 
[13:36:32.311]             conditions = ...future.conditions, rng = !identical(base::globalenv()$.Random.seed, 
[13:36:32.311]                 ...future.rng), started = ...future.startTime, 
[13:36:32.311]             finished = Sys.time(), session_uuid = NA_character_, 
[13:36:32.311]             version = "1.8"), class = "FutureResult")
[13:36:32.311]     }, finally = {
[13:36:32.311]         if (!identical(...future.workdir, getwd())) 
[13:36:32.311]             setwd(...future.workdir)
[13:36:32.311]         {
[13:36:32.311]             if (identical(getOption("nwarnings"), ...future.oldOptions$nwarnings)) {
[13:36:32.311]                 ...future.oldOptions$nwarnings <- NULL
[13:36:32.311]             }
[13:36:32.311]             base::options(...future.oldOptions)
[13:36:32.311]             if (.Platform$OS.type == "windows") {
[13:36:32.311]                 old_names <- names(...future.oldEnvVars)
[13:36:32.311]                 envs <- base::Sys.getenv()
[13:36:32.311]                 names <- names(envs)
[13:36:32.311]                 common <- intersect(names, old_names)
[13:36:32.311]                 added <- setdiff(names, old_names)
[13:36:32.311]                 removed <- setdiff(old_names, names)
[13:36:32.311]                 changed <- common[...future.oldEnvVars[common] != 
[13:36:32.311]                   envs[common]]
[13:36:32.311]                 NAMES <- toupper(changed)
[13:36:32.311]                 args <- list()
[13:36:32.311]                 for (kk in seq_along(NAMES)) {
[13:36:32.311]                   name <- changed[[kk]]
[13:36:32.311]                   NAME <- NAMES[[kk]]
[13:36:32.311]                   if (name != NAME && is.element(NAME, old_names)) 
[13:36:32.311]                     next
[13:36:32.311]                   args[[name]] <- ...future.oldEnvVars[[name]]
[13:36:32.311]                 }
[13:36:32.311]                 NAMES <- toupper(added)
[13:36:32.311]                 for (kk in seq_along(NAMES)) {
[13:36:32.311]                   name <- added[[kk]]
[13:36:32.311]                   NAME <- NAMES[[kk]]
[13:36:32.311]                   if (name != NAME && is.element(NAME, old_names)) 
[13:36:32.311]                     next
[13:36:32.311]                   args[[name]] <- ""
[13:36:32.311]                 }
[13:36:32.311]                 NAMES <- toupper(removed)
[13:36:32.311]                 for (kk in seq_along(NAMES)) {
[13:36:32.311]                   name <- removed[[kk]]
[13:36:32.311]                   NAME <- NAMES[[kk]]
[13:36:32.311]                   if (name != NAME && is.element(NAME, old_names)) 
[13:36:32.311]                     next
[13:36:32.311]                   args[[name]] <- ...future.oldEnvVars[[name]]
[13:36:32.311]                 }
[13:36:32.311]                 if (length(args) > 0) 
[13:36:32.311]                   base::do.call(base::Sys.setenv, args = args)
[13:36:32.311]                 args <- names <- old_names <- NAMES <- envs <- common <- added <- removed <- NULL
[13:36:32.311]             }
[13:36:32.311]             else {
[13:36:32.311]                 base::do.call(base::Sys.setenv, args = base::as.list(...future.oldEnvVars))
[13:36:32.311]             }
[13:36:32.311]             {
[13:36:32.311]                 if (base::length(...future.futureOptionsAdded) > 
[13:36:32.311]                   0L) {
[13:36:32.311]                   opts <- base::vector("list", length = base::length(...future.futureOptionsAdded))
[13:36:32.311]                   base::names(opts) <- ...future.futureOptionsAdded
[13:36:32.311]                   base::options(opts)
[13:36:32.311]                 }
[13:36:32.311]                 {
[13:36:32.311]                   {
[13:36:32.311]                     NULL
[13:36:32.311]                     RNGkind("Mersenne-Twister")
[13:36:32.311]                     base::rm(list = ".Random.seed", envir = base::globalenv(), 
[13:36:32.311]                       inherits = FALSE)
[13:36:32.311]                   }
[13:36:32.311]                   options(future.plan = NULL)
[13:36:32.311]                   if (is.na(NA_character_)) 
[13:36:32.311]                     Sys.unsetenv("R_FUTURE_PLAN")
[13:36:32.311]                   else Sys.setenv(R_FUTURE_PLAN = NA_character_)
[13:36:32.311]                   future::plan(...future.strategy.old, .cleanup = FALSE, 
[13:36:32.311]                     .init = FALSE)
[13:36:32.311]                 }
[13:36:32.311]             }
[13:36:32.311]         }
[13:36:32.311]     })
[13:36:32.311]     if (TRUE) {
[13:36:32.311]         base::sink(type = "output", split = FALSE)
[13:36:32.311]         if (TRUE) {
[13:36:32.311]             ...future.result$stdout <- base::rawToChar(base::rawConnectionValue(...future.stdout))
[13:36:32.311]         }
[13:36:32.311]         else {
[13:36:32.311]             ...future.result["stdout"] <- base::list(NULL)
[13:36:32.311]         }
[13:36:32.311]         base::close(...future.stdout)
[13:36:32.311]         ...future.stdout <- NULL
[13:36:32.311]     }
[13:36:32.311]     ...future.result$conditions <- ...future.conditions
[13:36:32.311]     ...future.result$finished <- base::Sys.time()
[13:36:32.311]     ...future.result
[13:36:32.311] }
[13:36:32.313] plan(): Setting new future strategy stack:
[13:36:32.313] List of future strategies:
[13:36:32.313] 1. sequential:
[13:36:32.313]    - args: function (..., envir = parent.frame())
[13:36:32.313]    - tweaked: FALSE
[13:36:32.313]    - call: NULL
[13:36:32.313] plan(): nbrOfWorkers() = 1
[13:36:32.314] plan(): Setting new future strategy stack:
[13:36:32.314] List of future strategies:
[13:36:32.314] 1. sequential:
[13:36:32.314]    - args: function (..., envir = parent.frame())
[13:36:32.314]    - tweaked: FALSE
[13:36:32.314]    - call: future::plan("sequential")
[13:36:32.315] plan(): nbrOfWorkers() = 1
[13:36:32.315] SequentialFuture started (and completed)
[13:36:32.315] - Launch lazy future ... done
[13:36:32.315] run() for ‘SequentialFuture’ ... done
> 
> f1 <- futureOf("a", envir = x)
> print(f1)
SequentialFuture:
Label: ‘<none>’
Expression:
{
    1
}
Lazy evaluation: FALSE
Asynchronous evaluation: FALSE
Local evaluation: TRUE
Environment: R_GlobalEnv
Capture standard output: TRUE
Capture condition classes: ‘condition’ (excluding ‘nothing’)
Globals: <none>
Packages: <none>
L'Ecuyer-CMRG RNG seed: <none> (seed = FALSE)
Resolved: TRUE
Value: 56 bytes of class ‘numeric’
Early signaling: FALSE
Owner process: 6354f5cc-5d3e-c6b5-af7d-c120fa25675d
Class: ‘SequentialFuture’, ‘UniprocessFuture’, ‘Future’, ‘environment’
> stopifnot(identical(f1, x$a))
> f2 <- futureOf(a, envir = x)
> stopifnot(identical(f2, x$a))
> f3 <- futureOf(x[["a"]])
> stopifnot(identical(f3, x$a))
> f4 <- futureOf(x$a)
> stopifnot(identical(f4, x$a))
> 
> ## Identify all futures
> fs <- futureOf(envir = x)
> print(fs)
$a
SequentialFuture:
Label: ‘<none>’
Expression:
{
    1
}
Lazy evaluation: FALSE
Asynchronous evaluation: FALSE
Local evaluation: TRUE
Environment: R_GlobalEnv
Capture standard output: TRUE
Capture condition classes: ‘condition’ (excluding ‘nothing’)
Globals: <none>
Packages: <none>
L'Ecuyer-CMRG RNG seed: <none> (seed = FALSE)
Resolved: TRUE
Value: 56 bytes of class ‘numeric’
Early signaling: FALSE
Owner process: 6354f5cc-5d3e-c6b5-af7d-c120fa25675d
Class: ‘SequentialFuture’, ‘UniprocessFuture’, ‘Future’, ‘environment’

> stopifnot(identical(names(fs), c("a")))
> stopifnot(identical(fs$a, f1))
> 
> fsD <- futureOf(envir = x, drop = TRUE)
> print(fsD)
$a
SequentialFuture:
Label: ‘<none>’
Expression:
{
    1
}
Lazy evaluation: FALSE
Asynchronous evaluation: FALSE
Local evaluation: TRUE
Environment: R_GlobalEnv
Capture standard output: TRUE
Capture condition classes: ‘condition’ (excluding ‘nothing’)
Globals: <none>
Packages: <none>
L'Ecuyer-CMRG RNG seed: <none> (seed = FALSE)
Resolved: TRUE
Value: 56 bytes of class ‘numeric’
Early signaling: FALSE
Owner process: 6354f5cc-5d3e-c6b5-af7d-c120fa25675d
Class: ‘SequentialFuture’, ‘UniprocessFuture’, ‘Future’, ‘environment’

> stopifnot(all(sapply(fsD, FUN = inherits, "Future")))
> stopifnot(identical(fsD, fs))
> 
> message("*** futureOf() with environment - futures ... DONE")
*** futureOf() with environment - futures ... DONE
> 
> 
> message("*** futureOf() with environment - exceptions ...")
*** futureOf() with environment - exceptions ...
> 
> ## Invalid subset
> res <- tryCatch(futureOf(x[[0]], mustExist = FALSE), error = identity)
> stopifnot(inherits(res, "error"))
> 
> res <- tryCatch(futureOf(x[[0]], mustExist = TRUE), error = identity)
> stopifnot(inherits(res, "error"))
> 
> res <- tryCatch(futureOf(x[[10]], mustExist = TRUE), error = identity)
> stopifnot(inherits(res, "error"))
> 
> res <- tryCatch(futureOf(x[[1 + 2i]], mustExist = TRUE), error = identity)
> stopifnot(inherits(res, "error"))
> 
> message("*** futureOf() with environment - exceptions ... DONE")
*** futureOf() with environment - exceptions ... DONE
> 
> message("*** futureOf() with environment ... DONE")
*** futureOf() with environment ... DONE
> 
> source("incl/end.R")
[13:36:32.319] plan(): Setting new future strategy stack:
[13:36:32.319] List of future strategies:
[13:36:32.319] 1. FutureStrategy:
[13:36:32.319]    - args: function (..., envir = parent.frame())
[13:36:32.319]    - tweaked: FALSE
[13:36:32.319]    - call: future::plan(oplan)
[13:36:32.332] plan(): nbrOfWorkers() = 1
> 
