
R version 4.3.3 (2024-02-29) -- "Angel Food Cake"
Copyright (C) 2024 The R Foundation for Statistical Computing
Platform: x86_64-pc-linux-gnu (64-bit)

R is free software and comes with ABSOLUTELY NO WARRANTY.
You are welcome to redistribute it under certain conditions.
Type 'license()' or 'licence()' for distribution details.

R is a collaborative project with many contributors.
Type 'contributors()' for more information and
'citation()' on how to cite R or R packages in publications.

Type 'demo()' for some demos, 'help()' for on-line help, or
'help.start()' for an HTML browser interface to help.
Type 'q()' to quit R.

> source("incl/start.R")
[16:20:38.961] plan(): Setting new future strategy stack:
[16:20:38.962] List of future strategies:
[16:20:38.962] 1. sequential:
[16:20:38.962]    - args: function (..., envir = parent.frame())
[16:20:38.962]    - tweaked: FALSE
[16:20:38.962]    - call: future::plan("sequential")
[16:20:38.975] plan(): nbrOfWorkers() = 1
> 
> message("*** FutureError class ...")
*** FutureError class ...
> 
> ## Minimal
> ex <- FutureError(message = "Woops")
> print(ex)
<FutureError: Woops>


Future UUID: <NA>
> 
> cond <- tryCatch(message("Woops", appendLF = FALSE), message = identity)
> ex2 <- FutureError(message = cond)
> print(ex2)
<FutureError: Woops>


Future UUID: <NA>
> stopifnot(conditionMessage(ex2) == conditionMessage(ex))
> 
> f <- future({ 42L; stop("woops") })
[16:20:38.986] getGlobalsAndPackages() ...
[16:20:38.986] Searching for globals...
[16:20:38.992] - globals found: [2] ‘{’, ‘stop’
[16:20:38.993] Searching for globals ... DONE
[16:20:38.993] Resolving globals: FALSE
[16:20:38.993] 
[16:20:38.993] 
[16:20:38.994] getGlobalsAndPackages() ... DONE
[16:20:38.994] run() for ‘Future’ ...
[16:20:38.994] - state: ‘created’
[16:20:38.995] - Future backend: ‘FutureStrategy’, ‘sequential’, ‘uniprocess’, ‘future’, ‘function’
[16:20:38.995] - Future class: ‘SequentialFuture’, ‘UniprocessFuture’, ‘Future’, ‘environment’
[16:20:38.995] - Copy elements of temporary ‘SequentialFuture’ to final ‘Future’ object ...
[16:20:38.995]   - Field: ‘label’
[16:20:38.995]   - Field: ‘local’
[16:20:38.995]   - Field: ‘owner’
[16:20:38.995]   - Field: ‘envir’
[16:20:38.995]   - Field: ‘packages’
[16:20:38.996]   - Field: ‘gc’
[16:20:38.996]   - Field: ‘conditions’
[16:20:38.996]   - Field: ‘expr’
[16:20:38.996]   - Field: ‘uuid’
[16:20:38.996]   - Field: ‘seed’
[16:20:38.996]   - Field: ‘version’
[16:20:38.996]   - Field: ‘result’
[16:20:38.996]   - Field: ‘asynchronous’
[16:20:38.996]   - Field: ‘calls’
[16:20:38.996]   - Field: ‘globals’
[16:20:38.996]   - Field: ‘stdout’
[16:20:38.997]   - Field: ‘earlySignal’
[16:20:38.997]   - Field: ‘lazy’
[16:20:38.997]   - Field: ‘state’
[16:20:38.997] - Copy elements of temporary ‘SequentialFuture’ to final ‘Future’ object ... done
[16:20:38.997] - Launch lazy future ...
[16:20:38.998] Packages needed by the future expression (n = 0): <none>
[16:20:38.998] Packages needed by future strategies (n = 0): <none>
[16:20:38.999] {
[16:20:38.999]     {
[16:20:38.999]         {
[16:20:38.999]             ...future.startTime <- base::Sys.time()
[16:20:38.999]             {
[16:20:38.999]                 {
[16:20:38.999]                   {
[16:20:38.999]                     base::local({
[16:20:38.999]                       has_future <- base::requireNamespace("future", 
[16:20:38.999]                         quietly = TRUE)
[16:20:38.999]                       if (has_future) {
[16:20:38.999]                         ns <- base::getNamespace("future")
[16:20:38.999]                         version <- ns[[".package"]][["version"]]
[16:20:38.999]                         if (is.null(version)) 
[16:20:38.999]                           version <- utils::packageVersion("future")
[16:20:38.999]                       }
[16:20:38.999]                       else {
[16:20:38.999]                         version <- NULL
[16:20:38.999]                       }
[16:20:38.999]                       if (!has_future || version < "1.8.0") {
[16:20:38.999]                         info <- base::c(r_version = base::gsub("R version ", 
[16:20:38.999]                           "", base::R.version$version.string), 
[16:20:38.999]                           platform = base::sprintf("%s (%s-bit)", 
[16:20:38.999]                             base::R.version$platform, 8 * base::.Machine$sizeof.pointer), 
[16:20:38.999]                           os = base::paste(base::Sys.info()[base::c("sysname", 
[16:20:38.999]                             "release", "version")], collapse = " "), 
[16:20:38.999]                           hostname = base::Sys.info()[["nodename"]])
[16:20:38.999]                         info <- base::sprintf("%s: %s", base::names(info), 
[16:20:38.999]                           info)
[16:20:38.999]                         info <- base::paste(info, collapse = "; ")
[16:20:38.999]                         if (!has_future) {
[16:20:38.999]                           msg <- base::sprintf("Package 'future' is not installed on worker (%s)", 
[16:20:38.999]                             info)
[16:20:38.999]                         }
[16:20:38.999]                         else {
[16:20:38.999]                           msg <- base::sprintf("Package 'future' on worker (%s) must be of version >= 1.8.0: %s", 
[16:20:38.999]                             info, version)
[16:20:38.999]                         }
[16:20:38.999]                         base::stop(msg)
[16:20:38.999]                       }
[16:20:38.999]                     })
[16:20:38.999]                   }
[16:20:38.999]                   ...future.strategy.old <- future::plan("list")
[16:20:38.999]                   options(future.plan = NULL)
[16:20:38.999]                   Sys.unsetenv("R_FUTURE_PLAN")
[16:20:38.999]                   future::plan("default", .cleanup = FALSE, .init = FALSE)
[16:20:38.999]                 }
[16:20:38.999]                 ...future.workdir <- getwd()
[16:20:38.999]             }
[16:20:38.999]             ...future.oldOptions <- base::as.list(base::.Options)
[16:20:38.999]             ...future.oldEnvVars <- base::Sys.getenv()
[16:20:38.999]         }
[16:20:38.999]         base::options(future.startup.script = FALSE, future.globals.onMissing = NULL, 
[16:20:38.999]             future.globals.maxSize = NULL, future.globals.method = NULL, 
[16:20:38.999]             future.globals.onMissing = NULL, future.globals.onReference = NULL, 
[16:20:38.999]             future.globals.resolve = NULL, future.resolve.recursive = NULL, 
[16:20:38.999]             future.rng.onMisuse = NULL, future.rng.onMisuse.keepFuture = NULL, 
[16:20:38.999]             future.stdout.windows.reencode = NULL, width = 80L)
[16:20:38.999]         ...future.futureOptionsAdded <- base::setdiff(base::names(base::.Options), 
[16:20:38.999]             base::names(...future.oldOptions))
[16:20:38.999]     }
[16:20:38.999]     if (FALSE) {
[16:20:38.999]     }
[16:20:38.999]     else {
[16:20:38.999]         if (TRUE) {
[16:20:38.999]             ...future.stdout <- base::rawConnection(base::raw(0L), 
[16:20:38.999]                 open = "w")
[16:20:38.999]         }
[16:20:38.999]         else {
[16:20:38.999]             ...future.stdout <- base::file(base::switch(.Platform$OS.type, 
[16:20:38.999]                 windows = "NUL", "/dev/null"), open = "w")
[16:20:38.999]         }
[16:20:38.999]         base::sink(...future.stdout, type = "output", split = FALSE)
[16:20:38.999]         base::on.exit(if (!base::is.null(...future.stdout)) {
[16:20:38.999]             base::sink(type = "output", split = FALSE)
[16:20:38.999]             base::close(...future.stdout)
[16:20:38.999]         }, add = TRUE)
[16:20:38.999]     }
[16:20:38.999]     ...future.frame <- base::sys.nframe()
[16:20:38.999]     ...future.conditions <- base::list()
[16:20:38.999]     ...future.rng <- base::globalenv()$.Random.seed
[16:20:38.999]     if (FALSE) {
[16:20:38.999]         ...future.globalenv.names <- c(base::names(base::.GlobalEnv), 
[16:20:38.999]             "...future.value", "...future.globalenv.names", ".Random.seed")
[16:20:38.999]     }
[16:20:38.999]     ...future.result <- base::tryCatch({
[16:20:38.999]         base::withCallingHandlers({
[16:20:38.999]             ...future.value <- base::withVisible(base::local({
[16:20:38.999]                 42L
[16:20:38.999]                 stop("woops")
[16:20:38.999]             }))
[16:20:38.999]             future::FutureResult(value = ...future.value$value, 
[16:20:38.999]                 visible = ...future.value$visible, rng = !identical(base::globalenv()$.Random.seed, 
[16:20:38.999]                   ...future.rng), globalenv = if (FALSE) 
[16:20:38.999]                   list(added = base::setdiff(base::names(base::.GlobalEnv), 
[16:20:38.999]                     ...future.globalenv.names))
[16:20:38.999]                 else NULL, started = ...future.startTime, version = "1.8")
[16:20:38.999]         }, condition = base::local({
[16:20:38.999]             c <- base::c
[16:20:38.999]             inherits <- base::inherits
[16:20:38.999]             invokeRestart <- base::invokeRestart
[16:20:38.999]             length <- base::length
[16:20:38.999]             list <- base::list
[16:20:38.999]             seq.int <- base::seq.int
[16:20:38.999]             signalCondition <- base::signalCondition
[16:20:38.999]             sys.calls <- base::sys.calls
[16:20:38.999]             `[[` <- base::`[[`
[16:20:38.999]             `+` <- base::`+`
[16:20:38.999]             `<<-` <- base::`<<-`
[16:20:38.999]             sysCalls <- function(calls = sys.calls(), from = 1L) {
[16:20:38.999]                 calls[seq.int(from = from + 12L, to = length(calls) - 
[16:20:38.999]                   3L)]
[16:20:38.999]             }
[16:20:38.999]             function(cond) {
[16:20:38.999]                 is_error <- inherits(cond, "error")
[16:20:38.999]                 ignore <- !is_error && !is.null(NULL) && inherits(cond, 
[16:20:38.999]                   NULL)
[16:20:38.999]                 if (is_error) {
[16:20:38.999]                   sessionInformation <- function() {
[16:20:38.999]                     list(r = base::R.Version(), locale = base::Sys.getlocale(), 
[16:20:38.999]                       rngkind = base::RNGkind(), namespaces = base::loadedNamespaces(), 
[16:20:38.999]                       search = base::search(), system = base::Sys.info())
[16:20:38.999]                   }
[16:20:38.999]                   ...future.conditions[[length(...future.conditions) + 
[16:20:38.999]                     1L]] <<- list(condition = cond, calls = c(sysCalls(from = ...future.frame), 
[16:20:38.999]                     cond$call), session = sessionInformation(), 
[16:20:38.999]                     timestamp = base::Sys.time(), signaled = 0L)
[16:20:38.999]                   signalCondition(cond)
[16:20:38.999]                 }
[16:20:38.999]                 else if (!ignore && TRUE && inherits(cond, c("condition", 
[16:20:38.999]                 "immediateCondition"))) {
[16:20:38.999]                   signal <- TRUE && inherits(cond, "immediateCondition")
[16:20:38.999]                   ...future.conditions[[length(...future.conditions) + 
[16:20:38.999]                     1L]] <<- list(condition = cond, signaled = base::as.integer(signal))
[16:20:38.999]                   if (TRUE && !signal) {
[16:20:38.999]                     muffleCondition <- function (cond, pattern = "^muffle") 
[16:20:38.999]                     {
[16:20:38.999]                       inherits <- base::inherits
[16:20:38.999]                       invokeRestart <- base::invokeRestart
[16:20:38.999]                       is.null <- base::is.null
[16:20:38.999]                       muffled <- FALSE
[16:20:38.999]                       if (inherits(cond, "message")) {
[16:20:38.999]                         muffled <- grepl(pattern, "muffleMessage")
[16:20:38.999]                         if (muffled) 
[16:20:38.999]                           invokeRestart("muffleMessage")
[16:20:38.999]                       }
[16:20:38.999]                       else if (inherits(cond, "warning")) {
[16:20:38.999]                         muffled <- grepl(pattern, "muffleWarning")
[16:20:38.999]                         if (muffled) 
[16:20:38.999]                           invokeRestart("muffleWarning")
[16:20:38.999]                       }
[16:20:38.999]                       else if (inherits(cond, "condition")) {
[16:20:38.999]                         if (!is.null(pattern)) {
[16:20:38.999]                           computeRestarts <- base::computeRestarts
[16:20:38.999]                           grepl <- base::grepl
[16:20:38.999]                           restarts <- computeRestarts(cond)
[16:20:38.999]                           for (restart in restarts) {
[16:20:38.999]                             name <- restart$name
[16:20:38.999]                             if (is.null(name)) 
[16:20:38.999]                               next
[16:20:38.999]                             if (!grepl(pattern, name)) 
[16:20:38.999]                               next
[16:20:38.999]                             invokeRestart(restart)
[16:20:38.999]                             muffled <- TRUE
[16:20:38.999]                             break
[16:20:38.999]                           }
[16:20:38.999]                         }
[16:20:38.999]                       }
[16:20:38.999]                       invisible(muffled)
[16:20:38.999]                     }
[16:20:38.999]                     muffleCondition(cond, pattern = "^muffle")
[16:20:38.999]                   }
[16:20:38.999]                 }
[16:20:38.999]                 else {
[16:20:38.999]                   if (TRUE) {
[16:20:38.999]                     muffleCondition <- function (cond, pattern = "^muffle") 
[16:20:38.999]                     {
[16:20:38.999]                       inherits <- base::inherits
[16:20:38.999]                       invokeRestart <- base::invokeRestart
[16:20:38.999]                       is.null <- base::is.null
[16:20:38.999]                       muffled <- FALSE
[16:20:38.999]                       if (inherits(cond, "message")) {
[16:20:38.999]                         muffled <- grepl(pattern, "muffleMessage")
[16:20:38.999]                         if (muffled) 
[16:20:38.999]                           invokeRestart("muffleMessage")
[16:20:38.999]                       }
[16:20:38.999]                       else if (inherits(cond, "warning")) {
[16:20:38.999]                         muffled <- grepl(pattern, "muffleWarning")
[16:20:38.999]                         if (muffled) 
[16:20:38.999]                           invokeRestart("muffleWarning")
[16:20:38.999]                       }
[16:20:38.999]                       else if (inherits(cond, "condition")) {
[16:20:38.999]                         if (!is.null(pattern)) {
[16:20:38.999]                           computeRestarts <- base::computeRestarts
[16:20:38.999]                           grepl <- base::grepl
[16:20:38.999]                           restarts <- computeRestarts(cond)
[16:20:38.999]                           for (restart in restarts) {
[16:20:38.999]                             name <- restart$name
[16:20:38.999]                             if (is.null(name)) 
[16:20:38.999]                               next
[16:20:38.999]                             if (!grepl(pattern, name)) 
[16:20:38.999]                               next
[16:20:38.999]                             invokeRestart(restart)
[16:20:38.999]                             muffled <- TRUE
[16:20:38.999]                             break
[16:20:38.999]                           }
[16:20:38.999]                         }
[16:20:38.999]                       }
[16:20:38.999]                       invisible(muffled)
[16:20:38.999]                     }
[16:20:38.999]                     muffleCondition(cond, pattern = "^muffle")
[16:20:38.999]                   }
[16:20:38.999]                 }
[16:20:38.999]             }
[16:20:38.999]         }))
[16:20:38.999]     }, error = function(ex) {
[16:20:38.999]         base::structure(base::list(value = NULL, visible = NULL, 
[16:20:38.999]             conditions = ...future.conditions, rng = !identical(base::globalenv()$.Random.seed, 
[16:20:38.999]                 ...future.rng), started = ...future.startTime, 
[16:20:38.999]             finished = Sys.time(), session_uuid = NA_character_, 
[16:20:38.999]             version = "1.8"), class = "FutureResult")
[16:20:38.999]     }, finally = {
[16:20:38.999]         if (!identical(...future.workdir, getwd())) 
[16:20:38.999]             setwd(...future.workdir)
[16:20:38.999]         {
[16:20:38.999]             if (identical(getOption("nwarnings"), ...future.oldOptions$nwarnings)) {
[16:20:38.999]                 ...future.oldOptions$nwarnings <- NULL
[16:20:38.999]             }
[16:20:38.999]             base::options(...future.oldOptions)
[16:20:38.999]             if (.Platform$OS.type == "windows") {
[16:20:38.999]                 old_names <- names(...future.oldEnvVars)
[16:20:38.999]                 envs <- base::Sys.getenv()
[16:20:38.999]                 names <- names(envs)
[16:20:38.999]                 common <- intersect(names, old_names)
[16:20:38.999]                 added <- setdiff(names, old_names)
[16:20:38.999]                 removed <- setdiff(old_names, names)
[16:20:38.999]                 changed <- common[...future.oldEnvVars[common] != 
[16:20:38.999]                   envs[common]]
[16:20:38.999]                 NAMES <- toupper(changed)
[16:20:38.999]                 args <- list()
[16:20:38.999]                 for (kk in seq_along(NAMES)) {
[16:20:38.999]                   name <- changed[[kk]]
[16:20:38.999]                   NAME <- NAMES[[kk]]
[16:20:38.999]                   if (name != NAME && is.element(NAME, old_names)) 
[16:20:38.999]                     next
[16:20:38.999]                   args[[name]] <- ...future.oldEnvVars[[name]]
[16:20:38.999]                 }
[16:20:38.999]                 NAMES <- toupper(added)
[16:20:38.999]                 for (kk in seq_along(NAMES)) {
[16:20:38.999]                   name <- added[[kk]]
[16:20:38.999]                   NAME <- NAMES[[kk]]
[16:20:38.999]                   if (name != NAME && is.element(NAME, old_names)) 
[16:20:38.999]                     next
[16:20:38.999]                   args[[name]] <- ""
[16:20:38.999]                 }
[16:20:38.999]                 NAMES <- toupper(removed)
[16:20:38.999]                 for (kk in seq_along(NAMES)) {
[16:20:38.999]                   name <- removed[[kk]]
[16:20:38.999]                   NAME <- NAMES[[kk]]
[16:20:38.999]                   if (name != NAME && is.element(NAME, old_names)) 
[16:20:38.999]                     next
[16:20:38.999]                   args[[name]] <- ...future.oldEnvVars[[name]]
[16:20:38.999]                 }
[16:20:38.999]                 if (length(args) > 0) 
[16:20:38.999]                   base::do.call(base::Sys.setenv, args = args)
[16:20:38.999]                 args <- names <- old_names <- NAMES <- envs <- common <- added <- removed <- NULL
[16:20:38.999]             }
[16:20:38.999]             else {
[16:20:38.999]                 base::do.call(base::Sys.setenv, args = base::as.list(...future.oldEnvVars))
[16:20:38.999]             }
[16:20:38.999]             {
[16:20:38.999]                 if (base::length(...future.futureOptionsAdded) > 
[16:20:38.999]                   0L) {
[16:20:38.999]                   opts <- base::vector("list", length = base::length(...future.futureOptionsAdded))
[16:20:38.999]                   base::names(opts) <- ...future.futureOptionsAdded
[16:20:38.999]                   base::options(opts)
[16:20:38.999]                 }
[16:20:38.999]                 {
[16:20:38.999]                   {
[16:20:38.999]                     NULL
[16:20:38.999]                     RNGkind("Mersenne-Twister")
[16:20:38.999]                     base::rm(list = ".Random.seed", envir = base::globalenv(), 
[16:20:38.999]                       inherits = FALSE)
[16:20:38.999]                   }
[16:20:38.999]                   options(future.plan = NULL)
[16:20:38.999]                   if (is.na(NA_character_)) 
[16:20:38.999]                     Sys.unsetenv("R_FUTURE_PLAN")
[16:20:38.999]                   else Sys.setenv(R_FUTURE_PLAN = NA_character_)
[16:20:38.999]                   future::plan(...future.strategy.old, .cleanup = FALSE, 
[16:20:38.999]                     .init = FALSE)
[16:20:38.999]                 }
[16:20:38.999]             }
[16:20:38.999]         }
[16:20:38.999]     })
[16:20:38.999]     if (TRUE) {
[16:20:38.999]         base::sink(type = "output", split = FALSE)
[16:20:38.999]         if (TRUE) {
[16:20:38.999]             ...future.result$stdout <- base::rawToChar(base::rawConnectionValue(...future.stdout))
[16:20:38.999]         }
[16:20:38.999]         else {
[16:20:38.999]             ...future.result["stdout"] <- base::list(NULL)
[16:20:38.999]         }
[16:20:38.999]         base::close(...future.stdout)
[16:20:38.999]         ...future.stdout <- NULL
[16:20:38.999]     }
[16:20:38.999]     ...future.result$conditions <- ...future.conditions
[16:20:38.999]     ...future.result$finished <- base::Sys.time()
[16:20:38.999]     ...future.result
[16:20:38.999] }
[16:20:39.001] plan(): Setting new future strategy stack:
[16:20:39.001] List of future strategies:
[16:20:39.001] 1. sequential:
[16:20:39.001]    - args: function (..., envir = parent.frame())
[16:20:39.001]    - tweaked: FALSE
[16:20:39.001]    - call: NULL
[16:20:39.001] plan(): nbrOfWorkers() = 1
[16:20:39.002] plan(): Setting new future strategy stack:
[16:20:39.002] List of future strategies:
[16:20:39.002] 1. sequential:
[16:20:39.002]    - args: function (..., envir = parent.frame())
[16:20:39.002]    - tweaked: FALSE
[16:20:39.002]    - call: future::plan("sequential")
[16:20:39.002] plan(): nbrOfWorkers() = 1
[16:20:39.003] SequentialFuture started (and completed)
[16:20:39.003] signalConditions() ...
[16:20:39.003]  - include = ‘immediateCondition’
[16:20:39.003]  - exclude = 
[16:20:39.003]  - resignal = FALSE
[16:20:39.003]  - Number of conditions: 1
[16:20:39.003] signalConditions() ... done
[16:20:39.004] - Launch lazy future ... done
[16:20:39.004] run() for ‘SequentialFuture’ ... done
> v <- value(f, signal = FALSE)
[16:20:39.004] signalConditions() ...
[16:20:39.004]  - include = ‘immediateCondition’
[16:20:39.004]  - exclude = 
[16:20:39.004]  - resignal = FALSE
[16:20:39.005]  - Number of conditions: 1
[16:20:39.005] signalConditions() ... done
> print(v)
<simpleError in eval(quote({    42L    stop("woops")}), new.env()): woops>
> ex <- FutureError(message = "Woops", future = f)
> print(ex)
<FutureError: Woops>


Future UUID: 2c9d32b6-234e-4308-779c-1b44e3d1269e


DEBUG: BEGIN TROUBLESHOOTING HELP
Future involved:
SequentialFuture:
Label: ‘<none>’
Expression:
{
    42L
    stop("woops")
}
Lazy evaluation: FALSE
Asynchronous evaluation: FALSE
Local evaluation: TRUE
Environment: R_GlobalEnv
Capture standard output: TRUE
Capture condition classes: ‘condition’ (excluding ‘nothing’)
Globals: <none>
Packages: <none>
L'Ecuyer-CMRG RNG seed: <none> (seed = FALSE)
Resolved: TRUE
Value: 0 bytes of class ‘NULL’
Conditions captured: [n=1] ‘simpleError’
Early signaling: FALSE
Owner process: 6c7262f2-7af9-07ae-e73e-e43a9562f71f
Class: ‘SequentialFuture’, ‘UniprocessFuture’, ‘Future’, ‘environment’

DEBUG: END TROUBLESHOOTING HELP
> 
> message("*** FutureError class ... DONE")
*** FutureError class ... DONE
> 
> source("incl/end.R")
[16:20:39.006] plan(): Setting new future strategy stack:
[16:20:39.007] List of future strategies:
[16:20:39.007] 1. FutureStrategy:
[16:20:39.007]    - args: function (..., envir = parent.frame())
[16:20:39.007]    - tweaked: FALSE
[16:20:39.007]    - call: future::plan(oplan)
[16:20:39.019] plan(): nbrOfWorkers() = 1
> 
