
R version 4.3.3 (2024-02-29) -- "Angel Food Cake"
Copyright (C) 2024 The R Foundation for Statistical Computing
Platform: x86_64-pc-linux-gnu (64-bit)

R is free software and comes with ABSOLUTELY NO WARRANTY.
You are welcome to redistribute it under certain conditions.
Type 'license()' or 'licence()' for distribution details.

R is a collaborative project with many contributors.
Type 'contributors()' for more information and
'citation()' on how to cite R or R packages in publications.

Type 'demo()' for some demos, 'help()' for on-line help, or
'help.start()' for an HTML browser interface to help.
Type 'q()' to quit R.

> source("incl/start.R")
[16:20:39.927] plan(): Setting new future strategy stack:
[16:20:39.927] List of future strategies:
[16:20:39.927] 1. sequential:
[16:20:39.927]    - args: function (..., envir = parent.frame())
[16:20:39.927]    - tweaked: FALSE
[16:20:39.927]    - call: future::plan("sequential")
[16:20:39.941] plan(): nbrOfWorkers() = 1
> library("listenv")
> 
> message("*** futureOf() with listenv ...")
*** futureOf() with listenv ...
> 
> message("*** futureOf() with listenv - future assignments ...")
*** futureOf() with listenv - future assignments ...
> 
> x <- listenv()
> x$a %<-% { 1 } %lazy% TRUE
[16:20:39.955] getGlobalsAndPackages() ...
[16:20:39.955] Searching for globals...
[16:20:39.958] - globals found: [1] ‘{’
[16:20:39.958] Searching for globals ... DONE
[16:20:39.959] Resolving globals: FALSE
[16:20:39.959] 
[16:20:39.959] 
[16:20:39.959] getGlobalsAndPackages() ... DONE
> 
> f1 <- futureOf("a", envir = x)
> print(f1)
Future:
Label: ‘<none>’
Expression:
{
    1
}
Lazy evaluation: TRUE
Asynchronous evaluation: TRUE
Local evaluation: TRUE
Environment: R_GlobalEnv
Capture standard output: TRUE
Capture condition classes: ‘condition’ (excluding ‘nothing’)
Globals: <none>
Packages: <none>
L'Ecuyer-CMRG RNG seed: <none> (seed = FALSE)
Resolved: FALSE
Value: <not collected>
Conditions captured: <none>
Early signaling: FALSE
Owner process: a01e370e-ab35-3e43-00ee-1fd7c943851b
Class: ‘Future’, ‘environment’
> f2 <- futureOf(a, envir = x)
> f3 <- futureOf(1, envir = x)
> f4 <- futureOf(x[["a"]])
> f5 <- futureOf(x$a)
> f6 <- futureOf(x[[1]])
> stopifnot(identical(f2, f1), identical(f3, f2), identical(f4, f3),
+           identical(f5, f4), identical(f6, f5))
> 
> x[[3]] %<-% { 3 } %lazy% TRUE
[16:20:39.962] getGlobalsAndPackages() ...
[16:20:39.962] Searching for globals...
[16:20:39.962] - globals found: [1] ‘{’
[16:20:39.963] Searching for globals ... DONE
[16:20:39.963] Resolving globals: FALSE
[16:20:39.963] 
[16:20:39.963] 
[16:20:39.963] getGlobalsAndPackages() ... DONE
> x$d %<-% { 4 } %lazy% TRUE
[16:20:39.964] getGlobalsAndPackages() ...
[16:20:39.964] Searching for globals...
[16:20:39.964] - globals found: [1] ‘{’
[16:20:39.964] Searching for globals ... DONE
[16:20:39.964] Resolving globals: FALSE
[16:20:39.965] 
[16:20:39.965] 
[16:20:39.965] getGlobalsAndPackages() ... DONE
> x[[5]] <- 5
> 
> ## Identify all futures
> fs <- futureOf(envir = x)
> print(fs)
$a
Future:
Label: ‘<none>’
Expression:
{
    1
}
Lazy evaluation: TRUE
Asynchronous evaluation: TRUE
Local evaluation: TRUE
Environment: R_GlobalEnv
Capture standard output: TRUE
Capture condition classes: ‘condition’ (excluding ‘nothing’)
Globals: <none>
Packages: <none>
L'Ecuyer-CMRG RNG seed: <none> (seed = FALSE)
Resolved: FALSE
Value: <not collected>
Conditions captured: <none>
Early signaling: FALSE
Owner process: a01e370e-ab35-3e43-00ee-1fd7c943851b
Class: ‘Future’, ‘environment’

[[2]]
[1] NA
attr(,"reason")
[1] "No such future variable: 2L"

[[3]]
Future:
Label: ‘<none>’
Expression:
{
    3
}
Lazy evaluation: TRUE
Asynchronous evaluation: TRUE
Local evaluation: TRUE
Environment: R_GlobalEnv
Capture standard output: TRUE
Capture condition classes: ‘condition’ (excluding ‘nothing’)
Globals: <none>
Packages: <none>
L'Ecuyer-CMRG RNG seed: <none> (seed = FALSE)
Resolved: FALSE
Value: <not collected>
Conditions captured: <none>
Early signaling: FALSE
Owner process: a01e370e-ab35-3e43-00ee-1fd7c943851b
Class: ‘Future’, ‘environment’

$d
Future:
Label: ‘<none>’
Expression:
{
    4
}
Lazy evaluation: TRUE
Asynchronous evaluation: TRUE
Local evaluation: TRUE
Environment: R_GlobalEnv
Capture standard output: TRUE
Capture condition classes: ‘condition’ (excluding ‘nothing’)
Globals: <none>
Packages: <none>
L'Ecuyer-CMRG RNG seed: <none> (seed = FALSE)
Resolved: FALSE
Value: <not collected>
Conditions captured: <none>
Early signaling: FALSE
Owner process: a01e370e-ab35-3e43-00ee-1fd7c943851b
Class: ‘Future’, ‘environment’

[[5]]
[1] NA
attr(,"reason")
[1] "Future (‘.listenv_var_2.000000’) not found in listenv ‘<noname>’: ‘5L’"

> stopifnot(identical(names(fs), names(x)))
> stopifnot(identical(fs$a, f1))
> stopifnot(identical(fs[[3]], futureOf(3L, envir = x)))
> stopifnot(identical(fs$d, futureOf("d", envir = x)))
> 
> fsD <- futureOf(envir = x, drop = TRUE)
> print(fsD)
$a
Future:
Label: ‘<none>’
Expression:
{
    1
}
Lazy evaluation: TRUE
Asynchronous evaluation: TRUE
Local evaluation: TRUE
Environment: R_GlobalEnv
Capture standard output: TRUE
Capture condition classes: ‘condition’ (excluding ‘nothing’)
Globals: <none>
Packages: <none>
L'Ecuyer-CMRG RNG seed: <none> (seed = FALSE)
Resolved: FALSE
Value: <not collected>
Conditions captured: <none>
Early signaling: FALSE
Owner process: a01e370e-ab35-3e43-00ee-1fd7c943851b
Class: ‘Future’, ‘environment’

[[2]]
Future:
Label: ‘<none>’
Expression:
{
    3
}
Lazy evaluation: TRUE
Asynchronous evaluation: TRUE
Local evaluation: TRUE
Environment: R_GlobalEnv
Capture standard output: TRUE
Capture condition classes: ‘condition’ (excluding ‘nothing’)
Globals: <none>
Packages: <none>
L'Ecuyer-CMRG RNG seed: <none> (seed = FALSE)
Resolved: FALSE
Value: <not collected>
Conditions captured: <none>
Early signaling: FALSE
Owner process: a01e370e-ab35-3e43-00ee-1fd7c943851b
Class: ‘Future’, ‘environment’

$d
Future:
Label: ‘<none>’
Expression:
{
    4
}
Lazy evaluation: TRUE
Asynchronous evaluation: TRUE
Local evaluation: TRUE
Environment: R_GlobalEnv
Capture standard output: TRUE
Capture condition classes: ‘condition’ (excluding ‘nothing’)
Globals: <none>
Packages: <none>
L'Ecuyer-CMRG RNG seed: <none> (seed = FALSE)
Resolved: FALSE
Value: <not collected>
Conditions captured: <none>
Early signaling: FALSE
Owner process: a01e370e-ab35-3e43-00ee-1fd7c943851b
Class: ‘Future’, ‘environment’

> stopifnot(all(sapply(fsD, FUN = inherits, "Future")))
> stopifnot(!identical(fsD, fs))
> 
> message("*** futureOf() with listenv - future assignments ... DONE")
*** futureOf() with listenv - future assignments ... DONE
> 
> 
> message("*** futureOf() with listenv - futures ...")
*** futureOf() with listenv - futures ...
> 
> x <- listenv()
> x$a <- future({ 1 }, lazy = TRUE)
[16:20:39.969] getGlobalsAndPackages() ...
[16:20:39.969] Searching for globals...
[16:20:39.969] - globals found: [1] ‘{’
[16:20:39.969] Searching for globals ... DONE
[16:20:39.969] Resolving globals: FALSE
[16:20:39.970] 
[16:20:39.970] 
[16:20:39.970] getGlobalsAndPackages() ... DONE
> 
> f1 <- futureOf("a", envir = x)
> print(f1)
Future:
Label: ‘<none>’
Expression:
{
    1
}
Lazy evaluation: TRUE
Asynchronous evaluation: TRUE
Local evaluation: TRUE
Environment: R_GlobalEnv
Capture standard output: TRUE
Capture condition classes: ‘condition’ (excluding ‘nothing’)
Globals: <none>
Packages: <none>
L'Ecuyer-CMRG RNG seed: <none> (seed = FALSE)
Resolved: FALSE
Value: <not collected>
Conditions captured: <none>
Early signaling: FALSE
Owner process: a01e370e-ab35-3e43-00ee-1fd7c943851b
Class: ‘Future’, ‘environment’
> stopifnot(identical(f1, x$a))
> f2 <- futureOf(a, envir = x)
> stopifnot(identical(f2, x$a))
> f3 <- futureOf(1, envir = x)
> stopifnot(identical(f3, x$a))
> f4 <- futureOf(x[["a"]])
> stopifnot(identical(f4, x$a))
> f5 <- futureOf(x$a)
> stopifnot(identical(f5, x$a))
> f6 <- futureOf(x[[1]])
> stopifnot(identical(f6, x$a))
> 
> x[[3]] <- future({ 3 }, lazy = TRUE)
[16:20:39.972] getGlobalsAndPackages() ...
[16:20:39.972] Searching for globals...
[16:20:39.972] - globals found: [1] ‘{’
[16:20:39.972] Searching for globals ... DONE
[16:20:39.972] Resolving globals: FALSE
[16:20:39.973] 
[16:20:39.973] 
[16:20:39.973] getGlobalsAndPackages() ... DONE
> x$d <- future({ 4 }, lazy = TRUE)
[16:20:39.973] getGlobalsAndPackages() ...
[16:20:39.973] Searching for globals...
[16:20:39.974] - globals found: [1] ‘{’
[16:20:39.974] Searching for globals ... DONE
[16:20:39.974] Resolving globals: FALSE
[16:20:39.974] 
[16:20:39.974] 
[16:20:39.974] getGlobalsAndPackages() ... DONE
> x[[5]] <- 5
> 
> ## Identify all futures
> fs <- futureOf(envir = x)
> print(fs)
$a
Future:
Label: ‘<none>’
Expression:
{
    1
}
Lazy evaluation: TRUE
Asynchronous evaluation: TRUE
Local evaluation: TRUE
Environment: R_GlobalEnv
Capture standard output: TRUE
Capture condition classes: ‘condition’ (excluding ‘nothing’)
Globals: <none>
Packages: <none>
L'Ecuyer-CMRG RNG seed: <none> (seed = FALSE)
Resolved: FALSE
Value: <not collected>
Conditions captured: <none>
Early signaling: FALSE
Owner process: a01e370e-ab35-3e43-00ee-1fd7c943851b
Class: ‘Future’, ‘environment’

[[2]]
[1] NA
attr(,"reason")
[1] "No such future variable: 2L"

[[3]]
Future:
Label: ‘<none>’
Expression:
{
    3
}
Lazy evaluation: TRUE
Asynchronous evaluation: TRUE
Local evaluation: TRUE
Environment: R_GlobalEnv
Capture standard output: TRUE
Capture condition classes: ‘condition’ (excluding ‘nothing’)
Globals: <none>
Packages: <none>
L'Ecuyer-CMRG RNG seed: <none> (seed = FALSE)
Resolved: FALSE
Value: <not collected>
Conditions captured: <none>
Early signaling: FALSE
Owner process: a01e370e-ab35-3e43-00ee-1fd7c943851b
Class: ‘Future’, ‘environment’

$d
Future:
Label: ‘<none>’
Expression:
{
    4
}
Lazy evaluation: TRUE
Asynchronous evaluation: TRUE
Local evaluation: TRUE
Environment: R_GlobalEnv
Capture standard output: TRUE
Capture condition classes: ‘condition’ (excluding ‘nothing’)
Globals: <none>
Packages: <none>
L'Ecuyer-CMRG RNG seed: <none> (seed = FALSE)
Resolved: FALSE
Value: <not collected>
Conditions captured: <none>
Early signaling: FALSE
Owner process: a01e370e-ab35-3e43-00ee-1fd7c943851b
Class: ‘Future’, ‘environment’

[[5]]
[1] NA
attr(,"reason")
[1] "Future (‘.listenv_var_2.000000’) not found in listenv ‘<noname>’: ‘5L’"

> stopifnot(identical(names(fs), names(x)))
> stopifnot(identical(fs$a, f1))
> stopifnot(identical(fs[[3]], futureOf(3L, envir = x)))
> stopifnot(identical(fs$d, futureOf("d", envir = x)))
> 
> fsD <- futureOf(envir = x, drop = TRUE)
> print(fsD)
$a
Future:
Label: ‘<none>’
Expression:
{
    1
}
Lazy evaluation: TRUE
Asynchronous evaluation: TRUE
Local evaluation: TRUE
Environment: R_GlobalEnv
Capture standard output: TRUE
Capture condition classes: ‘condition’ (excluding ‘nothing’)
Globals: <none>
Packages: <none>
L'Ecuyer-CMRG RNG seed: <none> (seed = FALSE)
Resolved: FALSE
Value: <not collected>
Conditions captured: <none>
Early signaling: FALSE
Owner process: a01e370e-ab35-3e43-00ee-1fd7c943851b
Class: ‘Future’, ‘environment’

[[2]]
Future:
Label: ‘<none>’
Expression:
{
    3
}
Lazy evaluation: TRUE
Asynchronous evaluation: TRUE
Local evaluation: TRUE
Environment: R_GlobalEnv
Capture standard output: TRUE
Capture condition classes: ‘condition’ (excluding ‘nothing’)
Globals: <none>
Packages: <none>
L'Ecuyer-CMRG RNG seed: <none> (seed = FALSE)
Resolved: FALSE
Value: <not collected>
Conditions captured: <none>
Early signaling: FALSE
Owner process: a01e370e-ab35-3e43-00ee-1fd7c943851b
Class: ‘Future’, ‘environment’

$d
Future:
Label: ‘<none>’
Expression:
{
    4
}
Lazy evaluation: TRUE
Asynchronous evaluation: TRUE
Local evaluation: TRUE
Environment: R_GlobalEnv
Capture standard output: TRUE
Capture condition classes: ‘condition’ (excluding ‘nothing’)
Globals: <none>
Packages: <none>
L'Ecuyer-CMRG RNG seed: <none> (seed = FALSE)
Resolved: FALSE
Value: <not collected>
Conditions captured: <none>
Early signaling: FALSE
Owner process: a01e370e-ab35-3e43-00ee-1fd7c943851b
Class: ‘Future’, ‘environment’

> stopifnot(all(sapply(fsD, FUN = inherits, "Future")))
> stopifnot(!identical(fsD, fs))
> 
> message("*** futureOf() with listenv - futures ... DONE")
*** futureOf() with listenv - futures ... DONE
> 
> 
> message("*** futureOf() with listenv - exceptions ...")
*** futureOf() with listenv - exceptions ...
> 
> ## Invalid subset
> res <- tryCatch(futureOf(x[[0]], mustExist = FALSE), error = identity)
> stopifnot(inherits(res, "error"))
> 
> res <- tryCatch(futureOf(x[[0]], mustExist = TRUE), error = identity)
> stopifnot(inherits(res, "error"))
> 
> ## Out-of-bound subscript, cf lists
> stopifnot(is.na(futureOf(x[[10]], mustExist = FALSE)))
> res <- tryCatch(futureOf(x[[10]], mustExist = TRUE), error = identity)
[16:20:39.979] ERROR: No such future variable: x[[10]]
> stopifnot(inherits(res, "error"))
> 
> ## Invalid subscript
> res <- tryCatch(futureOf(x[[1 + 2i]], mustExist = TRUE), error = identity)
> stopifnot(inherits(res, "error"))
> 
> ## Non-existing object
> res <- tryCatch(futureOf(z[[1]], mustExist = TRUE), error = identity)
> stopifnot(inherits(res, "error"))
> 
> message("*** futureOf() with listenv - exceptions ... DONE")
*** futureOf() with listenv - exceptions ... DONE
> 
> 
> message("*** futureOf() with listenv ... DONE")
*** futureOf() with listenv ... DONE
> 
> source("incl/end.R")
[16:20:39.980] plan(): Setting new future strategy stack:
[16:20:39.980] List of future strategies:
[16:20:39.980] 1. FutureStrategy:
[16:20:39.980]    - args: function (..., envir = parent.frame())
[16:20:39.980]    - tweaked: FALSE
[16:20:39.980]    - call: future::plan(oplan)
[16:20:39.993] plan(): nbrOfWorkers() = 1
> 
