
R version 4.3.3 (2024-02-29) -- "Angel Food Cake"
Copyright (C) 2024 The R Foundation for Statistical Computing
Platform: x86_64-pc-linux-gnu (64-bit)

R is free software and comes with ABSOLUTELY NO WARRANTY.
You are welcome to redistribute it under certain conditions.
Type 'license()' or 'licence()' for distribution details.

R is a collaborative project with many contributors.
Type 'contributors()' for more information and
'citation()' on how to cite R or R packages in publications.

Type 'demo()' for some demos, 'help()' for on-line help, or
'help.start()' for an HTML browser interface to help.
Type 'q()' to quit R.

> source("incl/start.R")
[10:32:47.843] plan(): Setting new future strategy stack:
[10:32:47.844] List of future strategies:
[10:32:47.844] 1. sequential:
[10:32:47.844]    - args: function (..., envir = parent.frame())
[10:32:47.844]    - tweaked: FALSE
[10:32:47.844]    - call: future::plan("sequential")
[10:32:47.858] plan(): nbrOfWorkers() = 1
> 
> message("*** FutureError class ...")
*** FutureError class ...
> 
> ## Minimal
> ex <- FutureError(message = "Woops")
> print(ex)
<FutureError: Woops>


Future UUID: <NA>
> 
> cond <- tryCatch(message("Woops", appendLF = FALSE), message = identity)
> ex2 <- FutureError(message = cond)
> print(ex2)
<FutureError: Woops>


Future UUID: <NA>
> stopifnot(conditionMessage(ex2) == conditionMessage(ex))
> 
> f <- future({ 42L; stop("woops") })
[10:32:47.869] getGlobalsAndPackages() ...
[10:32:47.869] Searching for globals...
[10:32:47.875] - globals found: [2] ‘{’, ‘stop’
[10:32:47.875] Searching for globals ... DONE
[10:32:47.876] Resolving globals: FALSE
[10:32:47.876] 
[10:32:47.876] 
[10:32:47.876] getGlobalsAndPackages() ... DONE
[10:32:47.877] run() for ‘Future’ ...
[10:32:47.877] - state: ‘created’
[10:32:47.877] - Future backend: ‘FutureStrategy’, ‘sequential’, ‘uniprocess’, ‘future’, ‘function’
[10:32:47.878] - Future class: ‘SequentialFuture’, ‘UniprocessFuture’, ‘Future’, ‘environment’
[10:32:47.878] - Copy elements of temporary ‘SequentialFuture’ to final ‘Future’ object ...
[10:32:47.878]   - Field: ‘label’
[10:32:47.878]   - Field: ‘local’
[10:32:47.878]   - Field: ‘owner’
[10:32:47.878]   - Field: ‘envir’
[10:32:47.878]   - Field: ‘packages’
[10:32:47.878]   - Field: ‘gc’
[10:32:47.879]   - Field: ‘conditions’
[10:32:47.879]   - Field: ‘expr’
[10:32:47.879]   - Field: ‘uuid’
[10:32:47.879]   - Field: ‘seed’
[10:32:47.879]   - Field: ‘version’
[10:32:47.879]   - Field: ‘result’
[10:32:47.879]   - Field: ‘asynchronous’
[10:32:47.879]   - Field: ‘calls’
[10:32:47.879]   - Field: ‘globals’
[10:32:47.879]   - Field: ‘stdout’
[10:32:47.879]   - Field: ‘earlySignal’
[10:32:47.880]   - Field: ‘lazy’
[10:32:47.880]   - Field: ‘state’
[10:32:47.880] - Copy elements of temporary ‘SequentialFuture’ to final ‘Future’ object ... done
[10:32:47.880] - Launch lazy future ...
[10:32:47.881] Packages needed by the future expression (n = 0): <none>
[10:32:47.881] Packages needed by future strategies (n = 0): <none>
[10:32:47.882] {
[10:32:47.882]     {
[10:32:47.882]         {
[10:32:47.882]             ...future.startTime <- base::Sys.time()
[10:32:47.882]             {
[10:32:47.882]                 {
[10:32:47.882]                   {
[10:32:47.882]                     base::local({
[10:32:47.882]                       has_future <- base::requireNamespace("future", 
[10:32:47.882]                         quietly = TRUE)
[10:32:47.882]                       if (has_future) {
[10:32:47.882]                         ns <- base::getNamespace("future")
[10:32:47.882]                         version <- ns[[".package"]][["version"]]
[10:32:47.882]                         if (is.null(version)) 
[10:32:47.882]                           version <- utils::packageVersion("future")
[10:32:47.882]                       }
[10:32:47.882]                       else {
[10:32:47.882]                         version <- NULL
[10:32:47.882]                       }
[10:32:47.882]                       if (!has_future || version < "1.8.0") {
[10:32:47.882]                         info <- base::c(r_version = base::gsub("R version ", 
[10:32:47.882]                           "", base::R.version$version.string), 
[10:32:47.882]                           platform = base::sprintf("%s (%s-bit)", 
[10:32:47.882]                             base::R.version$platform, 8 * base::.Machine$sizeof.pointer), 
[10:32:47.882]                           os = base::paste(base::Sys.info()[base::c("sysname", 
[10:32:47.882]                             "release", "version")], collapse = " "), 
[10:32:47.882]                           hostname = base::Sys.info()[["nodename"]])
[10:32:47.882]                         info <- base::sprintf("%s: %s", base::names(info), 
[10:32:47.882]                           info)
[10:32:47.882]                         info <- base::paste(info, collapse = "; ")
[10:32:47.882]                         if (!has_future) {
[10:32:47.882]                           msg <- base::sprintf("Package 'future' is not installed on worker (%s)", 
[10:32:47.882]                             info)
[10:32:47.882]                         }
[10:32:47.882]                         else {
[10:32:47.882]                           msg <- base::sprintf("Package 'future' on worker (%s) must be of version >= 1.8.0: %s", 
[10:32:47.882]                             info, version)
[10:32:47.882]                         }
[10:32:47.882]                         base::stop(msg)
[10:32:47.882]                       }
[10:32:47.882]                     })
[10:32:47.882]                   }
[10:32:47.882]                   ...future.strategy.old <- future::plan("list")
[10:32:47.882]                   options(future.plan = NULL)
[10:32:47.882]                   Sys.unsetenv("R_FUTURE_PLAN")
[10:32:47.882]                   future::plan("default", .cleanup = FALSE, .init = FALSE)
[10:32:47.882]                 }
[10:32:47.882]                 ...future.workdir <- getwd()
[10:32:47.882]             }
[10:32:47.882]             ...future.oldOptions <- base::as.list(base::.Options)
[10:32:47.882]             ...future.oldEnvVars <- base::Sys.getenv()
[10:32:47.882]         }
[10:32:47.882]         base::options(future.startup.script = FALSE, future.globals.onMissing = NULL, 
[10:32:47.882]             future.globals.maxSize = NULL, future.globals.method = NULL, 
[10:32:47.882]             future.globals.onMissing = NULL, future.globals.onReference = NULL, 
[10:32:47.882]             future.globals.resolve = NULL, future.resolve.recursive = NULL, 
[10:32:47.882]             future.rng.onMisuse = NULL, future.rng.onMisuse.keepFuture = NULL, 
[10:32:47.882]             future.stdout.windows.reencode = NULL, width = 80L)
[10:32:47.882]         ...future.futureOptionsAdded <- base::setdiff(base::names(base::.Options), 
[10:32:47.882]             base::names(...future.oldOptions))
[10:32:47.882]     }
[10:32:47.882]     if (FALSE) {
[10:32:47.882]     }
[10:32:47.882]     else {
[10:32:47.882]         if (TRUE) {
[10:32:47.882]             ...future.stdout <- base::rawConnection(base::raw(0L), 
[10:32:47.882]                 open = "w")
[10:32:47.882]         }
[10:32:47.882]         else {
[10:32:47.882]             ...future.stdout <- base::file(base::switch(.Platform$OS.type, 
[10:32:47.882]                 windows = "NUL", "/dev/null"), open = "w")
[10:32:47.882]         }
[10:32:47.882]         base::sink(...future.stdout, type = "output", split = FALSE)
[10:32:47.882]         base::on.exit(if (!base::is.null(...future.stdout)) {
[10:32:47.882]             base::sink(type = "output", split = FALSE)
[10:32:47.882]             base::close(...future.stdout)
[10:32:47.882]         }, add = TRUE)
[10:32:47.882]     }
[10:32:47.882]     ...future.frame <- base::sys.nframe()
[10:32:47.882]     ...future.conditions <- base::list()
[10:32:47.882]     ...future.rng <- base::globalenv()$.Random.seed
[10:32:47.882]     if (FALSE) {
[10:32:47.882]         ...future.globalenv.names <- c(base::names(base::.GlobalEnv), 
[10:32:47.882]             "...future.value", "...future.globalenv.names", ".Random.seed")
[10:32:47.882]     }
[10:32:47.882]     ...future.result <- base::tryCatch({
[10:32:47.882]         base::withCallingHandlers({
[10:32:47.882]             ...future.value <- base::withVisible(base::local({
[10:32:47.882]                 42L
[10:32:47.882]                 stop("woops")
[10:32:47.882]             }))
[10:32:47.882]             future::FutureResult(value = ...future.value$value, 
[10:32:47.882]                 visible = ...future.value$visible, rng = !identical(base::globalenv()$.Random.seed, 
[10:32:47.882]                   ...future.rng), globalenv = if (FALSE) 
[10:32:47.882]                   list(added = base::setdiff(base::names(base::.GlobalEnv), 
[10:32:47.882]                     ...future.globalenv.names))
[10:32:47.882]                 else NULL, started = ...future.startTime, version = "1.8")
[10:32:47.882]         }, condition = base::local({
[10:32:47.882]             c <- base::c
[10:32:47.882]             inherits <- base::inherits
[10:32:47.882]             invokeRestart <- base::invokeRestart
[10:32:47.882]             length <- base::length
[10:32:47.882]             list <- base::list
[10:32:47.882]             seq.int <- base::seq.int
[10:32:47.882]             signalCondition <- base::signalCondition
[10:32:47.882]             sys.calls <- base::sys.calls
[10:32:47.882]             `[[` <- base::`[[`
[10:32:47.882]             `+` <- base::`+`
[10:32:47.882]             `<<-` <- base::`<<-`
[10:32:47.882]             sysCalls <- function(calls = sys.calls(), from = 1L) {
[10:32:47.882]                 calls[seq.int(from = from + 12L, to = length(calls) - 
[10:32:47.882]                   3L)]
[10:32:47.882]             }
[10:32:47.882]             function(cond) {
[10:32:47.882]                 is_error <- inherits(cond, "error")
[10:32:47.882]                 ignore <- !is_error && !is.null(NULL) && inherits(cond, 
[10:32:47.882]                   NULL)
[10:32:47.882]                 if (is_error) {
[10:32:47.882]                   sessionInformation <- function() {
[10:32:47.882]                     list(r = base::R.Version(), locale = base::Sys.getlocale(), 
[10:32:47.882]                       rngkind = base::RNGkind(), namespaces = base::loadedNamespaces(), 
[10:32:47.882]                       search = base::search(), system = base::Sys.info())
[10:32:47.882]                   }
[10:32:47.882]                   ...future.conditions[[length(...future.conditions) + 
[10:32:47.882]                     1L]] <<- list(condition = cond, calls = c(sysCalls(from = ...future.frame), 
[10:32:47.882]                     cond$call), session = sessionInformation(), 
[10:32:47.882]                     timestamp = base::Sys.time(), signaled = 0L)
[10:32:47.882]                   signalCondition(cond)
[10:32:47.882]                 }
[10:32:47.882]                 else if (!ignore && TRUE && inherits(cond, c("condition", 
[10:32:47.882]                 "immediateCondition"))) {
[10:32:47.882]                   signal <- TRUE && inherits(cond, "immediateCondition")
[10:32:47.882]                   ...future.conditions[[length(...future.conditions) + 
[10:32:47.882]                     1L]] <<- list(condition = cond, signaled = base::as.integer(signal))
[10:32:47.882]                   if (TRUE && !signal) {
[10:32:47.882]                     muffleCondition <- function (cond, pattern = "^muffle") 
[10:32:47.882]                     {
[10:32:47.882]                       inherits <- base::inherits
[10:32:47.882]                       invokeRestart <- base::invokeRestart
[10:32:47.882]                       is.null <- base::is.null
[10:32:47.882]                       muffled <- FALSE
[10:32:47.882]                       if (inherits(cond, "message")) {
[10:32:47.882]                         muffled <- grepl(pattern, "muffleMessage")
[10:32:47.882]                         if (muffled) 
[10:32:47.882]                           invokeRestart("muffleMessage")
[10:32:47.882]                       }
[10:32:47.882]                       else if (inherits(cond, "warning")) {
[10:32:47.882]                         muffled <- grepl(pattern, "muffleWarning")
[10:32:47.882]                         if (muffled) 
[10:32:47.882]                           invokeRestart("muffleWarning")
[10:32:47.882]                       }
[10:32:47.882]                       else if (inherits(cond, "condition")) {
[10:32:47.882]                         if (!is.null(pattern)) {
[10:32:47.882]                           computeRestarts <- base::computeRestarts
[10:32:47.882]                           grepl <- base::grepl
[10:32:47.882]                           restarts <- computeRestarts(cond)
[10:32:47.882]                           for (restart in restarts) {
[10:32:47.882]                             name <- restart$name
[10:32:47.882]                             if (is.null(name)) 
[10:32:47.882]                               next
[10:32:47.882]                             if (!grepl(pattern, name)) 
[10:32:47.882]                               next
[10:32:47.882]                             invokeRestart(restart)
[10:32:47.882]                             muffled <- TRUE
[10:32:47.882]                             break
[10:32:47.882]                           }
[10:32:47.882]                         }
[10:32:47.882]                       }
[10:32:47.882]                       invisible(muffled)
[10:32:47.882]                     }
[10:32:47.882]                     muffleCondition(cond, pattern = "^muffle")
[10:32:47.882]                   }
[10:32:47.882]                 }
[10:32:47.882]                 else {
[10:32:47.882]                   if (TRUE) {
[10:32:47.882]                     muffleCondition <- function (cond, pattern = "^muffle") 
[10:32:47.882]                     {
[10:32:47.882]                       inherits <- base::inherits
[10:32:47.882]                       invokeRestart <- base::invokeRestart
[10:32:47.882]                       is.null <- base::is.null
[10:32:47.882]                       muffled <- FALSE
[10:32:47.882]                       if (inherits(cond, "message")) {
[10:32:47.882]                         muffled <- grepl(pattern, "muffleMessage")
[10:32:47.882]                         if (muffled) 
[10:32:47.882]                           invokeRestart("muffleMessage")
[10:32:47.882]                       }
[10:32:47.882]                       else if (inherits(cond, "warning")) {
[10:32:47.882]                         muffled <- grepl(pattern, "muffleWarning")
[10:32:47.882]                         if (muffled) 
[10:32:47.882]                           invokeRestart("muffleWarning")
[10:32:47.882]                       }
[10:32:47.882]                       else if (inherits(cond, "condition")) {
[10:32:47.882]                         if (!is.null(pattern)) {
[10:32:47.882]                           computeRestarts <- base::computeRestarts
[10:32:47.882]                           grepl <- base::grepl
[10:32:47.882]                           restarts <- computeRestarts(cond)
[10:32:47.882]                           for (restart in restarts) {
[10:32:47.882]                             name <- restart$name
[10:32:47.882]                             if (is.null(name)) 
[10:32:47.882]                               next
[10:32:47.882]                             if (!grepl(pattern, name)) 
[10:32:47.882]                               next
[10:32:47.882]                             invokeRestart(restart)
[10:32:47.882]                             muffled <- TRUE
[10:32:47.882]                             break
[10:32:47.882]                           }
[10:32:47.882]                         }
[10:32:47.882]                       }
[10:32:47.882]                       invisible(muffled)
[10:32:47.882]                     }
[10:32:47.882]                     muffleCondition(cond, pattern = "^muffle")
[10:32:47.882]                   }
[10:32:47.882]                 }
[10:32:47.882]             }
[10:32:47.882]         }))
[10:32:47.882]     }, error = function(ex) {
[10:32:47.882]         base::structure(base::list(value = NULL, visible = NULL, 
[10:32:47.882]             conditions = ...future.conditions, rng = !identical(base::globalenv()$.Random.seed, 
[10:32:47.882]                 ...future.rng), started = ...future.startTime, 
[10:32:47.882]             finished = Sys.time(), session_uuid = NA_character_, 
[10:32:47.882]             version = "1.8"), class = "FutureResult")
[10:32:47.882]     }, finally = {
[10:32:47.882]         if (!identical(...future.workdir, getwd())) 
[10:32:47.882]             setwd(...future.workdir)
[10:32:47.882]         {
[10:32:47.882]             if (identical(getOption("nwarnings"), ...future.oldOptions$nwarnings)) {
[10:32:47.882]                 ...future.oldOptions$nwarnings <- NULL
[10:32:47.882]             }
[10:32:47.882]             base::options(...future.oldOptions)
[10:32:47.882]             if (.Platform$OS.type == "windows") {
[10:32:47.882]                 old_names <- names(...future.oldEnvVars)
[10:32:47.882]                 envs <- base::Sys.getenv()
[10:32:47.882]                 names <- names(envs)
[10:32:47.882]                 common <- intersect(names, old_names)
[10:32:47.882]                 added <- setdiff(names, old_names)
[10:32:47.882]                 removed <- setdiff(old_names, names)
[10:32:47.882]                 changed <- common[...future.oldEnvVars[common] != 
[10:32:47.882]                   envs[common]]
[10:32:47.882]                 NAMES <- toupper(changed)
[10:32:47.882]                 args <- list()
[10:32:47.882]                 for (kk in seq_along(NAMES)) {
[10:32:47.882]                   name <- changed[[kk]]
[10:32:47.882]                   NAME <- NAMES[[kk]]
[10:32:47.882]                   if (name != NAME && is.element(NAME, old_names)) 
[10:32:47.882]                     next
[10:32:47.882]                   args[[name]] <- ...future.oldEnvVars[[name]]
[10:32:47.882]                 }
[10:32:47.882]                 NAMES <- toupper(added)
[10:32:47.882]                 for (kk in seq_along(NAMES)) {
[10:32:47.882]                   name <- added[[kk]]
[10:32:47.882]                   NAME <- NAMES[[kk]]
[10:32:47.882]                   if (name != NAME && is.element(NAME, old_names)) 
[10:32:47.882]                     next
[10:32:47.882]                   args[[name]] <- ""
[10:32:47.882]                 }
[10:32:47.882]                 NAMES <- toupper(removed)
[10:32:47.882]                 for (kk in seq_along(NAMES)) {
[10:32:47.882]                   name <- removed[[kk]]
[10:32:47.882]                   NAME <- NAMES[[kk]]
[10:32:47.882]                   if (name != NAME && is.element(NAME, old_names)) 
[10:32:47.882]                     next
[10:32:47.882]                   args[[name]] <- ...future.oldEnvVars[[name]]
[10:32:47.882]                 }
[10:32:47.882]                 if (length(args) > 0) 
[10:32:47.882]                   base::do.call(base::Sys.setenv, args = args)
[10:32:47.882]                 args <- names <- old_names <- NAMES <- envs <- common <- added <- removed <- NULL
[10:32:47.882]             }
[10:32:47.882]             else {
[10:32:47.882]                 base::do.call(base::Sys.setenv, args = base::as.list(...future.oldEnvVars))
[10:32:47.882]             }
[10:32:47.882]             {
[10:32:47.882]                 if (base::length(...future.futureOptionsAdded) > 
[10:32:47.882]                   0L) {
[10:32:47.882]                   opts <- base::vector("list", length = base::length(...future.futureOptionsAdded))
[10:32:47.882]                   base::names(opts) <- ...future.futureOptionsAdded
[10:32:47.882]                   base::options(opts)
[10:32:47.882]                 }
[10:32:47.882]                 {
[10:32:47.882]                   {
[10:32:47.882]                     NULL
[10:32:47.882]                     RNGkind("Mersenne-Twister")
[10:32:47.882]                     base::rm(list = ".Random.seed", envir = base::globalenv(), 
[10:32:47.882]                       inherits = FALSE)
[10:32:47.882]                   }
[10:32:47.882]                   options(future.plan = NULL)
[10:32:47.882]                   if (is.na(NA_character_)) 
[10:32:47.882]                     Sys.unsetenv("R_FUTURE_PLAN")
[10:32:47.882]                   else Sys.setenv(R_FUTURE_PLAN = NA_character_)
[10:32:47.882]                   future::plan(...future.strategy.old, .cleanup = FALSE, 
[10:32:47.882]                     .init = FALSE)
[10:32:47.882]                 }
[10:32:47.882]             }
[10:32:47.882]         }
[10:32:47.882]     })
[10:32:47.882]     if (TRUE) {
[10:32:47.882]         base::sink(type = "output", split = FALSE)
[10:32:47.882]         if (TRUE) {
[10:32:47.882]             ...future.result$stdout <- base::rawToChar(base::rawConnectionValue(...future.stdout))
[10:32:47.882]         }
[10:32:47.882]         else {
[10:32:47.882]             ...future.result["stdout"] <- base::list(NULL)
[10:32:47.882]         }
[10:32:47.882]         base::close(...future.stdout)
[10:32:47.882]         ...future.stdout <- NULL
[10:32:47.882]     }
[10:32:47.882]     ...future.result$conditions <- ...future.conditions
[10:32:47.882]     ...future.result$finished <- base::Sys.time()
[10:32:47.882]     ...future.result
[10:32:47.882] }
[10:32:47.884] plan(): Setting new future strategy stack:
[10:32:47.884] List of future strategies:
[10:32:47.884] 1. sequential:
[10:32:47.884]    - args: function (..., envir = parent.frame())
[10:32:47.884]    - tweaked: FALSE
[10:32:47.884]    - call: NULL
[10:32:47.884] plan(): nbrOfWorkers() = 1
[10:32:47.885] plan(): Setting new future strategy stack:
[10:32:47.885] List of future strategies:
[10:32:47.885] 1. sequential:
[10:32:47.885]    - args: function (..., envir = parent.frame())
[10:32:47.885]    - tweaked: FALSE
[10:32:47.885]    - call: future::plan("sequential")
[10:32:47.885] plan(): nbrOfWorkers() = 1
[10:32:47.886] SequentialFuture started (and completed)
[10:32:47.886] signalConditions() ...
[10:32:47.886]  - include = ‘immediateCondition’
[10:32:47.886]  - exclude = 
[10:32:47.886]  - resignal = FALSE
[10:32:47.886]  - Number of conditions: 1
[10:32:47.886] signalConditions() ... done
[10:32:47.887] - Launch lazy future ... done
[10:32:47.887] run() for ‘SequentialFuture’ ... done
> v <- value(f, signal = FALSE)
[10:32:47.887] signalConditions() ...
[10:32:47.887]  - include = ‘immediateCondition’
[10:32:47.887]  - exclude = 
[10:32:47.887]  - resignal = FALSE
[10:32:47.887]  - Number of conditions: 1
[10:32:47.888] signalConditions() ... done
> print(v)
<simpleError in eval(quote({    42L    stop("woops")}), new.env()): woops>
> ex <- FutureError(message = "Woops", future = f)
> print(ex)
<FutureError: Woops>


Future UUID: c354c6cc-58b2-0f51-e189-8d23fc3b3e50


DEBUG: BEGIN TROUBLESHOOTING HELP
Future involved:
SequentialFuture:
Label: ‘<none>’
Expression:
{
    42L
    stop("woops")
}
Lazy evaluation: FALSE
Asynchronous evaluation: FALSE
Local evaluation: TRUE
Environment: R_GlobalEnv
Capture standard output: TRUE
Capture condition classes: ‘condition’ (excluding ‘nothing’)
Globals: <none>
Packages: <none>
L'Ecuyer-CMRG RNG seed: <none> (seed = FALSE)
Resolved: TRUE
Value: 0 bytes of class ‘NULL’
Conditions captured: [n=1] ‘simpleError’
Early signaling: FALSE
Owner process: b1352b23-9c20-2ad2-bcc8-d724a061dca8
Class: ‘SequentialFuture’, ‘UniprocessFuture’, ‘Future’, ‘environment’

DEBUG: END TROUBLESHOOTING HELP
> 
> message("*** FutureError class ... DONE")
*** FutureError class ... DONE
> 
> source("incl/end.R")
[10:32:47.889] plan(): Setting new future strategy stack:
[10:32:47.890] List of future strategies:
[10:32:47.890] 1. FutureStrategy:
[10:32:47.890]    - args: function (..., envir = parent.frame())
[10:32:47.890]    - tweaked: FALSE
[10:32:47.890]    - call: future::plan(oplan)
[10:32:47.902] plan(): nbrOfWorkers() = 1
> 
