
R version 4.3.3 (2024-02-29) -- "Angel Food Cake"
Copyright (C) 2024 The R Foundation for Statistical Computing
Platform: x86_64-pc-linux-gnu (64-bit)

R is free software and comes with ABSOLUTELY NO WARRANTY.
You are welcome to redistribute it under certain conditions.
Type 'license()' or 'licence()' for distribution details.

R is a collaborative project with many contributors.
Type 'contributors()' for more information and
'citation()' on how to cite R or R packages in publications.

Type 'demo()' for some demos, 'help()' for on-line help, or
'help.start()' for an HTML browser interface to help.
Type 'q()' to quit R.

> source("incl/start.R")
[16:21:00.865] plan(): Setting new future strategy stack:
[16:21:00.866] List of future strategies:
[16:21:00.866] 1. sequential:
[16:21:00.866]    - args: function (..., envir = parent.frame())
[16:21:00.866]    - tweaked: FALSE
[16:21:00.866]    - call: future::plan("sequential")
[16:21:00.879] plan(): nbrOfWorkers() = 1
> library("listenv")
> 
> message("*** Globals - too large ...")
*** Globals - too large ...
> 
> ooptsT <- options(future.globals.maxSize = object.size(1:1000) - 1L)
> limit <- getOption("future.globals.maxSize")
> cat(sprintf("Max total size of globals: %g bytes\n", limit))
Max total size of globals: 4047 bytes
> 
> plan(multisession)
[16:21:00.892] plan(): Setting new future strategy stack:
[16:21:00.892] List of future strategies:
[16:21:00.892] 1. multisession:
[16:21:00.892]    - args: function (..., workers = availableCores(), lazy = FALSE, rscript_libs = .libPaths(), envir = parent.frame())
[16:21:00.892]    - tweaked: FALSE
[16:21:00.892]    - call: plan(multisession)
[16:21:00.902] plan(): plan_init() of ‘multisession’, ‘cluster’, ‘multiprocess’, ‘future’, ‘function’ ...
[16:21:00.902] multisession:
[16:21:00.902] - args: function (..., workers = availableCores(), lazy = FALSE, rscript_libs = .libPaths(), envir = parent.frame())
[16:21:00.902] - tweaked: FALSE
[16:21:00.902] - call: plan(multisession)
[16:21:00.908] getGlobalsAndPackages() ...
[16:21:00.908] Not searching for globals
[16:21:00.909] - globals: [0] <none>
[16:21:00.909] getGlobalsAndPackages() ... DONE
[16:21:00.909] [local output] makeClusterPSOCK() ...
[16:21:00.941] [local output] Workers: [n = 2] ‘localhost’, ‘localhost’
[16:21:00.943] [local output] Base port: 11118
[16:21:00.943] [local output] Getting setup options for 2 cluster nodes ...
[16:21:00.943] [local output]  - Node 1 of 2 ...
[16:21:00.943] [local output] localMachine=TRUE => revtunnel=FALSE

[16:21:00.944] Testing if worker's PID can be inferred: ‘'/usr/local/lib/R/bin/Rscript' -e 'try(suppressWarnings(cat(Sys.getpid(),file="/tmp/Rtmpdl7J9y/worker.rank=1.parallelly.parent=83820.1476c7ef92797.pid")), silent = TRUE)' -e 'file.exists("/tmp/Rtmpdl7J9y/worker.rank=1.parallelly.parent=83820.1476c7ef92797.pid")'’
[16:21:01.131] - Possible to infer worker's PID: TRUE
[16:21:01.131] [local output] Rscript port: 11118

[16:21:01.132] [local output]  - Node 2 of 2 ...
[16:21:01.132] [local output] localMachine=TRUE => revtunnel=FALSE

[16:21:01.133] [local output] Rscript port: 11118

[16:21:01.133] [local output] Getting setup options for 2 cluster nodes ... done
[16:21:01.133] [local output]  - Parallel setup requested for some PSOCK nodes
[16:21:01.134] [local output] Setting up PSOCK nodes in parallel
[16:21:01.134] List of 36
[16:21:01.134]  $ worker          : chr "localhost"
[16:21:01.134]   ..- attr(*, "localhost")= logi TRUE
[16:21:01.134]  $ master          : chr "localhost"
[16:21:01.134]  $ port            : int 11118
[16:21:01.134]  $ connectTimeout  : num 120
[16:21:01.134]  $ timeout         : num 2592000
[16:21:01.134]  $ rscript         : chr "'/usr/local/lib/R/bin/Rscript'"
[16:21:01.134]  $ homogeneous     : logi TRUE
[16:21:01.134]  $ rscript_args    : chr "--default-packages=datasets,utils,grDevices,graphics,stats,methods -e 'try(suppressWarnings(cat(Sys.getpid(),fi"| __truncated__
[16:21:01.134]  $ rscript_envs    : NULL
[16:21:01.134]  $ rscript_libs    : chr [1:2] "/usr/local/lib/R/site-library" "/usr/local/lib/R/library"
[16:21:01.134]  $ rscript_startup : NULL
[16:21:01.134]  $ rscript_sh      : chr "sh"
[16:21:01.134]  $ default_packages: chr [1:6] "datasets" "utils" "grDevices" "graphics" ...
[16:21:01.134]  $ methods         : logi TRUE
[16:21:01.134]  $ socketOptions   : chr "no-delay"
[16:21:01.134]  $ useXDR          : logi FALSE
[16:21:01.134]  $ outfile         : chr "/dev/null"
[16:21:01.134]  $ renice          : int NA
[16:21:01.134]  $ rshcmd          : NULL
[16:21:01.134]  $ user            : chr(0) 
[16:21:01.134]  $ revtunnel       : logi FALSE
[16:21:01.134]  $ rshlogfile      : NULL
[16:21:01.134]  $ rshopts         : chr(0) 
[16:21:01.134]  $ rank            : int 1
[16:21:01.134]  $ manual          : logi FALSE
[16:21:01.134]  $ dryrun          : logi FALSE
[16:21:01.134]  $ quiet           : logi FALSE
[16:21:01.134]  $ setup_strategy  : chr "parallel"
[16:21:01.134]  $ local_cmd       : chr "'/usr/local/lib/R/bin/Rscript' --default-packages=datasets,utils,grDevices,graphics,stats,methods -e 'try(suppr"| __truncated__
[16:21:01.134]  $ pidfile         : chr "/tmp/Rtmpdl7J9y/worker.rank=1.parallelly.parent=83820.1476c7ef92797.pid"
[16:21:01.134]  $ rshcmd_label    : NULL
[16:21:01.134]  $ rsh_call        : NULL
[16:21:01.134]  $ cmd             : chr "'/usr/local/lib/R/bin/Rscript' --default-packages=datasets,utils,grDevices,graphics,stats,methods -e 'try(suppr"| __truncated__
[16:21:01.134]  $ localMachine    : logi TRUE
[16:21:01.134]  $ make_fcn        :function (worker = getOption2("parallelly.localhost.hostname", "localhost"), 
[16:21:01.134]     master = NULL, port, connectTimeout = getOption2("parallelly.makeNodePSOCK.connectTimeout", 
[16:21:01.134]         2 * 60), timeout = getOption2("parallelly.makeNodePSOCK.timeout", 
[16:21:01.134]         30 * 24 * 60 * 60), rscript = NULL, homogeneous = NULL, rscript_args = NULL, 
[16:21:01.134]     rscript_envs = NULL, rscript_libs = NULL, rscript_startup = NULL, rscript_sh = c("auto", 
[16:21:01.134]         "cmd", "sh"), default_packages = c("datasets", "utils", "grDevices", 
[16:21:01.134]         "graphics", "stats", if (methods) "methods"), methods = TRUE, socketOptions = getOption2("parallelly.makeNodePSOCK.socketOptions", 
[16:21:01.134]         "no-delay"), useXDR = getOption2("parallelly.makeNodePSOCK.useXDR", 
[16:21:01.134]         FALSE), outfile = "/dev/null", renice = NA_integer_, rshcmd = getOption2("parallelly.makeNodePSOCK.rshcmd", 
[16:21:01.134]         NULL), user = NULL, revtunnel = NA, rshlogfile = NULL, rshopts = getOption2("parallelly.makeNodePSOCK.rshopts", 
[16:21:01.134]         NULL), rank = 1L, manual = FALSE, dryrun = FALSE, quiet = FALSE, 
[16:21:01.134]     setup_strategy = getOption2("parallelly.makeNodePSOCK.setup_strategy", 
[16:21:01.134]         "parallel"), action = c("launch", "options"), verbose = FALSE)  
[16:21:01.134]  $ arguments       :List of 28
[16:21:01.134]   ..$ worker          : chr "localhost"
[16:21:01.134]   ..$ master          : NULL
[16:21:01.134]   ..$ port            : int 11118
[16:21:01.134]   ..$ connectTimeout  : num 120
[16:21:01.134]   ..$ timeout         : num 2592000
[16:21:01.134]   ..$ rscript         : NULL
[16:21:01.134]   ..$ homogeneous     : NULL
[16:21:01.134]   ..$ rscript_args    : NULL
[16:21:01.134]   ..$ rscript_envs    : NULL
[16:21:01.134]   ..$ rscript_libs    : chr [1:2] "/usr/local/lib/R/site-library" "/usr/local/lib/R/library"
[16:21:01.134]   ..$ rscript_startup : NULL
[16:21:01.134]   ..$ rscript_sh      : chr [1:3] "auto" "cmd" "sh"
[16:21:01.134]   ..$ default_packages: chr [1:6] "datasets" "utils" "grDevices" "graphics" ...
[16:21:01.134]   ..$ methods         : logi TRUE
[16:21:01.134]   ..$ socketOptions   : chr "no-delay"
[16:21:01.134]   ..$ useXDR          : logi FALSE
[16:21:01.134]   ..$ outfile         : chr "/dev/null"
[16:21:01.134]   ..$ renice          : int NA
[16:21:01.134]   ..$ rshcmd          : NULL
[16:21:01.134]   ..$ user            : NULL
[16:21:01.134]   ..$ revtunnel       : logi NA
[16:21:01.134]   ..$ rshlogfile      : NULL
[16:21:01.134]   ..$ rshopts         : NULL
[16:21:01.134]   ..$ rank            : int 1
[16:21:01.134]   ..$ manual          : logi FALSE
[16:21:01.134]   ..$ dryrun          : logi FALSE
[16:21:01.134]   ..$ quiet           : logi FALSE
[16:21:01.134]   ..$ setup_strategy  : chr "parallel"
[16:21:01.134]  - attr(*, "class")= chr [1:2] "makeNodePSOCKOptions" "makeNodeOptions"
[16:21:01.153] [local output] System call to launch all workers:
[16:21:01.153] [local output] '/usr/local/lib/R/bin/Rscript' --default-packages=datasets,utils,grDevices,graphics,stats,methods -e 'try(suppressWarnings(cat(Sys.getpid(),file="/tmp/Rtmpdl7J9y/worker.rank=1.parallelly.parent=83820.1476c7ef92797.pid")), silent = TRUE)' -e 'options(socketOptions = "no-delay")' -e '.libPaths(c("/usr/local/lib/R/site-library","/usr/local/lib/R/library"))' -e 'workRSOCK <- tryCatch(parallel:::.workRSOCK, error=function(e) parallel:::.slaveRSOCK); workRSOCK()' MASTER=localhost PORT=11118 OUT=/dev/null TIMEOUT=2592000 XDR=FALSE SETUPTIMEOUT=120 SETUPSTRATEGY=parallel
[16:21:01.153] [local output] Starting PSOCK main server
[16:21:01.158] [local output] Workers launched
[16:21:01.159] [local output] Waiting for workers to connect back
[16:21:01.159]  - [local output] 0 workers out of 2 ready
[16:21:01.403]  - [local output] 0 workers out of 2 ready
[16:21:01.403]  - [local output] 1 workers out of 2 ready
[16:21:01.407]  - [local output] 1 workers out of 2 ready
[16:21:01.407]  - [local output] 2 workers out of 2 ready
[16:21:01.407] [local output] Launching of workers completed
[16:21:01.407] [local output] Collecting session information from workers
[16:21:01.408] [local output]  - Worker #1 of 2
[16:21:01.409] [local output]  - Worker #2 of 2
[16:21:01.409] [local output] makeClusterPSOCK() ... done
[16:21:01.421] Packages needed by the future expression (n = 0): <none>
[16:21:01.421] Packages needed by future strategies (n = 0): <none>
[16:21:01.422] {
[16:21:01.422]     {
[16:21:01.422]         {
[16:21:01.422]             ...future.startTime <- base::Sys.time()
[16:21:01.422]             {
[16:21:01.422]                 {
[16:21:01.422]                   {
[16:21:01.422]                     {
[16:21:01.422]                       base::local({
[16:21:01.422]                         has_future <- base::requireNamespace("future", 
[16:21:01.422]                           quietly = TRUE)
[16:21:01.422]                         if (has_future) {
[16:21:01.422]                           ns <- base::getNamespace("future")
[16:21:01.422]                           version <- ns[[".package"]][["version"]]
[16:21:01.422]                           if (is.null(version)) 
[16:21:01.422]                             version <- utils::packageVersion("future")
[16:21:01.422]                         }
[16:21:01.422]                         else {
[16:21:01.422]                           version <- NULL
[16:21:01.422]                         }
[16:21:01.422]                         if (!has_future || version < "1.8.0") {
[16:21:01.422]                           info <- base::c(r_version = base::gsub("R version ", 
[16:21:01.422]                             "", base::R.version$version.string), 
[16:21:01.422]                             platform = base::sprintf("%s (%s-bit)", 
[16:21:01.422]                               base::R.version$platform, 8 * base::.Machine$sizeof.pointer), 
[16:21:01.422]                             os = base::paste(base::Sys.info()[base::c("sysname", 
[16:21:01.422]                               "release", "version")], collapse = " "), 
[16:21:01.422]                             hostname = base::Sys.info()[["nodename"]])
[16:21:01.422]                           info <- base::sprintf("%s: %s", base::names(info), 
[16:21:01.422]                             info)
[16:21:01.422]                           info <- base::paste(info, collapse = "; ")
[16:21:01.422]                           if (!has_future) {
[16:21:01.422]                             msg <- base::sprintf("Package 'future' is not installed on worker (%s)", 
[16:21:01.422]                               info)
[16:21:01.422]                           }
[16:21:01.422]                           else {
[16:21:01.422]                             msg <- base::sprintf("Package 'future' on worker (%s) must be of version >= 1.8.0: %s", 
[16:21:01.422]                               info, version)
[16:21:01.422]                           }
[16:21:01.422]                           base::stop(msg)
[16:21:01.422]                         }
[16:21:01.422]                       })
[16:21:01.422]                     }
[16:21:01.422]                     ...future.mc.cores.old <- base::getOption("mc.cores")
[16:21:01.422]                     base::options(mc.cores = 1L)
[16:21:01.422]                   }
[16:21:01.422]                   ...future.strategy.old <- future::plan("list")
[16:21:01.422]                   options(future.plan = NULL)
[16:21:01.422]                   Sys.unsetenv("R_FUTURE_PLAN")
[16:21:01.422]                   future::plan("default", .cleanup = FALSE, .init = FALSE)
[16:21:01.422]                 }
[16:21:01.422]                 ...future.workdir <- getwd()
[16:21:01.422]             }
[16:21:01.422]             ...future.oldOptions <- base::as.list(base::.Options)
[16:21:01.422]             ...future.oldEnvVars <- base::Sys.getenv()
[16:21:01.422]         }
[16:21:01.422]         base::options(future.startup.script = FALSE, future.globals.onMissing = NULL, 
[16:21:01.422]             future.globals.maxSize = 4047, future.globals.method = NULL, 
[16:21:01.422]             future.globals.onMissing = NULL, future.globals.onReference = NULL, 
[16:21:01.422]             future.globals.resolve = NULL, future.resolve.recursive = NULL, 
[16:21:01.422]             future.rng.onMisuse = NULL, future.rng.onMisuse.keepFuture = NULL, 
[16:21:01.422]             future.stdout.windows.reencode = NULL, width = 80L)
[16:21:01.422]         ...future.futureOptionsAdded <- base::setdiff(base::names(base::.Options), 
[16:21:01.422]             base::names(...future.oldOptions))
[16:21:01.422]     }
[16:21:01.422]     if (FALSE) {
[16:21:01.422]     }
[16:21:01.422]     else {
[16:21:01.422]         if (TRUE) {
[16:21:01.422]             ...future.stdout <- base::rawConnection(base::raw(0L), 
[16:21:01.422]                 open = "w")
[16:21:01.422]         }
[16:21:01.422]         else {
[16:21:01.422]             ...future.stdout <- base::file(base::switch(.Platform$OS.type, 
[16:21:01.422]                 windows = "NUL", "/dev/null"), open = "w")
[16:21:01.422]         }
[16:21:01.422]         base::sink(...future.stdout, type = "output", split = FALSE)
[16:21:01.422]         base::on.exit(if (!base::is.null(...future.stdout)) {
[16:21:01.422]             base::sink(type = "output", split = FALSE)
[16:21:01.422]             base::close(...future.stdout)
[16:21:01.422]         }, add = TRUE)
[16:21:01.422]     }
[16:21:01.422]     ...future.frame <- base::sys.nframe()
[16:21:01.422]     ...future.conditions <- base::list()
[16:21:01.422]     ...future.rng <- base::globalenv()$.Random.seed
[16:21:01.422]     if (FALSE) {
[16:21:01.422]         ...future.globalenv.names <- c(base::names(base::.GlobalEnv), 
[16:21:01.422]             "...future.value", "...future.globalenv.names", ".Random.seed")
[16:21:01.422]     }
[16:21:01.422]     ...future.result <- base::tryCatch({
[16:21:01.422]         base::withCallingHandlers({
[16:21:01.422]             ...future.value <- base::withVisible(base::local({
[16:21:01.422]                 ...future.makeSendCondition <- base::local({
[16:21:01.422]                   sendCondition <- NULL
[16:21:01.422]                   function(frame = 1L) {
[16:21:01.422]                     if (is.function(sendCondition)) 
[16:21:01.422]                       return(sendCondition)
[16:21:01.422]                     ns <- getNamespace("parallel")
[16:21:01.422]                     if (exists("sendData", mode = "function", 
[16:21:01.422]                       envir = ns)) {
[16:21:01.422]                       parallel_sendData <- get("sendData", mode = "function", 
[16:21:01.422]                         envir = ns)
[16:21:01.422]                       envir <- sys.frame(frame)
[16:21:01.422]                       master <- NULL
[16:21:01.422]                       while (!identical(envir, .GlobalEnv) && 
[16:21:01.422]                         !identical(envir, emptyenv())) {
[16:21:01.422]                         if (exists("master", mode = "list", envir = envir, 
[16:21:01.422]                           inherits = FALSE)) {
[16:21:01.422]                           master <- get("master", mode = "list", 
[16:21:01.422]                             envir = envir, inherits = FALSE)
[16:21:01.422]                           if (inherits(master, c("SOCKnode", 
[16:21:01.422]                             "SOCK0node"))) {
[16:21:01.422]                             sendCondition <<- function(cond) {
[16:21:01.422]                               data <- list(type = "VALUE", value = cond, 
[16:21:01.422]                                 success = TRUE)
[16:21:01.422]                               parallel_sendData(master, data)
[16:21:01.422]                             }
[16:21:01.422]                             return(sendCondition)
[16:21:01.422]                           }
[16:21:01.422]                         }
[16:21:01.422]                         frame <- frame + 1L
[16:21:01.422]                         envir <- sys.frame(frame)
[16:21:01.422]                       }
[16:21:01.422]                     }
[16:21:01.422]                     sendCondition <<- function(cond) NULL
[16:21:01.422]                   }
[16:21:01.422]                 })
[16:21:01.422]                 withCallingHandlers({
[16:21:01.422]                   NA
[16:21:01.422]                 }, immediateCondition = function(cond) {
[16:21:01.422]                   sendCondition <- ...future.makeSendCondition()
[16:21:01.422]                   sendCondition(cond)
[16:21:01.422]                   muffleCondition <- function (cond, pattern = "^muffle") 
[16:21:01.422]                   {
[16:21:01.422]                     inherits <- base::inherits
[16:21:01.422]                     invokeRestart <- base::invokeRestart
[16:21:01.422]                     is.null <- base::is.null
[16:21:01.422]                     muffled <- FALSE
[16:21:01.422]                     if (inherits(cond, "message")) {
[16:21:01.422]                       muffled <- grepl(pattern, "muffleMessage")
[16:21:01.422]                       if (muffled) 
[16:21:01.422]                         invokeRestart("muffleMessage")
[16:21:01.422]                     }
[16:21:01.422]                     else if (inherits(cond, "warning")) {
[16:21:01.422]                       muffled <- grepl(pattern, "muffleWarning")
[16:21:01.422]                       if (muffled) 
[16:21:01.422]                         invokeRestart("muffleWarning")
[16:21:01.422]                     }
[16:21:01.422]                     else if (inherits(cond, "condition")) {
[16:21:01.422]                       if (!is.null(pattern)) {
[16:21:01.422]                         computeRestarts <- base::computeRestarts
[16:21:01.422]                         grepl <- base::grepl
[16:21:01.422]                         restarts <- computeRestarts(cond)
[16:21:01.422]                         for (restart in restarts) {
[16:21:01.422]                           name <- restart$name
[16:21:01.422]                           if (is.null(name)) 
[16:21:01.422]                             next
[16:21:01.422]                           if (!grepl(pattern, name)) 
[16:21:01.422]                             next
[16:21:01.422]                           invokeRestart(restart)
[16:21:01.422]                           muffled <- TRUE
[16:21:01.422]                           break
[16:21:01.422]                         }
[16:21:01.422]                       }
[16:21:01.422]                     }
[16:21:01.422]                     invisible(muffled)
[16:21:01.422]                   }
[16:21:01.422]                   muffleCondition(cond)
[16:21:01.422]                 })
[16:21:01.422]             }))
[16:21:01.422]             future::FutureResult(value = ...future.value$value, 
[16:21:01.422]                 visible = ...future.value$visible, rng = !identical(base::globalenv()$.Random.seed, 
[16:21:01.422]                   ...future.rng), globalenv = if (FALSE) 
[16:21:01.422]                   list(added = base::setdiff(base::names(base::.GlobalEnv), 
[16:21:01.422]                     ...future.globalenv.names))
[16:21:01.422]                 else NULL, started = ...future.startTime, version = "1.8")
[16:21:01.422]         }, condition = base::local({
[16:21:01.422]             c <- base::c
[16:21:01.422]             inherits <- base::inherits
[16:21:01.422]             invokeRestart <- base::invokeRestart
[16:21:01.422]             length <- base::length
[16:21:01.422]             list <- base::list
[16:21:01.422]             seq.int <- base::seq.int
[16:21:01.422]             signalCondition <- base::signalCondition
[16:21:01.422]             sys.calls <- base::sys.calls
[16:21:01.422]             `[[` <- base::`[[`
[16:21:01.422]             `+` <- base::`+`
[16:21:01.422]             `<<-` <- base::`<<-`
[16:21:01.422]             sysCalls <- function(calls = sys.calls(), from = 1L) {
[16:21:01.422]                 calls[seq.int(from = from + 12L, to = length(calls) - 
[16:21:01.422]                   3L)]
[16:21:01.422]             }
[16:21:01.422]             function(cond) {
[16:21:01.422]                 is_error <- inherits(cond, "error")
[16:21:01.422]                 ignore <- !is_error && !is.null(NULL) && inherits(cond, 
[16:21:01.422]                   NULL)
[16:21:01.422]                 if (is_error) {
[16:21:01.422]                   sessionInformation <- function() {
[16:21:01.422]                     list(r = base::R.Version(), locale = base::Sys.getlocale(), 
[16:21:01.422]                       rngkind = base::RNGkind(), namespaces = base::loadedNamespaces(), 
[16:21:01.422]                       search = base::search(), system = base::Sys.info())
[16:21:01.422]                   }
[16:21:01.422]                   ...future.conditions[[length(...future.conditions) + 
[16:21:01.422]                     1L]] <<- list(condition = cond, calls = c(sysCalls(from = ...future.frame), 
[16:21:01.422]                     cond$call), session = sessionInformation(), 
[16:21:01.422]                     timestamp = base::Sys.time(), signaled = 0L)
[16:21:01.422]                   signalCondition(cond)
[16:21:01.422]                 }
[16:21:01.422]                 else if (!ignore && TRUE && inherits(cond, c("condition", 
[16:21:01.422]                 "immediateCondition"))) {
[16:21:01.422]                   signal <- TRUE && inherits(cond, "immediateCondition")
[16:21:01.422]                   ...future.conditions[[length(...future.conditions) + 
[16:21:01.422]                     1L]] <<- list(condition = cond, signaled = base::as.integer(signal))
[16:21:01.422]                   if (TRUE && !signal) {
[16:21:01.422]                     muffleCondition <- function (cond, pattern = "^muffle") 
[16:21:01.422]                     {
[16:21:01.422]                       inherits <- base::inherits
[16:21:01.422]                       invokeRestart <- base::invokeRestart
[16:21:01.422]                       is.null <- base::is.null
[16:21:01.422]                       muffled <- FALSE
[16:21:01.422]                       if (inherits(cond, "message")) {
[16:21:01.422]                         muffled <- grepl(pattern, "muffleMessage")
[16:21:01.422]                         if (muffled) 
[16:21:01.422]                           invokeRestart("muffleMessage")
[16:21:01.422]                       }
[16:21:01.422]                       else if (inherits(cond, "warning")) {
[16:21:01.422]                         muffled <- grepl(pattern, "muffleWarning")
[16:21:01.422]                         if (muffled) 
[16:21:01.422]                           invokeRestart("muffleWarning")
[16:21:01.422]                       }
[16:21:01.422]                       else if (inherits(cond, "condition")) {
[16:21:01.422]                         if (!is.null(pattern)) {
[16:21:01.422]                           computeRestarts <- base::computeRestarts
[16:21:01.422]                           grepl <- base::grepl
[16:21:01.422]                           restarts <- computeRestarts(cond)
[16:21:01.422]                           for (restart in restarts) {
[16:21:01.422]                             name <- restart$name
[16:21:01.422]                             if (is.null(name)) 
[16:21:01.422]                               next
[16:21:01.422]                             if (!grepl(pattern, name)) 
[16:21:01.422]                               next
[16:21:01.422]                             invokeRestart(restart)
[16:21:01.422]                             muffled <- TRUE
[16:21:01.422]                             break
[16:21:01.422]                           }
[16:21:01.422]                         }
[16:21:01.422]                       }
[16:21:01.422]                       invisible(muffled)
[16:21:01.422]                     }
[16:21:01.422]                     muffleCondition(cond, pattern = "^muffle")
[16:21:01.422]                   }
[16:21:01.422]                 }
[16:21:01.422]                 else {
[16:21:01.422]                   if (TRUE) {
[16:21:01.422]                     muffleCondition <- function (cond, pattern = "^muffle") 
[16:21:01.422]                     {
[16:21:01.422]                       inherits <- base::inherits
[16:21:01.422]                       invokeRestart <- base::invokeRestart
[16:21:01.422]                       is.null <- base::is.null
[16:21:01.422]                       muffled <- FALSE
[16:21:01.422]                       if (inherits(cond, "message")) {
[16:21:01.422]                         muffled <- grepl(pattern, "muffleMessage")
[16:21:01.422]                         if (muffled) 
[16:21:01.422]                           invokeRestart("muffleMessage")
[16:21:01.422]                       }
[16:21:01.422]                       else if (inherits(cond, "warning")) {
[16:21:01.422]                         muffled <- grepl(pattern, "muffleWarning")
[16:21:01.422]                         if (muffled) 
[16:21:01.422]                           invokeRestart("muffleWarning")
[16:21:01.422]                       }
[16:21:01.422]                       else if (inherits(cond, "condition")) {
[16:21:01.422]                         if (!is.null(pattern)) {
[16:21:01.422]                           computeRestarts <- base::computeRestarts
[16:21:01.422]                           grepl <- base::grepl
[16:21:01.422]                           restarts <- computeRestarts(cond)
[16:21:01.422]                           for (restart in restarts) {
[16:21:01.422]                             name <- restart$name
[16:21:01.422]                             if (is.null(name)) 
[16:21:01.422]                               next
[16:21:01.422]                             if (!grepl(pattern, name)) 
[16:21:01.422]                               next
[16:21:01.422]                             invokeRestart(restart)
[16:21:01.422]                             muffled <- TRUE
[16:21:01.422]                             break
[16:21:01.422]                           }
[16:21:01.422]                         }
[16:21:01.422]                       }
[16:21:01.422]                       invisible(muffled)
[16:21:01.422]                     }
[16:21:01.422]                     muffleCondition(cond, pattern = "^muffle")
[16:21:01.422]                   }
[16:21:01.422]                 }
[16:21:01.422]             }
[16:21:01.422]         }))
[16:21:01.422]     }, error = function(ex) {
[16:21:01.422]         base::structure(base::list(value = NULL, visible = NULL, 
[16:21:01.422]             conditions = ...future.conditions, rng = !identical(base::globalenv()$.Random.seed, 
[16:21:01.422]                 ...future.rng), started = ...future.startTime, 
[16:21:01.422]             finished = Sys.time(), session_uuid = NA_character_, 
[16:21:01.422]             version = "1.8"), class = "FutureResult")
[16:21:01.422]     }, finally = {
[16:21:01.422]         if (!identical(...future.workdir, getwd())) 
[16:21:01.422]             setwd(...future.workdir)
[16:21:01.422]         {
[16:21:01.422]             if (identical(getOption("nwarnings"), ...future.oldOptions$nwarnings)) {
[16:21:01.422]                 ...future.oldOptions$nwarnings <- NULL
[16:21:01.422]             }
[16:21:01.422]             base::options(...future.oldOptions)
[16:21:01.422]             if (.Platform$OS.type == "windows") {
[16:21:01.422]                 old_names <- names(...future.oldEnvVars)
[16:21:01.422]                 envs <- base::Sys.getenv()
[16:21:01.422]                 names <- names(envs)
[16:21:01.422]                 common <- intersect(names, old_names)
[16:21:01.422]                 added <- setdiff(names, old_names)
[16:21:01.422]                 removed <- setdiff(old_names, names)
[16:21:01.422]                 changed <- common[...future.oldEnvVars[common] != 
[16:21:01.422]                   envs[common]]
[16:21:01.422]                 NAMES <- toupper(changed)
[16:21:01.422]                 args <- list()
[16:21:01.422]                 for (kk in seq_along(NAMES)) {
[16:21:01.422]                   name <- changed[[kk]]
[16:21:01.422]                   NAME <- NAMES[[kk]]
[16:21:01.422]                   if (name != NAME && is.element(NAME, old_names)) 
[16:21:01.422]                     next
[16:21:01.422]                   args[[name]] <- ...future.oldEnvVars[[name]]
[16:21:01.422]                 }
[16:21:01.422]                 NAMES <- toupper(added)
[16:21:01.422]                 for (kk in seq_along(NAMES)) {
[16:21:01.422]                   name <- added[[kk]]
[16:21:01.422]                   NAME <- NAMES[[kk]]
[16:21:01.422]                   if (name != NAME && is.element(NAME, old_names)) 
[16:21:01.422]                     next
[16:21:01.422]                   args[[name]] <- ""
[16:21:01.422]                 }
[16:21:01.422]                 NAMES <- toupper(removed)
[16:21:01.422]                 for (kk in seq_along(NAMES)) {
[16:21:01.422]                   name <- removed[[kk]]
[16:21:01.422]                   NAME <- NAMES[[kk]]
[16:21:01.422]                   if (name != NAME && is.element(NAME, old_names)) 
[16:21:01.422]                     next
[16:21:01.422]                   args[[name]] <- ...future.oldEnvVars[[name]]
[16:21:01.422]                 }
[16:21:01.422]                 if (length(args) > 0) 
[16:21:01.422]                   base::do.call(base::Sys.setenv, args = args)
[16:21:01.422]                 args <- names <- old_names <- NAMES <- envs <- common <- added <- removed <- NULL
[16:21:01.422]             }
[16:21:01.422]             else {
[16:21:01.422]                 base::do.call(base::Sys.setenv, args = base::as.list(...future.oldEnvVars))
[16:21:01.422]             }
[16:21:01.422]             {
[16:21:01.422]                 if (base::length(...future.futureOptionsAdded) > 
[16:21:01.422]                   0L) {
[16:21:01.422]                   opts <- base::vector("list", length = base::length(...future.futureOptionsAdded))
[16:21:01.422]                   base::names(opts) <- ...future.futureOptionsAdded
[16:21:01.422]                   base::options(opts)
[16:21:01.422]                 }
[16:21:01.422]                 {
[16:21:01.422]                   {
[16:21:01.422]                     base::options(mc.cores = ...future.mc.cores.old)
[16:21:01.422]                     NULL
[16:21:01.422]                   }
[16:21:01.422]                   options(future.plan = NULL)
[16:21:01.422]                   if (is.na(NA_character_)) 
[16:21:01.422]                     Sys.unsetenv("R_FUTURE_PLAN")
[16:21:01.422]                   else Sys.setenv(R_FUTURE_PLAN = NA_character_)
[16:21:01.422]                   future::plan(...future.strategy.old, .cleanup = FALSE, 
[16:21:01.422]                     .init = FALSE)
[16:21:01.422]                 }
[16:21:01.422]             }
[16:21:01.422]         }
[16:21:01.422]     })
[16:21:01.422]     if (TRUE) {
[16:21:01.422]         base::sink(type = "output", split = FALSE)
[16:21:01.422]         if (TRUE) {
[16:21:01.422]             ...future.result$stdout <- base::rawToChar(base::rawConnectionValue(...future.stdout))
[16:21:01.422]         }
[16:21:01.422]         else {
[16:21:01.422]             ...future.result["stdout"] <- base::list(NULL)
[16:21:01.422]         }
[16:21:01.422]         base::close(...future.stdout)
[16:21:01.422]         ...future.stdout <- NULL
[16:21:01.422]     }
[16:21:01.422]     ...future.result$conditions <- ...future.conditions
[16:21:01.422]     ...future.result$finished <- base::Sys.time()
[16:21:01.422]     ...future.result
[16:21:01.422] }
[16:21:01.475] MultisessionFuture started
[16:21:01.475] result() for ClusterFuture ...
[16:21:01.476] receiveMessageFromWorker() for ClusterFuture ...
[16:21:01.476] - Validating connection of MultisessionFuture
[16:21:01.509] - received message: FutureResult
[16:21:01.509] - Received FutureResult
[16:21:01.512] - Erased future from FutureRegistry
[16:21:01.512] result() for ClusterFuture ...
[16:21:01.513] - result already collected: FutureResult
[16:21:01.513] result() for ClusterFuture ... done
[16:21:01.513] receiveMessageFromWorker() for ClusterFuture ... done
[16:21:01.513] result() for ClusterFuture ... done
[16:21:01.513] result() for ClusterFuture ...
[16:21:01.513] - result already collected: FutureResult
[16:21:01.513] result() for ClusterFuture ... done
[16:21:01.513] plan(): plan_init() of ‘multisession’, ‘cluster’, ‘multiprocess’, ‘future’, ‘function’ ... DONE
[16:21:01.517] plan(): nbrOfWorkers() = 2
> 
> exprs <- list(
+   A = substitute({ a }, env = list()),
+   B = substitute({ a * b }, env = list()),
+   C = substitute({ a * b * c }, env = list()),
+   D = substitute({ a * b * c * d }, env = list()),
+   E = substitute({ a * b * c * d * e }, env = list())
+ )
> 
> a <- 1:1000
> b <- 1:900
> c <- 1:800
> d <- 1:700
> e <- 1
> 
> for (name in names(exprs)) {
+   message(sprintf("Expression %s:", name))
+   expr <- exprs[[name]]
+   print(expr)
+   res <- tryCatch({
+     f <- future(expr, substitute = FALSE)
+   }, error = function(ex) ex)
+   print(res)
+   stopifnot(inherits(res, "error"))
+   msg <- conditionMessage(res)
+   stopifnot(grepl("exceeds the maximum allowed size", msg))
+ }
Expression A:
{
    a
}
[16:21:01.526] getGlobalsAndPackages() ...
[16:21:01.526] Searching for globals...
[16:21:01.530] - globals found: [2] ‘{’, ‘a’
[16:21:01.531] Searching for globals ... DONE
[16:21:01.531] Resolving globals: FALSE
[16:21:01.532] The total size of the 1 globals is 3.95 KiB (4048 bytes)
[16:21:01.533] The total size of the 1 globals exported for future expression (‘{; a; }’) is 3.95 KiB.. This exceeds the maximum allowed size of 3.95 KiB (option 'future.globals.maxSize'). There is one global: ‘a’ (3.95 KiB of class ‘numeric’)
<simpleError in getGlobalsAndPackages(expr, envir = envir, tweak = tweakExpression,     globals = globals): The total size of the 1 globals exported for future expression (‘{; a; }’) is 3.95 KiB.. This exceeds the maximum allowed size of 3.95 KiB (option 'future.globals.maxSize'). There is one global: ‘a’ (3.95 KiB of class ‘numeric’)>
Expression B:
{
    a * b
}
[16:21:01.533] getGlobalsAndPackages() ...
[16:21:01.533] Searching for globals...
[16:21:01.538] - globals found: [4] ‘{’, ‘*’, ‘a’, ‘b’
[16:21:01.538] Searching for globals ... DONE
[16:21:01.538] Resolving globals: FALSE
[16:21:01.539] The total size of the 2 globals is 7.52 KiB (7696 bytes)
[16:21:01.539] The total size of the 2 globals exported for future expression (‘{; a * b; }’) is 7.52 KiB.. This exceeds the maximum allowed size of 3.95 KiB (option 'future.globals.maxSize'). There are two globals: ‘a’ (3.95 KiB of class ‘numeric’) and ‘b’ (3.56 KiB of class ‘numeric’)
<simpleError in getGlobalsAndPackages(expr, envir = envir, tweak = tweakExpression,     globals = globals): The total size of the 2 globals exported for future expression (‘{; a * b; }’) is 7.52 KiB.. This exceeds the maximum allowed size of 3.95 KiB (option 'future.globals.maxSize'). There are two globals: ‘a’ (3.95 KiB of class ‘numeric’) and ‘b’ (3.56 KiB of class ‘numeric’)>
Expression C:
{
    a * b * c
}
[16:21:01.540] getGlobalsAndPackages() ...
[16:21:01.540] Searching for globals...
[16:21:01.544] - globals found: [5] ‘{’, ‘*’, ‘a’, ‘b’, ‘c’
[16:21:01.544] Searching for globals ... DONE
[16:21:01.544] Resolving globals: FALSE
[16:21:01.545] The total size of the 3 globals is 10.69 KiB (10944 bytes)
[16:21:01.545] The total size of the 3 globals exported for future expression (‘{; a * b * c; }’) is 10.69 KiB.. This exceeds the maximum allowed size of 3.95 KiB (option 'future.globals.maxSize'). There are three globals: ‘a’ (3.95 KiB of class ‘numeric’), ‘b’ (3.56 KiB of class ‘numeric’) and ‘c’ (3.17 KiB of class ‘numeric’)
<simpleError in getGlobalsAndPackages(expr, envir = envir, tweak = tweakExpression,     globals = globals): The total size of the 3 globals exported for future expression (‘{; a * b * c; }’) is 10.69 KiB.. This exceeds the maximum allowed size of 3.95 KiB (option 'future.globals.maxSize'). There are three globals: ‘a’ (3.95 KiB of class ‘numeric’), ‘b’ (3.56 KiB of class ‘numeric’) and ‘c’ (3.17 KiB of class ‘numeric’)>
Expression D:
{
    a * b * c * d
}
[16:21:01.545] getGlobalsAndPackages() ...
[16:21:01.545] Searching for globals...
[16:21:01.546] - globals found: [6] ‘{’, ‘*’, ‘a’, ‘b’, ‘c’, ‘d’
[16:21:01.547] Searching for globals ... DONE
[16:21:01.547] Resolving globals: FALSE
[16:21:01.547] The total size of the 4 globals is 13.47 KiB (13792 bytes)
[16:21:01.547] The total size of the 4 globals exported for future expression (‘{; a * b * c * d; }’) is 13.47 KiB.. This exceeds the maximum allowed size of 3.95 KiB (option 'future.globals.maxSize'). The three largest globals are ‘a’ (3.95 KiB of class ‘numeric’), ‘b’ (3.56 KiB of class ‘numeric’) and ‘c’ (3.17 KiB of class ‘numeric’)
<simpleError in getGlobalsAndPackages(expr, envir = envir, tweak = tweakExpression,     globals = globals): The total size of the 4 globals exported for future expression (‘{; a * b * c * d; }’) is 13.47 KiB.. This exceeds the maximum allowed size of 3.95 KiB (option 'future.globals.maxSize'). The three largest globals are ‘a’ (3.95 KiB of class ‘numeric’), ‘b’ (3.56 KiB of class ‘numeric’) and ‘c’ (3.17 KiB of class ‘numeric’)>
Expression E:
{
    a * b * c * d * e
}
[16:21:01.548] getGlobalsAndPackages() ...
[16:21:01.548] Searching for globals...
[16:21:01.549] - globals found: [7] ‘{’, ‘*’, ‘a’, ‘b’, ‘c’, ‘d’, ‘e’
[16:21:01.549] Searching for globals ... DONE
[16:21:01.549] Resolving globals: FALSE
[16:21:01.550] The total size of the 5 globals is 13.52 KiB (13848 bytes)
[16:21:01.550] The total size of the 5 globals exported for future expression (‘{; a * b * c * d * e; }’) is 13.52 KiB.. This exceeds the maximum allowed size of 3.95 KiB (option 'future.globals.maxSize'). The three largest globals are ‘a’ (3.95 KiB of class ‘numeric’), ‘b’ (3.56 KiB of class ‘numeric’) and ‘c’ (3.17 KiB of class ‘numeric’)
<simpleError in getGlobalsAndPackages(expr, envir = envir, tweak = tweakExpression,     globals = globals): The total size of the 5 globals exported for future expression (‘{; a * b * c * d * e; }’) is 13.52 KiB.. This exceeds the maximum allowed size of 3.95 KiB (option 'future.globals.maxSize'). The three largest globals are ‘a’ (3.95 KiB of class ‘numeric’), ‘b’ (3.56 KiB of class ‘numeric’) and ‘c’ (3.17 KiB of class ‘numeric’)>
> 
> message("*** Globals - too large ... DONE")
*** Globals - too large ... DONE
> 
> source("incl/end.R")
[16:21:01.551] plan(): Setting new future strategy stack:
[16:21:01.551] List of future strategies:
[16:21:01.551] 1. FutureStrategy:
[16:21:01.551]    - args: function (..., envir = parent.frame())
[16:21:01.551]    - tweaked: FALSE
[16:21:01.551]    - call: future::plan(oplan)
[16:21:01.552] plan(): nbrOfWorkers() = 1
> 
