
R version 4.3.3 (2024-02-29) -- "Angel Food Cake"
Copyright (C) 2024 The R Foundation for Statistical Computing
Platform: x86_64-pc-linux-gnu (64-bit)

R is free software and comes with ABSOLUTELY NO WARRANTY.
You are welcome to redistribute it under certain conditions.
Type 'license()' or 'licence()' for distribution details.

R is a collaborative project with many contributors.
Type 'contributors()' for more information and
'citation()' on how to cite R or R packages in publications.

Type 'demo()' for some demos, 'help()' for on-line help, or
'help.start()' for an HTML browser interface to help.
Type 'q()' to quit R.

> source("incl/start.R")
[13:37:32.404] plan(): Setting new future strategy stack:
[13:37:32.404] List of future strategies:
[13:37:32.404] 1. sequential:
[13:37:32.404]    - args: function (..., envir = parent.frame())
[13:37:32.404]    - tweaked: FALSE
[13:37:32.404]    - call: future::plan("sequential")
[13:37:32.420] plan(): nbrOfWorkers() = 1
> 
> message("*** requestCore() ...")
*** requestCore() ...
> 
> message("*** requestCore() - exceptions ...")
*** requestCore() - exceptions ...
> 
> ## There are no cores to choose from
> res <- try(requestCore(function() {}, workers = 0), silent = TRUE)
> stopifnot(inherits(res, "try-error"))
> 
> res <- try(requestCore(function() {}, timeout = -1.0), silent = TRUE)
> stopifnot(inherits(res, "try-error"))
> 
> res <- try(requestCore(function() {}, alpha = 0.0), silent = TRUE)
> stopifnot(inherits(res, "try-error"))
> 
> message("*** requestCore() - exceptions ... DONE")
*** requestCore() - exceptions ... DONE
> 
> 
> if (supportsMulticore()) {
+   message("*** requestCore() - timeout ...")
+   
+   plan(multicore, workers = 2L)
+   a %<-% { Sys.sleep(2); 1 }
+   
+   ## Fake single-worker multicore by using workers = 1L
+   res <- try(requestCore(function() {}, workers = 1L, timeout = 0.5, delta = 0.1))
+   stopifnot(inherits(res, "try-error"))
+   stopifnot(a == 1)
+   
+   message("*** requestCore() - timeout ... DONE")
+ }
*** requestCore() - timeout ...
[13:37:32.438] plan(): Setting new future strategy stack:
[13:37:32.438] List of future strategies:
[13:37:32.438] 1. multicore:
[13:37:32.438]    - args: function (..., workers = 2L, envir = parent.frame())
[13:37:32.438]    - tweaked: TRUE
[13:37:32.438]    - call: plan(multicore, workers = 2L)
[13:37:32.449] plan(): nbrOfWorkers() = 2
[13:37:32.451] getGlobalsAndPackages() ...
[13:37:32.451] Searching for globals...
[13:37:32.458] - globals found: [2] ‘{’, ‘Sys.sleep’
[13:37:32.458] Searching for globals ... DONE
[13:37:32.458] Resolving globals: FALSE
[13:37:32.459] 
[13:37:32.459] 
[13:37:32.459] getGlobalsAndPackages() ... DONE
[13:37:32.460] run() for ‘Future’ ...
[13:37:32.460] - state: ‘created’
[13:37:32.460] - Future backend: ‘FutureStrategy’, ‘tweaked’, ‘multicore’, ‘multiprocess’, ‘future’, ‘function’
[13:37:32.461] - Future class: ‘MulticoreFuture’, ‘MultiprocessFuture’, ‘Future’, ‘environment’
[13:37:32.461] - Copy elements of temporary ‘MulticoreFuture’ to final ‘Future’ object ...
[13:37:32.461]   - Field: ‘label’
[13:37:32.461]   - Field: ‘local’
[13:37:32.461]   - Field: ‘owner’
[13:37:32.461]   - Field: ‘envir’
[13:37:32.461]   - Field: ‘workers’
[13:37:32.461]   - Field: ‘packages’
[13:37:32.462]   - Field: ‘gc’
[13:37:32.462]   - Field: ‘job’
[13:37:32.462]   - Field: ‘conditions’
[13:37:32.462]   - Field: ‘expr’
[13:37:32.462]   - Field: ‘uuid’
[13:37:32.462]   - Field: ‘seed’
[13:37:32.462]   - Field: ‘version’
[13:37:32.462]   - Field: ‘result’
[13:37:32.462]   - Field: ‘asynchronous’
[13:37:32.462]   - Field: ‘calls’
[13:37:32.463]   - Field: ‘globals’
[13:37:32.463]   - Field: ‘stdout’
[13:37:32.463]   - Field: ‘earlySignal’
[13:37:32.463]   - Field: ‘lazy’
[13:37:32.463]   - Field: ‘state’
[13:37:32.463] - Copy elements of temporary ‘MulticoreFuture’ to final ‘Future’ object ... done
[13:37:32.463] - Launch lazy future ...
[13:37:32.467] Packages needed by the future expression (n = 0): <none>
[13:37:32.467] Packages needed by future strategies (n = 0): <none>
[13:37:32.468] {
[13:37:32.468]     {
[13:37:32.468]         {
[13:37:32.468]             ...future.startTime <- base::Sys.time()
[13:37:32.468]             {
[13:37:32.468]                 {
[13:37:32.468]                   {
[13:37:32.468]                     {
[13:37:32.468]                       base::local({
[13:37:32.468]                         has_future <- base::requireNamespace("future", 
[13:37:32.468]                           quietly = TRUE)
[13:37:32.468]                         if (has_future) {
[13:37:32.468]                           ns <- base::getNamespace("future")
[13:37:32.468]                           version <- ns[[".package"]][["version"]]
[13:37:32.468]                           if (is.null(version)) 
[13:37:32.468]                             version <- utils::packageVersion("future")
[13:37:32.468]                         }
[13:37:32.468]                         else {
[13:37:32.468]                           version <- NULL
[13:37:32.468]                         }
[13:37:32.468]                         if (!has_future || version < "1.8.0") {
[13:37:32.468]                           info <- base::c(r_version = base::gsub("R version ", 
[13:37:32.468]                             "", base::R.version$version.string), 
[13:37:32.468]                             platform = base::sprintf("%s (%s-bit)", 
[13:37:32.468]                               base::R.version$platform, 8 * base::.Machine$sizeof.pointer), 
[13:37:32.468]                             os = base::paste(base::Sys.info()[base::c("sysname", 
[13:37:32.468]                               "release", "version")], collapse = " "), 
[13:37:32.468]                             hostname = base::Sys.info()[["nodename"]])
[13:37:32.468]                           info <- base::sprintf("%s: %s", base::names(info), 
[13:37:32.468]                             info)
[13:37:32.468]                           info <- base::paste(info, collapse = "; ")
[13:37:32.468]                           if (!has_future) {
[13:37:32.468]                             msg <- base::sprintf("Package 'future' is not installed on worker (%s)", 
[13:37:32.468]                               info)
[13:37:32.468]                           }
[13:37:32.468]                           else {
[13:37:32.468]                             msg <- base::sprintf("Package 'future' on worker (%s) must be of version >= 1.8.0: %s", 
[13:37:32.468]                               info, version)
[13:37:32.468]                           }
[13:37:32.468]                           base::stop(msg)
[13:37:32.468]                         }
[13:37:32.468]                       })
[13:37:32.468]                     }
[13:37:32.468]                     ...future.mc.cores.old <- base::getOption("mc.cores")
[13:37:32.468]                     base::options(mc.cores = 1L)
[13:37:32.468]                   }
[13:37:32.468]                   ...future.strategy.old <- future::plan("list")
[13:37:32.468]                   options(future.plan = NULL)
[13:37:32.468]                   Sys.unsetenv("R_FUTURE_PLAN")
[13:37:32.468]                   future::plan("default", .cleanup = FALSE, .init = FALSE)
[13:37:32.468]                 }
[13:37:32.468]                 ...future.workdir <- getwd()
[13:37:32.468]             }
[13:37:32.468]             ...future.oldOptions <- base::as.list(base::.Options)
[13:37:32.468]             ...future.oldEnvVars <- base::Sys.getenv()
[13:37:32.468]         }
[13:37:32.468]         base::options(future.startup.script = FALSE, future.globals.onMissing = NULL, 
[13:37:32.468]             future.globals.maxSize = NULL, future.globals.method = NULL, 
[13:37:32.468]             future.globals.onMissing = NULL, future.globals.onReference = NULL, 
[13:37:32.468]             future.globals.resolve = NULL, future.resolve.recursive = NULL, 
[13:37:32.468]             future.rng.onMisuse = NULL, future.rng.onMisuse.keepFuture = NULL, 
[13:37:32.468]             future.stdout.windows.reencode = NULL, width = 80L)
[13:37:32.468]         ...future.futureOptionsAdded <- base::setdiff(base::names(base::.Options), 
[13:37:32.468]             base::names(...future.oldOptions))
[13:37:32.468]     }
[13:37:32.468]     if (FALSE) {
[13:37:32.468]     }
[13:37:32.468]     else {
[13:37:32.468]         if (TRUE) {
[13:37:32.468]             ...future.stdout <- base::rawConnection(base::raw(0L), 
[13:37:32.468]                 open = "w")
[13:37:32.468]         }
[13:37:32.468]         else {
[13:37:32.468]             ...future.stdout <- base::file(base::switch(.Platform$OS.type, 
[13:37:32.468]                 windows = "NUL", "/dev/null"), open = "w")
[13:37:32.468]         }
[13:37:32.468]         base::sink(...future.stdout, type = "output", split = FALSE)
[13:37:32.468]         base::on.exit(if (!base::is.null(...future.stdout)) {
[13:37:32.468]             base::sink(type = "output", split = FALSE)
[13:37:32.468]             base::close(...future.stdout)
[13:37:32.468]         }, add = TRUE)
[13:37:32.468]     }
[13:37:32.468]     ...future.frame <- base::sys.nframe()
[13:37:32.468]     ...future.conditions <- base::list()
[13:37:32.468]     ...future.rng <- base::globalenv()$.Random.seed
[13:37:32.468]     if (FALSE) {
[13:37:32.468]         ...future.globalenv.names <- c(base::names(base::.GlobalEnv), 
[13:37:32.468]             "...future.value", "...future.globalenv.names", ".Random.seed")
[13:37:32.468]     }
[13:37:32.468]     ...future.result <- base::tryCatch({
[13:37:32.468]         base::withCallingHandlers({
[13:37:32.468]             ...future.value <- base::withVisible(base::local({
[13:37:32.468]                 withCallingHandlers({
[13:37:32.468]                   {
[13:37:32.468]                     Sys.sleep(2)
[13:37:32.468]                     1
[13:37:32.468]                   }
[13:37:32.468]                 }, immediateCondition = function(cond) {
[13:37:32.468]                   save_rds <- function (object, pathname, ...) 
[13:37:32.468]                   {
[13:37:32.468]                     pathname_tmp <- sprintf("%s.tmp", pathname)
[13:37:32.468]                     if (file_test("-f", pathname_tmp)) {
[13:37:32.468]                       fi_tmp <- file.info(pathname_tmp)
[13:37:32.468]                       stopf("Cannot save RDS file because a temporary save file already exists: %s (%0.f bytes; last modified on %s)", 
[13:37:32.468]                         sQuote(pathname_tmp), fi_tmp[["size"]], 
[13:37:32.468]                         fi_tmp[["mtime"]])
[13:37:32.468]                     }
[13:37:32.468]                     tryCatch({
[13:37:32.468]                       saveRDS(object, file = pathname_tmp, ...)
[13:37:32.468]                     }, error = function(ex) {
[13:37:32.468]                       msg <- conditionMessage(ex)
[13:37:32.468]                       fi_tmp <- file.info(pathname_tmp)
[13:37:32.468]                       msg <- sprintf("saveRDS() failed to save to temporary file %s (%.0f bytes; last modified on %s). The reason was: %s", 
[13:37:32.468]                         sQuote(pathname_tmp), fi_tmp[["size"]], 
[13:37:32.468]                         fi_tmp[["mtime"]], msg)
[13:37:32.468]                       ex$message <- msg
[13:37:32.468]                       stop(ex)
[13:37:32.468]                     })
[13:37:32.468]                     stopifnot(file_test("-f", pathname_tmp))
[13:37:32.468]                     res <- file.rename(from = pathname_tmp, to = pathname)
[13:37:32.468]                     if (!res || file_test("-f", pathname_tmp)) {
[13:37:32.468]                       fi_tmp <- file.info(pathname_tmp)
[13:37:32.468]                       fi <- file.info(pathname)
[13:37:32.468]                       msg <- sprintf("save_rds() failed to rename temporary save file %s (%0.f bytes; last modified on %s) to %s (%0.f bytes; last modified on %s)", 
[13:37:32.468]                         sQuote(pathname_tmp), fi_tmp[["size"]], 
[13:37:32.468]                         fi_tmp[["mtime"]], sQuote(pathname), 
[13:37:32.468]                         fi[["size"]], fi[["mtime"]])
[13:37:32.468]                       stop(msg)
[13:37:32.468]                     }
[13:37:32.468]                     invisible(pathname)
[13:37:32.468]                   }
[13:37:32.468]                   saveImmediateCondition <- function (cond, path = immediateConditionsPath(rootPath = rootPath), 
[13:37:32.468]                     rootPath = tempdir()) 
[13:37:32.468]                   {
[13:37:32.468]                     obj <- list(time = Sys.time(), condition = cond)
[13:37:32.468]                     file <- tempfile(pattern = class(cond)[1], 
[13:37:32.468]                       tmpdir = path, fileext = ".rds")
[13:37:32.468]                     save_rds(obj, file)
[13:37:32.468]                   }
[13:37:32.468]                   saveImmediateCondition(cond, path = "/tmp/RtmpshQtdj/.future/immediateConditions")
[13:37:32.468]                   muffleCondition <- function (cond, pattern = "^muffle") 
[13:37:32.468]                   {
[13:37:32.468]                     inherits <- base::inherits
[13:37:32.468]                     invokeRestart <- base::invokeRestart
[13:37:32.468]                     is.null <- base::is.null
[13:37:32.468]                     muffled <- FALSE
[13:37:32.468]                     if (inherits(cond, "message")) {
[13:37:32.468]                       muffled <- grepl(pattern, "muffleMessage")
[13:37:32.468]                       if (muffled) 
[13:37:32.468]                         invokeRestart("muffleMessage")
[13:37:32.468]                     }
[13:37:32.468]                     else if (inherits(cond, "warning")) {
[13:37:32.468]                       muffled <- grepl(pattern, "muffleWarning")
[13:37:32.468]                       if (muffled) 
[13:37:32.468]                         invokeRestart("muffleWarning")
[13:37:32.468]                     }
[13:37:32.468]                     else if (inherits(cond, "condition")) {
[13:37:32.468]                       if (!is.null(pattern)) {
[13:37:32.468]                         computeRestarts <- base::computeRestarts
[13:37:32.468]                         grepl <- base::grepl
[13:37:32.468]                         restarts <- computeRestarts(cond)
[13:37:32.468]                         for (restart in restarts) {
[13:37:32.468]                           name <- restart$name
[13:37:32.468]                           if (is.null(name)) 
[13:37:32.468]                             next
[13:37:32.468]                           if (!grepl(pattern, name)) 
[13:37:32.468]                             next
[13:37:32.468]                           invokeRestart(restart)
[13:37:32.468]                           muffled <- TRUE
[13:37:32.468]                           break
[13:37:32.468]                         }
[13:37:32.468]                       }
[13:37:32.468]                     }
[13:37:32.468]                     invisible(muffled)
[13:37:32.468]                   }
[13:37:32.468]                   muffleCondition(cond)
[13:37:32.468]                 })
[13:37:32.468]             }))
[13:37:32.468]             future::FutureResult(value = ...future.value$value, 
[13:37:32.468]                 visible = ...future.value$visible, rng = !identical(base::globalenv()$.Random.seed, 
[13:37:32.468]                   ...future.rng), globalenv = if (FALSE) 
[13:37:32.468]                   list(added = base::setdiff(base::names(base::.GlobalEnv), 
[13:37:32.468]                     ...future.globalenv.names))
[13:37:32.468]                 else NULL, started = ...future.startTime, version = "1.8")
[13:37:32.468]         }, condition = base::local({
[13:37:32.468]             c <- base::c
[13:37:32.468]             inherits <- base::inherits
[13:37:32.468]             invokeRestart <- base::invokeRestart
[13:37:32.468]             length <- base::length
[13:37:32.468]             list <- base::list
[13:37:32.468]             seq.int <- base::seq.int
[13:37:32.468]             signalCondition <- base::signalCondition
[13:37:32.468]             sys.calls <- base::sys.calls
[13:37:32.468]             `[[` <- base::`[[`
[13:37:32.468]             `+` <- base::`+`
[13:37:32.468]             `<<-` <- base::`<<-`
[13:37:32.468]             sysCalls <- function(calls = sys.calls(), from = 1L) {
[13:37:32.468]                 calls[seq.int(from = from + 12L, to = length(calls) - 
[13:37:32.468]                   3L)]
[13:37:32.468]             }
[13:37:32.468]             function(cond) {
[13:37:32.468]                 is_error <- inherits(cond, "error")
[13:37:32.468]                 ignore <- !is_error && !is.null(NULL) && inherits(cond, 
[13:37:32.468]                   NULL)
[13:37:32.468]                 if (is_error) {
[13:37:32.468]                   sessionInformation <- function() {
[13:37:32.468]                     list(r = base::R.Version(), locale = base::Sys.getlocale(), 
[13:37:32.468]                       rngkind = base::RNGkind(), namespaces = base::loadedNamespaces(), 
[13:37:32.468]                       search = base::search(), system = base::Sys.info())
[13:37:32.468]                   }
[13:37:32.468]                   ...future.conditions[[length(...future.conditions) + 
[13:37:32.468]                     1L]] <<- list(condition = cond, calls = c(sysCalls(from = ...future.frame), 
[13:37:32.468]                     cond$call), session = sessionInformation(), 
[13:37:32.468]                     timestamp = base::Sys.time(), signaled = 0L)
[13:37:32.468]                   signalCondition(cond)
[13:37:32.468]                 }
[13:37:32.468]                 else if (!ignore && TRUE && inherits(cond, c("condition", 
[13:37:32.468]                 "immediateCondition"))) {
[13:37:32.468]                   signal <- TRUE && inherits(cond, "immediateCondition")
[13:37:32.468]                   ...future.conditions[[length(...future.conditions) + 
[13:37:32.468]                     1L]] <<- list(condition = cond, signaled = base::as.integer(signal))
[13:37:32.468]                   if (TRUE && !signal) {
[13:37:32.468]                     muffleCondition <- function (cond, pattern = "^muffle") 
[13:37:32.468]                     {
[13:37:32.468]                       inherits <- base::inherits
[13:37:32.468]                       invokeRestart <- base::invokeRestart
[13:37:32.468]                       is.null <- base::is.null
[13:37:32.468]                       muffled <- FALSE
[13:37:32.468]                       if (inherits(cond, "message")) {
[13:37:32.468]                         muffled <- grepl(pattern, "muffleMessage")
[13:37:32.468]                         if (muffled) 
[13:37:32.468]                           invokeRestart("muffleMessage")
[13:37:32.468]                       }
[13:37:32.468]                       else if (inherits(cond, "warning")) {
[13:37:32.468]                         muffled <- grepl(pattern, "muffleWarning")
[13:37:32.468]                         if (muffled) 
[13:37:32.468]                           invokeRestart("muffleWarning")
[13:37:32.468]                       }
[13:37:32.468]                       else if (inherits(cond, "condition")) {
[13:37:32.468]                         if (!is.null(pattern)) {
[13:37:32.468]                           computeRestarts <- base::computeRestarts
[13:37:32.468]                           grepl <- base::grepl
[13:37:32.468]                           restarts <- computeRestarts(cond)
[13:37:32.468]                           for (restart in restarts) {
[13:37:32.468]                             name <- restart$name
[13:37:32.468]                             if (is.null(name)) 
[13:37:32.468]                               next
[13:37:32.468]                             if (!grepl(pattern, name)) 
[13:37:32.468]                               next
[13:37:32.468]                             invokeRestart(restart)
[13:37:32.468]                             muffled <- TRUE
[13:37:32.468]                             break
[13:37:32.468]                           }
[13:37:32.468]                         }
[13:37:32.468]                       }
[13:37:32.468]                       invisible(muffled)
[13:37:32.468]                     }
[13:37:32.468]                     muffleCondition(cond, pattern = "^muffle")
[13:37:32.468]                   }
[13:37:32.468]                 }
[13:37:32.468]                 else {
[13:37:32.468]                   if (TRUE) {
[13:37:32.468]                     muffleCondition <- function (cond, pattern = "^muffle") 
[13:37:32.468]                     {
[13:37:32.468]                       inherits <- base::inherits
[13:37:32.468]                       invokeRestart <- base::invokeRestart
[13:37:32.468]                       is.null <- base::is.null
[13:37:32.468]                       muffled <- FALSE
[13:37:32.468]                       if (inherits(cond, "message")) {
[13:37:32.468]                         muffled <- grepl(pattern, "muffleMessage")
[13:37:32.468]                         if (muffled) 
[13:37:32.468]                           invokeRestart("muffleMessage")
[13:37:32.468]                       }
[13:37:32.468]                       else if (inherits(cond, "warning")) {
[13:37:32.468]                         muffled <- grepl(pattern, "muffleWarning")
[13:37:32.468]                         if (muffled) 
[13:37:32.468]                           invokeRestart("muffleWarning")
[13:37:32.468]                       }
[13:37:32.468]                       else if (inherits(cond, "condition")) {
[13:37:32.468]                         if (!is.null(pattern)) {
[13:37:32.468]                           computeRestarts <- base::computeRestarts
[13:37:32.468]                           grepl <- base::grepl
[13:37:32.468]                           restarts <- computeRestarts(cond)
[13:37:32.468]                           for (restart in restarts) {
[13:37:32.468]                             name <- restart$name
[13:37:32.468]                             if (is.null(name)) 
[13:37:32.468]                               next
[13:37:32.468]                             if (!grepl(pattern, name)) 
[13:37:32.468]                               next
[13:37:32.468]                             invokeRestart(restart)
[13:37:32.468]                             muffled <- TRUE
[13:37:32.468]                             break
[13:37:32.468]                           }
[13:37:32.468]                         }
[13:37:32.468]                       }
[13:37:32.468]                       invisible(muffled)
[13:37:32.468]                     }
[13:37:32.468]                     muffleCondition(cond, pattern = "^muffle")
[13:37:32.468]                   }
[13:37:32.468]                 }
[13:37:32.468]             }
[13:37:32.468]         }))
[13:37:32.468]     }, error = function(ex) {
[13:37:32.468]         base::structure(base::list(value = NULL, visible = NULL, 
[13:37:32.468]             conditions = ...future.conditions, rng = !identical(base::globalenv()$.Random.seed, 
[13:37:32.468]                 ...future.rng), started = ...future.startTime, 
[13:37:32.468]             finished = Sys.time(), session_uuid = NA_character_, 
[13:37:32.468]             version = "1.8"), class = "FutureResult")
[13:37:32.468]     }, finally = {
[13:37:32.468]         if (!identical(...future.workdir, getwd())) 
[13:37:32.468]             setwd(...future.workdir)
[13:37:32.468]         {
[13:37:32.468]             if (identical(getOption("nwarnings"), ...future.oldOptions$nwarnings)) {
[13:37:32.468]                 ...future.oldOptions$nwarnings <- NULL
[13:37:32.468]             }
[13:37:32.468]             base::options(...future.oldOptions)
[13:37:32.468]             if (.Platform$OS.type == "windows") {
[13:37:32.468]                 old_names <- names(...future.oldEnvVars)
[13:37:32.468]                 envs <- base::Sys.getenv()
[13:37:32.468]                 names <- names(envs)
[13:37:32.468]                 common <- intersect(names, old_names)
[13:37:32.468]                 added <- setdiff(names, old_names)
[13:37:32.468]                 removed <- setdiff(old_names, names)
[13:37:32.468]                 changed <- common[...future.oldEnvVars[common] != 
[13:37:32.468]                   envs[common]]
[13:37:32.468]                 NAMES <- toupper(changed)
[13:37:32.468]                 args <- list()
[13:37:32.468]                 for (kk in seq_along(NAMES)) {
[13:37:32.468]                   name <- changed[[kk]]
[13:37:32.468]                   NAME <- NAMES[[kk]]
[13:37:32.468]                   if (name != NAME && is.element(NAME, old_names)) 
[13:37:32.468]                     next
[13:37:32.468]                   args[[name]] <- ...future.oldEnvVars[[name]]
[13:37:32.468]                 }
[13:37:32.468]                 NAMES <- toupper(added)
[13:37:32.468]                 for (kk in seq_along(NAMES)) {
[13:37:32.468]                   name <- added[[kk]]
[13:37:32.468]                   NAME <- NAMES[[kk]]
[13:37:32.468]                   if (name != NAME && is.element(NAME, old_names)) 
[13:37:32.468]                     next
[13:37:32.468]                   args[[name]] <- ""
[13:37:32.468]                 }
[13:37:32.468]                 NAMES <- toupper(removed)
[13:37:32.468]                 for (kk in seq_along(NAMES)) {
[13:37:32.468]                   name <- removed[[kk]]
[13:37:32.468]                   NAME <- NAMES[[kk]]
[13:37:32.468]                   if (name != NAME && is.element(NAME, old_names)) 
[13:37:32.468]                     next
[13:37:32.468]                   args[[name]] <- ...future.oldEnvVars[[name]]
[13:37:32.468]                 }
[13:37:32.468]                 if (length(args) > 0) 
[13:37:32.468]                   base::do.call(base::Sys.setenv, args = args)
[13:37:32.468]                 args <- names <- old_names <- NAMES <- envs <- common <- added <- removed <- NULL
[13:37:32.468]             }
[13:37:32.468]             else {
[13:37:32.468]                 base::do.call(base::Sys.setenv, args = base::as.list(...future.oldEnvVars))
[13:37:32.468]             }
[13:37:32.468]             {
[13:37:32.468]                 if (base::length(...future.futureOptionsAdded) > 
[13:37:32.468]                   0L) {
[13:37:32.468]                   opts <- base::vector("list", length = base::length(...future.futureOptionsAdded))
[13:37:32.468]                   base::names(opts) <- ...future.futureOptionsAdded
[13:37:32.468]                   base::options(opts)
[13:37:32.468]                 }
[13:37:32.468]                 {
[13:37:32.468]                   {
[13:37:32.468]                     base::options(mc.cores = ...future.mc.cores.old)
[13:37:32.468]                     NULL
[13:37:32.468]                   }
[13:37:32.468]                   options(future.plan = NULL)
[13:37:32.468]                   if (is.na(NA_character_)) 
[13:37:32.468]                     Sys.unsetenv("R_FUTURE_PLAN")
[13:37:32.468]                   else Sys.setenv(R_FUTURE_PLAN = NA_character_)
[13:37:32.468]                   future::plan(...future.strategy.old, .cleanup = FALSE, 
[13:37:32.468]                     .init = FALSE)
[13:37:32.468]                 }
[13:37:32.468]             }
[13:37:32.468]         }
[13:37:32.468]     })
[13:37:32.468]     if (TRUE) {
[13:37:32.468]         base::sink(type = "output", split = FALSE)
[13:37:32.468]         if (TRUE) {
[13:37:32.468]             ...future.result$stdout <- base::rawToChar(base::rawConnectionValue(...future.stdout))
[13:37:32.468]         }
[13:37:32.468]         else {
[13:37:32.468]             ...future.result["stdout"] <- base::list(NULL)
[13:37:32.468]         }
[13:37:32.468]         base::close(...future.stdout)
[13:37:32.468]         ...future.stdout <- NULL
[13:37:32.468]     }
[13:37:32.468]     ...future.result$conditions <- ...future.conditions
[13:37:32.468]     ...future.result$finished <- base::Sys.time()
[13:37:32.468]     ...future.result
[13:37:32.468] }
[13:37:32.471] requestCore(): workers = 2
[13:37:32.474] MulticoreFuture started
[13:37:32.475] - Launch lazy future ... done
[13:37:32.475] run() for ‘MulticoreFuture’ ... done
[13:37:32.475] plan(): Setting new future strategy stack:
[13:37:32.475] requestCore(): workers = 1
[13:37:32.475] List of future strategies:
[13:37:32.475] 1. sequential:
[13:37:32.475]    - args: function (..., envir = parent.frame())
[13:37:32.475]    - tweaked: FALSE
[13:37:32.475]    - call: NULL
[13:37:32.476] plan(): nbrOfWorkers() = 1
[13:37:32.476] Poll #1 (0): usedCores() = 1, workers = 1
[13:37:32.580] Poll #2 (0.1 secs): usedCores() = 1, workers = 1
[13:37:32.684] Poll #3 (0.21 secs): usedCores() = 1, workers = 1
[13:37:32.787] Poll #4 (0.31 secs): usedCores() = 1, workers = 1
[13:37:32.891] Poll #5 (0.41 secs): usedCores() = 1, workers = 1
[13:37:32.996] TIMEOUT: All 1 cores are still occupied after 0.52 secs (polled 6 times)
Error in requestCore(function() { : 
  TIMEOUT: All 1 cores are still occupied after 0.52 secs (polled 6 times)
[13:37:32.998] result() for MulticoreFuture ...
[13:37:34.482] plan(): Setting new future strategy stack:
[13:37:34.482] List of future strategies:
[13:37:34.482] 1. multicore:
[13:37:34.482]    - args: function (..., workers = 2L, envir = parent.frame())
[13:37:34.482]    - tweaked: TRUE
[13:37:34.482]    - call: plan(multicore, workers = 2L)
[13:37:34.483] plan(): nbrOfWorkers() = 2
[13:37:34.488] result() for MulticoreFuture ...
[13:37:34.488] result() for MulticoreFuture ... done
[13:37:34.488] result() for MulticoreFuture ... done
[13:37:34.488] result() for MulticoreFuture ...
[13:37:34.488] result() for MulticoreFuture ... done
*** requestCore() - timeout ... DONE
> 
> message("*** requestCore() ... DONE")
*** requestCore() ... DONE
> 
> source("incl/end.R")
[13:37:34.489] plan(): Setting new future strategy stack:
[13:37:34.489] List of future strategies:
[13:37:34.489] 1. FutureStrategy:
[13:37:34.489]    - args: function (..., envir = parent.frame())
[13:37:34.489]    - tweaked: FALSE
[13:37:34.489]    - call: future::plan(oplan)
[13:37:34.490] plan(): nbrOfWorkers() = 1
> 
