
R version 4.3.3 (2024-02-29) -- "Angel Food Cake"
Copyright (C) 2024 The R Foundation for Statistical Computing
Platform: x86_64-pc-linux-gnu (64-bit)

R is free software and comes with ABSOLUTELY NO WARRANTY.
You are welcome to redistribute it under certain conditions.
Type 'license()' or 'licence()' for distribution details.

R is a collaborative project with many contributors.
Type 'contributors()' for more information and
'citation()' on how to cite R or R packages in publications.

Type 'demo()' for some demos, 'help()' for on-line help, or
'help.start()' for an HTML browser interface to help.
Type 'q()' to quit R.

> source("incl/start.R")
[16:22:33.316] plan(): Setting new future strategy stack:
[16:22:33.317] List of future strategies:
[16:22:33.317] 1. sequential:
[16:22:33.317]    - args: function (..., envir = parent.frame())
[16:22:33.317]    - tweaked: FALSE
[16:22:33.317]    - call: future::plan("sequential")
[16:22:33.331] plan(): nbrOfWorkers() = 1
> 
> message("*** sequential() ...")
*** sequential() ...
> 
> message("- sequential() w/ required packages ...")
- sequential() w/ required packages ...
> 
> f <- future(median(1:3), lazy = TRUE)
[16:22:33.341] getGlobalsAndPackages() ...
[16:22:33.341] Searching for globals...
[16:22:33.345] - globals found: [2] ‘median’, ‘:’
[16:22:33.345] Searching for globals ... DONE
[16:22:33.346] Resolving globals: FALSE
[16:22:33.346] 
[16:22:33.346] - packages: [1] ‘stats’
[16:22:33.346] getGlobalsAndPackages() ... DONE
> print(f)
Future:
Label: ‘<none>’
Expression:
median(1:3)
Lazy evaluation: TRUE
Asynchronous evaluation: TRUE
Local evaluation: TRUE
Environment: R_GlobalEnv
Capture standard output: TRUE
Capture condition classes: ‘condition’ (excluding ‘nothing’)
Globals: <none>
Packages: 1 packages (‘stats’)
L'Ecuyer-CMRG RNG seed: <none> (seed = FALSE)
Resolved: FALSE
Value: <not collected>
Conditions captured: <none>
Early signaling: FALSE
Owner process: 77a24650-e643-b967-2d7f-57316eb18fbf
Class: ‘Future’, ‘environment’
> 
> ## Doesn't work if covr that depends on stats is loaded
> try(unloadNamespace("stats"))
> 
> v <- value(f)
[16:22:33.349] run() for ‘Future’ ...
[16:22:33.349] - state: ‘created’
[16:22:33.350] - Future backend: ‘FutureStrategy’, ‘sequential’, ‘uniprocess’, ‘future’, ‘function’
[16:22:33.350] - Future class: ‘SequentialFuture’, ‘UniprocessFuture’, ‘Future’, ‘environment’
[16:22:33.350] - Copy elements of temporary ‘SequentialFuture’ to final ‘Future’ object ...
[16:22:33.350]   - Field: ‘label’
[16:22:33.350]   - Field: ‘local’
[16:22:33.350]   - Field: ‘owner’
[16:22:33.350]   - Field: ‘envir’
[16:22:33.351]   - Field: ‘packages’
[16:22:33.351]   - Field: ‘gc’
[16:22:33.351]   - Field: ‘conditions’
[16:22:33.351]   - Field: ‘expr’
[16:22:33.351]   - Field: ‘uuid’
[16:22:33.351]   - Field: ‘seed’
[16:22:33.351]   - Field: ‘version’
[16:22:33.351]   - Field: ‘result’
[16:22:33.351]   - Field: ‘asynchronous’
[16:22:33.351]   - Field: ‘calls’
[16:22:33.351]   - Field: ‘globals’
[16:22:33.352]   - Field: ‘stdout’
[16:22:33.352]   - Field: ‘earlySignal’
[16:22:33.352]   - Field: ‘lazy’
[16:22:33.352]   - Field: ‘state’
[16:22:33.352] - Copy elements of temporary ‘SequentialFuture’ to final ‘Future’ object ... done
[16:22:33.352] - Launch lazy future ...
[16:22:33.353] Packages needed by the future expression (n = 1): ‘stats’
[16:22:33.353] Packages needed by future strategies (n = 0): <none>
[16:22:33.396] {
[16:22:33.396]     {
[16:22:33.396]         {
[16:22:33.396]             ...future.startTime <- base::Sys.time()
[16:22:33.396]             {
[16:22:33.396]                 {
[16:22:33.396]                   {
[16:22:33.396]                     {
[16:22:33.396]                       base::local({
[16:22:33.396]                         has_future <- base::requireNamespace("future", 
[16:22:33.396]                           quietly = TRUE)
[16:22:33.396]                         if (has_future) {
[16:22:33.396]                           ns <- base::getNamespace("future")
[16:22:33.396]                           version <- ns[[".package"]][["version"]]
[16:22:33.396]                           if (is.null(version)) 
[16:22:33.396]                             version <- utils::packageVersion("future")
[16:22:33.396]                         }
[16:22:33.396]                         else {
[16:22:33.396]                           version <- NULL
[16:22:33.396]                         }
[16:22:33.396]                         if (!has_future || version < "1.8.0") {
[16:22:33.396]                           info <- base::c(r_version = base::gsub("R version ", 
[16:22:33.396]                             "", base::R.version$version.string), 
[16:22:33.396]                             platform = base::sprintf("%s (%s-bit)", 
[16:22:33.396]                               base::R.version$platform, 8 * base::.Machine$sizeof.pointer), 
[16:22:33.396]                             os = base::paste(base::Sys.info()[base::c("sysname", 
[16:22:33.396]                               "release", "version")], collapse = " "), 
[16:22:33.396]                             hostname = base::Sys.info()[["nodename"]])
[16:22:33.396]                           info <- base::sprintf("%s: %s", base::names(info), 
[16:22:33.396]                             info)
[16:22:33.396]                           info <- base::paste(info, collapse = "; ")
[16:22:33.396]                           if (!has_future) {
[16:22:33.396]                             msg <- base::sprintf("Package 'future' is not installed on worker (%s)", 
[16:22:33.396]                               info)
[16:22:33.396]                           }
[16:22:33.396]                           else {
[16:22:33.396]                             msg <- base::sprintf("Package 'future' on worker (%s) must be of version >= 1.8.0: %s", 
[16:22:33.396]                               info, version)
[16:22:33.396]                           }
[16:22:33.396]                           base::stop(msg)
[16:22:33.396]                         }
[16:22:33.396]                       })
[16:22:33.396]                     }
[16:22:33.396]                     base::local({
[16:22:33.396]                       for (pkg in "stats") {
[16:22:33.396]                         base::loadNamespace(pkg)
[16:22:33.396]                         base::library(pkg, character.only = TRUE)
[16:22:33.396]                       }
[16:22:33.396]                     })
[16:22:33.396]                   }
[16:22:33.396]                   ...future.strategy.old <- future::plan("list")
[16:22:33.396]                   options(future.plan = NULL)
[16:22:33.396]                   Sys.unsetenv("R_FUTURE_PLAN")
[16:22:33.396]                   future::plan("default", .cleanup = FALSE, .init = FALSE)
[16:22:33.396]                 }
[16:22:33.396]                 ...future.workdir <- getwd()
[16:22:33.396]             }
[16:22:33.396]             ...future.oldOptions <- base::as.list(base::.Options)
[16:22:33.396]             ...future.oldEnvVars <- base::Sys.getenv()
[16:22:33.396]         }
[16:22:33.396]         base::options(future.startup.script = FALSE, future.globals.onMissing = NULL, 
[16:22:33.396]             future.globals.maxSize = NULL, future.globals.method = NULL, 
[16:22:33.396]             future.globals.onMissing = NULL, future.globals.onReference = NULL, 
[16:22:33.396]             future.globals.resolve = NULL, future.resolve.recursive = NULL, 
[16:22:33.396]             future.rng.onMisuse = NULL, future.rng.onMisuse.keepFuture = NULL, 
[16:22:33.396]             future.stdout.windows.reencode = NULL, width = 80L)
[16:22:33.396]         ...future.futureOptionsAdded <- base::setdiff(base::names(base::.Options), 
[16:22:33.396]             base::names(...future.oldOptions))
[16:22:33.396]     }
[16:22:33.396]     if (FALSE) {
[16:22:33.396]     }
[16:22:33.396]     else {
[16:22:33.396]         if (TRUE) {
[16:22:33.396]             ...future.stdout <- base::rawConnection(base::raw(0L), 
[16:22:33.396]                 open = "w")
[16:22:33.396]         }
[16:22:33.396]         else {
[16:22:33.396]             ...future.stdout <- base::file(base::switch(.Platform$OS.type, 
[16:22:33.396]                 windows = "NUL", "/dev/null"), open = "w")
[16:22:33.396]         }
[16:22:33.396]         base::sink(...future.stdout, type = "output", split = FALSE)
[16:22:33.396]         base::on.exit(if (!base::is.null(...future.stdout)) {
[16:22:33.396]             base::sink(type = "output", split = FALSE)
[16:22:33.396]             base::close(...future.stdout)
[16:22:33.396]         }, add = TRUE)
[16:22:33.396]     }
[16:22:33.396]     ...future.frame <- base::sys.nframe()
[16:22:33.396]     ...future.conditions <- base::list()
[16:22:33.396]     ...future.rng <- base::globalenv()$.Random.seed
[16:22:33.396]     if (FALSE) {
[16:22:33.396]         ...future.globalenv.names <- c(base::names(base::.GlobalEnv), 
[16:22:33.396]             "...future.value", "...future.globalenv.names", ".Random.seed")
[16:22:33.396]     }
[16:22:33.396]     ...future.result <- base::tryCatch({
[16:22:33.396]         base::withCallingHandlers({
[16:22:33.396]             ...future.value <- base::withVisible(base::local(median(1:3)))
[16:22:33.396]             future::FutureResult(value = ...future.value$value, 
[16:22:33.396]                 visible = ...future.value$visible, rng = !identical(base::globalenv()$.Random.seed, 
[16:22:33.396]                   ...future.rng), globalenv = if (FALSE) 
[16:22:33.396]                   list(added = base::setdiff(base::names(base::.GlobalEnv), 
[16:22:33.396]                     ...future.globalenv.names))
[16:22:33.396]                 else NULL, started = ...future.startTime, version = "1.8")
[16:22:33.396]         }, condition = base::local({
[16:22:33.396]             c <- base::c
[16:22:33.396]             inherits <- base::inherits
[16:22:33.396]             invokeRestart <- base::invokeRestart
[16:22:33.396]             length <- base::length
[16:22:33.396]             list <- base::list
[16:22:33.396]             seq.int <- base::seq.int
[16:22:33.396]             signalCondition <- base::signalCondition
[16:22:33.396]             sys.calls <- base::sys.calls
[16:22:33.396]             `[[` <- base::`[[`
[16:22:33.396]             `+` <- base::`+`
[16:22:33.396]             `<<-` <- base::`<<-`
[16:22:33.396]             sysCalls <- function(calls = sys.calls(), from = 1L) {
[16:22:33.396]                 calls[seq.int(from = from + 12L, to = length(calls) - 
[16:22:33.396]                   3L)]
[16:22:33.396]             }
[16:22:33.396]             function(cond) {
[16:22:33.396]                 is_error <- inherits(cond, "error")
[16:22:33.396]                 ignore <- !is_error && !is.null(NULL) && inherits(cond, 
[16:22:33.396]                   NULL)
[16:22:33.396]                 if (is_error) {
[16:22:33.396]                   sessionInformation <- function() {
[16:22:33.396]                     list(r = base::R.Version(), locale = base::Sys.getlocale(), 
[16:22:33.396]                       rngkind = base::RNGkind(), namespaces = base::loadedNamespaces(), 
[16:22:33.396]                       search = base::search(), system = base::Sys.info())
[16:22:33.396]                   }
[16:22:33.396]                   ...future.conditions[[length(...future.conditions) + 
[16:22:33.396]                     1L]] <<- list(condition = cond, calls = c(sysCalls(from = ...future.frame), 
[16:22:33.396]                     cond$call), session = sessionInformation(), 
[16:22:33.396]                     timestamp = base::Sys.time(), signaled = 0L)
[16:22:33.396]                   signalCondition(cond)
[16:22:33.396]                 }
[16:22:33.396]                 else if (!ignore && TRUE && inherits(cond, c("condition", 
[16:22:33.396]                 "immediateCondition"))) {
[16:22:33.396]                   signal <- TRUE && inherits(cond, "immediateCondition")
[16:22:33.396]                   ...future.conditions[[length(...future.conditions) + 
[16:22:33.396]                     1L]] <<- list(condition = cond, signaled = base::as.integer(signal))
[16:22:33.396]                   if (TRUE && !signal) {
[16:22:33.396]                     muffleCondition <- function (cond, pattern = "^muffle") 
[16:22:33.396]                     {
[16:22:33.396]                       inherits <- base::inherits
[16:22:33.396]                       invokeRestart <- base::invokeRestart
[16:22:33.396]                       is.null <- base::is.null
[16:22:33.396]                       muffled <- FALSE
[16:22:33.396]                       if (inherits(cond, "message")) {
[16:22:33.396]                         muffled <- grepl(pattern, "muffleMessage")
[16:22:33.396]                         if (muffled) 
[16:22:33.396]                           invokeRestart("muffleMessage")
[16:22:33.396]                       }
[16:22:33.396]                       else if (inherits(cond, "warning")) {
[16:22:33.396]                         muffled <- grepl(pattern, "muffleWarning")
[16:22:33.396]                         if (muffled) 
[16:22:33.396]                           invokeRestart("muffleWarning")
[16:22:33.396]                       }
[16:22:33.396]                       else if (inherits(cond, "condition")) {
[16:22:33.396]                         if (!is.null(pattern)) {
[16:22:33.396]                           computeRestarts <- base::computeRestarts
[16:22:33.396]                           grepl <- base::grepl
[16:22:33.396]                           restarts <- computeRestarts(cond)
[16:22:33.396]                           for (restart in restarts) {
[16:22:33.396]                             name <- restart$name
[16:22:33.396]                             if (is.null(name)) 
[16:22:33.396]                               next
[16:22:33.396]                             if (!grepl(pattern, name)) 
[16:22:33.396]                               next
[16:22:33.396]                             invokeRestart(restart)
[16:22:33.396]                             muffled <- TRUE
[16:22:33.396]                             break
[16:22:33.396]                           }
[16:22:33.396]                         }
[16:22:33.396]                       }
[16:22:33.396]                       invisible(muffled)
[16:22:33.396]                     }
[16:22:33.396]                     muffleCondition(cond, pattern = "^muffle")
[16:22:33.396]                   }
[16:22:33.396]                 }
[16:22:33.396]                 else {
[16:22:33.396]                   if (TRUE) {
[16:22:33.396]                     muffleCondition <- function (cond, pattern = "^muffle") 
[16:22:33.396]                     {
[16:22:33.396]                       inherits <- base::inherits
[16:22:33.396]                       invokeRestart <- base::invokeRestart
[16:22:33.396]                       is.null <- base::is.null
[16:22:33.396]                       muffled <- FALSE
[16:22:33.396]                       if (inherits(cond, "message")) {
[16:22:33.396]                         muffled <- grepl(pattern, "muffleMessage")
[16:22:33.396]                         if (muffled) 
[16:22:33.396]                           invokeRestart("muffleMessage")
[16:22:33.396]                       }
[16:22:33.396]                       else if (inherits(cond, "warning")) {
[16:22:33.396]                         muffled <- grepl(pattern, "muffleWarning")
[16:22:33.396]                         if (muffled) 
[16:22:33.396]                           invokeRestart("muffleWarning")
[16:22:33.396]                       }
[16:22:33.396]                       else if (inherits(cond, "condition")) {
[16:22:33.396]                         if (!is.null(pattern)) {
[16:22:33.396]                           computeRestarts <- base::computeRestarts
[16:22:33.396]                           grepl <- base::grepl
[16:22:33.396]                           restarts <- computeRestarts(cond)
[16:22:33.396]                           for (restart in restarts) {
[16:22:33.396]                             name <- restart$name
[16:22:33.396]                             if (is.null(name)) 
[16:22:33.396]                               next
[16:22:33.396]                             if (!grepl(pattern, name)) 
[16:22:33.396]                               next
[16:22:33.396]                             invokeRestart(restart)
[16:22:33.396]                             muffled <- TRUE
[16:22:33.396]                             break
[16:22:33.396]                           }
[16:22:33.396]                         }
[16:22:33.396]                       }
[16:22:33.396]                       invisible(muffled)
[16:22:33.396]                     }
[16:22:33.396]                     muffleCondition(cond, pattern = "^muffle")
[16:22:33.396]                   }
[16:22:33.396]                 }
[16:22:33.396]             }
[16:22:33.396]         }))
[16:22:33.396]     }, error = function(ex) {
[16:22:33.396]         base::structure(base::list(value = NULL, visible = NULL, 
[16:22:33.396]             conditions = ...future.conditions, rng = !identical(base::globalenv()$.Random.seed, 
[16:22:33.396]                 ...future.rng), started = ...future.startTime, 
[16:22:33.396]             finished = Sys.time(), session_uuid = NA_character_, 
[16:22:33.396]             version = "1.8"), class = "FutureResult")
[16:22:33.396]     }, finally = {
[16:22:33.396]         if (!identical(...future.workdir, getwd())) 
[16:22:33.396]             setwd(...future.workdir)
[16:22:33.396]         {
[16:22:33.396]             if (identical(getOption("nwarnings"), ...future.oldOptions$nwarnings)) {
[16:22:33.396]                 ...future.oldOptions$nwarnings <- NULL
[16:22:33.396]             }
[16:22:33.396]             base::options(...future.oldOptions)
[16:22:33.396]             if (.Platform$OS.type == "windows") {
[16:22:33.396]                 old_names <- names(...future.oldEnvVars)
[16:22:33.396]                 envs <- base::Sys.getenv()
[16:22:33.396]                 names <- names(envs)
[16:22:33.396]                 common <- intersect(names, old_names)
[16:22:33.396]                 added <- setdiff(names, old_names)
[16:22:33.396]                 removed <- setdiff(old_names, names)
[16:22:33.396]                 changed <- common[...future.oldEnvVars[common] != 
[16:22:33.396]                   envs[common]]
[16:22:33.396]                 NAMES <- toupper(changed)
[16:22:33.396]                 args <- list()
[16:22:33.396]                 for (kk in seq_along(NAMES)) {
[16:22:33.396]                   name <- changed[[kk]]
[16:22:33.396]                   NAME <- NAMES[[kk]]
[16:22:33.396]                   if (name != NAME && is.element(NAME, old_names)) 
[16:22:33.396]                     next
[16:22:33.396]                   args[[name]] <- ...future.oldEnvVars[[name]]
[16:22:33.396]                 }
[16:22:33.396]                 NAMES <- toupper(added)
[16:22:33.396]                 for (kk in seq_along(NAMES)) {
[16:22:33.396]                   name <- added[[kk]]
[16:22:33.396]                   NAME <- NAMES[[kk]]
[16:22:33.396]                   if (name != NAME && is.element(NAME, old_names)) 
[16:22:33.396]                     next
[16:22:33.396]                   args[[name]] <- ""
[16:22:33.396]                 }
[16:22:33.396]                 NAMES <- toupper(removed)
[16:22:33.396]                 for (kk in seq_along(NAMES)) {
[16:22:33.396]                   name <- removed[[kk]]
[16:22:33.396]                   NAME <- NAMES[[kk]]
[16:22:33.396]                   if (name != NAME && is.element(NAME, old_names)) 
[16:22:33.396]                     next
[16:22:33.396]                   args[[name]] <- ...future.oldEnvVars[[name]]
[16:22:33.396]                 }
[16:22:33.396]                 if (length(args) > 0) 
[16:22:33.396]                   base::do.call(base::Sys.setenv, args = args)
[16:22:33.396]                 args <- names <- old_names <- NAMES <- envs <- common <- added <- removed <- NULL
[16:22:33.396]             }
[16:22:33.396]             else {
[16:22:33.396]                 base::do.call(base::Sys.setenv, args = base::as.list(...future.oldEnvVars))
[16:22:33.396]             }
[16:22:33.396]             {
[16:22:33.396]                 if (base::length(...future.futureOptionsAdded) > 
[16:22:33.396]                   0L) {
[16:22:33.396]                   opts <- base::vector("list", length = base::length(...future.futureOptionsAdded))
[16:22:33.396]                   base::names(opts) <- ...future.futureOptionsAdded
[16:22:33.396]                   base::options(opts)
[16:22:33.396]                 }
[16:22:33.396]                 {
[16:22:33.396]                   {
[16:22:33.396]                     NULL
[16:22:33.396]                     RNGkind("Mersenne-Twister")
[16:22:33.396]                     base::rm(list = ".Random.seed", envir = base::globalenv(), 
[16:22:33.396]                       inherits = FALSE)
[16:22:33.396]                   }
[16:22:33.396]                   options(future.plan = NULL)
[16:22:33.396]                   if (is.na(NA_character_)) 
[16:22:33.396]                     Sys.unsetenv("R_FUTURE_PLAN")
[16:22:33.396]                   else Sys.setenv(R_FUTURE_PLAN = NA_character_)
[16:22:33.396]                   future::plan(...future.strategy.old, .cleanup = FALSE, 
[16:22:33.396]                     .init = FALSE)
[16:22:33.396]                 }
[16:22:33.396]             }
[16:22:33.396]         }
[16:22:33.396]     })
[16:22:33.396]     if (TRUE) {
[16:22:33.396]         base::sink(type = "output", split = FALSE)
[16:22:33.396]         if (TRUE) {
[16:22:33.396]             ...future.result$stdout <- base::rawToChar(base::rawConnectionValue(...future.stdout))
[16:22:33.396]         }
[16:22:33.396]         else {
[16:22:33.396]             ...future.result["stdout"] <- base::list(NULL)
[16:22:33.396]         }
[16:22:33.396]         base::close(...future.stdout)
[16:22:33.396]         ...future.stdout <- NULL
[16:22:33.396]     }
[16:22:33.396]     ...future.result$conditions <- ...future.conditions
[16:22:33.396]     ...future.result$finished <- base::Sys.time()
[16:22:33.396]     ...future.result
[16:22:33.396] }
[16:22:33.401] plan(): Setting new future strategy stack:
[16:22:33.401] List of future strategies:
[16:22:33.401] 1. sequential:
[16:22:33.401]    - args: function (..., envir = parent.frame())
[16:22:33.401]    - tweaked: FALSE
[16:22:33.401]    - call: NULL
[16:22:33.401] plan(): nbrOfWorkers() = 1
[16:22:33.402] plan(): Setting new future strategy stack:
[16:22:33.403] List of future strategies:
[16:22:33.403] 1. sequential:
[16:22:33.403]    - args: function (..., envir = parent.frame())
[16:22:33.403]    - tweaked: FALSE
[16:22:33.403]    - call: future::plan("sequential")
[16:22:33.403] plan(): nbrOfWorkers() = 1
[16:22:33.403] SequentialFuture started (and completed)
[16:22:33.404] - Launch lazy future ... done
[16:22:33.404] run() for ‘SequentialFuture’ ... done
> print(v)
[1] 2
> stopifnot(identical(v, 2L))
> 
> stopifnot("stats" %in% loadedNamespaces())
> 
> message("- SequentialFuture() - 'local = FALSE' is defunct ...")
- SequentialFuture() - 'local = FALSE' is defunct ...
> 
> res <- tryCatch({
+   f <- SequentialFuture(42, local = FALSE)
+ }, error = identity)
[16:22:33.406] getGlobalsAndPackages() ...
[16:22:33.406] Searching for globals...
[16:22:33.406] 
[16:22:33.407] Searching for globals ... DONE
[16:22:33.407] - globals: [0] <none>
[16:22:33.407] getGlobalsAndPackages() ... DONE
> stopifnot(inherits(res, "error"))
> 
> message("*** sequential() ... DONE")
*** sequential() ... DONE
> 
> source("incl/end.R")
[16:22:33.407] plan(): Setting new future strategy stack:
[16:22:33.408] List of future strategies:
[16:22:33.408] 1. FutureStrategy:
[16:22:33.408]    - args: function (..., envir = parent.frame())
[16:22:33.408]    - tweaked: FALSE
[16:22:33.408]    - call: future::plan(oplan)
[16:22:33.443] plan(): nbrOfWorkers() = 1
> 
