
R version 4.3.3 (2024-02-29) -- "Angel Food Cake"
Copyright (C) 2024 The R Foundation for Statistical Computing
Platform: x86_64-pc-linux-gnu (64-bit)

R is free software and comes with ABSOLUTELY NO WARRANTY.
You are welcome to redistribute it under certain conditions.
Type 'license()' or 'licence()' for distribution details.

R is a collaborative project with many contributors.
Type 'contributors()' for more information and
'citation()' on how to cite R or R packages in publications.

Type 'demo()' for some demos, 'help()' for on-line help, or
'help.start()' for an HTML browser interface to help.
Type 'q()' to quit R.

> source("incl/start,load-only.R")
[13:38:30.421] plan(): Setting new future strategy stack:
[13:38:30.422] List of future strategies:
[13:38:30.422] 1. sequential:
[13:38:30.422]    - args: function (..., envir = parent.frame())
[13:38:30.422]    - tweaked: FALSE
[13:38:30.422]    - call: future::plan("sequential")
[13:38:30.433] plan(): nbrOfWorkers() = 1
> 
> message("*** Tweaking future strategies ...")
*** Tweaking future strategies ...
> 
> message("*** y <- tweak(future::sequential) ...")
*** y <- tweak(future::sequential) ...
> sequential2 <- future::tweak(future::sequential)
> print(args(sequential2))
function (..., envir = parent.frame()) 
NULL
> stopifnot(identical(sequential2, future::sequential))
> stopifnot(!inherits(sequential2, "tweaked"))
> 
> 
> message("*** y <- tweak(future::sequential, abc = FALSE) ...")
*** y <- tweak(future::sequential, abc = FALSE) ...
> sequential2 <- future::tweak(future::sequential, abc = FALSE)
Warning: Detected 1 unknown future arguments: ‘abc’
> print(args(sequential2))
function (..., abc = FALSE, envir = parent.frame()) 
NULL
> stopifnot(!identical(sequential2, future::sequential))
> stopifnot(inherits(sequential2, "tweaked"))
> stopifnot(identical(formals(sequential2)$abc, FALSE))
> 
> 
> message("*** y <- tweak('sequential', abc = FALSE) ...")
*** y <- tweak('sequential', abc = FALSE) ...
> sequential2 <- future::tweak("sequential", abc = FALSE)
Warning: Detected 1 unknown future arguments: ‘abc’
> print(args(sequential2))
function (..., abc = FALSE, envir = parent.frame()) 
NULL
> stopifnot(!identical(sequential2, future::sequential))
> stopifnot(inherits(sequential2, "tweaked"))
> stopifnot(identical(formals(sequential2)$abc, FALSE))
> 
> 
> library("future")
[13:38:30.449] Option 'future.startup.script': TRUE
[13:38:30.449] Future startup scripts considered: ‘.future.R’, ‘~/.future.R’
[13:38:30.449] Future startup scripts found: <none>
> 
> message("*** y <- tweak(sequential, abc = FALSE) ...")
*** y <- tweak(sequential, abc = FALSE) ...
> sequential2 <- future::tweak(sequential, abc = FALSE)
Warning: Detected 1 unknown future arguments: ‘abc’
> print(args(sequential2))
function (..., abc = FALSE, envir = parent.frame()) 
NULL
> stopifnot(!identical(sequential2, future::sequential))
> stopifnot(inherits(sequential2, "tweaked"))
> stopifnot(identical(formals(sequential2)$abc, FALSE))
> 
> message("*** y <- tweak('sequential', abc = FALSE) ...")
*** y <- tweak('sequential', abc = FALSE) ...
> sequential2 <- future::tweak('sequential', abc = FALSE)
Warning: Detected 1 unknown future arguments: ‘abc’
> print(args(sequential2))
function (..., abc = FALSE, envir = parent.frame()) 
NULL
> stopifnot(!identical(sequential2, future::sequential))
> stopifnot(inherits(sequential2, "tweaked"))
> stopifnot(identical(formals(sequential2)$abc, FALSE))
> 
> 
> message("*** y <- tweak('sequential', abc = FALSE, abc = 1, def = TRUE) ...")
*** y <- tweak('sequential', abc = FALSE, abc = 1, def = TRUE) ...
> res <- tryCatch({
+   sequential2 <- future::tweak('sequential', abc = FALSE, abc = 1, def = TRUE)
+ }, warning = function(w) {
+   w
+ })
> stopifnot(inherits(res, "warning"))
> sequential2 <- future::tweak('sequential', abc = FALSE, abc = 1, def = TRUE)
Warning: Detected 2 unknown future arguments: ‘abc’, ‘def’
> print(args(sequential2))
function (..., abc = FALSE, def = TRUE, envir = parent.frame()) 
NULL
> stopifnot(!identical(sequential2, future::sequential))
> stopifnot(inherits(sequential2, "tweaked"))
> stopifnot(identical(formals(sequential2)$abc, FALSE))
> 
> 
> 
> message("*** y <- tweak(cluster, rscript_startup = quote(...)) ...")
*** y <- tweak(cluster, rscript_startup = quote(...)) ...
> cl <- 42L
> cluster2 <- tweak(cluster, workers = cl, rscript_startup = quote(options(abc = 42L)))
> print(args(cluster2))
function (..., workers = 42L, rscript_startup = quote(options(abc = 42L)), 
    envir = parent.frame()) 
NULL
> stopifnot(!identical(cluster2, future::cluster))
> stopifnot(inherits(cluster2, "tweaked"))
> formals2 <- formals(cluster2)
> stopifnot(identical(formals2$workers, cl))
> stopifnot("rscript_startup" %in% names(formals2))
> rscript_startup <- formals2$rscript_startup
> stopifnot(!is.null(rscript_startup),
+           is.language(rscript_startup), is.call(rscript_startup))
> value <- eval(rscript_startup)
> stopifnot(is.language(value), is.call(value))
> 
> 
> message("*** plan() - tweak without introducting package dependencies ...")
*** plan() - tweak without introducting package dependencies ...
> 
> ## Requires a auxillary package that is available and not already loaded
> if (!covr_testing && requireNamespace("grid")) {
+   local({
+     cl <- makeClusterPSOCK(1L)
+     on.exit(parallel:::stopCluster(cl))
+     ns0 <- unlist(parallel::clusterEvalQ(cl, loadedNamespaces()))
+ 
+     ## When using futures, the 'future' package is loaded on the worker
+     ns0 <- c(ns0, c("tools", "parallelly",
+                     "codetools", "digest", "globals", "listenv", "future"))
+     if (!is.element("grid", ns0)) {
+       ## Assert that a global copy from a package does not trigger
+       ## that package from being loaded on the worker
+       dummy <- grid::depth
+       oplan <- future::plan(future::cluster, workers = cl)
+       on.exit(future::plan(oplan), add = TRUE)
+       ns <- unlist(parallel::clusterEvalQ(cl, loadedNamespaces()))
+       diff <- setdiff(ns, ns0)
+       if ("covr" %in% diff) diff <- setdiff(diff, c("lazyeval", "rex", "covr"))
+       if (length(diff) > 0) {
+         print(loadedNamespaces())
+         stop("plan() with a tweak() causes new packages to be loaded: ", sQuote(paste(diff, collapse = ", ")))
+       }
+     }
+   })
+ }
Loading required namespace: grid
[13:38:30.465] [local output] makeClusterPSOCK() ...
[13:38:30.495] [local output] Workers: [n = 1] ‘localhost’
[13:38:30.496] [local output] Base port: 11382
[13:38:30.496] [local output] Getting setup options for 1 cluster nodes ...
[13:38:30.497] [local output]  - Node 1 of 1 ...
[13:38:30.497] [local output] localMachine=TRUE => revtunnel=FALSE

[13:38:30.498] Testing if worker's PID can be inferred: ‘'/usr/local/lib/R/bin/Rscript' -e 'try(suppressWarnings(cat(Sys.getpid(),file="/tmp/RtmpTO667h/worker.rank=1.parallelly.parent=91167.1641f6f04e106.pid")), silent = TRUE)' -e 'file.exists("/tmp/RtmpTO667h/worker.rank=1.parallelly.parent=91167.1641f6f04e106.pid")'’
[13:38:30.683] - Possible to infer worker's PID: TRUE
[13:38:30.683] [local output] Rscript port: 11382

[13:38:30.684] [local output] Getting setup options for 1 cluster nodes ... done
[13:38:30.684] [local output]  - Parallel setup requested for some PSOCK nodes
[13:38:30.684] [local output] Setting up PSOCK nodes in parallel
[13:38:30.685] List of 36
[13:38:30.685]  $ worker          : chr "localhost"
[13:38:30.685]   ..- attr(*, "localhost")= logi TRUE
[13:38:30.685]  $ master          : chr "localhost"
[13:38:30.685]  $ port            : int 11382
[13:38:30.685]  $ connectTimeout  : num 120
[13:38:30.685]  $ timeout         : num 2592000
[13:38:30.685]  $ rscript         : chr "'/usr/local/lib/R/bin/Rscript'"
[13:38:30.685]  $ homogeneous     : logi TRUE
[13:38:30.685]  $ rscript_args    : chr "--default-packages=datasets,utils,grDevices,graphics,stats,methods -e 'try(suppressWarnings(cat(Sys.getpid(),fi"| __truncated__
[13:38:30.685]  $ rscript_envs    : NULL
[13:38:30.685]  $ rscript_libs    : NULL
[13:38:30.685]  $ rscript_startup : NULL
[13:38:30.685]  $ rscript_sh      : chr "sh"
[13:38:30.685]  $ default_packages: chr [1:6] "datasets" "utils" "grDevices" "graphics" ...
[13:38:30.685]  $ methods         : logi TRUE
[13:38:30.685]  $ socketOptions   : chr "no-delay"
[13:38:30.685]  $ useXDR          : logi FALSE
[13:38:30.685]  $ outfile         : chr "/dev/null"
[13:38:30.685]  $ renice          : int NA
[13:38:30.685]  $ rshcmd          : NULL
[13:38:30.685]  $ user            : chr(0) 
[13:38:30.685]  $ revtunnel       : logi FALSE
[13:38:30.685]  $ rshlogfile      : NULL
[13:38:30.685]  $ rshopts         : chr(0) 
[13:38:30.685]  $ rank            : int 1
[13:38:30.685]  $ manual          : logi FALSE
[13:38:30.685]  $ dryrun          : logi FALSE
[13:38:30.685]  $ quiet           : logi FALSE
[13:38:30.685]  $ setup_strategy  : chr "parallel"
[13:38:30.685]  $ local_cmd       : chr "'/usr/local/lib/R/bin/Rscript' --default-packages=datasets,utils,grDevices,graphics,stats,methods -e 'try(suppr"| __truncated__
[13:38:30.685]  $ pidfile         : chr "/tmp/RtmpTO667h/worker.rank=1.parallelly.parent=91167.1641f6f04e106.pid"
[13:38:30.685]  $ rshcmd_label    : NULL
[13:38:30.685]  $ rsh_call        : NULL
[13:38:30.685]  $ cmd             : chr "'/usr/local/lib/R/bin/Rscript' --default-packages=datasets,utils,grDevices,graphics,stats,methods -e 'try(suppr"| __truncated__
[13:38:30.685]  $ localMachine    : logi TRUE
[13:38:30.685]  $ make_fcn        :function (worker = getOption2("parallelly.localhost.hostname", "localhost"), 
[13:38:30.685]     master = NULL, port, connectTimeout = getOption2("parallelly.makeNodePSOCK.connectTimeout", 
[13:38:30.685]         2 * 60), timeout = getOption2("parallelly.makeNodePSOCK.timeout", 
[13:38:30.685]         30 * 24 * 60 * 60), rscript = NULL, homogeneous = NULL, rscript_args = NULL, 
[13:38:30.685]     rscript_envs = NULL, rscript_libs = NULL, rscript_startup = NULL, rscript_sh = c("auto", 
[13:38:30.685]         "cmd", "sh"), default_packages = c("datasets", "utils", "grDevices", 
[13:38:30.685]         "graphics", "stats", if (methods) "methods"), methods = TRUE, socketOptions = getOption2("parallelly.makeNodePSOCK.socketOptions", 
[13:38:30.685]         "no-delay"), useXDR = getOption2("parallelly.makeNodePSOCK.useXDR", 
[13:38:30.685]         FALSE), outfile = "/dev/null", renice = NA_integer_, rshcmd = getOption2("parallelly.makeNodePSOCK.rshcmd", 
[13:38:30.685]         NULL), user = NULL, revtunnel = NA, rshlogfile = NULL, rshopts = getOption2("parallelly.makeNodePSOCK.rshopts", 
[13:38:30.685]         NULL), rank = 1L, manual = FALSE, dryrun = FALSE, quiet = FALSE, 
[13:38:30.685]     setup_strategy = getOption2("parallelly.makeNodePSOCK.setup_strategy", 
[13:38:30.685]         "parallel"), action = c("launch", "options"), verbose = FALSE)  
[13:38:30.685]  $ arguments       :List of 28
[13:38:30.685]   ..$ worker          : chr "localhost"
[13:38:30.685]   ..$ master          : NULL
[13:38:30.685]   ..$ port            : int 11382
[13:38:30.685]   ..$ connectTimeout  : num 120
[13:38:30.685]   ..$ timeout         : num 2592000
[13:38:30.685]   ..$ rscript         : NULL
[13:38:30.685]   ..$ homogeneous     : NULL
[13:38:30.685]   ..$ rscript_args    : NULL
[13:38:30.685]   ..$ rscript_envs    : NULL
[13:38:30.685]   ..$ rscript_libs    : NULL
[13:38:30.685]   ..$ rscript_startup : NULL
[13:38:30.685]   ..$ rscript_sh      : chr [1:3] "auto" "cmd" "sh"
[13:38:30.685]   ..$ default_packages: chr [1:6] "datasets" "utils" "grDevices" "graphics" ...
[13:38:30.685]   ..$ methods         : logi TRUE
[13:38:30.685]   ..$ socketOptions   : chr "no-delay"
[13:38:30.685]   ..$ useXDR          : logi FALSE
[13:38:30.685]   ..$ outfile         : chr "/dev/null"
[13:38:30.685]   ..$ renice          : int NA
[13:38:30.685]   ..$ rshcmd          : NULL
[13:38:30.685]   ..$ user            : NULL
[13:38:30.685]   ..$ revtunnel       : logi NA
[13:38:30.685]   ..$ rshlogfile      : NULL
[13:38:30.685]   ..$ rshopts         : NULL
[13:38:30.685]   ..$ rank            : int 1
[13:38:30.685]   ..$ manual          : logi FALSE
[13:38:30.685]   ..$ dryrun          : logi FALSE
[13:38:30.685]   ..$ quiet           : logi FALSE
[13:38:30.685]   ..$ setup_strategy  : chr "parallel"
[13:38:30.685]  - attr(*, "class")= chr [1:2] "makeNodePSOCKOptions" "makeNodeOptions"
[13:38:30.704] [local output] System call to launch all workers:
[13:38:30.704] [local output] '/usr/local/lib/R/bin/Rscript' --default-packages=datasets,utils,grDevices,graphics,stats,methods -e 'try(suppressWarnings(cat(Sys.getpid(),file="/tmp/RtmpTO667h/worker.rank=1.parallelly.parent=91167.1641f6f04e106.pid")), silent = TRUE)' -e 'options(socketOptions = "no-delay")' -e 'workRSOCK <- tryCatch(parallel:::.workRSOCK, error=function(e) parallel:::.slaveRSOCK); workRSOCK()' MASTER=localhost PORT=11382 OUT=/dev/null TIMEOUT=2592000 XDR=FALSE SETUPTIMEOUT=120 SETUPSTRATEGY=parallel
[13:38:30.704] [local output] Starting PSOCK main server
[13:38:30.709] [local output] Workers launched
[13:38:30.709] [local output] Waiting for workers to connect back
[13:38:30.709]  - [local output] 0 workers out of 1 ready
[13:38:30.901]  - [local output] 0 workers out of 1 ready
[13:38:30.902]  - [local output] 1 workers out of 1 ready
[13:38:30.902] [local output] Launching of workers completed
[13:38:30.902] [local output] Collecting session information from workers
[13:38:30.903] [local output]  - Worker #1 of 1
[13:38:30.903] [local output] makeClusterPSOCK() ... done
[13:38:30.904] plan(): Setting new future strategy stack:
[13:38:30.904] List of future strategies:
[13:38:30.904] 1. cluster:
[13:38:30.904]    - args: function (..., workers = "<Socket cluster with 1 nodes where 1 node is on host ‘localhost’ (R version 4.3.3 (2024-02-29), platform x86_64-pc-linux-gnu)>", envir = parent.frame())
[13:38:30.904]    - tweaked: TRUE
[13:38:30.904]    - call: future::plan(future::cluster, workers = cl)
[13:38:30.921] plan(): plan_init() of ‘tweaked’, ‘cluster’, ‘multiprocess’, ‘future’, ‘function’ ...
[13:38:30.921] cluster:
[13:38:30.921] - args: function (..., workers = "<Socket cluster with 1 nodes where 1 node is on host ‘localhost’ (R version 4.3.3 (2024-02-29), platform x86_64-pc-linux-gnu)>", envir = parent.frame())
[13:38:30.921] - tweaked: TRUE
[13:38:30.921] - call: future::plan(future::cluster, workers = cl)
[13:38:30.924] getGlobalsAndPackages() ...
[13:38:30.924] Not searching for globals
[13:38:30.925] - globals: [0] <none>
[13:38:30.925] getGlobalsAndPackages() ... DONE
[13:38:30.932] Packages needed by the future expression (n = 0): <none>
[13:38:30.932] Packages needed by future strategies (n = 0): <none>
[13:38:30.933] {
[13:38:30.933]     {
[13:38:30.933]         {
[13:38:30.933]             ...future.startTime <- base::Sys.time()
[13:38:30.933]             {
[13:38:30.933]                 {
[13:38:30.933]                   {
[13:38:30.933]                     base::local({
[13:38:30.933]                       has_future <- base::requireNamespace("future", 
[13:38:30.933]                         quietly = TRUE)
[13:38:30.933]                       if (has_future) {
[13:38:30.933]                         ns <- base::getNamespace("future")
[13:38:30.933]                         version <- ns[[".package"]][["version"]]
[13:38:30.933]                         if (is.null(version)) 
[13:38:30.933]                           version <- utils::packageVersion("future")
[13:38:30.933]                       }
[13:38:30.933]                       else {
[13:38:30.933]                         version <- NULL
[13:38:30.933]                       }
[13:38:30.933]                       if (!has_future || version < "1.8.0") {
[13:38:30.933]                         info <- base::c(r_version = base::gsub("R version ", 
[13:38:30.933]                           "", base::R.version$version.string), 
[13:38:30.933]                           platform = base::sprintf("%s (%s-bit)", 
[13:38:30.933]                             base::R.version$platform, 8 * base::.Machine$sizeof.pointer), 
[13:38:30.933]                           os = base::paste(base::Sys.info()[base::c("sysname", 
[13:38:30.933]                             "release", "version")], collapse = " "), 
[13:38:30.933]                           hostname = base::Sys.info()[["nodename"]])
[13:38:30.933]                         info <- base::sprintf("%s: %s", base::names(info), 
[13:38:30.933]                           info)
[13:38:30.933]                         info <- base::paste(info, collapse = "; ")
[13:38:30.933]                         if (!has_future) {
[13:38:30.933]                           msg <- base::sprintf("Package 'future' is not installed on worker (%s)", 
[13:38:30.933]                             info)
[13:38:30.933]                         }
[13:38:30.933]                         else {
[13:38:30.933]                           msg <- base::sprintf("Package 'future' on worker (%s) must be of version >= 1.8.0: %s", 
[13:38:30.933]                             info, version)
[13:38:30.933]                         }
[13:38:30.933]                         base::stop(msg)
[13:38:30.933]                       }
[13:38:30.933]                     })
[13:38:30.933]                   }
[13:38:30.933]                   ...future.strategy.old <- future::plan("list")
[13:38:30.933]                   options(future.plan = NULL)
[13:38:30.933]                   Sys.unsetenv("R_FUTURE_PLAN")
[13:38:30.933]                   future::plan("default", .cleanup = FALSE, .init = FALSE)
[13:38:30.933]                 }
[13:38:30.933]                 ...future.workdir <- getwd()
[13:38:30.933]             }
[13:38:30.933]             ...future.oldOptions <- base::as.list(base::.Options)
[13:38:30.933]             ...future.oldEnvVars <- base::Sys.getenv()
[13:38:30.933]         }
[13:38:30.933]         base::options(future.startup.script = FALSE, future.globals.onMissing = NULL, 
[13:38:30.933]             future.globals.maxSize = NULL, future.globals.method = NULL, 
[13:38:30.933]             future.globals.onMissing = NULL, future.globals.onReference = NULL, 
[13:38:30.933]             future.globals.resolve = NULL, future.resolve.recursive = NULL, 
[13:38:30.933]             future.rng.onMisuse = NULL, future.rng.onMisuse.keepFuture = NULL, 
[13:38:30.933]             future.stdout.windows.reencode = NULL, width = 80L)
[13:38:30.933]         ...future.futureOptionsAdded <- base::setdiff(base::names(base::.Options), 
[13:38:30.933]             base::names(...future.oldOptions))
[13:38:30.933]     }
[13:38:30.933]     if (FALSE) {
[13:38:30.933]     }
[13:38:30.933]     else {
[13:38:30.933]         if (TRUE) {
[13:38:30.933]             ...future.stdout <- base::rawConnection(base::raw(0L), 
[13:38:30.933]                 open = "w")
[13:38:30.933]         }
[13:38:30.933]         else {
[13:38:30.933]             ...future.stdout <- base::file(base::switch(.Platform$OS.type, 
[13:38:30.933]                 windows = "NUL", "/dev/null"), open = "w")
[13:38:30.933]         }
[13:38:30.933]         base::sink(...future.stdout, type = "output", split = FALSE)
[13:38:30.933]         base::on.exit(if (!base::is.null(...future.stdout)) {
[13:38:30.933]             base::sink(type = "output", split = FALSE)
[13:38:30.933]             base::close(...future.stdout)
[13:38:30.933]         }, add = TRUE)
[13:38:30.933]     }
[13:38:30.933]     ...future.frame <- base::sys.nframe()
[13:38:30.933]     ...future.conditions <- base::list()
[13:38:30.933]     ...future.rng <- base::globalenv()$.Random.seed
[13:38:30.933]     if (FALSE) {
[13:38:30.933]         ...future.globalenv.names <- c(base::names(base::.GlobalEnv), 
[13:38:30.933]             "...future.value", "...future.globalenv.names", ".Random.seed")
[13:38:30.933]     }
[13:38:30.933]     ...future.result <- base::tryCatch({
[13:38:30.933]         base::withCallingHandlers({
[13:38:30.933]             ...future.value <- base::withVisible(base::local({
[13:38:30.933]                 ...future.makeSendCondition <- base::local({
[13:38:30.933]                   sendCondition <- NULL
[13:38:30.933]                   function(frame = 1L) {
[13:38:30.933]                     if (is.function(sendCondition)) 
[13:38:30.933]                       return(sendCondition)
[13:38:30.933]                     ns <- getNamespace("parallel")
[13:38:30.933]                     if (exists("sendData", mode = "function", 
[13:38:30.933]                       envir = ns)) {
[13:38:30.933]                       parallel_sendData <- get("sendData", mode = "function", 
[13:38:30.933]                         envir = ns)
[13:38:30.933]                       envir <- sys.frame(frame)
[13:38:30.933]                       master <- NULL
[13:38:30.933]                       while (!identical(envir, .GlobalEnv) && 
[13:38:30.933]                         !identical(envir, emptyenv())) {
[13:38:30.933]                         if (exists("master", mode = "list", envir = envir, 
[13:38:30.933]                           inherits = FALSE)) {
[13:38:30.933]                           master <- get("master", mode = "list", 
[13:38:30.933]                             envir = envir, inherits = FALSE)
[13:38:30.933]                           if (inherits(master, c("SOCKnode", 
[13:38:30.933]                             "SOCK0node"))) {
[13:38:30.933]                             sendCondition <<- function(cond) {
[13:38:30.933]                               data <- list(type = "VALUE", value = cond, 
[13:38:30.933]                                 success = TRUE)
[13:38:30.933]                               parallel_sendData(master, data)
[13:38:30.933]                             }
[13:38:30.933]                             return(sendCondition)
[13:38:30.933]                           }
[13:38:30.933]                         }
[13:38:30.933]                         frame <- frame + 1L
[13:38:30.933]                         envir <- sys.frame(frame)
[13:38:30.933]                       }
[13:38:30.933]                     }
[13:38:30.933]                     sendCondition <<- function(cond) NULL
[13:38:30.933]                   }
[13:38:30.933]                 })
[13:38:30.933]                 withCallingHandlers({
[13:38:30.933]                   NA
[13:38:30.933]                 }, immediateCondition = function(cond) {
[13:38:30.933]                   sendCondition <- ...future.makeSendCondition()
[13:38:30.933]                   sendCondition(cond)
[13:38:30.933]                   muffleCondition <- function (cond, pattern = "^muffle") 
[13:38:30.933]                   {
[13:38:30.933]                     inherits <- base::inherits
[13:38:30.933]                     invokeRestart <- base::invokeRestart
[13:38:30.933]                     is.null <- base::is.null
[13:38:30.933]                     muffled <- FALSE
[13:38:30.933]                     if (inherits(cond, "message")) {
[13:38:30.933]                       muffled <- grepl(pattern, "muffleMessage")
[13:38:30.933]                       if (muffled) 
[13:38:30.933]                         invokeRestart("muffleMessage")
[13:38:30.933]                     }
[13:38:30.933]                     else if (inherits(cond, "warning")) {
[13:38:30.933]                       muffled <- grepl(pattern, "muffleWarning")
[13:38:30.933]                       if (muffled) 
[13:38:30.933]                         invokeRestart("muffleWarning")
[13:38:30.933]                     }
[13:38:30.933]                     else if (inherits(cond, "condition")) {
[13:38:30.933]                       if (!is.null(pattern)) {
[13:38:30.933]                         computeRestarts <- base::computeRestarts
[13:38:30.933]                         grepl <- base::grepl
[13:38:30.933]                         restarts <- computeRestarts(cond)
[13:38:30.933]                         for (restart in restarts) {
[13:38:30.933]                           name <- restart$name
[13:38:30.933]                           if (is.null(name)) 
[13:38:30.933]                             next
[13:38:30.933]                           if (!grepl(pattern, name)) 
[13:38:30.933]                             next
[13:38:30.933]                           invokeRestart(restart)
[13:38:30.933]                           muffled <- TRUE
[13:38:30.933]                           break
[13:38:30.933]                         }
[13:38:30.933]                       }
[13:38:30.933]                     }
[13:38:30.933]                     invisible(muffled)
[13:38:30.933]                   }
[13:38:30.933]                   muffleCondition(cond)
[13:38:30.933]                 })
[13:38:30.933]             }))
[13:38:30.933]             future::FutureResult(value = ...future.value$value, 
[13:38:30.933]                 visible = ...future.value$visible, rng = !identical(base::globalenv()$.Random.seed, 
[13:38:30.933]                   ...future.rng), globalenv = if (FALSE) 
[13:38:30.933]                   list(added = base::setdiff(base::names(base::.GlobalEnv), 
[13:38:30.933]                     ...future.globalenv.names))
[13:38:30.933]                 else NULL, started = ...future.startTime, version = "1.8")
[13:38:30.933]         }, condition = base::local({
[13:38:30.933]             c <- base::c
[13:38:30.933]             inherits <- base::inherits
[13:38:30.933]             invokeRestart <- base::invokeRestart
[13:38:30.933]             length <- base::length
[13:38:30.933]             list <- base::list
[13:38:30.933]             seq.int <- base::seq.int
[13:38:30.933]             signalCondition <- base::signalCondition
[13:38:30.933]             sys.calls <- base::sys.calls
[13:38:30.933]             `[[` <- base::`[[`
[13:38:30.933]             `+` <- base::`+`
[13:38:30.933]             `<<-` <- base::`<<-`
[13:38:30.933]             sysCalls <- function(calls = sys.calls(), from = 1L) {
[13:38:30.933]                 calls[seq.int(from = from + 12L, to = length(calls) - 
[13:38:30.933]                   3L)]
[13:38:30.933]             }
[13:38:30.933]             function(cond) {
[13:38:30.933]                 is_error <- inherits(cond, "error")
[13:38:30.933]                 ignore <- !is_error && !is.null(NULL) && inherits(cond, 
[13:38:30.933]                   NULL)
[13:38:30.933]                 if (is_error) {
[13:38:30.933]                   sessionInformation <- function() {
[13:38:30.933]                     list(r = base::R.Version(), locale = base::Sys.getlocale(), 
[13:38:30.933]                       rngkind = base::RNGkind(), namespaces = base::loadedNamespaces(), 
[13:38:30.933]                       search = base::search(), system = base::Sys.info())
[13:38:30.933]                   }
[13:38:30.933]                   ...future.conditions[[length(...future.conditions) + 
[13:38:30.933]                     1L]] <<- list(condition = cond, calls = c(sysCalls(from = ...future.frame), 
[13:38:30.933]                     cond$call), session = sessionInformation(), 
[13:38:30.933]                     timestamp = base::Sys.time(), signaled = 0L)
[13:38:30.933]                   signalCondition(cond)
[13:38:30.933]                 }
[13:38:30.933]                 else if (!ignore && TRUE && inherits(cond, c("condition", 
[13:38:30.933]                 "immediateCondition"))) {
[13:38:30.933]                   signal <- TRUE && inherits(cond, "immediateCondition")
[13:38:30.933]                   ...future.conditions[[length(...future.conditions) + 
[13:38:30.933]                     1L]] <<- list(condition = cond, signaled = base::as.integer(signal))
[13:38:30.933]                   if (TRUE && !signal) {
[13:38:30.933]                     muffleCondition <- function (cond, pattern = "^muffle") 
[13:38:30.933]                     {
[13:38:30.933]                       inherits <- base::inherits
[13:38:30.933]                       invokeRestart <- base::invokeRestart
[13:38:30.933]                       is.null <- base::is.null
[13:38:30.933]                       muffled <- FALSE
[13:38:30.933]                       if (inherits(cond, "message")) {
[13:38:30.933]                         muffled <- grepl(pattern, "muffleMessage")
[13:38:30.933]                         if (muffled) 
[13:38:30.933]                           invokeRestart("muffleMessage")
[13:38:30.933]                       }
[13:38:30.933]                       else if (inherits(cond, "warning")) {
[13:38:30.933]                         muffled <- grepl(pattern, "muffleWarning")
[13:38:30.933]                         if (muffled) 
[13:38:30.933]                           invokeRestart("muffleWarning")
[13:38:30.933]                       }
[13:38:30.933]                       else if (inherits(cond, "condition")) {
[13:38:30.933]                         if (!is.null(pattern)) {
[13:38:30.933]                           computeRestarts <- base::computeRestarts
[13:38:30.933]                           grepl <- base::grepl
[13:38:30.933]                           restarts <- computeRestarts(cond)
[13:38:30.933]                           for (restart in restarts) {
[13:38:30.933]                             name <- restart$name
[13:38:30.933]                             if (is.null(name)) 
[13:38:30.933]                               next
[13:38:30.933]                             if (!grepl(pattern, name)) 
[13:38:30.933]                               next
[13:38:30.933]                             invokeRestart(restart)
[13:38:30.933]                             muffled <- TRUE
[13:38:30.933]                             break
[13:38:30.933]                           }
[13:38:30.933]                         }
[13:38:30.933]                       }
[13:38:30.933]                       invisible(muffled)
[13:38:30.933]                     }
[13:38:30.933]                     muffleCondition(cond, pattern = "^muffle")
[13:38:30.933]                   }
[13:38:30.933]                 }
[13:38:30.933]                 else {
[13:38:30.933]                   if (TRUE) {
[13:38:30.933]                     muffleCondition <- function (cond, pattern = "^muffle") 
[13:38:30.933]                     {
[13:38:30.933]                       inherits <- base::inherits
[13:38:30.933]                       invokeRestart <- base::invokeRestart
[13:38:30.933]                       is.null <- base::is.null
[13:38:30.933]                       muffled <- FALSE
[13:38:30.933]                       if (inherits(cond, "message")) {
[13:38:30.933]                         muffled <- grepl(pattern, "muffleMessage")
[13:38:30.933]                         if (muffled) 
[13:38:30.933]                           invokeRestart("muffleMessage")
[13:38:30.933]                       }
[13:38:30.933]                       else if (inherits(cond, "warning")) {
[13:38:30.933]                         muffled <- grepl(pattern, "muffleWarning")
[13:38:30.933]                         if (muffled) 
[13:38:30.933]                           invokeRestart("muffleWarning")
[13:38:30.933]                       }
[13:38:30.933]                       else if (inherits(cond, "condition")) {
[13:38:30.933]                         if (!is.null(pattern)) {
[13:38:30.933]                           computeRestarts <- base::computeRestarts
[13:38:30.933]                           grepl <- base::grepl
[13:38:30.933]                           restarts <- computeRestarts(cond)
[13:38:30.933]                           for (restart in restarts) {
[13:38:30.933]                             name <- restart$name
[13:38:30.933]                             if (is.null(name)) 
[13:38:30.933]                               next
[13:38:30.933]                             if (!grepl(pattern, name)) 
[13:38:30.933]                               next
[13:38:30.933]                             invokeRestart(restart)
[13:38:30.933]                             muffled <- TRUE
[13:38:30.933]                             break
[13:38:30.933]                           }
[13:38:30.933]                         }
[13:38:30.933]                       }
[13:38:30.933]                       invisible(muffled)
[13:38:30.933]                     }
[13:38:30.933]                     muffleCondition(cond, pattern = "^muffle")
[13:38:30.933]                   }
[13:38:30.933]                 }
[13:38:30.933]             }
[13:38:30.933]         }))
[13:38:30.933]     }, error = function(ex) {
[13:38:30.933]         base::structure(base::list(value = NULL, visible = NULL, 
[13:38:30.933]             conditions = ...future.conditions, rng = !identical(base::globalenv()$.Random.seed, 
[13:38:30.933]                 ...future.rng), started = ...future.startTime, 
[13:38:30.933]             finished = Sys.time(), session_uuid = NA_character_, 
[13:38:30.933]             version = "1.8"), class = "FutureResult")
[13:38:30.933]     }, finally = {
[13:38:30.933]         if (!identical(...future.workdir, getwd())) 
[13:38:30.933]             setwd(...future.workdir)
[13:38:30.933]         {
[13:38:30.933]             if (identical(getOption("nwarnings"), ...future.oldOptions$nwarnings)) {
[13:38:30.933]                 ...future.oldOptions$nwarnings <- NULL
[13:38:30.933]             }
[13:38:30.933]             base::options(...future.oldOptions)
[13:38:30.933]             if (.Platform$OS.type == "windows") {
[13:38:30.933]                 old_names <- names(...future.oldEnvVars)
[13:38:30.933]                 envs <- base::Sys.getenv()
[13:38:30.933]                 names <- names(envs)
[13:38:30.933]                 common <- intersect(names, old_names)
[13:38:30.933]                 added <- setdiff(names, old_names)
[13:38:30.933]                 removed <- setdiff(old_names, names)
[13:38:30.933]                 changed <- common[...future.oldEnvVars[common] != 
[13:38:30.933]                   envs[common]]
[13:38:30.933]                 NAMES <- toupper(changed)
[13:38:30.933]                 args <- list()
[13:38:30.933]                 for (kk in seq_along(NAMES)) {
[13:38:30.933]                   name <- changed[[kk]]
[13:38:30.933]                   NAME <- NAMES[[kk]]
[13:38:30.933]                   if (name != NAME && is.element(NAME, old_names)) 
[13:38:30.933]                     next
[13:38:30.933]                   args[[name]] <- ...future.oldEnvVars[[name]]
[13:38:30.933]                 }
[13:38:30.933]                 NAMES <- toupper(added)
[13:38:30.933]                 for (kk in seq_along(NAMES)) {
[13:38:30.933]                   name <- added[[kk]]
[13:38:30.933]                   NAME <- NAMES[[kk]]
[13:38:30.933]                   if (name != NAME && is.element(NAME, old_names)) 
[13:38:30.933]                     next
[13:38:30.933]                   args[[name]] <- ""
[13:38:30.933]                 }
[13:38:30.933]                 NAMES <- toupper(removed)
[13:38:30.933]                 for (kk in seq_along(NAMES)) {
[13:38:30.933]                   name <- removed[[kk]]
[13:38:30.933]                   NAME <- NAMES[[kk]]
[13:38:30.933]                   if (name != NAME && is.element(NAME, old_names)) 
[13:38:30.933]                     next
[13:38:30.933]                   args[[name]] <- ...future.oldEnvVars[[name]]
[13:38:30.933]                 }
[13:38:30.933]                 if (length(args) > 0) 
[13:38:30.933]                   base::do.call(base::Sys.setenv, args = args)
[13:38:30.933]                 args <- names <- old_names <- NAMES <- envs <- common <- added <- removed <- NULL
[13:38:30.933]             }
[13:38:30.933]             else {
[13:38:30.933]                 base::do.call(base::Sys.setenv, args = base::as.list(...future.oldEnvVars))
[13:38:30.933]             }
[13:38:30.933]             {
[13:38:30.933]                 if (base::length(...future.futureOptionsAdded) > 
[13:38:30.933]                   0L) {
[13:38:30.933]                   opts <- base::vector("list", length = base::length(...future.futureOptionsAdded))
[13:38:30.933]                   base::names(opts) <- ...future.futureOptionsAdded
[13:38:30.933]                   base::options(opts)
[13:38:30.933]                 }
[13:38:30.933]                 {
[13:38:30.933]                   NULL
[13:38:30.933]                   options(future.plan = NULL)
[13:38:30.933]                   if (is.na(NA_character_)) 
[13:38:30.933]                     Sys.unsetenv("R_FUTURE_PLAN")
[13:38:30.933]                   else Sys.setenv(R_FUTURE_PLAN = NA_character_)
[13:38:30.933]                   future::plan(...future.strategy.old, .cleanup = FALSE, 
[13:38:30.933]                     .init = FALSE)
[13:38:30.933]                 }
[13:38:30.933]             }
[13:38:30.933]         }
[13:38:30.933]     })
[13:38:30.933]     if (TRUE) {
[13:38:30.933]         base::sink(type = "output", split = FALSE)
[13:38:30.933]         if (TRUE) {
[13:38:30.933]             ...future.result$stdout <- base::rawToChar(base::rawConnectionValue(...future.stdout))
[13:38:30.933]         }
[13:38:30.933]         else {
[13:38:30.933]             ...future.result["stdout"] <- base::list(NULL)
[13:38:30.933]         }
[13:38:30.933]         base::close(...future.stdout)
[13:38:30.933]         ...future.stdout <- NULL
[13:38:30.933]     }
[13:38:30.933]     ...future.result$conditions <- ...future.conditions
[13:38:30.933]     ...future.result$finished <- base::Sys.time()
[13:38:30.933]     ...future.result
[13:38:30.933] }
[13:38:30.986] ClusterFuture started
[13:38:30.986] result() for ClusterFuture ...
[13:38:30.987] receiveMessageFromWorker() for ClusterFuture ...
[13:38:30.987] - Validating connection of ClusterFuture
[13:38:31.019] - received message: FutureResult
[13:38:31.019] - Received FutureResult
[13:38:31.022] - Erased future from FutureRegistry
[13:38:31.023] result() for ClusterFuture ...
[13:38:31.023] - result already collected: FutureResult
[13:38:31.023] result() for ClusterFuture ... done
[13:38:31.023] receiveMessageFromWorker() for ClusterFuture ... done
[13:38:31.023] result() for ClusterFuture ... done
[13:38:31.024] result() for ClusterFuture ...
[13:38:31.024] - result already collected: FutureResult
[13:38:31.024] result() for ClusterFuture ... done
[13:38:31.024] plan(): plan_init() of ‘tweaked’, ‘cluster’, ‘multiprocess’, ‘future’, ‘function’ ... DONE
[13:38:31.024] plan(): nbrOfWorkers() = 1
[13:38:31.025] plan(): Setting new future strategy stack:
[13:38:31.025] List of future strategies:
[13:38:31.025] 1. sequential:
[13:38:31.025]    - args: function (..., envir = parent.frame())
[13:38:31.025]    - tweaked: FALSE
[13:38:31.025]    - call: future::plan("sequential")
[13:38:31.026] plan(): nbrOfWorkers() = 1
> 
> message("*** plan() - tweak without introducting package dependencies ... DONE")
*** plan() - tweak without introducting package dependencies ... DONE
> 
> 
> message("*** y %<-% { expr } %tweak% tweaks ...")
*** y %<-% { expr } %tweak% tweaks ...
> 
> plan(sequential)
[13:38:31.026] plan(): Setting new future strategy stack:
[13:38:31.026] List of future strategies:
[13:38:31.026] 1. sequential:
[13:38:31.026]    - args: function (..., envir = parent.frame())
[13:38:31.026]    - tweaked: FALSE
[13:38:31.026]    - call: plan(sequential)
[13:38:31.027] plan(): nbrOfWorkers() = 1
> 
> a <- 0
> x %<-% { a <- 1; a }
[13:38:31.029] getGlobalsAndPackages() ...
[13:38:31.029] Searching for globals...
[13:38:31.040] - globals found: [2] ‘{’, ‘<-’
[13:38:31.040] Searching for globals ... DONE
[13:38:31.041] Resolving globals: FALSE
[13:38:31.041] 
[13:38:31.041] 
[13:38:31.041] getGlobalsAndPackages() ... DONE
[13:38:31.042] run() for ‘Future’ ...
[13:38:31.042] - state: ‘created’
[13:38:31.042] - Future backend: ‘FutureStrategy’, ‘sequential’, ‘uniprocess’, ‘future’, ‘function’
[13:38:31.042] - Future class: ‘SequentialFuture’, ‘UniprocessFuture’, ‘Future’, ‘environment’
[13:38:31.043] - Copy elements of temporary ‘SequentialFuture’ to final ‘Future’ object ...
[13:38:31.043]   - Field: ‘label’
[13:38:31.043]   - Field: ‘local’
[13:38:31.043]   - Field: ‘owner’
[13:38:31.043]   - Field: ‘envir’
[13:38:31.043]   - Field: ‘packages’
[13:38:31.043]   - Field: ‘gc’
[13:38:31.043]   - Field: ‘conditions’
[13:38:31.043]   - Field: ‘expr’
[13:38:31.043]   - Field: ‘uuid’
[13:38:31.043]   - Field: ‘seed’
[13:38:31.044]   - Field: ‘version’
[13:38:31.044]   - Field: ‘result’
[13:38:31.044]   - Field: ‘asynchronous’
[13:38:31.044]   - Field: ‘calls’
[13:38:31.044]   - Field: ‘globals’
[13:38:31.044]   - Field: ‘stdout’
[13:38:31.044]   - Field: ‘earlySignal’
[13:38:31.044]   - Field: ‘lazy’
[13:38:31.044]   - Field: ‘state’
[13:38:31.044] - Copy elements of temporary ‘SequentialFuture’ to final ‘Future’ object ... done
[13:38:31.044] - Launch lazy future ...
[13:38:31.045] Packages needed by the future expression (n = 0): <none>
[13:38:31.045] Packages needed by future strategies (n = 0): <none>
[13:38:31.045] {
[13:38:31.045]     {
[13:38:31.045]         {
[13:38:31.045]             ...future.startTime <- base::Sys.time()
[13:38:31.045]             {
[13:38:31.045]                 {
[13:38:31.045]                   {
[13:38:31.045]                     base::local({
[13:38:31.045]                       has_future <- base::requireNamespace("future", 
[13:38:31.045]                         quietly = TRUE)
[13:38:31.045]                       if (has_future) {
[13:38:31.045]                         ns <- base::getNamespace("future")
[13:38:31.045]                         version <- ns[[".package"]][["version"]]
[13:38:31.045]                         if (is.null(version)) 
[13:38:31.045]                           version <- utils::packageVersion("future")
[13:38:31.045]                       }
[13:38:31.045]                       else {
[13:38:31.045]                         version <- NULL
[13:38:31.045]                       }
[13:38:31.045]                       if (!has_future || version < "1.8.0") {
[13:38:31.045]                         info <- base::c(r_version = base::gsub("R version ", 
[13:38:31.045]                           "", base::R.version$version.string), 
[13:38:31.045]                           platform = base::sprintf("%s (%s-bit)", 
[13:38:31.045]                             base::R.version$platform, 8 * base::.Machine$sizeof.pointer), 
[13:38:31.045]                           os = base::paste(base::Sys.info()[base::c("sysname", 
[13:38:31.045]                             "release", "version")], collapse = " "), 
[13:38:31.045]                           hostname = base::Sys.info()[["nodename"]])
[13:38:31.045]                         info <- base::sprintf("%s: %s", base::names(info), 
[13:38:31.045]                           info)
[13:38:31.045]                         info <- base::paste(info, collapse = "; ")
[13:38:31.045]                         if (!has_future) {
[13:38:31.045]                           msg <- base::sprintf("Package 'future' is not installed on worker (%s)", 
[13:38:31.045]                             info)
[13:38:31.045]                         }
[13:38:31.045]                         else {
[13:38:31.045]                           msg <- base::sprintf("Package 'future' on worker (%s) must be of version >= 1.8.0: %s", 
[13:38:31.045]                             info, version)
[13:38:31.045]                         }
[13:38:31.045]                         base::stop(msg)
[13:38:31.045]                       }
[13:38:31.045]                     })
[13:38:31.045]                   }
[13:38:31.045]                   ...future.strategy.old <- future::plan("list")
[13:38:31.045]                   options(future.plan = NULL)
[13:38:31.045]                   Sys.unsetenv("R_FUTURE_PLAN")
[13:38:31.045]                   future::plan("default", .cleanup = FALSE, .init = FALSE)
[13:38:31.045]                 }
[13:38:31.045]                 ...future.workdir <- getwd()
[13:38:31.045]             }
[13:38:31.045]             ...future.oldOptions <- base::as.list(base::.Options)
[13:38:31.045]             ...future.oldEnvVars <- base::Sys.getenv()
[13:38:31.045]         }
[13:38:31.045]         base::options(future.startup.script = FALSE, future.globals.onMissing = NULL, 
[13:38:31.045]             future.globals.maxSize = NULL, future.globals.method = NULL, 
[13:38:31.045]             future.globals.onMissing = NULL, future.globals.onReference = NULL, 
[13:38:31.045]             future.globals.resolve = NULL, future.resolve.recursive = NULL, 
[13:38:31.045]             future.rng.onMisuse = NULL, future.rng.onMisuse.keepFuture = NULL, 
[13:38:31.045]             future.stdout.windows.reencode = NULL, width = 80L)
[13:38:31.045]         ...future.futureOptionsAdded <- base::setdiff(base::names(base::.Options), 
[13:38:31.045]             base::names(...future.oldOptions))
[13:38:31.045]     }
[13:38:31.045]     if (FALSE) {
[13:38:31.045]     }
[13:38:31.045]     else {
[13:38:31.045]         if (TRUE) {
[13:38:31.045]             ...future.stdout <- base::rawConnection(base::raw(0L), 
[13:38:31.045]                 open = "w")
[13:38:31.045]         }
[13:38:31.045]         else {
[13:38:31.045]             ...future.stdout <- base::file(base::switch(.Platform$OS.type, 
[13:38:31.045]                 windows = "NUL", "/dev/null"), open = "w")
[13:38:31.045]         }
[13:38:31.045]         base::sink(...future.stdout, type = "output", split = FALSE)
[13:38:31.045]         base::on.exit(if (!base::is.null(...future.stdout)) {
[13:38:31.045]             base::sink(type = "output", split = FALSE)
[13:38:31.045]             base::close(...future.stdout)
[13:38:31.045]         }, add = TRUE)
[13:38:31.045]     }
[13:38:31.045]     ...future.frame <- base::sys.nframe()
[13:38:31.045]     ...future.conditions <- base::list()
[13:38:31.045]     ...future.rng <- base::globalenv()$.Random.seed
[13:38:31.045]     if (FALSE) {
[13:38:31.045]         ...future.globalenv.names <- c(base::names(base::.GlobalEnv), 
[13:38:31.045]             "...future.value", "...future.globalenv.names", ".Random.seed")
[13:38:31.045]     }
[13:38:31.045]     ...future.result <- base::tryCatch({
[13:38:31.045]         base::withCallingHandlers({
[13:38:31.045]             ...future.value <- base::withVisible(base::local({
[13:38:31.045]                 a <- 1
[13:38:31.045]                 a
[13:38:31.045]             }))
[13:38:31.045]             future::FutureResult(value = ...future.value$value, 
[13:38:31.045]                 visible = ...future.value$visible, rng = !identical(base::globalenv()$.Random.seed, 
[13:38:31.045]                   ...future.rng), globalenv = if (FALSE) 
[13:38:31.045]                   list(added = base::setdiff(base::names(base::.GlobalEnv), 
[13:38:31.045]                     ...future.globalenv.names))
[13:38:31.045]                 else NULL, started = ...future.startTime, version = "1.8")
[13:38:31.045]         }, condition = base::local({
[13:38:31.045]             c <- base::c
[13:38:31.045]             inherits <- base::inherits
[13:38:31.045]             invokeRestart <- base::invokeRestart
[13:38:31.045]             length <- base::length
[13:38:31.045]             list <- base::list
[13:38:31.045]             seq.int <- base::seq.int
[13:38:31.045]             signalCondition <- base::signalCondition
[13:38:31.045]             sys.calls <- base::sys.calls
[13:38:31.045]             `[[` <- base::`[[`
[13:38:31.045]             `+` <- base::`+`
[13:38:31.045]             `<<-` <- base::`<<-`
[13:38:31.045]             sysCalls <- function(calls = sys.calls(), from = 1L) {
[13:38:31.045]                 calls[seq.int(from = from + 12L, to = length(calls) - 
[13:38:31.045]                   3L)]
[13:38:31.045]             }
[13:38:31.045]             function(cond) {
[13:38:31.045]                 is_error <- inherits(cond, "error")
[13:38:31.045]                 ignore <- !is_error && !is.null(NULL) && inherits(cond, 
[13:38:31.045]                   NULL)
[13:38:31.045]                 if (is_error) {
[13:38:31.045]                   sessionInformation <- function() {
[13:38:31.045]                     list(r = base::R.Version(), locale = base::Sys.getlocale(), 
[13:38:31.045]                       rngkind = base::RNGkind(), namespaces = base::loadedNamespaces(), 
[13:38:31.045]                       search = base::search(), system = base::Sys.info())
[13:38:31.045]                   }
[13:38:31.045]                   ...future.conditions[[length(...future.conditions) + 
[13:38:31.045]                     1L]] <<- list(condition = cond, calls = c(sysCalls(from = ...future.frame), 
[13:38:31.045]                     cond$call), session = sessionInformation(), 
[13:38:31.045]                     timestamp = base::Sys.time(), signaled = 0L)
[13:38:31.045]                   signalCondition(cond)
[13:38:31.045]                 }
[13:38:31.045]                 else if (!ignore && TRUE && inherits(cond, c("condition", 
[13:38:31.045]                 "immediateCondition"))) {
[13:38:31.045]                   signal <- TRUE && inherits(cond, "immediateCondition")
[13:38:31.045]                   ...future.conditions[[length(...future.conditions) + 
[13:38:31.045]                     1L]] <<- list(condition = cond, signaled = base::as.integer(signal))
[13:38:31.045]                   if (TRUE && !signal) {
[13:38:31.045]                     muffleCondition <- function (cond, pattern = "^muffle") 
[13:38:31.045]                     {
[13:38:31.045]                       inherits <- base::inherits
[13:38:31.045]                       invokeRestart <- base::invokeRestart
[13:38:31.045]                       is.null <- base::is.null
[13:38:31.045]                       muffled <- FALSE
[13:38:31.045]                       if (inherits(cond, "message")) {
[13:38:31.045]                         muffled <- grepl(pattern, "muffleMessage")
[13:38:31.045]                         if (muffled) 
[13:38:31.045]                           invokeRestart("muffleMessage")
[13:38:31.045]                       }
[13:38:31.045]                       else if (inherits(cond, "warning")) {
[13:38:31.045]                         muffled <- grepl(pattern, "muffleWarning")
[13:38:31.045]                         if (muffled) 
[13:38:31.045]                           invokeRestart("muffleWarning")
[13:38:31.045]                       }
[13:38:31.045]                       else if (inherits(cond, "condition")) {
[13:38:31.045]                         if (!is.null(pattern)) {
[13:38:31.045]                           computeRestarts <- base::computeRestarts
[13:38:31.045]                           grepl <- base::grepl
[13:38:31.045]                           restarts <- computeRestarts(cond)
[13:38:31.045]                           for (restart in restarts) {
[13:38:31.045]                             name <- restart$name
[13:38:31.045]                             if (is.null(name)) 
[13:38:31.045]                               next
[13:38:31.045]                             if (!grepl(pattern, name)) 
[13:38:31.045]                               next
[13:38:31.045]                             invokeRestart(restart)
[13:38:31.045]                             muffled <- TRUE
[13:38:31.045]                             break
[13:38:31.045]                           }
[13:38:31.045]                         }
[13:38:31.045]                       }
[13:38:31.045]                       invisible(muffled)
[13:38:31.045]                     }
[13:38:31.045]                     muffleCondition(cond, pattern = "^muffle")
[13:38:31.045]                   }
[13:38:31.045]                 }
[13:38:31.045]                 else {
[13:38:31.045]                   if (TRUE) {
[13:38:31.045]                     muffleCondition <- function (cond, pattern = "^muffle") 
[13:38:31.045]                     {
[13:38:31.045]                       inherits <- base::inherits
[13:38:31.045]                       invokeRestart <- base::invokeRestart
[13:38:31.045]                       is.null <- base::is.null
[13:38:31.045]                       muffled <- FALSE
[13:38:31.045]                       if (inherits(cond, "message")) {
[13:38:31.045]                         muffled <- grepl(pattern, "muffleMessage")
[13:38:31.045]                         if (muffled) 
[13:38:31.045]                           invokeRestart("muffleMessage")
[13:38:31.045]                       }
[13:38:31.045]                       else if (inherits(cond, "warning")) {
[13:38:31.045]                         muffled <- grepl(pattern, "muffleWarning")
[13:38:31.045]                         if (muffled) 
[13:38:31.045]                           invokeRestart("muffleWarning")
[13:38:31.045]                       }
[13:38:31.045]                       else if (inherits(cond, "condition")) {
[13:38:31.045]                         if (!is.null(pattern)) {
[13:38:31.045]                           computeRestarts <- base::computeRestarts
[13:38:31.045]                           grepl <- base::grepl
[13:38:31.045]                           restarts <- computeRestarts(cond)
[13:38:31.045]                           for (restart in restarts) {
[13:38:31.045]                             name <- restart$name
[13:38:31.045]                             if (is.null(name)) 
[13:38:31.045]                               next
[13:38:31.045]                             if (!grepl(pattern, name)) 
[13:38:31.045]                               next
[13:38:31.045]                             invokeRestart(restart)
[13:38:31.045]                             muffled <- TRUE
[13:38:31.045]                             break
[13:38:31.045]                           }
[13:38:31.045]                         }
[13:38:31.045]                       }
[13:38:31.045]                       invisible(muffled)
[13:38:31.045]                     }
[13:38:31.045]                     muffleCondition(cond, pattern = "^muffle")
[13:38:31.045]                   }
[13:38:31.045]                 }
[13:38:31.045]             }
[13:38:31.045]         }))
[13:38:31.045]     }, error = function(ex) {
[13:38:31.045]         base::structure(base::list(value = NULL, visible = NULL, 
[13:38:31.045]             conditions = ...future.conditions, rng = !identical(base::globalenv()$.Random.seed, 
[13:38:31.045]                 ...future.rng), started = ...future.startTime, 
[13:38:31.045]             finished = Sys.time(), session_uuid = NA_character_, 
[13:38:31.045]             version = "1.8"), class = "FutureResult")
[13:38:31.045]     }, finally = {
[13:38:31.045]         if (!identical(...future.workdir, getwd())) 
[13:38:31.045]             setwd(...future.workdir)
[13:38:31.045]         {
[13:38:31.045]             if (identical(getOption("nwarnings"), ...future.oldOptions$nwarnings)) {
[13:38:31.045]                 ...future.oldOptions$nwarnings <- NULL
[13:38:31.045]             }
[13:38:31.045]             base::options(...future.oldOptions)
[13:38:31.045]             if (.Platform$OS.type == "windows") {
[13:38:31.045]                 old_names <- names(...future.oldEnvVars)
[13:38:31.045]                 envs <- base::Sys.getenv()
[13:38:31.045]                 names <- names(envs)
[13:38:31.045]                 common <- intersect(names, old_names)
[13:38:31.045]                 added <- setdiff(names, old_names)
[13:38:31.045]                 removed <- setdiff(old_names, names)
[13:38:31.045]                 changed <- common[...future.oldEnvVars[common] != 
[13:38:31.045]                   envs[common]]
[13:38:31.045]                 NAMES <- toupper(changed)
[13:38:31.045]                 args <- list()
[13:38:31.045]                 for (kk in seq_along(NAMES)) {
[13:38:31.045]                   name <- changed[[kk]]
[13:38:31.045]                   NAME <- NAMES[[kk]]
[13:38:31.045]                   if (name != NAME && is.element(NAME, old_names)) 
[13:38:31.045]                     next
[13:38:31.045]                   args[[name]] <- ...future.oldEnvVars[[name]]
[13:38:31.045]                 }
[13:38:31.045]                 NAMES <- toupper(added)
[13:38:31.045]                 for (kk in seq_along(NAMES)) {
[13:38:31.045]                   name <- added[[kk]]
[13:38:31.045]                   NAME <- NAMES[[kk]]
[13:38:31.045]                   if (name != NAME && is.element(NAME, old_names)) 
[13:38:31.045]                     next
[13:38:31.045]                   args[[name]] <- ""
[13:38:31.045]                 }
[13:38:31.045]                 NAMES <- toupper(removed)
[13:38:31.045]                 for (kk in seq_along(NAMES)) {
[13:38:31.045]                   name <- removed[[kk]]
[13:38:31.045]                   NAME <- NAMES[[kk]]
[13:38:31.045]                   if (name != NAME && is.element(NAME, old_names)) 
[13:38:31.045]                     next
[13:38:31.045]                   args[[name]] <- ...future.oldEnvVars[[name]]
[13:38:31.045]                 }
[13:38:31.045]                 if (length(args) > 0) 
[13:38:31.045]                   base::do.call(base::Sys.setenv, args = args)
[13:38:31.045]                 args <- names <- old_names <- NAMES <- envs <- common <- added <- removed <- NULL
[13:38:31.045]             }
[13:38:31.045]             else {
[13:38:31.045]                 base::do.call(base::Sys.setenv, args = base::as.list(...future.oldEnvVars))
[13:38:31.045]             }
[13:38:31.045]             {
[13:38:31.045]                 if (base::length(...future.futureOptionsAdded) > 
[13:38:31.045]                   0L) {
[13:38:31.045]                   opts <- base::vector("list", length = base::length(...future.futureOptionsAdded))
[13:38:31.045]                   base::names(opts) <- ...future.futureOptionsAdded
[13:38:31.045]                   base::options(opts)
[13:38:31.045]                 }
[13:38:31.045]                 {
[13:38:31.045]                   {
[13:38:31.045]                     NULL
[13:38:31.045]                     RNGkind("Mersenne-Twister")
[13:38:31.045]                     base::rm(list = ".Random.seed", envir = base::globalenv(), 
[13:38:31.045]                       inherits = FALSE)
[13:38:31.045]                   }
[13:38:31.045]                   options(future.plan = NULL)
[13:38:31.045]                   if (is.na(NA_character_)) 
[13:38:31.045]                     Sys.unsetenv("R_FUTURE_PLAN")
[13:38:31.045]                   else Sys.setenv(R_FUTURE_PLAN = NA_character_)
[13:38:31.045]                   future::plan(...future.strategy.old, .cleanup = FALSE, 
[13:38:31.045]                     .init = FALSE)
[13:38:31.045]                 }
[13:38:31.045]             }
[13:38:31.045]         }
[13:38:31.045]     })
[13:38:31.045]     if (TRUE) {
[13:38:31.045]         base::sink(type = "output", split = FALSE)
[13:38:31.045]         if (TRUE) {
[13:38:31.045]             ...future.result$stdout <- base::rawToChar(base::rawConnectionValue(...future.stdout))
[13:38:31.045]         }
[13:38:31.045]         else {
[13:38:31.045]             ...future.result["stdout"] <- base::list(NULL)
[13:38:31.045]         }
[13:38:31.045]         base::close(...future.stdout)
[13:38:31.045]         ...future.stdout <- NULL
[13:38:31.045]     }
[13:38:31.045]     ...future.result$conditions <- ...future.conditions
[13:38:31.045]     ...future.result$finished <- base::Sys.time()
[13:38:31.045]     ...future.result
[13:38:31.045] }
[13:38:31.047] plan(): Setting new future strategy stack:
[13:38:31.047] List of future strategies:
[13:38:31.047] 1. sequential:
[13:38:31.047]    - args: function (..., envir = parent.frame())
[13:38:31.047]    - tweaked: FALSE
[13:38:31.047]    - call: NULL
[13:38:31.048] plan(): nbrOfWorkers() = 1
[13:38:31.049] plan(): Setting new future strategy stack:
[13:38:31.049] List of future strategies:
[13:38:31.049] 1. sequential:
[13:38:31.049]    - args: function (..., envir = parent.frame())
[13:38:31.049]    - tweaked: FALSE
[13:38:31.049]    - call: plan(sequential)
[13:38:31.049] plan(): nbrOfWorkers() = 1
[13:38:31.050] SequentialFuture started (and completed)
[13:38:31.050] - Launch lazy future ... done
[13:38:31.050] run() for ‘SequentialFuture’ ... done
> print(x)
[1] 1
> stopifnot(a == 0, x == 1)
> 
> 
> plan(sequential, abc = FALSE)
Warning: Detected 1 unknown future arguments: ‘abc’
[13:38:31.051] plan(): Setting new future strategy stack:
[13:38:31.051] List of future strategies:
[13:38:31.051] 1. sequential:
[13:38:31.051]    - args: function (..., abc = FALSE, envir = parent.frame())
[13:38:31.051]    - tweaked: TRUE
[13:38:31.051]    - call: plan(sequential, abc = FALSE)
[13:38:31.051] plan(): nbrOfWorkers() = 1
> 
> a <- 0
> x %<-% { a <- 1; a }
[13:38:31.052] getGlobalsAndPackages() ...
[13:38:31.052] Searching for globals...
[13:38:31.053] - globals found: [2] ‘{’, ‘<-’
[13:38:31.053] Searching for globals ... DONE
[13:38:31.053] Resolving globals: FALSE
[13:38:31.053] 
[13:38:31.053] 
[13:38:31.053] getGlobalsAndPackages() ... DONE
[13:38:31.054] run() for ‘Future’ ...
[13:38:31.054] - state: ‘created’
[13:38:31.054] - Future backend: ‘FutureStrategy’, ‘tweaked’, ‘sequential’, ‘uniprocess’, ‘future’, ‘function’
[13:38:31.054] - Future class: ‘SequentialFuture’, ‘UniprocessFuture’, ‘Future’, ‘environment’
[13:38:31.054] - Copy elements of temporary ‘SequentialFuture’ to final ‘Future’ object ...
[13:38:31.054]   - Field: ‘label’
[13:38:31.054]   - Field: ‘local’
[13:38:31.055]   - Field: ‘owner’
[13:38:31.055]   - Field: ‘envir’
[13:38:31.055]   - Field: ‘packages’
[13:38:31.055]   - Field: ‘gc’
[13:38:31.055]   - Field: ‘conditions’
[13:38:31.055]   - Field: ‘expr’
[13:38:31.055]   - Field: ‘uuid’
[13:38:31.055]   - Field: ‘seed’
[13:38:31.055]   - Field: ‘version’
[13:38:31.055]   - Field: ‘result’
[13:38:31.055]   - Field: ‘asynchronous’
[13:38:31.056]   - Field: ‘calls’
[13:38:31.056]   - Field: ‘abc’
[13:38:31.056]   - Field: ‘globals’
[13:38:31.056]   - Field: ‘stdout’
[13:38:31.056]   - Field: ‘earlySignal’
[13:38:31.056]   - Field: ‘lazy’
[13:38:31.056]   - Field: ‘state’
[13:38:31.056] - Copy elements of temporary ‘SequentialFuture’ to final ‘Future’ object ... done
[13:38:31.056] - Launch lazy future ...
[13:38:31.056] Packages needed by the future expression (n = 0): <none>
[13:38:31.057] Packages needed by future strategies (n = 0): <none>
[13:38:31.057] {
[13:38:31.057]     {
[13:38:31.057]         {
[13:38:31.057]             ...future.startTime <- base::Sys.time()
[13:38:31.057]             {
[13:38:31.057]                 {
[13:38:31.057]                   {
[13:38:31.057]                     base::local({
[13:38:31.057]                       has_future <- base::requireNamespace("future", 
[13:38:31.057]                         quietly = TRUE)
[13:38:31.057]                       if (has_future) {
[13:38:31.057]                         ns <- base::getNamespace("future")
[13:38:31.057]                         version <- ns[[".package"]][["version"]]
[13:38:31.057]                         if (is.null(version)) 
[13:38:31.057]                           version <- utils::packageVersion("future")
[13:38:31.057]                       }
[13:38:31.057]                       else {
[13:38:31.057]                         version <- NULL
[13:38:31.057]                       }
[13:38:31.057]                       if (!has_future || version < "1.8.0") {
[13:38:31.057]                         info <- base::c(r_version = base::gsub("R version ", 
[13:38:31.057]                           "", base::R.version$version.string), 
[13:38:31.057]                           platform = base::sprintf("%s (%s-bit)", 
[13:38:31.057]                             base::R.version$platform, 8 * base::.Machine$sizeof.pointer), 
[13:38:31.057]                           os = base::paste(base::Sys.info()[base::c("sysname", 
[13:38:31.057]                             "release", "version")], collapse = " "), 
[13:38:31.057]                           hostname = base::Sys.info()[["nodename"]])
[13:38:31.057]                         info <- base::sprintf("%s: %s", base::names(info), 
[13:38:31.057]                           info)
[13:38:31.057]                         info <- base::paste(info, collapse = "; ")
[13:38:31.057]                         if (!has_future) {
[13:38:31.057]                           msg <- base::sprintf("Package 'future' is not installed on worker (%s)", 
[13:38:31.057]                             info)
[13:38:31.057]                         }
[13:38:31.057]                         else {
[13:38:31.057]                           msg <- base::sprintf("Package 'future' on worker (%s) must be of version >= 1.8.0: %s", 
[13:38:31.057]                             info, version)
[13:38:31.057]                         }
[13:38:31.057]                         base::stop(msg)
[13:38:31.057]                       }
[13:38:31.057]                     })
[13:38:31.057]                   }
[13:38:31.057]                   ...future.strategy.old <- future::plan("list")
[13:38:31.057]                   options(future.plan = NULL)
[13:38:31.057]                   Sys.unsetenv("R_FUTURE_PLAN")
[13:38:31.057]                   future::plan("default", .cleanup = FALSE, .init = FALSE)
[13:38:31.057]                 }
[13:38:31.057]                 ...future.workdir <- getwd()
[13:38:31.057]             }
[13:38:31.057]             ...future.oldOptions <- base::as.list(base::.Options)
[13:38:31.057]             ...future.oldEnvVars <- base::Sys.getenv()
[13:38:31.057]         }
[13:38:31.057]         base::options(future.startup.script = FALSE, future.globals.onMissing = NULL, 
[13:38:31.057]             future.globals.maxSize = NULL, future.globals.method = NULL, 
[13:38:31.057]             future.globals.onMissing = NULL, future.globals.onReference = NULL, 
[13:38:31.057]             future.globals.resolve = NULL, future.resolve.recursive = NULL, 
[13:38:31.057]             future.rng.onMisuse = NULL, future.rng.onMisuse.keepFuture = NULL, 
[13:38:31.057]             future.stdout.windows.reencode = NULL, width = 80L)
[13:38:31.057]         ...future.futureOptionsAdded <- base::setdiff(base::names(base::.Options), 
[13:38:31.057]             base::names(...future.oldOptions))
[13:38:31.057]     }
[13:38:31.057]     if (FALSE) {
[13:38:31.057]     }
[13:38:31.057]     else {
[13:38:31.057]         if (TRUE) {
[13:38:31.057]             ...future.stdout <- base::rawConnection(base::raw(0L), 
[13:38:31.057]                 open = "w")
[13:38:31.057]         }
[13:38:31.057]         else {
[13:38:31.057]             ...future.stdout <- base::file(base::switch(.Platform$OS.type, 
[13:38:31.057]                 windows = "NUL", "/dev/null"), open = "w")
[13:38:31.057]         }
[13:38:31.057]         base::sink(...future.stdout, type = "output", split = FALSE)
[13:38:31.057]         base::on.exit(if (!base::is.null(...future.stdout)) {
[13:38:31.057]             base::sink(type = "output", split = FALSE)
[13:38:31.057]             base::close(...future.stdout)
[13:38:31.057]         }, add = TRUE)
[13:38:31.057]     }
[13:38:31.057]     ...future.frame <- base::sys.nframe()
[13:38:31.057]     ...future.conditions <- base::list()
[13:38:31.057]     ...future.rng <- base::globalenv()$.Random.seed
[13:38:31.057]     if (FALSE) {
[13:38:31.057]         ...future.globalenv.names <- c(base::names(base::.GlobalEnv), 
[13:38:31.057]             "...future.value", "...future.globalenv.names", ".Random.seed")
[13:38:31.057]     }
[13:38:31.057]     ...future.result <- base::tryCatch({
[13:38:31.057]         base::withCallingHandlers({
[13:38:31.057]             ...future.value <- base::withVisible(base::local({
[13:38:31.057]                 a <- 1
[13:38:31.057]                 a
[13:38:31.057]             }))
[13:38:31.057]             future::FutureResult(value = ...future.value$value, 
[13:38:31.057]                 visible = ...future.value$visible, rng = !identical(base::globalenv()$.Random.seed, 
[13:38:31.057]                   ...future.rng), globalenv = if (FALSE) 
[13:38:31.057]                   list(added = base::setdiff(base::names(base::.GlobalEnv), 
[13:38:31.057]                     ...future.globalenv.names))
[13:38:31.057]                 else NULL, started = ...future.startTime, version = "1.8")
[13:38:31.057]         }, condition = base::local({
[13:38:31.057]             c <- base::c
[13:38:31.057]             inherits <- base::inherits
[13:38:31.057]             invokeRestart <- base::invokeRestart
[13:38:31.057]             length <- base::length
[13:38:31.057]             list <- base::list
[13:38:31.057]             seq.int <- base::seq.int
[13:38:31.057]             signalCondition <- base::signalCondition
[13:38:31.057]             sys.calls <- base::sys.calls
[13:38:31.057]             `[[` <- base::`[[`
[13:38:31.057]             `+` <- base::`+`
[13:38:31.057]             `<<-` <- base::`<<-`
[13:38:31.057]             sysCalls <- function(calls = sys.calls(), from = 1L) {
[13:38:31.057]                 calls[seq.int(from = from + 12L, to = length(calls) - 
[13:38:31.057]                   3L)]
[13:38:31.057]             }
[13:38:31.057]             function(cond) {
[13:38:31.057]                 is_error <- inherits(cond, "error")
[13:38:31.057]                 ignore <- !is_error && !is.null(NULL) && inherits(cond, 
[13:38:31.057]                   NULL)
[13:38:31.057]                 if (is_error) {
[13:38:31.057]                   sessionInformation <- function() {
[13:38:31.057]                     list(r = base::R.Version(), locale = base::Sys.getlocale(), 
[13:38:31.057]                       rngkind = base::RNGkind(), namespaces = base::loadedNamespaces(), 
[13:38:31.057]                       search = base::search(), system = base::Sys.info())
[13:38:31.057]                   }
[13:38:31.057]                   ...future.conditions[[length(...future.conditions) + 
[13:38:31.057]                     1L]] <<- list(condition = cond, calls = c(sysCalls(from = ...future.frame), 
[13:38:31.057]                     cond$call), session = sessionInformation(), 
[13:38:31.057]                     timestamp = base::Sys.time(), signaled = 0L)
[13:38:31.057]                   signalCondition(cond)
[13:38:31.057]                 }
[13:38:31.057]                 else if (!ignore && TRUE && inherits(cond, c("condition", 
[13:38:31.057]                 "immediateCondition"))) {
[13:38:31.057]                   signal <- TRUE && inherits(cond, "immediateCondition")
[13:38:31.057]                   ...future.conditions[[length(...future.conditions) + 
[13:38:31.057]                     1L]] <<- list(condition = cond, signaled = base::as.integer(signal))
[13:38:31.057]                   if (TRUE && !signal) {
[13:38:31.057]                     muffleCondition <- function (cond, pattern = "^muffle") 
[13:38:31.057]                     {
[13:38:31.057]                       inherits <- base::inherits
[13:38:31.057]                       invokeRestart <- base::invokeRestart
[13:38:31.057]                       is.null <- base::is.null
[13:38:31.057]                       muffled <- FALSE
[13:38:31.057]                       if (inherits(cond, "message")) {
[13:38:31.057]                         muffled <- grepl(pattern, "muffleMessage")
[13:38:31.057]                         if (muffled) 
[13:38:31.057]                           invokeRestart("muffleMessage")
[13:38:31.057]                       }
[13:38:31.057]                       else if (inherits(cond, "warning")) {
[13:38:31.057]                         muffled <- grepl(pattern, "muffleWarning")
[13:38:31.057]                         if (muffled) 
[13:38:31.057]                           invokeRestart("muffleWarning")
[13:38:31.057]                       }
[13:38:31.057]                       else if (inherits(cond, "condition")) {
[13:38:31.057]                         if (!is.null(pattern)) {
[13:38:31.057]                           computeRestarts <- base::computeRestarts
[13:38:31.057]                           grepl <- base::grepl
[13:38:31.057]                           restarts <- computeRestarts(cond)
[13:38:31.057]                           for (restart in restarts) {
[13:38:31.057]                             name <- restart$name
[13:38:31.057]                             if (is.null(name)) 
[13:38:31.057]                               next
[13:38:31.057]                             if (!grepl(pattern, name)) 
[13:38:31.057]                               next
[13:38:31.057]                             invokeRestart(restart)
[13:38:31.057]                             muffled <- TRUE
[13:38:31.057]                             break
[13:38:31.057]                           }
[13:38:31.057]                         }
[13:38:31.057]                       }
[13:38:31.057]                       invisible(muffled)
[13:38:31.057]                     }
[13:38:31.057]                     muffleCondition(cond, pattern = "^muffle")
[13:38:31.057]                   }
[13:38:31.057]                 }
[13:38:31.057]                 else {
[13:38:31.057]                   if (TRUE) {
[13:38:31.057]                     muffleCondition <- function (cond, pattern = "^muffle") 
[13:38:31.057]                     {
[13:38:31.057]                       inherits <- base::inherits
[13:38:31.057]                       invokeRestart <- base::invokeRestart
[13:38:31.057]                       is.null <- base::is.null
[13:38:31.057]                       muffled <- FALSE
[13:38:31.057]                       if (inherits(cond, "message")) {
[13:38:31.057]                         muffled <- grepl(pattern, "muffleMessage")
[13:38:31.057]                         if (muffled) 
[13:38:31.057]                           invokeRestart("muffleMessage")
[13:38:31.057]                       }
[13:38:31.057]                       else if (inherits(cond, "warning")) {
[13:38:31.057]                         muffled <- grepl(pattern, "muffleWarning")
[13:38:31.057]                         if (muffled) 
[13:38:31.057]                           invokeRestart("muffleWarning")
[13:38:31.057]                       }
[13:38:31.057]                       else if (inherits(cond, "condition")) {
[13:38:31.057]                         if (!is.null(pattern)) {
[13:38:31.057]                           computeRestarts <- base::computeRestarts
[13:38:31.057]                           grepl <- base::grepl
[13:38:31.057]                           restarts <- computeRestarts(cond)
[13:38:31.057]                           for (restart in restarts) {
[13:38:31.057]                             name <- restart$name
[13:38:31.057]                             if (is.null(name)) 
[13:38:31.057]                               next
[13:38:31.057]                             if (!grepl(pattern, name)) 
[13:38:31.057]                               next
[13:38:31.057]                             invokeRestart(restart)
[13:38:31.057]                             muffled <- TRUE
[13:38:31.057]                             break
[13:38:31.057]                           }
[13:38:31.057]                         }
[13:38:31.057]                       }
[13:38:31.057]                       invisible(muffled)
[13:38:31.057]                     }
[13:38:31.057]                     muffleCondition(cond, pattern = "^muffle")
[13:38:31.057]                   }
[13:38:31.057]                 }
[13:38:31.057]             }
[13:38:31.057]         }))
[13:38:31.057]     }, error = function(ex) {
[13:38:31.057]         base::structure(base::list(value = NULL, visible = NULL, 
[13:38:31.057]             conditions = ...future.conditions, rng = !identical(base::globalenv()$.Random.seed, 
[13:38:31.057]                 ...future.rng), started = ...future.startTime, 
[13:38:31.057]             finished = Sys.time(), session_uuid = NA_character_, 
[13:38:31.057]             version = "1.8"), class = "FutureResult")
[13:38:31.057]     }, finally = {
[13:38:31.057]         if (!identical(...future.workdir, getwd())) 
[13:38:31.057]             setwd(...future.workdir)
[13:38:31.057]         {
[13:38:31.057]             if (identical(getOption("nwarnings"), ...future.oldOptions$nwarnings)) {
[13:38:31.057]                 ...future.oldOptions$nwarnings <- NULL
[13:38:31.057]             }
[13:38:31.057]             base::options(...future.oldOptions)
[13:38:31.057]             if (.Platform$OS.type == "windows") {
[13:38:31.057]                 old_names <- names(...future.oldEnvVars)
[13:38:31.057]                 envs <- base::Sys.getenv()
[13:38:31.057]                 names <- names(envs)
[13:38:31.057]                 common <- intersect(names, old_names)
[13:38:31.057]                 added <- setdiff(names, old_names)
[13:38:31.057]                 removed <- setdiff(old_names, names)
[13:38:31.057]                 changed <- common[...future.oldEnvVars[common] != 
[13:38:31.057]                   envs[common]]
[13:38:31.057]                 NAMES <- toupper(changed)
[13:38:31.057]                 args <- list()
[13:38:31.057]                 for (kk in seq_along(NAMES)) {
[13:38:31.057]                   name <- changed[[kk]]
[13:38:31.057]                   NAME <- NAMES[[kk]]
[13:38:31.057]                   if (name != NAME && is.element(NAME, old_names)) 
[13:38:31.057]                     next
[13:38:31.057]                   args[[name]] <- ...future.oldEnvVars[[name]]
[13:38:31.057]                 }
[13:38:31.057]                 NAMES <- toupper(added)
[13:38:31.057]                 for (kk in seq_along(NAMES)) {
[13:38:31.057]                   name <- added[[kk]]
[13:38:31.057]                   NAME <- NAMES[[kk]]
[13:38:31.057]                   if (name != NAME && is.element(NAME, old_names)) 
[13:38:31.057]                     next
[13:38:31.057]                   args[[name]] <- ""
[13:38:31.057]                 }
[13:38:31.057]                 NAMES <- toupper(removed)
[13:38:31.057]                 for (kk in seq_along(NAMES)) {
[13:38:31.057]                   name <- removed[[kk]]
[13:38:31.057]                   NAME <- NAMES[[kk]]
[13:38:31.057]                   if (name != NAME && is.element(NAME, old_names)) 
[13:38:31.057]                     next
[13:38:31.057]                   args[[name]] <- ...future.oldEnvVars[[name]]
[13:38:31.057]                 }
[13:38:31.057]                 if (length(args) > 0) 
[13:38:31.057]                   base::do.call(base::Sys.setenv, args = args)
[13:38:31.057]                 args <- names <- old_names <- NAMES <- envs <- common <- added <- removed <- NULL
[13:38:31.057]             }
[13:38:31.057]             else {
[13:38:31.057]                 base::do.call(base::Sys.setenv, args = base::as.list(...future.oldEnvVars))
[13:38:31.057]             }
[13:38:31.057]             {
[13:38:31.057]                 if (base::length(...future.futureOptionsAdded) > 
[13:38:31.057]                   0L) {
[13:38:31.057]                   opts <- base::vector("list", length = base::length(...future.futureOptionsAdded))
[13:38:31.057]                   base::names(opts) <- ...future.futureOptionsAdded
[13:38:31.057]                   base::options(opts)
[13:38:31.057]                 }
[13:38:31.057]                 {
[13:38:31.057]                   {
[13:38:31.057]                     NULL
[13:38:31.057]                     RNGkind("Mersenne-Twister")
[13:38:31.057]                     base::rm(list = ".Random.seed", envir = base::globalenv(), 
[13:38:31.057]                       inherits = FALSE)
[13:38:31.057]                   }
[13:38:31.057]                   options(future.plan = NULL)
[13:38:31.057]                   if (is.na(NA_character_)) 
[13:38:31.057]                     Sys.unsetenv("R_FUTURE_PLAN")
[13:38:31.057]                   else Sys.setenv(R_FUTURE_PLAN = NA_character_)
[13:38:31.057]                   future::plan(...future.strategy.old, .cleanup = FALSE, 
[13:38:31.057]                     .init = FALSE)
[13:38:31.057]                 }
[13:38:31.057]             }
[13:38:31.057]         }
[13:38:31.057]     })
[13:38:31.057]     if (TRUE) {
[13:38:31.057]         base::sink(type = "output", split = FALSE)
[13:38:31.057]         if (TRUE) {
[13:38:31.057]             ...future.result$stdout <- base::rawToChar(base::rawConnectionValue(...future.stdout))
[13:38:31.057]         }
[13:38:31.057]         else {
[13:38:31.057]             ...future.result["stdout"] <- base::list(NULL)
[13:38:31.057]         }
[13:38:31.057]         base::close(...future.stdout)
[13:38:31.057]         ...future.stdout <- NULL
[13:38:31.057]     }
[13:38:31.057]     ...future.result$conditions <- ...future.conditions
[13:38:31.057]     ...future.result$finished <- base::Sys.time()
[13:38:31.057]     ...future.result
[13:38:31.057] }
[13:38:31.059] plan(): Setting new future strategy stack:
[13:38:31.059] List of future strategies:
[13:38:31.059] 1. sequential:
[13:38:31.059]    - args: function (..., envir = parent.frame())
[13:38:31.059]    - tweaked: FALSE
[13:38:31.059]    - call: NULL
[13:38:31.059] plan(): nbrOfWorkers() = 1
[13:38:31.060] plan(): Setting new future strategy stack:
[13:38:31.060] List of future strategies:
[13:38:31.060] 1. sequential:
[13:38:31.060]    - args: function (..., abc = FALSE, envir = parent.frame())
[13:38:31.060]    - tweaked: TRUE
[13:38:31.060]    - call: plan(sequential, abc = FALSE)
[13:38:31.060] plan(): nbrOfWorkers() = 1
[13:38:31.060] SequentialFuture started (and completed)
[13:38:31.061] - Launch lazy future ... done
[13:38:31.061] run() for ‘SequentialFuture’ ... done
> print(x)
[1] 1
> stopifnot(a == 0, x == 1)
> 
> x %<-% { a <- 2; a } %tweak% list(abc = TRUE)
[13:38:31.061] plan(): Setting new future strategy stack:
[13:38:31.061] List of future strategies:
[13:38:31.061] 1. sequential:
[13:38:31.061]    - args: function (..., abc = TRUE, envir = parent.frame())
[13:38:31.061]    - tweaked: TRUE
[13:38:31.061]    - call: plan(sequential, abc = FALSE)
[13:38:31.062] plan(): nbrOfWorkers() = 1
[13:38:31.062] getGlobalsAndPackages() ...
[13:38:31.062] Searching for globals...
[13:38:31.063] - globals found: [2] ‘{’, ‘<-’
[13:38:31.063] Searching for globals ... DONE
[13:38:31.063] Resolving globals: FALSE
[13:38:31.064] 
[13:38:31.064] 
[13:38:31.064] getGlobalsAndPackages() ... DONE
[13:38:31.064] run() for ‘Future’ ...
[13:38:31.064] - state: ‘created’
[13:38:31.064] - Future backend: ‘FutureStrategy’, ‘tweaked’, ‘tweaked’, ‘sequential’, ‘uniprocess’, ‘future’, ‘function’
[13:38:31.064] - Future class: ‘SequentialFuture’, ‘UniprocessFuture’, ‘Future’, ‘environment’
[13:38:31.065] - Copy elements of temporary ‘SequentialFuture’ to final ‘Future’ object ...
[13:38:31.065]   - Field: ‘label’
[13:38:31.065]   - Field: ‘local’
[13:38:31.065]   - Field: ‘owner’
[13:38:31.065]   - Field: ‘envir’
[13:38:31.065]   - Field: ‘packages’
[13:38:31.065]   - Field: ‘gc’
[13:38:31.065]   - Field: ‘conditions’
[13:38:31.065]   - Field: ‘expr’
[13:38:31.065]   - Field: ‘uuid’
[13:38:31.066]   - Field: ‘seed’
[13:38:31.066]   - Field: ‘version’
[13:38:31.066]   - Field: ‘result’
[13:38:31.066]   - Field: ‘asynchronous’
[13:38:31.066]   - Field: ‘calls’
[13:38:31.066]   - Field: ‘abc’
[13:38:31.066]   - Field: ‘globals’
[13:38:31.066]   - Field: ‘stdout’
[13:38:31.066]   - Field: ‘earlySignal’
[13:38:31.066]   - Field: ‘lazy’
[13:38:31.066]   - Field: ‘state’
[13:38:31.067] - Copy elements of temporary ‘SequentialFuture’ to final ‘Future’ object ... done
[13:38:31.067] - Launch lazy future ...
[13:38:31.067] Packages needed by the future expression (n = 0): <none>
[13:38:31.067] Packages needed by future strategies (n = 0): <none>
[13:38:31.067] {
[13:38:31.067]     {
[13:38:31.067]         {
[13:38:31.067]             ...future.startTime <- base::Sys.time()
[13:38:31.067]             {
[13:38:31.067]                 {
[13:38:31.067]                   {
[13:38:31.067]                     base::local({
[13:38:31.067]                       has_future <- base::requireNamespace("future", 
[13:38:31.067]                         quietly = TRUE)
[13:38:31.067]                       if (has_future) {
[13:38:31.067]                         ns <- base::getNamespace("future")
[13:38:31.067]                         version <- ns[[".package"]][["version"]]
[13:38:31.067]                         if (is.null(version)) 
[13:38:31.067]                           version <- utils::packageVersion("future")
[13:38:31.067]                       }
[13:38:31.067]                       else {
[13:38:31.067]                         version <- NULL
[13:38:31.067]                       }
[13:38:31.067]                       if (!has_future || version < "1.8.0") {
[13:38:31.067]                         info <- base::c(r_version = base::gsub("R version ", 
[13:38:31.067]                           "", base::R.version$version.string), 
[13:38:31.067]                           platform = base::sprintf("%s (%s-bit)", 
[13:38:31.067]                             base::R.version$platform, 8 * base::.Machine$sizeof.pointer), 
[13:38:31.067]                           os = base::paste(base::Sys.info()[base::c("sysname", 
[13:38:31.067]                             "release", "version")], collapse = " "), 
[13:38:31.067]                           hostname = base::Sys.info()[["nodename"]])
[13:38:31.067]                         info <- base::sprintf("%s: %s", base::names(info), 
[13:38:31.067]                           info)
[13:38:31.067]                         info <- base::paste(info, collapse = "; ")
[13:38:31.067]                         if (!has_future) {
[13:38:31.067]                           msg <- base::sprintf("Package 'future' is not installed on worker (%s)", 
[13:38:31.067]                             info)
[13:38:31.067]                         }
[13:38:31.067]                         else {
[13:38:31.067]                           msg <- base::sprintf("Package 'future' on worker (%s) must be of version >= 1.8.0: %s", 
[13:38:31.067]                             info, version)
[13:38:31.067]                         }
[13:38:31.067]                         base::stop(msg)
[13:38:31.067]                       }
[13:38:31.067]                     })
[13:38:31.067]                   }
[13:38:31.067]                   ...future.strategy.old <- future::plan("list")
[13:38:31.067]                   options(future.plan = NULL)
[13:38:31.067]                   Sys.unsetenv("R_FUTURE_PLAN")
[13:38:31.067]                   future::plan("default", .cleanup = FALSE, .init = FALSE)
[13:38:31.067]                 }
[13:38:31.067]                 ...future.workdir <- getwd()
[13:38:31.067]             }
[13:38:31.067]             ...future.oldOptions <- base::as.list(base::.Options)
[13:38:31.067]             ...future.oldEnvVars <- base::Sys.getenv()
[13:38:31.067]         }
[13:38:31.067]         base::options(future.startup.script = FALSE, future.globals.onMissing = NULL, 
[13:38:31.067]             future.globals.maxSize = NULL, future.globals.method = NULL, 
[13:38:31.067]             future.globals.onMissing = NULL, future.globals.onReference = NULL, 
[13:38:31.067]             future.globals.resolve = NULL, future.resolve.recursive = NULL, 
[13:38:31.067]             future.rng.onMisuse = NULL, future.rng.onMisuse.keepFuture = NULL, 
[13:38:31.067]             future.stdout.windows.reencode = NULL, width = 80L)
[13:38:31.067]         ...future.futureOptionsAdded <- base::setdiff(base::names(base::.Options), 
[13:38:31.067]             base::names(...future.oldOptions))
[13:38:31.067]     }
[13:38:31.067]     if (FALSE) {
[13:38:31.067]     }
[13:38:31.067]     else {
[13:38:31.067]         if (TRUE) {
[13:38:31.067]             ...future.stdout <- base::rawConnection(base::raw(0L), 
[13:38:31.067]                 open = "w")
[13:38:31.067]         }
[13:38:31.067]         else {
[13:38:31.067]             ...future.stdout <- base::file(base::switch(.Platform$OS.type, 
[13:38:31.067]                 windows = "NUL", "/dev/null"), open = "w")
[13:38:31.067]         }
[13:38:31.067]         base::sink(...future.stdout, type = "output", split = FALSE)
[13:38:31.067]         base::on.exit(if (!base::is.null(...future.stdout)) {
[13:38:31.067]             base::sink(type = "output", split = FALSE)
[13:38:31.067]             base::close(...future.stdout)
[13:38:31.067]         }, add = TRUE)
[13:38:31.067]     }
[13:38:31.067]     ...future.frame <- base::sys.nframe()
[13:38:31.067]     ...future.conditions <- base::list()
[13:38:31.067]     ...future.rng <- base::globalenv()$.Random.seed
[13:38:31.067]     if (FALSE) {
[13:38:31.067]         ...future.globalenv.names <- c(base::names(base::.GlobalEnv), 
[13:38:31.067]             "...future.value", "...future.globalenv.names", ".Random.seed")
[13:38:31.067]     }
[13:38:31.067]     ...future.result <- base::tryCatch({
[13:38:31.067]         base::withCallingHandlers({
[13:38:31.067]             ...future.value <- base::withVisible(base::local({
[13:38:31.067]                 a <- 2
[13:38:31.067]                 a
[13:38:31.067]             }))
[13:38:31.067]             future::FutureResult(value = ...future.value$value, 
[13:38:31.067]                 visible = ...future.value$visible, rng = !identical(base::globalenv()$.Random.seed, 
[13:38:31.067]                   ...future.rng), globalenv = if (FALSE) 
[13:38:31.067]                   list(added = base::setdiff(base::names(base::.GlobalEnv), 
[13:38:31.067]                     ...future.globalenv.names))
[13:38:31.067]                 else NULL, started = ...future.startTime, version = "1.8")
[13:38:31.067]         }, condition = base::local({
[13:38:31.067]             c <- base::c
[13:38:31.067]             inherits <- base::inherits
[13:38:31.067]             invokeRestart <- base::invokeRestart
[13:38:31.067]             length <- base::length
[13:38:31.067]             list <- base::list
[13:38:31.067]             seq.int <- base::seq.int
[13:38:31.067]             signalCondition <- base::signalCondition
[13:38:31.067]             sys.calls <- base::sys.calls
[13:38:31.067]             `[[` <- base::`[[`
[13:38:31.067]             `+` <- base::`+`
[13:38:31.067]             `<<-` <- base::`<<-`
[13:38:31.067]             sysCalls <- function(calls = sys.calls(), from = 1L) {
[13:38:31.067]                 calls[seq.int(from = from + 12L, to = length(calls) - 
[13:38:31.067]                   3L)]
[13:38:31.067]             }
[13:38:31.067]             function(cond) {
[13:38:31.067]                 is_error <- inherits(cond, "error")
[13:38:31.067]                 ignore <- !is_error && !is.null(NULL) && inherits(cond, 
[13:38:31.067]                   NULL)
[13:38:31.067]                 if (is_error) {
[13:38:31.067]                   sessionInformation <- function() {
[13:38:31.067]                     list(r = base::R.Version(), locale = base::Sys.getlocale(), 
[13:38:31.067]                       rngkind = base::RNGkind(), namespaces = base::loadedNamespaces(), 
[13:38:31.067]                       search = base::search(), system = base::Sys.info())
[13:38:31.067]                   }
[13:38:31.067]                   ...future.conditions[[length(...future.conditions) + 
[13:38:31.067]                     1L]] <<- list(condition = cond, calls = c(sysCalls(from = ...future.frame), 
[13:38:31.067]                     cond$call), session = sessionInformation(), 
[13:38:31.067]                     timestamp = base::Sys.time(), signaled = 0L)
[13:38:31.067]                   signalCondition(cond)
[13:38:31.067]                 }
[13:38:31.067]                 else if (!ignore && TRUE && inherits(cond, c("condition", 
[13:38:31.067]                 "immediateCondition"))) {
[13:38:31.067]                   signal <- TRUE && inherits(cond, "immediateCondition")
[13:38:31.067]                   ...future.conditions[[length(...future.conditions) + 
[13:38:31.067]                     1L]] <<- list(condition = cond, signaled = base::as.integer(signal))
[13:38:31.067]                   if (TRUE && !signal) {
[13:38:31.067]                     muffleCondition <- function (cond, pattern = "^muffle") 
[13:38:31.067]                     {
[13:38:31.067]                       inherits <- base::inherits
[13:38:31.067]                       invokeRestart <- base::invokeRestart
[13:38:31.067]                       is.null <- base::is.null
[13:38:31.067]                       muffled <- FALSE
[13:38:31.067]                       if (inherits(cond, "message")) {
[13:38:31.067]                         muffled <- grepl(pattern, "muffleMessage")
[13:38:31.067]                         if (muffled) 
[13:38:31.067]                           invokeRestart("muffleMessage")
[13:38:31.067]                       }
[13:38:31.067]                       else if (inherits(cond, "warning")) {
[13:38:31.067]                         muffled <- grepl(pattern, "muffleWarning")
[13:38:31.067]                         if (muffled) 
[13:38:31.067]                           invokeRestart("muffleWarning")
[13:38:31.067]                       }
[13:38:31.067]                       else if (inherits(cond, "condition")) {
[13:38:31.067]                         if (!is.null(pattern)) {
[13:38:31.067]                           computeRestarts <- base::computeRestarts
[13:38:31.067]                           grepl <- base::grepl
[13:38:31.067]                           restarts <- computeRestarts(cond)
[13:38:31.067]                           for (restart in restarts) {
[13:38:31.067]                             name <- restart$name
[13:38:31.067]                             if (is.null(name)) 
[13:38:31.067]                               next
[13:38:31.067]                             if (!grepl(pattern, name)) 
[13:38:31.067]                               next
[13:38:31.067]                             invokeRestart(restart)
[13:38:31.067]                             muffled <- TRUE
[13:38:31.067]                             break
[13:38:31.067]                           }
[13:38:31.067]                         }
[13:38:31.067]                       }
[13:38:31.067]                       invisible(muffled)
[13:38:31.067]                     }
[13:38:31.067]                     muffleCondition(cond, pattern = "^muffle")
[13:38:31.067]                   }
[13:38:31.067]                 }
[13:38:31.067]                 else {
[13:38:31.067]                   if (TRUE) {
[13:38:31.067]                     muffleCondition <- function (cond, pattern = "^muffle") 
[13:38:31.067]                     {
[13:38:31.067]                       inherits <- base::inherits
[13:38:31.067]                       invokeRestart <- base::invokeRestart
[13:38:31.067]                       is.null <- base::is.null
[13:38:31.067]                       muffled <- FALSE
[13:38:31.067]                       if (inherits(cond, "message")) {
[13:38:31.067]                         muffled <- grepl(pattern, "muffleMessage")
[13:38:31.067]                         if (muffled) 
[13:38:31.067]                           invokeRestart("muffleMessage")
[13:38:31.067]                       }
[13:38:31.067]                       else if (inherits(cond, "warning")) {
[13:38:31.067]                         muffled <- grepl(pattern, "muffleWarning")
[13:38:31.067]                         if (muffled) 
[13:38:31.067]                           invokeRestart("muffleWarning")
[13:38:31.067]                       }
[13:38:31.067]                       else if (inherits(cond, "condition")) {
[13:38:31.067]                         if (!is.null(pattern)) {
[13:38:31.067]                           computeRestarts <- base::computeRestarts
[13:38:31.067]                           grepl <- base::grepl
[13:38:31.067]                           restarts <- computeRestarts(cond)
[13:38:31.067]                           for (restart in restarts) {
[13:38:31.067]                             name <- restart$name
[13:38:31.067]                             if (is.null(name)) 
[13:38:31.067]                               next
[13:38:31.067]                             if (!grepl(pattern, name)) 
[13:38:31.067]                               next
[13:38:31.067]                             invokeRestart(restart)
[13:38:31.067]                             muffled <- TRUE
[13:38:31.067]                             break
[13:38:31.067]                           }
[13:38:31.067]                         }
[13:38:31.067]                       }
[13:38:31.067]                       invisible(muffled)
[13:38:31.067]                     }
[13:38:31.067]                     muffleCondition(cond, pattern = "^muffle")
[13:38:31.067]                   }
[13:38:31.067]                 }
[13:38:31.067]             }
[13:38:31.067]         }))
[13:38:31.067]     }, error = function(ex) {
[13:38:31.067]         base::structure(base::list(value = NULL, visible = NULL, 
[13:38:31.067]             conditions = ...future.conditions, rng = !identical(base::globalenv()$.Random.seed, 
[13:38:31.067]                 ...future.rng), started = ...future.startTime, 
[13:38:31.067]             finished = Sys.time(), session_uuid = NA_character_, 
[13:38:31.067]             version = "1.8"), class = "FutureResult")
[13:38:31.067]     }, finally = {
[13:38:31.067]         if (!identical(...future.workdir, getwd())) 
[13:38:31.067]             setwd(...future.workdir)
[13:38:31.067]         {
[13:38:31.067]             if (identical(getOption("nwarnings"), ...future.oldOptions$nwarnings)) {
[13:38:31.067]                 ...future.oldOptions$nwarnings <- NULL
[13:38:31.067]             }
[13:38:31.067]             base::options(...future.oldOptions)
[13:38:31.067]             if (.Platform$OS.type == "windows") {
[13:38:31.067]                 old_names <- names(...future.oldEnvVars)
[13:38:31.067]                 envs <- base::Sys.getenv()
[13:38:31.067]                 names <- names(envs)
[13:38:31.067]                 common <- intersect(names, old_names)
[13:38:31.067]                 added <- setdiff(names, old_names)
[13:38:31.067]                 removed <- setdiff(old_names, names)
[13:38:31.067]                 changed <- common[...future.oldEnvVars[common] != 
[13:38:31.067]                   envs[common]]
[13:38:31.067]                 NAMES <- toupper(changed)
[13:38:31.067]                 args <- list()
[13:38:31.067]                 for (kk in seq_along(NAMES)) {
[13:38:31.067]                   name <- changed[[kk]]
[13:38:31.067]                   NAME <- NAMES[[kk]]
[13:38:31.067]                   if (name != NAME && is.element(NAME, old_names)) 
[13:38:31.067]                     next
[13:38:31.067]                   args[[name]] <- ...future.oldEnvVars[[name]]
[13:38:31.067]                 }
[13:38:31.067]                 NAMES <- toupper(added)
[13:38:31.067]                 for (kk in seq_along(NAMES)) {
[13:38:31.067]                   name <- added[[kk]]
[13:38:31.067]                   NAME <- NAMES[[kk]]
[13:38:31.067]                   if (name != NAME && is.element(NAME, old_names)) 
[13:38:31.067]                     next
[13:38:31.067]                   args[[name]] <- ""
[13:38:31.067]                 }
[13:38:31.067]                 NAMES <- toupper(removed)
[13:38:31.067]                 for (kk in seq_along(NAMES)) {
[13:38:31.067]                   name <- removed[[kk]]
[13:38:31.067]                   NAME <- NAMES[[kk]]
[13:38:31.067]                   if (name != NAME && is.element(NAME, old_names)) 
[13:38:31.067]                     next
[13:38:31.067]                   args[[name]] <- ...future.oldEnvVars[[name]]
[13:38:31.067]                 }
[13:38:31.067]                 if (length(args) > 0) 
[13:38:31.067]                   base::do.call(base::Sys.setenv, args = args)
[13:38:31.067]                 args <- names <- old_names <- NAMES <- envs <- common <- added <- removed <- NULL
[13:38:31.067]             }
[13:38:31.067]             else {
[13:38:31.067]                 base::do.call(base::Sys.setenv, args = base::as.list(...future.oldEnvVars))
[13:38:31.067]             }
[13:38:31.067]             {
[13:38:31.067]                 if (base::length(...future.futureOptionsAdded) > 
[13:38:31.067]                   0L) {
[13:38:31.067]                   opts <- base::vector("list", length = base::length(...future.futureOptionsAdded))
[13:38:31.067]                   base::names(opts) <- ...future.futureOptionsAdded
[13:38:31.067]                   base::options(opts)
[13:38:31.067]                 }
[13:38:31.067]                 {
[13:38:31.067]                   {
[13:38:31.067]                     NULL
[13:38:31.067]                     RNGkind("Mersenne-Twister")
[13:38:31.067]                     base::rm(list = ".Random.seed", envir = base::globalenv(), 
[13:38:31.067]                       inherits = FALSE)
[13:38:31.067]                   }
[13:38:31.067]                   options(future.plan = NULL)
[13:38:31.067]                   if (is.na(NA_character_)) 
[13:38:31.067]                     Sys.unsetenv("R_FUTURE_PLAN")
[13:38:31.067]                   else Sys.setenv(R_FUTURE_PLAN = NA_character_)
[13:38:31.067]                   future::plan(...future.strategy.old, .cleanup = FALSE, 
[13:38:31.067]                     .init = FALSE)
[13:38:31.067]                 }
[13:38:31.067]             }
[13:38:31.067]         }
[13:38:31.067]     })
[13:38:31.067]     if (TRUE) {
[13:38:31.067]         base::sink(type = "output", split = FALSE)
[13:38:31.067]         if (TRUE) {
[13:38:31.067]             ...future.result$stdout <- base::rawToChar(base::rawConnectionValue(...future.stdout))
[13:38:31.067]         }
[13:38:31.067]         else {
[13:38:31.067]             ...future.result["stdout"] <- base::list(NULL)
[13:38:31.067]         }
[13:38:31.067]         base::close(...future.stdout)
[13:38:31.067]         ...future.stdout <- NULL
[13:38:31.067]     }
[13:38:31.067]     ...future.result$conditions <- ...future.conditions
[13:38:31.067]     ...future.result$finished <- base::Sys.time()
[13:38:31.067]     ...future.result
[13:38:31.067] }
[13:38:31.069] plan(): Setting new future strategy stack:
[13:38:31.069] List of future strategies:
[13:38:31.069] 1. sequential:
[13:38:31.069]    - args: function (..., envir = parent.frame())
[13:38:31.069]    - tweaked: FALSE
[13:38:31.069]    - call: NULL
[13:38:31.070] plan(): nbrOfWorkers() = 1
[13:38:31.070] plan(): Setting new future strategy stack:
[13:38:31.070] List of future strategies:
[13:38:31.070] 1. sequential:
[13:38:31.070]    - args: function (..., abc = TRUE, envir = parent.frame())
[13:38:31.070]    - tweaked: TRUE
[13:38:31.070]    - call: plan(sequential, abc = FALSE)
[13:38:31.071] plan(): nbrOfWorkers() = 1
[13:38:31.071] SequentialFuture started (and completed)
[13:38:31.071] - Launch lazy future ... done
[13:38:31.071] run() for ‘SequentialFuture’ ... done
[13:38:31.071] plan(): Setting new future strategy stack:
[13:38:31.071] List of future strategies:
[13:38:31.071] 1. sequential:
[13:38:31.071]    - args: function (..., abc = FALSE, envir = parent.frame())
[13:38:31.071]    - tweaked: TRUE
[13:38:31.071]    - call: plan(sequential, abc = FALSE)
[13:38:31.072] plan(): nbrOfWorkers() = 1
> print(x)
[1] 2
> stopifnot(a == 0, x == 2)
> 
> 
> # Preserve nested futures
> plan(list(A = sequential, B = tweak(sequential, abc = FALSE)))
Warning: Detected 1 unknown future arguments: ‘abc’
[13:38:31.072] plan(): Setting new future strategy stack:
[13:38:31.072] List of future strategies:
[13:38:31.072] 1. sequential:
[13:38:31.072]    - args: function (..., envir = parent.frame())
[13:38:31.072]    - tweaked: FALSE
[13:38:31.072]    - call: plan(list(A = sequential, B = tweak(sequential, abc = FALSE)))
[13:38:31.072] 2. sequential:
[13:38:31.072]    - args: function (..., abc = FALSE, envir = parent.frame())
[13:38:31.072]    - tweaked: TRUE
[13:38:31.072]    - call: plan(list(A = sequential, B = tweak(sequential, abc = FALSE)))
[13:38:31.073] plan(): nbrOfWorkers() = 1
> a <- 0
> 
> x %<-% {
+   stopifnot(identical(names(plan("list")), "B"))
+   a <- 1
+   a
+ }
[13:38:31.073] getGlobalsAndPackages() ...
[13:38:31.073] Searching for globals...
[13:38:31.077] - globals found: [6] ‘{’, ‘stopifnot’, ‘identical’, ‘names’, ‘plan’, ‘<-’
[13:38:31.077] Searching for globals ... DONE
[13:38:31.077] Resolving globals: FALSE
[13:38:31.078] The total size of the 1 globals is 403.23 KiB (412912 bytes)
[13:38:31.079] The total size of the 1 globals exported for future expression (‘{; stopifnot(identical(names(plan("list")), "B")); a <- 1; a; }’) is 403.23 KiB.. This exceeds the maximum allowed size of 500.00 MiB (option 'future.globals.maxSize'). There is one global: ‘plan’ (403.23 KiB of class ‘function’)
[13:38:31.079] - globals: [1] ‘plan’
[13:38:31.079] 
[13:38:31.079] getGlobalsAndPackages() ... DONE
[13:38:31.079] run() for ‘Future’ ...
[13:38:31.079] - state: ‘created’
[13:38:31.079] - Future backend: ‘FutureStrategy’, ‘sequential’, ‘uniprocess’, ‘future’, ‘function’
[13:38:31.080] - Future class: ‘SequentialFuture’, ‘UniprocessFuture’, ‘Future’, ‘environment’
[13:38:31.080] - Copy elements of temporary ‘SequentialFuture’ to final ‘Future’ object ...
[13:38:31.080]   - Field: ‘label’
[13:38:31.080]   - Field: ‘local’
[13:38:31.080]   - Field: ‘owner’
[13:38:31.080]   - Field: ‘envir’
[13:38:31.080]   - Field: ‘packages’
[13:38:31.080]   - Field: ‘gc’
[13:38:31.080]   - Field: ‘conditions’
[13:38:31.081]   - Field: ‘expr’
[13:38:31.081]   - Field: ‘uuid’
[13:38:31.081]   - Field: ‘seed’
[13:38:31.081]   - Field: ‘version’
[13:38:31.081]   - Field: ‘result’
[13:38:31.081]   - Field: ‘asynchronous’
[13:38:31.081]   - Field: ‘calls’
[13:38:31.081]   - Field: ‘globals’
[13:38:31.081]   - Field: ‘stdout’
[13:38:31.081]   - Field: ‘earlySignal’
[13:38:31.081]   - Field: ‘lazy’
[13:38:31.082]   - Field: ‘state’
[13:38:31.082] - Copy elements of temporary ‘SequentialFuture’ to final ‘Future’ object ... done
[13:38:31.082] - Launch lazy future ...
[13:38:31.082] Packages needed by the future expression (n = 0): <none>
[13:38:31.082] Packages needed by future strategies (n = 0): 
[13:38:31.082] {
[13:38:31.082]     {
[13:38:31.082]         {
[13:38:31.082]             ...future.startTime <- base::Sys.time()
[13:38:31.082]             {
[13:38:31.082]                 {
[13:38:31.082]                   {
[13:38:31.082]                     base::local({
[13:38:31.082]                       has_future <- base::requireNamespace("future", 
[13:38:31.082]                         quietly = TRUE)
[13:38:31.082]                       if (has_future) {
[13:38:31.082]                         ns <- base::getNamespace("future")
[13:38:31.082]                         version <- ns[[".package"]][["version"]]
[13:38:31.082]                         if (is.null(version)) 
[13:38:31.082]                           version <- utils::packageVersion("future")
[13:38:31.082]                       }
[13:38:31.082]                       else {
[13:38:31.082]                         version <- NULL
[13:38:31.082]                       }
[13:38:31.082]                       if (!has_future || version < "1.8.0") {
[13:38:31.082]                         info <- base::c(r_version = base::gsub("R version ", 
[13:38:31.082]                           "", base::R.version$version.string), 
[13:38:31.082]                           platform = base::sprintf("%s (%s-bit)", 
[13:38:31.082]                             base::R.version$platform, 8 * base::.Machine$sizeof.pointer), 
[13:38:31.082]                           os = base::paste(base::Sys.info()[base::c("sysname", 
[13:38:31.082]                             "release", "version")], collapse = " "), 
[13:38:31.082]                           hostname = base::Sys.info()[["nodename"]])
[13:38:31.082]                         info <- base::sprintf("%s: %s", base::names(info), 
[13:38:31.082]                           info)
[13:38:31.082]                         info <- base::paste(info, collapse = "; ")
[13:38:31.082]                         if (!has_future) {
[13:38:31.082]                           msg <- base::sprintf("Package 'future' is not installed on worker (%s)", 
[13:38:31.082]                             info)
[13:38:31.082]                         }
[13:38:31.082]                         else {
[13:38:31.082]                           msg <- base::sprintf("Package 'future' on worker (%s) must be of version >= 1.8.0: %s", 
[13:38:31.082]                             info, version)
[13:38:31.082]                         }
[13:38:31.082]                         base::stop(msg)
[13:38:31.082]                       }
[13:38:31.082]                     })
[13:38:31.082]                   }
[13:38:31.082]                   ...future.strategy.old <- future::plan("list")
[13:38:31.082]                   options(future.plan = NULL)
[13:38:31.082]                   Sys.unsetenv("R_FUTURE_PLAN")
[13:38:31.082]                   future::plan(list(B = function (..., abc = FALSE, 
[13:38:31.082]                     envir = parent.frame()) 
[13:38:31.082]                   strategy(..., abc = abc, envir = envir)), .cleanup = FALSE, 
[13:38:31.082]                     .init = FALSE)
[13:38:31.082]                 }
[13:38:31.082]                 ...future.workdir <- getwd()
[13:38:31.082]             }
[13:38:31.082]             ...future.oldOptions <- base::as.list(base::.Options)
[13:38:31.082]             ...future.oldEnvVars <- base::Sys.getenv()
[13:38:31.082]         }
[13:38:31.082]         base::options(future.startup.script = FALSE, future.globals.onMissing = NULL, 
[13:38:31.082]             future.globals.maxSize = NULL, future.globals.method = NULL, 
[13:38:31.082]             future.globals.onMissing = NULL, future.globals.onReference = NULL, 
[13:38:31.082]             future.globals.resolve = NULL, future.resolve.recursive = NULL, 
[13:38:31.082]             future.rng.onMisuse = NULL, future.rng.onMisuse.keepFuture = NULL, 
[13:38:31.082]             future.stdout.windows.reencode = NULL, width = 80L)
[13:38:31.082]         ...future.futureOptionsAdded <- base::setdiff(base::names(base::.Options), 
[13:38:31.082]             base::names(...future.oldOptions))
[13:38:31.082]     }
[13:38:31.082]     if (FALSE) {
[13:38:31.082]     }
[13:38:31.082]     else {
[13:38:31.082]         if (TRUE) {
[13:38:31.082]             ...future.stdout <- base::rawConnection(base::raw(0L), 
[13:38:31.082]                 open = "w")
[13:38:31.082]         }
[13:38:31.082]         else {
[13:38:31.082]             ...future.stdout <- base::file(base::switch(.Platform$OS.type, 
[13:38:31.082]                 windows = "NUL", "/dev/null"), open = "w")
[13:38:31.082]         }
[13:38:31.082]         base::sink(...future.stdout, type = "output", split = FALSE)
[13:38:31.082]         base::on.exit(if (!base::is.null(...future.stdout)) {
[13:38:31.082]             base::sink(type = "output", split = FALSE)
[13:38:31.082]             base::close(...future.stdout)
[13:38:31.082]         }, add = TRUE)
[13:38:31.082]     }
[13:38:31.082]     ...future.frame <- base::sys.nframe()
[13:38:31.082]     ...future.conditions <- base::list()
[13:38:31.082]     ...future.rng <- base::globalenv()$.Random.seed
[13:38:31.082]     if (FALSE) {
[13:38:31.082]         ...future.globalenv.names <- c(base::names(base::.GlobalEnv), 
[13:38:31.082]             "...future.value", "...future.globalenv.names", ".Random.seed")
[13:38:31.082]     }
[13:38:31.082]     ...future.result <- base::tryCatch({
[13:38:31.082]         base::withCallingHandlers({
[13:38:31.082]             ...future.value <- base::withVisible(base::local({
[13:38:31.082]                 stopifnot(identical(names(plan("list")), "B"))
[13:38:31.082]                 a <- 1
[13:38:31.082]                 a
[13:38:31.082]             }))
[13:38:31.082]             future::FutureResult(value = ...future.value$value, 
[13:38:31.082]                 visible = ...future.value$visible, rng = !identical(base::globalenv()$.Random.seed, 
[13:38:31.082]                   ...future.rng), globalenv = if (FALSE) 
[13:38:31.082]                   list(added = base::setdiff(base::names(base::.GlobalEnv), 
[13:38:31.082]                     ...future.globalenv.names))
[13:38:31.082]                 else NULL, started = ...future.startTime, version = "1.8")
[13:38:31.082]         }, condition = base::local({
[13:38:31.082]             c <- base::c
[13:38:31.082]             inherits <- base::inherits
[13:38:31.082]             invokeRestart <- base::invokeRestart
[13:38:31.082]             length <- base::length
[13:38:31.082]             list <- base::list
[13:38:31.082]             seq.int <- base::seq.int
[13:38:31.082]             signalCondition <- base::signalCondition
[13:38:31.082]             sys.calls <- base::sys.calls
[13:38:31.082]             `[[` <- base::`[[`
[13:38:31.082]             `+` <- base::`+`
[13:38:31.082]             `<<-` <- base::`<<-`
[13:38:31.082]             sysCalls <- function(calls = sys.calls(), from = 1L) {
[13:38:31.082]                 calls[seq.int(from = from + 12L, to = length(calls) - 
[13:38:31.082]                   3L)]
[13:38:31.082]             }
[13:38:31.082]             function(cond) {
[13:38:31.082]                 is_error <- inherits(cond, "error")
[13:38:31.082]                 ignore <- !is_error && !is.null(NULL) && inherits(cond, 
[13:38:31.082]                   NULL)
[13:38:31.082]                 if (is_error) {
[13:38:31.082]                   sessionInformation <- function() {
[13:38:31.082]                     list(r = base::R.Version(), locale = base::Sys.getlocale(), 
[13:38:31.082]                       rngkind = base::RNGkind(), namespaces = base::loadedNamespaces(), 
[13:38:31.082]                       search = base::search(), system = base::Sys.info())
[13:38:31.082]                   }
[13:38:31.082]                   ...future.conditions[[length(...future.conditions) + 
[13:38:31.082]                     1L]] <<- list(condition = cond, calls = c(sysCalls(from = ...future.frame), 
[13:38:31.082]                     cond$call), session = sessionInformation(), 
[13:38:31.082]                     timestamp = base::Sys.time(), signaled = 0L)
[13:38:31.082]                   signalCondition(cond)
[13:38:31.082]                 }
[13:38:31.082]                 else if (!ignore && TRUE && inherits(cond, c("condition", 
[13:38:31.082]                 "immediateCondition"))) {
[13:38:31.082]                   signal <- TRUE && inherits(cond, "immediateCondition")
[13:38:31.082]                   ...future.conditions[[length(...future.conditions) + 
[13:38:31.082]                     1L]] <<- list(condition = cond, signaled = base::as.integer(signal))
[13:38:31.082]                   if (TRUE && !signal) {
[13:38:31.082]                     muffleCondition <- function (cond, pattern = "^muffle") 
[13:38:31.082]                     {
[13:38:31.082]                       inherits <- base::inherits
[13:38:31.082]                       invokeRestart <- base::invokeRestart
[13:38:31.082]                       is.null <- base::is.null
[13:38:31.082]                       muffled <- FALSE
[13:38:31.082]                       if (inherits(cond, "message")) {
[13:38:31.082]                         muffled <- grepl(pattern, "muffleMessage")
[13:38:31.082]                         if (muffled) 
[13:38:31.082]                           invokeRestart("muffleMessage")
[13:38:31.082]                       }
[13:38:31.082]                       else if (inherits(cond, "warning")) {
[13:38:31.082]                         muffled <- grepl(pattern, "muffleWarning")
[13:38:31.082]                         if (muffled) 
[13:38:31.082]                           invokeRestart("muffleWarning")
[13:38:31.082]                       }
[13:38:31.082]                       else if (inherits(cond, "condition")) {
[13:38:31.082]                         if (!is.null(pattern)) {
[13:38:31.082]                           computeRestarts <- base::computeRestarts
[13:38:31.082]                           grepl <- base::grepl
[13:38:31.082]                           restarts <- computeRestarts(cond)
[13:38:31.082]                           for (restart in restarts) {
[13:38:31.082]                             name <- restart$name
[13:38:31.082]                             if (is.null(name)) 
[13:38:31.082]                               next
[13:38:31.082]                             if (!grepl(pattern, name)) 
[13:38:31.082]                               next
[13:38:31.082]                             invokeRestart(restart)
[13:38:31.082]                             muffled <- TRUE
[13:38:31.082]                             break
[13:38:31.082]                           }
[13:38:31.082]                         }
[13:38:31.082]                       }
[13:38:31.082]                       invisible(muffled)
[13:38:31.082]                     }
[13:38:31.082]                     muffleCondition(cond, pattern = "^muffle")
[13:38:31.082]                   }
[13:38:31.082]                 }
[13:38:31.082]                 else {
[13:38:31.082]                   if (TRUE) {
[13:38:31.082]                     muffleCondition <- function (cond, pattern = "^muffle") 
[13:38:31.082]                     {
[13:38:31.082]                       inherits <- base::inherits
[13:38:31.082]                       invokeRestart <- base::invokeRestart
[13:38:31.082]                       is.null <- base::is.null
[13:38:31.082]                       muffled <- FALSE
[13:38:31.082]                       if (inherits(cond, "message")) {
[13:38:31.082]                         muffled <- grepl(pattern, "muffleMessage")
[13:38:31.082]                         if (muffled) 
[13:38:31.082]                           invokeRestart("muffleMessage")
[13:38:31.082]                       }
[13:38:31.082]                       else if (inherits(cond, "warning")) {
[13:38:31.082]                         muffled <- grepl(pattern, "muffleWarning")
[13:38:31.082]                         if (muffled) 
[13:38:31.082]                           invokeRestart("muffleWarning")
[13:38:31.082]                       }
[13:38:31.082]                       else if (inherits(cond, "condition")) {
[13:38:31.082]                         if (!is.null(pattern)) {
[13:38:31.082]                           computeRestarts <- base::computeRestarts
[13:38:31.082]                           grepl <- base::grepl
[13:38:31.082]                           restarts <- computeRestarts(cond)
[13:38:31.082]                           for (restart in restarts) {
[13:38:31.082]                             name <- restart$name
[13:38:31.082]                             if (is.null(name)) 
[13:38:31.082]                               next
[13:38:31.082]                             if (!grepl(pattern, name)) 
[13:38:31.082]                               next
[13:38:31.082]                             invokeRestart(restart)
[13:38:31.082]                             muffled <- TRUE
[13:38:31.082]                             break
[13:38:31.082]                           }
[13:38:31.082]                         }
[13:38:31.082]                       }
[13:38:31.082]                       invisible(muffled)
[13:38:31.082]                     }
[13:38:31.082]                     muffleCondition(cond, pattern = "^muffle")
[13:38:31.082]                   }
[13:38:31.082]                 }
[13:38:31.082]             }
[13:38:31.082]         }))
[13:38:31.082]     }, error = function(ex) {
[13:38:31.082]         base::structure(base::list(value = NULL, visible = NULL, 
[13:38:31.082]             conditions = ...future.conditions, rng = !identical(base::globalenv()$.Random.seed, 
[13:38:31.082]                 ...future.rng), started = ...future.startTime, 
[13:38:31.082]             finished = Sys.time(), session_uuid = NA_character_, 
[13:38:31.082]             version = "1.8"), class = "FutureResult")
[13:38:31.082]     }, finally = {
[13:38:31.082]         if (!identical(...future.workdir, getwd())) 
[13:38:31.082]             setwd(...future.workdir)
[13:38:31.082]         {
[13:38:31.082]             if (identical(getOption("nwarnings"), ...future.oldOptions$nwarnings)) {
[13:38:31.082]                 ...future.oldOptions$nwarnings <- NULL
[13:38:31.082]             }
[13:38:31.082]             base::options(...future.oldOptions)
[13:38:31.082]             if (.Platform$OS.type == "windows") {
[13:38:31.082]                 old_names <- names(...future.oldEnvVars)
[13:38:31.082]                 envs <- base::Sys.getenv()
[13:38:31.082]                 names <- names(envs)
[13:38:31.082]                 common <- intersect(names, old_names)
[13:38:31.082]                 added <- setdiff(names, old_names)
[13:38:31.082]                 removed <- setdiff(old_names, names)
[13:38:31.082]                 changed <- common[...future.oldEnvVars[common] != 
[13:38:31.082]                   envs[common]]
[13:38:31.082]                 NAMES <- toupper(changed)
[13:38:31.082]                 args <- list()
[13:38:31.082]                 for (kk in seq_along(NAMES)) {
[13:38:31.082]                   name <- changed[[kk]]
[13:38:31.082]                   NAME <- NAMES[[kk]]
[13:38:31.082]                   if (name != NAME && is.element(NAME, old_names)) 
[13:38:31.082]                     next
[13:38:31.082]                   args[[name]] <- ...future.oldEnvVars[[name]]
[13:38:31.082]                 }
[13:38:31.082]                 NAMES <- toupper(added)
[13:38:31.082]                 for (kk in seq_along(NAMES)) {
[13:38:31.082]                   name <- added[[kk]]
[13:38:31.082]                   NAME <- NAMES[[kk]]
[13:38:31.082]                   if (name != NAME && is.element(NAME, old_names)) 
[13:38:31.082]                     next
[13:38:31.082]                   args[[name]] <- ""
[13:38:31.082]                 }
[13:38:31.082]                 NAMES <- toupper(removed)
[13:38:31.082]                 for (kk in seq_along(NAMES)) {
[13:38:31.082]                   name <- removed[[kk]]
[13:38:31.082]                   NAME <- NAMES[[kk]]
[13:38:31.082]                   if (name != NAME && is.element(NAME, old_names)) 
[13:38:31.082]                     next
[13:38:31.082]                   args[[name]] <- ...future.oldEnvVars[[name]]
[13:38:31.082]                 }
[13:38:31.082]                 if (length(args) > 0) 
[13:38:31.082]                   base::do.call(base::Sys.setenv, args = args)
[13:38:31.082]                 args <- names <- old_names <- NAMES <- envs <- common <- added <- removed <- NULL
[13:38:31.082]             }
[13:38:31.082]             else {
[13:38:31.082]                 base::do.call(base::Sys.setenv, args = base::as.list(...future.oldEnvVars))
[13:38:31.082]             }
[13:38:31.082]             {
[13:38:31.082]                 if (base::length(...future.futureOptionsAdded) > 
[13:38:31.082]                   0L) {
[13:38:31.082]                   opts <- base::vector("list", length = base::length(...future.futureOptionsAdded))
[13:38:31.082]                   base::names(opts) <- ...future.futureOptionsAdded
[13:38:31.082]                   base::options(opts)
[13:38:31.082]                 }
[13:38:31.082]                 {
[13:38:31.082]                   {
[13:38:31.082]                     NULL
[13:38:31.082]                     RNGkind("Mersenne-Twister")
[13:38:31.082]                     base::rm(list = ".Random.seed", envir = base::globalenv(), 
[13:38:31.082]                       inherits = FALSE)
[13:38:31.082]                   }
[13:38:31.082]                   options(future.plan = NULL)
[13:38:31.082]                   if (is.na(NA_character_)) 
[13:38:31.082]                     Sys.unsetenv("R_FUTURE_PLAN")
[13:38:31.082]                   else Sys.setenv(R_FUTURE_PLAN = NA_character_)
[13:38:31.082]                   future::plan(...future.strategy.old, .cleanup = FALSE, 
[13:38:31.082]                     .init = FALSE)
[13:38:31.082]                 }
[13:38:31.082]             }
[13:38:31.082]         }
[13:38:31.082]     })
[13:38:31.082]     if (TRUE) {
[13:38:31.082]         base::sink(type = "output", split = FALSE)
[13:38:31.082]         if (TRUE) {
[13:38:31.082]             ...future.result$stdout <- base::rawToChar(base::rawConnectionValue(...future.stdout))
[13:38:31.082]         }
[13:38:31.082]         else {
[13:38:31.082]             ...future.result["stdout"] <- base::list(NULL)
[13:38:31.082]         }
[13:38:31.082]         base::close(...future.stdout)
[13:38:31.082]         ...future.stdout <- NULL
[13:38:31.082]     }
[13:38:31.082]     ...future.result$conditions <- ...future.conditions
[13:38:31.082]     ...future.result$finished <- base::Sys.time()
[13:38:31.082]     ...future.result
[13:38:31.082] }
[13:38:31.084] assign_globals() ...
[13:38:31.084] List of 1
[13:38:31.084]  $ plan:function (strategy = NULL, ..., substitute = TRUE, .skip = FALSE, .call = TRUE, 
[13:38:31.084]     .cleanup = TRUE, .init = TRUE)  
[13:38:31.084]  - attr(*, "where")=List of 1
[13:38:31.084]   ..$ plan:<environment: R_EmptyEnv> 
[13:38:31.084]  - attr(*, "class")= chr [1:3] "FutureGlobals" "Globals" "list"
[13:38:31.084]  - attr(*, "resolved")= logi FALSE
[13:38:31.084]  - attr(*, "total_size")= num 412912
[13:38:31.084]  - attr(*, "already-done")= logi TRUE
[13:38:31.087] - copied ‘plan’ to environment
[13:38:31.087] assign_globals() ... done
[13:38:31.087] plan(): Setting new future strategy stack:
[13:38:31.087] List of future strategies:
[13:38:31.087] 1. sequential:
[13:38:31.087]    - args: function (..., abc = FALSE, envir = parent.frame())
[13:38:31.087]    - tweaked: TRUE
[13:38:31.087]    - call: plan(list(A = sequential, B = tweak(sequential, abc = FALSE)))
[13:38:31.087] plan(): nbrOfWorkers() = 1
[13:38:31.088] plan(): Setting new future strategy stack:
[13:38:31.088] List of future strategies:
[13:38:31.088] 1. sequential:
[13:38:31.088]    - args: function (..., envir = parent.frame())
[13:38:31.088]    - tweaked: FALSE
[13:38:31.088]    - call: plan(list(A = sequential, B = tweak(sequential, abc = FALSE)))
[13:38:31.088] 2. sequential:
[13:38:31.088]    - args: function (..., abc = FALSE, envir = parent.frame())
[13:38:31.088]    - tweaked: TRUE
[13:38:31.088]    - call: plan(list(A = sequential, B = tweak(sequential, abc = FALSE)))
[13:38:31.089] plan(): nbrOfWorkers() = 1
[13:38:31.089] SequentialFuture started (and completed)
[13:38:31.089] - Launch lazy future ... done
[13:38:31.089] run() for ‘SequentialFuture’ ... done
> print(x)
[1] 1
> stopifnot(a == 0, x == 1)
> 
> 
> message("*** y %<-% { expr } %tweak% tweaks ... DONE")
*** y %<-% { expr } %tweak% tweaks ... DONE
> 
> 
> message("*** tweak() - abc = TRUE ...")
*** tweak() - abc = TRUE ...
> 
> res <- tryCatch(tweak(multisession, gc = TRUE), condition = identity)
> stopifnot(inherits(res, "tweaked"))
> 
> ## Argument 'gc' is unknown
> res <- tryCatch(tweak(sequential, abc = TRUE), condition = identity)
> stopifnot(inherits(res, "warning"))
> 
> res <- tryCatch(tweak(multicore, abc = TRUE), condition = identity)
> stopifnot(inherits(res, "warning"))
> 
> message("*** tweak() - abc = TRUE ... DONE")
*** tweak() - abc = TRUE ... DONE
> 
> 
> message("*** tweak() - odds and ends ...")
*** tweak() - odds and ends ...
> 
> ## BUG: getGlobalsAndPackages(Formula::Formula(~ x)) would produce
> ## "the condition has length > 1" warnings.
> ## https://github.com/HenrikBengtsson/future/issues/395
> length.Formula <- function(x) c(1L, 1L)
> expr <- structure(y ~ x, class = "Formula")
> stopifnot(length(length(expr)) == 2L)
> gp <- future::getGlobalsAndPackages(expr)
[13:38:31.091] getGlobalsAndPackages() ...
[13:38:31.091] Searching for globals...
[13:38:31.093] - globals found: [4] ‘{’, ‘y’, ‘x’, ‘~’
[13:38:31.093] Searching for globals ... DONE
[13:38:31.093] Resolving globals: FALSE
[13:38:31.093] The total size of the 1 globals is 56 bytes (56 bytes)
[13:38:31.094] The total size of the 1 globals exported for future expression (‘y ~ x’) is 56 bytes.. This exceeds the maximum allowed size of 500.00 MiB (option 'future.globals.maxSize'). There is one global: ‘x’ (56 bytes of class ‘numeric’)
[13:38:31.094] - globals: [1] ‘x’
[13:38:31.094] 
[13:38:31.094] getGlobalsAndPackages() ... DONE
> stopifnot(
+   !inherits(gp, "error"),
+   is.list(gp),
+   all(c("expr", "globals", "packages") %in% names(gp))
+ )
> 
> message("*** tweak() - odds and ends ... DONE")
*** tweak() - odds and ends ... DONE
> 
> 
> message("*** tweak() - exceptions ...")
*** tweak() - exceptions ...
> 
> res <- try(tweak("<unknown-future-strategy>"), silent = TRUE)
> stopifnot(inherits(res, "try-error"))
> 
> res <- try(tweak(base::eval), silent = TRUE)
> stopifnot(inherits(res, "try-error"))
> 
> res <- try(tweak(sequential, "unnamed-argument"), silent = TRUE)
> stopifnot(inherits(res, "try-error"))
> 
> ## Arguments that must not be tweaked
> res <- try(tweak(sequential, lazy = TRUE), silent = TRUE)
> stopifnot(inherits(res, "try-error"))
> 
> res <- try(tweak(sequential, asynchronous = FALSE), silent = TRUE)
> stopifnot(inherits(res, "try-error"))
> 
> res <- try(tweak(sequential, seed = 42L), silent = TRUE)
> stopifnot(inherits(res, "try-error"))
> 
> message("*** tweak() - exceptions ... DONE")
*** tweak() - exceptions ... DONE
> 
> 
> message("*** Tweaking future strategies ... DONE")
*** Tweaking future strategies ... DONE
> 
> source("incl/end.R")
[13:38:31.137] plan(): Setting new future strategy stack:
[13:38:31.137] List of future strategies:
[13:38:31.137] 1. FutureStrategy:
[13:38:31.137]    - args: function (..., envir = parent.frame())
[13:38:31.137]    - tweaked: FALSE
[13:38:31.137]    - call: future::plan(oplan)
[13:38:31.138] plan(): nbrOfWorkers() = 1
> 
