
R version 4.4.0 (2024-04-24) -- "Puppy Cup"
Copyright (C) 2024 The R Foundation for Statistical Computing
Platform: x86_64-pc-linux-gnu

R is free software and comes with ABSOLUTELY NO WARRANTY.
You are welcome to redistribute it under certain conditions.
Type 'license()' or 'licence()' for distribution details.

R is a collaborative project with many contributors.
Type 'contributors()' for more information and
'citation()' on how to cite R or R packages in publications.

Type 'demo()' for some demos, 'help()' for on-line help, or
'help.start()' for an HTML browser interface to help.
Type 'q()' to quit R.

> ### This needs a local (partial) CRAN mirror or Internet access
> ## Specifically, needs web/packages/packages.rds and web/checks/*.rds
> 
> ## This may need to download, so increase the timeout.
> options(warn = 1L, timeout = max(600, getOption('timeout')))
> 
> .ptime <- proc.time()
> 
> ## Look up CRAN mirror in the same way the functions do.
> ## Uses R_CRAN_WEB if set, otherwise getOption('repos')["CRAN"]
> ## then the (possibly local) 'repositories' file
> ## and if still unset, https://CRAN.R-project.org
> mirror <- tools:::CRAN_baseurl_for_web_area()
> message("Using CRAN mirror ",  sQuote(mirror))
Using CRAN mirror 'https://CRAN.R-project.org'
> 
> ## Sanity check: the examples use /web/packages/packages.rds and
> ## web/checks/check_*.rds,
> ## but partial mirrors for package installation only need src/contrib.
> ## This would fail with a file:// mirror but provides a cheap check
> ## of the availability of a https:// one.
> if(!startsWith(mirror, "file://")) {
+     foo <- tryCatch(readLines(paste0(mirror, "/web/packages")),
+                     error = function(e) {
+                     message(conditionMessage(e))
+                     ## and bail out
+                     cat("Time elapsed: ", proc.time() - .ptime,"\n")
+                     q("no")
+     })
+ }
> 
> ## no longer conditionalized on Internet access
> library(tools)
> example("CRAN_package_db", run.donttest = TRUE)

CRAN__> ## No test: 
CRAN__> ## This can be rather slow  with a non-local CRAN mirror
CRAN__> ## and might fail (slowly) without Internet access in that case.
CRAN__> 
CRAN__> set.seed(11)  # but the packages chosen will change as soon as CRAN does.

CRAN__> pdb <- CRAN_package_db()

CRAN__> dim(pdb)
[1] 21854    69

CRAN__> ## DESCRIPTION fields included:
CRAN__> colnames(pdb)
 [1] "Package"                 "Version"                
 [3] "Priority"                "Depends"                
 [5] "Imports"                 "LinkingTo"              
 [7] "Suggests"                "Enhances"               
 [9] "License"                 "License_is_FOSS"        
[11] "License_restricts_use"   "OS_type"                
[13] "Archs"                   "MD5sum"                 
[15] "NeedsCompilation"        "Additional_repositories"
[17] "Author"                  "Authors@R"              
[19] "Biarch"                  "BugReports"             
[21] "BuildKeepEmpty"          "BuildManual"            
[23] "BuildResaveData"         "BuildVignettes"         
[25] "Built"                   "ByteCompile"            
[27] "Classification/ACM"      "Classification/ACM-2012"
[29] "Classification/JEL"      "Classification/MSC"     
[31] "Classification/MSC-2010" "Collate"                
[33] "Collate.unix"            "Collate.windows"        
[35] "Contact"                 "Copyright"              
[37] "Date"                    "Date/Publication"       
[39] "Description"             "Encoding"               
[41] "KeepSource"              "Language"               
[43] "LazyData"                "LazyDataCompression"    
[45] "LazyLoad"                "MailingList"            
[47] "Maintainer"              "Note"                   
[49] "Packaged"                "RdMacros"               
[51] "StagedInstall"           "SysDataCompression"     
[53] "SystemRequirements"      "Title"                  
[55] "Type"                    "URL"                    
[57] "UseLTO"                  "VignetteBuilder"        
[59] "ZipData"                 "Path"                   
[61] "X-CRAN-Comment"          "Published"              
[63] "Reverse depends"         "Reverse imports"        
[65] "Reverse linking to"      "Reverse suggests"       
[67] "Reverse enhances"        "Deadline"               
[69] "DOI"                    

CRAN__> ## Summarize publication dates:
CRAN__> summary(as.Date(pdb$Published))
        Min.      1st Qu.       Median         Mean      3rd Qu.         Max. 
"2008-09-08" "2021-02-11" "2023-04-18" "2022-06-03" "2024-05-01" "2024-12-19" 

CRAN__> ## Summarize numbers of packages according to maintainer:
CRAN__> summary(lengths(split(pdb$Package, pdb$Maintainer)))
   Min. 1st Qu.  Median    Mean 3rd Qu.    Max. 
  1.000   1.000   1.000   1.776   2.000  74.000 

CRAN__> ## Packages with 'LASSO' in their Description:
CRAN__> pdb$Package[grepl("LASSO", pdb$Description)]
 [1] "ablasso"           "csmpv"             "emBayes"          
 [4] "expandFunctions"   "extlasso"          "fastcmprsk"       
 [7] "FeaLect"           "FindIt"            "frailtyMMpen"     
[10] "gcdnet"            "glassoFast"        "glmmPen"          
[13] "glmnetr"           "glmnetSE"          "glmvsd"           
[16] "grpnet"            "GWRLASSO"          "hdmed"            
[19] "higlasso"          "HTLR"              "MetabolicSurv"    
[22] "MicrobiomeSurv"    "midasml"           "milr"             
[25] "miselect"          "MTE"               "ncpen"            
[28] "nets"              "pgee.mixed"        "planningML"       
[31] "polywog"           "ppmlasso"          "pqrfe"            
[34] "predhy"            "predhy.GUI"        "rbridge"          
[37] "REN"               "rqPen"             "rrat"             
[40] "SentimentAnalysis" "SGPR"              "sharp"            
[43] "slasso"            "SparseBiplots"     "SpTe2M"           
[46] "stR"               "SuRF.vs"           "SurvHiDim"        
[49] "VSOLassoBag"      

CRAN__> results <- CRAN_check_results()

CRAN__> ## Available variables:
CRAN__> names(results)
 [1] "Flavor"     "Package"    "Version"    "Priority"   "Maintainer"
 [6] "Status"     "Flags"      "T_install"  "T_check"    "T_total"   

CRAN__> ## Tabulate overall check status according to flavor:
CRAN__> with(results, table(Flavor, Status))
                                   Status
Flavor                                 OK  NOTE WARNING ERROR FAILURE
  r-devel-linux-x86_64-debian-clang 17747  3994       2    49       0
  r-devel-linux-x86_64-debian-gcc   17751  3983       4    81       0
  r-devel-linux-x86_64-fedora-clang 18194  3562       3    40       0
  r-devel-linux-x86_64-fedora-gcc   18203  3562       3    41       0
  r-devel-windows-x86_64            17843  3867       7    64       8
  r-oldrel-macos-arm64              17194  4442      24   138       1
  r-oldrel-macos-x86_64             17089  4578      24   122       0
  r-oldrel-windows-x86_64           18038  3630      18    73       1
  r-patched-linux-x86_64            17277  4482       4    37       0
  r-release-linux-x86_64            17252  4491       2    62       1
  r-release-macos-arm64             16075  5616      22   103       0
  r-release-macos-x86_64            16002  5594     150    72       0
  r-release-windows-x86_64          16808  4882       6    38      18

CRAN__> details <- CRAN_check_details()

CRAN__> ## Available variables:
CRAN__> names(details)
[1] "Package"    "Version"    "Flavor"     "Check"      "Status"    
[6] "Output"     "Flags"      "Maintainer"

CRAN__> ## Tabulate checks according to their status:
CRAN__> tab <- with(details, table(Check, Status))

CRAN__> ## Inspect some installation problems:
CRAN__> bad <- subset(details,
CRAN__+               ((Check == "whether package can be installed") &
CRAN__+                (Status != "OK")))

CRAN__> ## Show a random sample of up to 6
CRAN__> head(bad[sample(seq_len(NROW(bad)), NROW(bad)), ])
Package: svines 0.2.3
Flavor: r-devel-windows-x86_64
Check: whether package can be installed, Result: WARNING
  Found the following significant warnings:
    d:\rtools44\x86_64-w64-mingw32.static.posix\lib\gcc\x86_64-w64-mingw32.static.posix\13.3.0\include\emmintrin.h:169:19: warning: 'void* __builtin_memcpy(void*, const void*, long long unsigned int)' reading 16 or more bytes from a region of size 8 [-Wstringop-overread]
  See 'd:/Rcompile/CRANpkg/local/4.5/svines.Rcheck/00install.out' for details.
  * used C++ compiler: 'g++.exe (GCC) 13.3.0'

Package: sparsevb 0.1.0
Flavor: r-oldrel-windows-x86_64
Check: whether package can be installed, Result: ERROR
  Installation failed.
  See 'd:/Rcompile/CRANpkg/local/4.3/sparsevb.Rcheck/00install.out' for details.

Package: igraph 2.1.2
Flavor: r-oldrel-windows-x86_64
Check: whether package can be installed, Result: WARNING
  Found the following significant warnings:
    D:/rtools43/usr/lib/mxe/usr/x86_64-w64-mingw32.static.posix/include/winnt.h:8404:37: warning: ISO C++ forbids flexible array member 'Elements' [-Wpedantic]
    D:/rtools43/usr/lib/mxe/usr/x86_64-w64-mingw32.static.posix/include/winnt.h:8667:22: warning: ISO C++ forbids flexible array member 'pEventLogRecords' [-Wpedantic]
    D:/rtools43/usr/lib/mxe/usr/x86_64-w64-mingw32.static.posix/include/winnt.h:8673:13: warning: ISO C++ forbids flexible array member 'ulOffsets' [-Wpedantic]
    D:/rtools43/usr/lib/mxe/usr/x86_64-w64-mingw32.static.posix/include/minwindef.h:196:3: warning: function declaration isn't a prototype [-Wstrict-prototypes]
    D:/rtools43/usr/lib/mxe/usr/x86_64-w64-mingw32.static.posix/include/minwindef.h:197:3: warning: function declaration isn't a prototype [-Wstrict-prototypes]
    D:/rtools43/usr/lib/mxe/usr/x86_64-w64-mingw32.static.posix/include/minwindef.h:198:3: warning: function declaration isn't a prototype [-Wstrict-prototypes]
    D:/rtools43/usr/lib/mxe/usr/x86_64-w64-mingw32.static.posix/include/processthreadsapi.h:130:47: warning: ISO C does not allow extra ';' outside of a function [-Wpedantic]
    D:/rtools43/usr/lib/mxe/usr/x86_64-w64-mingw32.static.posix/include/rpcndr.h:451:3: warning: function declaration isn't a prototype [-Wstrict-prototypes]
    D:/rtools43/usr/lib/mxe/usr/x86_64-w64-mingw32.static.posix/include/urlmon.h:1333:24: warning: ISO C restricts enumerator values to range of 'int' [-Wpedantic]
    D:/rtools43/usr/lib/mxe/usr/x86_64-w64-mingw32.static.posix/include/urlmon.h:1745:25: warning: ISO C restricts enumerator values to range of 'int' [-Wpedantic]
    D:/rtools43/usr/lib/mxe/usr/x86_64-w64-mingw32.static.posix/include/winioctl.h:359:11: warning: ISO C forbids zero-size array 'SerialNumber' [-Wpedantic]
  See 'd:/Rcompile/CRANpkg/local/4.3/igraph.Rcheck/00install.out' for details.
  * used C compiler: 'gcc.exe (GCC) 12.3.0'
  * used C++ compiler: 'g++.exe (GCC) 12.3.0'

Package: scorematchingad 0.0.67
Flavor: r-oldrel-macos-arm64
Check: whether package can be installed, Result: ERROR
  Installation failed.
  See <U+2018>/Volumes/Builds/packages/big-sur-arm64/results/4.3/scorematchingad.Rcheck/00install.out<U+2019> for details.

Package: uuid 1.2-1
Flavor: r-devel-windows-x86_64
Check: whether package can be installed, Result: WARNING
  Found the following significant warnings:
    randutils.c:60:12: warning: function declaration isn't a prototype [-Wstrict-prototypes]
  See 'd:/Rcompile/CRANpkg/local/4.5/uuid.Rcheck/00install.out' for details.
  * used C compiler: 'gcc.exe (GCC) 13.3.0'

Package: scorematchingad 0.0.67
Flavor: r-release-macos-arm64
Check: whether package can be installed, Result: ERROR
  Installation failed.
  See <U+2018>/Volumes/Builds/packages/big-sur-arm64/results/4.4/scorematchingad.Rcheck/00install.out<U+2019> for details.

CRAN__> issues <- CRAN_check_issues()

CRAN__> head(issues)
         Package Version kind
1      EMCluster    <NA> 0len
2       EmbedSOM    <NA> 0len
3     Evacluster    <NA> 0len
4          LOMAR    <NA> 0len
5    LTRCforests    <NA> 0len
6 RFpredInterval    <NA> 0len
                                                        href
1      https://www.stats.ox.ac.uk/pub/bdr/0len/EMCluster.out
2       https://www.stats.ox.ac.uk/pub/bdr/0len/EmbedSOM.out
3     https://www.stats.ox.ac.uk/pub/bdr/0len/Evacluster.out
4          https://www.stats.ox.ac.uk/pub/bdr/0len/LOMAR.out
5    https://www.stats.ox.ac.uk/pub/bdr/0len/LTRCforests.out
6 https://www.stats.ox.ac.uk/pub/bdr/0len/RFpredInterval.out

CRAN__> ## Show counts of issues according to kind:
CRAN__> table(issues[, "kind"])

       0len       ATLAS         C23       Intel         LTO       M1mac 
         17           4           2          14           1          15 
        MKL    OpenBLAS      Strict  clang-ASAN clang-UBSAN     clang19 
          3           4           4           1           7           8 
   donttest    gcc-ASAN   gcc-UBSAN       gcc15        noLD     noRemap 
         86          44          31          19           4           2 
 noSuggests        rchk       rcnst      rlibro    valgrind 
         63         111           1           2           2 

CRAN__> ## Summarize CRAN check status for 10 randomly-selected packages
CRAN__> ## (reusing the information already read in):
CRAN__> pos <- sample(seq_len(NROW(pdb)), 10L)

CRAN__> summarize_CRAN_check_status(pdb[pos, "Package"],
CRAN__+                             results, details, issues)
Package: LowRankQP
******************

Current CRAN status: OK: 13
See: <https://CRAN.R-project.org/web/checks/check_results_LowRankQP.html>

Package: aqp
************

Current CRAN status: OK: 7, NOTE: 6
See: <https://CRAN.R-project.org/web/checks/check_results_aqp.html>

Version: 2.1.0
Check: installed package size, Result: NOTE
    installed size is  6.9Mb
    sub-directories of 1Mb or more:
      R      2.0Mb
      data   2.1Mb
      doc    1.8Mb
See: <https://www.r-project.org/nosvn/R.check/r-release-macos-arm64/aqp-00check.html>,
     <https://www.r-project.org/nosvn/R.check/r-release-macos-x86_64/aqp-00check.html>,
     <https://www.r-project.org/nosvn/R.check/r-release-windows-x86_64/aqp-00check.html>,
     <https://www.r-project.org/nosvn/R.check/r-oldrel-macos-arm64/aqp-00check.html>,
     <https://www.r-project.org/nosvn/R.check/r-oldrel-macos-x86_64/aqp-00check.html>,
     <https://www.r-project.org/nosvn/R.check/r-oldrel-windows-x86_64/aqp-00check.html>

Package: Sysrecon
*****************

Current CRAN status: OK: 13
See: <https://CRAN.R-project.org/web/checks/check_results_Sysrecon.html>

Package: PSGoft
***************

Current CRAN status: OK: 3, NOTE: 10
See: <https://CRAN.R-project.org/web/checks/check_results_PSGoft.html>

Version: 0.0.1
Check: Rd files, Result: NOTE
  checkRd: (-1) data1.Rd:14: Lost braces
      14 | The data set from {AbouRizk, S.M., Halpin, D.W., Wilson, J. R. (1994). \emph{Fitting beta distributions based on sample data.} Journal of Construction Engineering and Management 120(2), 288<U+2013>305.}
         |                   ^
  checkRd: (-1) data2.Rd:14: Lost braces; missing escapes or markup?
      14 | The data set presents the height of 99 five-year-old British boys in cm downloaded from {http://www.mas.ncl.ac.uk/njnsm/medfac/docs/intro.pdf.}
         |                                                                                         ^
See: <https://www.r-project.org/nosvn/R.check/r-devel-linux-x86_64-debian-clang/PSGoft-00check.html>,
     <https://www.r-project.org/nosvn/R.check/r-devel-linux-x86_64-debian-gcc/PSGoft-00check.html>,
     <https://www.r-project.org/nosvn/R.check/r-devel-linux-x86_64-fedora-clang/PSGoft-00check.html>,
     <https://www.r-project.org/nosvn/R.check/r-devel-linux-x86_64-fedora-gcc/PSGoft-00check.html>,
     <https://www.r-project.org/nosvn/R.check/r-devel-windows-x86_64/PSGoft-00check.html>,
     <https://www.r-project.org/nosvn/R.check/r-patched-linux-x86_64/PSGoft-00check.html>,
     <https://www.r-project.org/nosvn/R.check/r-release-linux-x86_64/PSGoft-00check.html>,
     <https://www.r-project.org/nosvn/R.check/r-release-macos-arm64/PSGoft-00check.html>,
     <https://www.r-project.org/nosvn/R.check/r-release-macos-x86_64/PSGoft-00check.html>,
     <https://www.r-project.org/nosvn/R.check/r-release-windows-x86_64/PSGoft-00check.html>

Package: missoNet
*****************

Current CRAN status: OK: 6, NOTE: 7
See: <https://CRAN.R-project.org/web/checks/check_results_missoNet.html>

Version: 1.2.0
Check: Rd cross-references, Result: NOTE
  Found the following Rd file(s) with Rd \link{} targets missing package
  anchors:
    cv.missoNet.Rd: glasso
    missoNet.Rd: glasso
  Please provide package anchors for all Rd \link{} targets not in the
  package itself and the base packages.
See: <https://www.r-project.org/nosvn/R.check/r-devel-linux-x86_64-debian-clang/missoNet-00check.html>,
     <https://www.r-project.org/nosvn/R.check/r-devel-linux-x86_64-debian-gcc/missoNet-00check.html>,
     <https://www.r-project.org/nosvn/R.check/r-devel-windows-x86_64/missoNet-00check.html>

Version: 1.2.0
Check: installed package size, Result: NOTE
    installed size is  5.4Mb
    sub-directories of 1Mb or more:
      doc       2.4Mb
      extdata   1.2Mb
      libs      1.6Mb
See: <https://www.r-project.org/nosvn/R.check/r-release-macos-arm64/missoNet-00check.html>,
     <https://www.r-project.org/nosvn/R.check/r-release-macos-x86_64/missoNet-00check.html>,
     <https://www.r-project.org/nosvn/R.check/r-oldrel-macos-arm64/missoNet-00check.html>,
     <https://www.r-project.org/nosvn/R.check/r-oldrel-macos-x86_64/missoNet-00check.html>

Package: ScreenClean
********************

Current CRAN status: OK: 13
See: <https://CRAN.R-project.org/web/checks/check_results_ScreenClean.html>

Package: ars
************

Current CRAN status: OK: 13
See: <https://CRAN.R-project.org/web/checks/check_results_ars.html>

Package: ROCsurf
****************

Current CRAN status: OK: 13
See: <https://CRAN.R-project.org/web/checks/check_results_ROCsurf.html>

Package: taber
**************

Current CRAN status: OK: 5, NOTE: 8
See: <https://CRAN.R-project.org/web/checks/check_results_taber.html>

Version: 0.1.2
Check: LazyData, Result: NOTE
    'LazyData' is specified without a 'data' directory
See: <https://www.r-project.org/nosvn/R.check/r-patched-linux-x86_64/taber-00check.html>,
     <https://www.r-project.org/nosvn/R.check/r-release-linux-x86_64/taber-00check.html>,
     <https://www.r-project.org/nosvn/R.check/r-release-macos-arm64/taber-00check.html>,
     <https://www.r-project.org/nosvn/R.check/r-release-macos-x86_64/taber-00check.html>,
     <https://www.r-project.org/nosvn/R.check/r-release-windows-x86_64/taber-00check.html>,
     <https://www.r-project.org/nosvn/R.check/r-oldrel-macos-arm64/taber-00check.html>,
     <https://www.r-project.org/nosvn/R.check/r-oldrel-macos-x86_64/taber-00check.html>,
     <https://www.r-project.org/nosvn/R.check/r-oldrel-windows-x86_64/taber-00check.html>

Package: mvShapiroTest
**********************

Current CRAN status: OK: 13
See: <https://CRAN.R-project.org/web/checks/check_results_mvShapiroTest.html>

CRAN__> ## End(No test)
CRAN__> 
CRAN__> 
> 
> cat("Time elapsed: ", proc.time() - .ptime,"\n")
Time elapsed:  2.425 0.103 7.674 0 0 
> 
