
R version 4.3.2 (2023-10-31) -- "Eye Holes"
Copyright (C) 2023 The R Foundation for Statistical Computing
Platform: x86_64-pc-linux-gnu (64-bit)

R is free software and comes with ABSOLUTELY NO WARRANTY.
You are welcome to redistribute it under certain conditions.
Type 'license()' or 'licence()' for distribution details.

R is a collaborative project with many contributors.
Type 'contributors()' for more information and
'citation()' on how to cite R or R packages in publications.

Type 'demo()' for some demos, 'help()' for on-line help, or
'help.start()' for an HTML browser interface to help.
Type 'q()' to quit R.

> source("incl/start.R")
> stopCluster <- parallel::stopCluster
> 
> message("*** cluster operations ...")
*** cluster operations ...
> 
> local({
+   cl0 <- makeClusterPSOCK(1L)
+   on.exit(stopCluster(cl0))
+   cl <- cl0
+   print(cl)
+ 
+   message("*** cluster operations - as.cluster() ...")
+   cl1 <- as.cluster(cl)
+   print(cl1)
+   stopifnot(inherits(cl1, "cluster"), identical(cl1, cl))
+ 
+   node <- cl[[1]]
+   print(node)
+   cl2 <- as.cluster(node)
+   stopifnot(inherits(cl2, "cluster"), length(cl2) == 1L,
+             identical(cl2[[1]], node))
+ 
+   node <- cl[[1]]
+   print(node)
+   stopifnot(inherits(node, if (useXDR) "SOCKnode" else "SOCK0node"))
+   nodes <- list(node, node)
+   cl3 <- as.cluster(node)
+   print(cl3)
+   stopifnot(inherits(cl3, "cluster"), length(cl3) == 1L,
+             identical(cl3[[1]], node))
+ 
+   cl4 <- as.cluster(nodes)
+   print(cl4)
+   stopifnot(inherits(cl4, "cluster"), length(cl4) == 2L,
+             identical(cl4[[1]], node), identical(cl4[[2]], node))
+   
+   message("*** cluster operations - as.cluster() ... DONE")
+ 
+   message("*** cluster operations - c(...) ...")
+   cl2 <- makeClusterPSOCK("localhost")
+   on.exit(stopCluster(cl2), add = TRUE)
+   print(cl2)
+   
+   cl <- c(cl1, cl2)
+   print(cl)
+ 
+   stopifnot(inherits(cl, "cluster"), length(cl) == 2L)
+   stopifnot(identical(cl[1], cl1),
+             identical(cl[2], cl2[1]))
+   message("*** cluster operations - c(...) ... DONE")
+ })
[10:49:52.848] [local output] makeClusterPSOCK() ...
[10:49:52.882] [local output] Workers: [n = 1] ‘localhost’
[10:49:52.883] [local output] Base port: 11306
[10:49:52.883] [local output] Getting setup options for 1 cluster nodes ...
[10:49:52.883] [local output]  - Node 1 of 1 ...
[10:49:52.883] [local output] localMachine=TRUE => revtunnel=FALSE

[10:49:52.884] Testing if worker's PID can be inferred: ‘'/usr/local/lib/R/bin/Rscript' -e 'try(suppressWarnings(cat(Sys.getpid(),file="/tmp/RtmpgDhmI2/worker.rank=1.parallelly.parent=107093.1a255762728ab.pid")), silent = TRUE)' -e 'file.exists("/tmp/RtmpgDhmI2/worker.rank=1.parallelly.parent=107093.1a255762728ab.pid")'’
[10:49:53.072] - Possible to infer worker's PID: TRUE
[10:49:53.072] [local output] Rscript port: 11306

[10:49:53.072] [local output] Getting setup options for 1 cluster nodes ... done
[10:49:53.073] [local output]  - Parallel setup requested for some PSOCK nodes
[10:49:53.073] [local output] Setting up PSOCK nodes in parallel
[10:49:53.073] List of 36
[10:49:53.073]  $ worker          : chr "localhost"
[10:49:53.073]   ..- attr(*, "localhost")= logi TRUE
[10:49:53.073]  $ master          : chr "localhost"
[10:49:53.073]  $ port            : int 11306
[10:49:53.073]  $ connectTimeout  : num 120
[10:49:53.073]  $ timeout         : num 2592000
[10:49:53.073]  $ rscript         : chr "'/usr/local/lib/R/bin/Rscript'"
[10:49:53.073]  $ homogeneous     : logi TRUE
[10:49:53.073]  $ rscript_args    : chr "--default-packages=datasets,utils,grDevices,graphics,stats,methods -e 'try(suppressWarnings(cat(Sys.getpid(),fi"| __truncated__
[10:49:53.073]  $ rscript_envs    : NULL
[10:49:53.073]  $ rscript_libs    : NULL
[10:49:53.073]  $ rscript_startup : NULL
[10:49:53.073]  $ rscript_sh      : chr "sh"
[10:49:53.073]  $ default_packages: chr [1:6] "datasets" "utils" "grDevices" "graphics" ...
[10:49:53.073]  $ methods         : logi TRUE
[10:49:53.073]  $ socketOptions   : chr "no-delay"
[10:49:53.073]  $ useXDR          : logi FALSE
[10:49:53.073]  $ outfile         : chr "/dev/null"
[10:49:53.073]  $ renice          : int NA
[10:49:53.073]  $ rshcmd          : NULL
[10:49:53.073]  $ user            : chr(0) 
[10:49:53.073]  $ revtunnel       : logi FALSE
[10:49:53.073]  $ rshlogfile      : NULL
[10:49:53.073]  $ rshopts         : chr(0) 
[10:49:53.073]  $ rank            : int 1
[10:49:53.073]  $ manual          : logi FALSE
[10:49:53.073]  $ dryrun          : logi FALSE
[10:49:53.073]  $ quiet           : logi FALSE
[10:49:53.073]  $ setup_strategy  : chr "parallel"
[10:49:53.073]  $ local_cmd       : chr "'/usr/local/lib/R/bin/Rscript' --default-packages=datasets,utils,grDevices,graphics,stats,methods -e 'try(suppr"| __truncated__
[10:49:53.073]  $ pidfile         : chr "/tmp/RtmpgDhmI2/worker.rank=1.parallelly.parent=107093.1a255762728ab.pid"
[10:49:53.073]  $ rshcmd_label    : NULL
[10:49:53.073]  $ rsh_call        : NULL
[10:49:53.073]  $ cmd             : chr "'/usr/local/lib/R/bin/Rscript' --default-packages=datasets,utils,grDevices,graphics,stats,methods -e 'try(suppr"| __truncated__
[10:49:53.073]  $ localMachine    : logi TRUE
[10:49:53.073]  $ make_fcn        :function (worker = getOption2("parallelly.localhost.hostname", "localhost"), 
[10:49:53.073]     master = NULL, port, connectTimeout = getOption2("parallelly.makeNodePSOCK.connectTimeout", 
[10:49:53.073]         2 * 60), timeout = getOption2("parallelly.makeNodePSOCK.timeout", 
[10:49:53.073]         30 * 24 * 60 * 60), rscript = NULL, homogeneous = NULL, rscript_args = NULL, 
[10:49:53.073]     rscript_envs = NULL, rscript_libs = NULL, rscript_startup = NULL, rscript_sh = c("auto", 
[10:49:53.073]         "cmd", "sh"), default_packages = c("datasets", "utils", "grDevices", 
[10:49:53.073]         "graphics", "stats", if (methods) "methods"), methods = TRUE, socketOptions = getOption2("parallelly.makeNodePSOCK.socketOptions", 
[10:49:53.073]         "no-delay"), useXDR = getOption2("parallelly.makeNodePSOCK.useXDR", 
[10:49:53.073]         FALSE), outfile = "/dev/null", renice = NA_integer_, rshcmd = getOption2("parallelly.makeNodePSOCK.rshcmd", 
[10:49:53.073]         NULL), user = NULL, revtunnel = NA, rshlogfile = NULL, rshopts = getOption2("parallelly.makeNodePSOCK.rshopts", 
[10:49:53.073]         NULL), rank = 1L, manual = FALSE, dryrun = FALSE, quiet = FALSE, 
[10:49:53.073]     setup_strategy = getOption2("parallelly.makeNodePSOCK.setup_strategy", 
[10:49:53.073]         "parallel"), action = c("launch", "options"), verbose = FALSE)  
[10:49:53.073]  $ arguments       :List of 28
[10:49:53.073]   ..$ worker          : chr "localhost"
[10:49:53.073]   ..$ master          : NULL
[10:49:53.073]   ..$ port            : int 11306
[10:49:53.073]   ..$ connectTimeout  : num 120
[10:49:53.073]   ..$ timeout         : num 2592000
[10:49:53.073]   ..$ rscript         : NULL
[10:49:53.073]   ..$ homogeneous     : NULL
[10:49:53.073]   ..$ rscript_args    : NULL
[10:49:53.073]   ..$ rscript_envs    : NULL
[10:49:53.073]   ..$ rscript_libs    : NULL
[10:49:53.073]   ..$ rscript_startup : NULL
[10:49:53.073]   ..$ rscript_sh      : chr [1:3] "auto" "cmd" "sh"
[10:49:53.073]   ..$ default_packages: chr [1:6] "datasets" "utils" "grDevices" "graphics" ...
[10:49:53.073]   ..$ methods         : logi TRUE
[10:49:53.073]   ..$ socketOptions   : chr "no-delay"
[10:49:53.073]   ..$ useXDR          : logi FALSE
[10:49:53.073]   ..$ outfile         : chr "/dev/null"
[10:49:53.073]   ..$ renice          : int NA
[10:49:53.073]   ..$ rshcmd          : NULL
[10:49:53.073]   ..$ user            : NULL
[10:49:53.073]   ..$ revtunnel       : logi NA
[10:49:53.073]   ..$ rshlogfile      : NULL
[10:49:53.073]   ..$ rshopts         : NULL
[10:49:53.073]   ..$ rank            : int 1
[10:49:53.073]   ..$ manual          : logi FALSE
[10:49:53.073]   ..$ dryrun          : logi FALSE
[10:49:53.073]   ..$ quiet           : logi FALSE
[10:49:53.073]   ..$ setup_strategy  : chr "parallel"
[10:49:53.073]  - attr(*, "class")= chr [1:2] "makeNodePSOCKOptions" "makeNodeOptions"
[10:49:53.093] [local output] System call to launch all workers:
[10:49:53.093] [local output] '/usr/local/lib/R/bin/Rscript' --default-packages=datasets,utils,grDevices,graphics,stats,methods -e 'try(suppressWarnings(cat(Sys.getpid(),file="/tmp/RtmpgDhmI2/worker.rank=1.parallelly.parent=107093.1a255762728ab.pid")), silent = TRUE)' -e 'options(socketOptions = "no-delay")' -e 'workRSOCK <- tryCatch(parallel:::.workRSOCK, error=function(e) parallel:::.slaveRSOCK); workRSOCK()' MASTER=localhost PORT=11306 OUT=/dev/null TIMEOUT=2592000 XDR=FALSE SETUPTIMEOUT=120 SETUPSTRATEGY=parallel
[10:49:53.093] [local output] Starting PSOCK main server
[10:49:53.098] [local output] Workers launched
[10:49:53.099] [local output] Waiting for workers to connect back
[10:49:53.099]  - [local output] 0 workers out of 1 ready
[10:49:53.291]  - [local output] 0 workers out of 1 ready
[10:49:53.292]  - [local output] 1 workers out of 1 ready
[10:49:53.292] [local output] Launching of workers completed
[10:49:53.292] [local output] Collecting session information from workers
[10:49:53.293] [local output]  - Worker #1 of 1
[10:49:53.293] [local output] makeClusterPSOCK() ... done
Socket cluster with 1 nodes where 1 node is on host ‘localhost’ (R version 4.3.2 (2023-10-31), platform x86_64-pc-linux-gnu)
*** cluster operations - as.cluster() ...
Socket cluster with 1 nodes where 1 node is on host ‘localhost’ (R version 4.3.2 (2023-10-31), platform x86_64-pc-linux-gnu)
RichSOCKnode of a socket cluster on local host 'localhost' with pid 107144 (R version 4.3.2 (2023-10-31), x86_64-pc-linux-gnu) using socket connection #4 ('<-localhost:11306')
RichSOCKnode of a socket cluster on local host 'localhost' with pid 107144 (R version 4.3.2 (2023-10-31), x86_64-pc-linux-gnu) using socket connection #4 ('<-localhost:11306')
Socket cluster with 1 nodes where 1 node is on host ‘localhost’ (R version 4.3.2 (2023-10-31), platform x86_64-pc-linux-gnu)
Warning: The combined cluster contains 1 duplicated nodes
Socket cluster with 2 nodes where 2 nodes are on host ‘localhost’ (R version 4.3.2 (2023-10-31), platform x86_64-pc-linux-gnu)
*** cluster operations - as.cluster() ... DONE
*** cluster operations - c(...) ...
[10:49:53.301] [local output] makeClusterPSOCK() ...
[10:49:53.301] [local output] Workers: [n = 1] ‘localhost’
[10:49:53.302] [local output] Base port: 11688
[10:49:53.302] [local output] Getting setup options for 1 cluster nodes ...
[10:49:53.302] [local output]  - Node 1 of 1 ...
[10:49:53.302] [local output] localMachine=TRUE => revtunnel=FALSE

[10:49:53.303] [local output] Rscript port: 11688

[10:49:53.303] [local output] Getting setup options for 1 cluster nodes ... done
[10:49:53.303] [local output]  - Parallel setup requested for some PSOCK nodes
[10:49:53.303] [local output] Setting up PSOCK nodes in parallel
[10:49:53.304] List of 36
[10:49:53.304]  $ worker          : chr "localhost"
[10:49:53.304]   ..- attr(*, "localhost")= logi TRUE
[10:49:53.304]  $ master          : chr "localhost"
[10:49:53.304]  $ port            : int 11688
[10:49:53.304]  $ connectTimeout  : num 120
[10:49:53.304]  $ timeout         : num 2592000
[10:49:53.304]  $ rscript         : chr "'/usr/local/lib/R/bin/Rscript'"
[10:49:53.304]  $ homogeneous     : logi TRUE
[10:49:53.304]  $ rscript_args    : chr "--default-packages=datasets,utils,grDevices,graphics,stats,methods -e 'try(suppressWarnings(cat(Sys.getpid(),fi"| __truncated__
[10:49:53.304]  $ rscript_envs    : NULL
[10:49:53.304]  $ rscript_libs    : NULL
[10:49:53.304]  $ rscript_startup : NULL
[10:49:53.304]  $ rscript_sh      : chr "sh"
[10:49:53.304]  $ default_packages: chr [1:6] "datasets" "utils" "grDevices" "graphics" ...
[10:49:53.304]  $ methods         : logi TRUE
[10:49:53.304]  $ socketOptions   : chr "no-delay"
[10:49:53.304]  $ useXDR          : logi FALSE
[10:49:53.304]  $ outfile         : chr "/dev/null"
[10:49:53.304]  $ renice          : int NA
[10:49:53.304]  $ rshcmd          : NULL
[10:49:53.304]  $ user            : chr(0) 
[10:49:53.304]  $ revtunnel       : logi FALSE
[10:49:53.304]  $ rshlogfile      : NULL
[10:49:53.304]  $ rshopts         : chr(0) 
[10:49:53.304]  $ rank            : int 1
[10:49:53.304]  $ manual          : logi FALSE
[10:49:53.304]  $ dryrun          : logi FALSE
[10:49:53.304]  $ quiet           : logi FALSE
[10:49:53.304]  $ setup_strategy  : chr "parallel"
[10:49:53.304]  $ local_cmd       : chr "'/usr/local/lib/R/bin/Rscript' --default-packages=datasets,utils,grDevices,graphics,stats,methods -e 'try(suppr"| __truncated__
[10:49:53.304]  $ pidfile         : chr "/tmp/RtmpgDhmI2/worker.rank=1.parallelly.parent=107093.1a2551c752554.pid"
[10:49:53.304]  $ rshcmd_label    : NULL
[10:49:53.304]  $ rsh_call        : NULL
[10:49:53.304]  $ cmd             : chr "'/usr/local/lib/R/bin/Rscript' --default-packages=datasets,utils,grDevices,graphics,stats,methods -e 'try(suppr"| __truncated__
[10:49:53.304]  $ localMachine    : logi TRUE
[10:49:53.304]  $ make_fcn        :function (worker = getOption2("parallelly.localhost.hostname", "localhost"), 
[10:49:53.304]     master = NULL, port, connectTimeout = getOption2("parallelly.makeNodePSOCK.connectTimeout", 
[10:49:53.304]         2 * 60), timeout = getOption2("parallelly.makeNodePSOCK.timeout", 
[10:49:53.304]         30 * 24 * 60 * 60), rscript = NULL, homogeneous = NULL, rscript_args = NULL, 
[10:49:53.304]     rscript_envs = NULL, rscript_libs = NULL, rscript_startup = NULL, rscript_sh = c("auto", 
[10:49:53.304]         "cmd", "sh"), default_packages = c("datasets", "utils", "grDevices", 
[10:49:53.304]         "graphics", "stats", if (methods) "methods"), methods = TRUE, socketOptions = getOption2("parallelly.makeNodePSOCK.socketOptions", 
[10:49:53.304]         "no-delay"), useXDR = getOption2("parallelly.makeNodePSOCK.useXDR", 
[10:49:53.304]         FALSE), outfile = "/dev/null", renice = NA_integer_, rshcmd = getOption2("parallelly.makeNodePSOCK.rshcmd", 
[10:49:53.304]         NULL), user = NULL, revtunnel = NA, rshlogfile = NULL, rshopts = getOption2("parallelly.makeNodePSOCK.rshopts", 
[10:49:53.304]         NULL), rank = 1L, manual = FALSE, dryrun = FALSE, quiet = FALSE, 
[10:49:53.304]     setup_strategy = getOption2("parallelly.makeNodePSOCK.setup_strategy", 
[10:49:53.304]         "parallel"), action = c("launch", "options"), verbose = FALSE)  
[10:49:53.304]  $ arguments       :List of 28
[10:49:53.304]   ..$ worker          : chr "localhost"
[10:49:53.304]   ..$ master          : NULL
[10:49:53.304]   ..$ port            : int 11688
[10:49:53.304]   ..$ connectTimeout  : num 120
[10:49:53.304]   ..$ timeout         : num 2592000
[10:49:53.304]   ..$ rscript         : NULL
[10:49:53.304]   ..$ homogeneous     : NULL
[10:49:53.304]   ..$ rscript_args    : NULL
[10:49:53.304]   ..$ rscript_envs    : NULL
[10:49:53.304]   ..$ rscript_libs    : NULL
[10:49:53.304]   ..$ rscript_startup : NULL
[10:49:53.304]   ..$ rscript_sh      : chr [1:3] "auto" "cmd" "sh"
[10:49:53.304]   ..$ default_packages: chr [1:6] "datasets" "utils" "grDevices" "graphics" ...
[10:49:53.304]   ..$ methods         : logi TRUE
[10:49:53.304]   ..$ socketOptions   : chr "no-delay"
[10:49:53.304]   ..$ useXDR          : logi FALSE
[10:49:53.304]   ..$ outfile         : chr "/dev/null"
[10:49:53.304]   ..$ renice          : int NA
[10:49:53.304]   ..$ rshcmd          : NULL
[10:49:53.304]   ..$ user            : NULL
[10:49:53.304]   ..$ revtunnel       : logi NA
[10:49:53.304]   ..$ rshlogfile      : NULL
[10:49:53.304]   ..$ rshopts         : NULL
[10:49:53.304]   ..$ rank            : int 1
[10:49:53.304]   ..$ manual          : logi FALSE
[10:49:53.304]   ..$ dryrun          : logi FALSE
[10:49:53.304]   ..$ quiet           : logi FALSE
[10:49:53.304]   ..$ setup_strategy  : chr "parallel"
[10:49:53.304]  - attr(*, "class")= chr [1:2] "makeNodePSOCKOptions" "makeNodeOptions"
[10:49:53.322] [local output] System call to launch all workers:
[10:49:53.322] [local output] '/usr/local/lib/R/bin/Rscript' --default-packages=datasets,utils,grDevices,graphics,stats,methods -e 'try(suppressWarnings(cat(Sys.getpid(),file="/tmp/RtmpgDhmI2/worker.rank=1.parallelly.parent=107093.1a2551c752554.pid")), silent = TRUE)' -e 'options(socketOptions = "no-delay")' -e 'workRSOCK <- tryCatch(parallel:::.workRSOCK, error=function(e) parallel:::.slaveRSOCK); workRSOCK()' MASTER=localhost PORT=11688 OUT=/dev/null TIMEOUT=2592000 XDR=FALSE SETUPTIMEOUT=120 SETUPSTRATEGY=parallel
[10:49:53.322] [local output] Starting PSOCK main server
[10:49:53.323] [local output] Workers launched
[10:49:53.323] [local output] Waiting for workers to connect back
[10:49:53.324]  - [local output] 0 workers out of 1 ready
[10:49:53.571]  - [local output] 0 workers out of 1 ready
[10:49:53.571]  - [local output] 1 workers out of 1 ready
[10:49:53.571] [local output] Launching of workers completed
[10:49:53.571] [local output] Collecting session information from workers
[10:49:53.572] [local output]  - Worker #1 of 1
[10:49:53.572] [local output] makeClusterPSOCK() ... done
Socket cluster with 1 nodes where 1 node is on host ‘localhost’ (R version 4.3.2 (2023-10-31), platform x86_64-pc-linux-gnu)
Socket cluster with 2 nodes where 2 nodes are on host ‘localhost’ (R version 4.3.2 (2023-10-31), platform x86_64-pc-linux-gnu)
*** cluster operations - c(...) ... DONE
> 
> 
> message("*** cluster operations - makeClusterPSOCK(remotes) ...")
*** cluster operations - makeClusterPSOCK(remotes) ...
> 
> remotes <- Sys.getenv("R_PARALLELLY_TESTS_REMOTES", "")
> remotes <- gsub(" ", "", unlist(strsplit(remotes, split = ",")))
> remotes <- remotes[nzchar(remotes)]
> if (length(remotes) > 0) {
+   message("Remotes: ", paste(sQuote(remotes), collapse = ", "))
+   local({
+     cl <- makeClusterPSOCK(remotes, verbose = TRUE)
+     on.exit(stopCluster(cl))
+     print(cl)
+   })
+ }
> 
> message("*** cluster operations - makeClusterPSOCK(remotes) ... DONE")
*** cluster operations - makeClusterPSOCK(remotes) ... DONE
> 
> message("*** cluster operations ... DONE")
*** cluster operations ... DONE
> 
> source("incl/end.R")
> 
