
R version 4.3.2 (2023-10-31) -- "Eye Holes"
Copyright (C) 2023 The R Foundation for Statistical Computing
Platform: x86_64-pc-linux-gnu (64-bit)

R is free software and comes with ABSOLUTELY NO WARRANTY.
You are welcome to redistribute it under certain conditions.
Type 'license()' or 'licence()' for distribution details.

R is a collaborative project with many contributors.
Type 'contributors()' for more information and
'citation()' on how to cite R or R packages in publications.

Type 'demo()' for some demos, 'help()' for on-line help, or
'help.start()' for an HTML browser interface to help.
Type 'q()' to quit R.

> source("incl/start.R")
> stopCluster <- parallel::stopCluster
> 
> message("*** cluster operations ...")
*** cluster operations ...
> 
> local({
+   cl0 <- makeClusterPSOCK(1L)
+   on.exit(stopCluster(cl0))
+   cl <- cl0
+   print(cl)
+ 
+   message("*** cluster operations - as.cluster() ...")
+   cl1 <- as.cluster(cl)
+   print(cl1)
+   stopifnot(inherits(cl1, "cluster"), identical(cl1, cl))
+ 
+   node <- cl[[1]]
+   print(node)
+   cl2 <- as.cluster(node)
+   stopifnot(inherits(cl2, "cluster"), length(cl2) == 1L,
+             identical(cl2[[1]], node))
+ 
+   node <- cl[[1]]
+   print(node)
+   stopifnot(inherits(node, if (useXDR) "SOCKnode" else "SOCK0node"))
+   nodes <- list(node, node)
+   cl3 <- as.cluster(node)
+   print(cl3)
+   stopifnot(inherits(cl3, "cluster"), length(cl3) == 1L,
+             identical(cl3[[1]], node))
+ 
+   cl4 <- as.cluster(nodes)
+   print(cl4)
+   stopifnot(inherits(cl4, "cluster"), length(cl4) == 2L,
+             identical(cl4[[1]], node), identical(cl4[[2]], node))
+   
+   message("*** cluster operations - as.cluster() ... DONE")
+ 
+   message("*** cluster operations - c(...) ...")
+   cl2 <- makeClusterPSOCK("localhost")
+   on.exit(stopCluster(cl2), add = TRUE)
+   print(cl2)
+   
+   cl <- c(cl1, cl2)
+   print(cl)
+ 
+   stopifnot(inherits(cl, "cluster"), length(cl) == 2L)
+   stopifnot(identical(cl[1], cl1),
+             identical(cl[2], cl2[1]))
+   message("*** cluster operations - c(...) ... DONE")
+ })
[13:48:34.031] [local output] makeClusterPSOCK() ...
[13:48:34.067] [local output] Workers: [n = 1] ‘localhost’
[13:48:34.069] [local output] Base port: 11290
[13:48:34.069] [local output] Getting setup options for 1 cluster nodes ...
[13:48:34.069] [local output]  - Node 1 of 1 ...
[13:48:34.069] [local output] localMachine=TRUE => revtunnel=FALSE

[13:48:34.070] Testing if worker's PID can be inferred: ‘'/usr/local/lib/R/bin/Rscript' -e 'try(suppressWarnings(cat(Sys.getpid(),file="/tmp/RtmpK3TVE2/worker.rank=1.parallelly.parent=107963.1a5bb592fc4fb.pid")), silent = TRUE)' -e 'file.exists("/tmp/RtmpK3TVE2/worker.rank=1.parallelly.parent=107963.1a5bb592fc4fb.pid")'’
[13:48:34.263] - Possible to infer worker's PID: TRUE
[13:48:34.263] [local output] Rscript port: 11290

[13:48:34.263] [local output] Getting setup options for 1 cluster nodes ... done
[13:48:34.264] [local output]  - Parallel setup requested for some PSOCK nodes
[13:48:34.264] [local output] Setting up PSOCK nodes in parallel
[13:48:34.264] List of 36
[13:48:34.264]  $ worker          : chr "localhost"
[13:48:34.264]   ..- attr(*, "localhost")= logi TRUE
[13:48:34.264]  $ master          : chr "localhost"
[13:48:34.264]  $ port            : int 11290
[13:48:34.264]  $ connectTimeout  : num 120
[13:48:34.264]  $ timeout         : num 2592000
[13:48:34.264]  $ rscript         : chr "'/usr/local/lib/R/bin/Rscript'"
[13:48:34.264]  $ homogeneous     : logi TRUE
[13:48:34.264]  $ rscript_args    : chr "--default-packages=datasets,utils,grDevices,graphics,stats,methods -e 'try(suppressWarnings(cat(Sys.getpid(),fi"| __truncated__
[13:48:34.264]  $ rscript_envs    : NULL
[13:48:34.264]  $ rscript_libs    : NULL
[13:48:34.264]  $ rscript_startup : NULL
[13:48:34.264]  $ rscript_sh      : chr "sh"
[13:48:34.264]  $ default_packages: chr [1:6] "datasets" "utils" "grDevices" "graphics" ...
[13:48:34.264]  $ methods         : logi TRUE
[13:48:34.264]  $ socketOptions   : chr "no-delay"
[13:48:34.264]  $ useXDR          : logi FALSE
[13:48:34.264]  $ outfile         : chr "/dev/null"
[13:48:34.264]  $ renice          : int NA
[13:48:34.264]  $ rshcmd          : NULL
[13:48:34.264]  $ user            : chr(0) 
[13:48:34.264]  $ revtunnel       : logi FALSE
[13:48:34.264]  $ rshlogfile      : NULL
[13:48:34.264]  $ rshopts         : chr(0) 
[13:48:34.264]  $ rank            : int 1
[13:48:34.264]  $ manual          : logi FALSE
[13:48:34.264]  $ dryrun          : logi FALSE
[13:48:34.264]  $ quiet           : logi FALSE
[13:48:34.264]  $ setup_strategy  : chr "parallel"
[13:48:34.264]  $ local_cmd       : chr "'/usr/local/lib/R/bin/Rscript' --default-packages=datasets,utils,grDevices,graphics,stats,methods -e 'try(suppr"| __truncated__
[13:48:34.264]  $ pidfile         : chr "/tmp/RtmpK3TVE2/worker.rank=1.parallelly.parent=107963.1a5bb592fc4fb.pid"
[13:48:34.264]  $ rshcmd_label    : NULL
[13:48:34.264]  $ rsh_call        : NULL
[13:48:34.264]  $ cmd             : chr "'/usr/local/lib/R/bin/Rscript' --default-packages=datasets,utils,grDevices,graphics,stats,methods -e 'try(suppr"| __truncated__
[13:48:34.264]  $ localMachine    : logi TRUE
[13:48:34.264]  $ make_fcn        :function (worker = getOption2("parallelly.localhost.hostname", "localhost"), 
[13:48:34.264]     master = NULL, port, connectTimeout = getOption2("parallelly.makeNodePSOCK.connectTimeout", 
[13:48:34.264]         2 * 60), timeout = getOption2("parallelly.makeNodePSOCK.timeout", 
[13:48:34.264]         30 * 24 * 60 * 60), rscript = NULL, homogeneous = NULL, rscript_args = NULL, 
[13:48:34.264]     rscript_envs = NULL, rscript_libs = NULL, rscript_startup = NULL, rscript_sh = c("auto", 
[13:48:34.264]         "cmd", "sh"), default_packages = c("datasets", "utils", "grDevices", 
[13:48:34.264]         "graphics", "stats", if (methods) "methods"), methods = TRUE, socketOptions = getOption2("parallelly.makeNodePSOCK.socketOptions", 
[13:48:34.264]         "no-delay"), useXDR = getOption2("parallelly.makeNodePSOCK.useXDR", 
[13:48:34.264]         FALSE), outfile = "/dev/null", renice = NA_integer_, rshcmd = getOption2("parallelly.makeNodePSOCK.rshcmd", 
[13:48:34.264]         NULL), user = NULL, revtunnel = NA, rshlogfile = NULL, rshopts = getOption2("parallelly.makeNodePSOCK.rshopts", 
[13:48:34.264]         NULL), rank = 1L, manual = FALSE, dryrun = FALSE, quiet = FALSE, 
[13:48:34.264]     setup_strategy = getOption2("parallelly.makeNodePSOCK.setup_strategy", 
[13:48:34.264]         "parallel"), action = c("launch", "options"), verbose = FALSE)  
[13:48:34.264]  $ arguments       :List of 28
[13:48:34.264]   ..$ worker          : chr "localhost"
[13:48:34.264]   ..$ master          : NULL
[13:48:34.264]   ..$ port            : int 11290
[13:48:34.264]   ..$ connectTimeout  : num 120
[13:48:34.264]   ..$ timeout         : num 2592000
[13:48:34.264]   ..$ rscript         : NULL
[13:48:34.264]   ..$ homogeneous     : NULL
[13:48:34.264]   ..$ rscript_args    : NULL
[13:48:34.264]   ..$ rscript_envs    : NULL
[13:48:34.264]   ..$ rscript_libs    : NULL
[13:48:34.264]   ..$ rscript_startup : NULL
[13:48:34.264]   ..$ rscript_sh      : chr [1:3] "auto" "cmd" "sh"
[13:48:34.264]   ..$ default_packages: chr [1:6] "datasets" "utils" "grDevices" "graphics" ...
[13:48:34.264]   ..$ methods         : logi TRUE
[13:48:34.264]   ..$ socketOptions   : chr "no-delay"
[13:48:34.264]   ..$ useXDR          : logi FALSE
[13:48:34.264]   ..$ outfile         : chr "/dev/null"
[13:48:34.264]   ..$ renice          : int NA
[13:48:34.264]   ..$ rshcmd          : NULL
[13:48:34.264]   ..$ user            : NULL
[13:48:34.264]   ..$ revtunnel       : logi NA
[13:48:34.264]   ..$ rshlogfile      : NULL
[13:48:34.264]   ..$ rshopts         : NULL
[13:48:34.264]   ..$ rank            : int 1
[13:48:34.264]   ..$ manual          : logi FALSE
[13:48:34.264]   ..$ dryrun          : logi FALSE
[13:48:34.264]   ..$ quiet           : logi FALSE
[13:48:34.264]   ..$ setup_strategy  : chr "parallel"
[13:48:34.264]  - attr(*, "class")= chr [1:2] "makeNodePSOCKOptions" "makeNodeOptions"
[13:48:34.285] [local output] System call to launch all workers:
[13:48:34.285] [local output] '/usr/local/lib/R/bin/Rscript' --default-packages=datasets,utils,grDevices,graphics,stats,methods -e 'try(suppressWarnings(cat(Sys.getpid(),file="/tmp/RtmpK3TVE2/worker.rank=1.parallelly.parent=107963.1a5bb592fc4fb.pid")), silent = TRUE)' -e 'options(socketOptions = "no-delay")' -e 'workRSOCK <- tryCatch(parallel:::.workRSOCK, error=function(e) parallel:::.slaveRSOCK); workRSOCK()' MASTER=localhost PORT=11290 OUT=/dev/null TIMEOUT=2592000 XDR=FALSE SETUPTIMEOUT=120 SETUPSTRATEGY=parallel
[13:48:34.285] [local output] Starting PSOCK main server
[13:48:34.291] [local output] Workers launched
[13:48:34.291] [local output] Waiting for workers to connect back
[13:48:34.291]  - [local output] 0 workers out of 1 ready
[13:48:34.507]  - [local output] 0 workers out of 1 ready
[13:48:34.508]  - [local output] 1 workers out of 1 ready
[13:48:34.508] [local output] Launching of workers completed
[13:48:34.508] [local output] Collecting session information from workers
[13:48:34.509] [local output]  - Worker #1 of 1
[13:48:34.509] [local output] makeClusterPSOCK() ... done
Socket cluster with 1 nodes where 1 node is on host ‘localhost’ (R version 4.3.2 (2023-10-31), platform x86_64-pc-linux-gnu)
*** cluster operations - as.cluster() ...
Socket cluster with 1 nodes where 1 node is on host ‘localhost’ (R version 4.3.2 (2023-10-31), platform x86_64-pc-linux-gnu)
RichSOCKnode of a socket cluster on local host 'localhost' with pid 108014 (R version 4.3.2 (2023-10-31), x86_64-pc-linux-gnu) using socket connection #4 ('<-localhost:11290')
RichSOCKnode of a socket cluster on local host 'localhost' with pid 108014 (R version 4.3.2 (2023-10-31), x86_64-pc-linux-gnu) using socket connection #4 ('<-localhost:11290')
Socket cluster with 1 nodes where 1 node is on host ‘localhost’ (R version 4.3.2 (2023-10-31), platform x86_64-pc-linux-gnu)
Warning: The combined cluster contains 1 duplicated nodes
Socket cluster with 2 nodes where 2 nodes are on host ‘localhost’ (R version 4.3.2 (2023-10-31), platform x86_64-pc-linux-gnu)
*** cluster operations - as.cluster() ... DONE
*** cluster operations - c(...) ...
[13:48:34.517] [local output] makeClusterPSOCK() ...
[13:48:34.517] [local output] Workers: [n = 1] ‘localhost’
[13:48:34.518] [local output] Base port: 11678
[13:48:34.518] [local output] Getting setup options for 1 cluster nodes ...
[13:48:34.518] [local output]  - Node 1 of 1 ...
[13:48:34.519] [local output] localMachine=TRUE => revtunnel=FALSE

[13:48:34.519] [local output] Rscript port: 11678

[13:48:34.519] [local output] Getting setup options for 1 cluster nodes ... done
[13:48:34.519] [local output]  - Parallel setup requested for some PSOCK nodes
[13:48:34.520] [local output] Setting up PSOCK nodes in parallel
[13:48:34.520] List of 36
[13:48:34.520]  $ worker          : chr "localhost"
[13:48:34.520]   ..- attr(*, "localhost")= logi TRUE
[13:48:34.520]  $ master          : chr "localhost"
[13:48:34.520]  $ port            : int 11678
[13:48:34.520]  $ connectTimeout  : num 120
[13:48:34.520]  $ timeout         : num 2592000
[13:48:34.520]  $ rscript         : chr "'/usr/local/lib/R/bin/Rscript'"
[13:48:34.520]  $ homogeneous     : logi TRUE
[13:48:34.520]  $ rscript_args    : chr "--default-packages=datasets,utils,grDevices,graphics,stats,methods -e 'try(suppressWarnings(cat(Sys.getpid(),fi"| __truncated__
[13:48:34.520]  $ rscript_envs    : NULL
[13:48:34.520]  $ rscript_libs    : NULL
[13:48:34.520]  $ rscript_startup : NULL
[13:48:34.520]  $ rscript_sh      : chr "sh"
[13:48:34.520]  $ default_packages: chr [1:6] "datasets" "utils" "grDevices" "graphics" ...
[13:48:34.520]  $ methods         : logi TRUE
[13:48:34.520]  $ socketOptions   : chr "no-delay"
[13:48:34.520]  $ useXDR          : logi FALSE
[13:48:34.520]  $ outfile         : chr "/dev/null"
[13:48:34.520]  $ renice          : int NA
[13:48:34.520]  $ rshcmd          : NULL
[13:48:34.520]  $ user            : chr(0) 
[13:48:34.520]  $ revtunnel       : logi FALSE
[13:48:34.520]  $ rshlogfile      : NULL
[13:48:34.520]  $ rshopts         : chr(0) 
[13:48:34.520]  $ rank            : int 1
[13:48:34.520]  $ manual          : logi FALSE
[13:48:34.520]  $ dryrun          : logi FALSE
[13:48:34.520]  $ quiet           : logi FALSE
[13:48:34.520]  $ setup_strategy  : chr "parallel"
[13:48:34.520]  $ local_cmd       : chr "'/usr/local/lib/R/bin/Rscript' --default-packages=datasets,utils,grDevices,graphics,stats,methods -e 'try(suppr"| __truncated__
[13:48:34.520]  $ pidfile         : chr "/tmp/RtmpK3TVE2/worker.rank=1.parallelly.parent=107963.1a5bb1383586e.pid"
[13:48:34.520]  $ rshcmd_label    : NULL
[13:48:34.520]  $ rsh_call        : NULL
[13:48:34.520]  $ cmd             : chr "'/usr/local/lib/R/bin/Rscript' --default-packages=datasets,utils,grDevices,graphics,stats,methods -e 'try(suppr"| __truncated__
[13:48:34.520]  $ localMachine    : logi TRUE
[13:48:34.520]  $ make_fcn        :function (worker = getOption2("parallelly.localhost.hostname", "localhost"), 
[13:48:34.520]     master = NULL, port, connectTimeout = getOption2("parallelly.makeNodePSOCK.connectTimeout", 
[13:48:34.520]         2 * 60), timeout = getOption2("parallelly.makeNodePSOCK.timeout", 
[13:48:34.520]         30 * 24 * 60 * 60), rscript = NULL, homogeneous = NULL, rscript_args = NULL, 
[13:48:34.520]     rscript_envs = NULL, rscript_libs = NULL, rscript_startup = NULL, rscript_sh = c("auto", 
[13:48:34.520]         "cmd", "sh"), default_packages = c("datasets", "utils", "grDevices", 
[13:48:34.520]         "graphics", "stats", if (methods) "methods"), methods = TRUE, socketOptions = getOption2("parallelly.makeNodePSOCK.socketOptions", 
[13:48:34.520]         "no-delay"), useXDR = getOption2("parallelly.makeNodePSOCK.useXDR", 
[13:48:34.520]         FALSE), outfile = "/dev/null", renice = NA_integer_, rshcmd = getOption2("parallelly.makeNodePSOCK.rshcmd", 
[13:48:34.520]         NULL), user = NULL, revtunnel = NA, rshlogfile = NULL, rshopts = getOption2("parallelly.makeNodePSOCK.rshopts", 
[13:48:34.520]         NULL), rank = 1L, manual = FALSE, dryrun = FALSE, quiet = FALSE, 
[13:48:34.520]     setup_strategy = getOption2("parallelly.makeNodePSOCK.setup_strategy", 
[13:48:34.520]         "parallel"), action = c("launch", "options"), verbose = FALSE)  
[13:48:34.520]  $ arguments       :List of 28
[13:48:34.520]   ..$ worker          : chr "localhost"
[13:48:34.520]   ..$ master          : NULL
[13:48:34.520]   ..$ port            : int 11678
[13:48:34.520]   ..$ connectTimeout  : num 120
[13:48:34.520]   ..$ timeout         : num 2592000
[13:48:34.520]   ..$ rscript         : NULL
[13:48:34.520]   ..$ homogeneous     : NULL
[13:48:34.520]   ..$ rscript_args    : NULL
[13:48:34.520]   ..$ rscript_envs    : NULL
[13:48:34.520]   ..$ rscript_libs    : NULL
[13:48:34.520]   ..$ rscript_startup : NULL
[13:48:34.520]   ..$ rscript_sh      : chr [1:3] "auto" "cmd" "sh"
[13:48:34.520]   ..$ default_packages: chr [1:6] "datasets" "utils" "grDevices" "graphics" ...
[13:48:34.520]   ..$ methods         : logi TRUE
[13:48:34.520]   ..$ socketOptions   : chr "no-delay"
[13:48:34.520]   ..$ useXDR          : logi FALSE
[13:48:34.520]   ..$ outfile         : chr "/dev/null"
[13:48:34.520]   ..$ renice          : int NA
[13:48:34.520]   ..$ rshcmd          : NULL
[13:48:34.520]   ..$ user            : NULL
[13:48:34.520]   ..$ revtunnel       : logi NA
[13:48:34.520]   ..$ rshlogfile      : NULL
[13:48:34.520]   ..$ rshopts         : NULL
[13:48:34.520]   ..$ rank            : int 1
[13:48:34.520]   ..$ manual          : logi FALSE
[13:48:34.520]   ..$ dryrun          : logi FALSE
[13:48:34.520]   ..$ quiet           : logi FALSE
[13:48:34.520]   ..$ setup_strategy  : chr "parallel"
[13:48:34.520]  - attr(*, "class")= chr [1:2] "makeNodePSOCKOptions" "makeNodeOptions"
[13:48:34.539] [local output] System call to launch all workers:
[13:48:34.539] [local output] '/usr/local/lib/R/bin/Rscript' --default-packages=datasets,utils,grDevices,graphics,stats,methods -e 'try(suppressWarnings(cat(Sys.getpid(),file="/tmp/RtmpK3TVE2/worker.rank=1.parallelly.parent=107963.1a5bb1383586e.pid")), silent = TRUE)' -e 'options(socketOptions = "no-delay")' -e 'workRSOCK <- tryCatch(parallel:::.workRSOCK, error=function(e) parallel:::.slaveRSOCK); workRSOCK()' MASTER=localhost PORT=11678 OUT=/dev/null TIMEOUT=2592000 XDR=FALSE SETUPTIMEOUT=120 SETUPSTRATEGY=parallel
[13:48:34.539] [local output] Starting PSOCK main server
[13:48:34.540] [local output] Workers launched
[13:48:34.540] [local output] Waiting for workers to connect back
[13:48:34.541]  - [local output] 0 workers out of 1 ready
[13:48:34.739]  - [local output] 0 workers out of 1 ready
[13:48:34.739]  - [local output] 1 workers out of 1 ready
[13:48:34.739] [local output] Launching of workers completed
[13:48:34.739] [local output] Collecting session information from workers
[13:48:34.740] [local output]  - Worker #1 of 1
[13:48:34.740] [local output] makeClusterPSOCK() ... done
Socket cluster with 1 nodes where 1 node is on host ‘localhost’ (R version 4.3.2 (2023-10-31), platform x86_64-pc-linux-gnu)
Socket cluster with 2 nodes where 2 nodes are on host ‘localhost’ (R version 4.3.2 (2023-10-31), platform x86_64-pc-linux-gnu)
*** cluster operations - c(...) ... DONE
> 
> 
> message("*** cluster operations - makeClusterPSOCK(remotes) ...")
*** cluster operations - makeClusterPSOCK(remotes) ...
> 
> remotes <- Sys.getenv("R_PARALLELLY_TESTS_REMOTES", "")
> remotes <- gsub(" ", "", unlist(strsplit(remotes, split = ",")))
> remotes <- remotes[nzchar(remotes)]
> if (length(remotes) > 0) {
+   message("Remotes: ", paste(sQuote(remotes), collapse = ", "))
+   local({
+     cl <- makeClusterPSOCK(remotes, verbose = TRUE)
+     on.exit(stopCluster(cl))
+     print(cl)
+   })
+ }
> 
> message("*** cluster operations - makeClusterPSOCK(remotes) ... DONE")
*** cluster operations - makeClusterPSOCK(remotes) ... DONE
> 
> message("*** cluster operations ... DONE")
*** cluster operations ... DONE
> 
> source("incl/end.R")
> 
