
R version 4.4.3 (2025-02-28) -- "Trophy Case"
Copyright (C) 2025 The R Foundation for Statistical Computing
Platform: x86_64-pc-linux-gnu

R is free software and comes with ABSOLUTELY NO WARRANTY.
You are welcome to redistribute it under certain conditions.
Type 'license()' or 'licence()' for distribution details.

R is a collaborative project with many contributors.
Type 'contributors()' for more information and
'citation()' on how to cite R or R packages in publications.

Type 'demo()' for some demos, 'help()' for on-line help, or
'help.start()' for an HTML browser interface to help.
Type 'q()' to quit R.

> textPrompt <- R.cache:::.textPrompt
> 
> ans <- textPrompt("Do you have a minute?")
Do you have a minute? [Y/n]: 
> print(ans)
[1] "yes"
> 
> ans <- textPrompt("Do you have a minute?", options=c("yes", "no"))
Do you have a minute? [yes/no]: 
> print(ans)
[1] "yes"
> 
> ## Output to standard error
> ans <- textPrompt("Do you have a minute?", type="message")
Do you have a minute? [Y/n]: 
> print(ans)
[1] "yes"
> 
> ## Output to standard output
> ans <- textPrompt("Do you have a minute?", type="output")
Do you have a minute? [Y/n]: 
> print(ans)
[1] "yes"
> 
