
R version 4.5.2 (2025-10-31) -- "[Not] Part in a Rumble"
Copyright (C) 2025 The R Foundation for Statistical Computing
Platform: x86_64-pc-linux-gnu

R is free software and comes with ABSOLUTELY NO WARRANTY.
You are welcome to redistribute it under certain conditions.
Type 'license()' or 'licence()' for distribution details.

R is a collaborative project with many contributors.
Type 'contributors()' for more information and
'citation()' on how to cite R or R packages in publications.

Type 'demo()' for some demos, 'help()' for on-line help, or
'help.start()' for an HTML browser interface to help.
Type 'q()' to quit R.

> #! /usr/bin/env Rscript
> ## This runs testme test script inst/testme/test-cluster,worker-termination.R
> ## Don't edit - it was autogenerated by inst/testme/deploy.R
> future:::testme("cluster,worker-termination")
Test ‘cluster,worker-termination’ ...
 chr "none"

> library(future)
[09:46:13.774] Option 'future.startup.script': TRUE
[09:46:13.775] Future startup scripts considered: ‘.future.R’, ‘~/.future.R’
[09:46:13.775] Future startup scripts found: <none>

> library(listenv)

> options(future.debug = FALSE)

> Sys.setenv(TMPDIR = tempdir())

> message("*** cluster() - terminating worker ...")
*** cluster() - terminating worker ...

> message("Library paths: ", commaq(.libPaths()))
Library paths: ‘/usr/local/lib/R/site-library’, ‘/usr/local/lib/R/library’

> message("Package path: ", sQuote(system.file(package = "future")))
Package path: ‘/usr/local/lib/R/site-library/future’

> message("TMPDIR for parallel workers: ", sQuote(Sys.getenv("TMPDIR")))
TMPDIR for parallel workers: ‘/tmp/RtmpGZGWZI’

> types <- NULL

> if (!covr_testing) {
+     types <- c(types, "PSOCK")
+     if (supportsMulticore()) 
+         types <- c(types, "FORK")
+ }

> pid <- Sys.getpid()

> message("Main PID (original): ", pid)
Main PID (original): 71084

> cl <- NULL

> for (type in types) {
+     message(sprintf("Cluster type %s ...", sQuote(type)))
+     cl <- parallel::makeCluster(1, type = type, timeout = 60)
+  .... [TRUNCATED] 
Cluster type ‘PSOCK’ ...
socket cluster with 1 nodes on host ‘localhost’
*** cluster() - crashed worker ...
<FutureInterruptError: Future (<unnamed-2>) of class ClusterFuture interrupted [future <unnamed-2> (fdf95320ffeb7e2dc81c372de93822b6-2); on fdf95320ffeb7e2dc81c372de93822b6@38bf771bf2e4<71084> at 2026-01-29 09:46:14.153075]>

Occurred on: fdf95320ffeb7e2dc81c372de93822b6 [38bf771bf2e4; pid 71084; 2026-01-29 09:46:14.153075]
Future: fdf95320ffeb7e2dc81c372de93822b6-2 (<unnamed-2>)

DEBUG: BEGIN TROUBLESHOOTING HELP
ClusterFuture:
Label: <unnamed-2>
Expression:
tools::pskill(pid = Sys.getpid())
Globals: <none>
Packages: <none>
L'Ecuyer-CMRG RNG seed: <none> (seed = FALSE)
Capture standard output: TRUE
Capture condition classes: ‘condition’ (excluding ‘<none>’)
Immediate condition classes: ‘immediateCondition’
Lazy evaluation: FALSE
Local evaluation: TRUE
Early signaling: FALSE
Actions: [n=1] ‘run’
State: ‘interrupted’ ("Future was interrupted during evaluation")
Resolved: TRUE
Unique identifier: fdf95320ffeb7e2dc81c372de93822b6-2
Owner process: fdf95320ffeb7e2dc81c372de93822b6
Class: ‘ClusterFuture’, ‘MultiprocessFuture’, ‘Future’
Value: <not collected>
Conditions captured: <none>
DEBUG: END TROUBLESHOOTING HELP
socket cluster with 1 nodes on host ‘localhost’
socket cluster with 1 nodes on host ‘localhost’
*** cluster() - crashed worker ... DONE
Main PID (original): 71084
Main PID: 71084
socket cluster with 1 nodes on host ‘localhost’
List of 1
 $ :List of 3
  ..$ con : 'sockconn' int 5
  .. ..- attr(*, "conn_id")=<externalptr> 
  ..$ host: chr "localhost"
  ..$ rank: num 0
  ..- attr(*, "class")= chr "SOCKnode"
 - attr(*, "class")= chr [1:2] "SOCKcluster" "cluster"
Main PID (original): 71084
Main PID: 71084
Cluster type ‘PSOCK’ ... DONE
Cluster type ‘FORK’ ...
socket cluster with 1 nodes on host ‘localhost’
*** cluster() - crashed worker ...
<FutureInterruptError: Future (<unnamed-5>) of class ClusterFuture interrupted [future <unnamed-5> (fdf95320ffeb7e2dc81c372de93822b6-5); on fdf95320ffeb7e2dc81c372de93822b6@38bf771bf2e4<71084> at 2026-01-29 09:46:14.601721]>

Occurred on: fdf95320ffeb7e2dc81c372de93822b6 [38bf771bf2e4; pid 71084; 2026-01-29 09:46:14.601721]
Future: fdf95320ffeb7e2dc81c372de93822b6-5 (<unnamed-5>)

DEBUG: BEGIN TROUBLESHOOTING HELP
ClusterFuture:
Label: <unnamed-5>
Expression:
tools::pskill(pid = Sys.getpid())
Globals: <none>
Packages: <none>
L'Ecuyer-CMRG RNG seed: <none> (seed = FALSE)
Capture standard output: TRUE
Capture condition classes: ‘condition’ (excluding ‘<none>’)
Immediate condition classes: ‘immediateCondition’
Lazy evaluation: FALSE
Local evaluation: TRUE
Early signaling: FALSE
Actions: [n=1] ‘run’
State: ‘interrupted’ ("Future was interrupted during evaluation")
Resolved: TRUE
Unique identifier: fdf95320ffeb7e2dc81c372de93822b6-5
Owner process: fdf95320ffeb7e2dc81c372de93822b6
Class: ‘ClusterFuture’, ‘MultiprocessFuture’, ‘Future’
Value: <not collected>
Conditions captured: <none>
DEBUG: END TROUBLESHOOTING HELP
socket cluster with 1 nodes on host ‘localhost’
socket cluster with 1 nodes on host ‘localhost’
*** cluster() - crashed worker ... DONE
Main PID (original): 71084
Main PID: 71084
socket cluster with 1 nodes on host ‘localhost’
List of 1
 $ :List of 3
  ..$ con : 'sockconn' int 6
  .. ..- attr(*, "conn_id")=<externalptr> 
  ..$ host: chr "localhost"
  ..$ rank: int 1
  ..- attr(*, "class")= chr [1:2] "forknode" "SOCK0node"
 - attr(*, "class")= chr [1:2] "SOCKcluster" "cluster"
Main PID (original): 71084
Main PID: 71084
Cluster type ‘FORK’ ... DONE

> message("*** cluster() - terminating worker ... DONE")
*** cluster() - terminating worker ... DONE

> pid2 <- Sys.getpid()

> message("Main PID (original): ", pid)
Main PID (original): 71084

> message("Main PID: ", pid2)
Main PID: 71084

> stopifnot(pid2 == pid)
Detritus connections generated by test ‘cluster,worker-termination’:
$added
  index       description    class mode   text opened can.read can.write
4     4 <-localhost:11156 sockconn  a+b binary opened      yes       yes
5     5 <-localhost:11156 sockconn  a+b binary opened      yes       yes

$removed
NULL

$replaced
NULL

Skipping, because path appears not to be an 'R CMD check' folder: ‘/tmp’
Test time: user.self=0.2s, sys.self=0.04s, elapsed=1s, user.child=0.02s, sys.child=0.02s
Test ‘cluster,worker-termination’ ... success
> 
