
R version 4.5.2 (2025-10-31) -- "[Not] Part in a Rumble"
Copyright (C) 2025 The R Foundation for Statistical Computing
Platform: x86_64-pc-linux-gnu

R is free software and comes with ABSOLUTELY NO WARRANTY.
You are welcome to redistribute it under certain conditions.
Type 'license()' or 'licence()' for distribution details.

R is a collaborative project with many contributors.
Type 'contributors()' for more information and
'citation()' on how to cite R or R packages in publications.

Type 'demo()' for some demos, 'help()' for on-line help, or
'help.start()' for an HTML browser interface to help.
Type 'q()' to quit R.

> #! /usr/bin/env Rscript
> ## This runs testme test script inst/testme/test-futureOf_with_environment.R
> ## Don't edit - it was autogenerated by inst/testme/deploy.R
> future:::testme("futureOf_with_environment")
Test ‘futureOf_with_environment’ ...
 chr "none"

> library(future)
[09:46:40.482] Option 'future.startup.script': TRUE
[09:46:40.482] Future startup scripts considered: ‘.future.R’, ‘~/.future.R’
[09:46:40.482] Future startup scripts found: <none>

> suppressWarnings(rm(list = c("x", "z")))

> message("*** futureOf() with environment ...")
*** futureOf() with environment ...

> message("*** futureOf() with environment - future assignments ...")
*** futureOf() with environment - future assignments ...

> x <- new.env()

> x$a %<-% {
+     1
+ }
[09:46:40.485] future(..., label = NULL) ...
[09:46:40.485] | lazy: FALSE
[09:46:40.485] | stdout: TRUE
[09:46:40.485] | conditions: [n=1] ‘condition’
[09:46:40.486] | getGlobalsAndPackages() ...
[09:46:40.486] | : Searching for globals ...
[09:46:40.497] | : . globals found: [1] ‘{’
[09:46:40.497] | : Searching for globals ... done
[09:46:40.497] | : Resolving globals: FALSE
[09:46:40.497] | : Search for packages associated with the globals ...
[09:46:40.498] | : . Packages associated with globals: [1] ‘base’
[09:46:40.498] | : . Packages: [1] ‘base’
[09:46:40.498] | : Search for packages associated with the globals ... done
[09:46:40.498] | : Packages after dropping 'base': [0] 
[09:46:40.498] | : globals: [0] 
[09:46:40.498] | : packages: [0] 
[09:46:40.499] | getGlobalsAndPackages() ... done
[09:46:40.499] | run() for ‘Future’ (<unnamed-1>) ...
[09:46:40.499] | : state: ‘created’
[09:46:40.499] | : plan("backend", .skip = FALSE, .cleanup = NA, .init = TRUE) ...
[09:46:40.500] | : . plan(): plan_init() of ‘sequential’, ‘uniprocess’, ‘future’, ‘function’ ...
[09:46:40.500] | : . ' function (..., envir = parent.frame())  
[09:46:40.500] | : . '  - attr(*, "class")= chr [1:4] "sequential" "uniprocess" "future" "function"
[09:46:40.500] | : . '  - attr(*, "init")= logi TRUE
[09:46:40.500] | : . '  - attr(*, "factory")=function (..., maxSizeOfObjects = +Inf)  
[09:46:40.500] | : . '   ..- attr(*, "tweakable")= chr [1:5] "maxSizeOfObjects" "earlySignal" "gc" "interrupts" ...
[09:46:40.500] | : . '  - attr(*, "tweakable")= chr [1:5] "maxSizeOfObjects" "earlySignal" "gc" "interrupts" ...
[09:46:40.500] | : . '  - attr(*, "call")= language plan(sequential)
[09:46:40.502] | : . ' init: TRUE
[09:46:40.503] | : . ' makeFutureBackend(<sequential>) ...
[09:46:40.503] | : . ' , Backend function: <‘NULL’>
[09:46:40.503] | : . ' , Evaluator tweak arguments: [n=0]
[09:46:40.503] | : . ' ,  list()
[09:46:40.503] | : . ' , Evaluator formal arguments: [n=1]
[09:46:40.503] | : . ' , Dotted pair list of 1
[09:46:40.503] | : . ' ,  $ envir: language parent.frame()
[09:46:40.504] | : . ' , Arguments passed to the future-backend factory: [n=1]
[09:46:40.504] | : . ' , List of 1
[09:46:40.504] | : . ' ,  $ envir: language parent.frame()
[09:46:40.505] | : . ' , Backend: <‘SequentialFutureBackend’, ‘FutureBackend’, ‘environment’>
[09:46:40.505] | : . ' makeFutureBackend(<sequential>) ... done
[09:46:40.505] | : . plan(): plan_init() of ‘sequential’, ‘uniprocess’, ‘future’, ‘function’ ... done
[09:46:40.505] | : plan("backend", .skip = FALSE, .cleanup = NA, .init = TRUE) ... done
[09:46:40.505] | : Using SequentialFutureBackend ...
[09:46:40.505] | : . Number of futures since start: 0 (0 created, 0 launched, 0 finished)
[09:46:40.505] | : . Launching futures ...
[09:46:40.506] | : . ' launchFuture() for ‘SequentialFutureBackend’, ‘FutureBackend’, ‘environment’ ...
[09:46:40.506] | : . ' , getFutureData() ...
[09:46:40.506] | : . ' , ; getFutureCore() ...
[09:46:40.506] | : . ' , ; ` Packages needed by the future expression (n = 0): <none>
[09:46:40.506] | : . ' , ; getFutureCore() ... done
[09:46:40.506] | : . ' , ; getFutureCapture() ...
[09:46:40.506] | : . ' , ; getFutureCapture() ... done
[09:46:40.507] | : . ' , ; getFutureContext() ...
[09:46:40.507] | : . ' , ; ` plan("tail", .skip = FALSE, .cleanup = NA, .init = TRUE) ...
[09:46:40.507] | : . ' , ; ` | Getting stack without first backend: [n=0] 
[09:46:40.507] | : . ' , ; ` plan("tail", .skip = FALSE, .cleanup = NA, .init = TRUE) ... done
[09:46:40.507] | : . ' , ; ` Packages needed by future backend (n = 0): <none>
[09:46:40.507] | : . ' , ; getFutureContext() ... done
[09:46:40.507] | : . ' , getFutureData() ... done
[09:46:40.510] | : . ' , plan("list", .skip = FALSE, .cleanup = NA, .init = TRUE) ...
[09:46:40.510] | : . ' , ; Getting full stack: [n=1] ‘sequential’, ‘uniprocess’, ‘future’, ‘function’
[09:46:40.510] | : . ' , plan("list", .skip = FALSE, .cleanup = NA, .init = TRUE) ... done
[09:46:40.510] | : . ' , plan(<‘name’>, .skip = FALSE, .cleanup = FALSE, .init = FALSE) ...
[09:46:40.511] | : . ' , ; plan(): plan_set(<1 strategies>, skip = FALSE, cleanup = FALSE, init = FALSE) ...
[09:46:40.511] | : . ' , ; ` all.equal() for FutureStrategyList ...
[09:46:40.511] | : . ' , ; ` | New stack:
[09:46:40.511] | : . ' , ; ` | List of 1
[09:46:40.511] | : . ' , ; ` |  $ :function (..., envir = parent.frame())  
[09:46:40.511] | : . ' , ; ` |   ..- attr(*, "class")= chr [1:4] "sequential" "uniprocess" "future" "function"
[09:46:40.511] | : . ' , ; ` |   ..- attr(*, "init")= logi TRUE
[09:46:40.511] | : . ' , ; ` |   ..- attr(*, "factory")=function (..., maxSizeOfObjects = +Inf)  
[09:46:40.511] | : . ' , ; ` |   .. ..- attr(*, "tweakable")= chr [1:5] "maxSizeOfObjects" "earlySignal" "gc" "interrupts" ...
[09:46:40.511] | : . ' , ; ` |   ..- attr(*, "tweakable")= chr [1:5] "maxSizeOfObjects" "earlySignal" "gc" "interrupts" ...
[09:46:40.511] | : . ' , ; ` |   ..- attr(*, "call")= language plan(strategiesR, .cleanup = FALSE, .init = FALSE)
[09:46:40.511] | : . ' , ; ` |  - attr(*, "class")= chr [1:2] "FutureStrategyList" "list"
[09:46:40.513] | : . ' , ; ` | Old stack:
[09:46:40.514] | : . ' , ; ` | List of 1
[09:46:40.514] | : . ' , ; ` |  $ :function (..., envir = parent.frame())  
[09:46:40.514] | : . ' , ; ` |   ..- attr(*, "class")= chr [1:4] "sequential" "uniprocess" "future" "function"
[09:46:40.514] | : . ' , ; ` |   ..- attr(*, "init")= chr "done"
[09:46:40.514] | : . ' , ; ` |   ..- attr(*, "factory")=function (..., maxSizeOfObjects = +Inf)  
[09:46:40.514] | : . ' , ; ` |   .. ..- attr(*, "tweakable")= chr [1:5] "maxSizeOfObjects" "earlySignal" "gc" "interrupts" ...
[09:46:40.514] | : . ' , ; ` |   ..- attr(*, "tweakable")= chr [1:5] "maxSizeOfObjects" "earlySignal" "gc" "interrupts" ...
[09:46:40.514] | : . ' , ; ` |   ..- attr(*, "call")= language plan(sequential)
[09:46:40.514] | : . ' , ; ` |   ..- attr(*, "backend")=Classes 'SequentialFutureBackend', 'FutureBackend', 'environment' <environment: 0x5587c6f960b0> 
[09:46:40.514] | : . ' , ; ` |   .. ..- attr(*, "factory")=function (..., maxSizeOfObjects = +Inf)  
[09:46:40.514] | : . ' , ; ` |   .. .. ..- attr(*, "tweakable")= chr [1:5] "maxSizeOfObjects" "earlySignal" "gc" "interrupts" ...
[09:46:40.514] | : . ' , ; ` |  - attr(*, "class")= chr [1:2] "FutureStrategyList" "list"
[09:46:40.517] | : . ' , ; ` | Not identical
[09:46:40.517] | : . ' , ; ` | all.equal() for future ...
[09:46:40.517] | : . ' , ; ` | : List of 2
[09:46:40.517] | : . ' , ; ` | :  $ target :function (..., envir = parent.frame())  
[09:46:40.517] | : . ' , ; ` | :   ..- attr(*, "class")= chr [1:4] "sequential" "uniprocess" "future" "function"
[09:46:40.517] | : . ' , ; ` | :   ..- attr(*, "init")= logi TRUE
[09:46:40.517] | : . ' , ; ` | :   ..- attr(*, "factory")=function (..., maxSizeOfObjects = +Inf)  
[09:46:40.517] | : . ' , ; ` | :   .. ..- attr(*, "tweakable")= chr [1:5] "maxSizeOfObjects" "earlySignal" "gc" "interrupts" ...
[09:46:40.517] | : . ' , ; ` | :   ..- attr(*, "tweakable")= chr [1:5] "maxSizeOfObjects" "earlySignal" "gc" "interrupts" ...
[09:46:40.517] | : . ' , ; ` | :   ..- attr(*, "call")= language plan(strategiesR, .cleanup = FALSE, .init = FALSE)
[09:46:40.517] | : . ' , ; ` | :  $ current:function (..., envir = parent.frame())  
[09:46:40.517] | : . ' , ; ` | :   ..- attr(*, "class")= chr [1:4] "sequential" "uniprocess" "future" "function"
[09:46:40.517] | : . ' , ; ` | :   ..- attr(*, "init")= chr "done"
[09:46:40.517] | : . ' , ; ` | :   ..- attr(*, "factory")=function (..., maxSizeOfObjects = +Inf)  
[09:46:40.517] | : . ' , ; ` | :   .. ..- attr(*, "tweakable")= chr [1:5] "maxSizeOfObjects" "earlySignal" "gc" "interrupts" ...
[09:46:40.517] | : . ' , ; ` | :   ..- attr(*, "tweakable")= chr [1:5] "maxSizeOfObjects" "earlySignal" "gc" "interrupts" ...
[09:46:40.517] | : . ' , ; ` | :   ..- attr(*, "call")= language plan(sequential)
[09:46:40.517] | : . ' , ; ` | :   ..- attr(*, "backend")=Classes 'SequentialFutureBackend', 'FutureBackend', 'environment' <environment: 0x5587c6f960b0> 
[09:46:40.517] | : . ' , ; ` | :   .. ..- attr(*, "factory")=function (..., maxSizeOfObjects = +Inf)  
[09:46:40.517] | : . ' , ; ` | :   .. .. ..- attr(*, "tweakable")= chr [1:5] "maxSizeOfObjects" "earlySignal" "gc" "interrupts" ...
[09:46:40.523] | : . ' , ; ` | all.equal() for future ... done
[09:46:40.523] | : . ' , ; ` all.equal() for FutureStrategyList ... done
[09:46:40.524] | : . ' , ; ` plan(): Skip setting new future backend stack because it is the same as the current one:
[09:46:40.524] | : . ' , ; ` List of future strategies:
[09:46:40.524] | : . ' , ; ` 1. sequential:
[09:46:40.524] | : . ' , ; `    - args: function (..., envir = parent.frame(), workers = "<NULL>")
[09:46:40.524] | : . ' , ; `    - tweaked: FALSE
[09:46:40.524] | : . ' , ; `    - call: plan(sequential)
[09:46:40.524] | : . ' , ; plan(): plan_set(<1 strategies>, skip = FALSE, cleanup = FALSE, init = FALSE) ... done
[09:46:40.524] | : . ' , plan(<‘name’>, .skip = FALSE, .cleanup = FALSE, .init = FALSE) ... done
[09:46:40.527] | : . ' , plan(<‘name’>, .skip = FALSE, .cleanup = FALSE, .init = FALSE) ...
[09:46:40.527] | : . ' , ; plan(<‘FutureStrategyList’>, .skip = FALSE, .cleanup = FALSE, .init = FALSE) ...
[09:46:40.527] | : . ' , ; ` plan(): plan_set(<1 strategies>, skip = FALSE, cleanup = FALSE, init = FALSE) ...
[09:46:40.527] | : . ' , ; ` | all.equal() for FutureStrategyList ...
[09:46:40.527] | : . ' , ; ` | : New stack:
[09:46:40.527] | : . ' , ; ` | : List of 1
[09:46:40.527] | : . ' , ; ` | :  $ :function (..., envir = parent.frame())  
[09:46:40.527] | : . ' , ; ` | :   ..- attr(*, "class")= chr [1:4] "sequential" "uniprocess" "future" "function"
[09:46:40.527] | : . ' , ; ` | :   ..- attr(*, "init")= chr "done"
[09:46:40.527] | : . ' , ; ` | :   ..- attr(*, "factory")=function (..., maxSizeOfObjects = +Inf)  
[09:46:40.527] | : . ' , ; ` | :   .. ..- attr(*, "tweakable")= chr [1:5] "maxSizeOfObjects" "earlySignal" "gc" "interrupts" ...
[09:46:40.527] | : . ' , ; ` | :   ..- attr(*, "tweakable")= chr [1:5] "maxSizeOfObjects" "earlySignal" "gc" "interrupts" ...
[09:46:40.527] | : . ' , ; ` | :   ..- attr(*, "call")= language plan(sequential)
[09:46:40.527] | : . ' , ; ` | :   ..- attr(*, "backend")=Classes 'SequentialFutureBackend', 'FutureBackend', 'environment' <environment: 0x5587c6f960b0> 
[09:46:40.527] | : . ' , ; ` | :   .. ..- attr(*, "factory")=function (..., maxSizeOfObjects = +Inf)  
[09:46:40.527] | : . ' , ; ` | :   .. .. ..- attr(*, "tweakable")= chr [1:5] "maxSizeOfObjects" "earlySignal" "gc" "interrupts" ...
[09:46:40.527] | : . ' , ; ` | :  - attr(*, "class")= chr [1:2] "FutureStrategyList" "list"
[09:46:40.530] | : . ' , ; ` | : Old stack:
[09:46:40.530] | : . ' , ; ` | : List of 1
[09:46:40.530] | : . ' , ; ` | :  $ :function (..., envir = parent.frame())  
[09:46:40.530] | : . ' , ; ` | :   ..- attr(*, "class")= chr [1:4] "sequential" "uniprocess" "future" "function"
[09:46:40.530] | : . ' , ; ` | :   ..- attr(*, "init")= chr "done"
[09:46:40.530] | : . ' , ; ` | :   ..- attr(*, "factory")=function (..., maxSizeOfObjects = +Inf)  
[09:46:40.530] | : . ' , ; ` | :   .. ..- attr(*, "tweakable")= chr [1:5] "maxSizeOfObjects" "earlySignal" "gc" "interrupts" ...
[09:46:40.530] | : . ' , ; ` | :   ..- attr(*, "tweakable")= chr [1:5] "maxSizeOfObjects" "earlySignal" "gc" "interrupts" ...
[09:46:40.530] | : . ' , ; ` | :   ..- attr(*, "call")= language plan(sequential)
[09:46:40.530] | : . ' , ; ` | :   ..- attr(*, "backend")=Classes 'SequentialFutureBackend', 'FutureBackend', 'environment' <environment: 0x5587c6f960b0> 
[09:46:40.530] | : . ' , ; ` | :   .. ..- attr(*, "factory")=function (..., maxSizeOfObjects = +Inf)  
[09:46:40.530] | : . ' , ; ` | :   .. .. ..- attr(*, "tweakable")= chr [1:5] "maxSizeOfObjects" "earlySignal" "gc" "interrupts" ...
[09:46:40.530] | : . ' , ; ` | :  - attr(*, "class")= chr [1:2] "FutureStrategyList" "list"
[09:46:40.533] | : . ' , ; ` | : Identical
[09:46:40.533] | : . ' , ; ` | all.equal() for FutureStrategyList ... done
[09:46:40.534] | : . ' , ; ` | plan(): Skip setting new future backend stack because it is the same as the current one:
[09:46:40.534] | : . ' , ; ` | List of future strategies:
[09:46:40.534] | : . ' , ; ` | 1. sequential:
[09:46:40.534] | : . ' , ; ` |    - args: function (..., envir = parent.frame(), workers = "<NULL>")
[09:46:40.534] | : . ' , ; ` |    - tweaked: FALSE
[09:46:40.534] | : . ' , ; ` |    - call: plan(sequential)
[09:46:40.534] | : . ' , ; ` plan(): plan_set(<1 strategies>, skip = FALSE, cleanup = FALSE, init = FALSE) ... done
[09:46:40.534] | : . ' , ; plan(<‘FutureStrategyList’>, .skip = FALSE, .cleanup = FALSE, .init = FALSE) ... done
[09:46:40.534] | : . ' , plan(<‘name’>, .skip = FALSE, .cleanup = FALSE, .init = FALSE) ... done
[09:46:40.537] | : . ' , SequentialFuture started (and completed)
[09:46:40.537] | : . ' , signalConditions() ...
[09:46:40.537] | : . ' , ; include = ‘immediateCondition’
[09:46:40.538] | : . ' , ; exclude = 
[09:46:40.538] | : . ' , ; resignal = FALSE
[09:46:40.538] | : . ' , ; Number of conditions: 6
[09:46:40.539] | : . ' , ;  int 6
[09:46:40.539] | : . ' , ; Condition #1 (class: ‘simpleMessage’, ‘message’, ‘condition’):
[09:46:40.539] | : . ' , ; Condition #2 (class: ‘simpleMessage’, ‘message’, ‘condition’):
[09:46:40.539] | : . ' , ; Condition #3 (class: ‘simpleMessage’, ‘message’, ‘condition’):
[09:46:40.540] | : . ' , ; Condition #4 (class: ‘simpleMessage’, ‘message’, ‘condition’):
[09:46:40.540] | : . ' , ; Condition #5 (class: ‘simpleMessage’, ‘message’, ‘condition’):
[09:46:40.540] | : . ' , ; Condition #6 (class: ‘simpleMessage’, ‘message’, ‘condition’):
[09:46:40.540] | : . ' , signalConditions() ... done
[09:46:40.540] | : . ' launchFuture() for ‘SequentialFutureBackend’, ‘FutureBackend’, ‘environment’ ... done
[09:46:40.540] | : . Launching futures ... done
[09:46:40.540] | : . Future launched: ‘SequentialFuture’, ‘UniprocessFuture’, ‘Future’
[09:46:40.540] | : Using SequentialFutureBackend ... done
[09:46:40.541] | run() for ‘Future’ (<unnamed-1>) ... done
[09:46:40.541] future(..., label = NULL) ... done

> f1 <- futureOf("a", envir = x)

> print(f1)
SequentialFuture:
Label: <unnamed-1>
Expression:
{
    1
}
Globals: <none>
Packages: <none>
L'Ecuyer-CMRG RNG seed: <none> (seed = FALSE)
Capture standard output: TRUE
Capture condition classes: ‘condition’ (excluding ‘<none>’)
Immediate condition classes: ‘immediateCondition’
Lazy evaluation: FALSE
Local evaluation: TRUE
Early signaling: FALSE
Actions: [n=1] ‘run’
State: ‘finished’ ("Future was resolved successfully")
Resolved: TRUE
Unique identifier: d349e369aa08cc821957c4c64d0aef82-1
Owner process: d349e369aa08cc821957c4c64d0aef82
Class: ‘SequentialFuture’, ‘UniprocessFuture’, ‘Future’
Value: 39 bytes of class ‘numeric’
Conditions captured: [n=6] ‘simpleMessage’, ‘simpleMessage’, ‘simpleMessage’, ‘simpleMessage’, ‘simpleMessage’, ‘simpleMessage’
Duration: 0.01775622 secs (started 2026-01-29 09:46:40.508957)
Worker process: d349e369aa08cc821957c4c64d0aef82

> f2 <- futureOf(a, envir = x)

> f3 <- futureOf(x[["a"]])

> f4 <- futureOf(x$a)

> stopifnot(identical(f2, f1), identical(f3, f1), identical(f4, 
+     f1))

> fs <- futureOf(envir = x)

> print(fs)
$a
SequentialFuture:
Label: <unnamed-1>
Expression:
{
    1
}
Globals: <none>
Packages: <none>
L'Ecuyer-CMRG RNG seed: <none> (seed = FALSE)
Capture standard output: TRUE
Capture condition classes: ‘condition’ (excluding ‘<none>’)
Immediate condition classes: ‘immediateCondition’
Lazy evaluation: FALSE
Local evaluation: TRUE
Early signaling: FALSE
Actions: [n=1] ‘run’
State: ‘finished’ ("Future was resolved successfully")
Resolved: TRUE
Unique identifier: d349e369aa08cc821957c4c64d0aef82-1
Owner process: d349e369aa08cc821957c4c64d0aef82
Class: ‘SequentialFuture’, ‘UniprocessFuture’, ‘Future’
Value: 39 bytes of class ‘numeric’
Conditions captured: [n=6] ‘simpleMessage’, ‘simpleMessage’, ‘simpleMessage’, ‘simpleMessage’, ‘simpleMessage’, ‘simpleMessage’
Duration: 0.01775622 secs (started 2026-01-29 09:46:40.508957)
Worker process: d349e369aa08cc821957c4c64d0aef82


> stopifnot(identical(names(fs), c("a")))

> stopifnot(identical(fs$a, f1))

> fsD <- futureOf(envir = x, drop = TRUE)

> print(fsD)
$a
SequentialFuture:
Label: <unnamed-1>
Expression:
{
    1
}
Globals: <none>
Packages: <none>
L'Ecuyer-CMRG RNG seed: <none> (seed = FALSE)
Capture standard output: TRUE
Capture condition classes: ‘condition’ (excluding ‘<none>’)
Immediate condition classes: ‘immediateCondition’
Lazy evaluation: FALSE
Local evaluation: TRUE
Early signaling: FALSE
Actions: [n=1] ‘run’
State: ‘finished’ ("Future was resolved successfully")
Resolved: TRUE
Unique identifier: d349e369aa08cc821957c4c64d0aef82-1
Owner process: d349e369aa08cc821957c4c64d0aef82
Class: ‘SequentialFuture’, ‘UniprocessFuture’, ‘Future’
Value: 39 bytes of class ‘numeric’
Conditions captured: [n=6] ‘simpleMessage’, ‘simpleMessage’, ‘simpleMessage’, ‘simpleMessage’, ‘simpleMessage’, ‘simpleMessage’
Duration: 0.01775622 secs (started 2026-01-29 09:46:40.508957)
Worker process: d349e369aa08cc821957c4c64d0aef82


> stopifnot(all(sapply(fsD, FUN = inherits, "Future")))

> stopifnot(identical(fsD, fs))

> message("*** futureOf() with environment - future assignments ... DONE")
*** futureOf() with environment - future assignments ... DONE

> message("*** futureOf() with environment - futures ...")
*** futureOf() with environment - futures ...

> x <- new.env()

> x$a <- future({
+     1
+ })
[09:46:40.545] future(..., label = NULL) ...
[09:46:40.545] | lazy: FALSE
[09:46:40.545] | stdout: TRUE
[09:46:40.545] | conditions: [n=1] ‘condition’
[09:46:40.545] | getGlobalsAndPackages() ...
[09:46:40.545] | : Searching for globals ...
[09:46:40.548] | : . globals found: [1] ‘{’
[09:46:40.548] | : Searching for globals ... done
[09:46:40.548] | : Resolving globals: FALSE
[09:46:40.549] | : Search for packages associated with the globals ...
[09:46:40.549] | : . Packages associated with globals: [1] ‘base’
[09:46:40.549] | : . Packages: [1] ‘base’
[09:46:40.549] | : Search for packages associated with the globals ... done
[09:46:40.549] | : Packages after dropping 'base': [0] 
[09:46:40.549] | : globals: [0] 
[09:46:40.549] | : packages: [0] 
[09:46:40.549] | getGlobalsAndPackages() ... done
[09:46:40.550] | run() for ‘Future’ (<unnamed-2>) ...
[09:46:40.550] | : state: ‘created’
[09:46:40.550] | : plan("backend", .skip = FALSE, .cleanup = NA, .init = TRUE) ...
[09:46:40.550] | : plan("backend", .skip = FALSE, .cleanup = NA, .init = TRUE) ... done
[09:46:40.550] | : Using SequentialFutureBackend ...
[09:46:40.550] | : . Number of futures since start: 1 (1 created, 1 launched, 1 finished)
[09:46:40.550] | : . Launching futures ...
[09:46:40.550] | : . ' launchFuture() for ‘SequentialFutureBackend’, ‘FutureBackend’, ‘environment’ ...
[09:46:40.550] | : . ' , getFutureData() ...
[09:46:40.551] | : . ' , ; getFutureCore() ...
[09:46:40.551] | : . ' , ; ` Packages needed by the future expression (n = 0): <none>
[09:46:40.551] | : . ' , ; getFutureCore() ... done
[09:46:40.551] | : . ' , ; getFutureCapture() ...
[09:46:40.551] | : . ' , ; getFutureCapture() ... done
[09:46:40.551] | : . ' , ; getFutureContext() ...
[09:46:40.551] | : . ' , ; ` plan("tail", .skip = FALSE, .cleanup = NA, .init = TRUE) ...
[09:46:40.551] | : . ' , ; ` | Getting stack without first backend: [n=0] 
[09:46:40.551] | : . ' , ; ` plan("tail", .skip = FALSE, .cleanup = NA, .init = TRUE) ... done
[09:46:40.551] | : . ' , ; ` Packages needed by future backend (n = 0): <none>
[09:46:40.552] | : . ' , ; getFutureContext() ... done
[09:46:40.552] | : . ' , getFutureData() ... done
[09:46:40.553] | : . ' , plan("list", .skip = FALSE, .cleanup = NA, .init = TRUE) ...
[09:46:40.553] | : . ' , ; Getting full stack: [n=1] ‘sequential’, ‘uniprocess’, ‘future’, ‘function’
[09:46:40.553] | : . ' , plan("list", .skip = FALSE, .cleanup = NA, .init = TRUE) ... done
[09:46:40.553] | : . ' , plan(<‘name’>, .skip = FALSE, .cleanup = FALSE, .init = FALSE) ...
[09:46:40.554] | : . ' , ; plan(): plan_set(<1 strategies>, skip = FALSE, cleanup = FALSE, init = FALSE) ...
[09:46:40.554] | : . ' , ; ` all.equal() for FutureStrategyList ...
[09:46:40.554] | : . ' , ; ` | New stack:
[09:46:40.554] | : . ' , ; ` | List of 1
[09:46:40.554] | : . ' , ; ` |  $ :function (..., envir = parent.frame())  
[09:46:40.554] | : . ' , ; ` |   ..- attr(*, "class")= chr [1:4] "sequential" "uniprocess" "future" "function"
[09:46:40.554] | : . ' , ; ` |   ..- attr(*, "init")= logi TRUE
[09:46:40.554] | : . ' , ; ` |   ..- attr(*, "factory")=function (..., maxSizeOfObjects = +Inf)  
[09:46:40.554] | : . ' , ; ` |   .. ..- attr(*, "tweakable")= chr [1:5] "maxSizeOfObjects" "earlySignal" "gc" "interrupts" ...
[09:46:40.554] | : . ' , ; ` |   ..- attr(*, "tweakable")= chr [1:5] "maxSizeOfObjects" "earlySignal" "gc" "interrupts" ...
[09:46:40.554] | : . ' , ; ` |   ..- attr(*, "call")= language plan(strategiesR, .cleanup = FALSE, .init = FALSE)
[09:46:40.554] | : . ' , ; ` |  - attr(*, "class")= chr [1:2] "FutureStrategyList" "list"
[09:46:40.556] | : . ' , ; ` | Old stack:
[09:46:40.556] | : . ' , ; ` | List of 1
[09:46:40.556] | : . ' , ; ` |  $ :function (..., envir = parent.frame())  
[09:46:40.556] | : . ' , ; ` |   ..- attr(*, "class")= chr [1:4] "sequential" "uniprocess" "future" "function"
[09:46:40.556] | : . ' , ; ` |   ..- attr(*, "init")= chr "done"
[09:46:40.556] | : . ' , ; ` |   ..- attr(*, "factory")=function (..., maxSizeOfObjects = +Inf)  
[09:46:40.556] | : . ' , ; ` |   .. ..- attr(*, "tweakable")= chr [1:5] "maxSizeOfObjects" "earlySignal" "gc" "interrupts" ...
[09:46:40.556] | : . ' , ; ` |   ..- attr(*, "tweakable")= chr [1:5] "maxSizeOfObjects" "earlySignal" "gc" "interrupts" ...
[09:46:40.556] | : . ' , ; ` |   ..- attr(*, "call")= language plan(sequential)
[09:46:40.556] | : . ' , ; ` |   ..- attr(*, "backend")=Classes 'SequentialFutureBackend', 'FutureBackend', 'environment' <environment: 0x5587c6f960b0> 
[09:46:40.556] | : . ' , ; ` |   .. ..- attr(*, "factory")=function (..., maxSizeOfObjects = +Inf)  
[09:46:40.556] | : . ' , ; ` |   .. .. ..- attr(*, "tweakable")= chr [1:5] "maxSizeOfObjects" "earlySignal" "gc" "interrupts" ...
[09:46:40.556] | : . ' , ; ` |  - attr(*, "class")= chr [1:2] "FutureStrategyList" "list"
[09:46:40.560] | : . ' , ; ` | Not identical
[09:46:40.560] | : . ' , ; ` | all.equal() for future ...
[09:46:40.560] | : . ' , ; ` | : List of 2
[09:46:40.560] | : . ' , ; ` | :  $ target :function (..., envir = parent.frame())  
[09:46:40.560] | : . ' , ; ` | :   ..- attr(*, "class")= chr [1:4] "sequential" "uniprocess" "future" "function"
[09:46:40.560] | : . ' , ; ` | :   ..- attr(*, "init")= logi TRUE
[09:46:40.560] | : . ' , ; ` | :   ..- attr(*, "factory")=function (..., maxSizeOfObjects = +Inf)  
[09:46:40.560] | : . ' , ; ` | :   .. ..- attr(*, "tweakable")= chr [1:5] "maxSizeOfObjects" "earlySignal" "gc" "interrupts" ...
[09:46:40.560] | : . ' , ; ` | :   ..- attr(*, "tweakable")= chr [1:5] "maxSizeOfObjects" "earlySignal" "gc" "interrupts" ...
[09:46:40.560] | : . ' , ; ` | :   ..- attr(*, "call")= language plan(strategiesR, .cleanup = FALSE, .init = FALSE)
[09:46:40.560] | : . ' , ; ` | :  $ current:function (..., envir = parent.frame())  
[09:46:40.560] | : . ' , ; ` | :   ..- attr(*, "class")= chr [1:4] "sequential" "uniprocess" "future" "function"
[09:46:40.560] | : . ' , ; ` | :   ..- attr(*, "init")= chr "done"
[09:46:40.560] | : . ' , ; ` | :   ..- attr(*, "factory")=function (..., maxSizeOfObjects = +Inf)  
[09:46:40.560] | : . ' , ; ` | :   .. ..- attr(*, "tweakable")= chr [1:5] "maxSizeOfObjects" "earlySignal" "gc" "interrupts" ...
[09:46:40.560] | : . ' , ; ` | :   ..- attr(*, "tweakable")= chr [1:5] "maxSizeOfObjects" "earlySignal" "gc" "interrupts" ...
[09:46:40.560] | : . ' , ; ` | :   ..- attr(*, "call")= language plan(sequential)
[09:46:40.560] | : . ' , ; ` | :   ..- attr(*, "backend")=Classes 'SequentialFutureBackend', 'FutureBackend', 'environment' <environment: 0x5587c6f960b0> 
[09:46:40.560] | : . ' , ; ` | :   .. ..- attr(*, "factory")=function (..., maxSizeOfObjects = +Inf)  
[09:46:40.560] | : . ' , ; ` | :   .. .. ..- attr(*, "tweakable")= chr [1:5] "maxSizeOfObjects" "earlySignal" "gc" "interrupts" ...
[09:46:40.565] | : . ' , ; ` | all.equal() for future ... done
[09:46:40.565] | : . ' , ; ` all.equal() for FutureStrategyList ... done
[09:46:40.566] | : . ' , ; ` plan(): Skip setting new future backend stack because it is the same as the current one:
[09:46:40.566] | : . ' , ; ` List of future strategies:
[09:46:40.566] | : . ' , ; ` 1. sequential:
[09:46:40.566] | : . ' , ; `    - args: function (..., envir = parent.frame(), workers = "<NULL>")
[09:46:40.566] | : . ' , ; `    - tweaked: FALSE
[09:46:40.566] | : . ' , ; `    - call: plan(sequential)
[09:46:40.566] | : . ' , ; plan(): plan_set(<1 strategies>, skip = FALSE, cleanup = FALSE, init = FALSE) ... done
[09:46:40.566] | : . ' , plan(<‘name’>, .skip = FALSE, .cleanup = FALSE, .init = FALSE) ... done
[09:46:40.568] | : . ' , plan(<‘name’>, .skip = FALSE, .cleanup = FALSE, .init = FALSE) ...
[09:46:40.568] | : . ' , ; plan(<‘FutureStrategyList’>, .skip = FALSE, .cleanup = FALSE, .init = FALSE) ...
[09:46:40.568] | : . ' , ; ` plan(): plan_set(<1 strategies>, skip = FALSE, cleanup = FALSE, init = FALSE) ...
[09:46:40.568] | : . ' , ; ` | all.equal() for FutureStrategyList ...
[09:46:40.568] | : . ' , ; ` | : New stack:
[09:46:40.568] | : . ' , ; ` | : List of 1
[09:46:40.568] | : . ' , ; ` | :  $ :function (..., envir = parent.frame())  
[09:46:40.568] | : . ' , ; ` | :   ..- attr(*, "class")= chr [1:4] "sequential" "uniprocess" "future" "function"
[09:46:40.568] | : . ' , ; ` | :   ..- attr(*, "init")= chr "done"
[09:46:40.568] | : . ' , ; ` | :   ..- attr(*, "factory")=function (..., maxSizeOfObjects = +Inf)  
[09:46:40.568] | : . ' , ; ` | :   .. ..- attr(*, "tweakable")= chr [1:5] "maxSizeOfObjects" "earlySignal" "gc" "interrupts" ...
[09:46:40.568] | : . ' , ; ` | :   ..- attr(*, "tweakable")= chr [1:5] "maxSizeOfObjects" "earlySignal" "gc" "interrupts" ...
[09:46:40.568] | : . ' , ; ` | :   ..- attr(*, "call")= language plan(sequential)
[09:46:40.568] | : . ' , ; ` | :   ..- attr(*, "backend")=Classes 'SequentialFutureBackend', 'FutureBackend', 'environment' <environment: 0x5587c6f960b0> 
[09:46:40.568] | : . ' , ; ` | :   .. ..- attr(*, "factory")=function (..., maxSizeOfObjects = +Inf)  
[09:46:40.568] | : . ' , ; ` | :   .. .. ..- attr(*, "tweakable")= chr [1:5] "maxSizeOfObjects" "earlySignal" "gc" "interrupts" ...
[09:46:40.568] | : . ' , ; ` | :  - attr(*, "class")= chr [1:2] "FutureStrategyList" "list"
[09:46:40.571] | : . ' , ; ` | : Old stack:
[09:46:40.571] | : . ' , ; ` | : List of 1
[09:46:40.571] | : . ' , ; ` | :  $ :function (..., envir = parent.frame())  
[09:46:40.571] | : . ' , ; ` | :   ..- attr(*, "class")= chr [1:4] "sequential" "uniprocess" "future" "function"
[09:46:40.571] | : . ' , ; ` | :   ..- attr(*, "init")= chr "done"
[09:46:40.571] | : . ' , ; ` | :   ..- attr(*, "factory")=function (..., maxSizeOfObjects = +Inf)  
[09:46:40.571] | : . ' , ; ` | :   .. ..- attr(*, "tweakable")= chr [1:5] "maxSizeOfObjects" "earlySignal" "gc" "interrupts" ...
[09:46:40.571] | : . ' , ; ` | :   ..- attr(*, "tweakable")= chr [1:5] "maxSizeOfObjects" "earlySignal" "gc" "interrupts" ...
[09:46:40.571] | : . ' , ; ` | :   ..- attr(*, "call")= language plan(sequential)
[09:46:40.571] | : . ' , ; ` | :   ..- attr(*, "backend")=Classes 'SequentialFutureBackend', 'FutureBackend', 'environment' <environment: 0x5587c6f960b0> 
[09:46:40.571] | : . ' , ; ` | :   .. ..- attr(*, "factory")=function (..., maxSizeOfObjects = +Inf)  
[09:46:40.571] | : . ' , ; ` | :   .. .. ..- attr(*, "tweakable")= chr [1:5] "maxSizeOfObjects" "earlySignal" "gc" "interrupts" ...
[09:46:40.571] | : . ' , ; ` | :  - attr(*, "class")= chr [1:2] "FutureStrategyList" "list"
[09:46:40.574] | : . ' , ; ` | : Identical
[09:46:40.575] | : . ' , ; ` | all.equal() for FutureStrategyList ... done
[09:46:40.575] | : . ' , ; ` | plan(): Skip setting new future backend stack because it is the same as the current one:
[09:46:40.575] | : . ' , ; ` | List of future strategies:
[09:46:40.575] | : . ' , ; ` | 1. sequential:
[09:46:40.575] | : . ' , ; ` |    - args: function (..., envir = parent.frame(), workers = "<NULL>")
[09:46:40.575] | : . ' , ; ` |    - tweaked: FALSE
[09:46:40.575] | : . ' , ; ` |    - call: plan(sequential)
[09:46:40.576] | : . ' , ; ` plan(): plan_set(<1 strategies>, skip = FALSE, cleanup = FALSE, init = FALSE) ... done
[09:46:40.576] | : . ' , ; plan(<‘FutureStrategyList’>, .skip = FALSE, .cleanup = FALSE, .init = FALSE) ... done
[09:46:40.576] | : . ' , plan(<‘name’>, .skip = FALSE, .cleanup = FALSE, .init = FALSE) ... done
[09:46:40.576] | : . ' , SequentialFuture started (and completed)
[09:46:40.577] | : . ' , signalConditions() ...
[09:46:40.577] | : . ' , ; include = ‘immediateCondition’
[09:46:40.577] | : . ' , ; exclude = 
[09:46:40.577] | : . ' , ; resignal = FALSE
[09:46:40.577] | : . ' , ; Number of conditions: 6
[09:46:40.577] | : . ' , ;  int 6
[09:46:40.577] | : . ' , ; Condition #1 (class: ‘simpleMessage’, ‘message’, ‘condition’):
[09:46:40.578] | : . ' , ; Condition #2 (class: ‘simpleMessage’, ‘message’, ‘condition’):
[09:46:40.578] | : . ' , ; Condition #3 (class: ‘simpleMessage’, ‘message’, ‘condition’):
[09:46:40.578] | : . ' , ; Condition #4 (class: ‘simpleMessage’, ‘message’, ‘condition’):
[09:46:40.578] | : . ' , ; Condition #5 (class: ‘simpleMessage’, ‘message’, ‘condition’):
[09:46:40.578] | : . ' , ; Condition #6 (class: ‘simpleMessage’, ‘message’, ‘condition’):
[09:46:40.578] | : . ' , signalConditions() ... done
[09:46:40.578] | : . ' launchFuture() for ‘SequentialFutureBackend’, ‘FutureBackend’, ‘environment’ ... done
[09:46:40.578] | : . Launching futures ... done
[09:46:40.578] | : . Future launched: ‘SequentialFuture’, ‘UniprocessFuture’, ‘Future’
[09:46:40.578] | : Using SequentialFutureBackend ... done
[09:46:40.579] | run() for ‘Future’ (<unnamed-2>) ... done
[09:46:40.579] future(..., label = NULL) ... done

> f1 <- futureOf("a", envir = x)

> print(f1)
SequentialFuture:
Label: <unnamed-2>
Expression:
{
    1
}
Globals: <none>
Packages: <none>
L'Ecuyer-CMRG RNG seed: <none> (seed = FALSE)
Capture standard output: TRUE
Capture condition classes: ‘condition’ (excluding ‘<none>’)
Immediate condition classes: ‘immediateCondition’
Lazy evaluation: FALSE
Local evaluation: TRUE
Early signaling: FALSE
Actions: [n=1] ‘run’
State: ‘finished’ ("Future was resolved successfully")
Resolved: TRUE
Unique identifier: d349e369aa08cc821957c4c64d0aef82-2
Owner process: d349e369aa08cc821957c4c64d0aef82
Class: ‘SequentialFuture’, ‘UniprocessFuture’, ‘Future’
Value: 39 bytes of class ‘numeric’
Conditions captured: [n=6] ‘simpleMessage’, ‘simpleMessage’, ‘simpleMessage’, ‘simpleMessage’, ‘simpleMessage’, ‘simpleMessage’
Duration: 0.01543331 secs (started 2026-01-29 09:46:40.552368)
Worker process: d349e369aa08cc821957c4c64d0aef82

> stopifnot(identical(f1, x$a))

> f2 <- futureOf(a, envir = x)

> stopifnot(identical(f2, x$a))

> f3 <- futureOf(x[["a"]])

> stopifnot(identical(f3, x$a))

> f4 <- futureOf(x$a)

> stopifnot(identical(f4, x$a))

> fs <- futureOf(envir = x)

> print(fs)
$a
SequentialFuture:
Label: <unnamed-2>
Expression:
{
    1
}
Globals: <none>
Packages: <none>
L'Ecuyer-CMRG RNG seed: <none> (seed = FALSE)
Capture standard output: TRUE
Capture condition classes: ‘condition’ (excluding ‘<none>’)
Immediate condition classes: ‘immediateCondition’
Lazy evaluation: FALSE
Local evaluation: TRUE
Early signaling: FALSE
Actions: [n=1] ‘run’
State: ‘finished’ ("Future was resolved successfully")
Resolved: TRUE
Unique identifier: d349e369aa08cc821957c4c64d0aef82-2
Owner process: d349e369aa08cc821957c4c64d0aef82
Class: ‘SequentialFuture’, ‘UniprocessFuture’, ‘Future’
Value: 39 bytes of class ‘numeric’
Conditions captured: [n=6] ‘simpleMessage’, ‘simpleMessage’, ‘simpleMessage’, ‘simpleMessage’, ‘simpleMessage’, ‘simpleMessage’
Duration: 0.01543331 secs (started 2026-01-29 09:46:40.552368)
Worker process: d349e369aa08cc821957c4c64d0aef82


> stopifnot(identical(names(fs), c("a")))

> stopifnot(identical(fs$a, f1))

> fsD <- futureOf(envir = x, drop = TRUE)

> print(fsD)
$a
SequentialFuture:
Label: <unnamed-2>
Expression:
{
    1
}
Globals: <none>
Packages: <none>
L'Ecuyer-CMRG RNG seed: <none> (seed = FALSE)
Capture standard output: TRUE
Capture condition classes: ‘condition’ (excluding ‘<none>’)
Immediate condition classes: ‘immediateCondition’
Lazy evaluation: FALSE
Local evaluation: TRUE
Early signaling: FALSE
Actions: [n=1] ‘run’
State: ‘finished’ ("Future was resolved successfully")
Resolved: TRUE
Unique identifier: d349e369aa08cc821957c4c64d0aef82-2
Owner process: d349e369aa08cc821957c4c64d0aef82
Class: ‘SequentialFuture’, ‘UniprocessFuture’, ‘Future’
Value: 39 bytes of class ‘numeric’
Conditions captured: [n=6] ‘simpleMessage’, ‘simpleMessage’, ‘simpleMessage’, ‘simpleMessage’, ‘simpleMessage’, ‘simpleMessage’
Duration: 0.01543331 secs (started 2026-01-29 09:46:40.552368)
Worker process: d349e369aa08cc821957c4c64d0aef82


> stopifnot(all(sapply(fsD, FUN = inherits, "Future")))

> stopifnot(identical(fsD, fs))

> message("*** futureOf() with environment - futures ... DONE")
*** futureOf() with environment - futures ... DONE

> message("*** futureOf() with environment - exceptions ...")
*** futureOf() with environment - exceptions ...

> res <- tryCatch(futureOf(x[[0]], mustExist = FALSE), 
+     error = identity)

> stopifnot(inherits(res, "error"))

> res <- tryCatch(futureOf(x[[0]], mustExist = TRUE), 
+     error = identity)

> stopifnot(inherits(res, "error"))

> res <- tryCatch(futureOf(x[[10]], mustExist = TRUE), 
+     error = identity)

> stopifnot(inherits(res, "error"))

> res <- tryCatch(futureOf(x[[1 + (0+2i)]], mustExist = TRUE), 
+     error = identity)

> stopifnot(inherits(res, "error"))

> message("*** futureOf() with environment - exceptions ... DONE")
*** futureOf() with environment - exceptions ... DONE

> message("*** futureOf() with environment ... DONE")
*** futureOf() with environment ... DONE
Skipping, because path appears not to be an 'R CMD check' folder: ‘/tmp’
Test time: user.self=0.2s, sys.self=0.004s, elapsed=0.2s, user.child=0.001s, sys.child=0.004s
Test ‘futureOf_with_environment’ ... success
> 
