
R version 4.5.2 (2025-10-31) -- "[Not] Part in a Rumble"
Copyright (C) 2025 The R Foundation for Statistical Computing
Platform: x86_64-pc-linux-gnu

R is free software and comes with ABSOLUTELY NO WARRANTY.
You are welcome to redistribute it under certain conditions.
Type 'license()' or 'licence()' for distribution details.

R is a collaborative project with many contributors.
Type 'contributors()' for more information and
'citation()' on how to cite R or R packages in publications.

Type 'demo()' for some demos, 'help()' for on-line help, or
'help.start()' for an HTML browser interface to help.
Type 'q()' to quit R.

> #! /usr/bin/env Rscript
> ## This runs testme test script inst/testme/test-globals,NSE.R
> ## Don't edit - it was autogenerated by inst/testme/deploy.R
> future:::testme("globals,NSE")
Test ‘globals,NSE’ ...
 chr "none"

> library(future)
[09:47:04.807] Option 'future.startup.script': TRUE
[09:47:04.808] Future startup scripts considered: ‘.future.R’, ‘~/.future.R’
[09:47:04.808] Future startup scripts found: <none>

> library(listenv)

> options(future.debug = FALSE)

> message("*** Globals w/ non-standard evaluation (NSE) ...")
*** Globals w/ non-standard evaluation (NSE) ...

> data <- data.frame(x = 1:5, y = 1:5)

> v0 <- subset(data, x < 3)$y

> for (strategy in supportedStrategies()) {
+     message(sprintf("- Strategy: %s ...", strategy))
+     plan(strategy)
+     options(future.globals.o .... [TRUNCATED] 
- Strategy: sequential ...
Warning in getGlobalsAndPackages(expr, envir = envir, tweak = tweakExpression,  :
  R option ‘future.globals.onMissing’ may only be used for troubleshooting. It must not be used in production since it changes how futures are evaluated and there is a great risk that the results cannot be reproduced elsewhere: ‘error’
Warning in getGlobalsAndPackages(expr, envir = envir, tweak = tweakExpression,  :
  R option ‘future.globals.onMissing’ may only be used for troubleshooting. It must not be used in production since it changes how futures are evaluated and there is a great risk that the results cannot be reproduced elsewhere: ‘ignore’
Warning in getGlobalsAndPackages(expr, envir = envir, tweak = tweakExpression,  :
  R option ‘future.globals.onMissing’ may only be used for troubleshooting. It must not be used in production since it changes how futures are evaluated and there is a great risk that the results cannot be reproduced elsewhere: ‘error’
Warning in getGlobalsAndPackages(expr, envir = envir, tweak = tweakExpression,  :
  R option ‘future.globals.onMissing’ may only be used for troubleshooting. It must not be used in production since it changes how futures are evaluated and there is a great risk that the results cannot be reproduced elsewhere: ‘ignore’
Warning in getGlobalsAndPackages(expr, envir = envir, tweak = tweakExpression,  :
  R option ‘future.globals.onMissing’ may only be used for troubleshooting. It must not be used in production since it changes how futures are evaluated and there is a great risk that the results cannot be reproduced elsewhere: ‘ignore’
Warning in getGlobalsAndPackages(expr, envir = envir, tweak = tweakExpression,  :
  R option ‘future.globals.onMissing’ may only be used for troubleshooting. It must not be used in production since it changes how futures are evaluated and there is a great risk that the results cannot be reproduced elsewhere: ‘ignore’
- Strategy: sequential ... DONE
- Strategy: multicore ...
Warning in getGlobalsAndPackages(expr, envir = envir, tweak = tweakExpression,  :
  R option ‘future.globals.onMissing’ may only be used for troubleshooting. It must not be used in production since it changes how futures are evaluated and there is a great risk that the results cannot be reproduced elsewhere: ‘error’
Warning in getGlobalsAndPackages(expr, envir = envir, tweak = tweakExpression,  :
  R option ‘future.globals.onMissing’ may only be used for troubleshooting. It must not be used in production since it changes how futures are evaluated and there is a great risk that the results cannot be reproduced elsewhere: ‘ignore’
Warning in getGlobalsAndPackages(expr, envir = envir, tweak = tweakExpression,  :
  R option ‘future.globals.onMissing’ may only be used for troubleshooting. It must not be used in production since it changes how futures are evaluated and there is a great risk that the results cannot be reproduced elsewhere: ‘error’
Warning in getGlobalsAndPackages(expr, envir = envir, tweak = tweakExpression,  :
  R option ‘future.globals.onMissing’ may only be used for troubleshooting. It must not be used in production since it changes how futures are evaluated and there is a great risk that the results cannot be reproduced elsewhere: ‘ignore’
Warning in getGlobalsAndPackages(expr, envir = envir, tweak = tweakExpression,  :
  R option ‘future.globals.onMissing’ may only be used for troubleshooting. It must not be used in production since it changes how futures are evaluated and there is a great risk that the results cannot be reproduced elsewhere: ‘ignore’
Warning in getGlobalsAndPackages(expr, envir = envir, tweak = tweakExpression,  :
  R option ‘future.globals.onMissing’ may only be used for troubleshooting. It must not be used in production since it changes how futures are evaluated and there is a great risk that the results cannot be reproduced elsewhere: ‘ignore’
- Strategy: multicore ... DONE
- Strategy: multisession ...
Warning in getGlobalsAndPackages(expr, envir = envir, tweak = tweakExpression,  :
  R option ‘future.globals.onMissing’ may only be used for troubleshooting. It must not be used in production since it changes how futures are evaluated and there is a great risk that the results cannot be reproduced elsewhere: ‘error’
Warning in getGlobalsAndPackages(expr, envir = envir, tweak = tweakExpression,  :
  R option ‘future.globals.onMissing’ may only be used for troubleshooting. It must not be used in production since it changes how futures are evaluated and there is a great risk that the results cannot be reproduced elsewhere: ‘ignore’
Warning in getGlobalsAndPackages(expr, envir = envir, tweak = tweakExpression,  :
  R option ‘future.globals.onMissing’ may only be used for troubleshooting. It must not be used in production since it changes how futures are evaluated and there is a great risk that the results cannot be reproduced elsewhere: ‘error’
Warning in getGlobalsAndPackages(expr, envir = envir, tweak = tweakExpression,  :
  R option ‘future.globals.onMissing’ may only be used for troubleshooting. It must not be used in production since it changes how futures are evaluated and there is a great risk that the results cannot be reproduced elsewhere: ‘ignore’
Warning in getGlobalsAndPackages(expr, envir = envir, tweak = tweakExpression,  :
  R option ‘future.globals.onMissing’ may only be used for troubleshooting. It must not be used in production since it changes how futures are evaluated and there is a great risk that the results cannot be reproduced elsewhere: ‘ignore’
Warning in getGlobalsAndPackages(expr, envir = envir, tweak = tweakExpression,  :
  R option ‘future.globals.onMissing’ may only be used for troubleshooting. It must not be used in production since it changes how futures are evaluated and there is a great risk that the results cannot be reproduced elsewhere: ‘ignore’
Warning: SequentialFuture (<unnamed-16>) added, removed, or modified connections. A future expression must close any opened connections and must not close connections it did not open. Details: 2 connection added ([index=5, description=<-localhost:11704, class=sockconn, mode=a+b, text=binary, opened=opened, can.read=yes, can.write=yes]; [index=6, description=<-localhost:11704, class=sockconn, mode=a+b, text=binary, opened=opened, can.read=yes, can.write=yes]), 0 connection removed (<none>), 0 connection replaced (<none>). See also help("future.options", package = "future") [future <unnamed-16> (efc87edfdfa4f4a35b4eada982c6c6cc-16); on efc87edfdfa4f4a35b4eada982c6c6cc@38bf771bf2e4<73801>]
Warning: SequentialFuture (<unnamed-18>) added, removed, or modified connections. A future expression must close any opened connections and must not close connections it did not open. Details: 0 connection added (<none>), 2 connection removed ([index=5, description=NA, class=NA, mode=NA, text=NA, opened=NA, can.read=NA, can.write=NA]; [index=6, description=NA, class=NA, mode=NA, text=NA, opened=NA, can.read=NA, can.write=NA]), 0 connection replaced (<none>). See also help("future.options", package = "future") [future <unnamed-18> (efc87edfdfa4f4a35b4eada982c6c6cc-18); on efc87edfdfa4f4a35b4eada982c6c6cc@38bf771bf2e4<73801>]
- Strategy: multisession ... DONE

> message("*** Globals w/ non-standard evaluation (NSE) ... DONE")
*** Globals w/ non-standard evaluation (NSE) ... DONE
Skipping, because path appears not to be an 'R CMD check' folder: ‘/tmp’
Test time: user.self=0.6s, sys.self=0.05s, elapsed=2s, user.child=0.2s, sys.child=0.4s
Test ‘globals,NSE’ ... success
> 
