
R version 4.5.2 (2025-10-31) -- "[Not] Part in a Rumble"
Copyright (C) 2025 The R Foundation for Statistical Computing
Platform: x86_64-pc-linux-gnu

R is free software and comes with ABSOLUTELY NO WARRANTY.
You are welcome to redistribute it under certain conditions.
Type 'license()' or 'licence()' for distribution details.

R is a collaborative project with many contributors.
Type 'contributors()' for more information and
'citation()' on how to cite R or R packages in publications.

Type 'demo()' for some demos, 'help()' for on-line help, or
'help.start()' for an HTML browser interface to help.
Type 'q()' to quit R.

> #! /usr/bin/env Rscript
> ## This runs testme test script inst/testme/test-non-exportable,connections.R
> ## Don't edit - it was autogenerated by inst/testme/deploy.R
> future:::testme("non-exportable,connections")
Test ‘non-exportable,connections’ ...
 chr "none"

> library(future)
[09:47:50.332] Option 'future.startup.script': TRUE
[09:47:50.332] Future startup scripts considered: ‘.future.R’, ‘~/.future.R’
[09:47:50.333] Future startup scripts found: <none>

> message("*** Non-exportable globals ...")
*** Non-exportable globals ...

> options(future.debug = FALSE)

> options(future.globals.onReference = "warning")

> plan(cluster, workers = 1)

> message("* R connections ...")
* R connections ...

> tmp_file <- tempfile()

> utils::capture.output(utils::capture.output({
+     con <- file(tmp_file, open = "wb")
+ }))
[1] "character(0)"

> cat("hello\n", file = con)

> flush(con)

> bfr <- readLines(con = tmp_file)

> print(bfr)
[1] "hello"

> stopifnot(bfr == "hello")

> message(sprintf("Connection index of dummy 'con' connection: %d\n", 
+     as.integer(con)))
Connection index of dummy 'con' connection: 6


> stopifnot(as.integer(con) >= 6)

> message("- Run-time error")
- Run-time error

> res <- tryCatch({
+     f <- future(cat("world\n", file = con), stdout = NA)
+ }, FutureWarning = identity)
Timing stopped at: 0.001 0 0.001

> print(res)
<FutureWarning: Detected a non-exportable reference (‘externalptr’) in one of the globals (‘con’ of class ‘file’) used in the future expression [future <unnamed>; on b1dbcc3d37ec31652748a905032f9688@38bf771bf2e4<77941>]>

Occurred on: b1dbcc3d37ec31652748a905032f9688 [38bf771bf2e4; pid 77941]
Future: <NA> (<unnamed>)

> stopifnot(inherits(res, "FutureWarning"), grepl("non-exportable reference", 
+     conditionMessage(res)))

> f <- future({
+     max <- max(getAllConnections(), na.rm = TRUE)
+     cat(sprintf("Max connection index on worker: %d\n", max))
+     if (as.integ .... [TRUNCATED] 
Warning: Detected a non-exportable reference (‘externalptr’) in one of the globals (‘con’ of class ‘file’) used in the future expression [future <unnamed>; on b1dbcc3d37ec31652748a905032f9688@38bf771bf2e4<77941>]

> res <- tryCatch({
+     v <- value(f)
+ }, error = identity)
Max connection index on worker: 5

> print(res)
<simpleError in cat("world\n", file = con): invalid connection>

> stopifnot(inherits(res, "error"))

> bfr <- readLines(con = tmp_file)

> print(bfr)
[1] "hello"

> stopifnot(bfr == "hello")

> close(con)

> file.remove(tmp_file)
[1] TRUE

> message("* R connections ... DONE")
* R connections ... DONE

> message("*** Non-exportable globals ... DONE")
*** Non-exportable globals ... DONE
Skipping, because path appears not to be an 'R CMD check' folder: ‘/tmp’
Test time: user.self=0.2s, sys.self=0.02s, elapsed=0.8s, user.child=0.2s, sys.child=0.3s
Test ‘non-exportable,connections’ ... success
> 
