
R version 4.5.2 (2025-10-31) -- "[Not] Part in a Rumble"
Copyright (C) 2025 The R Foundation for Statistical Computing
Platform: x86_64-pc-linux-gnu

R is free software and comes with ABSOLUTELY NO WARRANTY.
You are welcome to redistribute it under certain conditions.
Type 'license()' or 'licence()' for distribution details.

R is a collaborative project with many contributors.
Type 'contributors()' for more information and
'citation()' on how to cite R or R packages in publications.

Type 'demo()' for some demos, 'help()' for on-line help, or
'help.start()' for an HTML browser interface to help.
Type 'q()' to quit R.

> #! /usr/bin/env Rscript
> ## This runs testme test script inst/testme/test-timeouts.R
> ## Don't edit - it was autogenerated by inst/testme/deploy.R
> future:::testme("timeouts")
Test ‘timeouts’ ...
 chr "none"

> library(future)
[09:48:24.456] Option 'future.startup.script': TRUE
[09:48:24.457] Future startup scripts considered: ‘.future.R’, ‘~/.future.R’
[09:48:24.457] Future startup scripts found: <none>

> options(future.debug = FALSE)

> sleep <- function(duration) {
+     until <- Sys.time() + duration
+     while (Sys.time() < until) {
+         Sys.sleep(0.01)
+     }
+ }

> strategies <- supportedStrategies()

> strategies <- setdiff(strategies, "sequential")

> for (strategy in strategies) {
+     message(sprintf("plan('%s') ...", strategy))
+     plan(strategy)
+     n0 <- nbrOfFreeWorkers()
+     message( .... [TRUNCATED] 
plan('multicore') ...
Number of free workers: 2
Create a future that times out after 0.2 seconds into the evaluation
Number of free workers (after interupt): 1
Resolve future
Number of free workers (after resolve): 1
Get future results
Number of free workers (after result): 2
Get the value, which triggers relay of timeout error
<simpleError: reached elapsed time limit>
Create another future
Number of free workers (after result): 2
plan('multicore') .. done
plan('multisession') ...
Number of free workers: 2
Create a future that times out after 0.2 seconds into the evaluation
Number of free workers (after interupt): 1
Resolve future
Number of free workers (after resolve): 2
Get future results
Number of free workers (after result): 2
Get the value, which triggers relay of timeout error
<simpleError in Sys.sleep(0.01): reached elapsed time limit>
Create another future
Number of free workers (after result): 2
plan('multisession') .. done
Skipping, because path appears not to be an 'R CMD check' folder: ‘/tmp’
Test time: user.self=0.3s, sys.self=0.04s, elapsed=1s, user.child=0.2s, sys.child=0.3s
Test ‘timeouts’ ... success
> 
