
R version 4.5.2 (2025-10-31) -- "[Not] Part in a Rumble"
Copyright (C) 2025 The R Foundation for Statistical Computing
Platform: x86_64-pc-linux-gnu

R is free software and comes with ABSOLUTELY NO WARRANTY.
You are welcome to redistribute it under certain conditions.
Type 'license()' or 'licence()' for distribution details.

R is a collaborative project with many contributors.
Type 'contributors()' for more information and
'citation()' on how to cite R or R packages in publications.

Type 'demo()' for some demos, 'help()' for on-line help, or
'help.start()' for an HTML browser interface to help.
Type 'q()' to quit R.

> #! /usr/bin/env Rscript
> ## This runs testme test script inst/testme/test-futureAssign_OP_with_environment.R
> ## Don't edit - it was autogenerated by inst/testme/deploy.R
> future:::testme("futureAssign_OP_with_environment")
Test ‘futureAssign_OP_with_environment’ ...
 chr "none"

> library(future)
[09:46:28.102] Option 'future.startup.script': TRUE
[09:46:28.102] Future startup scripts considered: ‘.future.R’, ‘~/.future.R’
[09:46:28.103] Future startup scripts found: <none>

> message("*** %<-% to environment ...")
*** %<-% to environment ...

> z <- new.env()

> stopifnot(length(names(z)) == 0)

> message("*** %<-% to environment: Assign by index (not allowed)")
*** %<-% to environment: Assign by index (not allowed)

> res <- try(z[[1]] %<-% {
+     2
+ } %lazy% TRUE, silent = TRUE)

> stopifnot(inherits(res, "try-error"))

> message("*** %<-% to environment: Assign by name (new)")
*** %<-% to environment: Assign by name (new)

> z$B %<-% {
+     TRUE
+ } %lazy% TRUE
[09:46:28.105] future(..., label = NULL) ...
[09:46:28.106] | lazy: TRUE
[09:46:28.106] | stdout: TRUE
[09:46:28.106] | conditions: [n=1] ‘condition’
[09:46:28.106] | getGlobalsAndPackages() ...
[09:46:28.107] | : Searching for globals ...
[09:46:28.118] | : . globals found: [1] ‘{’
[09:46:28.118] | : Searching for globals ... done
[09:46:28.118] | : Resolving globals: FALSE
[09:46:28.118] | : Search for packages associated with the globals ...
[09:46:28.119] | : . Packages associated with globals: [1] ‘base’
[09:46:28.119] | : . Packages: [1] ‘base’
[09:46:28.119] | : Search for packages associated with the globals ... done
[09:46:28.119] | : Packages after dropping 'base': [0] 
[09:46:28.119] | : globals: [0] 
[09:46:28.119] | : packages: [0] 
[09:46:28.119] | getGlobalsAndPackages() ... done
[09:46:28.120] future(..., label = NULL) ... done

> stopifnot(length(z) == 2)

> stopifnot("B" %in% ls(z))

> y <- as.list(z)
[09:46:28.121] value() for Future (<unnamed-1>) ...
[09:46:28.121] | run() for ‘Future’ (<unnamed-1>) ...
[09:46:28.121] | : state: ‘created’
[09:46:28.121] | : plan("backend", .skip = FALSE, .cleanup = NA, .init = TRUE) ...
[09:46:28.121] | : . plan(): plan_init() of ‘sequential’, ‘uniprocess’, ‘future’, ‘function’ ...
[09:46:28.121] | : . ' function (..., envir = parent.frame())  
[09:46:28.121] | : . '  - attr(*, "class")= chr [1:4] "sequential" "uniprocess" "future" "function"
[09:46:28.121] | : . '  - attr(*, "init")= logi TRUE
[09:46:28.121] | : . '  - attr(*, "factory")=function (..., maxSizeOfObjects = +Inf)  
[09:46:28.121] | : . '   ..- attr(*, "tweakable")= chr [1:5] "maxSizeOfObjects" "earlySignal" "gc" "interrupts" ...
[09:46:28.121] | : . '  - attr(*, "tweakable")= chr [1:5] "maxSizeOfObjects" "earlySignal" "gc" "interrupts" ...
[09:46:28.121] | : . '  - attr(*, "call")= language plan(sequential)
[09:46:28.124] | : . ' init: TRUE
[09:46:28.124] | : . ' makeFutureBackend(<sequential>) ...
[09:46:28.124] | : . ' , Backend function: <‘NULL’>
[09:46:28.125] | : . ' , Evaluator tweak arguments: [n=0]
[09:46:28.125] | : . ' ,  list()
[09:46:28.125] | : . ' , Evaluator formal arguments: [n=1]
[09:46:28.125] | : . ' , Dotted pair list of 1
[09:46:28.125] | : . ' ,  $ envir: language parent.frame()
[09:46:28.126] | : . ' , Arguments passed to the future-backend factory: [n=1]
[09:46:28.126] | : . ' , List of 1
[09:46:28.126] | : . ' ,  $ envir: language parent.frame()
[09:46:28.126] | : . ' , Backend: <‘SequentialFutureBackend’, ‘FutureBackend’, ‘environment’>
[09:46:28.127] | : . ' makeFutureBackend(<sequential>) ... done
[09:46:28.127] | : . plan(): plan_init() of ‘sequential’, ‘uniprocess’, ‘future’, ‘function’ ... done
[09:46:28.127] | : plan("backend", .skip = FALSE, .cleanup = NA, .init = TRUE) ... done
[09:46:28.127] | : Using SequentialFutureBackend ...
[09:46:28.127] | : . Number of futures since start: 0 (0 created, 0 launched, 0 finished)
[09:46:28.127] | : . Launching futures ...
[09:46:28.127] | : . ' launchFuture() for ‘SequentialFutureBackend’, ‘FutureBackend’, ‘environment’ ...
[09:46:28.128] | : . ' , getFutureData() ...
[09:46:28.128] | : . ' , ; getFutureCore() ...
[09:46:28.128] | : . ' , ; ` Packages needed by the future expression (n = 0): <none>
[09:46:28.128] | : . ' , ; getFutureCore() ... done
[09:46:28.128] | : . ' , ; getFutureCapture() ...
[09:46:28.128] | : . ' , ; getFutureCapture() ... done
[09:46:28.128] | : . ' , ; getFutureContext() ...
[09:46:28.129] | : . ' , ; ` plan("tail", .skip = FALSE, .cleanup = NA, .init = TRUE) ...
[09:46:28.129] | : . ' , ; ` | Getting stack without first backend: [n=0] 
[09:46:28.129] | : . ' , ; ` plan("tail", .skip = FALSE, .cleanup = NA, .init = TRUE) ... done
[09:46:28.129] | : . ' , ; ` Packages needed by future backend (n = 0): <none>
[09:46:28.129] | : . ' , ; getFutureContext() ... done
[09:46:28.129] | : . ' , getFutureData() ... done
[09:46:28.131] | : . ' , plan("list", .skip = FALSE, .cleanup = NA, .init = TRUE) ...
[09:46:28.132] | : . ' , ; Getting full stack: [n=1] ‘sequential’, ‘uniprocess’, ‘future’, ‘function’
[09:46:28.132] | : . ' , plan("list", .skip = FALSE, .cleanup = NA, .init = TRUE) ... done
[09:46:28.132] | : . ' , plan(<‘name’>, .skip = FALSE, .cleanup = FALSE, .init = FALSE) ...
[09:46:28.132] | : . ' , ; plan(): plan_set(<1 strategies>, skip = FALSE, cleanup = FALSE, init = FALSE) ...
[09:46:28.132] | : . ' , ; ` all.equal() for FutureStrategyList ...
[09:46:28.133] | : . ' , ; ` | New stack:
[09:46:28.133] | : . ' , ; ` | List of 1
[09:46:28.133] | : . ' , ; ` |  $ :function (..., envir = parent.frame())  
[09:46:28.133] | : . ' , ; ` |   ..- attr(*, "class")= chr [1:4] "sequential" "uniprocess" "future" "function"
[09:46:28.133] | : . ' , ; ` |   ..- attr(*, "init")= logi TRUE
[09:46:28.133] | : . ' , ; ` |   ..- attr(*, "factory")=function (..., maxSizeOfObjects = +Inf)  
[09:46:28.133] | : . ' , ; ` |   .. ..- attr(*, "tweakable")= chr [1:5] "maxSizeOfObjects" "earlySignal" "gc" "interrupts" ...
[09:46:28.133] | : . ' , ; ` |   ..- attr(*, "tweakable")= chr [1:5] "maxSizeOfObjects" "earlySignal" "gc" "interrupts" ...
[09:46:28.133] | : . ' , ; ` |   ..- attr(*, "call")= language plan(strategiesR, .cleanup = FALSE, .init = FALSE)
[09:46:28.133] | : . ' , ; ` |  - attr(*, "class")= chr [1:2] "FutureStrategyList" "list"
[09:46:28.135] | : . ' , ; ` | Old stack:
[09:46:28.135] | : . ' , ; ` | List of 1
[09:46:28.135] | : . ' , ; ` |  $ :function (..., envir = parent.frame())  
[09:46:28.135] | : . ' , ; ` |   ..- attr(*, "class")= chr [1:4] "sequential" "uniprocess" "future" "function"
[09:46:28.135] | : . ' , ; ` |   ..- attr(*, "init")= chr "done"
[09:46:28.135] | : . ' , ; ` |   ..- attr(*, "factory")=function (..., maxSizeOfObjects = +Inf)  
[09:46:28.135] | : . ' , ; ` |   .. ..- attr(*, "tweakable")= chr [1:5] "maxSizeOfObjects" "earlySignal" "gc" "interrupts" ...
[09:46:28.135] | : . ' , ; ` |   ..- attr(*, "tweakable")= chr [1:5] "maxSizeOfObjects" "earlySignal" "gc" "interrupts" ...
[09:46:28.135] | : . ' , ; ` |   ..- attr(*, "call")= language plan(sequential)
[09:46:28.135] | : . ' , ; ` |   ..- attr(*, "backend")=Classes 'SequentialFutureBackend', 'FutureBackend', 'environment' <environment: 0x5557de32df08> 
[09:46:28.135] | : . ' , ; ` |   .. ..- attr(*, "factory")=function (..., maxSizeOfObjects = +Inf)  
[09:46:28.135] | : . ' , ; ` |   .. .. ..- attr(*, "tweakable")= chr [1:5] "maxSizeOfObjects" "earlySignal" "gc" "interrupts" ...
[09:46:28.135] | : . ' , ; ` |  - attr(*, "class")= chr [1:2] "FutureStrategyList" "list"
[09:46:28.140] | : . ' , ; ` | Not identical
[09:46:28.140] | : . ' , ; ` | all.equal() for future ...
[09:46:28.140] | : . ' , ; ` | : List of 2
[09:46:28.140] | : . ' , ; ` | :  $ target :function (..., envir = parent.frame())  
[09:46:28.140] | : . ' , ; ` | :   ..- attr(*, "class")= chr [1:4] "sequential" "uniprocess" "future" "function"
[09:46:28.140] | : . ' , ; ` | :   ..- attr(*, "init")= logi TRUE
[09:46:28.140] | : . ' , ; ` | :   ..- attr(*, "factory")=function (..., maxSizeOfObjects = +Inf)  
[09:46:28.140] | : . ' , ; ` | :   .. ..- attr(*, "tweakable")= chr [1:5] "maxSizeOfObjects" "earlySignal" "gc" "interrupts" ...
[09:46:28.140] | : . ' , ; ` | :   ..- attr(*, "tweakable")= chr [1:5] "maxSizeOfObjects" "earlySignal" "gc" "interrupts" ...
[09:46:28.140] | : . ' , ; ` | :   ..- attr(*, "call")= language plan(strategiesR, .cleanup = FALSE, .init = FALSE)
[09:46:28.140] | : . ' , ; ` | :  $ current:function (..., envir = parent.frame())  
[09:46:28.140] | : . ' , ; ` | :   ..- attr(*, "class")= chr [1:4] "sequential" "uniprocess" "future" "function"
[09:46:28.140] | : . ' , ; ` | :   ..- attr(*, "init")= chr "done"
[09:46:28.140] | : . ' , ; ` | :   ..- attr(*, "factory")=function (..., maxSizeOfObjects = +Inf)  
[09:46:28.140] | : . ' , ; ` | :   .. ..- attr(*, "tweakable")= chr [1:5] "maxSizeOfObjects" "earlySignal" "gc" "interrupts" ...
[09:46:28.140] | : . ' , ; ` | :   ..- attr(*, "tweakable")= chr [1:5] "maxSizeOfObjects" "earlySignal" "gc" "interrupts" ...
[09:46:28.140] | : . ' , ; ` | :   ..- attr(*, "call")= language plan(sequential)
[09:46:28.140] | : . ' , ; ` | :   ..- attr(*, "backend")=Classes 'SequentialFutureBackend', 'FutureBackend', 'environment' <environment: 0x5557de32df08> 
[09:46:28.140] | : . ' , ; ` | :   .. ..- attr(*, "factory")=function (..., maxSizeOfObjects = +Inf)  
[09:46:28.140] | : . ' , ; ` | :   .. .. ..- attr(*, "tweakable")= chr [1:5] "maxSizeOfObjects" "earlySignal" "gc" "interrupts" ...
[09:46:28.145] | : . ' , ; ` | all.equal() for future ... done
[09:46:28.145] | : . ' , ; ` all.equal() for FutureStrategyList ... done
[09:46:28.146] | : . ' , ; ` plan(): Skip setting new future backend stack because it is the same as the current one:
[09:46:28.146] | : . ' , ; ` List of future strategies:
[09:46:28.146] | : . ' , ; ` 1. sequential:
[09:46:28.146] | : . ' , ; `    - args: function (..., envir = parent.frame(), workers = "<NULL>")
[09:46:28.146] | : . ' , ; `    - tweaked: FALSE
[09:46:28.146] | : . ' , ; `    - call: plan(sequential)
[09:46:28.146] | : . ' , ; plan(): plan_set(<1 strategies>, skip = FALSE, cleanup = FALSE, init = FALSE) ... done
[09:46:28.146] | : . ' , plan(<‘name’>, .skip = FALSE, .cleanup = FALSE, .init = FALSE) ... done
[09:46:28.149] | : . ' , plan(<‘name’>, .skip = FALSE, .cleanup = FALSE, .init = FALSE) ...
[09:46:28.149] | : . ' , ; plan(<‘FutureStrategyList’>, .skip = FALSE, .cleanup = FALSE, .init = FALSE) ...
[09:46:28.149] | : . ' , ; ` plan(): plan_set(<1 strategies>, skip = FALSE, cleanup = FALSE, init = FALSE) ...
[09:46:28.149] | : . ' , ; ` | all.equal() for FutureStrategyList ...
[09:46:28.149] | : . ' , ; ` | : New stack:
[09:46:28.149] | : . ' , ; ` | : List of 1
[09:46:28.149] | : . ' , ; ` | :  $ :function (..., envir = parent.frame())  
[09:46:28.149] | : . ' , ; ` | :   ..- attr(*, "class")= chr [1:4] "sequential" "uniprocess" "future" "function"
[09:46:28.149] | : . ' , ; ` | :   ..- attr(*, "init")= chr "done"
[09:46:28.149] | : . ' , ; ` | :   ..- attr(*, "factory")=function (..., maxSizeOfObjects = +Inf)  
[09:46:28.149] | : . ' , ; ` | :   .. ..- attr(*, "tweakable")= chr [1:5] "maxSizeOfObjects" "earlySignal" "gc" "interrupts" ...
[09:46:28.149] | : . ' , ; ` | :   ..- attr(*, "tweakable")= chr [1:5] "maxSizeOfObjects" "earlySignal" "gc" "interrupts" ...
[09:46:28.149] | : . ' , ; ` | :   ..- attr(*, "call")= language plan(sequential)
[09:46:28.149] | : . ' , ; ` | :   ..- attr(*, "backend")=Classes 'SequentialFutureBackend', 'FutureBackend', 'environment' <environment: 0x5557de32df08> 
[09:46:28.149] | : . ' , ; ` | :   .. ..- attr(*, "factory")=function (..., maxSizeOfObjects = +Inf)  
[09:46:28.149] | : . ' , ; ` | :   .. .. ..- attr(*, "tweakable")= chr [1:5] "maxSizeOfObjects" "earlySignal" "gc" "interrupts" ...
[09:46:28.149] | : . ' , ; ` | :  - attr(*, "class")= chr [1:2] "FutureStrategyList" "list"
[09:46:28.152] | : . ' , ; ` | : Old stack:
[09:46:28.153] | : . ' , ; ` | : List of 1
[09:46:28.153] | : . ' , ; ` | :  $ :function (..., envir = parent.frame())  
[09:46:28.153] | : . ' , ; ` | :   ..- attr(*, "class")= chr [1:4] "sequential" "uniprocess" "future" "function"
[09:46:28.153] | : . ' , ; ` | :   ..- attr(*, "init")= chr "done"
[09:46:28.153] | : . ' , ; ` | :   ..- attr(*, "factory")=function (..., maxSizeOfObjects = +Inf)  
[09:46:28.153] | : . ' , ; ` | :   .. ..- attr(*, "tweakable")= chr [1:5] "maxSizeOfObjects" "earlySignal" "gc" "interrupts" ...
[09:46:28.153] | : . ' , ; ` | :   ..- attr(*, "tweakable")= chr [1:5] "maxSizeOfObjects" "earlySignal" "gc" "interrupts" ...
[09:46:28.153] | : . ' , ; ` | :   ..- attr(*, "call")= language plan(sequential)
[09:46:28.153] | : . ' , ; ` | :   ..- attr(*, "backend")=Classes 'SequentialFutureBackend', 'FutureBackend', 'environment' <environment: 0x5557de32df08> 
[09:46:28.153] | : . ' , ; ` | :   .. ..- attr(*, "factory")=function (..., maxSizeOfObjects = +Inf)  
[09:46:28.153] | : . ' , ; ` | :   .. .. ..- attr(*, "tweakable")= chr [1:5] "maxSizeOfObjects" "earlySignal" "gc" "interrupts" ...
[09:46:28.153] | : . ' , ; ` | :  - attr(*, "class")= chr [1:2] "FutureStrategyList" "list"
[09:46:28.156] | : . ' , ; ` | : Identical
[09:46:28.156] | : . ' , ; ` | all.equal() for FutureStrategyList ... done
[09:46:28.156] | : . ' , ; ` | plan(): Skip setting new future backend stack because it is the same as the current one:
[09:46:28.156] | : . ' , ; ` | List of future strategies:
[09:46:28.156] | : . ' , ; ` | 1. sequential:
[09:46:28.156] | : . ' , ; ` |    - args: function (..., envir = parent.frame(), workers = "<NULL>")
[09:46:28.156] | : . ' , ; ` |    - tweaked: FALSE
[09:46:28.156] | : . ' , ; ` |    - call: plan(sequential)
[09:46:28.156] | : . ' , ; ` plan(): plan_set(<1 strategies>, skip = FALSE, cleanup = FALSE, init = FALSE) ... done
[09:46:28.156] | : . ' , ; plan(<‘FutureStrategyList’>, .skip = FALSE, .cleanup = FALSE, .init = FALSE) ... done
[09:46:28.156] | : . ' , plan(<‘name’>, .skip = FALSE, .cleanup = FALSE, .init = FALSE) ... done
[09:46:28.160] | : . ' , SequentialFuture started (and completed)
[09:46:28.161] | : . ' , signalConditions() ...
[09:46:28.161] | : . ' , ; include = ‘immediateCondition’
[09:46:28.161] | : . ' , ; exclude = 
[09:46:28.161] | : . ' , ; resignal = FALSE
[09:46:28.161] | : . ' , ; Number of conditions: 6
[09:46:28.161] | : . ' , ;  int 6
[09:46:28.161] | : . ' , ; Condition #1 (class: ‘simpleMessage’, ‘message’, ‘condition’):
[09:46:28.162] | : . ' , ; Condition #2 (class: ‘simpleMessage’, ‘message’, ‘condition’):
[09:46:28.162] | : . ' , ; Condition #3 (class: ‘simpleMessage’, ‘message’, ‘condition’):
[09:46:28.162] | : . ' , ; Condition #4 (class: ‘simpleMessage’, ‘message’, ‘condition’):
[09:46:28.162] | : . ' , ; Condition #5 (class: ‘simpleMessage’, ‘message’, ‘condition’):
[09:46:28.162] | : . ' , ; Condition #6 (class: ‘simpleMessage’, ‘message’, ‘condition’):
[09:46:28.162] | : . ' , signalConditions() ... done
[09:46:28.162] | : . ' launchFuture() for ‘SequentialFutureBackend’, ‘FutureBackend’, ‘environment’ ... done
[09:46:28.162] | : . Launching futures ... done
[09:46:28.162] | : . Future launched: ‘SequentialFuture’, ‘UniprocessFuture’, ‘Future’
[09:46:28.163] | : Using SequentialFutureBackend ... done
[09:46:28.163] | run() for ‘Future’ (<unnamed-1>) ... done
[09:46:28.163] | signalConditions() ...
[09:46:28.163] | : include = ‘immediateCondition’
[09:46:28.163] | : exclude = 
[09:46:28.163] | : resignal = FALSE
[09:46:28.163] | : Number of conditions: 6
[09:46:28.163] | :  int 6
[09:46:28.164] | : Condition #1 (class: ‘simpleMessage’, ‘message’, ‘condition’):
[09:46:28.164] | : Condition #2 (class: ‘simpleMessage’, ‘message’, ‘condition’):
[09:46:28.164] | : Condition #3 (class: ‘simpleMessage’, ‘message’, ‘condition’):
[09:46:28.164] | : Condition #4 (class: ‘simpleMessage’, ‘message’, ‘condition’):
[09:46:28.164] | : Condition #5 (class: ‘simpleMessage’, ‘message’, ‘condition’):
[09:46:28.164] | : Condition #6 (class: ‘simpleMessage’, ‘message’, ‘condition’):
[09:46:28.164] | signalConditions() ... done
[09:46:28.164] | relay stdout ...
[09:46:28.164] | relay stdout ... done
[09:46:28.165] | check for misuse ...
[09:46:28.165] | check for misuse ... done
[09:46:28.165] | relay conditions ...
[09:46:28.165] | : Future state: ‘finished’
[09:46:28.165] | : signalConditions() ...
[09:46:28.165] | : . include = ‘condition’
[09:46:28.165] | : . exclude = ‘immediateCondition’
[09:46:28.165] | : . resignal = TRUE
[09:46:28.165] | : . Number of conditions: 6
[09:46:28.165] | : .  int 6
[09:46:28.166] | : . Condition #1 (class: ‘simpleMessage’, ‘message’, ‘condition’):
[09:46:28.166] | : . Condition #1: ‘simpleMessage’, ‘message’, ‘condition’
[09:46:28.130] | : . ' , attachPackages() ...
[09:46:28.166] | : . Condition #2 (class: ‘simpleMessage’, ‘message’, ‘condition’):
[09:46:28.166] | : . Condition #2: ‘simpleMessage’, ‘message’, ‘condition’
[09:46:28.131] | : . ' , ; packages: [n=1] ‘future’
[09:46:28.166] | : . Condition #3 (class: ‘simpleMessage’, ‘message’, ‘condition’):
[09:46:28.166] | : . Condition #3: ‘simpleMessage’, ‘message’, ‘condition’
[09:46:28.131] | : . ' , attachPackages() ... done
[09:46:28.166] | : . Condition #4 (class: ‘simpleMessage’, ‘message’, ‘condition’):
[09:46:28.167] | : . Condition #4: ‘simpleMessage’, ‘message’, ‘condition’
[09:46:28.131] | : . ' , attachPackages() ...
[09:46:28.167] | : . Condition #5 (class: ‘simpleMessage’, ‘message’, ‘condition’):
[09:46:28.167] | : . Condition #5: ‘simpleMessage’, ‘message’, ‘condition’
[09:46:28.131] | : . ' , ; packages: [n=0] 
[09:46:28.167] | : . Condition #6 (class: ‘simpleMessage’, ‘message’, ‘condition’):
[09:46:28.167] | : . Condition #6: ‘simpleMessage’, ‘message’, ‘condition’
[09:46:28.131] | : . ' , attachPackages() ... done
[09:46:28.167] | : signalConditions() ... done
[09:46:28.167] | relay conditions ... done
[09:46:28.167] value() for Future (<unnamed-1>) ... done

> str(y)
List of 1
 $ B: logi TRUE

> stopifnot(length(y) == 1)

> stopifnot(identical(names(y), "B"))

> message("*** %<-% to environment: Potential task name clashes")
*** %<-% to environment: Potential task name clashes

> u <- new.env()

> u$a %<-% {
+     1
+ } %lazy% TRUE
[09:46:28.169] future(..., label = NULL) ...
[09:46:28.169] | lazy: TRUE
[09:46:28.169] | stdout: TRUE
[09:46:28.169] | conditions: [n=1] ‘condition’
[09:46:28.169] | getGlobalsAndPackages() ...
[09:46:28.169] | : Searching for globals ...
[09:46:28.172] | : . globals found: [1] ‘{’
[09:46:28.172] | : Searching for globals ... done
[09:46:28.172] | : Resolving globals: FALSE
[09:46:28.172] | : Search for packages associated with the globals ...
[09:46:28.172] | : . Packages associated with globals: [1] ‘base’
[09:46:28.173] | : . Packages: [1] ‘base’
[09:46:28.173] | : Search for packages associated with the globals ... done
[09:46:28.173] | : Packages after dropping 'base': [0] 
[09:46:28.173] | : globals: [0] 
[09:46:28.173] | : packages: [0] 
[09:46:28.173] | getGlobalsAndPackages() ... done
[09:46:28.173] future(..., label = NULL) ... done

> stopifnot(length(u) == 2)

> stopifnot("a" %in% names(u))

> fu <- futureOf(u$a)

> v <- new.env()

> v$a %<-% {
+     2
+ } %lazy% TRUE
[09:46:28.174] future(..., label = NULL) ...
[09:46:28.174] | lazy: TRUE
[09:46:28.174] | stdout: TRUE
[09:46:28.174] | conditions: [n=1] ‘condition’
[09:46:28.175] | getGlobalsAndPackages() ...
[09:46:28.175] | : Searching for globals ...
[09:46:28.177] | : . globals found: [1] ‘{’
[09:46:28.177] | : Searching for globals ... done
[09:46:28.178] | : Resolving globals: FALSE
[09:46:28.179] | : Search for packages associated with the globals ...
[09:46:28.179] | : . Packages associated with globals: [1] ‘base’
[09:46:28.179] | : . Packages: [1] ‘base’
[09:46:28.179] | : Search for packages associated with the globals ... done
[09:46:28.179] | : Packages after dropping 'base': [0] 
[09:46:28.179] | : globals: [0] 
[09:46:28.179] | : packages: [0] 
[09:46:28.179] | getGlobalsAndPackages() ... done
[09:46:28.180] future(..., label = NULL) ... done

> stopifnot(length(v) == 2)

> stopifnot("a" %in% names(v))

> fv <- futureOf(v$a)

> stopifnot(!identical(fu, fv))

> fu <- futureOf(u$a)

> stopifnot(!identical(fu, fv))

> stopifnot(identical(u$a, 1))
[09:46:28.181] value() for Future (<unnamed-2>) ...
[09:46:28.181] | run() for ‘Future’ (<unnamed-2>) ...
[09:46:28.181] | : state: ‘created’
[09:46:28.181] | : plan("backend", .skip = FALSE, .cleanup = NA, .init = TRUE) ...
[09:46:28.181] | : plan("backend", .skip = FALSE, .cleanup = NA, .init = TRUE) ... done
[09:46:28.181] | : Using SequentialFutureBackend ...
[09:46:28.181] | : . Number of futures since start: 1 (1 created, 1 launched, 1 finished)
[09:46:28.181] | : . Launching futures ...
[09:46:28.181] | : . ' launchFuture() for ‘SequentialFutureBackend’, ‘FutureBackend’, ‘environment’ ...
[09:46:28.182] | : . ' , getFutureData() ...
[09:46:28.182] | : . ' , ; getFutureCore() ...
[09:46:28.182] | : . ' , ; ` Packages needed by the future expression (n = 0): <none>
[09:46:28.182] | : . ' , ; getFutureCore() ... done
[09:46:28.182] | : . ' , ; getFutureCapture() ...
[09:46:28.182] | : . ' , ; getFutureCapture() ... done
[09:46:28.182] | : . ' , ; getFutureContext() ...
[09:46:28.182] | : . ' , ; ` plan("tail", .skip = FALSE, .cleanup = NA, .init = TRUE) ...
[09:46:28.182] | : . ' , ; ` | Getting stack without first backend: [n=0] 
[09:46:28.182] | : . ' , ; ` plan("tail", .skip = FALSE, .cleanup = NA, .init = TRUE) ... done
[09:46:28.183] | : . ' , ; ` Packages needed by future backend (n = 0): <none>
[09:46:28.183] | : . ' , ; getFutureContext() ... done
[09:46:28.183] | : . ' , getFutureData() ... done
[09:46:28.184] | : . ' , plan("list", .skip = FALSE, .cleanup = NA, .init = TRUE) ...
[09:46:28.184] | : . ' , ; Getting full stack: [n=1] ‘sequential’, ‘uniprocess’, ‘future’, ‘function’
[09:46:28.184] | : . ' , plan("list", .skip = FALSE, .cleanup = NA, .init = TRUE) ... done
[09:46:28.184] | : . ' , plan(<‘name’>, .skip = FALSE, .cleanup = FALSE, .init = FALSE) ...
[09:46:28.185] | : . ' , ; plan(): plan_set(<1 strategies>, skip = FALSE, cleanup = FALSE, init = FALSE) ...
[09:46:28.185] | : . ' , ; ` all.equal() for FutureStrategyList ...
[09:46:28.185] | : . ' , ; ` | New stack:
[09:46:28.185] | : . ' , ; ` | List of 1
[09:46:28.185] | : . ' , ; ` |  $ :function (..., envir = parent.frame())  
[09:46:28.185] | : . ' , ; ` |   ..- attr(*, "class")= chr [1:4] "sequential" "uniprocess" "future" "function"
[09:46:28.185] | : . ' , ; ` |   ..- attr(*, "init")= logi TRUE
[09:46:28.185] | : . ' , ; ` |   ..- attr(*, "factory")=function (..., maxSizeOfObjects = +Inf)  
[09:46:28.185] | : . ' , ; ` |   .. ..- attr(*, "tweakable")= chr [1:5] "maxSizeOfObjects" "earlySignal" "gc" "interrupts" ...
[09:46:28.185] | : . ' , ; ` |   ..- attr(*, "tweakable")= chr [1:5] "maxSizeOfObjects" "earlySignal" "gc" "interrupts" ...
[09:46:28.185] | : . ' , ; ` |   ..- attr(*, "call")= language plan(strategiesR, .cleanup = FALSE, .init = FALSE)
[09:46:28.185] | : . ' , ; ` |  - attr(*, "class")= chr [1:2] "FutureStrategyList" "list"
[09:46:28.187] | : . ' , ; ` | Old stack:
[09:46:28.188] | : . ' , ; ` | List of 1
[09:46:28.188] | : . ' , ; ` |  $ :function (..., envir = parent.frame())  
[09:46:28.188] | : . ' , ; ` |   ..- attr(*, "class")= chr [1:4] "sequential" "uniprocess" "future" "function"
[09:46:28.188] | : . ' , ; ` |   ..- attr(*, "init")= chr "done"
[09:46:28.188] | : . ' , ; ` |   ..- attr(*, "factory")=function (..., maxSizeOfObjects = +Inf)  
[09:46:28.188] | : . ' , ; ` |   .. ..- attr(*, "tweakable")= chr [1:5] "maxSizeOfObjects" "earlySignal" "gc" "interrupts" ...
[09:46:28.188] | : . ' , ; ` |   ..- attr(*, "tweakable")= chr [1:5] "maxSizeOfObjects" "earlySignal" "gc" "interrupts" ...
[09:46:28.188] | : . ' , ; ` |   ..- attr(*, "call")= language plan(sequential)
[09:46:28.188] | : . ' , ; ` |   ..- attr(*, "backend")=Classes 'SequentialFutureBackend', 'FutureBackend', 'environment' <environment: 0x5557de32df08> 
[09:46:28.188] | : . ' , ; ` |   .. ..- attr(*, "factory")=function (..., maxSizeOfObjects = +Inf)  
[09:46:28.188] | : . ' , ; ` |   .. .. ..- attr(*, "tweakable")= chr [1:5] "maxSizeOfObjects" "earlySignal" "gc" "interrupts" ...
[09:46:28.188] | : . ' , ; ` |  - attr(*, "class")= chr [1:2] "FutureStrategyList" "list"
[09:46:28.191] | : . ' , ; ` | Not identical
[09:46:28.191] | : . ' , ; ` | all.equal() for future ...
[09:46:28.191] | : . ' , ; ` | : List of 2
[09:46:28.191] | : . ' , ; ` | :  $ target :function (..., envir = parent.frame())  
[09:46:28.191] | : . ' , ; ` | :   ..- attr(*, "class")= chr [1:4] "sequential" "uniprocess" "future" "function"
[09:46:28.191] | : . ' , ; ` | :   ..- attr(*, "init")= logi TRUE
[09:46:28.191] | : . ' , ; ` | :   ..- attr(*, "factory")=function (..., maxSizeOfObjects = +Inf)  
[09:46:28.191] | : . ' , ; ` | :   .. ..- attr(*, "tweakable")= chr [1:5] "maxSizeOfObjects" "earlySignal" "gc" "interrupts" ...
[09:46:28.191] | : . ' , ; ` | :   ..- attr(*, "tweakable")= chr [1:5] "maxSizeOfObjects" "earlySignal" "gc" "interrupts" ...
[09:46:28.191] | : . ' , ; ` | :   ..- attr(*, "call")= language plan(strategiesR, .cleanup = FALSE, .init = FALSE)
[09:46:28.191] | : . ' , ; ` | :  $ current:function (..., envir = parent.frame())  
[09:46:28.191] | : . ' , ; ` | :   ..- attr(*, "class")= chr [1:4] "sequential" "uniprocess" "future" "function"
[09:46:28.191] | : . ' , ; ` | :   ..- attr(*, "init")= chr "done"
[09:46:28.191] | : . ' , ; ` | :   ..- attr(*, "factory")=function (..., maxSizeOfObjects = +Inf)  
[09:46:28.191] | : . ' , ; ` | :   .. ..- attr(*, "tweakable")= chr [1:5] "maxSizeOfObjects" "earlySignal" "gc" "interrupts" ...
[09:46:28.191] | : . ' , ; ` | :   ..- attr(*, "tweakable")= chr [1:5] "maxSizeOfObjects" "earlySignal" "gc" "interrupts" ...
[09:46:28.191] | : . ' , ; ` | :   ..- attr(*, "call")= language plan(sequential)
[09:46:28.191] | : . ' , ; ` | :   ..- attr(*, "backend")=Classes 'SequentialFutureBackend', 'FutureBackend', 'environment' <environment: 0x5557de32df08> 
[09:46:28.191] | : . ' , ; ` | :   .. ..- attr(*, "factory")=function (..., maxSizeOfObjects = +Inf)  
[09:46:28.191] | : . ' , ; ` | :   .. .. ..- attr(*, "tweakable")= chr [1:5] "maxSizeOfObjects" "earlySignal" "gc" "interrupts" ...
[09:46:28.196] | : . ' , ; ` | all.equal() for future ... done
[09:46:28.196] | : . ' , ; ` all.equal() for FutureStrategyList ... done
[09:46:28.196] | : . ' , ; ` plan(): Skip setting new future backend stack because it is the same as the current one:
[09:46:28.197] | : . ' , ; ` List of future strategies:
[09:46:28.197] | : . ' , ; ` 1. sequential:
[09:46:28.197] | : . ' , ; `    - args: function (..., envir = parent.frame(), workers = "<NULL>")
[09:46:28.197] | : . ' , ; `    - tweaked: FALSE
[09:46:28.197] | : . ' , ; `    - call: plan(sequential)
[09:46:28.197] | : . ' , ; plan(): plan_set(<1 strategies>, skip = FALSE, cleanup = FALSE, init = FALSE) ... done
[09:46:28.198] | : . ' , plan(<‘name’>, .skip = FALSE, .cleanup = FALSE, .init = FALSE) ... done
[09:46:28.199] | : . ' , plan(<‘name’>, .skip = FALSE, .cleanup = FALSE, .init = FALSE) ...
[09:46:28.199] | : . ' , ; plan(<‘FutureStrategyList’>, .skip = FALSE, .cleanup = FALSE, .init = FALSE) ...
[09:46:28.199] | : . ' , ; ` plan(): plan_set(<1 strategies>, skip = FALSE, cleanup = FALSE, init = FALSE) ...
[09:46:28.199] | : . ' , ; ` | all.equal() for FutureStrategyList ...
[09:46:28.200] | : . ' , ; ` | : New stack:
[09:46:28.200] | : . ' , ; ` | : List of 1
[09:46:28.200] | : . ' , ; ` | :  $ :function (..., envir = parent.frame())  
[09:46:28.200] | : . ' , ; ` | :   ..- attr(*, "class")= chr [1:4] "sequential" "uniprocess" "future" "function"
[09:46:28.200] | : . ' , ; ` | :   ..- attr(*, "init")= chr "done"
[09:46:28.200] | : . ' , ; ` | :   ..- attr(*, "factory")=function (..., maxSizeOfObjects = +Inf)  
[09:46:28.200] | : . ' , ; ` | :   .. ..- attr(*, "tweakable")= chr [1:5] "maxSizeOfObjects" "earlySignal" "gc" "interrupts" ...
[09:46:28.200] | : . ' , ; ` | :   ..- attr(*, "tweakable")= chr [1:5] "maxSizeOfObjects" "earlySignal" "gc" "interrupts" ...
[09:46:28.200] | : . ' , ; ` | :   ..- attr(*, "call")= language plan(sequential)
[09:46:28.200] | : . ' , ; ` | :   ..- attr(*, "backend")=Classes 'SequentialFutureBackend', 'FutureBackend', 'environment' <environment: 0x5557de32df08> 
[09:46:28.200] | : . ' , ; ` | :   .. ..- attr(*, "factory")=function (..., maxSizeOfObjects = +Inf)  
[09:46:28.200] | : . ' , ; ` | :   .. .. ..- attr(*, "tweakable")= chr [1:5] "maxSizeOfObjects" "earlySignal" "gc" "interrupts" ...
[09:46:28.200] | : . ' , ; ` | :  - attr(*, "class")= chr [1:2] "FutureStrategyList" "list"
[09:46:28.203] | : . ' , ; ` | : Old stack:
[09:46:28.203] | : . ' , ; ` | : List of 1
[09:46:28.203] | : . ' , ; ` | :  $ :function (..., envir = parent.frame())  
[09:46:28.203] | : . ' , ; ` | :   ..- attr(*, "class")= chr [1:4] "sequential" "uniprocess" "future" "function"
[09:46:28.203] | : . ' , ; ` | :   ..- attr(*, "init")= chr "done"
[09:46:28.203] | : . ' , ; ` | :   ..- attr(*, "factory")=function (..., maxSizeOfObjects = +Inf)  
[09:46:28.203] | : . ' , ; ` | :   .. ..- attr(*, "tweakable")= chr [1:5] "maxSizeOfObjects" "earlySignal" "gc" "interrupts" ...
[09:46:28.203] | : . ' , ; ` | :   ..- attr(*, "tweakable")= chr [1:5] "maxSizeOfObjects" "earlySignal" "gc" "interrupts" ...
[09:46:28.203] | : . ' , ; ` | :   ..- attr(*, "call")= language plan(sequential)
[09:46:28.203] | : . ' , ; ` | :   ..- attr(*, "backend")=Classes 'SequentialFutureBackend', 'FutureBackend', 'environment' <environment: 0x5557de32df08> 
[09:46:28.203] | : . ' , ; ` | :   .. ..- attr(*, "factory")=function (..., maxSizeOfObjects = +Inf)  
[09:46:28.203] | : . ' , ; ` | :   .. .. ..- attr(*, "tweakable")= chr [1:5] "maxSizeOfObjects" "earlySignal" "gc" "interrupts" ...
[09:46:28.203] | : . ' , ; ` | :  - attr(*, "class")= chr [1:2] "FutureStrategyList" "list"
[09:46:28.206] | : . ' , ; ` | : Identical
[09:46:28.206] | : . ' , ; ` | all.equal() for FutureStrategyList ... done
[09:46:28.206] | : . ' , ; ` | plan(): Skip setting new future backend stack because it is the same as the current one:
[09:46:28.206] | : . ' , ; ` | List of future strategies:
[09:46:28.206] | : . ' , ; ` | 1. sequential:
[09:46:28.206] | : . ' , ; ` |    - args: function (..., envir = parent.frame(), workers = "<NULL>")
[09:46:28.206] | : . ' , ; ` |    - tweaked: FALSE
[09:46:28.206] | : . ' , ; ` |    - call: plan(sequential)
[09:46:28.206] | : . ' , ; ` plan(): plan_set(<1 strategies>, skip = FALSE, cleanup = FALSE, init = FALSE) ... done
[09:46:28.207] | : . ' , ; plan(<‘FutureStrategyList’>, .skip = FALSE, .cleanup = FALSE, .init = FALSE) ... done
[09:46:28.207] | : . ' , plan(<‘name’>, .skip = FALSE, .cleanup = FALSE, .init = FALSE) ... done
[09:46:28.207] | : . ' , SequentialFuture started (and completed)
[09:46:28.207] | : . ' , signalConditions() ...
[09:46:28.207] | : . ' , ; include = ‘immediateCondition’
[09:46:28.207] | : . ' , ; exclude = 
[09:46:28.207] | : . ' , ; resignal = FALSE
[09:46:28.207] | : . ' , ; Number of conditions: 6
[09:46:28.207] | : . ' , ;  int 6
[09:46:28.208] | : . ' , ; Condition #1 (class: ‘simpleMessage’, ‘message’, ‘condition’):
[09:46:28.208] | : . ' , ; Condition #2 (class: ‘simpleMessage’, ‘message’, ‘condition’):
[09:46:28.208] | : . ' , ; Condition #3 (class: ‘simpleMessage’, ‘message’, ‘condition’):
[09:46:28.208] | : . ' , ; Condition #4 (class: ‘simpleMessage’, ‘message’, ‘condition’):
[09:46:28.208] | : . ' , ; Condition #5 (class: ‘simpleMessage’, ‘message’, ‘condition’):
[09:46:28.208] | : . ' , ; Condition #6 (class: ‘simpleMessage’, ‘message’, ‘condition’):
[09:46:28.209] | : . ' , signalConditions() ... done
[09:46:28.209] | : . ' launchFuture() for ‘SequentialFutureBackend’, ‘FutureBackend’, ‘environment’ ... done
[09:46:28.209] | : . Launching futures ... done
[09:46:28.209] | : . Future launched: ‘SequentialFuture’, ‘UniprocessFuture’, ‘Future’
[09:46:28.209] | : Using SequentialFutureBackend ... done
[09:46:28.209] | run() for ‘Future’ (<unnamed-2>) ... done
[09:46:28.209] | signalConditions() ...
[09:46:28.209] | : include = ‘immediateCondition’
[09:46:28.209] | : exclude = 
[09:46:28.209] | : resignal = FALSE
[09:46:28.209] | : Number of conditions: 6
[09:46:28.210] | :  int 6
[09:46:28.210] | : Condition #1 (class: ‘simpleMessage’, ‘message’, ‘condition’):
[09:46:28.210] | : Condition #2 (class: ‘simpleMessage’, ‘message’, ‘condition’):
[09:46:28.210] | : Condition #3 (class: ‘simpleMessage’, ‘message’, ‘condition’):
[09:46:28.210] | : Condition #4 (class: ‘simpleMessage’, ‘message’, ‘condition’):
[09:46:28.210] | : Condition #5 (class: ‘simpleMessage’, ‘message’, ‘condition’):
[09:46:28.210] | : Condition #6 (class: ‘simpleMessage’, ‘message’, ‘condition’):
[09:46:28.211] | signalConditions() ... done
[09:46:28.211] | relay stdout ...
[09:46:28.211] | relay stdout ... done
[09:46:28.211] | check for misuse ...
[09:46:28.211] | check for misuse ... done
[09:46:28.211] | relay conditions ...
[09:46:28.211] | : Future state: ‘finished’
[09:46:28.211] | : signalConditions() ...
[09:46:28.211] | : . include = ‘condition’
[09:46:28.211] | : . exclude = ‘immediateCondition’
[09:46:28.212] | : . resignal = TRUE
[09:46:28.212] | : . Number of conditions: 6
[09:46:28.212] | : .  int 6
[09:46:28.212] | : . Condition #1 (class: ‘simpleMessage’, ‘message’, ‘condition’):
[09:46:28.212] | : . Condition #1: ‘simpleMessage’, ‘message’, ‘condition’
[09:46:28.183] | : . ' , attachPackages() ...
[09:46:28.212] | : . Condition #2 (class: ‘simpleMessage’, ‘message’, ‘condition’):
[09:46:28.212] | : . Condition #2: ‘simpleMessage’, ‘message’, ‘condition’
[09:46:28.183] | : . ' , ; packages: [n=1] ‘future’
[09:46:28.213] | : . Condition #3 (class: ‘simpleMessage’, ‘message’, ‘condition’):
[09:46:28.213] | : . Condition #3: ‘simpleMessage’, ‘message’, ‘condition’
[09:46:28.183] | : . ' , attachPackages() ... done
[09:46:28.213] | : . Condition #4 (class: ‘simpleMessage’, ‘message’, ‘condition’):
[09:46:28.213] | : . Condition #4: ‘simpleMessage’, ‘message’, ‘condition’
[09:46:28.183] | : . ' , attachPackages() ...
[09:46:28.213] | : . Condition #5 (class: ‘simpleMessage’, ‘message’, ‘condition’):
[09:46:28.213] | : . Condition #5: ‘simpleMessage’, ‘message’, ‘condition’
[09:46:28.184] | : . ' , ; packages: [n=0] 
[09:46:28.213] | : . Condition #6 (class: ‘simpleMessage’, ‘message’, ‘condition’):
[09:46:28.213] | : . Condition #6: ‘simpleMessage’, ‘message’, ‘condition’
[09:46:28.184] | : . ' , attachPackages() ... done
[09:46:28.214] | : signalConditions() ... done
[09:46:28.214] | relay conditions ... done
[09:46:28.214] value() for Future (<unnamed-2>) ... done

> stopifnot(identical(v$a, 2))
[09:46:28.214] value() for Future (<unnamed-3>) ...
[09:46:28.214] | run() for ‘Future’ (<unnamed-3>) ...
[09:46:28.214] | : state: ‘created’
[09:46:28.214] | : plan("backend", .skip = FALSE, .cleanup = NA, .init = TRUE) ...
[09:46:28.215] | : plan("backend", .skip = FALSE, .cleanup = NA, .init = TRUE) ... done
[09:46:28.215] | : Using SequentialFutureBackend ...
[09:46:28.215] | : . Number of futures since start: 2 (2 created, 2 launched, 2 finished)
[09:46:28.215] | : . Launching futures ...
[09:46:28.216] | : . ' launchFuture() for ‘SequentialFutureBackend’, ‘FutureBackend’, ‘environment’ ...
[09:46:28.216] | : . ' , getFutureData() ...
[09:46:28.216] | : . ' , ; getFutureCore() ...
[09:46:28.216] | : . ' , ; ` Packages needed by the future expression (n = 0): <none>
[09:46:28.216] | : . ' , ; getFutureCore() ... done
[09:46:28.216] | : . ' , ; getFutureCapture() ...
[09:46:28.216] | : . ' , ; getFutureCapture() ... done
[09:46:28.216] | : . ' , ; getFutureContext() ...
[09:46:28.216] | : . ' , ; ` plan("tail", .skip = FALSE, .cleanup = NA, .init = TRUE) ...
[09:46:28.217] | : . ' , ; ` | Getting stack without first backend: [n=0] 
[09:46:28.217] | : . ' , ; ` plan("tail", .skip = FALSE, .cleanup = NA, .init = TRUE) ... done
[09:46:28.217] | : . ' , ; ` Packages needed by future backend (n = 0): <none>
[09:46:28.217] | : . ' , ; getFutureContext() ... done
[09:46:28.217] | : . ' , getFutureData() ... done
[09:46:28.218] | : . ' , plan("list", .skip = FALSE, .cleanup = NA, .init = TRUE) ...
[09:46:28.218] | : . ' , ; Getting full stack: [n=1] ‘sequential’, ‘uniprocess’, ‘future’, ‘function’
[09:46:28.218] | : . ' , plan("list", .skip = FALSE, .cleanup = NA, .init = TRUE) ... done
[09:46:28.219] | : . ' , plan(<‘name’>, .skip = FALSE, .cleanup = FALSE, .init = FALSE) ...
[09:46:28.219] | : . ' , ; plan(): plan_set(<1 strategies>, skip = FALSE, cleanup = FALSE, init = FALSE) ...
[09:46:28.219] | : . ' , ; ` all.equal() for FutureStrategyList ...
[09:46:28.219] | : . ' , ; ` | New stack:
[09:46:28.219] | : . ' , ; ` | List of 1
[09:46:28.219] | : . ' , ; ` |  $ :function (..., envir = parent.frame())  
[09:46:28.219] | : . ' , ; ` |   ..- attr(*, "class")= chr [1:4] "sequential" "uniprocess" "future" "function"
[09:46:28.219] | : . ' , ; ` |   ..- attr(*, "init")= logi TRUE
[09:46:28.219] | : . ' , ; ` |   ..- attr(*, "factory")=function (..., maxSizeOfObjects = +Inf)  
[09:46:28.219] | : . ' , ; ` |   .. ..- attr(*, "tweakable")= chr [1:5] "maxSizeOfObjects" "earlySignal" "gc" "interrupts" ...
[09:46:28.219] | : . ' , ; ` |   ..- attr(*, "tweakable")= chr [1:5] "maxSizeOfObjects" "earlySignal" "gc" "interrupts" ...
[09:46:28.219] | : . ' , ; ` |   ..- attr(*, "call")= language plan(strategiesR, .cleanup = FALSE, .init = FALSE)
[09:46:28.219] | : . ' , ; ` |  - attr(*, "class")= chr [1:2] "FutureStrategyList" "list"
[09:46:28.221] | : . ' , ; ` | Old stack:
[09:46:28.222] | : . ' , ; ` | List of 1
[09:46:28.222] | : . ' , ; ` |  $ :function (..., envir = parent.frame())  
[09:46:28.222] | : . ' , ; ` |   ..- attr(*, "class")= chr [1:4] "sequential" "uniprocess" "future" "function"
[09:46:28.222] | : . ' , ; ` |   ..- attr(*, "init")= chr "done"
[09:46:28.222] | : . ' , ; ` |   ..- attr(*, "factory")=function (..., maxSizeOfObjects = +Inf)  
[09:46:28.222] | : . ' , ; ` |   .. ..- attr(*, "tweakable")= chr [1:5] "maxSizeOfObjects" "earlySignal" "gc" "interrupts" ...
[09:46:28.222] | : . ' , ; ` |   ..- attr(*, "tweakable")= chr [1:5] "maxSizeOfObjects" "earlySignal" "gc" "interrupts" ...
[09:46:28.222] | : . ' , ; ` |   ..- attr(*, "call")= language plan(sequential)
[09:46:28.222] | : . ' , ; ` |   ..- attr(*, "backend")=Classes 'SequentialFutureBackend', 'FutureBackend', 'environment' <environment: 0x5557de32df08> 
[09:46:28.222] | : . ' , ; ` |   .. ..- attr(*, "factory")=function (..., maxSizeOfObjects = +Inf)  
[09:46:28.222] | : . ' , ; ` |   .. .. ..- attr(*, "tweakable")= chr [1:5] "maxSizeOfObjects" "earlySignal" "gc" "interrupts" ...
[09:46:28.222] | : . ' , ; ` |  - attr(*, "class")= chr [1:2] "FutureStrategyList" "list"
[09:46:28.224] | : . ' , ; ` | Not identical
[09:46:28.225] | : . ' , ; ` | all.equal() for future ...
[09:46:28.225] | : . ' , ; ` | : List of 2
[09:46:28.225] | : . ' , ; ` | :  $ target :function (..., envir = parent.frame())  
[09:46:28.225] | : . ' , ; ` | :   ..- attr(*, "class")= chr [1:4] "sequential" "uniprocess" "future" "function"
[09:46:28.225] | : . ' , ; ` | :   ..- attr(*, "init")= logi TRUE
[09:46:28.225] | : . ' , ; ` | :   ..- attr(*, "factory")=function (..., maxSizeOfObjects = +Inf)  
[09:46:28.225] | : . ' , ; ` | :   .. ..- attr(*, "tweakable")= chr [1:5] "maxSizeOfObjects" "earlySignal" "gc" "interrupts" ...
[09:46:28.225] | : . ' , ; ` | :   ..- attr(*, "tweakable")= chr [1:5] "maxSizeOfObjects" "earlySignal" "gc" "interrupts" ...
[09:46:28.225] | : . ' , ; ` | :   ..- attr(*, "call")= language plan(strategiesR, .cleanup = FALSE, .init = FALSE)
[09:46:28.225] | : . ' , ; ` | :  $ current:function (..., envir = parent.frame())  
[09:46:28.225] | : . ' , ; ` | :   ..- attr(*, "class")= chr [1:4] "sequential" "uniprocess" "future" "function"
[09:46:28.225] | : . ' , ; ` | :   ..- attr(*, "init")= chr "done"
[09:46:28.225] | : . ' , ; ` | :   ..- attr(*, "factory")=function (..., maxSizeOfObjects = +Inf)  
[09:46:28.225] | : . ' , ; ` | :   .. ..- attr(*, "tweakable")= chr [1:5] "maxSizeOfObjects" "earlySignal" "gc" "interrupts" ...
[09:46:28.225] | : . ' , ; ` | :   ..- attr(*, "tweakable")= chr [1:5] "maxSizeOfObjects" "earlySignal" "gc" "interrupts" ...
[09:46:28.225] | : . ' , ; ` | :   ..- attr(*, "call")= language plan(sequential)
[09:46:28.225] | : . ' , ; ` | :   ..- attr(*, "backend")=Classes 'SequentialFutureBackend', 'FutureBackend', 'environment' <environment: 0x5557de32df08> 
[09:46:28.225] | : . ' , ; ` | :   .. ..- attr(*, "factory")=function (..., maxSizeOfObjects = +Inf)  
[09:46:28.225] | : . ' , ; ` | :   .. .. ..- attr(*, "tweakable")= chr [1:5] "maxSizeOfObjects" "earlySignal" "gc" "interrupts" ...
[09:46:28.230] | : . ' , ; ` | all.equal() for future ... done
[09:46:28.230] | : . ' , ; ` all.equal() for FutureStrategyList ... done
[09:46:28.230] | : . ' , ; ` plan(): Skip setting new future backend stack because it is the same as the current one:
[09:46:28.230] | : . ' , ; ` List of future strategies:
[09:46:28.230] | : . ' , ; ` 1. sequential:
[09:46:28.230] | : . ' , ; `    - args: function (..., envir = parent.frame(), workers = "<NULL>")
[09:46:28.230] | : . ' , ; `    - tweaked: FALSE
[09:46:28.230] | : . ' , ; `    - call: plan(sequential)
[09:46:28.230] | : . ' , ; plan(): plan_set(<1 strategies>, skip = FALSE, cleanup = FALSE, init = FALSE) ... done
[09:46:28.230] | : . ' , plan(<‘name’>, .skip = FALSE, .cleanup = FALSE, .init = FALSE) ... done
[09:46:28.232] | : . ' , plan(<‘name’>, .skip = FALSE, .cleanup = FALSE, .init = FALSE) ...
[09:46:28.232] | : . ' , ; plan(<‘FutureStrategyList’>, .skip = FALSE, .cleanup = FALSE, .init = FALSE) ...
[09:46:28.233] | : . ' , ; ` plan(): plan_set(<1 strategies>, skip = FALSE, cleanup = FALSE, init = FALSE) ...
[09:46:28.233] | : . ' , ; ` | all.equal() for FutureStrategyList ...
[09:46:28.233] | : . ' , ; ` | : New stack:
[09:46:28.233] | : . ' , ; ` | : List of 1
[09:46:28.233] | : . ' , ; ` | :  $ :function (..., envir = parent.frame())  
[09:46:28.233] | : . ' , ; ` | :   ..- attr(*, "class")= chr [1:4] "sequential" "uniprocess" "future" "function"
[09:46:28.233] | : . ' , ; ` | :   ..- attr(*, "init")= chr "done"
[09:46:28.233] | : . ' , ; ` | :   ..- attr(*, "factory")=function (..., maxSizeOfObjects = +Inf)  
[09:46:28.233] | : . ' , ; ` | :   .. ..- attr(*, "tweakable")= chr [1:5] "maxSizeOfObjects" "earlySignal" "gc" "interrupts" ...
[09:46:28.233] | : . ' , ; ` | :   ..- attr(*, "tweakable")= chr [1:5] "maxSizeOfObjects" "earlySignal" "gc" "interrupts" ...
[09:46:28.233] | : . ' , ; ` | :   ..- attr(*, "call")= language plan(sequential)
[09:46:28.233] | : . ' , ; ` | :   ..- attr(*, "backend")=Classes 'SequentialFutureBackend', 'FutureBackend', 'environment' <environment: 0x5557de32df08> 
[09:46:28.233] | : . ' , ; ` | :   .. ..- attr(*, "factory")=function (..., maxSizeOfObjects = +Inf)  
[09:46:28.233] | : . ' , ; ` | :   .. .. ..- attr(*, "tweakable")= chr [1:5] "maxSizeOfObjects" "earlySignal" "gc" "interrupts" ...
[09:46:28.233] | : . ' , ; ` | :  - attr(*, "class")= chr [1:2] "FutureStrategyList" "list"
[09:46:28.236] | : . ' , ; ` | : Old stack:
[09:46:28.236] | : . ' , ; ` | : List of 1
[09:46:28.236] | : . ' , ; ` | :  $ :function (..., envir = parent.frame())  
[09:46:28.236] | : . ' , ; ` | :   ..- attr(*, "class")= chr [1:4] "sequential" "uniprocess" "future" "function"
[09:46:28.236] | : . ' , ; ` | :   ..- attr(*, "init")= chr "done"
[09:46:28.236] | : . ' , ; ` | :   ..- attr(*, "factory")=function (..., maxSizeOfObjects = +Inf)  
[09:46:28.236] | : . ' , ; ` | :   .. ..- attr(*, "tweakable")= chr [1:5] "maxSizeOfObjects" "earlySignal" "gc" "interrupts" ...
[09:46:28.236] | : . ' , ; ` | :   ..- attr(*, "tweakable")= chr [1:5] "maxSizeOfObjects" "earlySignal" "gc" "interrupts" ...
[09:46:28.236] | : . ' , ; ` | :   ..- attr(*, "call")= language plan(sequential)
[09:46:28.236] | : . ' , ; ` | :   ..- attr(*, "backend")=Classes 'SequentialFutureBackend', 'FutureBackend', 'environment' <environment: 0x5557de32df08> 
[09:46:28.236] | : . ' , ; ` | :   .. ..- attr(*, "factory")=function (..., maxSizeOfObjects = +Inf)  
[09:46:28.236] | : . ' , ; ` | :   .. .. ..- attr(*, "tweakable")= chr [1:5] "maxSizeOfObjects" "earlySignal" "gc" "interrupts" ...
[09:46:28.236] | : . ' , ; ` | :  - attr(*, "class")= chr [1:2] "FutureStrategyList" "list"
[09:46:28.239] | : . ' , ; ` | : Identical
[09:46:28.239] | : . ' , ; ` | all.equal() for FutureStrategyList ... done
[09:46:28.240] | : . ' , ; ` | plan(): Skip setting new future backend stack because it is the same as the current one:
[09:46:28.240] | : . ' , ; ` | List of future strategies:
[09:46:28.240] | : . ' , ; ` | 1. sequential:
[09:46:28.240] | : . ' , ; ` |    - args: function (..., envir = parent.frame(), workers = "<NULL>")
[09:46:28.240] | : . ' , ; ` |    - tweaked: FALSE
[09:46:28.240] | : . ' , ; ` |    - call: plan(sequential)
[09:46:28.240] | : . ' , ; ` plan(): plan_set(<1 strategies>, skip = FALSE, cleanup = FALSE, init = FALSE) ... done
[09:46:28.240] | : . ' , ; plan(<‘FutureStrategyList’>, .skip = FALSE, .cleanup = FALSE, .init = FALSE) ... done
[09:46:28.240] | : . ' , plan(<‘name’>, .skip = FALSE, .cleanup = FALSE, .init = FALSE) ... done
[09:46:28.240] | : . ' , SequentialFuture started (and completed)
[09:46:28.241] | : . ' , signalConditions() ...
[09:46:28.241] | : . ' , ; include = ‘immediateCondition’
[09:46:28.241] | : . ' , ; exclude = 
[09:46:28.241] | : . ' , ; resignal = FALSE
[09:46:28.241] | : . ' , ; Number of conditions: 6
[09:46:28.241] | : . ' , ;  int 6
[09:46:28.241] | : . ' , ; Condition #1 (class: ‘simpleMessage’, ‘message’, ‘condition’):
[09:46:28.242] | : . ' , ; Condition #2 (class: ‘simpleMessage’, ‘message’, ‘condition’):
[09:46:28.242] | : . ' , ; Condition #3 (class: ‘simpleMessage’, ‘message’, ‘condition’):
[09:46:28.242] | : . ' , ; Condition #4 (class: ‘simpleMessage’, ‘message’, ‘condition’):
[09:46:28.242] | : . ' , ; Condition #5 (class: ‘simpleMessage’, ‘message’, ‘condition’):
[09:46:28.242] | : . ' , ; Condition #6 (class: ‘simpleMessage’, ‘message’, ‘condition’):
[09:46:28.242] | : . ' , signalConditions() ... done
[09:46:28.242] | : . ' launchFuture() for ‘SequentialFutureBackend’, ‘FutureBackend’, ‘environment’ ... done
[09:46:28.242] | : . Launching futures ... done
[09:46:28.242] | : . Future launched: ‘SequentialFuture’, ‘UniprocessFuture’, ‘Future’
[09:46:28.242] | : Using SequentialFutureBackend ... done
[09:46:28.243] | run() for ‘Future’ (<unnamed-3>) ... done
[09:46:28.243] | signalConditions() ...
[09:46:28.243] | : include = ‘immediateCondition’
[09:46:28.243] | : exclude = 
[09:46:28.243] | : resignal = FALSE
[09:46:28.243] | : Number of conditions: 6
[09:46:28.243] | :  int 6
[09:46:28.243] | : Condition #1 (class: ‘simpleMessage’, ‘message’, ‘condition’):
[09:46:28.244] | : Condition #2 (class: ‘simpleMessage’, ‘message’, ‘condition’):
[09:46:28.244] | : Condition #3 (class: ‘simpleMessage’, ‘message’, ‘condition’):
[09:46:28.244] | : Condition #4 (class: ‘simpleMessage’, ‘message’, ‘condition’):
[09:46:28.244] | : Condition #5 (class: ‘simpleMessage’, ‘message’, ‘condition’):
[09:46:28.244] | : Condition #6 (class: ‘simpleMessage’, ‘message’, ‘condition’):
[09:46:28.244] | signalConditions() ... done
[09:46:28.244] | relay stdout ...
[09:46:28.244] | relay stdout ... done
[09:46:28.244] | check for misuse ...
[09:46:28.244] | check for misuse ... done
[09:46:28.245] | relay conditions ...
[09:46:28.245] | : Future state: ‘finished’
[09:46:28.245] | : signalConditions() ...
[09:46:28.245] | : . include = ‘condition’
[09:46:28.245] | : . exclude = ‘immediateCondition’
[09:46:28.245] | : . resignal = TRUE
[09:46:28.245] | : . Number of conditions: 6
[09:46:28.245] | : .  int 6
[09:46:28.246] | : . Condition #1 (class: ‘simpleMessage’, ‘message’, ‘condition’):
[09:46:28.246] | : . Condition #1: ‘simpleMessage’, ‘message’, ‘condition’
[09:46:28.217] | : . ' , attachPackages() ...
[09:46:28.246] | : . Condition #2 (class: ‘simpleMessage’, ‘message’, ‘condition’):
[09:46:28.246] | : . Condition #2: ‘simpleMessage’, ‘message’, ‘condition’
[09:46:28.217] | : . ' , ; packages: [n=1] ‘future’
[09:46:28.246] | : . Condition #3 (class: ‘simpleMessage’, ‘message’, ‘condition’):
[09:46:28.246] | : . Condition #3: ‘simpleMessage’, ‘message’, ‘condition’
[09:46:28.217] | : . ' , attachPackages() ... done
[09:46:28.246] | : . Condition #4 (class: ‘simpleMessage’, ‘message’, ‘condition’):
[09:46:28.246] | : . Condition #4: ‘simpleMessage’, ‘message’, ‘condition’
[09:46:28.218] | : . ' , attachPackages() ...
[09:46:28.246] | : . Condition #5 (class: ‘simpleMessage’, ‘message’, ‘condition’):
[09:46:28.247] | : . Condition #5: ‘simpleMessage’, ‘message’, ‘condition’
[09:46:28.218] | : . ' , ; packages: [n=0] 
[09:46:28.247] | : . Condition #6 (class: ‘simpleMessage’, ‘message’, ‘condition’):
[09:46:28.247] | : . Condition #6: ‘simpleMessage’, ‘message’, ‘condition’
[09:46:28.218] | : . ' , attachPackages() ... done
[09:46:28.247] | : signalConditions() ... done
[09:46:28.247] | relay conditions ... done
[09:46:28.247] value() for Future (<unnamed-3>) ... done

> message("*** %<-% to environment ... DONE")
*** %<-% to environment ... DONE
Skipping, because path appears not to be an 'R CMD check' folder: ‘/tmp’
Test time: user.self=0.2s, sys.self=0s, elapsed=0.2s, user.child=0.003s, sys.child=0.002s
Test ‘futureAssign_OP_with_environment’ ... success
> 
