
R version 4.5.2 (2025-10-31) -- "[Not] Part in a Rumble"
Copyright (C) 2025 The R Foundation for Statistical Computing
Platform: x86_64-pc-linux-gnu

R is free software and comes with ABSOLUTELY NO WARRANTY.
You are welcome to redistribute it under certain conditions.
Type 'license()' or 'licence()' for distribution details.

R is a collaborative project with many contributors.
Type 'contributors()' for more information and
'citation()' on how to cite R or R packages in publications.

Type 'demo()' for some demos, 'help()' for on-line help, or
'help.start()' for an HTML browser interface to help.
Type 'q()' to quit R.

> #! /usr/bin/env Rscript
> ## This runs testme test script inst/testme/test-FutureError.R
> ## Don't edit - it was autogenerated by inst/testme/deploy.R
> future:::testme("FutureError")
Test ‘FutureError’ ...
 chr "none"

> library(future)
[09:46:39.589] Option 'future.startup.script': TRUE
[09:46:39.589] Future startup scripts considered: ‘.future.R’, ‘~/.future.R’
[09:46:39.589] Future startup scripts found: <none>

> message("*** FutureError class ...")
*** FutureError class ...

> ex <- FutureError(message = "Woops")

> print(ex)
<FutureError: Woops [future <unnamed>; on 6074e107fbdd2f213d29aec60e2bacda@38bf771bf2e4<72664>]>

Occurred on: 6074e107fbdd2f213d29aec60e2bacda [38bf771bf2e4; pid 72664]
Future: <NA> (<unnamed>)

> cond <- tryCatch(message("Woops", appendLF = FALSE), 
+     message = identity)

> ex2 <- FutureError(message = cond)

> print(ex2)
<FutureError: Woops [future <unnamed>; on 6074e107fbdd2f213d29aec60e2bacda@38bf771bf2e4<72664>]>

Occurred on: 6074e107fbdd2f213d29aec60e2bacda [38bf771bf2e4; pid 72664]
Future: <NA> (<unnamed>)

> stopifnot(conditionMessage(ex2) == conditionMessage(ex))

> f <- future({
+     42
+     stop("woops")
+ })
[09:46:39.592] future(..., label = NULL) ...
[09:46:39.592] | lazy: FALSE
[09:46:39.592] | stdout: TRUE
[09:46:39.592] | conditions: [n=1] ‘condition’
[09:46:39.593] | getGlobalsAndPackages() ...
[09:46:39.593] | : Searching for globals ...
[09:46:39.606] | : . globals found: [2] ‘{’, ‘stop’
[09:46:39.606] | : Searching for globals ... done
[09:46:39.606] | : Resolving globals: FALSE
[09:46:39.607] | : Search for packages associated with the globals ...
[09:46:39.607] | : . Packages associated with globals: [1] ‘base’
[09:46:39.607] | : . Packages: [1] ‘base’
[09:46:39.607] | : Search for packages associated with the globals ... done
[09:46:39.607] | : Packages after dropping 'base': [0] 
[09:46:39.607] | : globals: [0] 
[09:46:39.608] | : packages: [0] 
[09:46:39.608] | getGlobalsAndPackages() ... done
[09:46:39.608] | run() for ‘Future’ (<unnamed-1>) ...
[09:46:39.608] | : state: ‘created’
[09:46:39.609] | : plan("backend", .skip = FALSE, .cleanup = NA, .init = TRUE) ...
[09:46:39.609] | : . plan(): plan_init() of ‘sequential’, ‘uniprocess’, ‘future’, ‘function’ ...
[09:46:39.609] | : . ' function (..., envir = parent.frame())  
[09:46:39.609] | : . '  - attr(*, "class")= chr [1:4] "sequential" "uniprocess" "future" "function"
[09:46:39.609] | : . '  - attr(*, "init")= logi TRUE
[09:46:39.609] | : . '  - attr(*, "factory")=function (..., maxSizeOfObjects = +Inf)  
[09:46:39.609] | : . '   ..- attr(*, "tweakable")= chr [1:5] "maxSizeOfObjects" "earlySignal" "gc" "interrupts" ...
[09:46:39.609] | : . '  - attr(*, "tweakable")= chr [1:5] "maxSizeOfObjects" "earlySignal" "gc" "interrupts" ...
[09:46:39.609] | : . '  - attr(*, "call")= language plan(sequential)
[09:46:39.611] | : . ' init: TRUE
[09:46:39.612] | : . ' makeFutureBackend(<sequential>) ...
[09:46:39.612] | : . ' , Backend function: <‘NULL’>
[09:46:39.612] | : . ' , Evaluator tweak arguments: [n=0]
[09:46:39.612] | : . ' ,  list()
[09:46:39.612] | : . ' , Evaluator formal arguments: [n=1]
[09:46:39.612] | : . ' , Dotted pair list of 1
[09:46:39.612] | : . ' ,  $ envir: language parent.frame()
[09:46:39.613] | : . ' , Arguments passed to the future-backend factory: [n=1]
[09:46:39.613] | : . ' , List of 1
[09:46:39.613] | : . ' ,  $ envir: language parent.frame()
[09:46:39.614] | : . ' , Backend: <‘SequentialFutureBackend’, ‘FutureBackend’, ‘environment’>
[09:46:39.614] | : . ' makeFutureBackend(<sequential>) ... done
[09:46:39.614] | : . plan(): plan_init() of ‘sequential’, ‘uniprocess’, ‘future’, ‘function’ ... done
[09:46:39.614] | : plan("backend", .skip = FALSE, .cleanup = NA, .init = TRUE) ... done
[09:46:39.614] | : Using SequentialFutureBackend ...
[09:46:39.614] | : . Number of futures since start: 0 (0 created, 0 launched, 0 finished)
[09:46:39.614] | : . Launching futures ...
[09:46:39.615] | : . ' launchFuture() for ‘SequentialFutureBackend’, ‘FutureBackend’, ‘environment’ ...
[09:46:39.615] | : . ' , getFutureData() ...
[09:46:39.615] | : . ' , ; getFutureCore() ...
[09:46:39.615] | : . ' , ; ` Packages needed by the future expression (n = 0): <none>
[09:46:39.615] | : . ' , ; getFutureCore() ... done
[09:46:39.615] | : . ' , ; getFutureCapture() ...
[09:46:39.615] | : . ' , ; getFutureCapture() ... done
[09:46:39.616] | : . ' , ; getFutureContext() ...
[09:46:39.616] | : . ' , ; ` plan("tail", .skip = FALSE, .cleanup = NA, .init = TRUE) ...
[09:46:39.616] | : . ' , ; ` | Getting stack without first backend: [n=0] 
[09:46:39.616] | : . ' , ; ` plan("tail", .skip = FALSE, .cleanup = NA, .init = TRUE) ... done
[09:46:39.616] | : . ' , ; ` Packages needed by future backend (n = 0): <none>
[09:46:39.616] | : . ' , ; getFutureContext() ... done
[09:46:39.616] | : . ' , getFutureData() ... done
[09:46:39.619] | : . ' , plan("list", .skip = FALSE, .cleanup = NA, .init = TRUE) ...
[09:46:39.619] | : . ' , ; Getting full stack: [n=1] ‘sequential’, ‘uniprocess’, ‘future’, ‘function’
[09:46:39.619] | : . ' , plan("list", .skip = FALSE, .cleanup = NA, .init = TRUE) ... done
[09:46:39.619] | : . ' , plan(<‘name’>, .skip = FALSE, .cleanup = FALSE, .init = FALSE) ...
[09:46:39.619] | : . ' , ; plan(): plan_set(<1 strategies>, skip = FALSE, cleanup = FALSE, init = FALSE) ...
[09:46:39.620] | : . ' , ; ` all.equal() for FutureStrategyList ...
[09:46:39.620] | : . ' , ; ` | New stack:
[09:46:39.620] | : . ' , ; ` | List of 1
[09:46:39.620] | : . ' , ; ` |  $ :function (..., envir = parent.frame())  
[09:46:39.620] | : . ' , ; ` |   ..- attr(*, "class")= chr [1:4] "sequential" "uniprocess" "future" "function"
[09:46:39.620] | : . ' , ; ` |   ..- attr(*, "init")= logi TRUE
[09:46:39.620] | : . ' , ; ` |   ..- attr(*, "factory")=function (..., maxSizeOfObjects = +Inf)  
[09:46:39.620] | : . ' , ; ` |   .. ..- attr(*, "tweakable")= chr [1:5] "maxSizeOfObjects" "earlySignal" "gc" "interrupts" ...
[09:46:39.620] | : . ' , ; ` |   ..- attr(*, "tweakable")= chr [1:5] "maxSizeOfObjects" "earlySignal" "gc" "interrupts" ...
[09:46:39.620] | : . ' , ; ` |   ..- attr(*, "call")= language plan(strategiesR, .cleanup = FALSE, .init = FALSE)
[09:46:39.620] | : . ' , ; ` |  - attr(*, "class")= chr [1:2] "FutureStrategyList" "list"
[09:46:39.622] | : . ' , ; ` | Old stack:
[09:46:39.622] | : . ' , ; ` | List of 1
[09:46:39.622] | : . ' , ; ` |  $ :function (..., envir = parent.frame())  
[09:46:39.622] | : . ' , ; ` |   ..- attr(*, "class")= chr [1:4] "sequential" "uniprocess" "future" "function"
[09:46:39.622] | : . ' , ; ` |   ..- attr(*, "init")= chr "done"
[09:46:39.622] | : . ' , ; ` |   ..- attr(*, "factory")=function (..., maxSizeOfObjects = +Inf)  
[09:46:39.622] | : . ' , ; ` |   .. ..- attr(*, "tweakable")= chr [1:5] "maxSizeOfObjects" "earlySignal" "gc" "interrupts" ...
[09:46:39.622] | : . ' , ; ` |   ..- attr(*, "tweakable")= chr [1:5] "maxSizeOfObjects" "earlySignal" "gc" "interrupts" ...
[09:46:39.622] | : . ' , ; ` |   ..- attr(*, "call")= language plan(sequential)
[09:46:39.622] | : . ' , ; ` |   ..- attr(*, "backend")=Classes 'SequentialFutureBackend', 'FutureBackend', 'environment' <environment: 0x55803fd3ffa0> 
[09:46:39.622] | : . ' , ; ` |   .. ..- attr(*, "factory")=function (..., maxSizeOfObjects = +Inf)  
[09:46:39.622] | : . ' , ; ` |   .. .. ..- attr(*, "tweakable")= chr [1:5] "maxSizeOfObjects" "earlySignal" "gc" "interrupts" ...
[09:46:39.622] | : . ' , ; ` |  - attr(*, "class")= chr [1:2] "FutureStrategyList" "list"
[09:46:39.627] | : . ' , ; ` | Not identical
[09:46:39.627] | : . ' , ; ` | all.equal() for future ...
[09:46:39.627] | : . ' , ; ` | : List of 2
[09:46:39.627] | : . ' , ; ` | :  $ target :function (..., envir = parent.frame())  
[09:46:39.627] | : . ' , ; ` | :   ..- attr(*, "class")= chr [1:4] "sequential" "uniprocess" "future" "function"
[09:46:39.627] | : . ' , ; ` | :   ..- attr(*, "init")= logi TRUE
[09:46:39.627] | : . ' , ; ` | :   ..- attr(*, "factory")=function (..., maxSizeOfObjects = +Inf)  
[09:46:39.627] | : . ' , ; ` | :   .. ..- attr(*, "tweakable")= chr [1:5] "maxSizeOfObjects" "earlySignal" "gc" "interrupts" ...
[09:46:39.627] | : . ' , ; ` | :   ..- attr(*, "tweakable")= chr [1:5] "maxSizeOfObjects" "earlySignal" "gc" "interrupts" ...
[09:46:39.627] | : . ' , ; ` | :   ..- attr(*, "call")= language plan(strategiesR, .cleanup = FALSE, .init = FALSE)
[09:46:39.627] | : . ' , ; ` | :  $ current:function (..., envir = parent.frame())  
[09:46:39.627] | : . ' , ; ` | :   ..- attr(*, "class")= chr [1:4] "sequential" "uniprocess" "future" "function"
[09:46:39.627] | : . ' , ; ` | :   ..- attr(*, "init")= chr "done"
[09:46:39.627] | : . ' , ; ` | :   ..- attr(*, "factory")=function (..., maxSizeOfObjects = +Inf)  
[09:46:39.627] | : . ' , ; ` | :   .. ..- attr(*, "tweakable")= chr [1:5] "maxSizeOfObjects" "earlySignal" "gc" "interrupts" ...
[09:46:39.627] | : . ' , ; ` | :   ..- attr(*, "tweakable")= chr [1:5] "maxSizeOfObjects" "earlySignal" "gc" "interrupts" ...
[09:46:39.627] | : . ' , ; ` | :   ..- attr(*, "call")= language plan(sequential)
[09:46:39.627] | : . ' , ; ` | :   ..- attr(*, "backend")=Classes 'SequentialFutureBackend', 'FutureBackend', 'environment' <environment: 0x55803fd3ffa0> 
[09:46:39.627] | : . ' , ; ` | :   .. ..- attr(*, "factory")=function (..., maxSizeOfObjects = +Inf)  
[09:46:39.627] | : . ' , ; ` | :   .. .. ..- attr(*, "tweakable")= chr [1:5] "maxSizeOfObjects" "earlySignal" "gc" "interrupts" ...
[09:46:39.632] | : . ' , ; ` | all.equal() for future ... done
[09:46:39.632] | : . ' , ; ` all.equal() for FutureStrategyList ... done
[09:46:39.632] | : . ' , ; ` plan(): Skip setting new future backend stack because it is the same as the current one:
[09:46:39.632] | : . ' , ; ` List of future strategies:
[09:46:39.632] | : . ' , ; ` 1. sequential:
[09:46:39.632] | : . ' , ; `    - args: function (..., envir = parent.frame(), workers = "<NULL>")
[09:46:39.632] | : . ' , ; `    - tweaked: FALSE
[09:46:39.632] | : . ' , ; `    - call: plan(sequential)
[09:46:39.633] | : . ' , ; plan(): plan_set(<1 strategies>, skip = FALSE, cleanup = FALSE, init = FALSE) ... done
[09:46:39.633] | : . ' , plan(<‘name’>, .skip = FALSE, .cleanup = FALSE, .init = FALSE) ... done
[09:46:39.636] | : . ' , plan(<‘name’>, .skip = FALSE, .cleanup = FALSE, .init = FALSE) ...
[09:46:39.636] | : . ' , ; plan(<‘FutureStrategyList’>, .skip = FALSE, .cleanup = FALSE, .init = FALSE) ...
[09:46:39.636] | : . ' , ; ` plan(): plan_set(<1 strategies>, skip = FALSE, cleanup = FALSE, init = FALSE) ...
[09:46:39.636] | : . ' , ; ` | all.equal() for FutureStrategyList ...
[09:46:39.636] | : . ' , ; ` | : New stack:
[09:46:39.636] | : . ' , ; ` | : List of 1
[09:46:39.636] | : . ' , ; ` | :  $ :function (..., envir = parent.frame())  
[09:46:39.636] | : . ' , ; ` | :   ..- attr(*, "class")= chr [1:4] "sequential" "uniprocess" "future" "function"
[09:46:39.636] | : . ' , ; ` | :   ..- attr(*, "init")= chr "done"
[09:46:39.636] | : . ' , ; ` | :   ..- attr(*, "factory")=function (..., maxSizeOfObjects = +Inf)  
[09:46:39.636] | : . ' , ; ` | :   .. ..- attr(*, "tweakable")= chr [1:5] "maxSizeOfObjects" "earlySignal" "gc" "interrupts" ...
[09:46:39.636] | : . ' , ; ` | :   ..- attr(*, "tweakable")= chr [1:5] "maxSizeOfObjects" "earlySignal" "gc" "interrupts" ...
[09:46:39.636] | : . ' , ; ` | :   ..- attr(*, "call")= language plan(sequential)
[09:46:39.636] | : . ' , ; ` | :   ..- attr(*, "backend")=Classes 'SequentialFutureBackend', 'FutureBackend', 'environment' <environment: 0x55803fd3ffa0> 
[09:46:39.636] | : . ' , ; ` | :   .. ..- attr(*, "factory")=function (..., maxSizeOfObjects = +Inf)  
[09:46:39.636] | : . ' , ; ` | :   .. .. ..- attr(*, "tweakable")= chr [1:5] "maxSizeOfObjects" "earlySignal" "gc" "interrupts" ...
[09:46:39.636] | : . ' , ; ` | :  - attr(*, "class")= chr [1:2] "FutureStrategyList" "list"
[09:46:39.639] | : . ' , ; ` | : Old stack:
[09:46:39.639] | : . ' , ; ` | : List of 1
[09:46:39.639] | : . ' , ; ` | :  $ :function (..., envir = parent.frame())  
[09:46:39.639] | : . ' , ; ` | :   ..- attr(*, "class")= chr [1:4] "sequential" "uniprocess" "future" "function"
[09:46:39.639] | : . ' , ; ` | :   ..- attr(*, "init")= chr "done"
[09:46:39.639] | : . ' , ; ` | :   ..- attr(*, "factory")=function (..., maxSizeOfObjects = +Inf)  
[09:46:39.639] | : . ' , ; ` | :   .. ..- attr(*, "tweakable")= chr [1:5] "maxSizeOfObjects" "earlySignal" "gc" "interrupts" ...
[09:46:39.639] | : . ' , ; ` | :   ..- attr(*, "tweakable")= chr [1:5] "maxSizeOfObjects" "earlySignal" "gc" "interrupts" ...
[09:46:39.639] | : . ' , ; ` | :   ..- attr(*, "call")= language plan(sequential)
[09:46:39.639] | : . ' , ; ` | :   ..- attr(*, "backend")=Classes 'SequentialFutureBackend', 'FutureBackend', 'environment' <environment: 0x55803fd3ffa0> 
[09:46:39.639] | : . ' , ; ` | :   .. ..- attr(*, "factory")=function (..., maxSizeOfObjects = +Inf)  
[09:46:39.639] | : . ' , ; ` | :   .. .. ..- attr(*, "tweakable")= chr [1:5] "maxSizeOfObjects" "earlySignal" "gc" "interrupts" ...
[09:46:39.639] | : . ' , ; ` | :  - attr(*, "class")= chr [1:2] "FutureStrategyList" "list"
[09:46:39.642] | : . ' , ; ` | : Identical
[09:46:39.642] | : . ' , ; ` | all.equal() for FutureStrategyList ... done
[09:46:39.643] | : . ' , ; ` | plan(): Skip setting new future backend stack because it is the same as the current one:
[09:46:39.643] | : . ' , ; ` | List of future strategies:
[09:46:39.643] | : . ' , ; ` | 1. sequential:
[09:46:39.643] | : . ' , ; ` |    - args: function (..., envir = parent.frame(), workers = "<NULL>")
[09:46:39.643] | : . ' , ; ` |    - tweaked: FALSE
[09:46:39.643] | : . ' , ; ` |    - call: plan(sequential)
[09:46:39.643] | : . ' , ; ` plan(): plan_set(<1 strategies>, skip = FALSE, cleanup = FALSE, init = FALSE) ... done
[09:46:39.643] | : . ' , ; plan(<‘FutureStrategyList’>, .skip = FALSE, .cleanup = FALSE, .init = FALSE) ... done
[09:46:39.643] | : . ' , plan(<‘name’>, .skip = FALSE, .cleanup = FALSE, .init = FALSE) ... done
[09:46:39.647] | : . ' , SequentialFuture started (and completed)
[09:46:39.647] | : . ' , signalConditions() ...
[09:46:39.647] | : . ' , ; include = ‘immediateCondition’
[09:46:39.647] | : . ' , ; exclude = 
[09:46:39.647] | : . ' , ; resignal = FALSE
[09:46:39.648] | : . ' , ; Number of conditions: 7
[09:46:39.648] | : . ' , ;  int 7
[09:46:39.648] | : . ' , ; Condition #1 (class: ‘simpleMessage’, ‘message’, ‘condition’):
[09:46:39.648] | : . ' , ; Condition #2 (class: ‘simpleMessage’, ‘message’, ‘condition’):
[09:46:39.648] | : . ' , ; Condition #3 (class: ‘simpleMessage’, ‘message’, ‘condition’):
[09:46:39.648] | : . ' , ; Condition #4 (class: ‘simpleMessage’, ‘message’, ‘condition’):
[09:46:39.648] | : . ' , ; Condition #5 (class: ‘simpleMessage’, ‘message’, ‘condition’):
[09:46:39.649] | : . ' , ; Condition #6 (class: ‘simpleMessage’, ‘message’, ‘condition’):
[09:46:39.649] | : . ' , ; Condition #7 (class: ‘simpleError’, ‘error’, ‘condition’):
[09:46:39.649] | : . ' , signalConditions() ... done
[09:46:39.649] | : . ' launchFuture() for ‘SequentialFutureBackend’, ‘FutureBackend’, ‘environment’ ... done
[09:46:39.649] | : . Launching futures ... done
[09:46:39.649] | : . Future launched: ‘SequentialFuture’, ‘UniprocessFuture’, ‘Future’
[09:46:39.649] | : Using SequentialFutureBackend ... done
[09:46:39.649] | run() for ‘Future’ (<unnamed-1>) ... done
[09:46:39.649] future(..., label = NULL) ... done

> v <- value(f, signal = FALSE)
[09:46:39.650] value() for SequentialFuture (<unnamed-1>) ...
[09:46:39.650] | signalConditions() ...
[09:46:39.650] | : include = ‘immediateCondition’
[09:46:39.650] | : exclude = 
[09:46:39.650] | : resignal = FALSE
[09:46:39.650] | : Number of conditions: 7
[09:46:39.651] | :  int 7
[09:46:39.651] | : Condition #1 (class: ‘simpleMessage’, ‘message’, ‘condition’):
[09:46:39.651] | : Condition #2 (class: ‘simpleMessage’, ‘message’, ‘condition’):
[09:46:39.651] | : Condition #3 (class: ‘simpleMessage’, ‘message’, ‘condition’):
[09:46:39.651] | : Condition #4 (class: ‘simpleMessage’, ‘message’, ‘condition’):
[09:46:39.651] | : Condition #5 (class: ‘simpleMessage’, ‘message’, ‘condition’):
[09:46:39.651] | : Condition #6 (class: ‘simpleMessage’, ‘message’, ‘condition’):
[09:46:39.652] | : Condition #7 (class: ‘simpleError’, ‘error’, ‘condition’):
[09:46:39.652] | signalConditions() ... done
[09:46:39.652] | relay stdout ...
[09:46:39.652] | relay stdout ... done
[09:46:39.652] | check for misuse ...
[09:46:39.652] | check for misuse ... done
[09:46:39.652] value() for SequentialFuture (<unnamed-1>) ... done

> print(v)
<simpleError in eval(quote({    {        42L        stop("woops")    }}), new.env()): woops>

> ex <- FutureError(message = "Woops", future = f)

> print(ex)
<FutureError: Woops [future <unnamed-1> (6074e107fbdd2f213d29aec60e2bacda-1); on 6074e107fbdd2f213d29aec60e2bacda@38bf771bf2e4<72664>]>

Occurred on: 6074e107fbdd2f213d29aec60e2bacda [38bf771bf2e4; pid 72664]
Future: 6074e107fbdd2f213d29aec60e2bacda-1 (<unnamed-1>)

DEBUG: BEGIN TROUBLESHOOTING HELP
SequentialFuture:
Label: <unnamed-1>
Expression:
{
    42L
    stop("woops")
}
Globals: <none>
Packages: <none>
L'Ecuyer-CMRG RNG seed: <none> (seed = FALSE)
Capture standard output: TRUE
Capture condition classes: ‘condition’ (excluding ‘<none>’)
Immediate condition classes: ‘immediateCondition’
Lazy evaluation: FALSE
Local evaluation: TRUE
Early signaling: FALSE
Actions: [n=1] ‘run’
State: ‘finished’ ("Future was resolved, but produced a run-time ‘simpleError’ error")
Resolved: TRUE
Unique identifier: 6074e107fbdd2f213d29aec60e2bacda-1
Owner process: 6074e107fbdd2f213d29aec60e2bacda
Class: ‘SequentialFuture’, ‘UniprocessFuture’, ‘Future’
Value: 27 bytes of class ‘NULL’
Conditions captured: [n=7] ‘simpleMessage’, ‘simpleMessage’, ‘simpleMessage’, ‘simpleMessage’, ‘simpleMessage’, ‘simpleMessage’, ‘simpleError’
Duration: 0.01782942 secs (started 2026-01-29 09:46:39.617889)
Worker process: 6074e107fbdd2f213d29aec60e2bacda
DEBUG: END TROUBLESHOOTING HELP

> message("*** FutureError class ... DONE")
*** FutureError class ... DONE
Skipping, because path appears not to be an 'R CMD check' folder: ‘/tmp’
Test time: user.self=0.2s, sys.self=0.003s, elapsed=0.2s, user.child=0.004s, sys.child=0.003s
Test ‘FutureError’ ... success
> 
