
R version 4.5.2 (2025-10-31) -- "[Not] Part in a Rumble"
Copyright (C) 2025 The R Foundation for Statistical Computing
Platform: x86_64-pc-linux-gnu

R is free software and comes with ABSOLUTELY NO WARRANTY.
You are welcome to redistribute it under certain conditions.
Type 'license()' or 'licence()' for distribution details.

R is a collaborative project with many contributors.
Type 'contributors()' for more information and
'citation()' on how to cite R or R packages in publications.

Type 'demo()' for some demos, 'help()' for on-line help, or
'help.start()' for an HTML browser interface to help.
Type 'q()' to quit R.

> #! /usr/bin/env Rscript
> ## This runs testme test script inst/testme/test-sequential.R
> ## Don't edit - it was autogenerated by inst/testme/deploy.R
> future:::testme("sequential")
Test ‘sequential’ ...
 chr "none"

> library(future)
[09:48:18.510] Option 'future.startup.script': TRUE
[09:48:18.510] Future startup scripts considered: ‘.future.R’, ‘~/.future.R’
[09:48:18.510] Future startup scripts found: <none>

> message("*** sequential() ...")
*** sequential() ...

> message("- sequential() w/ required packages ...")
- sequential() w/ required packages ...

> f <- future(median(1:3), lazy = TRUE)
[09:48:18.511] future(..., label = NULL) ...
[09:48:18.512] | lazy: TRUE
[09:48:18.512] | stdout: TRUE
[09:48:18.512] | conditions: [n=1] ‘condition’
[09:48:18.512] | getGlobalsAndPackages() ...
[09:48:18.513] | : Searching for globals ...
[09:48:18.525] | : . globals found: [2] ‘median’, ‘:’
[09:48:18.526] | : Searching for globals ... done
[09:48:18.526] | : Resolving globals: FALSE
[09:48:18.526] | : Search for packages associated with the globals ...
[09:48:18.526] | : . Packages associated with globals: [2] ‘stats’, ‘base’
[09:48:18.526] | : . Packages: [2] ‘stats’, ‘base’
[09:48:18.527] | : Search for packages associated with the globals ... done
[09:48:18.527] | : Packages after dropping 'base': [1] ‘stats’
[09:48:18.527] | : Packages after dropping non-attached packages: [1] ‘stats’
[09:48:18.527] | : globals: [0] 
[09:48:18.527] | : packages: [1] ‘stats’
[09:48:18.527] | getGlobalsAndPackages() ... done
[09:48:18.528] future(..., label = NULL) ... done

> print(f)
Future:
Label: <unnamed-1>
Expression:
median(1:3)
Globals: <none>
Packages: 1 packages (‘stats’)
L'Ecuyer-CMRG RNG seed: <none> (seed = FALSE)
Capture standard output: TRUE
Capture condition classes: ‘condition’ (excluding ‘<none>’)
Immediate condition classes: ‘immediateCondition’
Lazy evaluation: TRUE
Local evaluation: TRUE
Early signaling: FALSE
Actions: [n=0] 
State: ‘created’ ("Future was created, but is yet to be submitted")
Resolved: FALSE
Unique identifier: f4616b382da94bc05ef6b40f9c716b19-1
Owner process: f4616b382da94bc05ef6b40f9c716b19
Class: ‘Future’, ‘environment’
Value: <not collected>
Conditions captured: <none>

> try(unloadNamespace("stats"))

> v <- value(f)
[09:48:18.530] value() for Future (<unnamed-1>) ...
[09:48:18.530] | run() for ‘Future’ (<unnamed-1>) ...
[09:48:18.530] | : state: ‘created’
[09:48:18.531] | : plan("backend", .skip = FALSE, .cleanup = NA, .init = TRUE) ...
[09:48:18.531] | : . plan(): plan_init() of ‘sequential’, ‘uniprocess’, ‘future’, ‘function’ ...
[09:48:18.531] | : . ' function (..., envir = parent.frame())  
[09:48:18.531] | : . '  - attr(*, "class")= chr [1:4] "sequential" "uniprocess" "future" "function"
[09:48:18.531] | : . '  - attr(*, "init")= logi TRUE
[09:48:18.531] | : . '  - attr(*, "factory")=function (..., maxSizeOfObjects = +Inf)  
[09:48:18.531] | : . '   ..- attr(*, "tweakable")= chr [1:5] "maxSizeOfObjects" "earlySignal" "gc" "interrupts" ...
[09:48:18.531] | : . '  - attr(*, "tweakable")= chr [1:5] "maxSizeOfObjects" "earlySignal" "gc" "interrupts" ...
[09:48:18.531] | : . '  - attr(*, "call")= language plan(sequential)
[09:48:18.574] | : . ' init: TRUE
[09:48:18.574] | : . ' makeFutureBackend(<sequential>) ...
[09:48:18.574] | : . ' , Backend function: <‘NULL’>
[09:48:18.574] | : . ' , Evaluator tweak arguments: [n=0]
[09:48:18.574] | : . ' ,  list()
[09:48:18.574] | : . ' , Evaluator formal arguments: [n=1]
[09:48:18.575] | : . ' , Dotted pair list of 1
[09:48:18.575] | : . ' ,  $ envir: language parent.frame()
[09:48:18.575] | : . ' , Arguments passed to the future-backend factory: [n=1]
[09:48:18.575] | : . ' , List of 1
[09:48:18.575] | : . ' ,  $ envir: language parent.frame()
[09:48:18.576] | : . ' , Backend: <‘SequentialFutureBackend’, ‘FutureBackend’, ‘environment’>
[09:48:18.576] | : . ' makeFutureBackend(<sequential>) ... done
[09:48:18.576] | : . plan(): plan_init() of ‘sequential’, ‘uniprocess’, ‘future’, ‘function’ ... done
[09:48:18.576] | : plan("backend", .skip = FALSE, .cleanup = NA, .init = TRUE) ... done
[09:48:18.576] | : Using SequentialFutureBackend ...
[09:48:18.577] | : . Number of futures since start: 0 (0 created, 0 launched, 0 finished)
[09:48:18.577] | : . Launching futures ...
[09:48:18.577] | : . ' launchFuture() for ‘SequentialFutureBackend’, ‘FutureBackend’, ‘environment’ ...
[09:48:18.577] | : . ' , getFutureData() ...
[09:48:18.577] | : . ' , ; getFutureCore() ...
[09:48:18.605] | : . ' , ; ` Packages needed by the future expression (n = 1): ‘stats’
[09:48:18.606] | : . ' , ; getFutureCore() ... done
[09:48:18.606] | : . ' , ; getFutureCapture() ...
[09:48:18.606] | : . ' , ; getFutureCapture() ... done
[09:48:18.606] | : . ' , ; getFutureContext() ...
[09:48:18.606] | : . ' , ; ` plan("tail", .skip = FALSE, .cleanup = NA, .init = TRUE) ...
[09:48:18.607] | : . ' , ; ` | Getting stack without first backend: [n=0] 
[09:48:18.607] | : . ' , ; ` plan("tail", .skip = FALSE, .cleanup = NA, .init = TRUE) ... done
[09:48:18.607] | : . ' , ; ` Packages needed by future backend (n = 0): <none>
[09:48:18.607] | : . ' , ; getFutureContext() ... done
[09:48:18.607] | : . ' , getFutureData() ... done
[09:48:18.612] | : . ' , plan("list", .skip = FALSE, .cleanup = NA, .init = TRUE) ...
[09:48:18.612] | : . ' , ; Getting full stack: [n=1] ‘sequential’, ‘uniprocess’, ‘future’, ‘function’
[09:48:18.612] | : . ' , plan("list", .skip = FALSE, .cleanup = NA, .init = TRUE) ... done
[09:48:18.613] | : . ' , plan(<‘name’>, .skip = FALSE, .cleanup = FALSE, .init = FALSE) ...
[09:48:18.613] | : . ' , ; plan(): plan_set(<1 strategies>, skip = FALSE, cleanup = FALSE, init = FALSE) ...
[09:48:18.613] | : . ' , ; ` all.equal() for FutureStrategyList ...
[09:48:18.613] | : . ' , ; ` | New stack:
[09:48:18.613] | : . ' , ; ` | List of 1
[09:48:18.613] | : . ' , ; ` |  $ :function (..., envir = parent.frame())  
[09:48:18.613] | : . ' , ; ` |   ..- attr(*, "class")= chr [1:4] "sequential" "uniprocess" "future" "function"
[09:48:18.613] | : . ' , ; ` |   ..- attr(*, "init")= logi TRUE
[09:48:18.613] | : . ' , ; ` |   ..- attr(*, "factory")=function (..., maxSizeOfObjects = +Inf)  
[09:48:18.613] | : . ' , ; ` |   .. ..- attr(*, "tweakable")= chr [1:5] "maxSizeOfObjects" "earlySignal" "gc" "interrupts" ...
[09:48:18.613] | : . ' , ; ` |   ..- attr(*, "tweakable")= chr [1:5] "maxSizeOfObjects" "earlySignal" "gc" "interrupts" ...
[09:48:18.613] | : . ' , ; ` |   ..- attr(*, "call")= language plan(strategiesR, .cleanup = FALSE, .init = FALSE)
[09:48:18.613] | : . ' , ; ` |  - attr(*, "class")= chr [1:2] "FutureStrategyList" "list"
[09:48:18.616] | : . ' , ; ` | Old stack:
[09:48:18.616] | : . ' , ; ` | List of 1
[09:48:18.616] | : . ' , ; ` |  $ :function (..., envir = parent.frame())  
[09:48:18.616] | : . ' , ; ` |   ..- attr(*, "class")= chr [1:4] "sequential" "uniprocess" "future" "function"
[09:48:18.616] | : . ' , ; ` |   ..- attr(*, "init")= chr "done"
[09:48:18.616] | : . ' , ; ` |   ..- attr(*, "factory")=function (..., maxSizeOfObjects = +Inf)  
[09:48:18.616] | : . ' , ; ` |   .. ..- attr(*, "tweakable")= chr [1:5] "maxSizeOfObjects" "earlySignal" "gc" "interrupts" ...
[09:48:18.616] | : . ' , ; ` |   ..- attr(*, "tweakable")= chr [1:5] "maxSizeOfObjects" "earlySignal" "gc" "interrupts" ...
[09:48:18.616] | : . ' , ; ` |   ..- attr(*, "call")= language plan(sequential)
[09:48:18.616] | : . ' , ; ` |   ..- attr(*, "backend")=Classes 'SequentialFutureBackend', 'FutureBackend', 'environment' <environment: 0x55ef78c397a0> 
[09:48:18.616] | : . ' , ; ` |   .. ..- attr(*, "factory")=function (..., maxSizeOfObjects = +Inf)  
[09:48:18.616] | : . ' , ; ` |   .. .. ..- attr(*, "tweakable")= chr [1:5] "maxSizeOfObjects" "earlySignal" "gc" "interrupts" ...
[09:48:18.616] | : . ' , ; ` |  - attr(*, "class")= chr [1:2] "FutureStrategyList" "list"
[09:48:18.619] | : . ' , ; ` | Not identical
[09:48:18.619] | : . ' , ; ` | all.equal() for future ...
[09:48:18.620] | : . ' , ; ` | : List of 2
[09:48:18.620] | : . ' , ; ` | :  $ target :function (..., envir = parent.frame())  
[09:48:18.620] | : . ' , ; ` | :   ..- attr(*, "class")= chr [1:4] "sequential" "uniprocess" "future" "function"
[09:48:18.620] | : . ' , ; ` | :   ..- attr(*, "init")= logi TRUE
[09:48:18.620] | : . ' , ; ` | :   ..- attr(*, "factory")=function (..., maxSizeOfObjects = +Inf)  
[09:48:18.620] | : . ' , ; ` | :   .. ..- attr(*, "tweakable")= chr [1:5] "maxSizeOfObjects" "earlySignal" "gc" "interrupts" ...
[09:48:18.620] | : . ' , ; ` | :   ..- attr(*, "tweakable")= chr [1:5] "maxSizeOfObjects" "earlySignal" "gc" "interrupts" ...
[09:48:18.620] | : . ' , ; ` | :   ..- attr(*, "call")= language plan(strategiesR, .cleanup = FALSE, .init = FALSE)
[09:48:18.620] | : . ' , ; ` | :  $ current:function (..., envir = parent.frame())  
[09:48:18.620] | : . ' , ; ` | :   ..- attr(*, "class")= chr [1:4] "sequential" "uniprocess" "future" "function"
[09:48:18.620] | : . ' , ; ` | :   ..- attr(*, "init")= chr "done"
[09:48:18.620] | : . ' , ; ` | :   ..- attr(*, "factory")=function (..., maxSizeOfObjects = +Inf)  
[09:48:18.620] | : . ' , ; ` | :   .. ..- attr(*, "tweakable")= chr [1:5] "maxSizeOfObjects" "earlySignal" "gc" "interrupts" ...
[09:48:18.620] | : . ' , ; ` | :   ..- attr(*, "tweakable")= chr [1:5] "maxSizeOfObjects" "earlySignal" "gc" "interrupts" ...
[09:48:18.620] | : . ' , ; ` | :   ..- attr(*, "call")= language plan(sequential)
[09:48:18.620] | : . ' , ; ` | :   ..- attr(*, "backend")=Classes 'SequentialFutureBackend', 'FutureBackend', 'environment' <environment: 0x55ef78c397a0> 
[09:48:18.620] | : . ' , ; ` | :   .. ..- attr(*, "factory")=function (..., maxSizeOfObjects = +Inf)  
[09:48:18.620] | : . ' , ; ` | :   .. .. ..- attr(*, "tweakable")= chr [1:5] "maxSizeOfObjects" "earlySignal" "gc" "interrupts" ...
[09:48:18.651] | : . ' , ; ` | all.equal() for future ... done
[09:48:18.652] | : . ' , ; ` all.equal() for FutureStrategyList ... done
[09:48:18.652] | : . ' , ; ` plan(): Skip setting new future backend stack because it is the same as the current one:
[09:48:18.652] | : . ' , ; ` List of future strategies:
[09:48:18.652] | : . ' , ; ` 1. sequential:
[09:48:18.652] | : . ' , ; `    - args: function (..., envir = parent.frame(), workers = "<NULL>")
[09:48:18.652] | : . ' , ; `    - tweaked: FALSE
[09:48:18.652] | : . ' , ; `    - call: plan(sequential)
[09:48:18.652] | : . ' , ; plan(): plan_set(<1 strategies>, skip = FALSE, cleanup = FALSE, init = FALSE) ... done
[09:48:18.653] | : . ' , plan(<‘name’>, .skip = FALSE, .cleanup = FALSE, .init = FALSE) ... done
[09:48:18.655] | : . ' , plan(<‘name’>, .skip = FALSE, .cleanup = FALSE, .init = FALSE) ...
[09:48:18.655] | : . ' , ; plan(<‘FutureStrategyList’>, .skip = FALSE, .cleanup = FALSE, .init = FALSE) ...
[09:48:18.655] | : . ' , ; ` plan(): plan_set(<1 strategies>, skip = FALSE, cleanup = FALSE, init = FALSE) ...
[09:48:18.655] | : . ' , ; ` | all.equal() for FutureStrategyList ...
[09:48:18.655] | : . ' , ; ` | : New stack:
[09:48:18.655] | : . ' , ; ` | : List of 1
[09:48:18.655] | : . ' , ; ` | :  $ :function (..., envir = parent.frame())  
[09:48:18.655] | : . ' , ; ` | :   ..- attr(*, "class")= chr [1:4] "sequential" "uniprocess" "future" "function"
[09:48:18.655] | : . ' , ; ` | :   ..- attr(*, "init")= chr "done"
[09:48:18.655] | : . ' , ; ` | :   ..- attr(*, "factory")=function (..., maxSizeOfObjects = +Inf)  
[09:48:18.655] | : . ' , ; ` | :   .. ..- attr(*, "tweakable")= chr [1:5] "maxSizeOfObjects" "earlySignal" "gc" "interrupts" ...
[09:48:18.655] | : . ' , ; ` | :   ..- attr(*, "tweakable")= chr [1:5] "maxSizeOfObjects" "earlySignal" "gc" "interrupts" ...
[09:48:18.655] | : . ' , ; ` | :   ..- attr(*, "call")= language plan(sequential)
[09:48:18.655] | : . ' , ; ` | :   ..- attr(*, "backend")=Classes 'SequentialFutureBackend', 'FutureBackend', 'environment' <environment: 0x55ef78c397a0> 
[09:48:18.655] | : . ' , ; ` | :   .. ..- attr(*, "factory")=function (..., maxSizeOfObjects = +Inf)  
[09:48:18.655] | : . ' , ; ` | :   .. .. ..- attr(*, "tweakable")= chr [1:5] "maxSizeOfObjects" "earlySignal" "gc" "interrupts" ...
[09:48:18.655] | : . ' , ; ` | :  - attr(*, "class")= chr [1:2] "FutureStrategyList" "list"
[09:48:18.659] | : . ' , ; ` | : Old stack:
[09:48:18.659] | : . ' , ; ` | : List of 1
[09:48:18.659] | : . ' , ; ` | :  $ :function (..., envir = parent.frame())  
[09:48:18.659] | : . ' , ; ` | :   ..- attr(*, "class")= chr [1:4] "sequential" "uniprocess" "future" "function"
[09:48:18.659] | : . ' , ; ` | :   ..- attr(*, "init")= chr "done"
[09:48:18.659] | : . ' , ; ` | :   ..- attr(*, "factory")=function (..., maxSizeOfObjects = +Inf)  
[09:48:18.659] | : . ' , ; ` | :   .. ..- attr(*, "tweakable")= chr [1:5] "maxSizeOfObjects" "earlySignal" "gc" "interrupts" ...
[09:48:18.659] | : . ' , ; ` | :   ..- attr(*, "tweakable")= chr [1:5] "maxSizeOfObjects" "earlySignal" "gc" "interrupts" ...
[09:48:18.659] | : . ' , ; ` | :   ..- attr(*, "call")= language plan(sequential)
[09:48:18.659] | : . ' , ; ` | :   ..- attr(*, "backend")=Classes 'SequentialFutureBackend', 'FutureBackend', 'environment' <environment: 0x55ef78c397a0> 
[09:48:18.659] | : . ' , ; ` | :   .. ..- attr(*, "factory")=function (..., maxSizeOfObjects = +Inf)  
[09:48:18.659] | : . ' , ; ` | :   .. .. ..- attr(*, "tweakable")= chr [1:5] "maxSizeOfObjects" "earlySignal" "gc" "interrupts" ...
[09:48:18.659] | : . ' , ; ` | :  - attr(*, "class")= chr [1:2] "FutureStrategyList" "list"
[09:48:18.662] | : . ' , ; ` | : Identical
[09:48:18.662] | : . ' , ; ` | all.equal() for FutureStrategyList ... done
[09:48:18.662] | : . ' , ; ` | plan(): Skip setting new future backend stack because it is the same as the current one:
[09:48:18.662] | : . ' , ; ` | List of future strategies:
[09:48:18.662] | : . ' , ; ` | 1. sequential:
[09:48:18.662] | : . ' , ; ` |    - args: function (..., envir = parent.frame(), workers = "<NULL>")
[09:48:18.662] | : . ' , ; ` |    - tweaked: FALSE
[09:48:18.662] | : . ' , ; ` |    - call: plan(sequential)
[09:48:18.663] | : . ' , ; ` plan(): plan_set(<1 strategies>, skip = FALSE, cleanup = FALSE, init = FALSE) ... done
[09:48:18.663] | : . ' , ; plan(<‘FutureStrategyList’>, .skip = FALSE, .cleanup = FALSE, .init = FALSE) ... done
[09:48:18.663] | : . ' , plan(<‘name’>, .skip = FALSE, .cleanup = FALSE, .init = FALSE) ... done
[09:48:18.665] | : . ' , SequentialFuture started (and completed)
[09:48:18.666] | : . ' , signalConditions() ...
[09:48:18.666] | : . ' , ; include = ‘immediateCondition’
[09:48:18.666] | : . ' , ; exclude = 
[09:48:18.666] | : . ' , ; resignal = FALSE
[09:48:18.666] | : . ' , ; Number of conditions: 6
[09:48:18.666] | : . ' , ;  int 6
[09:48:18.667] | : . ' , ; Condition #1 (class: ‘simpleMessage’, ‘message’, ‘condition’):
[09:48:18.667] | : . ' , ; Condition #2 (class: ‘simpleMessage’, ‘message’, ‘condition’):
[09:48:18.667] | : . ' , ; Condition #3 (class: ‘simpleMessage’, ‘message’, ‘condition’):
[09:48:18.667] | : . ' , ; Condition #4 (class: ‘simpleMessage’, ‘message’, ‘condition’):
[09:48:18.667] | : . ' , ; Condition #5 (class: ‘simpleMessage’, ‘message’, ‘condition’):
[09:48:18.667] | : . ' , ; Condition #6 (class: ‘simpleMessage’, ‘message’, ‘condition’):
[09:48:18.667] | : . ' , signalConditions() ... done
[09:48:18.668] | : . ' launchFuture() for ‘SequentialFutureBackend’, ‘FutureBackend’, ‘environment’ ... done
[09:48:18.668] | : . Launching futures ... done
[09:48:18.668] | : . Future launched: ‘SequentialFuture’, ‘UniprocessFuture’, ‘Future’
[09:48:18.668] | : Using SequentialFutureBackend ... done
[09:48:18.668] | run() for ‘Future’ (<unnamed-1>) ... done
[09:48:18.668] | signalConditions() ...
[09:48:18.668] | : include = ‘immediateCondition’
[09:48:18.668] | : exclude = 
[09:48:18.669] | : resignal = FALSE
[09:48:18.669] | : Number of conditions: 6
[09:48:18.669] | :  int 6
[09:48:18.669] | : Condition #1 (class: ‘simpleMessage’, ‘message’, ‘condition’):
[09:48:18.669] | : Condition #2 (class: ‘simpleMessage’, ‘message’, ‘condition’):
[09:48:18.669] | : Condition #3 (class: ‘simpleMessage’, ‘message’, ‘condition’):
[09:48:18.669] | : Condition #4 (class: ‘simpleMessage’, ‘message’, ‘condition’):
[09:48:18.670] | : Condition #5 (class: ‘simpleMessage’, ‘message’, ‘condition’):
[09:48:18.670] | : Condition #6 (class: ‘simpleMessage’, ‘message’, ‘condition’):
[09:48:18.670] | signalConditions() ... done
[09:48:18.670] | relay stdout ...
[09:48:18.670] | relay stdout ... done
[09:48:18.670] | check for misuse ...
[09:48:18.670] | check for misuse ... done
[09:48:18.670] | relay conditions ...
[09:48:18.670] | : Future state: ‘finished’
[09:48:18.670] | : signalConditions() ...
[09:48:18.671] | : . include = ‘condition’
[09:48:18.671] | : . exclude = ‘immediateCondition’
[09:48:18.671] | : . resignal = TRUE
[09:48:18.671] | : . Number of conditions: 6
[09:48:18.671] | : .  int 6
[09:48:18.671] | : . Condition #1 (class: ‘simpleMessage’, ‘message’, ‘condition’):
[09:48:18.671] | : . Condition #1: ‘simpleMessage’, ‘message’, ‘condition’
[09:48:18.609] | : . ' , attachPackages() ...
[09:48:18.672] | : . Condition #2 (class: ‘simpleMessage’, ‘message’, ‘condition’):
[09:48:18.672] | : . Condition #2: ‘simpleMessage’, ‘message’, ‘condition’
[09:48:18.609] | : . ' , ; packages: [n=1] ‘future’
[09:48:18.672] | : . Condition #3 (class: ‘simpleMessage’, ‘message’, ‘condition’):
[09:48:18.672] | : . Condition #3: ‘simpleMessage’, ‘message’, ‘condition’
[09:48:18.609] | : . ' , attachPackages() ... done
[09:48:18.672] | : . Condition #4 (class: ‘simpleMessage’, ‘message’, ‘condition’):
[09:48:18.672] | : . Condition #4: ‘simpleMessage’, ‘message’, ‘condition’
[09:48:18.609] | : . ' , attachPackages() ...
[09:48:18.672] | : . Condition #5 (class: ‘simpleMessage’, ‘message’, ‘condition’):
[09:48:18.672] | : . Condition #5: ‘simpleMessage’, ‘message’, ‘condition’
[09:48:18.609] | : . ' , ; packages: [n=1] ‘stats’
[09:48:18.673] | : . Condition #6 (class: ‘simpleMessage’, ‘message’, ‘condition’):
[09:48:18.673] | : . Condition #6: ‘simpleMessage’, ‘message’, ‘condition’
[09:48:18.611] | : . ' , attachPackages() ... done
[09:48:18.673] | : signalConditions() ... done
[09:48:18.673] | relay conditions ... done
[09:48:18.673] value() for Future (<unnamed-1>) ... done

> print(v)
[1] 2

> stopifnot(identical(v, 2))

> stopifnot("stats" %in% loadedNamespaces())

> message("- SequentialFuture() - 'local = FALSE' is defunct ...")
- SequentialFuture() - 'local = FALSE' is defunct ...

> res <- tryCatch({
+     f <- SequentialFuture(42, local = FALSE)
+ }, error = identity)

> stopifnot(inherits(res, "error"))

> message("*** sequential() ... DONE")
*** sequential() ... DONE
Skipping, because path appears not to be an 'R CMD check' folder: ‘/tmp’
Test time: user.self=0.2s, sys.self=0.007s, elapsed=0.3s, user.child=0.002s, sys.child=0.004s
Test ‘sequential’ ... success
> 
