
R version 4.5.2 (2025-10-31) -- "[Not] Part in a Rumble"
Copyright (C) 2025 The R Foundation for Statistical Computing
Platform: x86_64-pc-linux-gnu

R is free software and comes with ABSOLUTELY NO WARRANTY.
You are welcome to redistribute it under certain conditions.
Type 'license()' or 'licence()' for distribution details.

R is a collaborative project with many contributors.
Type 'contributors()' for more information and
'citation()' on how to cite R or R packages in publications.

Type 'demo()' for some demos, 'help()' for on-line help, or
'help.start()' for an HTML browser interface to help.
Type 'q()' to quit R.

> #! /usr/bin/env Rscript
> ## This runs testme test script inst/testme/test-globals,packages.R
> ## Don't edit - it was autogenerated by inst/testme/deploy.R
> future:::testme("globals,packages")
Test ‘globals,packages’ ...
 chr "none"

> library(future)
[09:47:06.932] Option 'future.startup.script': TRUE
[09:47:06.933] Future startup scripts considered: ‘.future.R’, ‘~/.future.R’
[09:47:06.933] Future startup scripts found: <none>

> options(future.debug = FALSE)

> message("*** Automatically attaching packages, if attached in parent ...")
*** Automatically attaching packages, if attached in parent ...

> for (strategy in supportedStrategies()) {
+     message(sprintf("- Strategy: %s ...", strategy))
+     plan(strategy)
+     for (attach in c(FALSE,  .... [TRUNCATED] 
- Strategy: sequential ...
- Attach 'listenv': FALSE
Attached packages: .GlobalEnv, package:future, testme, package:stats, package:graphics, package:grDevices, package:utils, package:datasets, package:methods, Autoloads, package:base
<simpleError in get_variable(env, 1L): could not find function "get_variable">
- Attach 'listenv': TRUE
Attached packages: .GlobalEnv, package:listenv, package:future, testme, package:stats, package:graphics, package:grDevices, package:utils, package:datasets, package:methods, Autoloads, package:base
[1] 42
- Strategy: sequential ... DONE
- Strategy: multicore ...
- Attach 'listenv': FALSE
Attached packages: .GlobalEnv, package:future, testme, package:stats, package:graphics, package:grDevices, package:utils, package:datasets, package:methods, Autoloads, package:base
<simpleError in get_variable(env, 1L): could not find function "get_variable">
- Attach 'listenv': TRUE
Attached packages: .GlobalEnv, package:listenv, package:future, testme, package:stats, package:graphics, package:grDevices, package:utils, package:datasets, package:methods, Autoloads, package:base
[1] 42
- Strategy: multicore ... DONE
- Strategy: multisession ...
- Attach 'listenv': FALSE
Attached packages: .GlobalEnv, package:future, testme, package:stats, package:graphics, package:grDevices, package:utils, package:datasets, package:methods, Autoloads, package:base
<simpleError in get_variable(env, 1L): could not find function "get_variable">
- Attach 'listenv': TRUE
Attached packages: .GlobalEnv, package:listenv, package:future, testme, package:stats, package:graphics, package:grDevices, package:utils, package:datasets, package:methods, Autoloads, package:base
[1] 42
- Strategy: multisession ... DONE

> message("*** Automatically attaching packages, if attached in parent ... done")
*** Automatically attaching packages, if attached in parent ... done
Skipping, because path appears not to be an 'R CMD check' folder: ‘/tmp’
Test time: user.self=0.4s, sys.self=0.03s, elapsed=1s, user.child=0.2s, sys.child=0.3s
Test ‘globals,packages’ ... success
> 
