
R version 4.5.2 (2025-10-31) -- "[Not] Part in a Rumble"
Copyright (C) 2025 The R Foundation for Statistical Computing
Platform: x86_64-pc-linux-gnu

R is free software and comes with ABSOLUTELY NO WARRANTY.
You are welcome to redistribute it under certain conditions.
Type 'license()' or 'licence()' for distribution details.

R is a collaborative project with many contributors.
Type 'contributors()' for more information and
'citation()' on how to cite R or R packages in publications.

Type 'demo()' for some demos, 'help()' for on-line help, or
'help.start()' for an HTML browser interface to help.
Type 'q()' to quit R.

> #! /usr/bin/env Rscript
> ## This runs testme test script inst/testme/test-value.R
> ## Don't edit - it was autogenerated by inst/testme/deploy.R
> future:::testme("value")
Test ‘value’ ...
 chr "none"

> library(future)
[09:48:32.398] Option 'future.startup.script': TRUE
[09:48:32.399] Future startup scripts considered: ‘.future.R’, ‘~/.future.R’
[09:48:32.399] Future startup scripts found: <none>

> library(listenv)

> options(future.debug = FALSE)

> attr_on_primitive_is_error <- local({
+     res <- NA
+     function() {
+         if (is.na(res)) {
+             test <- tryCatch(structure(`+`, a .... [TRUNCATED] 

> sleep <- function(n) Sys.sleep(0.01 * n)

> identical_envs <- function(x, y) {
+     if (length(x) > 1) 
+         x <- x[order(names(x))]
+     if (length(y) > 1) 
+         y <- y[order(name .... [TRUNCATED] 

> message("*** value() ...")
*** value() ...

> strategies <- supportedStrategies(cores = 2)

> for (strategy in strategies) {
+     message(sprintf("- plan('%s') ...", strategy))
+     plan(strategy)
+     truth <- list(a = 1, b = 42)
+     fo .... [TRUNCATED] 
- plan('multicore') ...
  Container list ...
    lazy = FALSE ...
      Future: resolve with value
      Future: resolve with an error
      Future: resolve with value and drop
      Containers: an empty list
      Containers: a named list
      Containers: reducing a named list
      Containers: a named list mixed with values and futures
      Containers: reducing a named list mixed with values and futures
      Containers: reducing a named list with 'init' attribute on primary function is an error
Warning in attributes(.Data) <- c(attributes(.Data), attrib) :
  Setting attributes on primitive functions is deprecated and will be disabled
Warning in attributes(.Data) <- c(attributes(.Data), attrib) :
  Setting attributes on primitive functions is deprecated and will be disabled
Warning in attributes(.Data) <- c(attributes(.Data), attrib) :
  Setting attributes on primitive functions is deprecated and will be disabled
Warning in attributes(.Data) <- c(attributes(.Data), attrib) :
  Setting attributes on primitive functions is deprecated and will be disabled
      Containers: workaround for reducing a named list with 'init' attribute on primary function
      Containers: a named list mixed with values and futures out of order
      Containers: a named list mixed with values and futures dropped
      Containers: reducing a named list mixed with values and futures dropped out of order
    lazy = FALSE ... DONE
    lazy = TRUE ...
      Future: resolve with value
      Future: resolve with an error
      Future: resolve with value and drop
      Containers: an empty list
      Containers: a named list
      Containers: reducing a named list
      Containers: a named list mixed with values and futures
      Containers: reducing a named list mixed with values and futures
      Containers: reducing a named list with 'init' attribute on primary function is an error
Warning in attributes(.Data) <- c(attributes(.Data), attrib) :
  Setting attributes on primitive functions is deprecated and will be disabled
Warning in attributes(.Data) <- c(attributes(.Data), attrib) :
  Setting attributes on primitive functions is deprecated and will be disabled
      Containers: workaround for reducing a named list with 'init' attribute on primary function
      Containers: a named list mixed with values and futures out of order
      Containers: a named list mixed with values and futures dropped
      Containers: reducing a named list mixed with values and futures dropped out of order
    lazy = TRUE ... DONE
  Container list ... DONE
  Container listenv ...
    lazy = FALSE ...
      Future: resolve with value
      Future: resolve with an error
      Future: resolve with value and drop
      Containers: an empty listenv
      Containers: a named listenv
      Containers: reducing a named listenv
      Containers: a named listenv mixed with values and futures
      Containers: reducing a named listenv mixed with values and futures
      Containers: reducing a named listenv with 'init' attribute on primary function is an error
Warning in attributes(.Data) <- c(attributes(.Data), attrib) :
  Setting attributes on primitive functions is deprecated and will be disabled
Warning in attributes(.Data) <- c(attributes(.Data), attrib) :
  Setting attributes on primitive functions is deprecated and will be disabled
      Containers: workaround for reducing a named listenv with 'init' attribute on primary function
      Containers: a named listenv mixed with values and futures out of order
      Containers: a named listenv mixed with values and futures dropped
      Containers: reducing a named listenv mixed with values and futures dropped out of order
    lazy = FALSE ... DONE
    lazy = TRUE ...
      Future: resolve with value
      Future: resolve with an error
      Future: resolve with value and drop
      Containers: an empty listenv
      Containers: a named listenv
      Containers: reducing a named listenv
      Containers: a named listenv mixed with values and futures
      Containers: reducing a named listenv mixed with values and futures
      Containers: reducing a named listenv with 'init' attribute on primary function is an error
Warning in attributes(.Data) <- c(attributes(.Data), attrib) :
  Setting attributes on primitive functions is deprecated and will be disabled
Warning in attributes(.Data) <- c(attributes(.Data), attrib) :
  Setting attributes on primitive functions is deprecated and will be disabled
      Containers: workaround for reducing a named listenv with 'init' attribute on primary function
      Containers: a named listenv mixed with values and futures out of order
      Containers: a named listenv mixed with values and futures dropped
      Containers: reducing a named listenv mixed with values and futures dropped out of order
    lazy = TRUE ... DONE
  Container listenv ... DONE
  Container environment ...
    lazy = FALSE ...
      Future: resolve with value
      Future: resolve with an error
      Future: resolve with value and drop
      Containers: an empty environment
      Containers: a named environment
      Containers: reducing a named environment
      Containers: a named environment mixed with values and futures
      Containers: reducing a named environment mixed with values and futures
      Containers: reducing a named environment with 'init' attribute on primary function is an error
Warning in attributes(.Data) <- c(attributes(.Data), attrib) :
  Setting attributes on primitive functions is deprecated and will be disabled
Warning in attributes(.Data) <- c(attributes(.Data), attrib) :
  Setting attributes on primitive functions is deprecated and will be disabled
      Containers: workaround for reducing a named environment with 'init' attribute on primary function
      Containers: a named environment mixed with values and futures out of order
      Containers: a named environment mixed with values and futures dropped
      Containers: reducing a named environment mixed with values and futures dropped out of order
    lazy = FALSE ... DONE
    lazy = TRUE ...
      Future: resolve with value
      Future: resolve with an error
      Future: resolve with value and drop
      Containers: an empty environment
      Containers: a named environment
      Containers: reducing a named environment
      Containers: a named environment mixed with values and futures
      Containers: reducing a named environment mixed with values and futures
      Containers: reducing a named environment with 'init' attribute on primary function is an error
Warning in attributes(.Data) <- c(attributes(.Data), attrib) :
  Setting attributes on primitive functions is deprecated and will be disabled
Warning in attributes(.Data) <- c(attributes(.Data), attrib) :
  Setting attributes on primitive functions is deprecated and will be disabled
      Containers: workaround for reducing a named environment with 'init' attribute on primary function
      Containers: a named environment mixed with values and futures out of order
      Containers: a named environment mixed with values and futures dropped
      Containers: reducing a named environment mixed with values and futures dropped out of order
    lazy = TRUE ... DONE
  Container environment ... DONE
- plan('multisession') ...
  Container list ...
    lazy = FALSE ...
      Future: resolve with value
      Future: resolve with an error
      Future: resolve with value and drop
      Containers: an empty list
      Containers: a named list
      Containers: reducing a named list
      Containers: a named list mixed with values and futures
      Containers: reducing a named list mixed with values and futures
      Containers: reducing a named list with 'init' attribute on primary function is an error
Warning in attributes(.Data) <- c(attributes(.Data), attrib) :
  Setting attributes on primitive functions is deprecated and will be disabled
Warning in attributes(.Data) <- c(attributes(.Data), attrib) :
  Setting attributes on primitive functions is deprecated and will be disabled
      Containers: workaround for reducing a named list with 'init' attribute on primary function
      Containers: a named list mixed with values and futures out of order
      Containers: a named list mixed with values and futures dropped
      Containers: reducing a named list mixed with values and futures dropped out of order
    lazy = FALSE ... DONE
    lazy = TRUE ...
      Future: resolve with value
      Future: resolve with an error
      Future: resolve with value and drop
      Containers: an empty list
      Containers: a named list
      Containers: reducing a named list
      Containers: a named list mixed with values and futures
      Containers: reducing a named list mixed with values and futures
      Containers: reducing a named list with 'init' attribute on primary function is an error
Warning in attributes(.Data) <- c(attributes(.Data), attrib) :
  Setting attributes on primitive functions is deprecated and will be disabled
Warning in attributes(.Data) <- c(attributes(.Data), attrib) :
  Setting attributes on primitive functions is deprecated and will be disabled
      Containers: workaround for reducing a named list with 'init' attribute on primary function
      Containers: a named list mixed with values and futures out of order
      Containers: a named list mixed with values and futures dropped
      Containers: reducing a named list mixed with values and futures dropped out of order
    lazy = TRUE ... DONE
  Container list ... DONE
  Container listenv ...
    lazy = FALSE ...
      Future: resolve with value
      Future: resolve with an error
      Future: resolve with value and drop
      Containers: an empty listenv
      Containers: a named listenv
      Containers: reducing a named listenv
      Containers: a named listenv mixed with values and futures
      Containers: reducing a named listenv mixed with values and futures
      Containers: reducing a named listenv with 'init' attribute on primary function is an error
Warning in attributes(.Data) <- c(attributes(.Data), attrib) :
  Setting attributes on primitive functions is deprecated and will be disabled
Warning in attributes(.Data) <- c(attributes(.Data), attrib) :
  Setting attributes on primitive functions is deprecated and will be disabled
      Containers: workaround for reducing a named listenv with 'init' attribute on primary function
      Containers: a named listenv mixed with values and futures out of order
      Containers: a named listenv mixed with values and futures dropped
      Containers: reducing a named listenv mixed with values and futures dropped out of order
    lazy = FALSE ... DONE
    lazy = TRUE ...
      Future: resolve with value
      Future: resolve with an error
      Future: resolve with value and drop
      Containers: an empty listenv
      Containers: a named listenv
      Containers: reducing a named listenv
      Containers: a named listenv mixed with values and futures
      Containers: reducing a named listenv mixed with values and futures
      Containers: reducing a named listenv with 'init' attribute on primary function is an error
Warning in attributes(.Data) <- c(attributes(.Data), attrib) :
  Setting attributes on primitive functions is deprecated and will be disabled
Warning in attributes(.Data) <- c(attributes(.Data), attrib) :
  Setting attributes on primitive functions is deprecated and will be disabled
      Containers: workaround for reducing a named listenv with 'init' attribute on primary function
      Containers: a named listenv mixed with values and futures out of order
      Containers: a named listenv mixed with values and futures dropped
      Containers: reducing a named listenv mixed with values and futures dropped out of order
    lazy = TRUE ... DONE
  Container listenv ... DONE
  Container environment ...
    lazy = FALSE ...
      Future: resolve with value
      Future: resolve with an error
      Future: resolve with value and drop
      Containers: an empty environment
      Containers: a named environment
      Containers: reducing a named environment
      Containers: a named environment mixed with values and futures
      Containers: reducing a named environment mixed with values and futures
      Containers: reducing a named environment with 'init' attribute on primary function is an error
Warning in attributes(.Data) <- c(attributes(.Data), attrib) :
  Setting attributes on primitive functions is deprecated and will be disabled
Warning in attributes(.Data) <- c(attributes(.Data), attrib) :
  Setting attributes on primitive functions is deprecated and will be disabled
      Containers: workaround for reducing a named environment with 'init' attribute on primary function
      Containers: a named environment mixed with values and futures out of order
      Containers: a named environment mixed with values and futures dropped
      Containers: reducing a named environment mixed with values and futures dropped out of order
    lazy = FALSE ... DONE
    lazy = TRUE ...
      Future: resolve with value
      Future: resolve with an error
      Future: resolve with value and drop
      Containers: an empty environment
      Containers: a named environment
      Containers: reducing a named environment
      Containers: a named environment mixed with values and futures
      Containers: reducing a named environment mixed with values and futures
      Containers: reducing a named environment with 'init' attribute on primary function is an error
Warning in attributes(.Data) <- c(attributes(.Data), attrib) :
  Setting attributes on primitive functions is deprecated and will be disabled
Warning in attributes(.Data) <- c(attributes(.Data), attrib) :
  Setting attributes on primitive functions is deprecated and will be disabled
      Containers: workaround for reducing a named environment with 'init' attribute on primary function
      Containers: a named environment mixed with values and futures out of order
      Containers: a named environment mixed with values and futures dropped
      Containers: reducing a named environment mixed with values and futures dropped out of order
    lazy = TRUE ... DONE
  Container environment ... DONE

> message("*** value() ... DONE")
*** value() ... DONE
Skipping, because path appears not to be an 'R CMD check' folder: ‘/tmp’
Test time: user.self=2s, sys.self=0.6s, elapsed=9s, user.child=0.9s, sys.child=1s
Test ‘value’ ... success
> 
