
R version 4.5.2 (2025-10-31) -- "[Not] Part in a Rumble"
Copyright (C) 2025 The R Foundation for Statistical Computing
Platform: x86_64-pc-linux-gnu

R is free software and comes with ABSOLUTELY NO WARRANTY.
You are welcome to redistribute it under certain conditions.
Type 'license()' or 'licence()' for distribution details.

R is a collaborative project with many contributors.
Type 'contributors()' for more information and
'citation()' on how to cite R or R packages in publications.

Type 'demo()' for some demos, 'help()' for on-line help, or
'help.start()' for an HTML browser interface to help.
Type 'q()' to quit R.

> #! /usr/bin/env Rscript
> ## This runs testme test script inst/testme/test-futureOf.R
> ## Don't edit - it was autogenerated by inst/testme/deploy.R
> future:::testme("futureOf")
Test ‘futureOf’ ...
 chr "none"

> library(future)
[09:46:41.457] Option 'future.startup.script': TRUE
[09:46:41.457] Future startup scripts considered: ‘.future.R’, ‘~/.future.R’
[09:46:41.457] Future startup scripts found: <none>

> library(listenv)

> message("*** futureOf() ...")
*** futureOf() ...

> a %<-% {
+     1
+ } %lazy% TRUE
[09:46:41.461] future(..., label = NULL) ...
[09:46:41.461] | lazy: TRUE
[09:46:41.462] | stdout: TRUE
[09:46:41.462] | conditions: [n=1] ‘condition’
[09:46:41.462] | getGlobalsAndPackages() ...
[09:46:41.462] | : Searching for globals ...
[09:46:41.474] | : . globals found: [1] ‘{’
[09:46:41.474] | : Searching for globals ... done
[09:46:41.474] | : Resolving globals: FALSE
[09:46:41.474] | : Search for packages associated with the globals ...
[09:46:41.475] | : . Packages associated with globals: [1] ‘base’
[09:46:41.475] | : . Packages: [1] ‘base’
[09:46:41.475] | : Search for packages associated with the globals ... done
[09:46:41.475] | : Packages after dropping 'base': [0] 
[09:46:41.475] | : globals: [0] 
[09:46:41.475] | : packages: [0] 
[09:46:41.475] | getGlobalsAndPackages() ... done
[09:46:41.476] future(..., label = NULL) ... done

> f1 <- futureOf("a")

> print(f1)
Future:
Label: <unnamed-1>
Expression:
{
    1
}
Globals: <none>
Packages: <none>
L'Ecuyer-CMRG RNG seed: <none> (seed = FALSE)
Capture standard output: TRUE
Capture condition classes: ‘condition’ (excluding ‘<none>’)
Immediate condition classes: ‘immediateCondition’
Lazy evaluation: TRUE
Local evaluation: TRUE
Early signaling: FALSE
Actions: [n=0] 
State: ‘created’ ("Future was created, but is yet to be submitted")
Resolved: FALSE
Unique identifier: aa62f5a6edd660fa8bd3b0a61b9ccc6c-1
Owner process: aa62f5a6edd660fa8bd3b0a61b9ccc6c
Class: ‘Future’, ‘environment’
Value: <not collected>
Conditions captured: <none>

> f2 <- futureOf(a)

> print(f2)
Future:
Label: <unnamed-1>
Expression:
{
    1
}
Globals: <none>
Packages: <none>
L'Ecuyer-CMRG RNG seed: <none> (seed = FALSE)
Capture standard output: TRUE
Capture condition classes: ‘condition’ (excluding ‘<none>’)
Immediate condition classes: ‘immediateCondition’
Lazy evaluation: TRUE
Local evaluation: TRUE
Early signaling: FALSE
Actions: [n=0] 
State: ‘created’ ("Future was created, but is yet to be submitted")
Resolved: FALSE
Unique identifier: aa62f5a6edd660fa8bd3b0a61b9ccc6c-1
Owner process: aa62f5a6edd660fa8bd3b0a61b9ccc6c
Class: ‘Future’, ‘environment’
Value: <not collected>
Conditions captured: <none>

> stopifnot(identical(f2, f1))

> fs <- futureOf(drop = TRUE)

> print(fs)
$a
Future:
Label: <unnamed-1>
Expression:
{
    1
}
Globals: <none>
Packages: <none>
L'Ecuyer-CMRG RNG seed: <none> (seed = FALSE)
Capture standard output: TRUE
Capture condition classes: ‘condition’ (excluding ‘<none>’)
Immediate condition classes: ‘immediateCondition’
Lazy evaluation: TRUE
Local evaluation: TRUE
Early signaling: FALSE
Actions: [n=0] 
State: ‘created’ ("Future was created, but is yet to be submitted")
Resolved: FALSE
Unique identifier: aa62f5a6edd660fa8bd3b0a61b9ccc6c-1
Owner process: aa62f5a6edd660fa8bd3b0a61b9ccc6c
Class: ‘Future’, ‘environment’
Value: <not collected>
Conditions captured: <none>

$f1
Future:
Label: <unnamed-1>
Expression:
{
    1
}
Globals: <none>
Packages: <none>
L'Ecuyer-CMRG RNG seed: <none> (seed = FALSE)
Capture standard output: TRUE
Capture condition classes: ‘condition’ (excluding ‘<none>’)
Immediate condition classes: ‘immediateCondition’
Lazy evaluation: TRUE
Local evaluation: TRUE
Early signaling: FALSE
Actions: [n=0] 
State: ‘created’ ("Future was created, but is yet to be submitted")
Resolved: FALSE
Unique identifier: aa62f5a6edd660fa8bd3b0a61b9ccc6c-1
Owner process: aa62f5a6edd660fa8bd3b0a61b9ccc6c
Class: ‘Future’, ‘environment’
Value: <not collected>
Conditions captured: <none>

$f2
Future:
Label: <unnamed-1>
Expression:
{
    1
}
Globals: <none>
Packages: <none>
L'Ecuyer-CMRG RNG seed: <none> (seed = FALSE)
Capture standard output: TRUE
Capture condition classes: ‘condition’ (excluding ‘<none>’)
Immediate condition classes: ‘immediateCondition’
Lazy evaluation: TRUE
Local evaluation: TRUE
Early signaling: FALSE
Actions: [n=0] 
State: ‘created’ ("Future was created, but is yet to be submitted")
Resolved: FALSE
Unique identifier: aa62f5a6edd660fa8bd3b0a61b9ccc6c-1
Owner process: aa62f5a6edd660fa8bd3b0a61b9ccc6c
Class: ‘Future’, ‘environment’
Value: <not collected>
Conditions captured: <none>


> stopifnot(is.list(fs), length(fs) == 3, all(names(fs) %in% 
+     c("a", "f1", "f2")))

> res <- tryCatch(futureOf("non-exiting-object", mustExist = TRUE), 
+     error = identity)
[09:46:41.479] ERROR: No such future variable: "non-exiting-object"

> stopifnot(inherits(res, "error"))

> message("*** futureOf() ... DONE")
*** futureOf() ... DONE
Skipping, because path appears not to be an 'R CMD check' folder: ‘/tmp’
Test time: user.self=0.1s, sys.self=0.006s, elapsed=0.1s, user.child=0.001s, sys.child=0.006s
Test ‘futureOf’ ... success
> 
