
R version 4.5.2 (2025-10-31) -- "[Not] Part in a Rumble"
Copyright (C) 2025 The R Foundation for Statistical Computing
Platform: x86_64-pc-linux-gnu

R is free software and comes with ABSOLUTELY NO WARRANTY.
You are welcome to redistribute it under certain conditions.
Type 'license()' or 'licence()' for distribution details.

R is a collaborative project with many contributors.
Type 'contributors()' for more information and
'citation()' on how to cite R or R packages in publications.

Type 'demo()' for some demos, 'help()' for on-line help, or
'help.start()' for an HTML browser interface to help.
Type 'q()' to quit R.

> #! /usr/bin/env Rscript
> ## This runs testme test script inst/testme/test-startup-onLoad.R
> ## Don't edit - it was autogenerated by inst/testme/deploy.R
> future:::testme("startup-onLoad")
Test ‘startup-onLoad’ ...
 chr "none"

> library(future)
[09:48:19.927] Option 'future.startup.script': TRUE
[09:48:19.928] Future startup scripts considered: ‘.future.R’, ‘~/.future.R’
[09:48:19.928] Future startup scripts found: <none>

> options(future.debug = FALSE)

> maxCores <- min(2, availableCores(methods = "system"))

> plan("default")

> strategy0 <- plan()

> message("*** .onLoad() ...")
*** .onLoad() ...

> plan("default")

> pkgname <- "future"

> message("- .onLoad() w/out command-line options ...")
- .onLoad() w/out command-line options ...

> options(future.plan = NULL, future.cmdargs = NULL)

> .onLoad(pkgname, pkgname)
NULL

> strategy <- plan("next")

> print(strategy)
sequential:
- args: function (..., envir = parent.frame(), workers = "<NULL>")
- tweaked: FALSE
- call: plan(sequential)
FutureBackend to be launched

> stopifnot(all(class(strategy) == class(strategy0)))

> plan("default")

> message("- .onLoad() w/out command-line options ... DONE")
- .onLoad() w/out command-line options ... DONE

> message("- .onLoad() w/ -p 1 ...")
- .onLoad() w/ -p 1 ...

> options(future.plan = NULL, future.cmdargs = c("-p", 
+     1))

> .onLoad(pkgname, pkgname)
NULL

> strategy <- plan("next")

> print(strategy)
sequential:
- args: function (..., envir = parent.frame(), workers = "<NULL>")
- tweaked: FALSE
- call: plan(sequential)
FutureBackend to be launched

> default <- getOption("future.plan", "sequential")

> if (is.function(default)) default <- class(default)

> stopifnot(inherits(strategy, default))

> plan("default")

> message("- .onLoad() w/ -p 1 ... DONE")
- .onLoad() w/ -p 1 ... DONE

> message("- .onLoad() w/ --parallel=1 ...")
- .onLoad() w/ --parallel=1 ...

> plan("default")

> options(future.plan = NULL, future.cmdargs = "-parallel=1")

> .onLoad(pkgname, pkgname)
NULL

> strategy <- plan("next")

> print(strategy)
sequential:
- args: function (..., envir = parent.frame(), workers = "<NULL>")
- tweaked: FALSE
- call: plan(sequential)
FutureBackend to be launched

> default <- getOption("future.plan", "sequential")

> if (is.function(default)) default <- class(default)

> stopifnot(inherits(strategy, default))

> plan("default")

> message("- .onLoad() w/ --parallel=1 ... DONE")
- .onLoad() w/ --parallel=1 ... DONE

> message("- .onLoad() w/ -p 2 ...")
- .onLoad() w/ -p 2 ...

> options(future.plan = NULL, future.cmdargs = c("-p", 
+     2))

> .onLoad(pkgname, pkgname)
NULL

> strategy <- plan("next")

> print(strategy)
multisession:
- args: function (..., workers = 2L)
- tweaked: TRUE
- call: NULL
FutureBackend to be launched

> if (maxCores >= 2) {
+     stopifnot(inherits(strategy, "multiprocess"))
+ } else {
+     stopifnot(all(class(strategy) == class(strategy0)))
+ }

> plan("default")

> message("- .onLoad() w/ -p 2 ... DONE")
- .onLoad() w/ -p 2 ... DONE

> message("- .onLoad() w/ -p 0 ...")
- .onLoad() w/ -p 0 ...

> options(future.plan = NULL, future.cmdargs = c("-p", 
+     0))

> .onLoad(pkgname, pkgname)
Warning: future: Ignoring invalid number of processes specified in command-line option: -p 0
NULL

> strategy <- plan("next")

> print(strategy)
sequential:
- args: function (..., envir = parent.frame(), workers = "<NULL>")
- tweaked: FALSE
- call: NULL
FutureBackend to be launched

> stopifnot(all(class(strategy) == class(strategy0)))

> plan("default")

> message("- .onLoad() w/ -p 0 ... DONE")
- .onLoad() w/ -p 0 ... DONE

> message("- .onLoad() w/ -p -1 ...")
- .onLoad() w/ -p -1 ...

> options(future.plan = NULL, future.cmdargs = c("-p", 
+     -1))

> .onLoad(pkgname, pkgname)
Warning: future: Ignoring invalid number of processes specified in command-line option: -p -1
NULL

> strategy <- plan("next")

> print(strategy)
sequential:
- args: function (..., envir = parent.frame(), workers = "<NULL>")
- tweaked: FALSE
- call: NULL
FutureBackend to be launched

> stopifnot(all(class(strategy) == class(strategy0)))

> plan("default")

> message("- .onLoad() w/ -p -1 ... DONE")
- .onLoad() w/ -p -1 ... DONE

> message("- .onLoad() w/ -p foo ...")
- .onLoad() w/ -p foo ...

> options(future.plan = NULL, future.cmdargs = c("-p", 
+     "foo"))

> .onLoad(pkgname, pkgname)
Warning in parseCmdArgs() : NAs introduced by coercion
Warning: future: Ignoring invalid number of processes specified in command-line option: -p foo
NULL

> strategy <- plan("next")

> print(strategy)
sequential:
- args: function (..., envir = parent.frame(), workers = "<NULL>")
- tweaked: FALSE
- call: NULL
FutureBackend to be launched

> stopifnot(all(class(strategy) == class(strategy0)))

> plan("default")

> message("- .onLoad() w/ -p foo ... DONE")
- .onLoad() w/ -p foo ... DONE

> message("- .onLoad() w/ R_FUTURE_PLAN = 'multisession' ...")
- .onLoad() w/ R_FUTURE_PLAN = 'multisession' ...

> Sys.setenv(R_FUTURE_PLAN = "multisession")

> options(future.plan = NULL, future.cmdargs = NULL)

> .onLoad(pkgname, pkgname)
NULL

> strategy <- plan("next")

> print(strategy)
multisession:
- args: function (..., workers = availableCores(constraints = "connections-16"), rscript_libs = .libPaths())
- tweaked: FALSE
- call: plan("default", .init = FALSE)
FutureBackend to be launched

> stopifnot(inherits(strategy, "multisession"))

> plan("default")

> Sys.setenv(R_FUTURE_PLAN = "")

> message("- .onLoad() w/ R_FUTURE_PLAN = 'multisession' ... DONE")
- .onLoad() w/ R_FUTURE_PLAN = 'multisession' ... DONE

> message("- .onLoad() w/ future.plan = 'multisession' ...")
- .onLoad() w/ future.plan = 'multisession' ...

> options(future.plan = NULL, future.plan = "multisession", 
+     future.cmdargs = NULL)

> .onLoad(pkgname, pkgname)
NULL

> strategy <- plan("next")

> print(strategy)
multisession:
- args: function (..., workers = availableCores(constraints = "connections-16"), rscript_libs = .libPaths())
- tweaked: FALSE
- call: plan("default", .init = FALSE)
FutureBackend to be launched

> stopifnot(inherits(strategy, "multisession"))

> plan("default")

> message("- .onLoad() w/ future.plan = 'multisession' ... DONE")
- .onLoad() w/ future.plan = 'multisession' ... DONE

> message("- .onLoad() w/ R_FUTURE_PLAN = 'multisession' & -p 1 ...")
- .onLoad() w/ R_FUTURE_PLAN = 'multisession' & -p 1 ...

> Sys.setenv(R_FUTURE_PLAN = "multisession")

> options(future.plan = NULL, future.cmdargs = c("-p", 
+     1))

> .onLoad(pkgname, pkgname)
NULL

> strategy <- plan("next")

> print(strategy)
multisession:
- args: function (..., workers = availableCores(constraints = "connections-16"), rscript_libs = .libPaths())
- tweaked: FALSE
- call: plan("default", .init = FALSE)
FutureBackend to be launched

> stopifnot(inherits(strategy, "multisession"))

> plan("default")

> Sys.setenv(R_FUTURE_PLAN = "")

> message("- .onLoad() w/ R_FUTURE_PLAN = 'multisession' & -p 1 ... DONE")
- .onLoad() w/ R_FUTURE_PLAN = 'multisession' & -p 1 ... DONE

> message("- .onLoad() w/ future.plan = 'multisession' & -p 1 ...")
- .onLoad() w/ future.plan = 'multisession' & -p 1 ...

> options(future.plan = "multisession", future.cmdargs = c("-p", 
+     "1"))

> .onLoad(pkgname, pkgname)
NULL

> strategy <- plan("next")

> print(strategy)
multisession:
- args: function (..., workers = availableCores(constraints = "connections-16"), rscript_libs = .libPaths())
- tweaked: FALSE
- call: plan("default", .init = FALSE)
FutureBackend to be launched

> stopifnot(inherits(strategy, "multisession"))

> plan("default")

> message("- .onLoad() w/ future.plan = 'multisession' & -p 1 ... DONE")
- .onLoad() w/ future.plan = 'multisession' & -p 1 ... DONE

> message("- .onLoad() w/ future.plan = 'multisession' & -p 1 ...")
- .onLoad() w/ future.plan = 'multisession' & -p 1 ...

> options(future.plan = multisession, future.cmdargs = c("-p", 
+     "1"))

> .onLoad(pkgname, pkgname)
NULL

> strategy <- plan("next")

> print(strategy)
multisession:
- args: function (..., workers = availableCores(constraints = "connections-16"), rscript_libs = .libPaths())
- tweaked: FALSE
- call: plan("default", .init = FALSE)
FutureBackend to be launched

> stopifnot(inherits(strategy, "multisession"))

> plan("default")

> message("- .onLoad() w/ future.plan = 'multisession' & -p 1 ... DONE")
- .onLoad() w/ future.plan = 'multisession' & -p 1 ... DONE

> options(future.plan = NULL, future.cmdargs = NULL, 
+     future.availableCores.system = NULL, future.availableCores.fallback = NULL)

> message("*** .onLoad() ... DONE")
*** .onLoad() ... DONE
Skipping, because path appears not to be an 'R CMD check' folder: ‘/tmp’
Test time: user.self=0.1s, sys.self=0.002s, elapsed=0.1s, user.child=0.003s, sys.child=0.003s
Test ‘startup-onLoad’ ... success
> 
