
R version 4.5.2 (2025-10-31) -- "[Not] Part in a Rumble"
Copyright (C) 2025 The R Foundation for Statistical Computing
Platform: x86_64-pc-linux-gnu

R is free software and comes with ABSOLUTELY NO WARRANTY.
You are welcome to redistribute it under certain conditions.
Type 'license()' or 'licence()' for distribution details.

R is a collaborative project with many contributors.
Type 'contributors()' for more information and
'citation()' on how to cite R or R packages in publications.

Type 'demo()' for some demos, 'help()' for on-line help, or
'help.start()' for an HTML browser interface to help.
Type 'q()' to quit R.

> #! /usr/bin/env Rscript
> ## This runs testme test script inst/testme/test-demo-fibonacci.R
> ## Don't edit - it was autogenerated by inst/testme/deploy.R
> future:::testme("demo-fibonacci")
Test ‘demo-fibonacci’ ...
 chr "none"

> library(future)
[09:46:15.092] Option 'future.startup.script': TRUE
[09:46:15.093] Future startup scripts considered: ‘.future.R’, ‘~/.future.R’
[09:46:15.093] Future startup scripts found: <none>

> plan(sequential)
[09:46:15.094] plan(<‘name’>, .skip = FALSE, .cleanup = NA, .init = TRUE) ...
[09:46:15.094] | plan(): plan_set(<1 strategies>, skip = FALSE, cleanup = NA, init = TRUE) ...
[09:46:15.094] | : all.equal() for FutureStrategyList ...
[09:46:15.094] | : . New stack:
[09:46:15.095] | : . List of 1
[09:46:15.095] | : .  $ :function (..., envir = parent.frame())  
[09:46:15.095] | : .   ..- attr(*, "class")= chr [1:4] "sequential" "uniprocess" "future" "function"
[09:46:15.095] | : .   ..- attr(*, "init")= logi TRUE
[09:46:15.095] | : .   ..- attr(*, "factory")=function (..., maxSizeOfObjects = +Inf)  
[09:46:15.095] | : .   .. ..- attr(*, "tweakable")= chr [1:5] "maxSizeOfObjects" "earlySignal" "gc" "interrupts" ...
[09:46:15.095] | : .   ..- attr(*, "tweakable")= chr [1:5] "maxSizeOfObjects" "earlySignal" "gc" "interrupts" ...
[09:46:15.095] | : .   ..- attr(*, "call")= language plan(sequential)
[09:46:15.095] | : .  - attr(*, "class")= chr [1:2] "FutureStrategyList" "list"
[09:46:15.098] | : . Old stack:
[09:46:15.098] | : . List of 1
[09:46:15.098] | : .  $ :function (..., envir = parent.frame())  
[09:46:15.098] | : .   ..- attr(*, "class")= chr [1:4] "sequential" "uniprocess" "future" "function"
[09:46:15.098] | : .   ..- attr(*, "init")= logi TRUE
[09:46:15.098] | : .   ..- attr(*, "factory")=function (..., maxSizeOfObjects = +Inf)  
[09:46:15.098] | : .   .. ..- attr(*, "tweakable")= chr [1:5] "maxSizeOfObjects" "earlySignal" "gc" "interrupts" ...
[09:46:15.098] | : .   ..- attr(*, "tweakable")= chr [1:5] "maxSizeOfObjects" "earlySignal" "gc" "interrupts" ...
[09:46:15.098] | : .   ..- attr(*, "call")= language plan(sequential)
[09:46:15.098] | : .  - attr(*, "class")= chr [1:2] "FutureStrategyList" "list"
[09:46:15.100] | : . Identical
[09:46:15.101] | : all.equal() for FutureStrategyList ... done
[09:46:15.101] | : plan(): Skip setting new future backend stack because it is the same as the current one:
[09:46:15.101] | : List of future strategies:
[09:46:15.101] | : 1. sequential:
[09:46:15.101] | :    - args: function (..., envir = parent.frame(), workers = "<NULL>")
[09:46:15.101] | :    - tweaked: FALSE
[09:46:15.101] | :    - call: plan(sequential)
[09:46:15.103] | plan(): plan_set(<1 strategies>, skip = FALSE, cleanup = NA, init = TRUE) ... done
[09:46:15.103] plan(<‘name’>, .skip = FALSE, .cleanup = NA, .init = TRUE) ... done

> options(future.debug = FALSE)

> message("*** Fibonacci demo of the 'future' package ...")
*** Fibonacci demo of the 'future' package ...

> oopts <- options(future.plan = NULL)

> demo("fibonacci", package = "future", ask = FALSE)


	demo(fibonacci)
	---- ~~~~~~~~~

> library(future)

> library(listenv)

> ## IMPORTANT:
> ## 1. The below usage of lazy futures will only work when they are
> ##    all evaluated in the same process.
> ## 2. We disable the capturing of standard output (stdout=NA) to avoid
> ##    'sink stack is full' errors
> ## 3. We disable the capturing of most conditions (condition="error") to
> ##    avoid stacking up too many conditions
> oplan <- plan(sequential)

> ## Defines the first 100 Fibonacci numbers
> ## (0, 1, 1, 2, 3, 5, 8, ...)
> ## but calculate only the ones need when
> ## a number is actually requested.
> 
> x <- listenv()

> x[[1]] <- 0

> x[[2]] <- 1

> for (i in 3:100) {
+   x[[i]] %<-% { x[[i - 2]] + x[[i - 1]] } %lazy% TRUE %stdout% NA %conditions% "error"
+ }

> ## At this point nothing has been calculated,
> ## because lazy evaluation is in place.
> 
> ## Get the 7:th Fibonnaci numbers (should be 8)
> print(x[[7]])
[1] 8

> ## At this point x[1:7] have been calculated,
> ## but nothing beyond.
> 
> ## Let's get the 50:th number.
> print(x[[50]])
[1] 7778742049

> ## Reset plan
> plan(oplan)

> options(oopts)

> message("*** Fibonacci demo of the 'future' package ... DONE")
*** Fibonacci demo of the 'future' package ... DONE
Skipping, because path appears not to be an 'R CMD check' folder: ‘/tmp’
Test time: user.self=2s, sys.self=0.02s, elapsed=2s, user.child=0.002s, sys.child=0.003s
Test ‘demo-fibonacci’ ... success
> 
