
R version 4.5.2 (2025-10-31) -- "[Not] Part in a Rumble"
Copyright (C) 2025 The R Foundation for Statistical Computing
Platform: x86_64-pc-linux-gnu

R is free software and comes with ABSOLUTELY NO WARRANTY.
You are welcome to redistribute it under certain conditions.
Type 'license()' or 'licence()' for distribution details.

R is a collaborative project with many contributors.
Type 'contributors()' for more information and
'citation()' on how to cite R or R packages in publications.

Type 'demo()' for some demos, 'help()' for on-line help, or
'help.start()' for an HTML browser interface to help.
Type 'q()' to quit R.

> #! /usr/bin/env Rscript
> ## This runs testme test script inst/testme/test-reset.R
> ## Don't edit - it was autogenerated by inst/testme/deploy.R
> future:::testme("reset")
Test ‘reset’ ...
 chr "none"

> library(future)
[09:48:01.187] Option 'future.startup.script': TRUE
[09:48:01.188] Future startup scripts considered: ‘.future.R’, ‘~/.future.R’
[09:48:01.188] Future startup scripts found: <none>

> options(future.debug = FALSE)

> shaky_mean <- function(x) {
+     if (as.double(Sys.time())%%1 < 0.9) 
+         stop("boom")
+     mean(x)
+ }

> x <- rnorm(100)

> message("*** reset() ...")
*** reset() ...

> for (strategy in supportedStrategies()) {
+     message(sprintf("- plan('%s') ...", strategy))
+     plan(strategy)
+     f <- future({
+         sh .... [TRUNCATED] 
- plan('sequential') ...
Resetting failed future, and retry in 0.1 seconds
Resetting failed future, and retry in 0.1 seconds
Resetting failed future, and retry in 0.1 seconds
Resetting failed future, and retry in 0.1 seconds
Resetting failed future, and retry in 0.1 seconds
Resetting failed future, and retry in 0.1 seconds
Resetting failed future, and retry in 0.1 seconds
Resetting failed future, and retry in 0.1 seconds
Resetting failed future, and retry in 0.1 seconds
Resetting failed future, and retry in 0.1 seconds
Resetting failed future, and retry in 0.1 seconds
Resetting failed future, and retry in 0.1 seconds
Resetting failed future, and retry in 0.1 seconds
Resetting failed future, and retry in 0.1 seconds
Resetting failed future, and retry in 0.1 seconds
Resetting failed future, and retry in 0.1 seconds
Resetting failed future, and retry in 0.1 seconds
Resetting failed future, and retry in 0.1 seconds
Resetting failed future, and retry in 0.1 seconds
Resetting failed future, and retry in 0.1 seconds
Resetting failed future, and retry in 0.1 seconds
Resetting failed future, and retry in 0.1 seconds
Resetting failed future, and retry in 0.1 seconds
Resetting failed future, and retry in 0.1 seconds
Resetting failed future, and retry in 0.1 seconds
Resetting failed future, and retry in 0.1 seconds
Resetting failed future, and retry in 0.1 seconds
Resetting failed future, and retry in 0.1 seconds
Resetting failed future, and retry in 0.1 seconds
Resetting failed future, and retry in 0.1 seconds
Resetting failed future, and retry in 0.1 seconds
Resetting failed future, and retry in 0.1 seconds
Resetting failed future, and retry in 0.1 seconds
Resetting failed future, and retry in 0.1 seconds
Resetting failed future, and retry in 0.1 seconds
Resetting failed future, and retry in 0.1 seconds
Resetting failed future, and retry in 0.1 seconds
Resetting failed future, and retry in 0.1 seconds
Resetting failed future, and retry in 0.1 seconds
Resetting failed future, and retry in 0.1 seconds
Resetting failed future, and retry in 0.1 seconds
Resetting failed future, and retry in 0.1 seconds
Resetting failed future, and retry in 0.1 seconds
Resetting failed future, and retry in 0.1 seconds
Resetting failed future, and retry in 0.1 seconds
Resetting failed future, and retry in 0.1 seconds
Resetting failed future, and retry in 0.1 seconds
Resetting failed future, and retry in 0.1 seconds
Resetting failed future, and retry in 0.1 seconds
Resetting failed future, and retry in 0.1 seconds
Resetting failed future, and retry in 0.1 seconds
Resetting failed future, and retry in 0.1 seconds
Resetting failed future, and retry in 0.1 seconds
Resetting failed future, and retry in 0.1 seconds
Resetting failed future, and retry in 0.1 seconds
Resetting failed future, and retry in 0.1 seconds
Resetting failed future, and retry in 0.1 seconds
Resetting failed future, and retry in 0.1 seconds
Resetting failed future, and retry in 0.1 seconds
Resetting failed future, and retry in 0.1 seconds
Resetting failed future, and retry in 0.1 seconds
Resetting failed future, and retry in 0.1 seconds
Resetting failed future, and retry in 0.1 seconds
Resetting failed future, and retry in 0.1 seconds
Resetting failed future, and retry in 0.1 seconds
Resetting failed future, and retry in 0.1 seconds
Resetting failed future, and retry in 0.1 seconds
Resetting failed future, and retry in 0.1 seconds
Resetting failed future, and retry in 0.1 seconds
Resetting failed future, and retry in 0.1 seconds
Resetting failed future, and retry in 0.1 seconds
Resetting failed future, and retry in 0.1 seconds
Resetting failed future, and retry in 0.1 seconds
Resetting failed future, and retry in 0.1 seconds
Resetting failed future, and retry in 0.1 seconds
Resetting failed future, and retry in 0.1 seconds
Resetting failed future, and retry in 0.1 seconds
Resetting failed future, and retry in 0.1 seconds
Resetting failed future, and retry in 0.1 seconds
Resetting failed future, and retry in 0.1 seconds
Resetting failed future, and retry in 0.1 seconds
Resetting failed future, and retry in 0.1 seconds
Resetting failed future, and retry in 0.1 seconds
Resetting failed future, and retry in 0.1 seconds
Resetting failed future, and retry in 0.1 seconds
Resetting failed future, and retry in 0.1 seconds
Resetting failed future, and retry in 0.1 seconds
Resetting failed future, and retry in 0.1 seconds
Resetting failed future, and retry in 0.1 seconds
Resetting failed future, and retry in 0.1 seconds
Resetting failed future, and retry in 0.1 seconds
Resetting failed future, and retry in 0.1 seconds
Resetting failed future, and retry in 0.1 seconds
Resetting failed future, and retry in 0.1 seconds
Resetting failed future, and retry in 0.1 seconds
Resetting failed future, and retry in 0.1 seconds
Resetting failed future, and retry in 0.1 seconds
Resetting failed future, and retry in 0.1 seconds
Resetting failed future, and retry in 0.1 seconds
Resetting failed future, and retry in 0.1 seconds
Resetting failed future, and retry in 0.1 seconds
Resetting failed future, and retry in 0.1 seconds
Resetting failed future, and retry in 0.1 seconds
Resetting failed future, and retry in 0.1 seconds
Resetting failed future, and retry in 0.1 seconds
Resetting failed future, and retry in 0.1 seconds
Resetting failed future, and retry in 0.1 seconds
Resetting failed future, and retry in 0.1 seconds
Resetting failed future, and retry in 0.1 seconds
Resetting failed future, and retry in 0.1 seconds
Resetting failed future, and retry in 0.1 seconds
Resetting failed future, and retry in 0.1 seconds
Resetting failed future, and retry in 0.1 seconds
Resetting failed future, and retry in 0.1 seconds
Resetting failed future, and retry in 0.1 seconds
Resetting failed future, and retry in 0.1 seconds
Resetting failed future, and retry in 0.1 seconds
Resetting failed future, and retry in 0.1 seconds
Resetting failed future, and retry in 0.1 seconds
Resetting failed future, and retry in 0.1 seconds
Resetting failed future, and retry in 0.1 seconds
Resetting failed future, and retry in 0.1 seconds
Resetting failed future, and retry in 0.1 seconds
Resetting failed future, and retry in 0.1 seconds
Resetting failed future, and retry in 0.1 seconds
Resetting failed future, and retry in 0.1 seconds
Resetting failed future, and retry in 0.1 seconds
Resetting failed future, and retry in 0.1 seconds
Resetting failed future, and retry in 0.1 seconds
Resetting failed future, and retry in 0.1 seconds
Resetting failed future, and retry in 0.1 seconds
Resetting failed future, and retry in 0.1 seconds
Resetting failed future, and retry in 0.1 seconds
Resetting failed future, and retry in 0.1 seconds
Resetting failed future, and retry in 0.1 seconds
Resetting failed future, and retry in 0.1 seconds
Resetting failed future, and retry in 0.1 seconds
Resetting failed future, and retry in 0.1 seconds
Resetting failed future, and retry in 0.1 seconds
Resetting failed future, and retry in 0.1 seconds
Resetting failed future, and retry in 0.1 seconds
Resetting failed future, and retry in 0.1 seconds
Resetting failed future, and retry in 0.1 seconds
Resetting failed future, and retry in 0.1 seconds
Resetting failed future, and retry in 0.1 seconds
Resetting failed future, and retry in 0.1 seconds
Resetting failed future, and retry in 0.1 seconds
Resetting failed future, and retry in 0.1 seconds
Resetting failed future, and retry in 0.1 seconds
Resetting failed future, and retry in 0.1 seconds
Resetting failed future, and retry in 0.1 seconds
Resetting failed future, and retry in 0.1 seconds
Resetting failed future, and retry in 0.1 seconds
Resetting failed future, and retry in 0.1 seconds
Resetting failed future, and retry in 0.1 seconds
Resetting failed future, and retry in 0.1 seconds
Resetting failed future, and retry in 0.1 seconds
Resetting failed future, and retry in 0.1 seconds
Resetting failed future, and retry in 0.1 seconds
Resetting failed future, and retry in 0.1 seconds
Resetting failed future, and retry in 0.1 seconds
Resetting failed future, and retry in 0.1 seconds
Resetting failed future, and retry in 0.1 seconds
Resetting failed future, and retry in 0.1 seconds
Resetting failed future, and retry in 0.1 seconds
Resetting failed future, and retry in 0.1 seconds
Resetting failed future, and retry in 0.1 seconds
Resetting failed future, and retry in 0.1 seconds
Resetting failed future, and retry in 0.1 seconds
Resetting failed future, and retry in 0.1 seconds
Resetting failed future, and retry in 0.1 seconds
Resetting failed future, and retry in 0.1 seconds
Resetting failed future, and retry in 0.1 seconds
Resetting failed future, and retry in 0.1 seconds
Resetting failed future, and retry in 0.1 seconds
Resetting failed future, and retry in 0.1 seconds
Resetting failed future, and retry in 0.1 seconds
Resetting failed future, and retry in 0.1 seconds
Resetting failed future, and retry in 0.1 seconds
Resetting failed future, and retry in 0.1 seconds
Resetting failed future, and retry in 0.1 seconds
Resetting failed future, and retry in 0.1 seconds
Resetting failed future, and retry in 0.1 seconds
Resetting failed future, and retry in 0.1 seconds
Resetting failed future, and retry in 0.1 seconds
Resetting failed future, and retry in 0.1 seconds
Resetting failed future, and retry in 0.1 seconds
Resetting failed future, and retry in 0.1 seconds
Resetting failed future, and retry in 0.1 seconds
Resetting failed future, and retry in 0.1 seconds
Resetting failed future, and retry in 0.1 seconds
Resetting failed future, and retry in 0.1 seconds
Resetting failed future, and retry in 0.1 seconds
Resetting failed future, and retry in 0.1 seconds
Resetting failed future, and retry in 0.1 seconds
Resetting failed future, and retry in 0.1 seconds
mean: -0.04353476 
- plan('multicore') ...
mean: -0.04353476 
- plan('multisession') ...
Resetting failed future, and retry in 0.1 seconds
Resetting failed future, and retry in 0.1 seconds
Resetting failed future, and retry in 0.1 seconds
Resetting failed future, and retry in 0.1 seconds
Resetting failed future, and retry in 0.1 seconds
Resetting failed future, and retry in 0.1 seconds
mean: -0.04353476 

> message("*** reset() ... DONE")
*** reset() ... DONE
Skipping, because path appears not to be an 'R CMD check' folder: ‘/tmp’
Test time: user.self=1s, sys.self=0.04s, elapsed=2s, user.child=0.2s, sys.child=0.3s
Test ‘reset’ ... success
> 
