
R version 4.4.0 (2024-04-24) -- "Puppy Cup"
Copyright (C) 2024 The R Foundation for Statistical Computing
Platform: x86_64-pc-linux-gnu

R is free software and comes with ABSOLUTELY NO WARRANTY.
You are welcome to redistribute it under certain conditions.
Type 'license()' or 'licence()' for distribution details.

R is a collaborative project with many contributors.
Type 'contributors()' for more information and
'citation()' on how to cite R or R packages in publications.

Type 'demo()' for some demos, 'help()' for on-line help, or
'help.start()' for an HTML browser interface to help.
Type 'q()' to quit R.

> source("incl/start.R")
[17:02:27.632] plan(): Setting new future strategy stack:
[17:02:27.633] List of future strategies:
[17:02:27.633] 1. sequential:
[17:02:27.633]    - args: function (..., envir = parent.frame(), workers = "<NULL>")
[17:02:27.633]    - tweaked: FALSE
[17:02:27.633]    - call: future::plan("sequential")
[17:02:27.644] plan(): nbrOfWorkers() = 1
> library("listenv")
> 
> message("*** futureOf() ...")
*** futureOf() ...
> 
> a %<-% { 1 } %lazy% TRUE
[17:02:27.662] getGlobalsAndPackages() ...
[17:02:27.662] Searching for globals...
[17:02:27.665] - globals found: [1] ‘{’
[17:02:27.665] Searching for globals ... DONE
[17:02:27.665] Resolving globals: FALSE
[17:02:27.666] 
[17:02:27.666] 
[17:02:27.666] getGlobalsAndPackages() ... DONE
> 
> f1 <- futureOf("a")
> print(f1)
Future:
Label: ‘<none>’
Expression:
{
    1
}
Lazy evaluation: TRUE
Asynchronous evaluation: TRUE
Local evaluation: TRUE
Environment: R_GlobalEnv
Capture standard output: TRUE
Capture condition classes: ‘condition’ (excluding ‘nothing’)
Globals: <none>
Packages: <none>
L'Ecuyer-CMRG RNG seed: <none> (seed = FALSE)
Resolved: FALSE
Value: <not collected>
Conditions captured: <none>
Early signaling: FALSE
Owner process: a25e7df2-86bd-0c76-5ff9-59a1b96088ab
Class: ‘Future’, ‘environment’
> f2 <- futureOf(a)
> print(f2)
Future:
Label: ‘<none>’
Expression:
{
    1
}
Lazy evaluation: TRUE
Asynchronous evaluation: TRUE
Local evaluation: TRUE
Environment: R_GlobalEnv
Capture standard output: TRUE
Capture condition classes: ‘condition’ (excluding ‘nothing’)
Globals: <none>
Packages: <none>
L'Ecuyer-CMRG RNG seed: <none> (seed = FALSE)
Resolved: FALSE
Value: <not collected>
Conditions captured: <none>
Early signaling: FALSE
Owner process: a25e7df2-86bd-0c76-5ff9-59a1b96088ab
Class: ‘Future’, ‘environment’
> stopifnot(identical(f2, f1))
> 
> ## Get all futures in the current environment
> fs <- futureOf(drop = TRUE)
> print(fs)
$a
Future:
Label: ‘<none>’
Expression:
{
    1
}
Lazy evaluation: TRUE
Asynchronous evaluation: TRUE
Local evaluation: TRUE
Environment: R_GlobalEnv
Capture standard output: TRUE
Capture condition classes: ‘condition’ (excluding ‘nothing’)
Globals: <none>
Packages: <none>
L'Ecuyer-CMRG RNG seed: <none> (seed = FALSE)
Resolved: FALSE
Value: <not collected>
Conditions captured: <none>
Early signaling: FALSE
Owner process: a25e7df2-86bd-0c76-5ff9-59a1b96088ab
Class: ‘Future’, ‘environment’

$f1
Future:
Label: ‘<none>’
Expression:
{
    1
}
Lazy evaluation: TRUE
Asynchronous evaluation: TRUE
Local evaluation: TRUE
Environment: R_GlobalEnv
Capture standard output: TRUE
Capture condition classes: ‘condition’ (excluding ‘nothing’)
Globals: <none>
Packages: <none>
L'Ecuyer-CMRG RNG seed: <none> (seed = FALSE)
Resolved: FALSE
Value: <not collected>
Conditions captured: <none>
Early signaling: FALSE
Owner process: a25e7df2-86bd-0c76-5ff9-59a1b96088ab
Class: ‘Future’, ‘environment’

$f2
Future:
Label: ‘<none>’
Expression:
{
    1
}
Lazy evaluation: TRUE
Asynchronous evaluation: TRUE
Local evaluation: TRUE
Environment: R_GlobalEnv
Capture standard output: TRUE
Capture condition classes: ‘condition’ (excluding ‘nothing’)
Globals: <none>
Packages: <none>
L'Ecuyer-CMRG RNG seed: <none> (seed = FALSE)
Resolved: FALSE
Value: <not collected>
Conditions captured: <none>
Early signaling: FALSE
Owner process: a25e7df2-86bd-0c76-5ff9-59a1b96088ab
Class: ‘Future’, ‘environment’

> stopifnot(
+   is.list(fs),
+   length(fs) == 3L,
+   all(names(fs) %in% c("a", "f1", "f2"))
+ )
> 
> ## Non-existing object
> res <- tryCatch(futureOf("non-exiting-object", mustExist = TRUE), error = identity)
[17:02:27.674] ERROR: No such future variable: "non-exiting-object"
> stopifnot(inherits(res, "error"))
> 
> message("*** futureOf() ... DONE")
*** futureOf() ... DONE
> 
> source("incl/end.R")
[17:02:27.675] plan(): Setting new future strategy stack:
[17:02:27.675] List of future strategies:
[17:02:27.675] 1. FutureStrategy:
[17:02:27.675]    - args: function (..., envir = parent.frame(), workers = "<NULL>")
[17:02:27.675]    - tweaked: FALSE
[17:02:27.675]    - call: future::plan(oplan)
[17:02:27.691] plan(): nbrOfWorkers() = 1
> 
