
R version 4.4.0 (2024-04-24) -- "Puppy Cup"
Copyright (C) 2024 The R Foundation for Statistical Computing
Platform: x86_64-pc-linux-gnu

R is free software and comes with ABSOLUTELY NO WARRANTY.
You are welcome to redistribute it under certain conditions.
Type 'license()' or 'licence()' for distribution details.

R is a collaborative project with many contributors.
Type 'contributors()' for more information and
'citation()' on how to cite R or R packages in publications.

Type 'demo()' for some demos, 'help()' for on-line help, or
'help.start()' for an HTML browser interface to help.
Type 'q()' to quit R.

> source("incl/start.R")
[18:04:12.605] plan(): Setting new future strategy stack:
[18:04:12.606] List of future strategies:
[18:04:12.606] 1. sequential:
[18:04:12.606]    - args: function (..., envir = parent.frame(), workers = "<NULL>")
[18:04:12.606]    - tweaked: FALSE
[18:04:12.606]    - call: future::plan("sequential")
[18:04:12.629] plan(): nbrOfWorkers() = 1
> library("listenv")
> 
> message("*** futureOf() ...")
*** futureOf() ...
> 
> a %<-% { 1 } %lazy% TRUE
[18:04:12.657] getGlobalsAndPackages() ...
[18:04:12.658] Searching for globals...
[18:04:12.663] - globals found: [1] ‘{’
[18:04:12.663] Searching for globals ... DONE
[18:04:12.663] Resolving globals: FALSE
[18:04:12.664] 
[18:04:12.664] 
[18:04:12.664] getGlobalsAndPackages() ... DONE
> 
> f1 <- futureOf("a")
> print(f1)
Future:
Label: ‘<none>’
Expression:
{
    1
}
Lazy evaluation: TRUE
Asynchronous evaluation: TRUE
Local evaluation: TRUE
Environment: R_GlobalEnv
Capture standard output: TRUE
Capture condition classes: ‘condition’ (excluding ‘nothing’)
Globals: <none>
Packages: <none>
L'Ecuyer-CMRG RNG seed: <none> (seed = FALSE)
Resolved: FALSE
Value: <not collected>
Conditions captured: <none>
Early signaling: FALSE
Owner process: fd954611-b370-8046-1d72-1b0d07c684a8
Class: ‘Future’, ‘environment’
> f2 <- futureOf(a)
> print(f2)
Future:
Label: ‘<none>’
Expression:
{
    1
}
Lazy evaluation: TRUE
Asynchronous evaluation: TRUE
Local evaluation: TRUE
Environment: R_GlobalEnv
Capture standard output: TRUE
Capture condition classes: ‘condition’ (excluding ‘nothing’)
Globals: <none>
Packages: <none>
L'Ecuyer-CMRG RNG seed: <none> (seed = FALSE)
Resolved: FALSE
Value: <not collected>
Conditions captured: <none>
Early signaling: FALSE
Owner process: fd954611-b370-8046-1d72-1b0d07c684a8
Class: ‘Future’, ‘environment’
> stopifnot(identical(f2, f1))
> 
> ## Get all futures in the current environment
> fs <- futureOf(drop = TRUE)
> print(fs)
$a
Future:
Label: ‘<none>’
Expression:
{
    1
}
Lazy evaluation: TRUE
Asynchronous evaluation: TRUE
Local evaluation: TRUE
Environment: R_GlobalEnv
Capture standard output: TRUE
Capture condition classes: ‘condition’ (excluding ‘nothing’)
Globals: <none>
Packages: <none>
L'Ecuyer-CMRG RNG seed: <none> (seed = FALSE)
Resolved: FALSE
Value: <not collected>
Conditions captured: <none>
Early signaling: FALSE
Owner process: fd954611-b370-8046-1d72-1b0d07c684a8
Class: ‘Future’, ‘environment’

$f1
Future:
Label: ‘<none>’
Expression:
{
    1
}
Lazy evaluation: TRUE
Asynchronous evaluation: TRUE
Local evaluation: TRUE
Environment: R_GlobalEnv
Capture standard output: TRUE
Capture condition classes: ‘condition’ (excluding ‘nothing’)
Globals: <none>
Packages: <none>
L'Ecuyer-CMRG RNG seed: <none> (seed = FALSE)
Resolved: FALSE
Value: <not collected>
Conditions captured: <none>
Early signaling: FALSE
Owner process: fd954611-b370-8046-1d72-1b0d07c684a8
Class: ‘Future’, ‘environment’

$f2
Future:
Label: ‘<none>’
Expression:
{
    1
}
Lazy evaluation: TRUE
Asynchronous evaluation: TRUE
Local evaluation: TRUE
Environment: R_GlobalEnv
Capture standard output: TRUE
Capture condition classes: ‘condition’ (excluding ‘nothing’)
Globals: <none>
Packages: <none>
L'Ecuyer-CMRG RNG seed: <none> (seed = FALSE)
Resolved: FALSE
Value: <not collected>
Conditions captured: <none>
Early signaling: FALSE
Owner process: fd954611-b370-8046-1d72-1b0d07c684a8
Class: ‘Future’, ‘environment’

> stopifnot(
+   is.list(fs),
+   length(fs) == 3L,
+   all(names(fs) %in% c("a", "f1", "f2"))
+ )
> 
> ## Non-existing object
> res <- tryCatch(futureOf("non-exiting-object", mustExist = TRUE), error = identity)
[18:04:12.681] ERROR: No such future variable: "non-exiting-object"
> stopifnot(inherits(res, "error"))
> 
> message("*** futureOf() ... DONE")
*** futureOf() ... DONE
> 
> source("incl/end.R")
[18:04:12.682] plan(): Setting new future strategy stack:
[18:04:12.683] List of future strategies:
[18:04:12.683] 1. FutureStrategy:
[18:04:12.683]    - args: function (..., envir = parent.frame(), workers = "<NULL>")
[18:04:12.683]    - tweaked: FALSE
[18:04:12.683]    - call: future::plan(oplan)
[18:04:12.706] plan(): nbrOfWorkers() = 1
> 
