
R version 4.4.0 (2024-04-24) -- "Puppy Cup"
Copyright (C) 2024 The R Foundation for Statistical Computing
Platform: x86_64-pc-linux-gnu

R is free software and comes with ABSOLUTELY NO WARRANTY.
You are welcome to redistribute it under certain conditions.
Type 'license()' or 'licence()' for distribution details.

R is a collaborative project with many contributors.
Type 'contributors()' for more information and
'citation()' on how to cite R or R packages in publications.

Type 'demo()' for some demos, 'help()' for on-line help, or
'help.start()' for an HTML browser interface to help.
Type 'q()' to quit R.

> source("incl/start.R")
[18:04:10.489] plan(): Setting new future strategy stack:
[18:04:10.490] List of future strategies:
[18:04:10.490] 1. sequential:
[18:04:10.490]    - args: function (..., envir = parent.frame(), workers = "<NULL>")
[18:04:10.490]    - tweaked: FALSE
[18:04:10.490]    - call: future::plan("sequential")
[18:04:10.513] plan(): nbrOfWorkers() = 1
> 
> message("*** FutureError class ...")
*** FutureError class ...
> 
> ## Minimal
> ex <- FutureError(message = "Woops")
> print(ex)
<FutureError: Woops>


Future UUID: <NA>
> 
> cond <- tryCatch(message("Woops", appendLF = FALSE), message = identity)
> ex2 <- FutureError(message = cond)
> print(ex2)
<FutureError: Woops>


Future UUID: <NA>
> stopifnot(conditionMessage(ex2) == conditionMessage(ex))
> 
> f <- future({ 42L; stop("woops") })
[18:04:10.536] getGlobalsAndPackages() ...
[18:04:10.536] Searching for globals...
[18:04:10.548] - globals found: [2] ‘{’, ‘stop’
[18:04:10.548] Searching for globals ... DONE
[18:04:10.548] Resolving globals: FALSE
[18:04:10.549] 
[18:04:10.549] 
[18:04:10.550] getGlobalsAndPackages() ... DONE
[18:04:10.551] run() for ‘Future’ ...
[18:04:10.551] - state: ‘created’
[18:04:10.551] - Future backend: ‘FutureStrategy’, ‘sequential’, ‘uniprocess’, ‘future’, ‘function’
[18:04:10.552] - Future class: ‘SequentialFuture’, ‘UniprocessFuture’, ‘Future’, ‘environment’
[18:04:10.552] - Copy elements of temporary ‘SequentialFuture’ to final ‘Future’ object ...
[18:04:10.552]   - Field: ‘label’
[18:04:10.553]   - Field: ‘local’
[18:04:10.553]   - Field: ‘owner’
[18:04:10.553]   - Field: ‘envir’
[18:04:10.553]   - Field: ‘packages’
[18:04:10.553]   - Field: ‘gc’
[18:04:10.554]   - Field: ‘conditions’
[18:04:10.554]   - Field: ‘expr’
[18:04:10.554]   - Field: ‘uuid’
[18:04:10.554]   - Field: ‘seed’
[18:04:10.554]   - Field: ‘version’
[18:04:10.555]   - Field: ‘result’
[18:04:10.555]   - Field: ‘asynchronous’
[18:04:10.555]   - Field: ‘calls’
[18:04:10.555]   - Field: ‘globals’
[18:04:10.555]   - Field: ‘stdout’
[18:04:10.556]   - Field: ‘earlySignal’
[18:04:10.556]   - Field: ‘lazy’
[18:04:10.556]   - Field: ‘state’
[18:04:10.556] - Copy elements of temporary ‘SequentialFuture’ to final ‘Future’ object ... done
[18:04:10.556] - Launch lazy future ...
[18:04:10.558] Packages needed by the future expression (n = 0): <none>
[18:04:10.558] Packages needed by future strategies (n = 0): <none>
[18:04:10.559] {
[18:04:10.559]     {
[18:04:10.559]         {
[18:04:10.559]             ...future.startTime <- base::Sys.time()
[18:04:10.559]             {
[18:04:10.559]                 {
[18:04:10.559]                   {
[18:04:10.559]                     base::local({
[18:04:10.559]                       has_future <- base::requireNamespace("future", 
[18:04:10.559]                         quietly = TRUE)
[18:04:10.559]                       if (has_future) {
[18:04:10.559]                         ns <- base::getNamespace("future")
[18:04:10.559]                         version <- ns[[".package"]][["version"]]
[18:04:10.559]                         if (is.null(version)) 
[18:04:10.559]                           version <- utils::packageVersion("future")
[18:04:10.559]                       }
[18:04:10.559]                       else {
[18:04:10.559]                         version <- NULL
[18:04:10.559]                       }
[18:04:10.559]                       if (!has_future || version < "1.8.0") {
[18:04:10.559]                         info <- base::c(r_version = base::gsub("R version ", 
[18:04:10.559]                           "", base::R.version$version.string), 
[18:04:10.559]                           platform = base::sprintf("%s (%s-bit)", 
[18:04:10.559]                             base::R.version$platform, 8 * base::.Machine$sizeof.pointer), 
[18:04:10.559]                           os = base::paste(base::Sys.info()[base::c("sysname", 
[18:04:10.559]                             "release", "version")], collapse = " "), 
[18:04:10.559]                           hostname = base::Sys.info()[["nodename"]])
[18:04:10.559]                         info <- base::sprintf("%s: %s", base::names(info), 
[18:04:10.559]                           info)
[18:04:10.559]                         info <- base::paste(info, collapse = "; ")
[18:04:10.559]                         if (!has_future) {
[18:04:10.559]                           msg <- base::sprintf("Package 'future' is not installed on worker (%s)", 
[18:04:10.559]                             info)
[18:04:10.559]                         }
[18:04:10.559]                         else {
[18:04:10.559]                           msg <- base::sprintf("Package 'future' on worker (%s) must be of version >= 1.8.0: %s", 
[18:04:10.559]                             info, version)
[18:04:10.559]                         }
[18:04:10.559]                         base::stop(msg)
[18:04:10.559]                       }
[18:04:10.559]                     })
[18:04:10.559]                   }
[18:04:10.559]                   ...future.strategy.old <- future::plan("list")
[18:04:10.559]                   options(future.plan = NULL)
[18:04:10.559]                   Sys.unsetenv("R_FUTURE_PLAN")
[18:04:10.559]                   future::plan("default", .cleanup = FALSE, .init = FALSE)
[18:04:10.559]                 }
[18:04:10.559]                 ...future.workdir <- getwd()
[18:04:10.559]             }
[18:04:10.559]             ...future.oldOptions <- base::as.list(base::.Options)
[18:04:10.559]             ...future.oldEnvVars <- base::Sys.getenv()
[18:04:10.559]         }
[18:04:10.559]         base::options(future.startup.script = FALSE, future.globals.onMissing = NULL, 
[18:04:10.559]             future.globals.maxSize = NULL, future.globals.method = NULL, 
[18:04:10.559]             future.globals.onMissing = NULL, future.globals.onReference = NULL, 
[18:04:10.559]             future.globals.resolve = NULL, future.resolve.recursive = NULL, 
[18:04:10.559]             future.rng.onMisuse = NULL, future.rng.onMisuse.keepFuture = NULL, 
[18:04:10.559]             future.stdout.windows.reencode = NULL, width = 80L)
[18:04:10.559]         ...future.futureOptionsAdded <- base::setdiff(base::names(base::.Options), 
[18:04:10.559]             base::names(...future.oldOptions))
[18:04:10.559]     }
[18:04:10.559]     if (FALSE) {
[18:04:10.559]     }
[18:04:10.559]     else {
[18:04:10.559]         if (TRUE) {
[18:04:10.559]             ...future.stdout <- base::rawConnection(base::raw(0L), 
[18:04:10.559]                 open = "w")
[18:04:10.559]         }
[18:04:10.559]         else {
[18:04:10.559]             ...future.stdout <- base::file(base::switch(.Platform$OS.type, 
[18:04:10.559]                 windows = "NUL", "/dev/null"), open = "w")
[18:04:10.559]         }
[18:04:10.559]         base::sink(...future.stdout, type = "output", split = FALSE)
[18:04:10.559]         base::on.exit(if (!base::is.null(...future.stdout)) {
[18:04:10.559]             base::sink(type = "output", split = FALSE)
[18:04:10.559]             base::close(...future.stdout)
[18:04:10.559]         }, add = TRUE)
[18:04:10.559]     }
[18:04:10.559]     ...future.frame <- base::sys.nframe()
[18:04:10.559]     ...future.conditions <- base::list()
[18:04:10.559]     ...future.rng <- base::globalenv()$.Random.seed
[18:04:10.559]     if (FALSE) {
[18:04:10.559]         ...future.globalenv.names <- c(base::names(base::.GlobalEnv), 
[18:04:10.559]             "...future.value", "...future.globalenv.names", ".Random.seed")
[18:04:10.559]     }
[18:04:10.559]     ...future.result <- base::tryCatch({
[18:04:10.559]         base::withCallingHandlers({
[18:04:10.559]             ...future.value <- base::withVisible(base::local({
[18:04:10.559]                 42L
[18:04:10.559]                 stop("woops")
[18:04:10.559]             }))
[18:04:10.559]             future::FutureResult(value = ...future.value$value, 
[18:04:10.559]                 visible = ...future.value$visible, rng = !identical(base::globalenv()$.Random.seed, 
[18:04:10.559]                   ...future.rng), globalenv = if (FALSE) 
[18:04:10.559]                   list(added = base::setdiff(base::names(base::.GlobalEnv), 
[18:04:10.559]                     ...future.globalenv.names))
[18:04:10.559]                 else NULL, started = ...future.startTime, version = "1.8")
[18:04:10.559]         }, condition = base::local({
[18:04:10.559]             c <- base::c
[18:04:10.559]             inherits <- base::inherits
[18:04:10.559]             invokeRestart <- base::invokeRestart
[18:04:10.559]             length <- base::length
[18:04:10.559]             list <- base::list
[18:04:10.559]             seq.int <- base::seq.int
[18:04:10.559]             signalCondition <- base::signalCondition
[18:04:10.559]             sys.calls <- base::sys.calls
[18:04:10.559]             `[[` <- base::`[[`
[18:04:10.559]             `+` <- base::`+`
[18:04:10.559]             `<<-` <- base::`<<-`
[18:04:10.559]             sysCalls <- function(calls = sys.calls(), from = 1L) {
[18:04:10.559]                 calls[seq.int(from = from + 12L, to = length(calls) - 
[18:04:10.559]                   3L)]
[18:04:10.559]             }
[18:04:10.559]             function(cond) {
[18:04:10.559]                 is_error <- inherits(cond, "error")
[18:04:10.559]                 ignore <- !is_error && !is.null(NULL) && inherits(cond, 
[18:04:10.559]                   NULL)
[18:04:10.559]                 if (is_error) {
[18:04:10.559]                   sessionInformation <- function() {
[18:04:10.559]                     list(r = base::R.Version(), locale = base::Sys.getlocale(), 
[18:04:10.559]                       rngkind = base::RNGkind(), namespaces = base::loadedNamespaces(), 
[18:04:10.559]                       search = base::search(), system = base::Sys.info())
[18:04:10.559]                   }
[18:04:10.559]                   ...future.conditions[[length(...future.conditions) + 
[18:04:10.559]                     1L]] <<- list(condition = cond, calls = c(sysCalls(from = ...future.frame), 
[18:04:10.559]                     cond$call), session = sessionInformation(), 
[18:04:10.559]                     timestamp = base::Sys.time(), signaled = 0L)
[18:04:10.559]                   signalCondition(cond)
[18:04:10.559]                 }
[18:04:10.559]                 else if (!ignore && TRUE && inherits(cond, c("condition", 
[18:04:10.559]                 "immediateCondition"))) {
[18:04:10.559]                   signal <- TRUE && inherits(cond, "immediateCondition")
[18:04:10.559]                   ...future.conditions[[length(...future.conditions) + 
[18:04:10.559]                     1L]] <<- list(condition = cond, signaled = base::as.integer(signal))
[18:04:10.559]                   if (TRUE && !signal) {
[18:04:10.559]                     muffleCondition <- function (cond, pattern = "^muffle") 
[18:04:10.559]                     {
[18:04:10.559]                       inherits <- base::inherits
[18:04:10.559]                       invokeRestart <- base::invokeRestart
[18:04:10.559]                       is.null <- base::is.null
[18:04:10.559]                       muffled <- FALSE
[18:04:10.559]                       if (inherits(cond, "message")) {
[18:04:10.559]                         muffled <- grepl(pattern, "muffleMessage")
[18:04:10.559]                         if (muffled) 
[18:04:10.559]                           invokeRestart("muffleMessage")
[18:04:10.559]                       }
[18:04:10.559]                       else if (inherits(cond, "warning")) {
[18:04:10.559]                         muffled <- grepl(pattern, "muffleWarning")
[18:04:10.559]                         if (muffled) 
[18:04:10.559]                           invokeRestart("muffleWarning")
[18:04:10.559]                       }
[18:04:10.559]                       else if (inherits(cond, "condition")) {
[18:04:10.559]                         if (!is.null(pattern)) {
[18:04:10.559]                           computeRestarts <- base::computeRestarts
[18:04:10.559]                           grepl <- base::grepl
[18:04:10.559]                           restarts <- computeRestarts(cond)
[18:04:10.559]                           for (restart in restarts) {
[18:04:10.559]                             name <- restart$name
[18:04:10.559]                             if (is.null(name)) 
[18:04:10.559]                               next
[18:04:10.559]                             if (!grepl(pattern, name)) 
[18:04:10.559]                               next
[18:04:10.559]                             invokeRestart(restart)
[18:04:10.559]                             muffled <- TRUE
[18:04:10.559]                             break
[18:04:10.559]                           }
[18:04:10.559]                         }
[18:04:10.559]                       }
[18:04:10.559]                       invisible(muffled)
[18:04:10.559]                     }
[18:04:10.559]                     muffleCondition(cond, pattern = "^muffle")
[18:04:10.559]                   }
[18:04:10.559]                 }
[18:04:10.559]                 else {
[18:04:10.559]                   if (TRUE) {
[18:04:10.559]                     muffleCondition <- function (cond, pattern = "^muffle") 
[18:04:10.559]                     {
[18:04:10.559]                       inherits <- base::inherits
[18:04:10.559]                       invokeRestart <- base::invokeRestart
[18:04:10.559]                       is.null <- base::is.null
[18:04:10.559]                       muffled <- FALSE
[18:04:10.559]                       if (inherits(cond, "message")) {
[18:04:10.559]                         muffled <- grepl(pattern, "muffleMessage")
[18:04:10.559]                         if (muffled) 
[18:04:10.559]                           invokeRestart("muffleMessage")
[18:04:10.559]                       }
[18:04:10.559]                       else if (inherits(cond, "warning")) {
[18:04:10.559]                         muffled <- grepl(pattern, "muffleWarning")
[18:04:10.559]                         if (muffled) 
[18:04:10.559]                           invokeRestart("muffleWarning")
[18:04:10.559]                       }
[18:04:10.559]                       else if (inherits(cond, "condition")) {
[18:04:10.559]                         if (!is.null(pattern)) {
[18:04:10.559]                           computeRestarts <- base::computeRestarts
[18:04:10.559]                           grepl <- base::grepl
[18:04:10.559]                           restarts <- computeRestarts(cond)
[18:04:10.559]                           for (restart in restarts) {
[18:04:10.559]                             name <- restart$name
[18:04:10.559]                             if (is.null(name)) 
[18:04:10.559]                               next
[18:04:10.559]                             if (!grepl(pattern, name)) 
[18:04:10.559]                               next
[18:04:10.559]                             invokeRestart(restart)
[18:04:10.559]                             muffled <- TRUE
[18:04:10.559]                             break
[18:04:10.559]                           }
[18:04:10.559]                         }
[18:04:10.559]                       }
[18:04:10.559]                       invisible(muffled)
[18:04:10.559]                     }
[18:04:10.559]                     muffleCondition(cond, pattern = "^muffle")
[18:04:10.559]                   }
[18:04:10.559]                 }
[18:04:10.559]             }
[18:04:10.559]         }))
[18:04:10.559]     }, error = function(ex) {
[18:04:10.559]         base::structure(base::list(value = NULL, visible = NULL, 
[18:04:10.559]             conditions = ...future.conditions, rng = !identical(base::globalenv()$.Random.seed, 
[18:04:10.559]                 ...future.rng), started = ...future.startTime, 
[18:04:10.559]             finished = Sys.time(), session_uuid = NA_character_, 
[18:04:10.559]             version = "1.8"), class = "FutureResult")
[18:04:10.559]     }, finally = {
[18:04:10.559]         if (!identical(...future.workdir, getwd())) 
[18:04:10.559]             setwd(...future.workdir)
[18:04:10.559]         {
[18:04:10.559]             if (identical(getOption("nwarnings"), ...future.oldOptions$nwarnings)) {
[18:04:10.559]                 ...future.oldOptions$nwarnings <- NULL
[18:04:10.559]             }
[18:04:10.559]             base::options(...future.oldOptions)
[18:04:10.559]             if (.Platform$OS.type == "windows") {
[18:04:10.559]                 old_names <- names(...future.oldEnvVars)
[18:04:10.559]                 envs <- base::Sys.getenv()
[18:04:10.559]                 names <- names(envs)
[18:04:10.559]                 common <- intersect(names, old_names)
[18:04:10.559]                 added <- setdiff(names, old_names)
[18:04:10.559]                 removed <- setdiff(old_names, names)
[18:04:10.559]                 changed <- common[...future.oldEnvVars[common] != 
[18:04:10.559]                   envs[common]]
[18:04:10.559]                 NAMES <- toupper(changed)
[18:04:10.559]                 args <- list()
[18:04:10.559]                 for (kk in seq_along(NAMES)) {
[18:04:10.559]                   name <- changed[[kk]]
[18:04:10.559]                   NAME <- NAMES[[kk]]
[18:04:10.559]                   if (name != NAME && is.element(NAME, old_names)) 
[18:04:10.559]                     next
[18:04:10.559]                   args[[name]] <- ...future.oldEnvVars[[name]]
[18:04:10.559]                 }
[18:04:10.559]                 NAMES <- toupper(added)
[18:04:10.559]                 for (kk in seq_along(NAMES)) {
[18:04:10.559]                   name <- added[[kk]]
[18:04:10.559]                   NAME <- NAMES[[kk]]
[18:04:10.559]                   if (name != NAME && is.element(NAME, old_names)) 
[18:04:10.559]                     next
[18:04:10.559]                   args[[name]] <- ""
[18:04:10.559]                 }
[18:04:10.559]                 NAMES <- toupper(removed)
[18:04:10.559]                 for (kk in seq_along(NAMES)) {
[18:04:10.559]                   name <- removed[[kk]]
[18:04:10.559]                   NAME <- NAMES[[kk]]
[18:04:10.559]                   if (name != NAME && is.element(NAME, old_names)) 
[18:04:10.559]                     next
[18:04:10.559]                   args[[name]] <- ...future.oldEnvVars[[name]]
[18:04:10.559]                 }
[18:04:10.559]                 if (length(args) > 0) 
[18:04:10.559]                   base::do.call(base::Sys.setenv, args = args)
[18:04:10.559]                 args <- names <- old_names <- NAMES <- envs <- common <- added <- removed <- NULL
[18:04:10.559]             }
[18:04:10.559]             else {
[18:04:10.559]                 base::do.call(base::Sys.setenv, args = base::as.list(...future.oldEnvVars))
[18:04:10.559]             }
[18:04:10.559]             {
[18:04:10.559]                 if (base::length(...future.futureOptionsAdded) > 
[18:04:10.559]                   0L) {
[18:04:10.559]                   opts <- base::vector("list", length = base::length(...future.futureOptionsAdded))
[18:04:10.559]                   base::names(opts) <- ...future.futureOptionsAdded
[18:04:10.559]                   base::options(opts)
[18:04:10.559]                 }
[18:04:10.559]                 {
[18:04:10.559]                   {
[18:04:10.559]                     NULL
[18:04:10.559]                     RNGkind("Mersenne-Twister")
[18:04:10.559]                     base::rm(list = ".Random.seed", envir = base::globalenv(), 
[18:04:10.559]                       inherits = FALSE)
[18:04:10.559]                   }
[18:04:10.559]                   options(future.plan = NULL)
[18:04:10.559]                   if (is.na(NA_character_)) 
[18:04:10.559]                     Sys.unsetenv("R_FUTURE_PLAN")
[18:04:10.559]                   else Sys.setenv(R_FUTURE_PLAN = NA_character_)
[18:04:10.559]                   future::plan(...future.strategy.old, .cleanup = FALSE, 
[18:04:10.559]                     .init = FALSE)
[18:04:10.559]                 }
[18:04:10.559]             }
[18:04:10.559]         }
[18:04:10.559]     })
[18:04:10.559]     if (TRUE) {
[18:04:10.559]         base::sink(type = "output", split = FALSE)
[18:04:10.559]         if (TRUE) {
[18:04:10.559]             ...future.result$stdout <- base::rawToChar(base::rawConnectionValue(...future.stdout))
[18:04:10.559]         }
[18:04:10.559]         else {
[18:04:10.559]             ...future.result["stdout"] <- base::list(NULL)
[18:04:10.559]         }
[18:04:10.559]         base::close(...future.stdout)
[18:04:10.559]         ...future.stdout <- NULL
[18:04:10.559]     }
[18:04:10.559]     ...future.result$conditions <- ...future.conditions
[18:04:10.559]     ...future.result$finished <- base::Sys.time()
[18:04:10.559]     ...future.result
[18:04:10.559] }
[18:04:10.563] plan(): Setting new future strategy stack:
[18:04:10.563] List of future strategies:
[18:04:10.563] 1. sequential:
[18:04:10.563]    - args: function (..., envir = parent.frame(), workers = "<NULL>")
[18:04:10.563]    - tweaked: FALSE
[18:04:10.563]    - call: NULL
[18:04:10.564] plan(): nbrOfWorkers() = 1
[18:04:10.566] plan(): Setting new future strategy stack:
[18:04:10.566] List of future strategies:
[18:04:10.566] 1. sequential:
[18:04:10.566]    - args: function (..., envir = parent.frame(), workers = "<NULL>")
[18:04:10.566]    - tweaked: FALSE
[18:04:10.566]    - call: future::plan("sequential")
[18:04:10.567] plan(): nbrOfWorkers() = 1
[18:04:10.567] SequentialFuture started (and completed)
[18:04:10.568] signalConditions() ...
[18:04:10.568]  - include = ‘immediateCondition’
[18:04:10.568]  - exclude = 
[18:04:10.569]  - resignal = FALSE
[18:04:10.569]  - Number of conditions: 1
[18:04:10.569] signalConditions() ... done
[18:04:10.569] - Launch lazy future ... done
[18:04:10.570] run() for ‘SequentialFuture’ ... done
> v <- value(f, signal = FALSE)
[18:04:10.570] signalConditions() ...
[18:04:10.570]  - include = ‘immediateCondition’
[18:04:10.571]  - exclude = 
[18:04:10.571]  - resignal = FALSE
[18:04:10.571]  - Number of conditions: 1
[18:04:10.571] signalConditions() ... done
> print(v)
<simpleError in eval(quote({    42L    stop("woops")}), new.env()): woops>
> ex <- FutureError(message = "Woops", future = f)
> print(ex)
<FutureError: Woops>


Future UUID: 10bd9b85-6c4a-ab28-398c-de3f0c5219d0


DEBUG: BEGIN TROUBLESHOOTING HELP
Future involved:
SequentialFuture:
Label: ‘<none>’
Expression:
{
    42L
    stop("woops")
}
Lazy evaluation: FALSE
Asynchronous evaluation: FALSE
Local evaluation: TRUE
Environment: R_GlobalEnv
Capture standard output: TRUE
Capture condition classes: ‘condition’ (excluding ‘nothing’)
Globals: <none>
Packages: <none>
L'Ecuyer-CMRG RNG seed: <none> (seed = FALSE)
Resolved: TRUE
Value: 0 bytes of class ‘NULL’
Conditions captured: [n=1] ‘simpleError’
Early signaling: FALSE
Owner process: 4e7240e3-2283-e330-8007-92322c5d14f9
Class: ‘SequentialFuture’, ‘UniprocessFuture’, ‘Future’, ‘environment’

DEBUG: END TROUBLESHOOTING HELP
> 
> message("*** FutureError class ... DONE")
*** FutureError class ... DONE
> 
> source("incl/end.R")
[18:04:10.575] plan(): Setting new future strategy stack:
[18:04:10.575] List of future strategies:
[18:04:10.575] 1. FutureStrategy:
[18:04:10.575]    - args: function (..., envir = parent.frame(), workers = "<NULL>")
[18:04:10.575]    - tweaked: FALSE
[18:04:10.575]    - call: future::plan(oplan)
[18:04:10.603] plan(): nbrOfWorkers() = 1
> 
