
R version 4.4.0 (2024-04-24) -- "Puppy Cup"
Copyright (C) 2024 The R Foundation for Statistical Computing
Platform: x86_64-pc-linux-gnu

R is free software and comes with ABSOLUTELY NO WARRANTY.
You are welcome to redistribute it under certain conditions.
Type 'license()' or 'licence()' for distribution details.

R is a collaborative project with many contributors.
Type 'contributors()' for more information and
'citation()' on how to cite R or R packages in publications.

Type 'demo()' for some demos, 'help()' for on-line help, or
'help.start()' for an HTML browser interface to help.
Type 'q()' to quit R.

> source("incl/start.R")
[18:04:11.512] plan(): Setting new future strategy stack:
[18:04:11.513] List of future strategies:
[18:04:11.513] 1. sequential:
[18:04:11.513]    - args: function (..., envir = parent.frame(), workers = "<NULL>")
[18:04:11.513]    - tweaked: FALSE
[18:04:11.513]    - call: future::plan("sequential")
[18:04:11.536] plan(): nbrOfWorkers() = 1
> 
> suppressWarnings(rm(list = c("x", "z")))
> 
> message("*** futureOf() with environment ...")
*** futureOf() with environment ...
> 
> message("*** futureOf() with environment - future assignments ...")
*** futureOf() with environment - future assignments ...
> 
> x <- new.env()
> x$a %<-% { 1 }
[18:04:11.560] getGlobalsAndPackages() ...
[18:04:11.561] Searching for globals...
[18:04:11.566] - globals found: [1] ‘{’
[18:04:11.566] Searching for globals ... DONE
[18:04:11.566] Resolving globals: FALSE
[18:04:11.567] 
[18:04:11.567] 
[18:04:11.568] getGlobalsAndPackages() ... DONE
[18:04:11.569] run() for ‘Future’ ...
[18:04:11.569] - state: ‘created’
[18:04:11.569] - Future backend: ‘FutureStrategy’, ‘sequential’, ‘uniprocess’, ‘future’, ‘function’
[18:04:11.570] - Future class: ‘SequentialFuture’, ‘UniprocessFuture’, ‘Future’, ‘environment’
[18:04:11.570] - Copy elements of temporary ‘SequentialFuture’ to final ‘Future’ object ...
[18:04:11.570]   - Field: ‘label’
[18:04:11.571]   - Field: ‘local’
[18:04:11.571]   - Field: ‘owner’
[18:04:11.571]   - Field: ‘envir’
[18:04:11.571]   - Field: ‘packages’
[18:04:11.571]   - Field: ‘gc’
[18:04:11.572]   - Field: ‘conditions’
[18:04:11.572]   - Field: ‘expr’
[18:04:11.572]   - Field: ‘uuid’
[18:04:11.572]   - Field: ‘seed’
[18:04:11.572]   - Field: ‘version’
[18:04:11.573]   - Field: ‘result’
[18:04:11.573]   - Field: ‘asynchronous’
[18:04:11.573]   - Field: ‘calls’
[18:04:11.573]   - Field: ‘globals’
[18:04:11.573]   - Field: ‘stdout’
[18:04:11.574]   - Field: ‘earlySignal’
[18:04:11.574]   - Field: ‘lazy’
[18:04:11.574]   - Field: ‘state’
[18:04:11.574] - Copy elements of temporary ‘SequentialFuture’ to final ‘Future’ object ... done
[18:04:11.574] - Launch lazy future ...
[18:04:11.576] Packages needed by the future expression (n = 0): <none>
[18:04:11.576] Packages needed by future strategies (n = 0): <none>
[18:04:11.577] {
[18:04:11.577]     {
[18:04:11.577]         {
[18:04:11.577]             ...future.startTime <- base::Sys.time()
[18:04:11.577]             {
[18:04:11.577]                 {
[18:04:11.577]                   {
[18:04:11.577]                     base::local({
[18:04:11.577]                       has_future <- base::requireNamespace("future", 
[18:04:11.577]                         quietly = TRUE)
[18:04:11.577]                       if (has_future) {
[18:04:11.577]                         ns <- base::getNamespace("future")
[18:04:11.577]                         version <- ns[[".package"]][["version"]]
[18:04:11.577]                         if (is.null(version)) 
[18:04:11.577]                           version <- utils::packageVersion("future")
[18:04:11.577]                       }
[18:04:11.577]                       else {
[18:04:11.577]                         version <- NULL
[18:04:11.577]                       }
[18:04:11.577]                       if (!has_future || version < "1.8.0") {
[18:04:11.577]                         info <- base::c(r_version = base::gsub("R version ", 
[18:04:11.577]                           "", base::R.version$version.string), 
[18:04:11.577]                           platform = base::sprintf("%s (%s-bit)", 
[18:04:11.577]                             base::R.version$platform, 8 * base::.Machine$sizeof.pointer), 
[18:04:11.577]                           os = base::paste(base::Sys.info()[base::c("sysname", 
[18:04:11.577]                             "release", "version")], collapse = " "), 
[18:04:11.577]                           hostname = base::Sys.info()[["nodename"]])
[18:04:11.577]                         info <- base::sprintf("%s: %s", base::names(info), 
[18:04:11.577]                           info)
[18:04:11.577]                         info <- base::paste(info, collapse = "; ")
[18:04:11.577]                         if (!has_future) {
[18:04:11.577]                           msg <- base::sprintf("Package 'future' is not installed on worker (%s)", 
[18:04:11.577]                             info)
[18:04:11.577]                         }
[18:04:11.577]                         else {
[18:04:11.577]                           msg <- base::sprintf("Package 'future' on worker (%s) must be of version >= 1.8.0: %s", 
[18:04:11.577]                             info, version)
[18:04:11.577]                         }
[18:04:11.577]                         base::stop(msg)
[18:04:11.577]                       }
[18:04:11.577]                     })
[18:04:11.577]                   }
[18:04:11.577]                   ...future.strategy.old <- future::plan("list")
[18:04:11.577]                   options(future.plan = NULL)
[18:04:11.577]                   Sys.unsetenv("R_FUTURE_PLAN")
[18:04:11.577]                   future::plan("default", .cleanup = FALSE, .init = FALSE)
[18:04:11.577]                 }
[18:04:11.577]                 ...future.workdir <- getwd()
[18:04:11.577]             }
[18:04:11.577]             ...future.oldOptions <- base::as.list(base::.Options)
[18:04:11.577]             ...future.oldEnvVars <- base::Sys.getenv()
[18:04:11.577]         }
[18:04:11.577]         base::options(future.startup.script = FALSE, future.globals.onMissing = NULL, 
[18:04:11.577]             future.globals.maxSize = NULL, future.globals.method = NULL, 
[18:04:11.577]             future.globals.onMissing = NULL, future.globals.onReference = NULL, 
[18:04:11.577]             future.globals.resolve = NULL, future.resolve.recursive = NULL, 
[18:04:11.577]             future.rng.onMisuse = NULL, future.rng.onMisuse.keepFuture = NULL, 
[18:04:11.577]             future.stdout.windows.reencode = NULL, width = 80L)
[18:04:11.577]         ...future.futureOptionsAdded <- base::setdiff(base::names(base::.Options), 
[18:04:11.577]             base::names(...future.oldOptions))
[18:04:11.577]     }
[18:04:11.577]     if (FALSE) {
[18:04:11.577]     }
[18:04:11.577]     else {
[18:04:11.577]         if (TRUE) {
[18:04:11.577]             ...future.stdout <- base::rawConnection(base::raw(0L), 
[18:04:11.577]                 open = "w")
[18:04:11.577]         }
[18:04:11.577]         else {
[18:04:11.577]             ...future.stdout <- base::file(base::switch(.Platform$OS.type, 
[18:04:11.577]                 windows = "NUL", "/dev/null"), open = "w")
[18:04:11.577]         }
[18:04:11.577]         base::sink(...future.stdout, type = "output", split = FALSE)
[18:04:11.577]         base::on.exit(if (!base::is.null(...future.stdout)) {
[18:04:11.577]             base::sink(type = "output", split = FALSE)
[18:04:11.577]             base::close(...future.stdout)
[18:04:11.577]         }, add = TRUE)
[18:04:11.577]     }
[18:04:11.577]     ...future.frame <- base::sys.nframe()
[18:04:11.577]     ...future.conditions <- base::list()
[18:04:11.577]     ...future.rng <- base::globalenv()$.Random.seed
[18:04:11.577]     if (FALSE) {
[18:04:11.577]         ...future.globalenv.names <- c(base::names(base::.GlobalEnv), 
[18:04:11.577]             "...future.value", "...future.globalenv.names", ".Random.seed")
[18:04:11.577]     }
[18:04:11.577]     ...future.result <- base::tryCatch({
[18:04:11.577]         base::withCallingHandlers({
[18:04:11.577]             ...future.value <- base::withVisible(base::local({
[18:04:11.577]                 1
[18:04:11.577]             }))
[18:04:11.577]             future::FutureResult(value = ...future.value$value, 
[18:04:11.577]                 visible = ...future.value$visible, rng = !identical(base::globalenv()$.Random.seed, 
[18:04:11.577]                   ...future.rng), globalenv = if (FALSE) 
[18:04:11.577]                   list(added = base::setdiff(base::names(base::.GlobalEnv), 
[18:04:11.577]                     ...future.globalenv.names))
[18:04:11.577]                 else NULL, started = ...future.startTime, version = "1.8")
[18:04:11.577]         }, condition = base::local({
[18:04:11.577]             c <- base::c
[18:04:11.577]             inherits <- base::inherits
[18:04:11.577]             invokeRestart <- base::invokeRestart
[18:04:11.577]             length <- base::length
[18:04:11.577]             list <- base::list
[18:04:11.577]             seq.int <- base::seq.int
[18:04:11.577]             signalCondition <- base::signalCondition
[18:04:11.577]             sys.calls <- base::sys.calls
[18:04:11.577]             `[[` <- base::`[[`
[18:04:11.577]             `+` <- base::`+`
[18:04:11.577]             `<<-` <- base::`<<-`
[18:04:11.577]             sysCalls <- function(calls = sys.calls(), from = 1L) {
[18:04:11.577]                 calls[seq.int(from = from + 12L, to = length(calls) - 
[18:04:11.577]                   3L)]
[18:04:11.577]             }
[18:04:11.577]             function(cond) {
[18:04:11.577]                 is_error <- inherits(cond, "error")
[18:04:11.577]                 ignore <- !is_error && !is.null(NULL) && inherits(cond, 
[18:04:11.577]                   NULL)
[18:04:11.577]                 if (is_error) {
[18:04:11.577]                   sessionInformation <- function() {
[18:04:11.577]                     list(r = base::R.Version(), locale = base::Sys.getlocale(), 
[18:04:11.577]                       rngkind = base::RNGkind(), namespaces = base::loadedNamespaces(), 
[18:04:11.577]                       search = base::search(), system = base::Sys.info())
[18:04:11.577]                   }
[18:04:11.577]                   ...future.conditions[[length(...future.conditions) + 
[18:04:11.577]                     1L]] <<- list(condition = cond, calls = c(sysCalls(from = ...future.frame), 
[18:04:11.577]                     cond$call), session = sessionInformation(), 
[18:04:11.577]                     timestamp = base::Sys.time(), signaled = 0L)
[18:04:11.577]                   signalCondition(cond)
[18:04:11.577]                 }
[18:04:11.577]                 else if (!ignore && TRUE && inherits(cond, c("condition", 
[18:04:11.577]                 "immediateCondition"))) {
[18:04:11.577]                   signal <- TRUE && inherits(cond, "immediateCondition")
[18:04:11.577]                   ...future.conditions[[length(...future.conditions) + 
[18:04:11.577]                     1L]] <<- list(condition = cond, signaled = base::as.integer(signal))
[18:04:11.577]                   if (TRUE && !signal) {
[18:04:11.577]                     muffleCondition <- function (cond, pattern = "^muffle") 
[18:04:11.577]                     {
[18:04:11.577]                       inherits <- base::inherits
[18:04:11.577]                       invokeRestart <- base::invokeRestart
[18:04:11.577]                       is.null <- base::is.null
[18:04:11.577]                       muffled <- FALSE
[18:04:11.577]                       if (inherits(cond, "message")) {
[18:04:11.577]                         muffled <- grepl(pattern, "muffleMessage")
[18:04:11.577]                         if (muffled) 
[18:04:11.577]                           invokeRestart("muffleMessage")
[18:04:11.577]                       }
[18:04:11.577]                       else if (inherits(cond, "warning")) {
[18:04:11.577]                         muffled <- grepl(pattern, "muffleWarning")
[18:04:11.577]                         if (muffled) 
[18:04:11.577]                           invokeRestart("muffleWarning")
[18:04:11.577]                       }
[18:04:11.577]                       else if (inherits(cond, "condition")) {
[18:04:11.577]                         if (!is.null(pattern)) {
[18:04:11.577]                           computeRestarts <- base::computeRestarts
[18:04:11.577]                           grepl <- base::grepl
[18:04:11.577]                           restarts <- computeRestarts(cond)
[18:04:11.577]                           for (restart in restarts) {
[18:04:11.577]                             name <- restart$name
[18:04:11.577]                             if (is.null(name)) 
[18:04:11.577]                               next
[18:04:11.577]                             if (!grepl(pattern, name)) 
[18:04:11.577]                               next
[18:04:11.577]                             invokeRestart(restart)
[18:04:11.577]                             muffled <- TRUE
[18:04:11.577]                             break
[18:04:11.577]                           }
[18:04:11.577]                         }
[18:04:11.577]                       }
[18:04:11.577]                       invisible(muffled)
[18:04:11.577]                     }
[18:04:11.577]                     muffleCondition(cond, pattern = "^muffle")
[18:04:11.577]                   }
[18:04:11.577]                 }
[18:04:11.577]                 else {
[18:04:11.577]                   if (TRUE) {
[18:04:11.577]                     muffleCondition <- function (cond, pattern = "^muffle") 
[18:04:11.577]                     {
[18:04:11.577]                       inherits <- base::inherits
[18:04:11.577]                       invokeRestart <- base::invokeRestart
[18:04:11.577]                       is.null <- base::is.null
[18:04:11.577]                       muffled <- FALSE
[18:04:11.577]                       if (inherits(cond, "message")) {
[18:04:11.577]                         muffled <- grepl(pattern, "muffleMessage")
[18:04:11.577]                         if (muffled) 
[18:04:11.577]                           invokeRestart("muffleMessage")
[18:04:11.577]                       }
[18:04:11.577]                       else if (inherits(cond, "warning")) {
[18:04:11.577]                         muffled <- grepl(pattern, "muffleWarning")
[18:04:11.577]                         if (muffled) 
[18:04:11.577]                           invokeRestart("muffleWarning")
[18:04:11.577]                       }
[18:04:11.577]                       else if (inherits(cond, "condition")) {
[18:04:11.577]                         if (!is.null(pattern)) {
[18:04:11.577]                           computeRestarts <- base::computeRestarts
[18:04:11.577]                           grepl <- base::grepl
[18:04:11.577]                           restarts <- computeRestarts(cond)
[18:04:11.577]                           for (restart in restarts) {
[18:04:11.577]                             name <- restart$name
[18:04:11.577]                             if (is.null(name)) 
[18:04:11.577]                               next
[18:04:11.577]                             if (!grepl(pattern, name)) 
[18:04:11.577]                               next
[18:04:11.577]                             invokeRestart(restart)
[18:04:11.577]                             muffled <- TRUE
[18:04:11.577]                             break
[18:04:11.577]                           }
[18:04:11.577]                         }
[18:04:11.577]                       }
[18:04:11.577]                       invisible(muffled)
[18:04:11.577]                     }
[18:04:11.577]                     muffleCondition(cond, pattern = "^muffle")
[18:04:11.577]                   }
[18:04:11.577]                 }
[18:04:11.577]             }
[18:04:11.577]         }))
[18:04:11.577]     }, error = function(ex) {
[18:04:11.577]         base::structure(base::list(value = NULL, visible = NULL, 
[18:04:11.577]             conditions = ...future.conditions, rng = !identical(base::globalenv()$.Random.seed, 
[18:04:11.577]                 ...future.rng), started = ...future.startTime, 
[18:04:11.577]             finished = Sys.time(), session_uuid = NA_character_, 
[18:04:11.577]             version = "1.8"), class = "FutureResult")
[18:04:11.577]     }, finally = {
[18:04:11.577]         if (!identical(...future.workdir, getwd())) 
[18:04:11.577]             setwd(...future.workdir)
[18:04:11.577]         {
[18:04:11.577]             if (identical(getOption("nwarnings"), ...future.oldOptions$nwarnings)) {
[18:04:11.577]                 ...future.oldOptions$nwarnings <- NULL
[18:04:11.577]             }
[18:04:11.577]             base::options(...future.oldOptions)
[18:04:11.577]             if (.Platform$OS.type == "windows") {
[18:04:11.577]                 old_names <- names(...future.oldEnvVars)
[18:04:11.577]                 envs <- base::Sys.getenv()
[18:04:11.577]                 names <- names(envs)
[18:04:11.577]                 common <- intersect(names, old_names)
[18:04:11.577]                 added <- setdiff(names, old_names)
[18:04:11.577]                 removed <- setdiff(old_names, names)
[18:04:11.577]                 changed <- common[...future.oldEnvVars[common] != 
[18:04:11.577]                   envs[common]]
[18:04:11.577]                 NAMES <- toupper(changed)
[18:04:11.577]                 args <- list()
[18:04:11.577]                 for (kk in seq_along(NAMES)) {
[18:04:11.577]                   name <- changed[[kk]]
[18:04:11.577]                   NAME <- NAMES[[kk]]
[18:04:11.577]                   if (name != NAME && is.element(NAME, old_names)) 
[18:04:11.577]                     next
[18:04:11.577]                   args[[name]] <- ...future.oldEnvVars[[name]]
[18:04:11.577]                 }
[18:04:11.577]                 NAMES <- toupper(added)
[18:04:11.577]                 for (kk in seq_along(NAMES)) {
[18:04:11.577]                   name <- added[[kk]]
[18:04:11.577]                   NAME <- NAMES[[kk]]
[18:04:11.577]                   if (name != NAME && is.element(NAME, old_names)) 
[18:04:11.577]                     next
[18:04:11.577]                   args[[name]] <- ""
[18:04:11.577]                 }
[18:04:11.577]                 NAMES <- toupper(removed)
[18:04:11.577]                 for (kk in seq_along(NAMES)) {
[18:04:11.577]                   name <- removed[[kk]]
[18:04:11.577]                   NAME <- NAMES[[kk]]
[18:04:11.577]                   if (name != NAME && is.element(NAME, old_names)) 
[18:04:11.577]                     next
[18:04:11.577]                   args[[name]] <- ...future.oldEnvVars[[name]]
[18:04:11.577]                 }
[18:04:11.577]                 if (length(args) > 0) 
[18:04:11.577]                   base::do.call(base::Sys.setenv, args = args)
[18:04:11.577]                 args <- names <- old_names <- NAMES <- envs <- common <- added <- removed <- NULL
[18:04:11.577]             }
[18:04:11.577]             else {
[18:04:11.577]                 base::do.call(base::Sys.setenv, args = base::as.list(...future.oldEnvVars))
[18:04:11.577]             }
[18:04:11.577]             {
[18:04:11.577]                 if (base::length(...future.futureOptionsAdded) > 
[18:04:11.577]                   0L) {
[18:04:11.577]                   opts <- base::vector("list", length = base::length(...future.futureOptionsAdded))
[18:04:11.577]                   base::names(opts) <- ...future.futureOptionsAdded
[18:04:11.577]                   base::options(opts)
[18:04:11.577]                 }
[18:04:11.577]                 {
[18:04:11.577]                   {
[18:04:11.577]                     NULL
[18:04:11.577]                     RNGkind("Mersenne-Twister")
[18:04:11.577]                     base::rm(list = ".Random.seed", envir = base::globalenv(), 
[18:04:11.577]                       inherits = FALSE)
[18:04:11.577]                   }
[18:04:11.577]                   options(future.plan = NULL)
[18:04:11.577]                   if (is.na(NA_character_)) 
[18:04:11.577]                     Sys.unsetenv("R_FUTURE_PLAN")
[18:04:11.577]                   else Sys.setenv(R_FUTURE_PLAN = NA_character_)
[18:04:11.577]                   future::plan(...future.strategy.old, .cleanup = FALSE, 
[18:04:11.577]                     .init = FALSE)
[18:04:11.577]                 }
[18:04:11.577]             }
[18:04:11.577]         }
[18:04:11.577]     })
[18:04:11.577]     if (TRUE) {
[18:04:11.577]         base::sink(type = "output", split = FALSE)
[18:04:11.577]         if (TRUE) {
[18:04:11.577]             ...future.result$stdout <- base::rawToChar(base::rawConnectionValue(...future.stdout))
[18:04:11.577]         }
[18:04:11.577]         else {
[18:04:11.577]             ...future.result["stdout"] <- base::list(NULL)
[18:04:11.577]         }
[18:04:11.577]         base::close(...future.stdout)
[18:04:11.577]         ...future.stdout <- NULL
[18:04:11.577]     }
[18:04:11.577]     ...future.result$conditions <- ...future.conditions
[18:04:11.577]     ...future.result$finished <- base::Sys.time()
[18:04:11.577]     ...future.result
[18:04:11.577] }
[18:04:11.581] plan(): Setting new future strategy stack:
[18:04:11.581] List of future strategies:
[18:04:11.581] 1. sequential:
[18:04:11.581]    - args: function (..., envir = parent.frame(), workers = "<NULL>")
[18:04:11.581]    - tweaked: FALSE
[18:04:11.581]    - call: NULL
[18:04:11.583] plan(): nbrOfWorkers() = 1
[18:04:11.585] plan(): Setting new future strategy stack:
[18:04:11.585] List of future strategies:
[18:04:11.585] 1. sequential:
[18:04:11.585]    - args: function (..., envir = parent.frame(), workers = "<NULL>")
[18:04:11.585]    - tweaked: FALSE
[18:04:11.585]    - call: future::plan("sequential")
[18:04:11.586] plan(): nbrOfWorkers() = 1
[18:04:11.586] SequentialFuture started (and completed)
[18:04:11.587] - Launch lazy future ... done
[18:04:11.587] run() for ‘SequentialFuture’ ... done
> 
> f1 <- futureOf("a", envir = x)
> print(f1)
SequentialFuture:
Label: ‘<none>’
Expression:
{
    1
}
Lazy evaluation: FALSE
Asynchronous evaluation: FALSE
Local evaluation: TRUE
Environment: R_GlobalEnv
Capture standard output: TRUE
Capture condition classes: ‘condition’ (excluding ‘nothing’)
Globals: <none>
Packages: <none>
L'Ecuyer-CMRG RNG seed: <none> (seed = FALSE)
Resolved: TRUE
Value: 56 bytes of class ‘numeric’
Early signaling: FALSE
Owner process: 9c5cda46-198d-cfed-d618-db429d6cdb11
Class: ‘SequentialFuture’, ‘UniprocessFuture’, ‘Future’, ‘environment’
> f2 <- futureOf(a, envir = x)
> f3 <- futureOf(x[["a"]])
> f4 <- futureOf(x$a)
> stopifnot(identical(f2, f1), identical(f3, f1), identical(f4, f1))
> 
> ## Identify all futures
> fs <- futureOf(envir = x)
> print(fs)
$a
SequentialFuture:
Label: ‘<none>’
Expression:
{
    1
}
Lazy evaluation: FALSE
Asynchronous evaluation: FALSE
Local evaluation: TRUE
Environment: R_GlobalEnv
Capture standard output: TRUE
Capture condition classes: ‘condition’ (excluding ‘nothing’)
Globals: <none>
Packages: <none>
L'Ecuyer-CMRG RNG seed: <none> (seed = FALSE)
Resolved: TRUE
Value: 56 bytes of class ‘numeric’
Early signaling: FALSE
Owner process: 9c5cda46-198d-cfed-d618-db429d6cdb11
Class: ‘SequentialFuture’, ‘UniprocessFuture’, ‘Future’, ‘environment’

> stopifnot(identical(names(fs), c("a")))
> stopifnot(identical(fs$a, f1))
> 
> fsD <- futureOf(envir = x, drop = TRUE)
> print(fsD)
$a
SequentialFuture:
Label: ‘<none>’
Expression:
{
    1
}
Lazy evaluation: FALSE
Asynchronous evaluation: FALSE
Local evaluation: TRUE
Environment: R_GlobalEnv
Capture standard output: TRUE
Capture condition classes: ‘condition’ (excluding ‘nothing’)
Globals: <none>
Packages: <none>
L'Ecuyer-CMRG RNG seed: <none> (seed = FALSE)
Resolved: TRUE
Value: 56 bytes of class ‘numeric’
Early signaling: FALSE
Owner process: 9c5cda46-198d-cfed-d618-db429d6cdb11
Class: ‘SequentialFuture’, ‘UniprocessFuture’, ‘Future’, ‘environment’

> stopifnot(all(sapply(fsD, FUN = inherits, "Future")))
> stopifnot(identical(fsD, fs))
> 
> message("*** futureOf() with environment - future assignments ... DONE")
*** futureOf() with environment - future assignments ... DONE
> 
> 
> message("*** futureOf() with environment - futures ...")
*** futureOf() with environment - futures ...
> 
> x <- new.env()
> x$a <- future({ 1 })
[18:04:11.593] getGlobalsAndPackages() ...
[18:04:11.593] Searching for globals...
[18:04:11.594] - globals found: [1] ‘{’
[18:04:11.595] Searching for globals ... DONE
[18:04:11.595] Resolving globals: FALSE
[18:04:11.595] 
[18:04:11.596] 
[18:04:11.596] getGlobalsAndPackages() ... DONE
[18:04:11.596] run() for ‘Future’ ...
[18:04:11.596] - state: ‘created’
[18:04:11.597] - Future backend: ‘FutureStrategy’, ‘sequential’, ‘uniprocess’, ‘future’, ‘function’
[18:04:11.597] - Future class: ‘SequentialFuture’, ‘UniprocessFuture’, ‘Future’, ‘environment’
[18:04:11.597] - Copy elements of temporary ‘SequentialFuture’ to final ‘Future’ object ...
[18:04:11.598]   - Field: ‘label’
[18:04:11.598]   - Field: ‘local’
[18:04:11.598]   - Field: ‘owner’
[18:04:11.598]   - Field: ‘envir’
[18:04:11.598]   - Field: ‘packages’
[18:04:11.599]   - Field: ‘gc’
[18:04:11.599]   - Field: ‘conditions’
[18:04:11.599]   - Field: ‘expr’
[18:04:11.599]   - Field: ‘uuid’
[18:04:11.599]   - Field: ‘seed’
[18:04:11.600]   - Field: ‘version’
[18:04:11.600]   - Field: ‘result’
[18:04:11.600]   - Field: ‘asynchronous’
[18:04:11.600]   - Field: ‘calls’
[18:04:11.600]   - Field: ‘globals’
[18:04:11.601]   - Field: ‘stdout’
[18:04:11.601]   - Field: ‘earlySignal’
[18:04:11.601]   - Field: ‘lazy’
[18:04:11.601]   - Field: ‘state’
[18:04:11.601] - Copy elements of temporary ‘SequentialFuture’ to final ‘Future’ object ... done
[18:04:11.602] - Launch lazy future ...
[18:04:11.602] Packages needed by the future expression (n = 0): <none>
[18:04:11.602] Packages needed by future strategies (n = 0): <none>
[18:04:11.603] {
[18:04:11.603]     {
[18:04:11.603]         {
[18:04:11.603]             ...future.startTime <- base::Sys.time()
[18:04:11.603]             {
[18:04:11.603]                 {
[18:04:11.603]                   {
[18:04:11.603]                     base::local({
[18:04:11.603]                       has_future <- base::requireNamespace("future", 
[18:04:11.603]                         quietly = TRUE)
[18:04:11.603]                       if (has_future) {
[18:04:11.603]                         ns <- base::getNamespace("future")
[18:04:11.603]                         version <- ns[[".package"]][["version"]]
[18:04:11.603]                         if (is.null(version)) 
[18:04:11.603]                           version <- utils::packageVersion("future")
[18:04:11.603]                       }
[18:04:11.603]                       else {
[18:04:11.603]                         version <- NULL
[18:04:11.603]                       }
[18:04:11.603]                       if (!has_future || version < "1.8.0") {
[18:04:11.603]                         info <- base::c(r_version = base::gsub("R version ", 
[18:04:11.603]                           "", base::R.version$version.string), 
[18:04:11.603]                           platform = base::sprintf("%s (%s-bit)", 
[18:04:11.603]                             base::R.version$platform, 8 * base::.Machine$sizeof.pointer), 
[18:04:11.603]                           os = base::paste(base::Sys.info()[base::c("sysname", 
[18:04:11.603]                             "release", "version")], collapse = " "), 
[18:04:11.603]                           hostname = base::Sys.info()[["nodename"]])
[18:04:11.603]                         info <- base::sprintf("%s: %s", base::names(info), 
[18:04:11.603]                           info)
[18:04:11.603]                         info <- base::paste(info, collapse = "; ")
[18:04:11.603]                         if (!has_future) {
[18:04:11.603]                           msg <- base::sprintf("Package 'future' is not installed on worker (%s)", 
[18:04:11.603]                             info)
[18:04:11.603]                         }
[18:04:11.603]                         else {
[18:04:11.603]                           msg <- base::sprintf("Package 'future' on worker (%s) must be of version >= 1.8.0: %s", 
[18:04:11.603]                             info, version)
[18:04:11.603]                         }
[18:04:11.603]                         base::stop(msg)
[18:04:11.603]                       }
[18:04:11.603]                     })
[18:04:11.603]                   }
[18:04:11.603]                   ...future.strategy.old <- future::plan("list")
[18:04:11.603]                   options(future.plan = NULL)
[18:04:11.603]                   Sys.unsetenv("R_FUTURE_PLAN")
[18:04:11.603]                   future::plan("default", .cleanup = FALSE, .init = FALSE)
[18:04:11.603]                 }
[18:04:11.603]                 ...future.workdir <- getwd()
[18:04:11.603]             }
[18:04:11.603]             ...future.oldOptions <- base::as.list(base::.Options)
[18:04:11.603]             ...future.oldEnvVars <- base::Sys.getenv()
[18:04:11.603]         }
[18:04:11.603]         base::options(future.startup.script = FALSE, future.globals.onMissing = NULL, 
[18:04:11.603]             future.globals.maxSize = NULL, future.globals.method = NULL, 
[18:04:11.603]             future.globals.onMissing = NULL, future.globals.onReference = NULL, 
[18:04:11.603]             future.globals.resolve = NULL, future.resolve.recursive = NULL, 
[18:04:11.603]             future.rng.onMisuse = NULL, future.rng.onMisuse.keepFuture = NULL, 
[18:04:11.603]             future.stdout.windows.reencode = NULL, width = 80L)
[18:04:11.603]         ...future.futureOptionsAdded <- base::setdiff(base::names(base::.Options), 
[18:04:11.603]             base::names(...future.oldOptions))
[18:04:11.603]     }
[18:04:11.603]     if (FALSE) {
[18:04:11.603]     }
[18:04:11.603]     else {
[18:04:11.603]         if (TRUE) {
[18:04:11.603]             ...future.stdout <- base::rawConnection(base::raw(0L), 
[18:04:11.603]                 open = "w")
[18:04:11.603]         }
[18:04:11.603]         else {
[18:04:11.603]             ...future.stdout <- base::file(base::switch(.Platform$OS.type, 
[18:04:11.603]                 windows = "NUL", "/dev/null"), open = "w")
[18:04:11.603]         }
[18:04:11.603]         base::sink(...future.stdout, type = "output", split = FALSE)
[18:04:11.603]         base::on.exit(if (!base::is.null(...future.stdout)) {
[18:04:11.603]             base::sink(type = "output", split = FALSE)
[18:04:11.603]             base::close(...future.stdout)
[18:04:11.603]         }, add = TRUE)
[18:04:11.603]     }
[18:04:11.603]     ...future.frame <- base::sys.nframe()
[18:04:11.603]     ...future.conditions <- base::list()
[18:04:11.603]     ...future.rng <- base::globalenv()$.Random.seed
[18:04:11.603]     if (FALSE) {
[18:04:11.603]         ...future.globalenv.names <- c(base::names(base::.GlobalEnv), 
[18:04:11.603]             "...future.value", "...future.globalenv.names", ".Random.seed")
[18:04:11.603]     }
[18:04:11.603]     ...future.result <- base::tryCatch({
[18:04:11.603]         base::withCallingHandlers({
[18:04:11.603]             ...future.value <- base::withVisible(base::local({
[18:04:11.603]                 1
[18:04:11.603]             }))
[18:04:11.603]             future::FutureResult(value = ...future.value$value, 
[18:04:11.603]                 visible = ...future.value$visible, rng = !identical(base::globalenv()$.Random.seed, 
[18:04:11.603]                   ...future.rng), globalenv = if (FALSE) 
[18:04:11.603]                   list(added = base::setdiff(base::names(base::.GlobalEnv), 
[18:04:11.603]                     ...future.globalenv.names))
[18:04:11.603]                 else NULL, started = ...future.startTime, version = "1.8")
[18:04:11.603]         }, condition = base::local({
[18:04:11.603]             c <- base::c
[18:04:11.603]             inherits <- base::inherits
[18:04:11.603]             invokeRestart <- base::invokeRestart
[18:04:11.603]             length <- base::length
[18:04:11.603]             list <- base::list
[18:04:11.603]             seq.int <- base::seq.int
[18:04:11.603]             signalCondition <- base::signalCondition
[18:04:11.603]             sys.calls <- base::sys.calls
[18:04:11.603]             `[[` <- base::`[[`
[18:04:11.603]             `+` <- base::`+`
[18:04:11.603]             `<<-` <- base::`<<-`
[18:04:11.603]             sysCalls <- function(calls = sys.calls(), from = 1L) {
[18:04:11.603]                 calls[seq.int(from = from + 12L, to = length(calls) - 
[18:04:11.603]                   3L)]
[18:04:11.603]             }
[18:04:11.603]             function(cond) {
[18:04:11.603]                 is_error <- inherits(cond, "error")
[18:04:11.603]                 ignore <- !is_error && !is.null(NULL) && inherits(cond, 
[18:04:11.603]                   NULL)
[18:04:11.603]                 if (is_error) {
[18:04:11.603]                   sessionInformation <- function() {
[18:04:11.603]                     list(r = base::R.Version(), locale = base::Sys.getlocale(), 
[18:04:11.603]                       rngkind = base::RNGkind(), namespaces = base::loadedNamespaces(), 
[18:04:11.603]                       search = base::search(), system = base::Sys.info())
[18:04:11.603]                   }
[18:04:11.603]                   ...future.conditions[[length(...future.conditions) + 
[18:04:11.603]                     1L]] <<- list(condition = cond, calls = c(sysCalls(from = ...future.frame), 
[18:04:11.603]                     cond$call), session = sessionInformation(), 
[18:04:11.603]                     timestamp = base::Sys.time(), signaled = 0L)
[18:04:11.603]                   signalCondition(cond)
[18:04:11.603]                 }
[18:04:11.603]                 else if (!ignore && TRUE && inherits(cond, c("condition", 
[18:04:11.603]                 "immediateCondition"))) {
[18:04:11.603]                   signal <- TRUE && inherits(cond, "immediateCondition")
[18:04:11.603]                   ...future.conditions[[length(...future.conditions) + 
[18:04:11.603]                     1L]] <<- list(condition = cond, signaled = base::as.integer(signal))
[18:04:11.603]                   if (TRUE && !signal) {
[18:04:11.603]                     muffleCondition <- function (cond, pattern = "^muffle") 
[18:04:11.603]                     {
[18:04:11.603]                       inherits <- base::inherits
[18:04:11.603]                       invokeRestart <- base::invokeRestart
[18:04:11.603]                       is.null <- base::is.null
[18:04:11.603]                       muffled <- FALSE
[18:04:11.603]                       if (inherits(cond, "message")) {
[18:04:11.603]                         muffled <- grepl(pattern, "muffleMessage")
[18:04:11.603]                         if (muffled) 
[18:04:11.603]                           invokeRestart("muffleMessage")
[18:04:11.603]                       }
[18:04:11.603]                       else if (inherits(cond, "warning")) {
[18:04:11.603]                         muffled <- grepl(pattern, "muffleWarning")
[18:04:11.603]                         if (muffled) 
[18:04:11.603]                           invokeRestart("muffleWarning")
[18:04:11.603]                       }
[18:04:11.603]                       else if (inherits(cond, "condition")) {
[18:04:11.603]                         if (!is.null(pattern)) {
[18:04:11.603]                           computeRestarts <- base::computeRestarts
[18:04:11.603]                           grepl <- base::grepl
[18:04:11.603]                           restarts <- computeRestarts(cond)
[18:04:11.603]                           for (restart in restarts) {
[18:04:11.603]                             name <- restart$name
[18:04:11.603]                             if (is.null(name)) 
[18:04:11.603]                               next
[18:04:11.603]                             if (!grepl(pattern, name)) 
[18:04:11.603]                               next
[18:04:11.603]                             invokeRestart(restart)
[18:04:11.603]                             muffled <- TRUE
[18:04:11.603]                             break
[18:04:11.603]                           }
[18:04:11.603]                         }
[18:04:11.603]                       }
[18:04:11.603]                       invisible(muffled)
[18:04:11.603]                     }
[18:04:11.603]                     muffleCondition(cond, pattern = "^muffle")
[18:04:11.603]                   }
[18:04:11.603]                 }
[18:04:11.603]                 else {
[18:04:11.603]                   if (TRUE) {
[18:04:11.603]                     muffleCondition <- function (cond, pattern = "^muffle") 
[18:04:11.603]                     {
[18:04:11.603]                       inherits <- base::inherits
[18:04:11.603]                       invokeRestart <- base::invokeRestart
[18:04:11.603]                       is.null <- base::is.null
[18:04:11.603]                       muffled <- FALSE
[18:04:11.603]                       if (inherits(cond, "message")) {
[18:04:11.603]                         muffled <- grepl(pattern, "muffleMessage")
[18:04:11.603]                         if (muffled) 
[18:04:11.603]                           invokeRestart("muffleMessage")
[18:04:11.603]                       }
[18:04:11.603]                       else if (inherits(cond, "warning")) {
[18:04:11.603]                         muffled <- grepl(pattern, "muffleWarning")
[18:04:11.603]                         if (muffled) 
[18:04:11.603]                           invokeRestart("muffleWarning")
[18:04:11.603]                       }
[18:04:11.603]                       else if (inherits(cond, "condition")) {
[18:04:11.603]                         if (!is.null(pattern)) {
[18:04:11.603]                           computeRestarts <- base::computeRestarts
[18:04:11.603]                           grepl <- base::grepl
[18:04:11.603]                           restarts <- computeRestarts(cond)
[18:04:11.603]                           for (restart in restarts) {
[18:04:11.603]                             name <- restart$name
[18:04:11.603]                             if (is.null(name)) 
[18:04:11.603]                               next
[18:04:11.603]                             if (!grepl(pattern, name)) 
[18:04:11.603]                               next
[18:04:11.603]                             invokeRestart(restart)
[18:04:11.603]                             muffled <- TRUE
[18:04:11.603]                             break
[18:04:11.603]                           }
[18:04:11.603]                         }
[18:04:11.603]                       }
[18:04:11.603]                       invisible(muffled)
[18:04:11.603]                     }
[18:04:11.603]                     muffleCondition(cond, pattern = "^muffle")
[18:04:11.603]                   }
[18:04:11.603]                 }
[18:04:11.603]             }
[18:04:11.603]         }))
[18:04:11.603]     }, error = function(ex) {
[18:04:11.603]         base::structure(base::list(value = NULL, visible = NULL, 
[18:04:11.603]             conditions = ...future.conditions, rng = !identical(base::globalenv()$.Random.seed, 
[18:04:11.603]                 ...future.rng), started = ...future.startTime, 
[18:04:11.603]             finished = Sys.time(), session_uuid = NA_character_, 
[18:04:11.603]             version = "1.8"), class = "FutureResult")
[18:04:11.603]     }, finally = {
[18:04:11.603]         if (!identical(...future.workdir, getwd())) 
[18:04:11.603]             setwd(...future.workdir)
[18:04:11.603]         {
[18:04:11.603]             if (identical(getOption("nwarnings"), ...future.oldOptions$nwarnings)) {
[18:04:11.603]                 ...future.oldOptions$nwarnings <- NULL
[18:04:11.603]             }
[18:04:11.603]             base::options(...future.oldOptions)
[18:04:11.603]             if (.Platform$OS.type == "windows") {
[18:04:11.603]                 old_names <- names(...future.oldEnvVars)
[18:04:11.603]                 envs <- base::Sys.getenv()
[18:04:11.603]                 names <- names(envs)
[18:04:11.603]                 common <- intersect(names, old_names)
[18:04:11.603]                 added <- setdiff(names, old_names)
[18:04:11.603]                 removed <- setdiff(old_names, names)
[18:04:11.603]                 changed <- common[...future.oldEnvVars[common] != 
[18:04:11.603]                   envs[common]]
[18:04:11.603]                 NAMES <- toupper(changed)
[18:04:11.603]                 args <- list()
[18:04:11.603]                 for (kk in seq_along(NAMES)) {
[18:04:11.603]                   name <- changed[[kk]]
[18:04:11.603]                   NAME <- NAMES[[kk]]
[18:04:11.603]                   if (name != NAME && is.element(NAME, old_names)) 
[18:04:11.603]                     next
[18:04:11.603]                   args[[name]] <- ...future.oldEnvVars[[name]]
[18:04:11.603]                 }
[18:04:11.603]                 NAMES <- toupper(added)
[18:04:11.603]                 for (kk in seq_along(NAMES)) {
[18:04:11.603]                   name <- added[[kk]]
[18:04:11.603]                   NAME <- NAMES[[kk]]
[18:04:11.603]                   if (name != NAME && is.element(NAME, old_names)) 
[18:04:11.603]                     next
[18:04:11.603]                   args[[name]] <- ""
[18:04:11.603]                 }
[18:04:11.603]                 NAMES <- toupper(removed)
[18:04:11.603]                 for (kk in seq_along(NAMES)) {
[18:04:11.603]                   name <- removed[[kk]]
[18:04:11.603]                   NAME <- NAMES[[kk]]
[18:04:11.603]                   if (name != NAME && is.element(NAME, old_names)) 
[18:04:11.603]                     next
[18:04:11.603]                   args[[name]] <- ...future.oldEnvVars[[name]]
[18:04:11.603]                 }
[18:04:11.603]                 if (length(args) > 0) 
[18:04:11.603]                   base::do.call(base::Sys.setenv, args = args)
[18:04:11.603]                 args <- names <- old_names <- NAMES <- envs <- common <- added <- removed <- NULL
[18:04:11.603]             }
[18:04:11.603]             else {
[18:04:11.603]                 base::do.call(base::Sys.setenv, args = base::as.list(...future.oldEnvVars))
[18:04:11.603]             }
[18:04:11.603]             {
[18:04:11.603]                 if (base::length(...future.futureOptionsAdded) > 
[18:04:11.603]                   0L) {
[18:04:11.603]                   opts <- base::vector("list", length = base::length(...future.futureOptionsAdded))
[18:04:11.603]                   base::names(opts) <- ...future.futureOptionsAdded
[18:04:11.603]                   base::options(opts)
[18:04:11.603]                 }
[18:04:11.603]                 {
[18:04:11.603]                   {
[18:04:11.603]                     NULL
[18:04:11.603]                     RNGkind("Mersenne-Twister")
[18:04:11.603]                     base::rm(list = ".Random.seed", envir = base::globalenv(), 
[18:04:11.603]                       inherits = FALSE)
[18:04:11.603]                   }
[18:04:11.603]                   options(future.plan = NULL)
[18:04:11.603]                   if (is.na(NA_character_)) 
[18:04:11.603]                     Sys.unsetenv("R_FUTURE_PLAN")
[18:04:11.603]                   else Sys.setenv(R_FUTURE_PLAN = NA_character_)
[18:04:11.603]                   future::plan(...future.strategy.old, .cleanup = FALSE, 
[18:04:11.603]                     .init = FALSE)
[18:04:11.603]                 }
[18:04:11.603]             }
[18:04:11.603]         }
[18:04:11.603]     })
[18:04:11.603]     if (TRUE) {
[18:04:11.603]         base::sink(type = "output", split = FALSE)
[18:04:11.603]         if (TRUE) {
[18:04:11.603]             ...future.result$stdout <- base::rawToChar(base::rawConnectionValue(...future.stdout))
[18:04:11.603]         }
[18:04:11.603]         else {
[18:04:11.603]             ...future.result["stdout"] <- base::list(NULL)
[18:04:11.603]         }
[18:04:11.603]         base::close(...future.stdout)
[18:04:11.603]         ...future.stdout <- NULL
[18:04:11.603]     }
[18:04:11.603]     ...future.result$conditions <- ...future.conditions
[18:04:11.603]     ...future.result$finished <- base::Sys.time()
[18:04:11.603]     ...future.result
[18:04:11.603] }
[18:04:11.606] plan(): Setting new future strategy stack:
[18:04:11.606] List of future strategies:
[18:04:11.606] 1. sequential:
[18:04:11.606]    - args: function (..., envir = parent.frame(), workers = "<NULL>")
[18:04:11.606]    - tweaked: FALSE
[18:04:11.606]    - call: NULL
[18:04:11.608] plan(): nbrOfWorkers() = 1
[18:04:11.610] plan(): Setting new future strategy stack:
[18:04:11.610] List of future strategies:
[18:04:11.610] 1. sequential:
[18:04:11.610]    - args: function (..., envir = parent.frame(), workers = "<NULL>")
[18:04:11.610]    - tweaked: FALSE
[18:04:11.610]    - call: future::plan("sequential")
[18:04:11.611] plan(): nbrOfWorkers() = 1
[18:04:11.611] SequentialFuture started (and completed)
[18:04:11.611] - Launch lazy future ... done
[18:04:11.611] run() for ‘SequentialFuture’ ... done
> 
> f1 <- futureOf("a", envir = x)
> print(f1)
SequentialFuture:
Label: ‘<none>’
Expression:
{
    1
}
Lazy evaluation: FALSE
Asynchronous evaluation: FALSE
Local evaluation: TRUE
Environment: R_GlobalEnv
Capture standard output: TRUE
Capture condition classes: ‘condition’ (excluding ‘nothing’)
Globals: <none>
Packages: <none>
L'Ecuyer-CMRG RNG seed: <none> (seed = FALSE)
Resolved: TRUE
Value: 56 bytes of class ‘numeric’
Early signaling: FALSE
Owner process: 9c5cda46-198d-cfed-d618-db429d6cdb11
Class: ‘SequentialFuture’, ‘UniprocessFuture’, ‘Future’, ‘environment’
> stopifnot(identical(f1, x$a))
> f2 <- futureOf(a, envir = x)
> stopifnot(identical(f2, x$a))
> f3 <- futureOf(x[["a"]])
> stopifnot(identical(f3, x$a))
> f4 <- futureOf(x$a)
> stopifnot(identical(f4, x$a))
> 
> ## Identify all futures
> fs <- futureOf(envir = x)
> print(fs)
$a
SequentialFuture:
Label: ‘<none>’
Expression:
{
    1
}
Lazy evaluation: FALSE
Asynchronous evaluation: FALSE
Local evaluation: TRUE
Environment: R_GlobalEnv
Capture standard output: TRUE
Capture condition classes: ‘condition’ (excluding ‘nothing’)
Globals: <none>
Packages: <none>
L'Ecuyer-CMRG RNG seed: <none> (seed = FALSE)
Resolved: TRUE
Value: 56 bytes of class ‘numeric’
Early signaling: FALSE
Owner process: 9c5cda46-198d-cfed-d618-db429d6cdb11
Class: ‘SequentialFuture’, ‘UniprocessFuture’, ‘Future’, ‘environment’

> stopifnot(identical(names(fs), c("a")))
> stopifnot(identical(fs$a, f1))
> 
> fsD <- futureOf(envir = x, drop = TRUE)
> print(fsD)
$a
SequentialFuture:
Label: ‘<none>’
Expression:
{
    1
}
Lazy evaluation: FALSE
Asynchronous evaluation: FALSE
Local evaluation: TRUE
Environment: R_GlobalEnv
Capture standard output: TRUE
Capture condition classes: ‘condition’ (excluding ‘nothing’)
Globals: <none>
Packages: <none>
L'Ecuyer-CMRG RNG seed: <none> (seed = FALSE)
Resolved: TRUE
Value: 56 bytes of class ‘numeric’
Early signaling: FALSE
Owner process: 9c5cda46-198d-cfed-d618-db429d6cdb11
Class: ‘SequentialFuture’, ‘UniprocessFuture’, ‘Future’, ‘environment’

> stopifnot(all(sapply(fsD, FUN = inherits, "Future")))
> stopifnot(identical(fsD, fs))
> 
> message("*** futureOf() with environment - futures ... DONE")
*** futureOf() with environment - futures ... DONE
> 
> 
> message("*** futureOf() with environment - exceptions ...")
*** futureOf() with environment - exceptions ...
> 
> ## Invalid subset
> res <- tryCatch(futureOf(x[[0]], mustExist = FALSE), error = identity)
> stopifnot(inherits(res, "error"))
> 
> res <- tryCatch(futureOf(x[[0]], mustExist = TRUE), error = identity)
> stopifnot(inherits(res, "error"))
> 
> res <- tryCatch(futureOf(x[[10]], mustExist = TRUE), error = identity)
> stopifnot(inherits(res, "error"))
> 
> res <- tryCatch(futureOf(x[[1 + 2i]], mustExist = TRUE), error = identity)
> stopifnot(inherits(res, "error"))
> 
> message("*** futureOf() with environment - exceptions ... DONE")
*** futureOf() with environment - exceptions ... DONE
> 
> message("*** futureOf() with environment ... DONE")
*** futureOf() with environment ... DONE
> 
> source("incl/end.R")
[18:04:11.619] plan(): Setting new future strategy stack:
[18:04:11.619] List of future strategies:
[18:04:11.619] 1. FutureStrategy:
[18:04:11.619]    - args: function (..., envir = parent.frame(), workers = "<NULL>")
[18:04:11.619]    - tweaked: FALSE
[18:04:11.619]    - call: future::plan(oplan)
[18:04:11.646] plan(): nbrOfWorkers() = 1
> 
