
R version 4.4.0 (2024-04-24) -- "Puppy Cup"
Copyright (C) 2024 The R Foundation for Statistical Computing
Platform: x86_64-pc-linux-gnu

R is free software and comes with ABSOLUTELY NO WARRANTY.
You are welcome to redistribute it under certain conditions.
Type 'license()' or 'licence()' for distribution details.

R is a collaborative project with many contributors.
Type 'contributors()' for more information and
'citation()' on how to cite R or R packages in publications.

Type 'demo()' for some demos, 'help()' for on-line help, or
'help.start()' for an HTML browser interface to help.
Type 'q()' to quit R.

> source("incl/start.R")
[17:02:26.918] plan(): Setting new future strategy stack:
[17:02:26.918] List of future strategies:
[17:02:26.918] 1. sequential:
[17:02:26.918]    - args: function (..., envir = parent.frame(), workers = "<NULL>")
[17:02:26.918]    - tweaked: FALSE
[17:02:26.918]    - call: future::plan("sequential")
[17:02:26.930] plan(): nbrOfWorkers() = 1
> 
> suppressWarnings(rm(list = c("x", "z")))
> 
> message("*** futureOf() with environment ...")
*** futureOf() with environment ...
> 
> message("*** futureOf() with environment - future assignments ...")
*** futureOf() with environment - future assignments ...
> 
> x <- new.env()
> x$a %<-% { 1 }
[17:02:26.945] getGlobalsAndPackages() ...
[17:02:26.945] Searching for globals...
[17:02:26.948] - globals found: [1] ‘{’
[17:02:26.948] Searching for globals ... DONE
[17:02:26.948] Resolving globals: FALSE
[17:02:26.949] 
[17:02:26.949] 
[17:02:26.949] getGlobalsAndPackages() ... DONE
[17:02:26.950] run() for ‘Future’ ...
[17:02:26.950] - state: ‘created’
[17:02:26.950] - Future backend: ‘FutureStrategy’, ‘sequential’, ‘uniprocess’, ‘future’, ‘function’
[17:02:26.950] - Future class: ‘SequentialFuture’, ‘UniprocessFuture’, ‘Future’, ‘environment’
[17:02:26.951] - Copy elements of temporary ‘SequentialFuture’ to final ‘Future’ object ...
[17:02:26.951]   - Field: ‘label’
[17:02:26.951]   - Field: ‘local’
[17:02:26.951]   - Field: ‘owner’
[17:02:26.951]   - Field: ‘envir’
[17:02:26.951]   - Field: ‘packages’
[17:02:26.951]   - Field: ‘gc’
[17:02:26.951]   - Field: ‘conditions’
[17:02:26.951]   - Field: ‘expr’
[17:02:26.951]   - Field: ‘uuid’
[17:02:26.952]   - Field: ‘seed’
[17:02:26.952]   - Field: ‘version’
[17:02:26.952]   - Field: ‘result’
[17:02:26.952]   - Field: ‘asynchronous’
[17:02:26.952]   - Field: ‘calls’
[17:02:26.952]   - Field: ‘globals’
[17:02:26.952]   - Field: ‘stdout’
[17:02:26.952]   - Field: ‘earlySignal’
[17:02:26.952]   - Field: ‘lazy’
[17:02:26.952]   - Field: ‘state’
[17:02:26.952] - Copy elements of temporary ‘SequentialFuture’ to final ‘Future’ object ... done
[17:02:26.952] - Launch lazy future ...
[17:02:26.953] Packages needed by the future expression (n = 0): <none>
[17:02:26.953] Packages needed by future strategies (n = 0): <none>
[17:02:26.954] {
[17:02:26.954]     {
[17:02:26.954]         {
[17:02:26.954]             ...future.startTime <- base::Sys.time()
[17:02:26.954]             {
[17:02:26.954]                 {
[17:02:26.954]                   {
[17:02:26.954]                     base::local({
[17:02:26.954]                       has_future <- base::requireNamespace("future", 
[17:02:26.954]                         quietly = TRUE)
[17:02:26.954]                       if (has_future) {
[17:02:26.954]                         ns <- base::getNamespace("future")
[17:02:26.954]                         version <- ns[[".package"]][["version"]]
[17:02:26.954]                         if (is.null(version)) 
[17:02:26.954]                           version <- utils::packageVersion("future")
[17:02:26.954]                       }
[17:02:26.954]                       else {
[17:02:26.954]                         version <- NULL
[17:02:26.954]                       }
[17:02:26.954]                       if (!has_future || version < "1.8.0") {
[17:02:26.954]                         info <- base::c(r_version = base::gsub("R version ", 
[17:02:26.954]                           "", base::R.version$version.string), 
[17:02:26.954]                           platform = base::sprintf("%s (%s-bit)", 
[17:02:26.954]                             base::R.version$platform, 8 * base::.Machine$sizeof.pointer), 
[17:02:26.954]                           os = base::paste(base::Sys.info()[base::c("sysname", 
[17:02:26.954]                             "release", "version")], collapse = " "), 
[17:02:26.954]                           hostname = base::Sys.info()[["nodename"]])
[17:02:26.954]                         info <- base::sprintf("%s: %s", base::names(info), 
[17:02:26.954]                           info)
[17:02:26.954]                         info <- base::paste(info, collapse = "; ")
[17:02:26.954]                         if (!has_future) {
[17:02:26.954]                           msg <- base::sprintf("Package 'future' is not installed on worker (%s)", 
[17:02:26.954]                             info)
[17:02:26.954]                         }
[17:02:26.954]                         else {
[17:02:26.954]                           msg <- base::sprintf("Package 'future' on worker (%s) must be of version >= 1.8.0: %s", 
[17:02:26.954]                             info, version)
[17:02:26.954]                         }
[17:02:26.954]                         base::stop(msg)
[17:02:26.954]                       }
[17:02:26.954]                     })
[17:02:26.954]                   }
[17:02:26.954]                   ...future.strategy.old <- future::plan("list")
[17:02:26.954]                   options(future.plan = NULL)
[17:02:26.954]                   Sys.unsetenv("R_FUTURE_PLAN")
[17:02:26.954]                   future::plan("default", .cleanup = FALSE, .init = FALSE)
[17:02:26.954]                 }
[17:02:26.954]                 ...future.workdir <- getwd()
[17:02:26.954]             }
[17:02:26.954]             ...future.oldOptions <- base::as.list(base::.Options)
[17:02:26.954]             ...future.oldEnvVars <- base::Sys.getenv()
[17:02:26.954]         }
[17:02:26.954]         base::options(future.startup.script = FALSE, future.globals.onMissing = NULL, 
[17:02:26.954]             future.globals.maxSize = NULL, future.globals.method = NULL, 
[17:02:26.954]             future.globals.onMissing = NULL, future.globals.onReference = NULL, 
[17:02:26.954]             future.globals.resolve = NULL, future.resolve.recursive = NULL, 
[17:02:26.954]             future.rng.onMisuse = NULL, future.rng.onMisuse.keepFuture = NULL, 
[17:02:26.954]             future.stdout.windows.reencode = NULL, width = 80L)
[17:02:26.954]         ...future.futureOptionsAdded <- base::setdiff(base::names(base::.Options), 
[17:02:26.954]             base::names(...future.oldOptions))
[17:02:26.954]     }
[17:02:26.954]     if (FALSE) {
[17:02:26.954]     }
[17:02:26.954]     else {
[17:02:26.954]         if (TRUE) {
[17:02:26.954]             ...future.stdout <- base::rawConnection(base::raw(0L), 
[17:02:26.954]                 open = "w")
[17:02:26.954]         }
[17:02:26.954]         else {
[17:02:26.954]             ...future.stdout <- base::file(base::switch(.Platform$OS.type, 
[17:02:26.954]                 windows = "NUL", "/dev/null"), open = "w")
[17:02:26.954]         }
[17:02:26.954]         base::sink(...future.stdout, type = "output", split = FALSE)
[17:02:26.954]         base::on.exit(if (!base::is.null(...future.stdout)) {
[17:02:26.954]             base::sink(type = "output", split = FALSE)
[17:02:26.954]             base::close(...future.stdout)
[17:02:26.954]         }, add = TRUE)
[17:02:26.954]     }
[17:02:26.954]     ...future.frame <- base::sys.nframe()
[17:02:26.954]     ...future.conditions <- base::list()
[17:02:26.954]     ...future.rng <- base::globalenv()$.Random.seed
[17:02:26.954]     if (FALSE) {
[17:02:26.954]         ...future.globalenv.names <- c(base::names(base::.GlobalEnv), 
[17:02:26.954]             "...future.value", "...future.globalenv.names", ".Random.seed")
[17:02:26.954]     }
[17:02:26.954]     ...future.result <- base::tryCatch({
[17:02:26.954]         base::withCallingHandlers({
[17:02:26.954]             ...future.value <- base::withVisible(base::local({
[17:02:26.954]                 1
[17:02:26.954]             }))
[17:02:26.954]             future::FutureResult(value = ...future.value$value, 
[17:02:26.954]                 visible = ...future.value$visible, rng = !identical(base::globalenv()$.Random.seed, 
[17:02:26.954]                   ...future.rng), globalenv = if (FALSE) 
[17:02:26.954]                   list(added = base::setdiff(base::names(base::.GlobalEnv), 
[17:02:26.954]                     ...future.globalenv.names))
[17:02:26.954]                 else NULL, started = ...future.startTime, version = "1.8")
[17:02:26.954]         }, condition = base::local({
[17:02:26.954]             c <- base::c
[17:02:26.954]             inherits <- base::inherits
[17:02:26.954]             invokeRestart <- base::invokeRestart
[17:02:26.954]             length <- base::length
[17:02:26.954]             list <- base::list
[17:02:26.954]             seq.int <- base::seq.int
[17:02:26.954]             signalCondition <- base::signalCondition
[17:02:26.954]             sys.calls <- base::sys.calls
[17:02:26.954]             `[[` <- base::`[[`
[17:02:26.954]             `+` <- base::`+`
[17:02:26.954]             `<<-` <- base::`<<-`
[17:02:26.954]             sysCalls <- function(calls = sys.calls(), from = 1L) {
[17:02:26.954]                 calls[seq.int(from = from + 12L, to = length(calls) - 
[17:02:26.954]                   3L)]
[17:02:26.954]             }
[17:02:26.954]             function(cond) {
[17:02:26.954]                 is_error <- inherits(cond, "error")
[17:02:26.954]                 ignore <- !is_error && !is.null(NULL) && inherits(cond, 
[17:02:26.954]                   NULL)
[17:02:26.954]                 if (is_error) {
[17:02:26.954]                   sessionInformation <- function() {
[17:02:26.954]                     list(r = base::R.Version(), locale = base::Sys.getlocale(), 
[17:02:26.954]                       rngkind = base::RNGkind(), namespaces = base::loadedNamespaces(), 
[17:02:26.954]                       search = base::search(), system = base::Sys.info())
[17:02:26.954]                   }
[17:02:26.954]                   ...future.conditions[[length(...future.conditions) + 
[17:02:26.954]                     1L]] <<- list(condition = cond, calls = c(sysCalls(from = ...future.frame), 
[17:02:26.954]                     cond$call), session = sessionInformation(), 
[17:02:26.954]                     timestamp = base::Sys.time(), signaled = 0L)
[17:02:26.954]                   signalCondition(cond)
[17:02:26.954]                 }
[17:02:26.954]                 else if (!ignore && TRUE && inherits(cond, c("condition", 
[17:02:26.954]                 "immediateCondition"))) {
[17:02:26.954]                   signal <- TRUE && inherits(cond, "immediateCondition")
[17:02:26.954]                   ...future.conditions[[length(...future.conditions) + 
[17:02:26.954]                     1L]] <<- list(condition = cond, signaled = base::as.integer(signal))
[17:02:26.954]                   if (TRUE && !signal) {
[17:02:26.954]                     muffleCondition <- function (cond, pattern = "^muffle") 
[17:02:26.954]                     {
[17:02:26.954]                       inherits <- base::inherits
[17:02:26.954]                       invokeRestart <- base::invokeRestart
[17:02:26.954]                       is.null <- base::is.null
[17:02:26.954]                       muffled <- FALSE
[17:02:26.954]                       if (inherits(cond, "message")) {
[17:02:26.954]                         muffled <- grepl(pattern, "muffleMessage")
[17:02:26.954]                         if (muffled) 
[17:02:26.954]                           invokeRestart("muffleMessage")
[17:02:26.954]                       }
[17:02:26.954]                       else if (inherits(cond, "warning")) {
[17:02:26.954]                         muffled <- grepl(pattern, "muffleWarning")
[17:02:26.954]                         if (muffled) 
[17:02:26.954]                           invokeRestart("muffleWarning")
[17:02:26.954]                       }
[17:02:26.954]                       else if (inherits(cond, "condition")) {
[17:02:26.954]                         if (!is.null(pattern)) {
[17:02:26.954]                           computeRestarts <- base::computeRestarts
[17:02:26.954]                           grepl <- base::grepl
[17:02:26.954]                           restarts <- computeRestarts(cond)
[17:02:26.954]                           for (restart in restarts) {
[17:02:26.954]                             name <- restart$name
[17:02:26.954]                             if (is.null(name)) 
[17:02:26.954]                               next
[17:02:26.954]                             if (!grepl(pattern, name)) 
[17:02:26.954]                               next
[17:02:26.954]                             invokeRestart(restart)
[17:02:26.954]                             muffled <- TRUE
[17:02:26.954]                             break
[17:02:26.954]                           }
[17:02:26.954]                         }
[17:02:26.954]                       }
[17:02:26.954]                       invisible(muffled)
[17:02:26.954]                     }
[17:02:26.954]                     muffleCondition(cond, pattern = "^muffle")
[17:02:26.954]                   }
[17:02:26.954]                 }
[17:02:26.954]                 else {
[17:02:26.954]                   if (TRUE) {
[17:02:26.954]                     muffleCondition <- function (cond, pattern = "^muffle") 
[17:02:26.954]                     {
[17:02:26.954]                       inherits <- base::inherits
[17:02:26.954]                       invokeRestart <- base::invokeRestart
[17:02:26.954]                       is.null <- base::is.null
[17:02:26.954]                       muffled <- FALSE
[17:02:26.954]                       if (inherits(cond, "message")) {
[17:02:26.954]                         muffled <- grepl(pattern, "muffleMessage")
[17:02:26.954]                         if (muffled) 
[17:02:26.954]                           invokeRestart("muffleMessage")
[17:02:26.954]                       }
[17:02:26.954]                       else if (inherits(cond, "warning")) {
[17:02:26.954]                         muffled <- grepl(pattern, "muffleWarning")
[17:02:26.954]                         if (muffled) 
[17:02:26.954]                           invokeRestart("muffleWarning")
[17:02:26.954]                       }
[17:02:26.954]                       else if (inherits(cond, "condition")) {
[17:02:26.954]                         if (!is.null(pattern)) {
[17:02:26.954]                           computeRestarts <- base::computeRestarts
[17:02:26.954]                           grepl <- base::grepl
[17:02:26.954]                           restarts <- computeRestarts(cond)
[17:02:26.954]                           for (restart in restarts) {
[17:02:26.954]                             name <- restart$name
[17:02:26.954]                             if (is.null(name)) 
[17:02:26.954]                               next
[17:02:26.954]                             if (!grepl(pattern, name)) 
[17:02:26.954]                               next
[17:02:26.954]                             invokeRestart(restart)
[17:02:26.954]                             muffled <- TRUE
[17:02:26.954]                             break
[17:02:26.954]                           }
[17:02:26.954]                         }
[17:02:26.954]                       }
[17:02:26.954]                       invisible(muffled)
[17:02:26.954]                     }
[17:02:26.954]                     muffleCondition(cond, pattern = "^muffle")
[17:02:26.954]                   }
[17:02:26.954]                 }
[17:02:26.954]             }
[17:02:26.954]         }))
[17:02:26.954]     }, error = function(ex) {
[17:02:26.954]         base::structure(base::list(value = NULL, visible = NULL, 
[17:02:26.954]             conditions = ...future.conditions, rng = !identical(base::globalenv()$.Random.seed, 
[17:02:26.954]                 ...future.rng), started = ...future.startTime, 
[17:02:26.954]             finished = Sys.time(), session_uuid = NA_character_, 
[17:02:26.954]             version = "1.8"), class = "FutureResult")
[17:02:26.954]     }, finally = {
[17:02:26.954]         if (!identical(...future.workdir, getwd())) 
[17:02:26.954]             setwd(...future.workdir)
[17:02:26.954]         {
[17:02:26.954]             if (identical(getOption("nwarnings"), ...future.oldOptions$nwarnings)) {
[17:02:26.954]                 ...future.oldOptions$nwarnings <- NULL
[17:02:26.954]             }
[17:02:26.954]             base::options(...future.oldOptions)
[17:02:26.954]             if (.Platform$OS.type == "windows") {
[17:02:26.954]                 old_names <- names(...future.oldEnvVars)
[17:02:26.954]                 envs <- base::Sys.getenv()
[17:02:26.954]                 names <- names(envs)
[17:02:26.954]                 common <- intersect(names, old_names)
[17:02:26.954]                 added <- setdiff(names, old_names)
[17:02:26.954]                 removed <- setdiff(old_names, names)
[17:02:26.954]                 changed <- common[...future.oldEnvVars[common] != 
[17:02:26.954]                   envs[common]]
[17:02:26.954]                 NAMES <- toupper(changed)
[17:02:26.954]                 args <- list()
[17:02:26.954]                 for (kk in seq_along(NAMES)) {
[17:02:26.954]                   name <- changed[[kk]]
[17:02:26.954]                   NAME <- NAMES[[kk]]
[17:02:26.954]                   if (name != NAME && is.element(NAME, old_names)) 
[17:02:26.954]                     next
[17:02:26.954]                   args[[name]] <- ...future.oldEnvVars[[name]]
[17:02:26.954]                 }
[17:02:26.954]                 NAMES <- toupper(added)
[17:02:26.954]                 for (kk in seq_along(NAMES)) {
[17:02:26.954]                   name <- added[[kk]]
[17:02:26.954]                   NAME <- NAMES[[kk]]
[17:02:26.954]                   if (name != NAME && is.element(NAME, old_names)) 
[17:02:26.954]                     next
[17:02:26.954]                   args[[name]] <- ""
[17:02:26.954]                 }
[17:02:26.954]                 NAMES <- toupper(removed)
[17:02:26.954]                 for (kk in seq_along(NAMES)) {
[17:02:26.954]                   name <- removed[[kk]]
[17:02:26.954]                   NAME <- NAMES[[kk]]
[17:02:26.954]                   if (name != NAME && is.element(NAME, old_names)) 
[17:02:26.954]                     next
[17:02:26.954]                   args[[name]] <- ...future.oldEnvVars[[name]]
[17:02:26.954]                 }
[17:02:26.954]                 if (length(args) > 0) 
[17:02:26.954]                   base::do.call(base::Sys.setenv, args = args)
[17:02:26.954]                 args <- names <- old_names <- NAMES <- envs <- common <- added <- removed <- NULL
[17:02:26.954]             }
[17:02:26.954]             else {
[17:02:26.954]                 base::do.call(base::Sys.setenv, args = base::as.list(...future.oldEnvVars))
[17:02:26.954]             }
[17:02:26.954]             {
[17:02:26.954]                 if (base::length(...future.futureOptionsAdded) > 
[17:02:26.954]                   0L) {
[17:02:26.954]                   opts <- base::vector("list", length = base::length(...future.futureOptionsAdded))
[17:02:26.954]                   base::names(opts) <- ...future.futureOptionsAdded
[17:02:26.954]                   base::options(opts)
[17:02:26.954]                 }
[17:02:26.954]                 {
[17:02:26.954]                   {
[17:02:26.954]                     NULL
[17:02:26.954]                     RNGkind("Mersenne-Twister")
[17:02:26.954]                     base::rm(list = ".Random.seed", envir = base::globalenv(), 
[17:02:26.954]                       inherits = FALSE)
[17:02:26.954]                   }
[17:02:26.954]                   options(future.plan = NULL)
[17:02:26.954]                   if (is.na(NA_character_)) 
[17:02:26.954]                     Sys.unsetenv("R_FUTURE_PLAN")
[17:02:26.954]                   else Sys.setenv(R_FUTURE_PLAN = NA_character_)
[17:02:26.954]                   future::plan(...future.strategy.old, .cleanup = FALSE, 
[17:02:26.954]                     .init = FALSE)
[17:02:26.954]                 }
[17:02:26.954]             }
[17:02:26.954]         }
[17:02:26.954]     })
[17:02:26.954]     if (TRUE) {
[17:02:26.954]         base::sink(type = "output", split = FALSE)
[17:02:26.954]         if (TRUE) {
[17:02:26.954]             ...future.result$stdout <- base::rawToChar(base::rawConnectionValue(...future.stdout))
[17:02:26.954]         }
[17:02:26.954]         else {
[17:02:26.954]             ...future.result["stdout"] <- base::list(NULL)
[17:02:26.954]         }
[17:02:26.954]         base::close(...future.stdout)
[17:02:26.954]         ...future.stdout <- NULL
[17:02:26.954]     }
[17:02:26.954]     ...future.result$conditions <- ...future.conditions
[17:02:26.954]     ...future.result$finished <- base::Sys.time()
[17:02:26.954]     ...future.result
[17:02:26.954] }
[17:02:26.956] plan(): Setting new future strategy stack:
[17:02:26.956] List of future strategies:
[17:02:26.956] 1. sequential:
[17:02:26.956]    - args: function (..., envir = parent.frame(), workers = "<NULL>")
[17:02:26.956]    - tweaked: FALSE
[17:02:26.956]    - call: NULL
[17:02:26.957] plan(): nbrOfWorkers() = 1
[17:02:26.958] plan(): Setting new future strategy stack:
[17:02:26.958] List of future strategies:
[17:02:26.958] 1. sequential:
[17:02:26.958]    - args: function (..., envir = parent.frame(), workers = "<NULL>")
[17:02:26.958]    - tweaked: FALSE
[17:02:26.958]    - call: future::plan("sequential")
[17:02:26.958] plan(): nbrOfWorkers() = 1
[17:02:26.959] SequentialFuture started (and completed)
[17:02:26.959] - Launch lazy future ... done
[17:02:26.959] run() for ‘SequentialFuture’ ... done
> 
> f1 <- futureOf("a", envir = x)
> print(f1)
SequentialFuture:
Label: ‘<none>’
Expression:
{
    1
}
Lazy evaluation: FALSE
Asynchronous evaluation: FALSE
Local evaluation: TRUE
Environment: R_GlobalEnv
Capture standard output: TRUE
Capture condition classes: ‘condition’ (excluding ‘nothing’)
Globals: <none>
Packages: <none>
L'Ecuyer-CMRG RNG seed: <none> (seed = FALSE)
Resolved: TRUE
Value: 56 bytes of class ‘numeric’
Early signaling: FALSE
Owner process: 35278c34-23a0-912a-d699-b13504208130
Class: ‘SequentialFuture’, ‘UniprocessFuture’, ‘Future’, ‘environment’
> f2 <- futureOf(a, envir = x)
> f3 <- futureOf(x[["a"]])
> f4 <- futureOf(x$a)
> stopifnot(identical(f2, f1), identical(f3, f1), identical(f4, f1))
> 
> ## Identify all futures
> fs <- futureOf(envir = x)
> print(fs)
$a
SequentialFuture:
Label: ‘<none>’
Expression:
{
    1
}
Lazy evaluation: FALSE
Asynchronous evaluation: FALSE
Local evaluation: TRUE
Environment: R_GlobalEnv
Capture standard output: TRUE
Capture condition classes: ‘condition’ (excluding ‘nothing’)
Globals: <none>
Packages: <none>
L'Ecuyer-CMRG RNG seed: <none> (seed = FALSE)
Resolved: TRUE
Value: 56 bytes of class ‘numeric’
Early signaling: FALSE
Owner process: 35278c34-23a0-912a-d699-b13504208130
Class: ‘SequentialFuture’, ‘UniprocessFuture’, ‘Future’, ‘environment’

> stopifnot(identical(names(fs), c("a")))
> stopifnot(identical(fs$a, f1))
> 
> fsD <- futureOf(envir = x, drop = TRUE)
> print(fsD)
$a
SequentialFuture:
Label: ‘<none>’
Expression:
{
    1
}
Lazy evaluation: FALSE
Asynchronous evaluation: FALSE
Local evaluation: TRUE
Environment: R_GlobalEnv
Capture standard output: TRUE
Capture condition classes: ‘condition’ (excluding ‘nothing’)
Globals: <none>
Packages: <none>
L'Ecuyer-CMRG RNG seed: <none> (seed = FALSE)
Resolved: TRUE
Value: 56 bytes of class ‘numeric’
Early signaling: FALSE
Owner process: 35278c34-23a0-912a-d699-b13504208130
Class: ‘SequentialFuture’, ‘UniprocessFuture’, ‘Future’, ‘environment’

> stopifnot(all(sapply(fsD, FUN = inherits, "Future")))
> stopifnot(identical(fsD, fs))
> 
> message("*** futureOf() with environment - future assignments ... DONE")
*** futureOf() with environment - future assignments ... DONE
> 
> 
> message("*** futureOf() with environment - futures ...")
*** futureOf() with environment - futures ...
> 
> x <- new.env()
> x$a <- future({ 1 })
[17:02:26.962] getGlobalsAndPackages() ...
[17:02:26.963] Searching for globals...
[17:02:26.963] - globals found: [1] ‘{’
[17:02:26.963] Searching for globals ... DONE
[17:02:26.963] Resolving globals: FALSE
[17:02:26.964] 
[17:02:26.964] 
[17:02:26.964] getGlobalsAndPackages() ... DONE
[17:02:26.964] run() for ‘Future’ ...
[17:02:26.964] - state: ‘created’
[17:02:26.964] - Future backend: ‘FutureStrategy’, ‘sequential’, ‘uniprocess’, ‘future’, ‘function’
[17:02:26.965] - Future class: ‘SequentialFuture’, ‘UniprocessFuture’, ‘Future’, ‘environment’
[17:02:26.965] - Copy elements of temporary ‘SequentialFuture’ to final ‘Future’ object ...
[17:02:26.965]   - Field: ‘label’
[17:02:26.965]   - Field: ‘local’
[17:02:26.965]   - Field: ‘owner’
[17:02:26.965]   - Field: ‘envir’
[17:02:26.965]   - Field: ‘packages’
[17:02:26.965]   - Field: ‘gc’
[17:02:26.965]   - Field: ‘conditions’
[17:02:26.965]   - Field: ‘expr’
[17:02:26.966]   - Field: ‘uuid’
[17:02:26.966]   - Field: ‘seed’
[17:02:26.966]   - Field: ‘version’
[17:02:26.966]   - Field: ‘result’
[17:02:26.966]   - Field: ‘asynchronous’
[17:02:26.966]   - Field: ‘calls’
[17:02:26.966]   - Field: ‘globals’
[17:02:26.966]   - Field: ‘stdout’
[17:02:26.966]   - Field: ‘earlySignal’
[17:02:26.966]   - Field: ‘lazy’
[17:02:26.966]   - Field: ‘state’
[17:02:26.967] - Copy elements of temporary ‘SequentialFuture’ to final ‘Future’ object ... done
[17:02:26.967] - Launch lazy future ...
[17:02:26.967] Packages needed by the future expression (n = 0): <none>
[17:02:26.967] Packages needed by future strategies (n = 0): <none>
[17:02:26.967] {
[17:02:26.967]     {
[17:02:26.967]         {
[17:02:26.967]             ...future.startTime <- base::Sys.time()
[17:02:26.967]             {
[17:02:26.967]                 {
[17:02:26.967]                   {
[17:02:26.967]                     base::local({
[17:02:26.967]                       has_future <- base::requireNamespace("future", 
[17:02:26.967]                         quietly = TRUE)
[17:02:26.967]                       if (has_future) {
[17:02:26.967]                         ns <- base::getNamespace("future")
[17:02:26.967]                         version <- ns[[".package"]][["version"]]
[17:02:26.967]                         if (is.null(version)) 
[17:02:26.967]                           version <- utils::packageVersion("future")
[17:02:26.967]                       }
[17:02:26.967]                       else {
[17:02:26.967]                         version <- NULL
[17:02:26.967]                       }
[17:02:26.967]                       if (!has_future || version < "1.8.0") {
[17:02:26.967]                         info <- base::c(r_version = base::gsub("R version ", 
[17:02:26.967]                           "", base::R.version$version.string), 
[17:02:26.967]                           platform = base::sprintf("%s (%s-bit)", 
[17:02:26.967]                             base::R.version$platform, 8 * base::.Machine$sizeof.pointer), 
[17:02:26.967]                           os = base::paste(base::Sys.info()[base::c("sysname", 
[17:02:26.967]                             "release", "version")], collapse = " "), 
[17:02:26.967]                           hostname = base::Sys.info()[["nodename"]])
[17:02:26.967]                         info <- base::sprintf("%s: %s", base::names(info), 
[17:02:26.967]                           info)
[17:02:26.967]                         info <- base::paste(info, collapse = "; ")
[17:02:26.967]                         if (!has_future) {
[17:02:26.967]                           msg <- base::sprintf("Package 'future' is not installed on worker (%s)", 
[17:02:26.967]                             info)
[17:02:26.967]                         }
[17:02:26.967]                         else {
[17:02:26.967]                           msg <- base::sprintf("Package 'future' on worker (%s) must be of version >= 1.8.0: %s", 
[17:02:26.967]                             info, version)
[17:02:26.967]                         }
[17:02:26.967]                         base::stop(msg)
[17:02:26.967]                       }
[17:02:26.967]                     })
[17:02:26.967]                   }
[17:02:26.967]                   ...future.strategy.old <- future::plan("list")
[17:02:26.967]                   options(future.plan = NULL)
[17:02:26.967]                   Sys.unsetenv("R_FUTURE_PLAN")
[17:02:26.967]                   future::plan("default", .cleanup = FALSE, .init = FALSE)
[17:02:26.967]                 }
[17:02:26.967]                 ...future.workdir <- getwd()
[17:02:26.967]             }
[17:02:26.967]             ...future.oldOptions <- base::as.list(base::.Options)
[17:02:26.967]             ...future.oldEnvVars <- base::Sys.getenv()
[17:02:26.967]         }
[17:02:26.967]         base::options(future.startup.script = FALSE, future.globals.onMissing = NULL, 
[17:02:26.967]             future.globals.maxSize = NULL, future.globals.method = NULL, 
[17:02:26.967]             future.globals.onMissing = NULL, future.globals.onReference = NULL, 
[17:02:26.967]             future.globals.resolve = NULL, future.resolve.recursive = NULL, 
[17:02:26.967]             future.rng.onMisuse = NULL, future.rng.onMisuse.keepFuture = NULL, 
[17:02:26.967]             future.stdout.windows.reencode = NULL, width = 80L)
[17:02:26.967]         ...future.futureOptionsAdded <- base::setdiff(base::names(base::.Options), 
[17:02:26.967]             base::names(...future.oldOptions))
[17:02:26.967]     }
[17:02:26.967]     if (FALSE) {
[17:02:26.967]     }
[17:02:26.967]     else {
[17:02:26.967]         if (TRUE) {
[17:02:26.967]             ...future.stdout <- base::rawConnection(base::raw(0L), 
[17:02:26.967]                 open = "w")
[17:02:26.967]         }
[17:02:26.967]         else {
[17:02:26.967]             ...future.stdout <- base::file(base::switch(.Platform$OS.type, 
[17:02:26.967]                 windows = "NUL", "/dev/null"), open = "w")
[17:02:26.967]         }
[17:02:26.967]         base::sink(...future.stdout, type = "output", split = FALSE)
[17:02:26.967]         base::on.exit(if (!base::is.null(...future.stdout)) {
[17:02:26.967]             base::sink(type = "output", split = FALSE)
[17:02:26.967]             base::close(...future.stdout)
[17:02:26.967]         }, add = TRUE)
[17:02:26.967]     }
[17:02:26.967]     ...future.frame <- base::sys.nframe()
[17:02:26.967]     ...future.conditions <- base::list()
[17:02:26.967]     ...future.rng <- base::globalenv()$.Random.seed
[17:02:26.967]     if (FALSE) {
[17:02:26.967]         ...future.globalenv.names <- c(base::names(base::.GlobalEnv), 
[17:02:26.967]             "...future.value", "...future.globalenv.names", ".Random.seed")
[17:02:26.967]     }
[17:02:26.967]     ...future.result <- base::tryCatch({
[17:02:26.967]         base::withCallingHandlers({
[17:02:26.967]             ...future.value <- base::withVisible(base::local({
[17:02:26.967]                 1
[17:02:26.967]             }))
[17:02:26.967]             future::FutureResult(value = ...future.value$value, 
[17:02:26.967]                 visible = ...future.value$visible, rng = !identical(base::globalenv()$.Random.seed, 
[17:02:26.967]                   ...future.rng), globalenv = if (FALSE) 
[17:02:26.967]                   list(added = base::setdiff(base::names(base::.GlobalEnv), 
[17:02:26.967]                     ...future.globalenv.names))
[17:02:26.967]                 else NULL, started = ...future.startTime, version = "1.8")
[17:02:26.967]         }, condition = base::local({
[17:02:26.967]             c <- base::c
[17:02:26.967]             inherits <- base::inherits
[17:02:26.967]             invokeRestart <- base::invokeRestart
[17:02:26.967]             length <- base::length
[17:02:26.967]             list <- base::list
[17:02:26.967]             seq.int <- base::seq.int
[17:02:26.967]             signalCondition <- base::signalCondition
[17:02:26.967]             sys.calls <- base::sys.calls
[17:02:26.967]             `[[` <- base::`[[`
[17:02:26.967]             `+` <- base::`+`
[17:02:26.967]             `<<-` <- base::`<<-`
[17:02:26.967]             sysCalls <- function(calls = sys.calls(), from = 1L) {
[17:02:26.967]                 calls[seq.int(from = from + 12L, to = length(calls) - 
[17:02:26.967]                   3L)]
[17:02:26.967]             }
[17:02:26.967]             function(cond) {
[17:02:26.967]                 is_error <- inherits(cond, "error")
[17:02:26.967]                 ignore <- !is_error && !is.null(NULL) && inherits(cond, 
[17:02:26.967]                   NULL)
[17:02:26.967]                 if (is_error) {
[17:02:26.967]                   sessionInformation <- function() {
[17:02:26.967]                     list(r = base::R.Version(), locale = base::Sys.getlocale(), 
[17:02:26.967]                       rngkind = base::RNGkind(), namespaces = base::loadedNamespaces(), 
[17:02:26.967]                       search = base::search(), system = base::Sys.info())
[17:02:26.967]                   }
[17:02:26.967]                   ...future.conditions[[length(...future.conditions) + 
[17:02:26.967]                     1L]] <<- list(condition = cond, calls = c(sysCalls(from = ...future.frame), 
[17:02:26.967]                     cond$call), session = sessionInformation(), 
[17:02:26.967]                     timestamp = base::Sys.time(), signaled = 0L)
[17:02:26.967]                   signalCondition(cond)
[17:02:26.967]                 }
[17:02:26.967]                 else if (!ignore && TRUE && inherits(cond, c("condition", 
[17:02:26.967]                 "immediateCondition"))) {
[17:02:26.967]                   signal <- TRUE && inherits(cond, "immediateCondition")
[17:02:26.967]                   ...future.conditions[[length(...future.conditions) + 
[17:02:26.967]                     1L]] <<- list(condition = cond, signaled = base::as.integer(signal))
[17:02:26.967]                   if (TRUE && !signal) {
[17:02:26.967]                     muffleCondition <- function (cond, pattern = "^muffle") 
[17:02:26.967]                     {
[17:02:26.967]                       inherits <- base::inherits
[17:02:26.967]                       invokeRestart <- base::invokeRestart
[17:02:26.967]                       is.null <- base::is.null
[17:02:26.967]                       muffled <- FALSE
[17:02:26.967]                       if (inherits(cond, "message")) {
[17:02:26.967]                         muffled <- grepl(pattern, "muffleMessage")
[17:02:26.967]                         if (muffled) 
[17:02:26.967]                           invokeRestart("muffleMessage")
[17:02:26.967]                       }
[17:02:26.967]                       else if (inherits(cond, "warning")) {
[17:02:26.967]                         muffled <- grepl(pattern, "muffleWarning")
[17:02:26.967]                         if (muffled) 
[17:02:26.967]                           invokeRestart("muffleWarning")
[17:02:26.967]                       }
[17:02:26.967]                       else if (inherits(cond, "condition")) {
[17:02:26.967]                         if (!is.null(pattern)) {
[17:02:26.967]                           computeRestarts <- base::computeRestarts
[17:02:26.967]                           grepl <- base::grepl
[17:02:26.967]                           restarts <- computeRestarts(cond)
[17:02:26.967]                           for (restart in restarts) {
[17:02:26.967]                             name <- restart$name
[17:02:26.967]                             if (is.null(name)) 
[17:02:26.967]                               next
[17:02:26.967]                             if (!grepl(pattern, name)) 
[17:02:26.967]                               next
[17:02:26.967]                             invokeRestart(restart)
[17:02:26.967]                             muffled <- TRUE
[17:02:26.967]                             break
[17:02:26.967]                           }
[17:02:26.967]                         }
[17:02:26.967]                       }
[17:02:26.967]                       invisible(muffled)
[17:02:26.967]                     }
[17:02:26.967]                     muffleCondition(cond, pattern = "^muffle")
[17:02:26.967]                   }
[17:02:26.967]                 }
[17:02:26.967]                 else {
[17:02:26.967]                   if (TRUE) {
[17:02:26.967]                     muffleCondition <- function (cond, pattern = "^muffle") 
[17:02:26.967]                     {
[17:02:26.967]                       inherits <- base::inherits
[17:02:26.967]                       invokeRestart <- base::invokeRestart
[17:02:26.967]                       is.null <- base::is.null
[17:02:26.967]                       muffled <- FALSE
[17:02:26.967]                       if (inherits(cond, "message")) {
[17:02:26.967]                         muffled <- grepl(pattern, "muffleMessage")
[17:02:26.967]                         if (muffled) 
[17:02:26.967]                           invokeRestart("muffleMessage")
[17:02:26.967]                       }
[17:02:26.967]                       else if (inherits(cond, "warning")) {
[17:02:26.967]                         muffled <- grepl(pattern, "muffleWarning")
[17:02:26.967]                         if (muffled) 
[17:02:26.967]                           invokeRestart("muffleWarning")
[17:02:26.967]                       }
[17:02:26.967]                       else if (inherits(cond, "condition")) {
[17:02:26.967]                         if (!is.null(pattern)) {
[17:02:26.967]                           computeRestarts <- base::computeRestarts
[17:02:26.967]                           grepl <- base::grepl
[17:02:26.967]                           restarts <- computeRestarts(cond)
[17:02:26.967]                           for (restart in restarts) {
[17:02:26.967]                             name <- restart$name
[17:02:26.967]                             if (is.null(name)) 
[17:02:26.967]                               next
[17:02:26.967]                             if (!grepl(pattern, name)) 
[17:02:26.967]                               next
[17:02:26.967]                             invokeRestart(restart)
[17:02:26.967]                             muffled <- TRUE
[17:02:26.967]                             break
[17:02:26.967]                           }
[17:02:26.967]                         }
[17:02:26.967]                       }
[17:02:26.967]                       invisible(muffled)
[17:02:26.967]                     }
[17:02:26.967]                     muffleCondition(cond, pattern = "^muffle")
[17:02:26.967]                   }
[17:02:26.967]                 }
[17:02:26.967]             }
[17:02:26.967]         }))
[17:02:26.967]     }, error = function(ex) {
[17:02:26.967]         base::structure(base::list(value = NULL, visible = NULL, 
[17:02:26.967]             conditions = ...future.conditions, rng = !identical(base::globalenv()$.Random.seed, 
[17:02:26.967]                 ...future.rng), started = ...future.startTime, 
[17:02:26.967]             finished = Sys.time(), session_uuid = NA_character_, 
[17:02:26.967]             version = "1.8"), class = "FutureResult")
[17:02:26.967]     }, finally = {
[17:02:26.967]         if (!identical(...future.workdir, getwd())) 
[17:02:26.967]             setwd(...future.workdir)
[17:02:26.967]         {
[17:02:26.967]             if (identical(getOption("nwarnings"), ...future.oldOptions$nwarnings)) {
[17:02:26.967]                 ...future.oldOptions$nwarnings <- NULL
[17:02:26.967]             }
[17:02:26.967]             base::options(...future.oldOptions)
[17:02:26.967]             if (.Platform$OS.type == "windows") {
[17:02:26.967]                 old_names <- names(...future.oldEnvVars)
[17:02:26.967]                 envs <- base::Sys.getenv()
[17:02:26.967]                 names <- names(envs)
[17:02:26.967]                 common <- intersect(names, old_names)
[17:02:26.967]                 added <- setdiff(names, old_names)
[17:02:26.967]                 removed <- setdiff(old_names, names)
[17:02:26.967]                 changed <- common[...future.oldEnvVars[common] != 
[17:02:26.967]                   envs[common]]
[17:02:26.967]                 NAMES <- toupper(changed)
[17:02:26.967]                 args <- list()
[17:02:26.967]                 for (kk in seq_along(NAMES)) {
[17:02:26.967]                   name <- changed[[kk]]
[17:02:26.967]                   NAME <- NAMES[[kk]]
[17:02:26.967]                   if (name != NAME && is.element(NAME, old_names)) 
[17:02:26.967]                     next
[17:02:26.967]                   args[[name]] <- ...future.oldEnvVars[[name]]
[17:02:26.967]                 }
[17:02:26.967]                 NAMES <- toupper(added)
[17:02:26.967]                 for (kk in seq_along(NAMES)) {
[17:02:26.967]                   name <- added[[kk]]
[17:02:26.967]                   NAME <- NAMES[[kk]]
[17:02:26.967]                   if (name != NAME && is.element(NAME, old_names)) 
[17:02:26.967]                     next
[17:02:26.967]                   args[[name]] <- ""
[17:02:26.967]                 }
[17:02:26.967]                 NAMES <- toupper(removed)
[17:02:26.967]                 for (kk in seq_along(NAMES)) {
[17:02:26.967]                   name <- removed[[kk]]
[17:02:26.967]                   NAME <- NAMES[[kk]]
[17:02:26.967]                   if (name != NAME && is.element(NAME, old_names)) 
[17:02:26.967]                     next
[17:02:26.967]                   args[[name]] <- ...future.oldEnvVars[[name]]
[17:02:26.967]                 }
[17:02:26.967]                 if (length(args) > 0) 
[17:02:26.967]                   base::do.call(base::Sys.setenv, args = args)
[17:02:26.967]                 args <- names <- old_names <- NAMES <- envs <- common <- added <- removed <- NULL
[17:02:26.967]             }
[17:02:26.967]             else {
[17:02:26.967]                 base::do.call(base::Sys.setenv, args = base::as.list(...future.oldEnvVars))
[17:02:26.967]             }
[17:02:26.967]             {
[17:02:26.967]                 if (base::length(...future.futureOptionsAdded) > 
[17:02:26.967]                   0L) {
[17:02:26.967]                   opts <- base::vector("list", length = base::length(...future.futureOptionsAdded))
[17:02:26.967]                   base::names(opts) <- ...future.futureOptionsAdded
[17:02:26.967]                   base::options(opts)
[17:02:26.967]                 }
[17:02:26.967]                 {
[17:02:26.967]                   {
[17:02:26.967]                     NULL
[17:02:26.967]                     RNGkind("Mersenne-Twister")
[17:02:26.967]                     base::rm(list = ".Random.seed", envir = base::globalenv(), 
[17:02:26.967]                       inherits = FALSE)
[17:02:26.967]                   }
[17:02:26.967]                   options(future.plan = NULL)
[17:02:26.967]                   if (is.na(NA_character_)) 
[17:02:26.967]                     Sys.unsetenv("R_FUTURE_PLAN")
[17:02:26.967]                   else Sys.setenv(R_FUTURE_PLAN = NA_character_)
[17:02:26.967]                   future::plan(...future.strategy.old, .cleanup = FALSE, 
[17:02:26.967]                     .init = FALSE)
[17:02:26.967]                 }
[17:02:26.967]             }
[17:02:26.967]         }
[17:02:26.967]     })
[17:02:26.967]     if (TRUE) {
[17:02:26.967]         base::sink(type = "output", split = FALSE)
[17:02:26.967]         if (TRUE) {
[17:02:26.967]             ...future.result$stdout <- base::rawToChar(base::rawConnectionValue(...future.stdout))
[17:02:26.967]         }
[17:02:26.967]         else {
[17:02:26.967]             ...future.result["stdout"] <- base::list(NULL)
[17:02:26.967]         }
[17:02:26.967]         base::close(...future.stdout)
[17:02:26.967]         ...future.stdout <- NULL
[17:02:26.967]     }
[17:02:26.967]     ...future.result$conditions <- ...future.conditions
[17:02:26.967]     ...future.result$finished <- base::Sys.time()
[17:02:26.967]     ...future.result
[17:02:26.967] }
[17:02:26.969] plan(): Setting new future strategy stack:
[17:02:26.969] List of future strategies:
[17:02:26.969] 1. sequential:
[17:02:26.969]    - args: function (..., envir = parent.frame(), workers = "<NULL>")
[17:02:26.969]    - tweaked: FALSE
[17:02:26.969]    - call: NULL
[17:02:26.970] plan(): nbrOfWorkers() = 1
[17:02:26.970] plan(): Setting new future strategy stack:
[17:02:26.971] List of future strategies:
[17:02:26.971] 1. sequential:
[17:02:26.971]    - args: function (..., envir = parent.frame(), workers = "<NULL>")
[17:02:26.971]    - tweaked: FALSE
[17:02:26.971]    - call: future::plan("sequential")
[17:02:26.971] plan(): nbrOfWorkers() = 1
[17:02:26.971] SequentialFuture started (and completed)
[17:02:26.971] - Launch lazy future ... done
[17:02:26.971] run() for ‘SequentialFuture’ ... done
> 
> f1 <- futureOf("a", envir = x)
> print(f1)
SequentialFuture:
Label: ‘<none>’
Expression:
{
    1
}
Lazy evaluation: FALSE
Asynchronous evaluation: FALSE
Local evaluation: TRUE
Environment: R_GlobalEnv
Capture standard output: TRUE
Capture condition classes: ‘condition’ (excluding ‘nothing’)
Globals: <none>
Packages: <none>
L'Ecuyer-CMRG RNG seed: <none> (seed = FALSE)
Resolved: TRUE
Value: 56 bytes of class ‘numeric’
Early signaling: FALSE
Owner process: 35278c34-23a0-912a-d699-b13504208130
Class: ‘SequentialFuture’, ‘UniprocessFuture’, ‘Future’, ‘environment’
> stopifnot(identical(f1, x$a))
> f2 <- futureOf(a, envir = x)
> stopifnot(identical(f2, x$a))
> f3 <- futureOf(x[["a"]])
> stopifnot(identical(f3, x$a))
> f4 <- futureOf(x$a)
> stopifnot(identical(f4, x$a))
> 
> ## Identify all futures
> fs <- futureOf(envir = x)
> print(fs)
$a
SequentialFuture:
Label: ‘<none>’
Expression:
{
    1
}
Lazy evaluation: FALSE
Asynchronous evaluation: FALSE
Local evaluation: TRUE
Environment: R_GlobalEnv
Capture standard output: TRUE
Capture condition classes: ‘condition’ (excluding ‘nothing’)
Globals: <none>
Packages: <none>
L'Ecuyer-CMRG RNG seed: <none> (seed = FALSE)
Resolved: TRUE
Value: 56 bytes of class ‘numeric’
Early signaling: FALSE
Owner process: 35278c34-23a0-912a-d699-b13504208130
Class: ‘SequentialFuture’, ‘UniprocessFuture’, ‘Future’, ‘environment’

> stopifnot(identical(names(fs), c("a")))
> stopifnot(identical(fs$a, f1))
> 
> fsD <- futureOf(envir = x, drop = TRUE)
> print(fsD)
$a
SequentialFuture:
Label: ‘<none>’
Expression:
{
    1
}
Lazy evaluation: FALSE
Asynchronous evaluation: FALSE
Local evaluation: TRUE
Environment: R_GlobalEnv
Capture standard output: TRUE
Capture condition classes: ‘condition’ (excluding ‘nothing’)
Globals: <none>
Packages: <none>
L'Ecuyer-CMRG RNG seed: <none> (seed = FALSE)
Resolved: TRUE
Value: 56 bytes of class ‘numeric’
Early signaling: FALSE
Owner process: 35278c34-23a0-912a-d699-b13504208130
Class: ‘SequentialFuture’, ‘UniprocessFuture’, ‘Future’, ‘environment’

> stopifnot(all(sapply(fsD, FUN = inherits, "Future")))
> stopifnot(identical(fsD, fs))
> 
> message("*** futureOf() with environment - futures ... DONE")
*** futureOf() with environment - futures ... DONE
> 
> 
> message("*** futureOf() with environment - exceptions ...")
*** futureOf() with environment - exceptions ...
> 
> ## Invalid subset
> res <- tryCatch(futureOf(x[[0]], mustExist = FALSE), error = identity)
> stopifnot(inherits(res, "error"))
> 
> res <- tryCatch(futureOf(x[[0]], mustExist = TRUE), error = identity)
> stopifnot(inherits(res, "error"))
> 
> res <- tryCatch(futureOf(x[[10]], mustExist = TRUE), error = identity)
> stopifnot(inherits(res, "error"))
> 
> res <- tryCatch(futureOf(x[[1 + 2i]], mustExist = TRUE), error = identity)
> stopifnot(inherits(res, "error"))
> 
> message("*** futureOf() with environment - exceptions ... DONE")
*** futureOf() with environment - exceptions ... DONE
> 
> message("*** futureOf() with environment ... DONE")
*** futureOf() with environment ... DONE
> 
> source("incl/end.R")
[17:02:26.975] plan(): Setting new future strategy stack:
[17:02:26.975] List of future strategies:
[17:02:26.975] 1. FutureStrategy:
[17:02:26.975]    - args: function (..., envir = parent.frame(), workers = "<NULL>")
[17:02:26.975]    - tweaked: FALSE
[17:02:26.975]    - call: future::plan(oplan)
[17:02:26.989] plan(): nbrOfWorkers() = 1
> 
