
R version 4.4.0 (2024-04-24) -- "Puppy Cup"
Copyright (C) 2024 The R Foundation for Statistical Computing
Platform: x86_64-pc-linux-gnu

R is free software and comes with ABSOLUTELY NO WARRANTY.
You are welcome to redistribute it under certain conditions.
Type 'license()' or 'licence()' for distribution details.

R is a collaborative project with many contributors.
Type 'contributors()' for more information and
'citation()' on how to cite R or R packages in publications.

Type 'demo()' for some demos, 'help()' for on-line help, or
'help.start()' for an HTML browser interface to help.
Type 'q()' to quit R.

> source("incl/start.R")
[17:46:42.966] plan(): Setting new future strategy stack:
[17:46:42.966] List of future strategies:
[17:46:42.966] 1. sequential:
[17:46:42.966]    - args: function (..., envir = parent.frame(), workers = "<NULL>")
[17:46:42.966]    - tweaked: FALSE
[17:46:42.966]    - call: future::plan("sequential")
[17:46:42.977] plan(): nbrOfWorkers() = 1
> 
> suppressWarnings(rm(list = c("x", "z")))
> 
> message("*** futureOf() with environment ...")
*** futureOf() with environment ...
> 
> message("*** futureOf() with environment - future assignments ...")
*** futureOf() with environment - future assignments ...
> 
> x <- new.env()
> x$a %<-% { 1 }
[17:46:42.992] getGlobalsAndPackages() ...
[17:46:42.992] Searching for globals...
[17:46:42.995] - globals found: [1] ‘{’
[17:46:42.995] Searching for globals ... DONE
[17:46:42.995] Resolving globals: FALSE
[17:46:42.995] 
[17:46:42.996] 
[17:46:42.996] getGlobalsAndPackages() ... DONE
[17:46:42.996] run() for ‘Future’ ...
[17:46:42.996] - state: ‘created’
[17:46:42.997] - Future backend: ‘FutureStrategy’, ‘sequential’, ‘uniprocess’, ‘future’, ‘function’
[17:46:42.997] - Future class: ‘SequentialFuture’, ‘UniprocessFuture’, ‘Future’, ‘environment’
[17:46:42.997] - Copy elements of temporary ‘SequentialFuture’ to final ‘Future’ object ...
[17:46:42.997]   - Field: ‘label’
[17:46:42.997]   - Field: ‘local’
[17:46:42.997]   - Field: ‘owner’
[17:46:42.997]   - Field: ‘envir’
[17:46:42.997]   - Field: ‘packages’
[17:46:42.998]   - Field: ‘gc’
[17:46:42.998]   - Field: ‘conditions’
[17:46:42.998]   - Field: ‘expr’
[17:46:42.998]   - Field: ‘uuid’
[17:46:42.998]   - Field: ‘seed’
[17:46:42.998]   - Field: ‘version’
[17:46:42.998]   - Field: ‘result’
[17:46:42.998]   - Field: ‘asynchronous’
[17:46:42.998]   - Field: ‘calls’
[17:46:42.998]   - Field: ‘globals’
[17:46:42.998]   - Field: ‘stdout’
[17:46:42.999]   - Field: ‘earlySignal’
[17:46:42.999]   - Field: ‘lazy’
[17:46:42.999]   - Field: ‘state’
[17:46:42.999] - Copy elements of temporary ‘SequentialFuture’ to final ‘Future’ object ... done
[17:46:42.999] - Launch lazy future ...
[17:46:43.000] Packages needed by the future expression (n = 0): <none>
[17:46:43.000] Packages needed by future strategies (n = 0): <none>
[17:46:43.000] {
[17:46:43.000]     {
[17:46:43.000]         {
[17:46:43.000]             ...future.startTime <- base::Sys.time()
[17:46:43.000]             {
[17:46:43.000]                 {
[17:46:43.000]                   {
[17:46:43.000]                     base::local({
[17:46:43.000]                       has_future <- base::requireNamespace("future", 
[17:46:43.000]                         quietly = TRUE)
[17:46:43.000]                       if (has_future) {
[17:46:43.000]                         ns <- base::getNamespace("future")
[17:46:43.000]                         version <- ns[[".package"]][["version"]]
[17:46:43.000]                         if (is.null(version)) 
[17:46:43.000]                           version <- utils::packageVersion("future")
[17:46:43.000]                       }
[17:46:43.000]                       else {
[17:46:43.000]                         version <- NULL
[17:46:43.000]                       }
[17:46:43.000]                       if (!has_future || version < "1.8.0") {
[17:46:43.000]                         info <- base::c(r_version = base::gsub("R version ", 
[17:46:43.000]                           "", base::R.version$version.string), 
[17:46:43.000]                           platform = base::sprintf("%s (%s-bit)", 
[17:46:43.000]                             base::R.version$platform, 8 * base::.Machine$sizeof.pointer), 
[17:46:43.000]                           os = base::paste(base::Sys.info()[base::c("sysname", 
[17:46:43.000]                             "release", "version")], collapse = " "), 
[17:46:43.000]                           hostname = base::Sys.info()[["nodename"]])
[17:46:43.000]                         info <- base::sprintf("%s: %s", base::names(info), 
[17:46:43.000]                           info)
[17:46:43.000]                         info <- base::paste(info, collapse = "; ")
[17:46:43.000]                         if (!has_future) {
[17:46:43.000]                           msg <- base::sprintf("Package 'future' is not installed on worker (%s)", 
[17:46:43.000]                             info)
[17:46:43.000]                         }
[17:46:43.000]                         else {
[17:46:43.000]                           msg <- base::sprintf("Package 'future' on worker (%s) must be of version >= 1.8.0: %s", 
[17:46:43.000]                             info, version)
[17:46:43.000]                         }
[17:46:43.000]                         base::stop(msg)
[17:46:43.000]                       }
[17:46:43.000]                     })
[17:46:43.000]                   }
[17:46:43.000]                   ...future.strategy.old <- future::plan("list")
[17:46:43.000]                   options(future.plan = NULL)
[17:46:43.000]                   Sys.unsetenv("R_FUTURE_PLAN")
[17:46:43.000]                   future::plan("default", .cleanup = FALSE, .init = FALSE)
[17:46:43.000]                 }
[17:46:43.000]                 ...future.workdir <- getwd()
[17:46:43.000]             }
[17:46:43.000]             ...future.oldOptions <- base::as.list(base::.Options)
[17:46:43.000]             ...future.oldEnvVars <- base::Sys.getenv()
[17:46:43.000]         }
[17:46:43.000]         base::options(future.startup.script = FALSE, future.globals.onMissing = NULL, 
[17:46:43.000]             future.globals.maxSize = NULL, future.globals.method = NULL, 
[17:46:43.000]             future.globals.onMissing = NULL, future.globals.onReference = NULL, 
[17:46:43.000]             future.globals.resolve = NULL, future.resolve.recursive = NULL, 
[17:46:43.000]             future.rng.onMisuse = NULL, future.rng.onMisuse.keepFuture = NULL, 
[17:46:43.000]             future.stdout.windows.reencode = NULL, width = 80L)
[17:46:43.000]         ...future.futureOptionsAdded <- base::setdiff(base::names(base::.Options), 
[17:46:43.000]             base::names(...future.oldOptions))
[17:46:43.000]     }
[17:46:43.000]     if (FALSE) {
[17:46:43.000]     }
[17:46:43.000]     else {
[17:46:43.000]         if (TRUE) {
[17:46:43.000]             ...future.stdout <- base::rawConnection(base::raw(0L), 
[17:46:43.000]                 open = "w")
[17:46:43.000]         }
[17:46:43.000]         else {
[17:46:43.000]             ...future.stdout <- base::file(base::switch(.Platform$OS.type, 
[17:46:43.000]                 windows = "NUL", "/dev/null"), open = "w")
[17:46:43.000]         }
[17:46:43.000]         base::sink(...future.stdout, type = "output", split = FALSE)
[17:46:43.000]         base::on.exit(if (!base::is.null(...future.stdout)) {
[17:46:43.000]             base::sink(type = "output", split = FALSE)
[17:46:43.000]             base::close(...future.stdout)
[17:46:43.000]         }, add = TRUE)
[17:46:43.000]     }
[17:46:43.000]     ...future.frame <- base::sys.nframe()
[17:46:43.000]     ...future.conditions <- base::list()
[17:46:43.000]     ...future.rng <- base::globalenv()$.Random.seed
[17:46:43.000]     if (FALSE) {
[17:46:43.000]         ...future.globalenv.names <- c(base::names(base::.GlobalEnv), 
[17:46:43.000]             "...future.value", "...future.globalenv.names", ".Random.seed")
[17:46:43.000]     }
[17:46:43.000]     ...future.result <- base::tryCatch({
[17:46:43.000]         base::withCallingHandlers({
[17:46:43.000]             ...future.value <- base::withVisible(base::local({
[17:46:43.000]                 1
[17:46:43.000]             }))
[17:46:43.000]             future::FutureResult(value = ...future.value$value, 
[17:46:43.000]                 visible = ...future.value$visible, rng = !identical(base::globalenv()$.Random.seed, 
[17:46:43.000]                   ...future.rng), globalenv = if (FALSE) 
[17:46:43.000]                   list(added = base::setdiff(base::names(base::.GlobalEnv), 
[17:46:43.000]                     ...future.globalenv.names))
[17:46:43.000]                 else NULL, started = ...future.startTime, version = "1.8")
[17:46:43.000]         }, condition = base::local({
[17:46:43.000]             c <- base::c
[17:46:43.000]             inherits <- base::inherits
[17:46:43.000]             invokeRestart <- base::invokeRestart
[17:46:43.000]             length <- base::length
[17:46:43.000]             list <- base::list
[17:46:43.000]             seq.int <- base::seq.int
[17:46:43.000]             signalCondition <- base::signalCondition
[17:46:43.000]             sys.calls <- base::sys.calls
[17:46:43.000]             `[[` <- base::`[[`
[17:46:43.000]             `+` <- base::`+`
[17:46:43.000]             `<<-` <- base::`<<-`
[17:46:43.000]             sysCalls <- function(calls = sys.calls(), from = 1L) {
[17:46:43.000]                 calls[seq.int(from = from + 12L, to = length(calls) - 
[17:46:43.000]                   3L)]
[17:46:43.000]             }
[17:46:43.000]             function(cond) {
[17:46:43.000]                 is_error <- inherits(cond, "error")
[17:46:43.000]                 ignore <- !is_error && !is.null(NULL) && inherits(cond, 
[17:46:43.000]                   NULL)
[17:46:43.000]                 if (is_error) {
[17:46:43.000]                   sessionInformation <- function() {
[17:46:43.000]                     list(r = base::R.Version(), locale = base::Sys.getlocale(), 
[17:46:43.000]                       rngkind = base::RNGkind(), namespaces = base::loadedNamespaces(), 
[17:46:43.000]                       search = base::search(), system = base::Sys.info())
[17:46:43.000]                   }
[17:46:43.000]                   ...future.conditions[[length(...future.conditions) + 
[17:46:43.000]                     1L]] <<- list(condition = cond, calls = c(sysCalls(from = ...future.frame), 
[17:46:43.000]                     cond$call), session = sessionInformation(), 
[17:46:43.000]                     timestamp = base::Sys.time(), signaled = 0L)
[17:46:43.000]                   signalCondition(cond)
[17:46:43.000]                 }
[17:46:43.000]                 else if (!ignore && TRUE && inherits(cond, c("condition", 
[17:46:43.000]                 "immediateCondition"))) {
[17:46:43.000]                   signal <- TRUE && inherits(cond, "immediateCondition")
[17:46:43.000]                   ...future.conditions[[length(...future.conditions) + 
[17:46:43.000]                     1L]] <<- list(condition = cond, signaled = base::as.integer(signal))
[17:46:43.000]                   if (TRUE && !signal) {
[17:46:43.000]                     muffleCondition <- function (cond, pattern = "^muffle") 
[17:46:43.000]                     {
[17:46:43.000]                       inherits <- base::inherits
[17:46:43.000]                       invokeRestart <- base::invokeRestart
[17:46:43.000]                       is.null <- base::is.null
[17:46:43.000]                       muffled <- FALSE
[17:46:43.000]                       if (inherits(cond, "message")) {
[17:46:43.000]                         muffled <- grepl(pattern, "muffleMessage")
[17:46:43.000]                         if (muffled) 
[17:46:43.000]                           invokeRestart("muffleMessage")
[17:46:43.000]                       }
[17:46:43.000]                       else if (inherits(cond, "warning")) {
[17:46:43.000]                         muffled <- grepl(pattern, "muffleWarning")
[17:46:43.000]                         if (muffled) 
[17:46:43.000]                           invokeRestart("muffleWarning")
[17:46:43.000]                       }
[17:46:43.000]                       else if (inherits(cond, "condition")) {
[17:46:43.000]                         if (!is.null(pattern)) {
[17:46:43.000]                           computeRestarts <- base::computeRestarts
[17:46:43.000]                           grepl <- base::grepl
[17:46:43.000]                           restarts <- computeRestarts(cond)
[17:46:43.000]                           for (restart in restarts) {
[17:46:43.000]                             name <- restart$name
[17:46:43.000]                             if (is.null(name)) 
[17:46:43.000]                               next
[17:46:43.000]                             if (!grepl(pattern, name)) 
[17:46:43.000]                               next
[17:46:43.000]                             invokeRestart(restart)
[17:46:43.000]                             muffled <- TRUE
[17:46:43.000]                             break
[17:46:43.000]                           }
[17:46:43.000]                         }
[17:46:43.000]                       }
[17:46:43.000]                       invisible(muffled)
[17:46:43.000]                     }
[17:46:43.000]                     muffleCondition(cond, pattern = "^muffle")
[17:46:43.000]                   }
[17:46:43.000]                 }
[17:46:43.000]                 else {
[17:46:43.000]                   if (TRUE) {
[17:46:43.000]                     muffleCondition <- function (cond, pattern = "^muffle") 
[17:46:43.000]                     {
[17:46:43.000]                       inherits <- base::inherits
[17:46:43.000]                       invokeRestart <- base::invokeRestart
[17:46:43.000]                       is.null <- base::is.null
[17:46:43.000]                       muffled <- FALSE
[17:46:43.000]                       if (inherits(cond, "message")) {
[17:46:43.000]                         muffled <- grepl(pattern, "muffleMessage")
[17:46:43.000]                         if (muffled) 
[17:46:43.000]                           invokeRestart("muffleMessage")
[17:46:43.000]                       }
[17:46:43.000]                       else if (inherits(cond, "warning")) {
[17:46:43.000]                         muffled <- grepl(pattern, "muffleWarning")
[17:46:43.000]                         if (muffled) 
[17:46:43.000]                           invokeRestart("muffleWarning")
[17:46:43.000]                       }
[17:46:43.000]                       else if (inherits(cond, "condition")) {
[17:46:43.000]                         if (!is.null(pattern)) {
[17:46:43.000]                           computeRestarts <- base::computeRestarts
[17:46:43.000]                           grepl <- base::grepl
[17:46:43.000]                           restarts <- computeRestarts(cond)
[17:46:43.000]                           for (restart in restarts) {
[17:46:43.000]                             name <- restart$name
[17:46:43.000]                             if (is.null(name)) 
[17:46:43.000]                               next
[17:46:43.000]                             if (!grepl(pattern, name)) 
[17:46:43.000]                               next
[17:46:43.000]                             invokeRestart(restart)
[17:46:43.000]                             muffled <- TRUE
[17:46:43.000]                             break
[17:46:43.000]                           }
[17:46:43.000]                         }
[17:46:43.000]                       }
[17:46:43.000]                       invisible(muffled)
[17:46:43.000]                     }
[17:46:43.000]                     muffleCondition(cond, pattern = "^muffle")
[17:46:43.000]                   }
[17:46:43.000]                 }
[17:46:43.000]             }
[17:46:43.000]         }))
[17:46:43.000]     }, error = function(ex) {
[17:46:43.000]         base::structure(base::list(value = NULL, visible = NULL, 
[17:46:43.000]             conditions = ...future.conditions, rng = !identical(base::globalenv()$.Random.seed, 
[17:46:43.000]                 ...future.rng), started = ...future.startTime, 
[17:46:43.000]             finished = Sys.time(), session_uuid = NA_character_, 
[17:46:43.000]             version = "1.8"), class = "FutureResult")
[17:46:43.000]     }, finally = {
[17:46:43.000]         if (!identical(...future.workdir, getwd())) 
[17:46:43.000]             setwd(...future.workdir)
[17:46:43.000]         {
[17:46:43.000]             if (identical(getOption("nwarnings"), ...future.oldOptions$nwarnings)) {
[17:46:43.000]                 ...future.oldOptions$nwarnings <- NULL
[17:46:43.000]             }
[17:46:43.000]             base::options(...future.oldOptions)
[17:46:43.000]             if (.Platform$OS.type == "windows") {
[17:46:43.000]                 old_names <- names(...future.oldEnvVars)
[17:46:43.000]                 envs <- base::Sys.getenv()
[17:46:43.000]                 names <- names(envs)
[17:46:43.000]                 common <- intersect(names, old_names)
[17:46:43.000]                 added <- setdiff(names, old_names)
[17:46:43.000]                 removed <- setdiff(old_names, names)
[17:46:43.000]                 changed <- common[...future.oldEnvVars[common] != 
[17:46:43.000]                   envs[common]]
[17:46:43.000]                 NAMES <- toupper(changed)
[17:46:43.000]                 args <- list()
[17:46:43.000]                 for (kk in seq_along(NAMES)) {
[17:46:43.000]                   name <- changed[[kk]]
[17:46:43.000]                   NAME <- NAMES[[kk]]
[17:46:43.000]                   if (name != NAME && is.element(NAME, old_names)) 
[17:46:43.000]                     next
[17:46:43.000]                   args[[name]] <- ...future.oldEnvVars[[name]]
[17:46:43.000]                 }
[17:46:43.000]                 NAMES <- toupper(added)
[17:46:43.000]                 for (kk in seq_along(NAMES)) {
[17:46:43.000]                   name <- added[[kk]]
[17:46:43.000]                   NAME <- NAMES[[kk]]
[17:46:43.000]                   if (name != NAME && is.element(NAME, old_names)) 
[17:46:43.000]                     next
[17:46:43.000]                   args[[name]] <- ""
[17:46:43.000]                 }
[17:46:43.000]                 NAMES <- toupper(removed)
[17:46:43.000]                 for (kk in seq_along(NAMES)) {
[17:46:43.000]                   name <- removed[[kk]]
[17:46:43.000]                   NAME <- NAMES[[kk]]
[17:46:43.000]                   if (name != NAME && is.element(NAME, old_names)) 
[17:46:43.000]                     next
[17:46:43.000]                   args[[name]] <- ...future.oldEnvVars[[name]]
[17:46:43.000]                 }
[17:46:43.000]                 if (length(args) > 0) 
[17:46:43.000]                   base::do.call(base::Sys.setenv, args = args)
[17:46:43.000]                 args <- names <- old_names <- NAMES <- envs <- common <- added <- removed <- NULL
[17:46:43.000]             }
[17:46:43.000]             else {
[17:46:43.000]                 base::do.call(base::Sys.setenv, args = base::as.list(...future.oldEnvVars))
[17:46:43.000]             }
[17:46:43.000]             {
[17:46:43.000]                 if (base::length(...future.futureOptionsAdded) > 
[17:46:43.000]                   0L) {
[17:46:43.000]                   opts <- base::vector("list", length = base::length(...future.futureOptionsAdded))
[17:46:43.000]                   base::names(opts) <- ...future.futureOptionsAdded
[17:46:43.000]                   base::options(opts)
[17:46:43.000]                 }
[17:46:43.000]                 {
[17:46:43.000]                   {
[17:46:43.000]                     NULL
[17:46:43.000]                     RNGkind("Mersenne-Twister")
[17:46:43.000]                     base::rm(list = ".Random.seed", envir = base::globalenv(), 
[17:46:43.000]                       inherits = FALSE)
[17:46:43.000]                   }
[17:46:43.000]                   options(future.plan = NULL)
[17:46:43.000]                   if (is.na(NA_character_)) 
[17:46:43.000]                     Sys.unsetenv("R_FUTURE_PLAN")
[17:46:43.000]                   else Sys.setenv(R_FUTURE_PLAN = NA_character_)
[17:46:43.000]                   future::plan(...future.strategy.old, .cleanup = FALSE, 
[17:46:43.000]                     .init = FALSE)
[17:46:43.000]                 }
[17:46:43.000]             }
[17:46:43.000]         }
[17:46:43.000]     })
[17:46:43.000]     if (TRUE) {
[17:46:43.000]         base::sink(type = "output", split = FALSE)
[17:46:43.000]         if (TRUE) {
[17:46:43.000]             ...future.result$stdout <- base::rawToChar(base::rawConnectionValue(...future.stdout))
[17:46:43.000]         }
[17:46:43.000]         else {
[17:46:43.000]             ...future.result["stdout"] <- base::list(NULL)
[17:46:43.000]         }
[17:46:43.000]         base::close(...future.stdout)
[17:46:43.000]         ...future.stdout <- NULL
[17:46:43.000]     }
[17:46:43.000]     ...future.result$conditions <- ...future.conditions
[17:46:43.000]     ...future.result$finished <- base::Sys.time()
[17:46:43.000]     ...future.result
[17:46:43.000] }
[17:46:43.002] plan(): Setting new future strategy stack:
[17:46:43.002] List of future strategies:
[17:46:43.002] 1. sequential:
[17:46:43.002]    - args: function (..., envir = parent.frame(), workers = "<NULL>")
[17:46:43.002]    - tweaked: FALSE
[17:46:43.002]    - call: NULL
[17:46:43.003] plan(): nbrOfWorkers() = 1
[17:46:43.004] plan(): Setting new future strategy stack:
[17:46:43.004] List of future strategies:
[17:46:43.004] 1. sequential:
[17:46:43.004]    - args: function (..., envir = parent.frame(), workers = "<NULL>")
[17:46:43.004]    - tweaked: FALSE
[17:46:43.004]    - call: future::plan("sequential")
[17:46:43.004] plan(): nbrOfWorkers() = 1
[17:46:43.005] SequentialFuture started (and completed)
[17:46:43.005] - Launch lazy future ... done
[17:46:43.005] run() for ‘SequentialFuture’ ... done
> 
> f1 <- futureOf("a", envir = x)
> print(f1)
SequentialFuture:
Label: ‘<none>’
Expression:
{
    1
}
Lazy evaluation: FALSE
Asynchronous evaluation: FALSE
Local evaluation: TRUE
Environment: R_GlobalEnv
Capture standard output: TRUE
Capture condition classes: ‘condition’ (excluding ‘nothing’)
Globals: <none>
Packages: <none>
L'Ecuyer-CMRG RNG seed: <none> (seed = FALSE)
Resolved: TRUE
Value: 56 bytes of class ‘numeric’
Early signaling: FALSE
Owner process: a0c5097d-85a8-44c0-0c93-e75bc41ba73e
Class: ‘SequentialFuture’, ‘UniprocessFuture’, ‘Future’, ‘environment’
> f2 <- futureOf(a, envir = x)
> f3 <- futureOf(x[["a"]])
> f4 <- futureOf(x$a)
> stopifnot(identical(f2, f1), identical(f3, f1), identical(f4, f1))
> 
> ## Identify all futures
> fs <- futureOf(envir = x)
> print(fs)
$a
SequentialFuture:
Label: ‘<none>’
Expression:
{
    1
}
Lazy evaluation: FALSE
Asynchronous evaluation: FALSE
Local evaluation: TRUE
Environment: R_GlobalEnv
Capture standard output: TRUE
Capture condition classes: ‘condition’ (excluding ‘nothing’)
Globals: <none>
Packages: <none>
L'Ecuyer-CMRG RNG seed: <none> (seed = FALSE)
Resolved: TRUE
Value: 56 bytes of class ‘numeric’
Early signaling: FALSE
Owner process: a0c5097d-85a8-44c0-0c93-e75bc41ba73e
Class: ‘SequentialFuture’, ‘UniprocessFuture’, ‘Future’, ‘environment’

> stopifnot(identical(names(fs), c("a")))
> stopifnot(identical(fs$a, f1))
> 
> fsD <- futureOf(envir = x, drop = TRUE)
> print(fsD)
$a
SequentialFuture:
Label: ‘<none>’
Expression:
{
    1
}
Lazy evaluation: FALSE
Asynchronous evaluation: FALSE
Local evaluation: TRUE
Environment: R_GlobalEnv
Capture standard output: TRUE
Capture condition classes: ‘condition’ (excluding ‘nothing’)
Globals: <none>
Packages: <none>
L'Ecuyer-CMRG RNG seed: <none> (seed = FALSE)
Resolved: TRUE
Value: 56 bytes of class ‘numeric’
Early signaling: FALSE
Owner process: a0c5097d-85a8-44c0-0c93-e75bc41ba73e
Class: ‘SequentialFuture’, ‘UniprocessFuture’, ‘Future’, ‘environment’

> stopifnot(all(sapply(fsD, FUN = inherits, "Future")))
> stopifnot(identical(fsD, fs))
> 
> message("*** futureOf() with environment - future assignments ... DONE")
*** futureOf() with environment - future assignments ... DONE
> 
> 
> message("*** futureOf() with environment - futures ...")
*** futureOf() with environment - futures ...
> 
> x <- new.env()
> x$a <- future({ 1 })
[17:46:43.008] getGlobalsAndPackages() ...
[17:46:43.008] Searching for globals...
[17:46:43.009] - globals found: [1] ‘{’
[17:46:43.009] Searching for globals ... DONE
[17:46:43.009] Resolving globals: FALSE
[17:46:43.009] 
[17:46:43.009] 
[17:46:43.010] getGlobalsAndPackages() ... DONE
[17:46:43.010] run() for ‘Future’ ...
[17:46:43.010] - state: ‘created’
[17:46:43.010] - Future backend: ‘FutureStrategy’, ‘sequential’, ‘uniprocess’, ‘future’, ‘function’
[17:46:43.010] - Future class: ‘SequentialFuture’, ‘UniprocessFuture’, ‘Future’, ‘environment’
[17:46:43.010] - Copy elements of temporary ‘SequentialFuture’ to final ‘Future’ object ...
[17:46:43.010]   - Field: ‘label’
[17:46:43.011]   - Field: ‘local’
[17:46:43.011]   - Field: ‘owner’
[17:46:43.011]   - Field: ‘envir’
[17:46:43.011]   - Field: ‘packages’
[17:46:43.011]   - Field: ‘gc’
[17:46:43.011]   - Field: ‘conditions’
[17:46:43.011]   - Field: ‘expr’
[17:46:43.011]   - Field: ‘uuid’
[17:46:43.011]   - Field: ‘seed’
[17:46:43.011]   - Field: ‘version’
[17:46:43.011]   - Field: ‘result’
[17:46:43.012]   - Field: ‘asynchronous’
[17:46:43.012]   - Field: ‘calls’
[17:46:43.012]   - Field: ‘globals’
[17:46:43.012]   - Field: ‘stdout’
[17:46:43.012]   - Field: ‘earlySignal’
[17:46:43.012]   - Field: ‘lazy’
[17:46:43.012]   - Field: ‘state’
[17:46:43.012] - Copy elements of temporary ‘SequentialFuture’ to final ‘Future’ object ... done
[17:46:43.012] - Launch lazy future ...
[17:46:43.012] Packages needed by the future expression (n = 0): <none>
[17:46:43.013] Packages needed by future strategies (n = 0): <none>
[17:46:43.013] {
[17:46:43.013]     {
[17:46:43.013]         {
[17:46:43.013]             ...future.startTime <- base::Sys.time()
[17:46:43.013]             {
[17:46:43.013]                 {
[17:46:43.013]                   {
[17:46:43.013]                     base::local({
[17:46:43.013]                       has_future <- base::requireNamespace("future", 
[17:46:43.013]                         quietly = TRUE)
[17:46:43.013]                       if (has_future) {
[17:46:43.013]                         ns <- base::getNamespace("future")
[17:46:43.013]                         version <- ns[[".package"]][["version"]]
[17:46:43.013]                         if (is.null(version)) 
[17:46:43.013]                           version <- utils::packageVersion("future")
[17:46:43.013]                       }
[17:46:43.013]                       else {
[17:46:43.013]                         version <- NULL
[17:46:43.013]                       }
[17:46:43.013]                       if (!has_future || version < "1.8.0") {
[17:46:43.013]                         info <- base::c(r_version = base::gsub("R version ", 
[17:46:43.013]                           "", base::R.version$version.string), 
[17:46:43.013]                           platform = base::sprintf("%s (%s-bit)", 
[17:46:43.013]                             base::R.version$platform, 8 * base::.Machine$sizeof.pointer), 
[17:46:43.013]                           os = base::paste(base::Sys.info()[base::c("sysname", 
[17:46:43.013]                             "release", "version")], collapse = " "), 
[17:46:43.013]                           hostname = base::Sys.info()[["nodename"]])
[17:46:43.013]                         info <- base::sprintf("%s: %s", base::names(info), 
[17:46:43.013]                           info)
[17:46:43.013]                         info <- base::paste(info, collapse = "; ")
[17:46:43.013]                         if (!has_future) {
[17:46:43.013]                           msg <- base::sprintf("Package 'future' is not installed on worker (%s)", 
[17:46:43.013]                             info)
[17:46:43.013]                         }
[17:46:43.013]                         else {
[17:46:43.013]                           msg <- base::sprintf("Package 'future' on worker (%s) must be of version >= 1.8.0: %s", 
[17:46:43.013]                             info, version)
[17:46:43.013]                         }
[17:46:43.013]                         base::stop(msg)
[17:46:43.013]                       }
[17:46:43.013]                     })
[17:46:43.013]                   }
[17:46:43.013]                   ...future.strategy.old <- future::plan("list")
[17:46:43.013]                   options(future.plan = NULL)
[17:46:43.013]                   Sys.unsetenv("R_FUTURE_PLAN")
[17:46:43.013]                   future::plan("default", .cleanup = FALSE, .init = FALSE)
[17:46:43.013]                 }
[17:46:43.013]                 ...future.workdir <- getwd()
[17:46:43.013]             }
[17:46:43.013]             ...future.oldOptions <- base::as.list(base::.Options)
[17:46:43.013]             ...future.oldEnvVars <- base::Sys.getenv()
[17:46:43.013]         }
[17:46:43.013]         base::options(future.startup.script = FALSE, future.globals.onMissing = NULL, 
[17:46:43.013]             future.globals.maxSize = NULL, future.globals.method = NULL, 
[17:46:43.013]             future.globals.onMissing = NULL, future.globals.onReference = NULL, 
[17:46:43.013]             future.globals.resolve = NULL, future.resolve.recursive = NULL, 
[17:46:43.013]             future.rng.onMisuse = NULL, future.rng.onMisuse.keepFuture = NULL, 
[17:46:43.013]             future.stdout.windows.reencode = NULL, width = 80L)
[17:46:43.013]         ...future.futureOptionsAdded <- base::setdiff(base::names(base::.Options), 
[17:46:43.013]             base::names(...future.oldOptions))
[17:46:43.013]     }
[17:46:43.013]     if (FALSE) {
[17:46:43.013]     }
[17:46:43.013]     else {
[17:46:43.013]         if (TRUE) {
[17:46:43.013]             ...future.stdout <- base::rawConnection(base::raw(0L), 
[17:46:43.013]                 open = "w")
[17:46:43.013]         }
[17:46:43.013]         else {
[17:46:43.013]             ...future.stdout <- base::file(base::switch(.Platform$OS.type, 
[17:46:43.013]                 windows = "NUL", "/dev/null"), open = "w")
[17:46:43.013]         }
[17:46:43.013]         base::sink(...future.stdout, type = "output", split = FALSE)
[17:46:43.013]         base::on.exit(if (!base::is.null(...future.stdout)) {
[17:46:43.013]             base::sink(type = "output", split = FALSE)
[17:46:43.013]             base::close(...future.stdout)
[17:46:43.013]         }, add = TRUE)
[17:46:43.013]     }
[17:46:43.013]     ...future.frame <- base::sys.nframe()
[17:46:43.013]     ...future.conditions <- base::list()
[17:46:43.013]     ...future.rng <- base::globalenv()$.Random.seed
[17:46:43.013]     if (FALSE) {
[17:46:43.013]         ...future.globalenv.names <- c(base::names(base::.GlobalEnv), 
[17:46:43.013]             "...future.value", "...future.globalenv.names", ".Random.seed")
[17:46:43.013]     }
[17:46:43.013]     ...future.result <- base::tryCatch({
[17:46:43.013]         base::withCallingHandlers({
[17:46:43.013]             ...future.value <- base::withVisible(base::local({
[17:46:43.013]                 1
[17:46:43.013]             }))
[17:46:43.013]             future::FutureResult(value = ...future.value$value, 
[17:46:43.013]                 visible = ...future.value$visible, rng = !identical(base::globalenv()$.Random.seed, 
[17:46:43.013]                   ...future.rng), globalenv = if (FALSE) 
[17:46:43.013]                   list(added = base::setdiff(base::names(base::.GlobalEnv), 
[17:46:43.013]                     ...future.globalenv.names))
[17:46:43.013]                 else NULL, started = ...future.startTime, version = "1.8")
[17:46:43.013]         }, condition = base::local({
[17:46:43.013]             c <- base::c
[17:46:43.013]             inherits <- base::inherits
[17:46:43.013]             invokeRestart <- base::invokeRestart
[17:46:43.013]             length <- base::length
[17:46:43.013]             list <- base::list
[17:46:43.013]             seq.int <- base::seq.int
[17:46:43.013]             signalCondition <- base::signalCondition
[17:46:43.013]             sys.calls <- base::sys.calls
[17:46:43.013]             `[[` <- base::`[[`
[17:46:43.013]             `+` <- base::`+`
[17:46:43.013]             `<<-` <- base::`<<-`
[17:46:43.013]             sysCalls <- function(calls = sys.calls(), from = 1L) {
[17:46:43.013]                 calls[seq.int(from = from + 12L, to = length(calls) - 
[17:46:43.013]                   3L)]
[17:46:43.013]             }
[17:46:43.013]             function(cond) {
[17:46:43.013]                 is_error <- inherits(cond, "error")
[17:46:43.013]                 ignore <- !is_error && !is.null(NULL) && inherits(cond, 
[17:46:43.013]                   NULL)
[17:46:43.013]                 if (is_error) {
[17:46:43.013]                   sessionInformation <- function() {
[17:46:43.013]                     list(r = base::R.Version(), locale = base::Sys.getlocale(), 
[17:46:43.013]                       rngkind = base::RNGkind(), namespaces = base::loadedNamespaces(), 
[17:46:43.013]                       search = base::search(), system = base::Sys.info())
[17:46:43.013]                   }
[17:46:43.013]                   ...future.conditions[[length(...future.conditions) + 
[17:46:43.013]                     1L]] <<- list(condition = cond, calls = c(sysCalls(from = ...future.frame), 
[17:46:43.013]                     cond$call), session = sessionInformation(), 
[17:46:43.013]                     timestamp = base::Sys.time(), signaled = 0L)
[17:46:43.013]                   signalCondition(cond)
[17:46:43.013]                 }
[17:46:43.013]                 else if (!ignore && TRUE && inherits(cond, c("condition", 
[17:46:43.013]                 "immediateCondition"))) {
[17:46:43.013]                   signal <- TRUE && inherits(cond, "immediateCondition")
[17:46:43.013]                   ...future.conditions[[length(...future.conditions) + 
[17:46:43.013]                     1L]] <<- list(condition = cond, signaled = base::as.integer(signal))
[17:46:43.013]                   if (TRUE && !signal) {
[17:46:43.013]                     muffleCondition <- function (cond, pattern = "^muffle") 
[17:46:43.013]                     {
[17:46:43.013]                       inherits <- base::inherits
[17:46:43.013]                       invokeRestart <- base::invokeRestart
[17:46:43.013]                       is.null <- base::is.null
[17:46:43.013]                       muffled <- FALSE
[17:46:43.013]                       if (inherits(cond, "message")) {
[17:46:43.013]                         muffled <- grepl(pattern, "muffleMessage")
[17:46:43.013]                         if (muffled) 
[17:46:43.013]                           invokeRestart("muffleMessage")
[17:46:43.013]                       }
[17:46:43.013]                       else if (inherits(cond, "warning")) {
[17:46:43.013]                         muffled <- grepl(pattern, "muffleWarning")
[17:46:43.013]                         if (muffled) 
[17:46:43.013]                           invokeRestart("muffleWarning")
[17:46:43.013]                       }
[17:46:43.013]                       else if (inherits(cond, "condition")) {
[17:46:43.013]                         if (!is.null(pattern)) {
[17:46:43.013]                           computeRestarts <- base::computeRestarts
[17:46:43.013]                           grepl <- base::grepl
[17:46:43.013]                           restarts <- computeRestarts(cond)
[17:46:43.013]                           for (restart in restarts) {
[17:46:43.013]                             name <- restart$name
[17:46:43.013]                             if (is.null(name)) 
[17:46:43.013]                               next
[17:46:43.013]                             if (!grepl(pattern, name)) 
[17:46:43.013]                               next
[17:46:43.013]                             invokeRestart(restart)
[17:46:43.013]                             muffled <- TRUE
[17:46:43.013]                             break
[17:46:43.013]                           }
[17:46:43.013]                         }
[17:46:43.013]                       }
[17:46:43.013]                       invisible(muffled)
[17:46:43.013]                     }
[17:46:43.013]                     muffleCondition(cond, pattern = "^muffle")
[17:46:43.013]                   }
[17:46:43.013]                 }
[17:46:43.013]                 else {
[17:46:43.013]                   if (TRUE) {
[17:46:43.013]                     muffleCondition <- function (cond, pattern = "^muffle") 
[17:46:43.013]                     {
[17:46:43.013]                       inherits <- base::inherits
[17:46:43.013]                       invokeRestart <- base::invokeRestart
[17:46:43.013]                       is.null <- base::is.null
[17:46:43.013]                       muffled <- FALSE
[17:46:43.013]                       if (inherits(cond, "message")) {
[17:46:43.013]                         muffled <- grepl(pattern, "muffleMessage")
[17:46:43.013]                         if (muffled) 
[17:46:43.013]                           invokeRestart("muffleMessage")
[17:46:43.013]                       }
[17:46:43.013]                       else if (inherits(cond, "warning")) {
[17:46:43.013]                         muffled <- grepl(pattern, "muffleWarning")
[17:46:43.013]                         if (muffled) 
[17:46:43.013]                           invokeRestart("muffleWarning")
[17:46:43.013]                       }
[17:46:43.013]                       else if (inherits(cond, "condition")) {
[17:46:43.013]                         if (!is.null(pattern)) {
[17:46:43.013]                           computeRestarts <- base::computeRestarts
[17:46:43.013]                           grepl <- base::grepl
[17:46:43.013]                           restarts <- computeRestarts(cond)
[17:46:43.013]                           for (restart in restarts) {
[17:46:43.013]                             name <- restart$name
[17:46:43.013]                             if (is.null(name)) 
[17:46:43.013]                               next
[17:46:43.013]                             if (!grepl(pattern, name)) 
[17:46:43.013]                               next
[17:46:43.013]                             invokeRestart(restart)
[17:46:43.013]                             muffled <- TRUE
[17:46:43.013]                             break
[17:46:43.013]                           }
[17:46:43.013]                         }
[17:46:43.013]                       }
[17:46:43.013]                       invisible(muffled)
[17:46:43.013]                     }
[17:46:43.013]                     muffleCondition(cond, pattern = "^muffle")
[17:46:43.013]                   }
[17:46:43.013]                 }
[17:46:43.013]             }
[17:46:43.013]         }))
[17:46:43.013]     }, error = function(ex) {
[17:46:43.013]         base::structure(base::list(value = NULL, visible = NULL, 
[17:46:43.013]             conditions = ...future.conditions, rng = !identical(base::globalenv()$.Random.seed, 
[17:46:43.013]                 ...future.rng), started = ...future.startTime, 
[17:46:43.013]             finished = Sys.time(), session_uuid = NA_character_, 
[17:46:43.013]             version = "1.8"), class = "FutureResult")
[17:46:43.013]     }, finally = {
[17:46:43.013]         if (!identical(...future.workdir, getwd())) 
[17:46:43.013]             setwd(...future.workdir)
[17:46:43.013]         {
[17:46:43.013]             if (identical(getOption("nwarnings"), ...future.oldOptions$nwarnings)) {
[17:46:43.013]                 ...future.oldOptions$nwarnings <- NULL
[17:46:43.013]             }
[17:46:43.013]             base::options(...future.oldOptions)
[17:46:43.013]             if (.Platform$OS.type == "windows") {
[17:46:43.013]                 old_names <- names(...future.oldEnvVars)
[17:46:43.013]                 envs <- base::Sys.getenv()
[17:46:43.013]                 names <- names(envs)
[17:46:43.013]                 common <- intersect(names, old_names)
[17:46:43.013]                 added <- setdiff(names, old_names)
[17:46:43.013]                 removed <- setdiff(old_names, names)
[17:46:43.013]                 changed <- common[...future.oldEnvVars[common] != 
[17:46:43.013]                   envs[common]]
[17:46:43.013]                 NAMES <- toupper(changed)
[17:46:43.013]                 args <- list()
[17:46:43.013]                 for (kk in seq_along(NAMES)) {
[17:46:43.013]                   name <- changed[[kk]]
[17:46:43.013]                   NAME <- NAMES[[kk]]
[17:46:43.013]                   if (name != NAME && is.element(NAME, old_names)) 
[17:46:43.013]                     next
[17:46:43.013]                   args[[name]] <- ...future.oldEnvVars[[name]]
[17:46:43.013]                 }
[17:46:43.013]                 NAMES <- toupper(added)
[17:46:43.013]                 for (kk in seq_along(NAMES)) {
[17:46:43.013]                   name <- added[[kk]]
[17:46:43.013]                   NAME <- NAMES[[kk]]
[17:46:43.013]                   if (name != NAME && is.element(NAME, old_names)) 
[17:46:43.013]                     next
[17:46:43.013]                   args[[name]] <- ""
[17:46:43.013]                 }
[17:46:43.013]                 NAMES <- toupper(removed)
[17:46:43.013]                 for (kk in seq_along(NAMES)) {
[17:46:43.013]                   name <- removed[[kk]]
[17:46:43.013]                   NAME <- NAMES[[kk]]
[17:46:43.013]                   if (name != NAME && is.element(NAME, old_names)) 
[17:46:43.013]                     next
[17:46:43.013]                   args[[name]] <- ...future.oldEnvVars[[name]]
[17:46:43.013]                 }
[17:46:43.013]                 if (length(args) > 0) 
[17:46:43.013]                   base::do.call(base::Sys.setenv, args = args)
[17:46:43.013]                 args <- names <- old_names <- NAMES <- envs <- common <- added <- removed <- NULL
[17:46:43.013]             }
[17:46:43.013]             else {
[17:46:43.013]                 base::do.call(base::Sys.setenv, args = base::as.list(...future.oldEnvVars))
[17:46:43.013]             }
[17:46:43.013]             {
[17:46:43.013]                 if (base::length(...future.futureOptionsAdded) > 
[17:46:43.013]                   0L) {
[17:46:43.013]                   opts <- base::vector("list", length = base::length(...future.futureOptionsAdded))
[17:46:43.013]                   base::names(opts) <- ...future.futureOptionsAdded
[17:46:43.013]                   base::options(opts)
[17:46:43.013]                 }
[17:46:43.013]                 {
[17:46:43.013]                   {
[17:46:43.013]                     NULL
[17:46:43.013]                     RNGkind("Mersenne-Twister")
[17:46:43.013]                     base::rm(list = ".Random.seed", envir = base::globalenv(), 
[17:46:43.013]                       inherits = FALSE)
[17:46:43.013]                   }
[17:46:43.013]                   options(future.plan = NULL)
[17:46:43.013]                   if (is.na(NA_character_)) 
[17:46:43.013]                     Sys.unsetenv("R_FUTURE_PLAN")
[17:46:43.013]                   else Sys.setenv(R_FUTURE_PLAN = NA_character_)
[17:46:43.013]                   future::plan(...future.strategy.old, .cleanup = FALSE, 
[17:46:43.013]                     .init = FALSE)
[17:46:43.013]                 }
[17:46:43.013]             }
[17:46:43.013]         }
[17:46:43.013]     })
[17:46:43.013]     if (TRUE) {
[17:46:43.013]         base::sink(type = "output", split = FALSE)
[17:46:43.013]         if (TRUE) {
[17:46:43.013]             ...future.result$stdout <- base::rawToChar(base::rawConnectionValue(...future.stdout))
[17:46:43.013]         }
[17:46:43.013]         else {
[17:46:43.013]             ...future.result["stdout"] <- base::list(NULL)
[17:46:43.013]         }
[17:46:43.013]         base::close(...future.stdout)
[17:46:43.013]         ...future.stdout <- NULL
[17:46:43.013]     }
[17:46:43.013]     ...future.result$conditions <- ...future.conditions
[17:46:43.013]     ...future.result$finished <- base::Sys.time()
[17:46:43.013]     ...future.result
[17:46:43.013] }
[17:46:43.015] plan(): Setting new future strategy stack:
[17:46:43.015] List of future strategies:
[17:46:43.015] 1. sequential:
[17:46:43.015]    - args: function (..., envir = parent.frame(), workers = "<NULL>")
[17:46:43.015]    - tweaked: FALSE
[17:46:43.015]    - call: NULL
[17:46:43.015] plan(): nbrOfWorkers() = 1
[17:46:43.016] plan(): Setting new future strategy stack:
[17:46:43.016] List of future strategies:
[17:46:43.016] 1. sequential:
[17:46:43.016]    - args: function (..., envir = parent.frame(), workers = "<NULL>")
[17:46:43.016]    - tweaked: FALSE
[17:46:43.016]    - call: future::plan("sequential")
[17:46:43.016] plan(): nbrOfWorkers() = 1
[17:46:43.017] SequentialFuture started (and completed)
[17:46:43.017] - Launch lazy future ... done
[17:46:43.017] run() for ‘SequentialFuture’ ... done
> 
> f1 <- futureOf("a", envir = x)
> print(f1)
SequentialFuture:
Label: ‘<none>’
Expression:
{
    1
}
Lazy evaluation: FALSE
Asynchronous evaluation: FALSE
Local evaluation: TRUE
Environment: R_GlobalEnv
Capture standard output: TRUE
Capture condition classes: ‘condition’ (excluding ‘nothing’)
Globals: <none>
Packages: <none>
L'Ecuyer-CMRG RNG seed: <none> (seed = FALSE)
Resolved: TRUE
Value: 56 bytes of class ‘numeric’
Early signaling: FALSE
Owner process: a0c5097d-85a8-44c0-0c93-e75bc41ba73e
Class: ‘SequentialFuture’, ‘UniprocessFuture’, ‘Future’, ‘environment’
> stopifnot(identical(f1, x$a))
> f2 <- futureOf(a, envir = x)
> stopifnot(identical(f2, x$a))
> f3 <- futureOf(x[["a"]])
> stopifnot(identical(f3, x$a))
> f4 <- futureOf(x$a)
> stopifnot(identical(f4, x$a))
> 
> ## Identify all futures
> fs <- futureOf(envir = x)
> print(fs)
$a
SequentialFuture:
Label: ‘<none>’
Expression:
{
    1
}
Lazy evaluation: FALSE
Asynchronous evaluation: FALSE
Local evaluation: TRUE
Environment: R_GlobalEnv
Capture standard output: TRUE
Capture condition classes: ‘condition’ (excluding ‘nothing’)
Globals: <none>
Packages: <none>
L'Ecuyer-CMRG RNG seed: <none> (seed = FALSE)
Resolved: TRUE
Value: 56 bytes of class ‘numeric’
Early signaling: FALSE
Owner process: a0c5097d-85a8-44c0-0c93-e75bc41ba73e
Class: ‘SequentialFuture’, ‘UniprocessFuture’, ‘Future’, ‘environment’

> stopifnot(identical(names(fs), c("a")))
> stopifnot(identical(fs$a, f1))
> 
> fsD <- futureOf(envir = x, drop = TRUE)
> print(fsD)
$a
SequentialFuture:
Label: ‘<none>’
Expression:
{
    1
}
Lazy evaluation: FALSE
Asynchronous evaluation: FALSE
Local evaluation: TRUE
Environment: R_GlobalEnv
Capture standard output: TRUE
Capture condition classes: ‘condition’ (excluding ‘nothing’)
Globals: <none>
Packages: <none>
L'Ecuyer-CMRG RNG seed: <none> (seed = FALSE)
Resolved: TRUE
Value: 56 bytes of class ‘numeric’
Early signaling: FALSE
Owner process: a0c5097d-85a8-44c0-0c93-e75bc41ba73e
Class: ‘SequentialFuture’, ‘UniprocessFuture’, ‘Future’, ‘environment’

> stopifnot(all(sapply(fsD, FUN = inherits, "Future")))
> stopifnot(identical(fsD, fs))
> 
> message("*** futureOf() with environment - futures ... DONE")
*** futureOf() with environment - futures ... DONE
> 
> 
> message("*** futureOf() with environment - exceptions ...")
*** futureOf() with environment - exceptions ...
> 
> ## Invalid subset
> res <- tryCatch(futureOf(x[[0]], mustExist = FALSE), error = identity)
> stopifnot(inherits(res, "error"))
> 
> res <- tryCatch(futureOf(x[[0]], mustExist = TRUE), error = identity)
> stopifnot(inherits(res, "error"))
> 
> res <- tryCatch(futureOf(x[[10]], mustExist = TRUE), error = identity)
> stopifnot(inherits(res, "error"))
> 
> res <- tryCatch(futureOf(x[[1 + 2i]], mustExist = TRUE), error = identity)
> stopifnot(inherits(res, "error"))
> 
> message("*** futureOf() with environment - exceptions ... DONE")
*** futureOf() with environment - exceptions ... DONE
> 
> message("*** futureOf() with environment ... DONE")
*** futureOf() with environment ... DONE
> 
> source("incl/end.R")
[17:46:43.020] plan(): Setting new future strategy stack:
[17:46:43.021] List of future strategies:
[17:46:43.021] 1. FutureStrategy:
[17:46:43.021]    - args: function (..., envir = parent.frame(), workers = "<NULL>")
[17:46:43.021]    - tweaked: FALSE
[17:46:43.021]    - call: future::plan(oplan)
[17:46:43.034] plan(): nbrOfWorkers() = 1
> 
