
R version 4.4.0 (2024-04-24) -- "Puppy Cup"
Copyright (C) 2024 The R Foundation for Statistical Computing
Platform: x86_64-pc-linux-gnu

R is free software and comes with ABSOLUTELY NO WARRANTY.
You are welcome to redistribute it under certain conditions.
Type 'license()' or 'licence()' for distribution details.

R is a collaborative project with many contributors.
Type 'contributors()' for more information and
'citation()' on how to cite R or R packages in publications.

Type 'demo()' for some demos, 'help()' for on-line help, or
'help.start()' for an HTML browser interface to help.
Type 'q()' to quit R.

> source("incl/start.R")
[17:47:42.376] plan(): Setting new future strategy stack:
[17:47:42.376] List of future strategies:
[17:47:42.376] 1. sequential:
[17:47:42.376]    - args: function (..., envir = parent.frame(), workers = "<NULL>")
[17:47:42.376]    - tweaked: FALSE
[17:47:42.376]    - call: future::plan("sequential")
[17:47:42.387] plan(): nbrOfWorkers() = 1
> 
> message("*** requestCore() ...")
*** requestCore() ...
> 
> message("*** requestCore() - exceptions ...")
*** requestCore() - exceptions ...
> 
> ## There are no cores to choose from
> res <- try(requestCore(function() {}, workers = 0), silent = TRUE)
> stopifnot(inherits(res, "try-error"))
> 
> res <- try(requestCore(function() {}, timeout = -1.0), silent = TRUE)
> stopifnot(inherits(res, "try-error"))
> 
> res <- try(requestCore(function() {}, alpha = 0.0), silent = TRUE)
> stopifnot(inherits(res, "try-error"))
> 
> message("*** requestCore() - exceptions ... DONE")
*** requestCore() - exceptions ... DONE
> 
> 
> if (supportsMulticore()) {
+   message("*** requestCore() - timeout ...")
+   
+   plan(multicore, workers = 2L)
+   a %<-% { Sys.sleep(2); 1 }
+   
+   ## Fake single-worker multicore by using workers = 1L
+   res <- try(requestCore(function() {}, workers = 1L, timeout = 0.5, delta = 0.1))
+   stopifnot(inherits(res, "try-error"))
+   stopifnot(a == 1)
+   
+   message("*** requestCore() - timeout ... DONE")
+ }
*** requestCore() - timeout ...
[17:47:42.407] plan(): Setting new future strategy stack:
[17:47:42.407] List of future strategies:
[17:47:42.407] 1. multicore:
[17:47:42.407]    - args: function (..., workers = 2L, envir = parent.frame())
[17:47:42.407]    - tweaked: TRUE
[17:47:42.407]    - call: plan(multicore, workers = 2L)
[17:47:42.418] plan(): nbrOfWorkers() = 2
[17:47:42.420] getGlobalsAndPackages() ...
[17:47:42.420] Searching for globals...
[17:47:42.426] - globals found: [2] ‘{’, ‘Sys.sleep’
[17:47:42.426] Searching for globals ... DONE
[17:47:42.426] Resolving globals: FALSE
[17:47:42.427] 
[17:47:42.427] 
[17:47:42.427] getGlobalsAndPackages() ... DONE
[17:47:42.428] run() for ‘Future’ ...
[17:47:42.428] - state: ‘created’
[17:47:42.428] - Future backend: ‘FutureStrategy’, ‘tweaked’, ‘multicore’, ‘multiprocess’, ‘future’, ‘function’
[17:47:42.428] - Future class: ‘MulticoreFuture’, ‘MultiprocessFuture’, ‘Future’, ‘environment’
[17:47:42.429] - Copy elements of temporary ‘MulticoreFuture’ to final ‘Future’ object ...
[17:47:42.429]   - Field: ‘label’
[17:47:42.429]   - Field: ‘local’
[17:47:42.429]   - Field: ‘owner’
[17:47:42.429]   - Field: ‘envir’
[17:47:42.429]   - Field: ‘workers’
[17:47:42.429]   - Field: ‘packages’
[17:47:42.429]   - Field: ‘gc’
[17:47:42.429]   - Field: ‘job’
[17:47:42.429]   - Field: ‘conditions’
[17:47:42.429]   - Field: ‘expr’
[17:47:42.430]   - Field: ‘uuid’
[17:47:42.430]   - Field: ‘seed’
[17:47:42.430]   - Field: ‘version’
[17:47:42.430]   - Field: ‘result’
[17:47:42.430]   - Field: ‘asynchronous’
[17:47:42.430]   - Field: ‘calls’
[17:47:42.430]   - Field: ‘globals’
[17:47:42.430]   - Field: ‘stdout’
[17:47:42.430]   - Field: ‘earlySignal’
[17:47:42.430]   - Field: ‘lazy’
[17:47:42.430]   - Field: ‘state’
[17:47:42.430] - Copy elements of temporary ‘MulticoreFuture’ to final ‘Future’ object ... done
[17:47:42.431] - Launch lazy future ...
[17:47:42.432] Packages needed by the future expression (n = 0): <none>
[17:47:42.432] Packages needed by future strategies (n = 0): <none>
[17:47:42.433] {
[17:47:42.433]     {
[17:47:42.433]         {
[17:47:42.433]             ...future.startTime <- base::Sys.time()
[17:47:42.433]             {
[17:47:42.433]                 {
[17:47:42.433]                   {
[17:47:42.433]                     {
[17:47:42.433]                       base::local({
[17:47:42.433]                         has_future <- base::requireNamespace("future", 
[17:47:42.433]                           quietly = TRUE)
[17:47:42.433]                         if (has_future) {
[17:47:42.433]                           ns <- base::getNamespace("future")
[17:47:42.433]                           version <- ns[[".package"]][["version"]]
[17:47:42.433]                           if (is.null(version)) 
[17:47:42.433]                             version <- utils::packageVersion("future")
[17:47:42.433]                         }
[17:47:42.433]                         else {
[17:47:42.433]                           version <- NULL
[17:47:42.433]                         }
[17:47:42.433]                         if (!has_future || version < "1.8.0") {
[17:47:42.433]                           info <- base::c(r_version = base::gsub("R version ", 
[17:47:42.433]                             "", base::R.version$version.string), 
[17:47:42.433]                             platform = base::sprintf("%s (%s-bit)", 
[17:47:42.433]                               base::R.version$platform, 8 * base::.Machine$sizeof.pointer), 
[17:47:42.433]                             os = base::paste(base::Sys.info()[base::c("sysname", 
[17:47:42.433]                               "release", "version")], collapse = " "), 
[17:47:42.433]                             hostname = base::Sys.info()[["nodename"]])
[17:47:42.433]                           info <- base::sprintf("%s: %s", base::names(info), 
[17:47:42.433]                             info)
[17:47:42.433]                           info <- base::paste(info, collapse = "; ")
[17:47:42.433]                           if (!has_future) {
[17:47:42.433]                             msg <- base::sprintf("Package 'future' is not installed on worker (%s)", 
[17:47:42.433]                               info)
[17:47:42.433]                           }
[17:47:42.433]                           else {
[17:47:42.433]                             msg <- base::sprintf("Package 'future' on worker (%s) must be of version >= 1.8.0: %s", 
[17:47:42.433]                               info, version)
[17:47:42.433]                           }
[17:47:42.433]                           base::stop(msg)
[17:47:42.433]                         }
[17:47:42.433]                       })
[17:47:42.433]                     }
[17:47:42.433]                     ...future.mc.cores.old <- base::getOption("mc.cores")
[17:47:42.433]                     base::options(mc.cores = 1L)
[17:47:42.433]                   }
[17:47:42.433]                   ...future.strategy.old <- future::plan("list")
[17:47:42.433]                   options(future.plan = NULL)
[17:47:42.433]                   Sys.unsetenv("R_FUTURE_PLAN")
[17:47:42.433]                   future::plan("default", .cleanup = FALSE, .init = FALSE)
[17:47:42.433]                 }
[17:47:42.433]                 ...future.workdir <- getwd()
[17:47:42.433]             }
[17:47:42.433]             ...future.oldOptions <- base::as.list(base::.Options)
[17:47:42.433]             ...future.oldEnvVars <- base::Sys.getenv()
[17:47:42.433]         }
[17:47:42.433]         base::options(future.startup.script = FALSE, future.globals.onMissing = NULL, 
[17:47:42.433]             future.globals.maxSize = NULL, future.globals.method = NULL, 
[17:47:42.433]             future.globals.onMissing = NULL, future.globals.onReference = NULL, 
[17:47:42.433]             future.globals.resolve = NULL, future.resolve.recursive = NULL, 
[17:47:42.433]             future.rng.onMisuse = NULL, future.rng.onMisuse.keepFuture = NULL, 
[17:47:42.433]             future.stdout.windows.reencode = NULL, width = 80L)
[17:47:42.433]         ...future.futureOptionsAdded <- base::setdiff(base::names(base::.Options), 
[17:47:42.433]             base::names(...future.oldOptions))
[17:47:42.433]     }
[17:47:42.433]     if (FALSE) {
[17:47:42.433]     }
[17:47:42.433]     else {
[17:47:42.433]         if (TRUE) {
[17:47:42.433]             ...future.stdout <- base::rawConnection(base::raw(0L), 
[17:47:42.433]                 open = "w")
[17:47:42.433]         }
[17:47:42.433]         else {
[17:47:42.433]             ...future.stdout <- base::file(base::switch(.Platform$OS.type, 
[17:47:42.433]                 windows = "NUL", "/dev/null"), open = "w")
[17:47:42.433]         }
[17:47:42.433]         base::sink(...future.stdout, type = "output", split = FALSE)
[17:47:42.433]         base::on.exit(if (!base::is.null(...future.stdout)) {
[17:47:42.433]             base::sink(type = "output", split = FALSE)
[17:47:42.433]             base::close(...future.stdout)
[17:47:42.433]         }, add = TRUE)
[17:47:42.433]     }
[17:47:42.433]     ...future.frame <- base::sys.nframe()
[17:47:42.433]     ...future.conditions <- base::list()
[17:47:42.433]     ...future.rng <- base::globalenv()$.Random.seed
[17:47:42.433]     if (FALSE) {
[17:47:42.433]         ...future.globalenv.names <- c(base::names(base::.GlobalEnv), 
[17:47:42.433]             "...future.value", "...future.globalenv.names", ".Random.seed")
[17:47:42.433]     }
[17:47:42.433]     ...future.result <- base::tryCatch({
[17:47:42.433]         base::withCallingHandlers({
[17:47:42.433]             ...future.value <- base::withVisible(base::local({
[17:47:42.433]                 withCallingHandlers({
[17:47:42.433]                   {
[17:47:42.433]                     Sys.sleep(2)
[17:47:42.433]                     1
[17:47:42.433]                   }
[17:47:42.433]                 }, immediateCondition = function(cond) {
[17:47:42.433]                   save_rds <- function (object, pathname, ...) 
[17:47:42.433]                   {
[17:47:42.433]                     pathname_tmp <- sprintf("%s.tmp", pathname)
[17:47:42.433]                     if (file_test("-f", pathname_tmp)) {
[17:47:42.433]                       fi_tmp <- file.info(pathname_tmp)
[17:47:42.433]                       stopf("Cannot save RDS file because a temporary save file already exists: %s (%0.f bytes; last modified on %s)", 
[17:47:42.433]                         sQuote(pathname_tmp), fi_tmp[["size"]], 
[17:47:42.433]                         fi_tmp[["mtime"]])
[17:47:42.433]                     }
[17:47:42.433]                     tryCatch({
[17:47:42.433]                       saveRDS(object, file = pathname_tmp, ...)
[17:47:42.433]                     }, error = function(ex) {
[17:47:42.433]                       msg <- conditionMessage(ex)
[17:47:42.433]                       fi_tmp <- file.info(pathname_tmp)
[17:47:42.433]                       msg <- sprintf("saveRDS() failed to save to temporary file %s (%.0f bytes; last modified on %s). The reason was: %s", 
[17:47:42.433]                         sQuote(pathname_tmp), fi_tmp[["size"]], 
[17:47:42.433]                         fi_tmp[["mtime"]], msg)
[17:47:42.433]                       ex$message <- msg
[17:47:42.433]                       stop(ex)
[17:47:42.433]                     })
[17:47:42.433]                     stopifnot(file_test("-f", pathname_tmp))
[17:47:42.433]                     res <- file.rename(from = pathname_tmp, to = pathname)
[17:47:42.433]                     if (!res || file_test("-f", pathname_tmp)) {
[17:47:42.433]                       fi_tmp <- file.info(pathname_tmp)
[17:47:42.433]                       fi <- file.info(pathname)
[17:47:42.433]                       msg <- sprintf("save_rds() failed to rename temporary save file %s (%0.f bytes; last modified on %s) to %s (%0.f bytes; last modified on %s)", 
[17:47:42.433]                         sQuote(pathname_tmp), fi_tmp[["size"]], 
[17:47:42.433]                         fi_tmp[["mtime"]], sQuote(pathname), 
[17:47:42.433]                         fi[["size"]], fi[["mtime"]])
[17:47:42.433]                       stop(msg)
[17:47:42.433]                     }
[17:47:42.433]                     invisible(pathname)
[17:47:42.433]                   }
[17:47:42.433]                   saveImmediateCondition <- function (cond, path = immediateConditionsPath(rootPath = rootPath), 
[17:47:42.433]                     rootPath = tempdir()) 
[17:47:42.433]                   {
[17:47:42.433]                     obj <- list(time = Sys.time(), condition = cond)
[17:47:42.433]                     file <- tempfile(pattern = class(cond)[1], 
[17:47:42.433]                       tmpdir = path, fileext = ".rds")
[17:47:42.433]                     save_rds(obj, file)
[17:47:42.433]                   }
[17:47:42.433]                   saveImmediateCondition(cond, path = "/tmp/RtmpWECJej/.future/immediateConditions")
[17:47:42.433]                   muffleCondition <- function (cond, pattern = "^muffle") 
[17:47:42.433]                   {
[17:47:42.433]                     inherits <- base::inherits
[17:47:42.433]                     invokeRestart <- base::invokeRestart
[17:47:42.433]                     is.null <- base::is.null
[17:47:42.433]                     muffled <- FALSE
[17:47:42.433]                     if (inherits(cond, "message")) {
[17:47:42.433]                       muffled <- grepl(pattern, "muffleMessage")
[17:47:42.433]                       if (muffled) 
[17:47:42.433]                         invokeRestart("muffleMessage")
[17:47:42.433]                     }
[17:47:42.433]                     else if (inherits(cond, "warning")) {
[17:47:42.433]                       muffled <- grepl(pattern, "muffleWarning")
[17:47:42.433]                       if (muffled) 
[17:47:42.433]                         invokeRestart("muffleWarning")
[17:47:42.433]                     }
[17:47:42.433]                     else if (inherits(cond, "condition")) {
[17:47:42.433]                       if (!is.null(pattern)) {
[17:47:42.433]                         computeRestarts <- base::computeRestarts
[17:47:42.433]                         grepl <- base::grepl
[17:47:42.433]                         restarts <- computeRestarts(cond)
[17:47:42.433]                         for (restart in restarts) {
[17:47:42.433]                           name <- restart$name
[17:47:42.433]                           if (is.null(name)) 
[17:47:42.433]                             next
[17:47:42.433]                           if (!grepl(pattern, name)) 
[17:47:42.433]                             next
[17:47:42.433]                           invokeRestart(restart)
[17:47:42.433]                           muffled <- TRUE
[17:47:42.433]                           break
[17:47:42.433]                         }
[17:47:42.433]                       }
[17:47:42.433]                     }
[17:47:42.433]                     invisible(muffled)
[17:47:42.433]                   }
[17:47:42.433]                   muffleCondition(cond)
[17:47:42.433]                 })
[17:47:42.433]             }))
[17:47:42.433]             future::FutureResult(value = ...future.value$value, 
[17:47:42.433]                 visible = ...future.value$visible, rng = !identical(base::globalenv()$.Random.seed, 
[17:47:42.433]                   ...future.rng), globalenv = if (FALSE) 
[17:47:42.433]                   list(added = base::setdiff(base::names(base::.GlobalEnv), 
[17:47:42.433]                     ...future.globalenv.names))
[17:47:42.433]                 else NULL, started = ...future.startTime, version = "1.8")
[17:47:42.433]         }, condition = base::local({
[17:47:42.433]             c <- base::c
[17:47:42.433]             inherits <- base::inherits
[17:47:42.433]             invokeRestart <- base::invokeRestart
[17:47:42.433]             length <- base::length
[17:47:42.433]             list <- base::list
[17:47:42.433]             seq.int <- base::seq.int
[17:47:42.433]             signalCondition <- base::signalCondition
[17:47:42.433]             sys.calls <- base::sys.calls
[17:47:42.433]             `[[` <- base::`[[`
[17:47:42.433]             `+` <- base::`+`
[17:47:42.433]             `<<-` <- base::`<<-`
[17:47:42.433]             sysCalls <- function(calls = sys.calls(), from = 1L) {
[17:47:42.433]                 calls[seq.int(from = from + 12L, to = length(calls) - 
[17:47:42.433]                   3L)]
[17:47:42.433]             }
[17:47:42.433]             function(cond) {
[17:47:42.433]                 is_error <- inherits(cond, "error")
[17:47:42.433]                 ignore <- !is_error && !is.null(NULL) && inherits(cond, 
[17:47:42.433]                   NULL)
[17:47:42.433]                 if (is_error) {
[17:47:42.433]                   sessionInformation <- function() {
[17:47:42.433]                     list(r = base::R.Version(), locale = base::Sys.getlocale(), 
[17:47:42.433]                       rngkind = base::RNGkind(), namespaces = base::loadedNamespaces(), 
[17:47:42.433]                       search = base::search(), system = base::Sys.info())
[17:47:42.433]                   }
[17:47:42.433]                   ...future.conditions[[length(...future.conditions) + 
[17:47:42.433]                     1L]] <<- list(condition = cond, calls = c(sysCalls(from = ...future.frame), 
[17:47:42.433]                     cond$call), session = sessionInformation(), 
[17:47:42.433]                     timestamp = base::Sys.time(), signaled = 0L)
[17:47:42.433]                   signalCondition(cond)
[17:47:42.433]                 }
[17:47:42.433]                 else if (!ignore && TRUE && inherits(cond, c("condition", 
[17:47:42.433]                 "immediateCondition"))) {
[17:47:42.433]                   signal <- TRUE && inherits(cond, "immediateCondition")
[17:47:42.433]                   ...future.conditions[[length(...future.conditions) + 
[17:47:42.433]                     1L]] <<- list(condition = cond, signaled = base::as.integer(signal))
[17:47:42.433]                   if (TRUE && !signal) {
[17:47:42.433]                     muffleCondition <- function (cond, pattern = "^muffle") 
[17:47:42.433]                     {
[17:47:42.433]                       inherits <- base::inherits
[17:47:42.433]                       invokeRestart <- base::invokeRestart
[17:47:42.433]                       is.null <- base::is.null
[17:47:42.433]                       muffled <- FALSE
[17:47:42.433]                       if (inherits(cond, "message")) {
[17:47:42.433]                         muffled <- grepl(pattern, "muffleMessage")
[17:47:42.433]                         if (muffled) 
[17:47:42.433]                           invokeRestart("muffleMessage")
[17:47:42.433]                       }
[17:47:42.433]                       else if (inherits(cond, "warning")) {
[17:47:42.433]                         muffled <- grepl(pattern, "muffleWarning")
[17:47:42.433]                         if (muffled) 
[17:47:42.433]                           invokeRestart("muffleWarning")
[17:47:42.433]                       }
[17:47:42.433]                       else if (inherits(cond, "condition")) {
[17:47:42.433]                         if (!is.null(pattern)) {
[17:47:42.433]                           computeRestarts <- base::computeRestarts
[17:47:42.433]                           grepl <- base::grepl
[17:47:42.433]                           restarts <- computeRestarts(cond)
[17:47:42.433]                           for (restart in restarts) {
[17:47:42.433]                             name <- restart$name
[17:47:42.433]                             if (is.null(name)) 
[17:47:42.433]                               next
[17:47:42.433]                             if (!grepl(pattern, name)) 
[17:47:42.433]                               next
[17:47:42.433]                             invokeRestart(restart)
[17:47:42.433]                             muffled <- TRUE
[17:47:42.433]                             break
[17:47:42.433]                           }
[17:47:42.433]                         }
[17:47:42.433]                       }
[17:47:42.433]                       invisible(muffled)
[17:47:42.433]                     }
[17:47:42.433]                     muffleCondition(cond, pattern = "^muffle")
[17:47:42.433]                   }
[17:47:42.433]                 }
[17:47:42.433]                 else {
[17:47:42.433]                   if (TRUE) {
[17:47:42.433]                     muffleCondition <- function (cond, pattern = "^muffle") 
[17:47:42.433]                     {
[17:47:42.433]                       inherits <- base::inherits
[17:47:42.433]                       invokeRestart <- base::invokeRestart
[17:47:42.433]                       is.null <- base::is.null
[17:47:42.433]                       muffled <- FALSE
[17:47:42.433]                       if (inherits(cond, "message")) {
[17:47:42.433]                         muffled <- grepl(pattern, "muffleMessage")
[17:47:42.433]                         if (muffled) 
[17:47:42.433]                           invokeRestart("muffleMessage")
[17:47:42.433]                       }
[17:47:42.433]                       else if (inherits(cond, "warning")) {
[17:47:42.433]                         muffled <- grepl(pattern, "muffleWarning")
[17:47:42.433]                         if (muffled) 
[17:47:42.433]                           invokeRestart("muffleWarning")
[17:47:42.433]                       }
[17:47:42.433]                       else if (inherits(cond, "condition")) {
[17:47:42.433]                         if (!is.null(pattern)) {
[17:47:42.433]                           computeRestarts <- base::computeRestarts
[17:47:42.433]                           grepl <- base::grepl
[17:47:42.433]                           restarts <- computeRestarts(cond)
[17:47:42.433]                           for (restart in restarts) {
[17:47:42.433]                             name <- restart$name
[17:47:42.433]                             if (is.null(name)) 
[17:47:42.433]                               next
[17:47:42.433]                             if (!grepl(pattern, name)) 
[17:47:42.433]                               next
[17:47:42.433]                             invokeRestart(restart)
[17:47:42.433]                             muffled <- TRUE
[17:47:42.433]                             break
[17:47:42.433]                           }
[17:47:42.433]                         }
[17:47:42.433]                       }
[17:47:42.433]                       invisible(muffled)
[17:47:42.433]                     }
[17:47:42.433]                     muffleCondition(cond, pattern = "^muffle")
[17:47:42.433]                   }
[17:47:42.433]                 }
[17:47:42.433]             }
[17:47:42.433]         }))
[17:47:42.433]     }, error = function(ex) {
[17:47:42.433]         base::structure(base::list(value = NULL, visible = NULL, 
[17:47:42.433]             conditions = ...future.conditions, rng = !identical(base::globalenv()$.Random.seed, 
[17:47:42.433]                 ...future.rng), started = ...future.startTime, 
[17:47:42.433]             finished = Sys.time(), session_uuid = NA_character_, 
[17:47:42.433]             version = "1.8"), class = "FutureResult")
[17:47:42.433]     }, finally = {
[17:47:42.433]         if (!identical(...future.workdir, getwd())) 
[17:47:42.433]             setwd(...future.workdir)
[17:47:42.433]         {
[17:47:42.433]             if (identical(getOption("nwarnings"), ...future.oldOptions$nwarnings)) {
[17:47:42.433]                 ...future.oldOptions$nwarnings <- NULL
[17:47:42.433]             }
[17:47:42.433]             base::options(...future.oldOptions)
[17:47:42.433]             if (.Platform$OS.type == "windows") {
[17:47:42.433]                 old_names <- names(...future.oldEnvVars)
[17:47:42.433]                 envs <- base::Sys.getenv()
[17:47:42.433]                 names <- names(envs)
[17:47:42.433]                 common <- intersect(names, old_names)
[17:47:42.433]                 added <- setdiff(names, old_names)
[17:47:42.433]                 removed <- setdiff(old_names, names)
[17:47:42.433]                 changed <- common[...future.oldEnvVars[common] != 
[17:47:42.433]                   envs[common]]
[17:47:42.433]                 NAMES <- toupper(changed)
[17:47:42.433]                 args <- list()
[17:47:42.433]                 for (kk in seq_along(NAMES)) {
[17:47:42.433]                   name <- changed[[kk]]
[17:47:42.433]                   NAME <- NAMES[[kk]]
[17:47:42.433]                   if (name != NAME && is.element(NAME, old_names)) 
[17:47:42.433]                     next
[17:47:42.433]                   args[[name]] <- ...future.oldEnvVars[[name]]
[17:47:42.433]                 }
[17:47:42.433]                 NAMES <- toupper(added)
[17:47:42.433]                 for (kk in seq_along(NAMES)) {
[17:47:42.433]                   name <- added[[kk]]
[17:47:42.433]                   NAME <- NAMES[[kk]]
[17:47:42.433]                   if (name != NAME && is.element(NAME, old_names)) 
[17:47:42.433]                     next
[17:47:42.433]                   args[[name]] <- ""
[17:47:42.433]                 }
[17:47:42.433]                 NAMES <- toupper(removed)
[17:47:42.433]                 for (kk in seq_along(NAMES)) {
[17:47:42.433]                   name <- removed[[kk]]
[17:47:42.433]                   NAME <- NAMES[[kk]]
[17:47:42.433]                   if (name != NAME && is.element(NAME, old_names)) 
[17:47:42.433]                     next
[17:47:42.433]                   args[[name]] <- ...future.oldEnvVars[[name]]
[17:47:42.433]                 }
[17:47:42.433]                 if (length(args) > 0) 
[17:47:42.433]                   base::do.call(base::Sys.setenv, args = args)
[17:47:42.433]                 args <- names <- old_names <- NAMES <- envs <- common <- added <- removed <- NULL
[17:47:42.433]             }
[17:47:42.433]             else {
[17:47:42.433]                 base::do.call(base::Sys.setenv, args = base::as.list(...future.oldEnvVars))
[17:47:42.433]             }
[17:47:42.433]             {
[17:47:42.433]                 if (base::length(...future.futureOptionsAdded) > 
[17:47:42.433]                   0L) {
[17:47:42.433]                   opts <- base::vector("list", length = base::length(...future.futureOptionsAdded))
[17:47:42.433]                   base::names(opts) <- ...future.futureOptionsAdded
[17:47:42.433]                   base::options(opts)
[17:47:42.433]                 }
[17:47:42.433]                 {
[17:47:42.433]                   {
[17:47:42.433]                     base::options(mc.cores = ...future.mc.cores.old)
[17:47:42.433]                     NULL
[17:47:42.433]                   }
[17:47:42.433]                   options(future.plan = NULL)
[17:47:42.433]                   if (is.na(NA_character_)) 
[17:47:42.433]                     Sys.unsetenv("R_FUTURE_PLAN")
[17:47:42.433]                   else Sys.setenv(R_FUTURE_PLAN = NA_character_)
[17:47:42.433]                   future::plan(...future.strategy.old, .cleanup = FALSE, 
[17:47:42.433]                     .init = FALSE)
[17:47:42.433]                 }
[17:47:42.433]             }
[17:47:42.433]         }
[17:47:42.433]     })
[17:47:42.433]     if (TRUE) {
[17:47:42.433]         base::sink(type = "output", split = FALSE)
[17:47:42.433]         if (TRUE) {
[17:47:42.433]             ...future.result$stdout <- base::rawToChar(base::rawConnectionValue(...future.stdout))
[17:47:42.433]         }
[17:47:42.433]         else {
[17:47:42.433]             ...future.result["stdout"] <- base::list(NULL)
[17:47:42.433]         }
[17:47:42.433]         base::close(...future.stdout)
[17:47:42.433]         ...future.stdout <- NULL
[17:47:42.433]     }
[17:47:42.433]     ...future.result$conditions <- ...future.conditions
[17:47:42.433]     ...future.result$finished <- base::Sys.time()
[17:47:42.433]     ...future.result
[17:47:42.433] }
[17:47:42.435] requestCore(): workers = 2
[17:47:42.438] MulticoreFuture started
[17:47:42.438] - Launch lazy future ... done
[17:47:42.448] run() for ‘MulticoreFuture’ ... done
[17:47:42.448] plan(): Setting new future strategy stack:
[17:47:42.448] requestCore(): workers = 1
[17:47:42.448] List of future strategies:
[17:47:42.448] 1. sequential:
[17:47:42.448]    - args: function (..., envir = parent.frame(), workers = "<NULL>")
[17:47:42.448]    - tweaked: FALSE
[17:47:42.448]    - call: NULL
[17:47:42.449] plan(): nbrOfWorkers() = 1
[17:47:42.449] Poll #1 (0): usedCores() = 1, workers = 1
[17:47:42.551] Poll #2 (0.1 secs): usedCores() = 1, workers = 1
[17:47:42.655] Poll #3 (0.21 secs): usedCores() = 1, workers = 1
[17:47:42.757] Poll #4 (0.31 secs): usedCores() = 1, workers = 1
[17:47:42.861] Poll #5 (0.41 secs): usedCores() = 1, workers = 1
[17:47:42.966] TIMEOUT: All 1 cores are still occupied after 0.52 secs (polled 6 times)
Error in requestCore(function() { : 
  TIMEOUT: All 1 cores are still occupied after 0.52 secs (polled 6 times)
[17:47:42.968] result() for MulticoreFuture ...
[17:47:44.454] plan(): Setting new future strategy stack:
[17:47:44.454] List of future strategies:
[17:47:44.454] 1. multicore:
[17:47:44.454]    - args: function (..., workers = 2L, envir = parent.frame())
[17:47:44.454]    - tweaked: TRUE
[17:47:44.454]    - call: plan(multicore, workers = 2L)
[17:47:44.455] plan(): nbrOfWorkers() = 2
[17:47:44.459] result() for MulticoreFuture ...
[17:47:44.459] result() for MulticoreFuture ... done
[17:47:44.459] result() for MulticoreFuture ... done
[17:47:44.460] result() for MulticoreFuture ...
[17:47:44.460] result() for MulticoreFuture ... done
*** requestCore() - timeout ... DONE
> 
> message("*** requestCore() ... DONE")
*** requestCore() ... DONE
> 
> source("incl/end.R")
[17:47:44.460] plan(): Setting new future strategy stack:
[17:47:44.461] List of future strategies:
[17:47:44.461] 1. FutureStrategy:
[17:47:44.461]    - args: function (..., envir = parent.frame(), workers = "<NULL>")
[17:47:44.461]    - tweaked: FALSE
[17:47:44.461]    - call: future::plan(oplan)
[17:47:44.461] plan(): nbrOfWorkers() = 1
> 
