
R version 4.4.0 (2024-04-24) -- "Puppy Cup"
Copyright (C) 2024 The R Foundation for Statistical Computing
Platform: x86_64-pc-linux-gnu

R is free software and comes with ABSOLUTELY NO WARRANTY.
You are welcome to redistribute it under certain conditions.
Type 'license()' or 'licence()' for distribution details.

R is a collaborative project with many contributors.
Type 'contributors()' for more information and
'citation()' on how to cite R or R packages in publications.

Type 'demo()' for some demos, 'help()' for on-line help, or
'help.start()' for an HTML browser interface to help.
Type 'q()' to quit R.

> source("incl/start.R")
[17:48:35.280] plan(): Setting new future strategy stack:
[17:48:35.280] List of future strategies:
[17:48:35.280] 1. sequential:
[17:48:35.280]    - args: function (..., envir = parent.frame(), workers = "<NULL>")
[17:48:35.280]    - tweaked: FALSE
[17:48:35.280]    - call: future::plan("sequential")
[17:48:35.291] plan(): nbrOfWorkers() = 1
> 
> message("*** sequential() ...")
*** sequential() ...
> 
> message("- sequential() w/ required packages ...")
- sequential() w/ required packages ...
> 
> f <- future(median(1:3), lazy = TRUE)
[17:48:35.305] getGlobalsAndPackages() ...
[17:48:35.305] Searching for globals...
[17:48:35.309] - globals found: [2] ‘median’, ‘:’
[17:48:35.309] Searching for globals ... DONE
[17:48:35.309] Resolving globals: FALSE
[17:48:35.310] 
[17:48:35.310] - packages: [1] ‘stats’
[17:48:35.310] getGlobalsAndPackages() ... DONE
> print(f)
Future:
Label: ‘<none>’
Expression:
median(1:3)
Lazy evaluation: TRUE
Asynchronous evaluation: TRUE
Local evaluation: TRUE
Environment: R_GlobalEnv
Capture standard output: TRUE
Capture condition classes: ‘condition’ (excluding ‘nothing’)
Globals: <none>
Packages: 1 packages (‘stats’)
L'Ecuyer-CMRG RNG seed: <none> (seed = FALSE)
Resolved: FALSE
Value: <not collected>
Conditions captured: <none>
Early signaling: FALSE
Owner process: 245d36f3-4cb9-ae3c-8e55-0b607fd30be7
Class: ‘Future’, ‘environment’
> 
> ## Doesn't work if covr that depends on stats is loaded
> try(unloadNamespace("stats"))
> 
> v <- value(f)
[17:48:35.313] run() for ‘Future’ ...
[17:48:35.313] - state: ‘created’
[17:48:35.313] - Future backend: ‘FutureStrategy’, ‘sequential’, ‘uniprocess’, ‘future’, ‘function’
[17:48:35.314] - Future class: ‘SequentialFuture’, ‘UniprocessFuture’, ‘Future’, ‘environment’
[17:48:35.314] - Copy elements of temporary ‘SequentialFuture’ to final ‘Future’ object ...
[17:48:35.314]   - Field: ‘label’
[17:48:35.314]   - Field: ‘local’
[17:48:35.314]   - Field: ‘owner’
[17:48:35.314]   - Field: ‘envir’
[17:48:35.314]   - Field: ‘packages’
[17:48:35.314]   - Field: ‘gc’
[17:48:35.314]   - Field: ‘conditions’
[17:48:35.315]   - Field: ‘expr’
[17:48:35.315]   - Field: ‘uuid’
[17:48:35.315]   - Field: ‘seed’
[17:48:35.315]   - Field: ‘version’
[17:48:35.315]   - Field: ‘result’
[17:48:35.315]   - Field: ‘asynchronous’
[17:48:35.315]   - Field: ‘calls’
[17:48:35.315]   - Field: ‘globals’
[17:48:35.315]   - Field: ‘stdout’
[17:48:35.315]   - Field: ‘earlySignal’
[17:48:35.315]   - Field: ‘lazy’
[17:48:35.316]   - Field: ‘state’
[17:48:35.316] - Copy elements of temporary ‘SequentialFuture’ to final ‘Future’ object ... done
[17:48:35.316] - Launch lazy future ...
[17:48:35.316] Packages needed by the future expression (n = 1): ‘stats’
[17:48:35.317] Packages needed by future strategies (n = 0): <none>
[17:48:35.359] {
[17:48:35.359]     {
[17:48:35.359]         {
[17:48:35.359]             ...future.startTime <- base::Sys.time()
[17:48:35.359]             {
[17:48:35.359]                 {
[17:48:35.359]                   {
[17:48:35.359]                     {
[17:48:35.359]                       base::local({
[17:48:35.359]                         has_future <- base::requireNamespace("future", 
[17:48:35.359]                           quietly = TRUE)
[17:48:35.359]                         if (has_future) {
[17:48:35.359]                           ns <- base::getNamespace("future")
[17:48:35.359]                           version <- ns[[".package"]][["version"]]
[17:48:35.359]                           if (is.null(version)) 
[17:48:35.359]                             version <- utils::packageVersion("future")
[17:48:35.359]                         }
[17:48:35.359]                         else {
[17:48:35.359]                           version <- NULL
[17:48:35.359]                         }
[17:48:35.359]                         if (!has_future || version < "1.8.0") {
[17:48:35.359]                           info <- base::c(r_version = base::gsub("R version ", 
[17:48:35.359]                             "", base::R.version$version.string), 
[17:48:35.359]                             platform = base::sprintf("%s (%s-bit)", 
[17:48:35.359]                               base::R.version$platform, 8 * base::.Machine$sizeof.pointer), 
[17:48:35.359]                             os = base::paste(base::Sys.info()[base::c("sysname", 
[17:48:35.359]                               "release", "version")], collapse = " "), 
[17:48:35.359]                             hostname = base::Sys.info()[["nodename"]])
[17:48:35.359]                           info <- base::sprintf("%s: %s", base::names(info), 
[17:48:35.359]                             info)
[17:48:35.359]                           info <- base::paste(info, collapse = "; ")
[17:48:35.359]                           if (!has_future) {
[17:48:35.359]                             msg <- base::sprintf("Package 'future' is not installed on worker (%s)", 
[17:48:35.359]                               info)
[17:48:35.359]                           }
[17:48:35.359]                           else {
[17:48:35.359]                             msg <- base::sprintf("Package 'future' on worker (%s) must be of version >= 1.8.0: %s", 
[17:48:35.359]                               info, version)
[17:48:35.359]                           }
[17:48:35.359]                           base::stop(msg)
[17:48:35.359]                         }
[17:48:35.359]                       })
[17:48:35.359]                     }
[17:48:35.359]                     base::local({
[17:48:35.359]                       for (pkg in "stats") {
[17:48:35.359]                         base::loadNamespace(pkg)
[17:48:35.359]                         base::library(pkg, character.only = TRUE)
[17:48:35.359]                       }
[17:48:35.359]                     })
[17:48:35.359]                   }
[17:48:35.359]                   ...future.strategy.old <- future::plan("list")
[17:48:35.359]                   options(future.plan = NULL)
[17:48:35.359]                   Sys.unsetenv("R_FUTURE_PLAN")
[17:48:35.359]                   future::plan("default", .cleanup = FALSE, .init = FALSE)
[17:48:35.359]                 }
[17:48:35.359]                 ...future.workdir <- getwd()
[17:48:35.359]             }
[17:48:35.359]             ...future.oldOptions <- base::as.list(base::.Options)
[17:48:35.359]             ...future.oldEnvVars <- base::Sys.getenv()
[17:48:35.359]         }
[17:48:35.359]         base::options(future.startup.script = FALSE, future.globals.onMissing = NULL, 
[17:48:35.359]             future.globals.maxSize = NULL, future.globals.method = NULL, 
[17:48:35.359]             future.globals.onMissing = NULL, future.globals.onReference = NULL, 
[17:48:35.359]             future.globals.resolve = NULL, future.resolve.recursive = NULL, 
[17:48:35.359]             future.rng.onMisuse = NULL, future.rng.onMisuse.keepFuture = NULL, 
[17:48:35.359]             future.stdout.windows.reencode = NULL, width = 80L)
[17:48:35.359]         ...future.futureOptionsAdded <- base::setdiff(base::names(base::.Options), 
[17:48:35.359]             base::names(...future.oldOptions))
[17:48:35.359]     }
[17:48:35.359]     if (FALSE) {
[17:48:35.359]     }
[17:48:35.359]     else {
[17:48:35.359]         if (TRUE) {
[17:48:35.359]             ...future.stdout <- base::rawConnection(base::raw(0L), 
[17:48:35.359]                 open = "w")
[17:48:35.359]         }
[17:48:35.359]         else {
[17:48:35.359]             ...future.stdout <- base::file(base::switch(.Platform$OS.type, 
[17:48:35.359]                 windows = "NUL", "/dev/null"), open = "w")
[17:48:35.359]         }
[17:48:35.359]         base::sink(...future.stdout, type = "output", split = FALSE)
[17:48:35.359]         base::on.exit(if (!base::is.null(...future.stdout)) {
[17:48:35.359]             base::sink(type = "output", split = FALSE)
[17:48:35.359]             base::close(...future.stdout)
[17:48:35.359]         }, add = TRUE)
[17:48:35.359]     }
[17:48:35.359]     ...future.frame <- base::sys.nframe()
[17:48:35.359]     ...future.conditions <- base::list()
[17:48:35.359]     ...future.rng <- base::globalenv()$.Random.seed
[17:48:35.359]     if (FALSE) {
[17:48:35.359]         ...future.globalenv.names <- c(base::names(base::.GlobalEnv), 
[17:48:35.359]             "...future.value", "...future.globalenv.names", ".Random.seed")
[17:48:35.359]     }
[17:48:35.359]     ...future.result <- base::tryCatch({
[17:48:35.359]         base::withCallingHandlers({
[17:48:35.359]             ...future.value <- base::withVisible(base::local(median(1:3)))
[17:48:35.359]             future::FutureResult(value = ...future.value$value, 
[17:48:35.359]                 visible = ...future.value$visible, rng = !identical(base::globalenv()$.Random.seed, 
[17:48:35.359]                   ...future.rng), globalenv = if (FALSE) 
[17:48:35.359]                   list(added = base::setdiff(base::names(base::.GlobalEnv), 
[17:48:35.359]                     ...future.globalenv.names))
[17:48:35.359]                 else NULL, started = ...future.startTime, version = "1.8")
[17:48:35.359]         }, condition = base::local({
[17:48:35.359]             c <- base::c
[17:48:35.359]             inherits <- base::inherits
[17:48:35.359]             invokeRestart <- base::invokeRestart
[17:48:35.359]             length <- base::length
[17:48:35.359]             list <- base::list
[17:48:35.359]             seq.int <- base::seq.int
[17:48:35.359]             signalCondition <- base::signalCondition
[17:48:35.359]             sys.calls <- base::sys.calls
[17:48:35.359]             `[[` <- base::`[[`
[17:48:35.359]             `+` <- base::`+`
[17:48:35.359]             `<<-` <- base::`<<-`
[17:48:35.359]             sysCalls <- function(calls = sys.calls(), from = 1L) {
[17:48:35.359]                 calls[seq.int(from = from + 12L, to = length(calls) - 
[17:48:35.359]                   3L)]
[17:48:35.359]             }
[17:48:35.359]             function(cond) {
[17:48:35.359]                 is_error <- inherits(cond, "error")
[17:48:35.359]                 ignore <- !is_error && !is.null(NULL) && inherits(cond, 
[17:48:35.359]                   NULL)
[17:48:35.359]                 if (is_error) {
[17:48:35.359]                   sessionInformation <- function() {
[17:48:35.359]                     list(r = base::R.Version(), locale = base::Sys.getlocale(), 
[17:48:35.359]                       rngkind = base::RNGkind(), namespaces = base::loadedNamespaces(), 
[17:48:35.359]                       search = base::search(), system = base::Sys.info())
[17:48:35.359]                   }
[17:48:35.359]                   ...future.conditions[[length(...future.conditions) + 
[17:48:35.359]                     1L]] <<- list(condition = cond, calls = c(sysCalls(from = ...future.frame), 
[17:48:35.359]                     cond$call), session = sessionInformation(), 
[17:48:35.359]                     timestamp = base::Sys.time(), signaled = 0L)
[17:48:35.359]                   signalCondition(cond)
[17:48:35.359]                 }
[17:48:35.359]                 else if (!ignore && TRUE && inherits(cond, c("condition", 
[17:48:35.359]                 "immediateCondition"))) {
[17:48:35.359]                   signal <- TRUE && inherits(cond, "immediateCondition")
[17:48:35.359]                   ...future.conditions[[length(...future.conditions) + 
[17:48:35.359]                     1L]] <<- list(condition = cond, signaled = base::as.integer(signal))
[17:48:35.359]                   if (TRUE && !signal) {
[17:48:35.359]                     muffleCondition <- function (cond, pattern = "^muffle") 
[17:48:35.359]                     {
[17:48:35.359]                       inherits <- base::inherits
[17:48:35.359]                       invokeRestart <- base::invokeRestart
[17:48:35.359]                       is.null <- base::is.null
[17:48:35.359]                       muffled <- FALSE
[17:48:35.359]                       if (inherits(cond, "message")) {
[17:48:35.359]                         muffled <- grepl(pattern, "muffleMessage")
[17:48:35.359]                         if (muffled) 
[17:48:35.359]                           invokeRestart("muffleMessage")
[17:48:35.359]                       }
[17:48:35.359]                       else if (inherits(cond, "warning")) {
[17:48:35.359]                         muffled <- grepl(pattern, "muffleWarning")
[17:48:35.359]                         if (muffled) 
[17:48:35.359]                           invokeRestart("muffleWarning")
[17:48:35.359]                       }
[17:48:35.359]                       else if (inherits(cond, "condition")) {
[17:48:35.359]                         if (!is.null(pattern)) {
[17:48:35.359]                           computeRestarts <- base::computeRestarts
[17:48:35.359]                           grepl <- base::grepl
[17:48:35.359]                           restarts <- computeRestarts(cond)
[17:48:35.359]                           for (restart in restarts) {
[17:48:35.359]                             name <- restart$name
[17:48:35.359]                             if (is.null(name)) 
[17:48:35.359]                               next
[17:48:35.359]                             if (!grepl(pattern, name)) 
[17:48:35.359]                               next
[17:48:35.359]                             invokeRestart(restart)
[17:48:35.359]                             muffled <- TRUE
[17:48:35.359]                             break
[17:48:35.359]                           }
[17:48:35.359]                         }
[17:48:35.359]                       }
[17:48:35.359]                       invisible(muffled)
[17:48:35.359]                     }
[17:48:35.359]                     muffleCondition(cond, pattern = "^muffle")
[17:48:35.359]                   }
[17:48:35.359]                 }
[17:48:35.359]                 else {
[17:48:35.359]                   if (TRUE) {
[17:48:35.359]                     muffleCondition <- function (cond, pattern = "^muffle") 
[17:48:35.359]                     {
[17:48:35.359]                       inherits <- base::inherits
[17:48:35.359]                       invokeRestart <- base::invokeRestart
[17:48:35.359]                       is.null <- base::is.null
[17:48:35.359]                       muffled <- FALSE
[17:48:35.359]                       if (inherits(cond, "message")) {
[17:48:35.359]                         muffled <- grepl(pattern, "muffleMessage")
[17:48:35.359]                         if (muffled) 
[17:48:35.359]                           invokeRestart("muffleMessage")
[17:48:35.359]                       }
[17:48:35.359]                       else if (inherits(cond, "warning")) {
[17:48:35.359]                         muffled <- grepl(pattern, "muffleWarning")
[17:48:35.359]                         if (muffled) 
[17:48:35.359]                           invokeRestart("muffleWarning")
[17:48:35.359]                       }
[17:48:35.359]                       else if (inherits(cond, "condition")) {
[17:48:35.359]                         if (!is.null(pattern)) {
[17:48:35.359]                           computeRestarts <- base::computeRestarts
[17:48:35.359]                           grepl <- base::grepl
[17:48:35.359]                           restarts <- computeRestarts(cond)
[17:48:35.359]                           for (restart in restarts) {
[17:48:35.359]                             name <- restart$name
[17:48:35.359]                             if (is.null(name)) 
[17:48:35.359]                               next
[17:48:35.359]                             if (!grepl(pattern, name)) 
[17:48:35.359]                               next
[17:48:35.359]                             invokeRestart(restart)
[17:48:35.359]                             muffled <- TRUE
[17:48:35.359]                             break
[17:48:35.359]                           }
[17:48:35.359]                         }
[17:48:35.359]                       }
[17:48:35.359]                       invisible(muffled)
[17:48:35.359]                     }
[17:48:35.359]                     muffleCondition(cond, pattern = "^muffle")
[17:48:35.359]                   }
[17:48:35.359]                 }
[17:48:35.359]             }
[17:48:35.359]         }))
[17:48:35.359]     }, error = function(ex) {
[17:48:35.359]         base::structure(base::list(value = NULL, visible = NULL, 
[17:48:35.359]             conditions = ...future.conditions, rng = !identical(base::globalenv()$.Random.seed, 
[17:48:35.359]                 ...future.rng), started = ...future.startTime, 
[17:48:35.359]             finished = Sys.time(), session_uuid = NA_character_, 
[17:48:35.359]             version = "1.8"), class = "FutureResult")
[17:48:35.359]     }, finally = {
[17:48:35.359]         if (!identical(...future.workdir, getwd())) 
[17:48:35.359]             setwd(...future.workdir)
[17:48:35.359]         {
[17:48:35.359]             if (identical(getOption("nwarnings"), ...future.oldOptions$nwarnings)) {
[17:48:35.359]                 ...future.oldOptions$nwarnings <- NULL
[17:48:35.359]             }
[17:48:35.359]             base::options(...future.oldOptions)
[17:48:35.359]             if (.Platform$OS.type == "windows") {
[17:48:35.359]                 old_names <- names(...future.oldEnvVars)
[17:48:35.359]                 envs <- base::Sys.getenv()
[17:48:35.359]                 names <- names(envs)
[17:48:35.359]                 common <- intersect(names, old_names)
[17:48:35.359]                 added <- setdiff(names, old_names)
[17:48:35.359]                 removed <- setdiff(old_names, names)
[17:48:35.359]                 changed <- common[...future.oldEnvVars[common] != 
[17:48:35.359]                   envs[common]]
[17:48:35.359]                 NAMES <- toupper(changed)
[17:48:35.359]                 args <- list()
[17:48:35.359]                 for (kk in seq_along(NAMES)) {
[17:48:35.359]                   name <- changed[[kk]]
[17:48:35.359]                   NAME <- NAMES[[kk]]
[17:48:35.359]                   if (name != NAME && is.element(NAME, old_names)) 
[17:48:35.359]                     next
[17:48:35.359]                   args[[name]] <- ...future.oldEnvVars[[name]]
[17:48:35.359]                 }
[17:48:35.359]                 NAMES <- toupper(added)
[17:48:35.359]                 for (kk in seq_along(NAMES)) {
[17:48:35.359]                   name <- added[[kk]]
[17:48:35.359]                   NAME <- NAMES[[kk]]
[17:48:35.359]                   if (name != NAME && is.element(NAME, old_names)) 
[17:48:35.359]                     next
[17:48:35.359]                   args[[name]] <- ""
[17:48:35.359]                 }
[17:48:35.359]                 NAMES <- toupper(removed)
[17:48:35.359]                 for (kk in seq_along(NAMES)) {
[17:48:35.359]                   name <- removed[[kk]]
[17:48:35.359]                   NAME <- NAMES[[kk]]
[17:48:35.359]                   if (name != NAME && is.element(NAME, old_names)) 
[17:48:35.359]                     next
[17:48:35.359]                   args[[name]] <- ...future.oldEnvVars[[name]]
[17:48:35.359]                 }
[17:48:35.359]                 if (length(args) > 0) 
[17:48:35.359]                   base::do.call(base::Sys.setenv, args = args)
[17:48:35.359]                 args <- names <- old_names <- NAMES <- envs <- common <- added <- removed <- NULL
[17:48:35.359]             }
[17:48:35.359]             else {
[17:48:35.359]                 base::do.call(base::Sys.setenv, args = base::as.list(...future.oldEnvVars))
[17:48:35.359]             }
[17:48:35.359]             {
[17:48:35.359]                 if (base::length(...future.futureOptionsAdded) > 
[17:48:35.359]                   0L) {
[17:48:35.359]                   opts <- base::vector("list", length = base::length(...future.futureOptionsAdded))
[17:48:35.359]                   base::names(opts) <- ...future.futureOptionsAdded
[17:48:35.359]                   base::options(opts)
[17:48:35.359]                 }
[17:48:35.359]                 {
[17:48:35.359]                   {
[17:48:35.359]                     NULL
[17:48:35.359]                     RNGkind("Mersenne-Twister")
[17:48:35.359]                     base::rm(list = ".Random.seed", envir = base::globalenv(), 
[17:48:35.359]                       inherits = FALSE)
[17:48:35.359]                   }
[17:48:35.359]                   options(future.plan = NULL)
[17:48:35.359]                   if (is.na(NA_character_)) 
[17:48:35.359]                     Sys.unsetenv("R_FUTURE_PLAN")
[17:48:35.359]                   else Sys.setenv(R_FUTURE_PLAN = NA_character_)
[17:48:35.359]                   future::plan(...future.strategy.old, .cleanup = FALSE, 
[17:48:35.359]                     .init = FALSE)
[17:48:35.359]                 }
[17:48:35.359]             }
[17:48:35.359]         }
[17:48:35.359]     })
[17:48:35.359]     if (TRUE) {
[17:48:35.359]         base::sink(type = "output", split = FALSE)
[17:48:35.359]         if (TRUE) {
[17:48:35.359]             ...future.result$stdout <- base::rawToChar(base::rawConnectionValue(...future.stdout))
[17:48:35.359]         }
[17:48:35.359]         else {
[17:48:35.359]             ...future.result["stdout"] <- base::list(NULL)
[17:48:35.359]         }
[17:48:35.359]         base::close(...future.stdout)
[17:48:35.359]         ...future.stdout <- NULL
[17:48:35.359]     }
[17:48:35.359]     ...future.result$conditions <- ...future.conditions
[17:48:35.359]     ...future.result$finished <- base::Sys.time()
[17:48:35.359]     ...future.result
[17:48:35.359] }
[17:48:35.363] plan(): Setting new future strategy stack:
[17:48:35.363] List of future strategies:
[17:48:35.363] 1. sequential:
[17:48:35.363]    - args: function (..., envir = parent.frame(), workers = "<NULL>")
[17:48:35.363]    - tweaked: FALSE
[17:48:35.363]    - call: NULL
[17:48:35.364] plan(): nbrOfWorkers() = 1
[17:48:35.365] plan(): Setting new future strategy stack:
[17:48:35.365] List of future strategies:
[17:48:35.365] 1. sequential:
[17:48:35.365]    - args: function (..., envir = parent.frame(), workers = "<NULL>")
[17:48:35.365]    - tweaked: FALSE
[17:48:35.365]    - call: future::plan("sequential")
[17:48:35.366] plan(): nbrOfWorkers() = 1
[17:48:35.366] SequentialFuture started (and completed)
[17:48:35.366] - Launch lazy future ... done
[17:48:35.366] run() for ‘SequentialFuture’ ... done
> print(v)
[1] 2
> stopifnot(identical(v, 2L))
> 
> stopifnot("stats" %in% loadedNamespaces())
> 
> message("- SequentialFuture() - 'local = FALSE' is defunct ...")
- SequentialFuture() - 'local = FALSE' is defunct ...
> 
> res <- tryCatch({
+   f <- SequentialFuture(42, local = FALSE)
+ }, error = identity)
[17:48:35.367] getGlobalsAndPackages() ...
[17:48:35.367] Searching for globals...
[17:48:35.367] 
[17:48:35.367] Searching for globals ... DONE
[17:48:35.368] - globals: [0] <none>
[17:48:35.368] getGlobalsAndPackages() ... DONE
> stopifnot(inherits(res, "error"))
> 
> message("*** sequential() ... DONE")
*** sequential() ... DONE
> 
> source("incl/end.R")
[17:48:35.368] plan(): Setting new future strategy stack:
[17:48:35.368] List of future strategies:
[17:48:35.368] 1. FutureStrategy:
[17:48:35.368]    - args: function (..., envir = parent.frame(), workers = "<NULL>")
[17:48:35.368]    - tweaked: FALSE
[17:48:35.368]    - call: future::plan(oplan)
[17:48:35.382] plan(): nbrOfWorkers() = 1
> 
