
R version 4.4.0 (2024-04-24) -- "Puppy Cup"
Copyright (C) 2024 The R Foundation for Statistical Computing
Platform: x86_64-pc-linux-gnu

R is free software and comes with ABSOLUTELY NO WARRANTY.
You are welcome to redistribute it under certain conditions.
Type 'license()' or 'licence()' for distribution details.

R is a collaborative project with many contributors.
Type 'contributors()' for more information and
'citation()' on how to cite R or R packages in publications.

Type 'demo()' for some demos, 'help()' for on-line help, or
'help.start()' for an HTML browser interface to help.
Type 'q()' to quit R.

> source("incl/start.R")
[18:07:02.479] plan(): Setting new future strategy stack:
[18:07:02.480] List of future strategies:
[18:07:02.480] 1. sequential:
[18:07:02.480]    - args: function (..., envir = parent.frame(), workers = "<NULL>")
[18:07:02.480]    - tweaked: FALSE
[18:07:02.480]    - call: future::plan("sequential")
[18:07:02.503] plan(): nbrOfWorkers() = 1
> 
> message("*** sequential() ...")
*** sequential() ...
> 
> message("- sequential() w/ required packages ...")
- sequential() w/ required packages ...
> 
> f <- future(median(1:3), lazy = TRUE)
[18:07:02.526] getGlobalsAndPackages() ...
[18:07:02.526] Searching for globals...
[18:07:02.533] - globals found: [2] ‘median’, ‘:’
[18:07:02.533] Searching for globals ... DONE
[18:07:02.534] Resolving globals: FALSE
[18:07:02.535] 
[18:07:02.535] - packages: [1] ‘stats’
[18:07:02.535] getGlobalsAndPackages() ... DONE
> print(f)
Future:
Label: ‘<none>’
Expression:
median(1:3)
Lazy evaluation: TRUE
Asynchronous evaluation: TRUE
Local evaluation: TRUE
Environment: R_GlobalEnv
Capture standard output: TRUE
Capture condition classes: ‘condition’ (excluding ‘nothing’)
Globals: <none>
Packages: 1 packages (‘stats’)
L'Ecuyer-CMRG RNG seed: <none> (seed = FALSE)
Resolved: FALSE
Value: <not collected>
Conditions captured: <none>
Early signaling: FALSE
Owner process: 83a9542a-e7fb-cb23-6e58-26e364412506
Class: ‘Future’, ‘environment’
> 
> ## Doesn't work if covr that depends on stats is loaded
> try(unloadNamespace("stats"))
> 
> v <- value(f)
[18:07:02.540] run() for ‘Future’ ...
[18:07:02.540] - state: ‘created’
[18:07:02.541] - Future backend: ‘FutureStrategy’, ‘sequential’, ‘uniprocess’, ‘future’, ‘function’
[18:07:02.541] - Future class: ‘SequentialFuture’, ‘UniprocessFuture’, ‘Future’, ‘environment’
[18:07:02.542] - Copy elements of temporary ‘SequentialFuture’ to final ‘Future’ object ...
[18:07:02.542]   - Field: ‘label’
[18:07:02.542]   - Field: ‘local’
[18:07:02.542]   - Field: ‘owner’
[18:07:02.542]   - Field: ‘envir’
[18:07:02.543]   - Field: ‘packages’
[18:07:02.543]   - Field: ‘gc’
[18:07:02.543]   - Field: ‘conditions’
[18:07:02.543]   - Field: ‘expr’
[18:07:02.543]   - Field: ‘uuid’
[18:07:02.544]   - Field: ‘seed’
[18:07:02.544]   - Field: ‘version’
[18:07:02.544]   - Field: ‘result’
[18:07:02.544]   - Field: ‘asynchronous’
[18:07:02.544]   - Field: ‘calls’
[18:07:02.545]   - Field: ‘globals’
[18:07:02.545]   - Field: ‘stdout’
[18:07:02.545]   - Field: ‘earlySignal’
[18:07:02.545]   - Field: ‘lazy’
[18:07:02.545]   - Field: ‘state’
[18:07:02.546] - Copy elements of temporary ‘SequentialFuture’ to final ‘Future’ object ... done
[18:07:02.546] - Launch lazy future ...
[18:07:02.547] Packages needed by the future expression (n = 1): ‘stats’
[18:07:02.547] Packages needed by future strategies (n = 0): <none>
[18:07:02.629] {
[18:07:02.629]     {
[18:07:02.629]         {
[18:07:02.629]             ...future.startTime <- base::Sys.time()
[18:07:02.629]             {
[18:07:02.629]                 {
[18:07:02.629]                   {
[18:07:02.629]                     {
[18:07:02.629]                       base::local({
[18:07:02.629]                         has_future <- base::requireNamespace("future", 
[18:07:02.629]                           quietly = TRUE)
[18:07:02.629]                         if (has_future) {
[18:07:02.629]                           ns <- base::getNamespace("future")
[18:07:02.629]                           version <- ns[[".package"]][["version"]]
[18:07:02.629]                           if (is.null(version)) 
[18:07:02.629]                             version <- utils::packageVersion("future")
[18:07:02.629]                         }
[18:07:02.629]                         else {
[18:07:02.629]                           version <- NULL
[18:07:02.629]                         }
[18:07:02.629]                         if (!has_future || version < "1.8.0") {
[18:07:02.629]                           info <- base::c(r_version = base::gsub("R version ", 
[18:07:02.629]                             "", base::R.version$version.string), 
[18:07:02.629]                             platform = base::sprintf("%s (%s-bit)", 
[18:07:02.629]                               base::R.version$platform, 8 * base::.Machine$sizeof.pointer), 
[18:07:02.629]                             os = base::paste(base::Sys.info()[base::c("sysname", 
[18:07:02.629]                               "release", "version")], collapse = " "), 
[18:07:02.629]                             hostname = base::Sys.info()[["nodename"]])
[18:07:02.629]                           info <- base::sprintf("%s: %s", base::names(info), 
[18:07:02.629]                             info)
[18:07:02.629]                           info <- base::paste(info, collapse = "; ")
[18:07:02.629]                           if (!has_future) {
[18:07:02.629]                             msg <- base::sprintf("Package 'future' is not installed on worker (%s)", 
[18:07:02.629]                               info)
[18:07:02.629]                           }
[18:07:02.629]                           else {
[18:07:02.629]                             msg <- base::sprintf("Package 'future' on worker (%s) must be of version >= 1.8.0: %s", 
[18:07:02.629]                               info, version)
[18:07:02.629]                           }
[18:07:02.629]                           base::stop(msg)
[18:07:02.629]                         }
[18:07:02.629]                       })
[18:07:02.629]                     }
[18:07:02.629]                     base::local({
[18:07:02.629]                       for (pkg in "stats") {
[18:07:02.629]                         base::loadNamespace(pkg)
[18:07:02.629]                         base::library(pkg, character.only = TRUE)
[18:07:02.629]                       }
[18:07:02.629]                     })
[18:07:02.629]                   }
[18:07:02.629]                   ...future.strategy.old <- future::plan("list")
[18:07:02.629]                   options(future.plan = NULL)
[18:07:02.629]                   Sys.unsetenv("R_FUTURE_PLAN")
[18:07:02.629]                   future::plan("default", .cleanup = FALSE, .init = FALSE)
[18:07:02.629]                 }
[18:07:02.629]                 ...future.workdir <- getwd()
[18:07:02.629]             }
[18:07:02.629]             ...future.oldOptions <- base::as.list(base::.Options)
[18:07:02.629]             ...future.oldEnvVars <- base::Sys.getenv()
[18:07:02.629]         }
[18:07:02.629]         base::options(future.startup.script = FALSE, future.globals.onMissing = NULL, 
[18:07:02.629]             future.globals.maxSize = NULL, future.globals.method = NULL, 
[18:07:02.629]             future.globals.onMissing = NULL, future.globals.onReference = NULL, 
[18:07:02.629]             future.globals.resolve = NULL, future.resolve.recursive = NULL, 
[18:07:02.629]             future.rng.onMisuse = NULL, future.rng.onMisuse.keepFuture = NULL, 
[18:07:02.629]             future.stdout.windows.reencode = NULL, width = 80L)
[18:07:02.629]         ...future.futureOptionsAdded <- base::setdiff(base::names(base::.Options), 
[18:07:02.629]             base::names(...future.oldOptions))
[18:07:02.629]     }
[18:07:02.629]     if (FALSE) {
[18:07:02.629]     }
[18:07:02.629]     else {
[18:07:02.629]         if (TRUE) {
[18:07:02.629]             ...future.stdout <- base::rawConnection(base::raw(0L), 
[18:07:02.629]                 open = "w")
[18:07:02.629]         }
[18:07:02.629]         else {
[18:07:02.629]             ...future.stdout <- base::file(base::switch(.Platform$OS.type, 
[18:07:02.629]                 windows = "NUL", "/dev/null"), open = "w")
[18:07:02.629]         }
[18:07:02.629]         base::sink(...future.stdout, type = "output", split = FALSE)
[18:07:02.629]         base::on.exit(if (!base::is.null(...future.stdout)) {
[18:07:02.629]             base::sink(type = "output", split = FALSE)
[18:07:02.629]             base::close(...future.stdout)
[18:07:02.629]         }, add = TRUE)
[18:07:02.629]     }
[18:07:02.629]     ...future.frame <- base::sys.nframe()
[18:07:02.629]     ...future.conditions <- base::list()
[18:07:02.629]     ...future.rng <- base::globalenv()$.Random.seed
[18:07:02.629]     if (FALSE) {
[18:07:02.629]         ...future.globalenv.names <- c(base::names(base::.GlobalEnv), 
[18:07:02.629]             "...future.value", "...future.globalenv.names", ".Random.seed")
[18:07:02.629]     }
[18:07:02.629]     ...future.result <- base::tryCatch({
[18:07:02.629]         base::withCallingHandlers({
[18:07:02.629]             ...future.value <- base::withVisible(base::local(median(1:3)))
[18:07:02.629]             future::FutureResult(value = ...future.value$value, 
[18:07:02.629]                 visible = ...future.value$visible, rng = !identical(base::globalenv()$.Random.seed, 
[18:07:02.629]                   ...future.rng), globalenv = if (FALSE) 
[18:07:02.629]                   list(added = base::setdiff(base::names(base::.GlobalEnv), 
[18:07:02.629]                     ...future.globalenv.names))
[18:07:02.629]                 else NULL, started = ...future.startTime, version = "1.8")
[18:07:02.629]         }, condition = base::local({
[18:07:02.629]             c <- base::c
[18:07:02.629]             inherits <- base::inherits
[18:07:02.629]             invokeRestart <- base::invokeRestart
[18:07:02.629]             length <- base::length
[18:07:02.629]             list <- base::list
[18:07:02.629]             seq.int <- base::seq.int
[18:07:02.629]             signalCondition <- base::signalCondition
[18:07:02.629]             sys.calls <- base::sys.calls
[18:07:02.629]             `[[` <- base::`[[`
[18:07:02.629]             `+` <- base::`+`
[18:07:02.629]             `<<-` <- base::`<<-`
[18:07:02.629]             sysCalls <- function(calls = sys.calls(), from = 1L) {
[18:07:02.629]                 calls[seq.int(from = from + 12L, to = length(calls) - 
[18:07:02.629]                   3L)]
[18:07:02.629]             }
[18:07:02.629]             function(cond) {
[18:07:02.629]                 is_error <- inherits(cond, "error")
[18:07:02.629]                 ignore <- !is_error && !is.null(NULL) && inherits(cond, 
[18:07:02.629]                   NULL)
[18:07:02.629]                 if (is_error) {
[18:07:02.629]                   sessionInformation <- function() {
[18:07:02.629]                     list(r = base::R.Version(), locale = base::Sys.getlocale(), 
[18:07:02.629]                       rngkind = base::RNGkind(), namespaces = base::loadedNamespaces(), 
[18:07:02.629]                       search = base::search(), system = base::Sys.info())
[18:07:02.629]                   }
[18:07:02.629]                   ...future.conditions[[length(...future.conditions) + 
[18:07:02.629]                     1L]] <<- list(condition = cond, calls = c(sysCalls(from = ...future.frame), 
[18:07:02.629]                     cond$call), session = sessionInformation(), 
[18:07:02.629]                     timestamp = base::Sys.time(), signaled = 0L)
[18:07:02.629]                   signalCondition(cond)
[18:07:02.629]                 }
[18:07:02.629]                 else if (!ignore && TRUE && inherits(cond, c("condition", 
[18:07:02.629]                 "immediateCondition"))) {
[18:07:02.629]                   signal <- TRUE && inherits(cond, "immediateCondition")
[18:07:02.629]                   ...future.conditions[[length(...future.conditions) + 
[18:07:02.629]                     1L]] <<- list(condition = cond, signaled = base::as.integer(signal))
[18:07:02.629]                   if (TRUE && !signal) {
[18:07:02.629]                     muffleCondition <- function (cond, pattern = "^muffle") 
[18:07:02.629]                     {
[18:07:02.629]                       inherits <- base::inherits
[18:07:02.629]                       invokeRestart <- base::invokeRestart
[18:07:02.629]                       is.null <- base::is.null
[18:07:02.629]                       muffled <- FALSE
[18:07:02.629]                       if (inherits(cond, "message")) {
[18:07:02.629]                         muffled <- grepl(pattern, "muffleMessage")
[18:07:02.629]                         if (muffled) 
[18:07:02.629]                           invokeRestart("muffleMessage")
[18:07:02.629]                       }
[18:07:02.629]                       else if (inherits(cond, "warning")) {
[18:07:02.629]                         muffled <- grepl(pattern, "muffleWarning")
[18:07:02.629]                         if (muffled) 
[18:07:02.629]                           invokeRestart("muffleWarning")
[18:07:02.629]                       }
[18:07:02.629]                       else if (inherits(cond, "condition")) {
[18:07:02.629]                         if (!is.null(pattern)) {
[18:07:02.629]                           computeRestarts <- base::computeRestarts
[18:07:02.629]                           grepl <- base::grepl
[18:07:02.629]                           restarts <- computeRestarts(cond)
[18:07:02.629]                           for (restart in restarts) {
[18:07:02.629]                             name <- restart$name
[18:07:02.629]                             if (is.null(name)) 
[18:07:02.629]                               next
[18:07:02.629]                             if (!grepl(pattern, name)) 
[18:07:02.629]                               next
[18:07:02.629]                             invokeRestart(restart)
[18:07:02.629]                             muffled <- TRUE
[18:07:02.629]                             break
[18:07:02.629]                           }
[18:07:02.629]                         }
[18:07:02.629]                       }
[18:07:02.629]                       invisible(muffled)
[18:07:02.629]                     }
[18:07:02.629]                     muffleCondition(cond, pattern = "^muffle")
[18:07:02.629]                   }
[18:07:02.629]                 }
[18:07:02.629]                 else {
[18:07:02.629]                   if (TRUE) {
[18:07:02.629]                     muffleCondition <- function (cond, pattern = "^muffle") 
[18:07:02.629]                     {
[18:07:02.629]                       inherits <- base::inherits
[18:07:02.629]                       invokeRestart <- base::invokeRestart
[18:07:02.629]                       is.null <- base::is.null
[18:07:02.629]                       muffled <- FALSE
[18:07:02.629]                       if (inherits(cond, "message")) {
[18:07:02.629]                         muffled <- grepl(pattern, "muffleMessage")
[18:07:02.629]                         if (muffled) 
[18:07:02.629]                           invokeRestart("muffleMessage")
[18:07:02.629]                       }
[18:07:02.629]                       else if (inherits(cond, "warning")) {
[18:07:02.629]                         muffled <- grepl(pattern, "muffleWarning")
[18:07:02.629]                         if (muffled) 
[18:07:02.629]                           invokeRestart("muffleWarning")
[18:07:02.629]                       }
[18:07:02.629]                       else if (inherits(cond, "condition")) {
[18:07:02.629]                         if (!is.null(pattern)) {
[18:07:02.629]                           computeRestarts <- base::computeRestarts
[18:07:02.629]                           grepl <- base::grepl
[18:07:02.629]                           restarts <- computeRestarts(cond)
[18:07:02.629]                           for (restart in restarts) {
[18:07:02.629]                             name <- restart$name
[18:07:02.629]                             if (is.null(name)) 
[18:07:02.629]                               next
[18:07:02.629]                             if (!grepl(pattern, name)) 
[18:07:02.629]                               next
[18:07:02.629]                             invokeRestart(restart)
[18:07:02.629]                             muffled <- TRUE
[18:07:02.629]                             break
[18:07:02.629]                           }
[18:07:02.629]                         }
[18:07:02.629]                       }
[18:07:02.629]                       invisible(muffled)
[18:07:02.629]                     }
[18:07:02.629]                     muffleCondition(cond, pattern = "^muffle")
[18:07:02.629]                   }
[18:07:02.629]                 }
[18:07:02.629]             }
[18:07:02.629]         }))
[18:07:02.629]     }, error = function(ex) {
[18:07:02.629]         base::structure(base::list(value = NULL, visible = NULL, 
[18:07:02.629]             conditions = ...future.conditions, rng = !identical(base::globalenv()$.Random.seed, 
[18:07:02.629]                 ...future.rng), started = ...future.startTime, 
[18:07:02.629]             finished = Sys.time(), session_uuid = NA_character_, 
[18:07:02.629]             version = "1.8"), class = "FutureResult")
[18:07:02.629]     }, finally = {
[18:07:02.629]         if (!identical(...future.workdir, getwd())) 
[18:07:02.629]             setwd(...future.workdir)
[18:07:02.629]         {
[18:07:02.629]             if (identical(getOption("nwarnings"), ...future.oldOptions$nwarnings)) {
[18:07:02.629]                 ...future.oldOptions$nwarnings <- NULL
[18:07:02.629]             }
[18:07:02.629]             base::options(...future.oldOptions)
[18:07:02.629]             if (.Platform$OS.type == "windows") {
[18:07:02.629]                 old_names <- names(...future.oldEnvVars)
[18:07:02.629]                 envs <- base::Sys.getenv()
[18:07:02.629]                 names <- names(envs)
[18:07:02.629]                 common <- intersect(names, old_names)
[18:07:02.629]                 added <- setdiff(names, old_names)
[18:07:02.629]                 removed <- setdiff(old_names, names)
[18:07:02.629]                 changed <- common[...future.oldEnvVars[common] != 
[18:07:02.629]                   envs[common]]
[18:07:02.629]                 NAMES <- toupper(changed)
[18:07:02.629]                 args <- list()
[18:07:02.629]                 for (kk in seq_along(NAMES)) {
[18:07:02.629]                   name <- changed[[kk]]
[18:07:02.629]                   NAME <- NAMES[[kk]]
[18:07:02.629]                   if (name != NAME && is.element(NAME, old_names)) 
[18:07:02.629]                     next
[18:07:02.629]                   args[[name]] <- ...future.oldEnvVars[[name]]
[18:07:02.629]                 }
[18:07:02.629]                 NAMES <- toupper(added)
[18:07:02.629]                 for (kk in seq_along(NAMES)) {
[18:07:02.629]                   name <- added[[kk]]
[18:07:02.629]                   NAME <- NAMES[[kk]]
[18:07:02.629]                   if (name != NAME && is.element(NAME, old_names)) 
[18:07:02.629]                     next
[18:07:02.629]                   args[[name]] <- ""
[18:07:02.629]                 }
[18:07:02.629]                 NAMES <- toupper(removed)
[18:07:02.629]                 for (kk in seq_along(NAMES)) {
[18:07:02.629]                   name <- removed[[kk]]
[18:07:02.629]                   NAME <- NAMES[[kk]]
[18:07:02.629]                   if (name != NAME && is.element(NAME, old_names)) 
[18:07:02.629]                     next
[18:07:02.629]                   args[[name]] <- ...future.oldEnvVars[[name]]
[18:07:02.629]                 }
[18:07:02.629]                 if (length(args) > 0) 
[18:07:02.629]                   base::do.call(base::Sys.setenv, args = args)
[18:07:02.629]                 args <- names <- old_names <- NAMES <- envs <- common <- added <- removed <- NULL
[18:07:02.629]             }
[18:07:02.629]             else {
[18:07:02.629]                 base::do.call(base::Sys.setenv, args = base::as.list(...future.oldEnvVars))
[18:07:02.629]             }
[18:07:02.629]             {
[18:07:02.629]                 if (base::length(...future.futureOptionsAdded) > 
[18:07:02.629]                   0L) {
[18:07:02.629]                   opts <- base::vector("list", length = base::length(...future.futureOptionsAdded))
[18:07:02.629]                   base::names(opts) <- ...future.futureOptionsAdded
[18:07:02.629]                   base::options(opts)
[18:07:02.629]                 }
[18:07:02.629]                 {
[18:07:02.629]                   {
[18:07:02.629]                     NULL
[18:07:02.629]                     RNGkind("Mersenne-Twister")
[18:07:02.629]                     base::rm(list = ".Random.seed", envir = base::globalenv(), 
[18:07:02.629]                       inherits = FALSE)
[18:07:02.629]                   }
[18:07:02.629]                   options(future.plan = NULL)
[18:07:02.629]                   if (is.na(NA_character_)) 
[18:07:02.629]                     Sys.unsetenv("R_FUTURE_PLAN")
[18:07:02.629]                   else Sys.setenv(R_FUTURE_PLAN = NA_character_)
[18:07:02.629]                   future::plan(...future.strategy.old, .cleanup = FALSE, 
[18:07:02.629]                     .init = FALSE)
[18:07:02.629]                 }
[18:07:02.629]             }
[18:07:02.629]         }
[18:07:02.629]     })
[18:07:02.629]     if (TRUE) {
[18:07:02.629]         base::sink(type = "output", split = FALSE)
[18:07:02.629]         if (TRUE) {
[18:07:02.629]             ...future.result$stdout <- base::rawToChar(base::rawConnectionValue(...future.stdout))
[18:07:02.629]         }
[18:07:02.629]         else {
[18:07:02.629]             ...future.result["stdout"] <- base::list(NULL)
[18:07:02.629]         }
[18:07:02.629]         base::close(...future.stdout)
[18:07:02.629]         ...future.stdout <- NULL
[18:07:02.629]     }
[18:07:02.629]     ...future.result$conditions <- ...future.conditions
[18:07:02.629]     ...future.result$finished <- base::Sys.time()
[18:07:02.629]     ...future.result
[18:07:02.629] }
[18:07:02.637] plan(): Setting new future strategy stack:
[18:07:02.637] List of future strategies:
[18:07:02.637] 1. sequential:
[18:07:02.637]    - args: function (..., envir = parent.frame(), workers = "<NULL>")
[18:07:02.637]    - tweaked: FALSE
[18:07:02.637]    - call: NULL
[18:07:02.638] plan(): nbrOfWorkers() = 1
[18:07:02.641] plan(): Setting new future strategy stack:
[18:07:02.641] List of future strategies:
[18:07:02.641] 1. sequential:
[18:07:02.641]    - args: function (..., envir = parent.frame(), workers = "<NULL>")
[18:07:02.641]    - tweaked: FALSE
[18:07:02.641]    - call: future::plan("sequential")
[18:07:02.642] plan(): nbrOfWorkers() = 1
[18:07:02.642] SequentialFuture started (and completed)
[18:07:02.643] - Launch lazy future ... done
[18:07:02.643] run() for ‘SequentialFuture’ ... done
> print(v)
[1] 2
> stopifnot(identical(v, 2L))
> 
> stopifnot("stats" %in% loadedNamespaces())
> 
> message("- SequentialFuture() - 'local = FALSE' is defunct ...")
- SequentialFuture() - 'local = FALSE' is defunct ...
> 
> res <- tryCatch({
+   f <- SequentialFuture(42, local = FALSE)
+ }, error = identity)
[18:07:02.644] getGlobalsAndPackages() ...
[18:07:02.644] Searching for globals...
[18:07:02.645] 
[18:07:02.645] Searching for globals ... DONE
[18:07:02.645] - globals: [0] <none>
[18:07:02.646] getGlobalsAndPackages() ... DONE
> stopifnot(inherits(res, "error"))
> 
> message("*** sequential() ... DONE")
*** sequential() ... DONE
> 
> source("incl/end.R")
[18:07:02.647] plan(): Setting new future strategy stack:
[18:07:02.647] List of future strategies:
[18:07:02.647] 1. FutureStrategy:
[18:07:02.647]    - args: function (..., envir = parent.frame(), workers = "<NULL>")
[18:07:02.647]    - tweaked: FALSE
[18:07:02.647]    - call: future::plan(oplan)
[18:07:02.676] plan(): nbrOfWorkers() = 1
> 
