
R version 4.5.2 (2025-10-31) -- "[Not] Part in a Rumble"
Copyright (C) 2025 The R Foundation for Statistical Computing
Platform: x86_64-pc-linux-gnu

R is free software and comes with ABSOLUTELY NO WARRANTY.
You are welcome to redistribute it under certain conditions.
Type 'license()' or 'licence()' for distribution details.

R is a collaborative project with many contributors.
Type 'contributors()' for more information and
'citation()' on how to cite R or R packages in publications.

Type 'demo()' for some demos, 'help()' for on-line help, or
'help.start()' for an HTML browser interface to help.
Type 'q()' to quit R.

> ### This needs a local (partial) CRAN mirror or Internet access
> ## Specifically, needs web/packages/packages.rds and web/checks/*.rds
> 
> ## This may need to download, so increase the timeout.
> options(warn = 1L, timeout = max(600, getOption('timeout')))
> 
> .ptime <- proc.time()
> 
> ## Look up CRAN mirror in the same way the functions do.
> ## Uses R_CRAN_WEB if set, otherwise getOption('repos')["CRAN"]
> ## then the (possibly local) 'repositories' file
> ## and if still unset, https://CRAN.R-project.org
> mirror <- tools:::CRAN_baseurl_for_web_area()
> message("Using CRAN mirror ",  sQuote(mirror))
Using CRAN mirror 'https://CRAN.R-project.org'
> 
> ## Sanity check: the examples use /web/packages/packages.rds and
> ## web/checks/check_*.rds,
> ## but partial mirrors for package installation only need src/contrib.
> ## This would fail with a file:// mirror but provides a cheap check
> ## of the availability of a https:// one.
> if(!startsWith(mirror, "file://")) {
+     foo <- tryCatch(readLines(paste0(mirror, "/web/packages")),
+                     error = function(e) {
+                     message(conditionMessage(e))
+                     ## and bail out
+                     cat("Time elapsed: ", proc.time() - .ptime,"\n")
+                     q("no")
+     })
+ }
> 
> ## no longer conditionalized on Internet access
> library(tools)
> example("CRAN_package_db", run.donttest = TRUE)

CRAN__> ## No test: 
CRAN__> ## This can be rather slow  with a non-local CRAN mirror
CRAN__> ## and might fail (slowly) without Internet access in that case.
CRAN__> 
CRAN__> set.seed(11)  # but the packages chosen will change as soon as CRAN does.

CRAN__> pdb <- CRAN_package_db()

CRAN__> dim(pdb)
[1] 23104    69

CRAN__> ## DESCRIPTION fields included:
CRAN__> colnames(pdb)
 [1] "Package"                 "Version"                
 [3] "Priority"                "Depends"                
 [5] "Imports"                 "LinkingTo"              
 [7] "Suggests"                "Enhances"               
 [9] "License"                 "License_is_FOSS"        
[11] "License_restricts_use"   "OS_type"                
[13] "Archs"                   "MD5sum"                 
[15] "NeedsCompilation"        "Additional_repositories"
[17] "Author"                  "Authors@R"              
[19] "Biarch"                  "BugReports"             
[21] "BuildKeepEmpty"          "BuildManual"            
[23] "BuildResaveData"         "BuildVignettes"         
[25] "Built"                   "ByteCompile"            
[27] "Classification/ACM"      "Classification/ACM-2012"
[29] "Classification/JEL"      "Classification/MSC"     
[31] "Classification/MSC-2010" "Collate"                
[33] "Collate.unix"            "Collate.windows"        
[35] "Contact"                 "Copyright"              
[37] "Date"                    "Date/Publication"       
[39] "Description"             "Encoding"               
[41] "KeepSource"              "Language"               
[43] "LazyData"                "LazyDataCompression"    
[45] "LazyLoad"                "MailingList"            
[47] "Maintainer"              "Note"                   
[49] "Packaged"                "RdMacros"               
[51] "StagedInstall"           "SysDataCompression"     
[53] "SystemRequirements"      "Title"                  
[55] "Type"                    "URL"                    
[57] "UseLTO"                  "VignetteBuilder"        
[59] "ZipData"                 "Path"                   
[61] "X-CRAN-Comment"          "Published"              
[63] "Reverse depends"         "Reverse imports"        
[65] "Reverse linking to"      "Reverse suggests"       
[67] "Reverse enhances"        "Deadline"               
[69] "DOI"                    

CRAN__> ## Summarize publication dates:
CRAN__> summary(as.Date(pdb$Published))
        Min.      1st Qu.       Median         Mean      3rd Qu.         Max. 
"2011-09-07" "2022-03-31" "2024-06-25" "2023-07-04" "2025-07-29" "2026-01-29" 

CRAN__> ## Summarize numbers of packages according to maintainer:
CRAN__> summary(lengths(split(pdb$Package, pdb$Maintainer)))
   Min. 1st Qu.  Median    Mean 3rd Qu.    Max. 
  1.000   1.000   1.000   1.798   2.000  78.000 

CRAN__> ## Packages with 'LASSO' in their Description:
CRAN__> pdb$Package[grepl("LASSO", pdb$Description)]
 [1] "ablasso"               "auxvecLASSO"           "BMIselect"            
 [4] "ConnectednessApproach" "csmpv"                 "difR"                 
 [7] "emBayes"               "expandFunctions"       "extlasso"             
[10] "FeaLect"               "FindIt"                "frailtyMMpen"         
[13] "gcdnet"                "glassoFast"            "glmmPen"              
[16] "glmnetr"               "glmnetSE"              "glmvsd"               
[19] "gradLasso"             "grpnet"                "GWRLASSO"             
[22] "HTLR"                  "MetabolicSurv"         "MicrobiomeSurv"       
[25] "midasml"               "milr"                  "miselect"             
[28] "MLSP"                  "MTE"                   "ncpen"                
[31] "nets"                  "PenCoxFrail"           "pgee.mixed"           
[34] "polywog"               "ppmlasso"              "pqrBayes"             
[37] "pqrfe"                 "predhy"                "predhy.GUI"           
[40] "priorityelasticnet"    "REN"                   "rqPen"                
[43] "rrat"                  "SelectBoost.beta"      "SentimentAnalysis"    
[46] "SGPR"                  "sharp"                 "slasso"               
[49] "SparseBiplots"         "SpTe2M"                "SSLASSO"              
[52] "stR"                   "SuRF.vs"               "SurvHiDim"            
[55] "VSOLassoBag"          

CRAN__> results <- CRAN_check_results()

CRAN__> ## Available variables:
CRAN__> names(results)
 [1] "Flavor"     "Package"    "Version"    "Priority"   "Maintainer"
 [6] "Status"     "Flags"      "T_install"  "T_check"    "T_total"   

CRAN__> ## Tabulate overall check status according to flavor:
CRAN__> with(results, table(Flavor, Status))
                                   Status
Flavor                                 OK  NOTE WARNING ERROR FAILURE
  r-devel-linux-x86_64-debian-clang 16812  6129      37    52       0
  r-devel-linux-x86_64-debian-gcc   16861  6112      34    60       0
  r-devel-linux-x86_64-fedora-clang 20395  2562      17    84       0
  r-devel-linux-x86_64-fedora-gcc   20417  2567      17    61       0
  r-devel-windows-x86_64            21332  1599      25    64       2
  r-oldrel-macos-arm64              18236  4661      48   111       0
  r-oldrel-macos-x86_64             18213  4709      18   115       0
  r-oldrel-windows-x86_64           19078  3745      15   159       0
  r-patched-linux-x86_64            21330  1675      11    46       0
  r-release-linux-x86_64            21260  1715       6    40       0
  r-release-macos-arm64             21306  1593      41   134       0
  r-release-macos-x86_64            21417  1560      11    85       0
  r-release-windows-x86_64          21368  1588       6    51       1

CRAN__> details <- CRAN_check_details()

CRAN__> ## Available variables:
CRAN__> names(details)
[1] "Package"    "Version"    "Flavor"     "Check"      "Status"    
[6] "Output"     "Flags"      "Maintainer"

CRAN__> ## Tabulate checks according to their status:
CRAN__> tab <- with(details, table(Check, Status))

CRAN__> ## Inspect some installation problems:
CRAN__> bad <- subset(details,
CRAN__+               ((Check == "whether package can be installed") &
CRAN__+                (Status != "OK")))

CRAN__> ## Show a random sample of up to 6
CRAN__> head(bad[sample(seq_len(NROW(bad)), NROW(bad)), ])
Package: RmecabKo 0.1.6.2
Flavor: r-oldrel-macos-x86_64
Check: whether package can be installed, Result: ERROR
  Installation failed.
  See <U+2018>/Volumes/Builds/packages/big-sur-x86_64/results/4.4/RmecabKo.Rcheck/00install.out<U+2019> for details.

Package: penetrance 0.1.1
Flavor: r-devel-linux-x86_64-debian-gcc
Check: whether package can be installed, Result: NOTE
  Found the following notes/warnings:
    SystemRequirements specified C++11: support has been removed
  See <U+2018>/home/hornik/tmp/R.check/r-devel-gcc/Work/PKGS/penetrance.Rcheck/00install.out<U+2019> for details.

Package: RcppBlaze 1.0.1
Flavor: r-release-windows-x86_64
Check: whether package can be installed, Result: ERROR
  Installation failed.
  See 'd:/Rcompile/CRANpkg/local/4.5/RcppBlaze.Rcheck/00install.out' for details.

Package: CSeQTL 1.0.0
Flavor: r-release-macos-arm64
Check: whether package can be installed, Result: WARNING
  Found the following significant warnings:
    all_functions.cpp:1382:11: warning: explicitly assigning value of variable of type 'arma::vec' (aka 'Col<double>') to itself [-Wself-assign-overloaded]
  See <U+2018>/Volumes/Builds/packages/big-sur-arm64/results/4.5/CSeQTL.Rcheck/00install.out<U+2019> for details.
  * used C++ compiler: <U+2018>Apple clang version 14.0.0 (clang-1400.0.29.202)<U+2019>
  * used SDK: <U+2018>MacOSX11.3.sdk<U+2019>

Package: processmapR 0.5.7
Flavor: r-devel-windows-x86_64
Check: whether package can be installed, Result: WARNING
  Found the following significant warnings:
    Warning: SystemRequirements: invalid C++ specification 'C++'
  See 'd:/Rcompile/CRANpkg/local/4.6/processmapR.Rcheck/00install.out' for details.
  * used C++ compiler: 'g++.exe (GCC) 14.3.0'

Package: ShinyLink 0.5.5
Flavor: r-devel-linux-x86_64-debian-gcc
Check: whether package can be installed, Result: NOTE
  Found the following notes/warnings:
    SystemRequirements specified C++11: support has been removed
  See <U+2018>/home/hornik/tmp/R.check/r-devel-gcc/Work/PKGS/ShinyLink.Rcheck/00install.out<U+2019> for details.

CRAN__> issues <- CRAN_check_issues()

CRAN__> head(issues)
         Package  Version        kind
18       box.lsp    0.1.3       ATLAS
22     codebookr    0.1.8       ATLAS
26        eCerto    0.8.5       ATLAS
99          RSTr    1.0.0  clang-ASAN
122        highs 1.12.0-1  clang-ASAN
162 bayesianVARs    0.1.6 clang-UBSAN
                                                                    href
18            https://www.stats.ox.ac.uk/pub/bdr/Rblas/ATLAS/box.lsp.out
22          https://www.stats.ox.ac.uk/pub/bdr/Rblas/ATLAS/codebookr.out
26             https://www.stats.ox.ac.uk/pub/bdr/Rblas/ATLAS/eCerto.out
99           https://www.stats.ox.ac.uk/pub/bdr/memtests/clang-ASAN/RSTr
122         https://www.stats.ox.ac.uk/pub/bdr/memtests/clang-ASAN/highs
162 https://www.stats.ox.ac.uk/pub/bdr/memtests/clang-UBSAN/bayesianVARs

CRAN__> ## Show counts of issues according to kind:
CRAN__> table(issues[, "kind"])

      ATLAS       Intel         LTO       M1mac         MKL    OpenBLAS 
          3          13           1          52           1           2 
     Strict  clang-ASAN clang-UBSAN    donttest         gcc    gcc-ASAN 
          3           2           1         152           1           3 
  gcc-UBSAN        musl        noLD     noRemap  noSuggests        rchk 
          1          17           2           2          12         105 
      rcnst    valgrind 
          1           4 

CRAN__> ## Summarize CRAN check status for 10 randomly-selected packages
CRAN__> ## (reusing the information already read in):
CRAN__> pos <- sample(seq_len(NROW(pdb)), 10L)

CRAN__> summarize_CRAN_check_status(pdb[pos, "Package"],
CRAN__+                             results, details, issues)
Package: paramlink2
*******************

Current CRAN status: OK: 13
See: <https://CRAN.R-project.org/web/checks/check_results_paramlink2.html>

Package: spnaf
**************

Current CRAN status: OK: 13
See: <https://CRAN.R-project.org/web/checks/check_results_spnaf.html>

Package: parallelMap
********************

Current CRAN status: OK: 11, NOTE: 2
See: <https://CRAN.R-project.org/web/checks/check_results_parallelMap.html>

Version: 1.5.1
Check: package dependencies, Result: NOTE
  Package suggested but not available for checking: <U+2018>Rmpi<U+2019>
See: <https://www.r-project.org/nosvn/R.check/r-oldrel-macos-arm64/parallelMap-00check.html>,
     <https://www.r-project.org/nosvn/R.check/r-oldrel-macos-x86_64/parallelMap-00check.html>

Package: g.data
***************

Current CRAN status: OK: 9, NOTE: 4
See: <https://CRAN.R-project.org/web/checks/check_results_g.data.html>

Version: 2.4.1
Check: CRAN incoming feasibility, Result: NOTE
  Maintainer: <U+2018>David Brahm <brahm@alum.mit.edu><U+2019>
  
  No Authors@R field in DESCRIPTION.
  Please add one, modifying
    Authors@R: person(given = "David",
                      family = "Brahm",
                      role = c("aut", "cre"),
                      email = "brahm@alum.mit.edu")
  as necessary.
See: <https://www.r-project.org/nosvn/R.check/r-devel-linux-x86_64-debian-clang/g.data-00check.html>,
     <https://www.r-project.org/nosvn/R.check/r-devel-linux-x86_64-debian-gcc/g.data-00check.html>

Version: 2.4.1
Check: R code for possible problems, Result: NOTE
  Found the following calls to attach():
  File <U+2018>g.data/R/g.data.attach.R<U+2019>:
    attach(NULL, pos, basename(dir))
  See section <U+2018>Good practice<U+2019> in <U+2018>?attach<U+2019>.
See: <https://www.r-project.org/nosvn/R.check/r-devel-linux-x86_64-debian-clang/g.data-00check.html>,
     <https://www.r-project.org/nosvn/R.check/r-devel-linux-x86_64-debian-gcc/g.data-00check.html>,
     <https://www.r-project.org/nosvn/R.check/r-patched-linux-x86_64/g.data-00check.html>,
     <https://www.r-project.org/nosvn/R.check/r-release-linux-x86_64/g.data-00check.html>

Package: opentripplanner
************************

Current CRAN status: OK: 13
See: <https://CRAN.R-project.org/web/checks/check_results_opentripplanner.html>

Package: dgpsi
**************

Current CRAN status: OK: 12, ERROR: 1
See: <https://CRAN.R-project.org/web/checks/check_results_dgpsi.html>

Version: 2.6.0
Check: re-building of vignette outputs, Result: ERROR
  Error(s) in re-building vignettes:
  --- re-building 'dgpsi.Rmd' using rmarkdown
  File ./images/step_fct_loo.png not found in resource path
  Error: processing vignette 'dgpsi.Rmd' failed with diagnostics:
  pandoc document conversion failed with error 99
  --- failed re-building 'dgpsi.Rmd'
  
  SUMMARY: processing the following file failed:
    'dgpsi.Rmd'
  
  Error: Vignette re-building failed.
  Execution halted
See: <https://www.r-project.org/nosvn/R.check/r-oldrel-windows-x86_64/dgpsi-00check.html>

Package: usdatasets
*******************

Current CRAN status: OK: 12, NOTE: 1
See: <https://CRAN.R-project.org/web/checks/check_results_usdatasets.html>

Version: 0.1.0
Check: installed package size, Result: NOTE
    installed size is  5.6Mb
    sub-directories of 1Mb or more:
      R      2.6Mb
      data   2.6Mb
See: <https://www.r-project.org/nosvn/R.check/r-oldrel-macos-x86_64/usdatasets-00check.html>

Package: Rankcluster
********************

Current CRAN status: OK: 9, NOTE: 4
See: <https://CRAN.R-project.org/web/checks/check_results_Rankcluster.html>

Version: 0.98.0
Check: CRAN incoming feasibility, Result: NOTE
  Maintainer: <U+2018>Quentin Grimonprez <quentingrim@yahoo.fr><U+2019>
  
  Package CITATION file contains call(s) to old-style citEntry().  Please
  use bibentry() instead.
See: <https://www.r-project.org/nosvn/R.check/r-devel-linux-x86_64-debian-clang/Rankcluster-00check.html>,
     <https://www.r-project.org/nosvn/R.check/r-devel-linux-x86_64-debian-gcc/Rankcluster-00check.html>

Version: 0.98.0
Check: installed package size, Result: NOTE
    installed size is  5.2Mb
    sub-directories of 1Mb or more:
      libs   4.5Mb
See: <https://www.r-project.org/nosvn/R.check/r-oldrel-macos-arm64/Rankcluster-00check.html>,
     <https://www.r-project.org/nosvn/R.check/r-oldrel-macos-x86_64/Rankcluster-00check.html>

Package: ractivecampaign
************************

Current CRAN status: OK: 13
See: <https://CRAN.R-project.org/web/checks/check_results_ractivecampaign.html>

Package: optrcdmaeAT
********************

Current CRAN status: OK: 13
See: <https://CRAN.R-project.org/web/checks/check_results_optrcdmaeAT.html>

CRAN__> ## End(No test)
CRAN__> 
CRAN__> 
> 
> cat("Time elapsed: ", proc.time() - .ptime,"\n")
Time elapsed:  2.415 0.082 9.338 0 0 
> 
