
R version 4.4.0 (2024-04-24) -- "Puppy Cup"
Copyright (C) 2024 The R Foundation for Statistical Computing
Platform: x86_64-pc-linux-gnu

R is free software and comes with ABSOLUTELY NO WARRANTY.
You are welcome to redistribute it under certain conditions.
Type 'license()' or 'licence()' for distribution details.

R is a collaborative project with many contributors.
Type 'contributors()' for more information and
'citation()' on how to cite R or R packages in publications.

Type 'demo()' for some demos, 'help()' for on-line help, or
'help.start()' for an HTML browser interface to help.
Type 'q()' to quit R.

> ### This needs a local (partial) CRAN mirror or Internet access
> ## Specifically, needs web/packages/packages.rds and web/checks/*.rds
> 
> ## This may need to download, so increase the timeout.
> options(warn = 1L, timeout = max(600, getOption('timeout')))
> 
> .ptime <- proc.time()
> 
> ## Look up CRAN mirror in the same way the functions do.
> ## Uses R_CRAN_WEB if set, otherwise getOption('repos')["CRAN"]
> ## then the (possibly local) 'repositories' file
> ## and if still unset, https://CRAN.R-project.org
> mirror <- tools:::CRAN_baseurl_for_web_area()
> message("Using CRAN mirror ",  sQuote(mirror))
Using CRAN mirror 'https://CRAN.R-project.org'
> 
> ## Sanity check: the examples use /web/packages/packages.rds and
> ## web/checks/check_*.rds,
> ## but partial mirrors for package installation only need src/contrib.
> ## This would fail with a file:// mirror but provides a cheap check
> ## of the availability of a https:// one.
> if(!startsWith(mirror, "file://")) {
+     foo <- tryCatch(readLines(paste0(mirror, "/web/packages")),
+                     error = function(e) {
+                     message(conditionMessage(e))
+                     ## and bail out
+                     cat("Time elapsed: ", proc.time() - .ptime,"\n")
+                     q("no")
+     })
+ }
> 
> ## no longer conditionalized on Internet access
> library(tools)
> example("CRAN_package_db", run.donttest = TRUE)

CRAN__> ## No test: 
CRAN__> ## This can be rather slow  with a non-local CRAN mirror
CRAN__> ## and might fail (slowly) without Internet access in that case.
CRAN__> 
CRAN__> set.seed(11)  # but the packages chosen will change as soon as CRAN does.

CRAN__> pdb <- CRAN_package_db()

CRAN__> dim(pdb)
[1] 21723    69

CRAN__> ## DESCRIPTION fields included:
CRAN__> colnames(pdb)
 [1] "Package"                 "Version"                
 [3] "Priority"                "Depends"                
 [5] "Imports"                 "LinkingTo"              
 [7] "Suggests"                "Enhances"               
 [9] "License"                 "License_is_FOSS"        
[11] "License_restricts_use"   "OS_type"                
[13] "Archs"                   "MD5sum"                 
[15] "NeedsCompilation"        "Additional_repositories"
[17] "Author"                  "Authors@R"              
[19] "Biarch"                  "BugReports"             
[21] "BuildKeepEmpty"          "BuildManual"            
[23] "BuildResaveData"         "BuildVignettes"         
[25] "Built"                   "ByteCompile"            
[27] "Classification/ACM"      "Classification/ACM-2012"
[29] "Classification/JEL"      "Classification/MSC"     
[31] "Classification/MSC-2010" "Collate"                
[33] "Collate.unix"            "Collate.windows"        
[35] "Contact"                 "Copyright"              
[37] "Date"                    "Date/Publication"       
[39] "Description"             "Encoding"               
[41] "KeepSource"              "Language"               
[43] "LazyData"                "LazyDataCompression"    
[45] "LazyLoad"                "MailingList"            
[47] "Maintainer"              "Note"                   
[49] "Packaged"                "RdMacros"               
[51] "StagedInstall"           "SysDataCompression"     
[53] "SystemRequirements"      "Title"                  
[55] "Type"                    "URL"                    
[57] "UseLTO"                  "VignetteBuilder"        
[59] "ZipData"                 "Path"                   
[61] "X-CRAN-Comment"          "Published"              
[63] "Reverse depends"         "Reverse imports"        
[65] "Reverse linking to"      "Reverse suggests"       
[67] "Reverse enhances"        "Deadline"               
[69] "DOI"                    

CRAN__> ## Summarize publication dates:
CRAN__> summary(as.Date(pdb$Published))
        Min.      1st Qu.       Median         Mean      3rd Qu.         Max. 
"2008-09-08" "2021-01-30" "2023-04-02" "2022-05-19" "2024-04-12" "2024-11-25" 

CRAN__> ## Summarize numbers of packages according to maintainer:
CRAN__> summary(lengths(split(pdb$Package, pdb$Maintainer)))
   Min. 1st Qu.  Median    Mean 3rd Qu.    Max. 
  1.000   1.000   1.000   1.774   2.000  74.000 

CRAN__> ## Packages with 'LASSO' in their Description:
CRAN__> pdb$Package[grepl("LASSO", pdb$Description)]
 [1] "ablasso"               "ConnectednessApproach" "csmpv"                
 [4] "emBayes"               "expandFunctions"       "extlasso"             
 [7] "fastcmprsk"            "FeaLect"               "FindIt"               
[10] "frailtyMMpen"          "gcdnet"                "glassoFast"           
[13] "glmmPen"               "glmnetr"               "glmnetSE"             
[16] "glmvsd"                "grpnet"                "GWRLASSO"             
[19] "hdmed"                 "higlasso"              "HTLR"                 
[22] "MetabolicSurv"         "MicrobiomeSurv"        "midasml"              
[25] "milr"                  "miselect"              "MTE"                  
[28] "ncpen"                 "nets"                  "pgee.mixed"           
[31] "planningML"            "polywog"               "ppmlasso"             
[34] "pqrfe"                 "predhy"                "predhy.GUI"           
[37] "rbridge"               "REN"                   "rqPen"                
[40] "rrat"                  "SentimentAnalysis"     "SGPR"                 
[43] "sharp"                 "slasso"                "SparseBiplots"        
[46] "SpTe2M"                "stR"                   "SuRF.vs"              
[49] "SurvHiDim"             "VSOLassoBag"          

CRAN__> results <- CRAN_check_results()

CRAN__> ## Available variables:
CRAN__> names(results)
 [1] "Flavor"     "Package"    "Version"    "Priority"   "Maintainer"
 [6] "Status"     "Flags"      "T_install"  "T_check"    "T_total"   

CRAN__> ## Tabulate overall check status according to flavor:
CRAN__> with(results, table(Flavor, Status))
                                   Status
Flavor                                 OK  NOTE WARNING ERROR FAILURE
  r-devel-linux-x86_64-debian-clang 17553  4051       3    61       1
  r-devel-linux-x86_64-debian-gcc   17598  4035       6    50       0
  r-devel-linux-x86_64-fedora-clang 17996  3623       4    40       0
  r-devel-linux-x86_64-fedora-gcc   18025  3622       4    29       0
  r-devel-windows-x86_64            17655  3955       9    44       9
  r-oldrel-macos-arm64              17071  4438      23   138       1
  r-oldrel-macos-x86_64             16969  4576      23   122       0
  r-oldrel-windows-x86_64           17921  3641      18    79       0
  r-patched-linux-x86_64            17149  4492       5    39       1
  r-release-linux-x86_64            17028  4511       3    29       0
  r-release-macos-arm64             15919  5638      22   107       0
  r-release-macos-x86_64            15851  5612     154    74       0
  r-release-windows-x86_64          16704  4916       7    45       5

CRAN__> details <- CRAN_check_details()

CRAN__> ## Available variables:
CRAN__> names(details)
[1] "Package"    "Version"    "Flavor"     "Check"      "Status"    
[6] "Output"     "Flags"      "Maintainer"

CRAN__> ## Tabulate checks according to their status:
CRAN__> tab <- with(details, table(Check, Status))

CRAN__> ## Inspect some installation problems:
CRAN__> bad <- subset(details,
CRAN__+               ((Check == "whether package can be installed") &
CRAN__+                (Status != "OK")))

CRAN__> ## Show a random sample of up to 6
CRAN__> head(bad[sample(seq_len(NROW(bad)), NROW(bad)), ])
Package: av 0.9.2
Flavor: r-release-linux-x86_64
Check: whether package can be installed, Result: WARNING
  Found the following significant warnings:
    formats.c:46:5: warning: <U+2018>sample_fmts<U+2019> is deprecated [-Wdeprecated-declarations]
    formats.c:47:7: warning: <U+2018>sample_fmts<U+2019> is deprecated [-Wdeprecated-declarations]
    formats.c:48:5: warning: <U+2018>pix_fmts<U+2019> is deprecated [-Wdeprecated-declarations]
    formats.c:49:7: warning: <U+2018>pix_fmts<U+2019> is deprecated [-Wdeprecated-declarations]
    video.c:324:3: warning: <U+2018>pix_fmts<U+2019> is deprecated [-Wdeprecated-declarations]
    video.c:359:3: warning: <U+2018>sample_fmts<U+2019> is deprecated [-Wdeprecated-declarations]
    video.c:532:8: warning: <U+2018>pix_fmts<U+2019> is deprecated [-Wdeprecated-declarations]
  See <U+2018>/home/hornik/tmp/R.check/r-release-gcc/Work/PKGS/av.Rcheck/00install.out<U+2019> for details.
  * used C compiler: <U+2018>gcc-14 (Debian 14.2.0-6) 14.2.0<U+2019>

Package: terra 1.7-83
Flavor: r-oldrel-macos-x86_64
Check: whether package can be installed, Result: ERROR
  Installation failed.
  See <U+2018>/Volumes/Builds/packages/big-sur-x86_64/results/4.3/terra.Rcheck/00install.out<U+2019> for details.

Package: JavaGD 0.6-5
Flavor: r-release-macos-arm64
Check: whether package can be installed, Result: ERROR
  Installation failed.
  See <U+2018>/Volumes/Builds/packages/big-sur-arm64/results/4.4/JavaGD.Rcheck/00install.out<U+2019> for details.

Package: ROracle 1.3-1.1
Flavor: r-release-macos-x86_64
Check: whether package can be installed, Result: ERROR
  Installation failed.
  See <U+2018>/Volumes/Builds/packages/big-sur-x86_64/results/4.4/ROracle.Rcheck/00install.out<U+2019> for details.

Package: BRugs 0.9-2.1
Flavor: r-oldrel-windows-x86_64
Check: whether package can be installed, Result: ERROR
  Installation failed.
  See 'd:/Rcompile/CRANpkg/local/4.3/BRugs.Rcheck/00install.out' for details.

Package: seqminer 9.7
Flavor: r-release-macos-x86_64
Check: whether package can be installed, Result: WARNING
  Found the following significant warnings:
    SingleChromosomeVCFIndex.cpp:109:51: warning: format specifies type 'long' but the argument has type 'int64_t' (aka 'long long') [-Wformat]
  See <U+2018>/Volumes/Builds/packages/big-sur-x86_64/results/4.4/seqminer.Rcheck/00install.out<U+2019> for details.
  * used C compiler: <U+2018>Apple clang version 14.0.3 (clang-1403.0.22.14.1)<U+2019>
  * used C++ compiler: <U+2018>Apple clang version 14.0.3 (clang-1403.0.22.14.1)<U+2019>
  * used SDK: <U+2018>MacOSX11.3.sdk<U+2019>

CRAN__> issues <- CRAN_check_issues()

CRAN__> head(issues)
           Package  Version    kind
6          FlexReg      1.2   ATLAS
25         nhanesA      1.1   ATLAS
33             vcr    1.6.0   ATLAS
61             tth 4.12-0-1     C23
62             tth 4.12-0-1     C23
67 googlePolylines    0.8.4 clang19
                                                             href
6      https://www.stats.ox.ac.uk/pub/bdr/Rblas/ATLAS/FlexReg.out
25     https://www.stats.ox.ac.uk/pub/bdr/Rblas/ATLAS/nhanesA.out
33         https://www.stats.ox.ac.uk/pub/bdr/Rblas/ATLAS/vcr.out
61                 https://www.stats.ox.ac.uk/pub/bdr/C23/tth.log
62                 https://www.stats.ox.ac.uk/pub/bdr/C23/tth.out
67 https://www.stats.ox.ac.uk/pub/bdr/clang19/googlePolylines.log

CRAN__> ## Show counts of issues according to kind:
CRAN__> table(issues[, "kind"])

      ATLAS         C23       Intel       M1mac         MKL    OpenBLAS 
          3           2          15          17           5           2 
     Strict clang-UBSAN     clang19    donttest        noLD  noSuggests 
          3           5           8          91           2          64 
       rchk       rcnst      rlibro    valgrind 
        116           1           4           1 

CRAN__> ## Summarize CRAN check status for 10 randomly-selected packages
CRAN__> ## (reusing the information already read in):
CRAN__> pos <- sample(seq_len(NROW(pdb)), 10L)

CRAN__> summarize_CRAN_check_status(pdb[pos, "Package"],
CRAN__+                             results, details, issues)
Package: ojsr
*************

Current CRAN status: OK: 12, NOTE: 1
See: <https://CRAN.R-project.org/web/checks/check_results_ojsr.html>

Version: 0.1.2
Check: LazyData, Result: NOTE
    'LazyData' is specified without a 'data' directory
See: <https://www.r-project.org/nosvn/R.check/r-release-linux-x86_64/ojsr-00check.html>

Package: parsec
***************

Current CRAN status: OK: 3, NOTE: 10
See: <https://CRAN.R-project.org/web/checks/check_results_parsec.html>

Version: 1.2.7
Check: Rd files, Result: NOTE
  checkRd: (-1) summary.parsec.Rd:13-14: Lost braces in \itemize; meant \describe ?
See: <https://www.r-project.org/nosvn/R.check/r-devel-linux-x86_64-debian-clang/parsec-00check.html>,
     <https://www.r-project.org/nosvn/R.check/r-devel-linux-x86_64-debian-gcc/parsec-00check.html>,
     <https://www.r-project.org/nosvn/R.check/r-devel-linux-x86_64-fedora-clang/parsec-00check.html>,
     <https://www.r-project.org/nosvn/R.check/r-devel-linux-x86_64-fedora-gcc/parsec-00check.html>,
     <https://www.r-project.org/nosvn/R.check/r-devel-windows-x86_64/parsec-00check.html>,
     <https://www.r-project.org/nosvn/R.check/r-patched-linux-x86_64/parsec-00check.html>,
     <https://www.r-project.org/nosvn/R.check/r-release-linux-x86_64/parsec-00check.html>,
     <https://www.r-project.org/nosvn/R.check/r-release-macos-arm64/parsec-00check.html>,
     <https://www.r-project.org/nosvn/R.check/r-release-macos-x86_64/parsec-00check.html>,
     <https://www.r-project.org/nosvn/R.check/r-release-windows-x86_64/parsec-00check.html>

Version: 1.2.7
Check: Rd cross-references, Result: NOTE
  Found the following Rd file(s) with Rd \link{} targets missing package
  anchors:
    parsec2igraph.Rd: igraph
  Please provide package anchors for all Rd \link{} targets not in the
  package itself and the base packages.
See: <https://www.r-project.org/nosvn/R.check/r-devel-linux-x86_64-debian-clang/parsec-00check.html>,
     <https://www.r-project.org/nosvn/R.check/r-devel-linux-x86_64-debian-gcc/parsec-00check.html>,
     <https://www.r-project.org/nosvn/R.check/r-devel-windows-x86_64/parsec-00check.html>

Package: HotellingEllipse
*************************

Current CRAN status: OK: 11, NOTE: 2
See: <https://CRAN.R-project.org/web/checks/check_results_HotellingEllipse.html>

Version: 1.2.0
Check: installed package size, Result: NOTE
    installed size is  5.7Mb
    sub-directories of 1Mb or more:
      data   3.1Mb
      help   2.0Mb
See: <https://www.r-project.org/nosvn/R.check/r-release-macos-x86_64/HotellingEllipse-00check.html>,
     <https://www.r-project.org/nosvn/R.check/r-oldrel-macos-x86_64/HotellingEllipse-00check.html>

Package: qmap
*************

Current CRAN status: OK: 10, NOTE: 3
See: <https://CRAN.R-project.org/web/checks/check_results_qmap.html>

Version: 1.0-4
Check: Rd cross-references, Result: NOTE
  Found the following Rd file(s) with Rd \link{} targets missing package
  anchors:
    fitqmapdist.Rd: mledist, fitdist
    startbernexp.Rd: mledist, fitdist
    startberngamma.Rd: mledist, fitdist
    startbernlnorm.Rd: mledist, fitdist
    startbernweibull.Rd: mledist, fitdist
  Please provide package anchors for all Rd \link{} targets not in the
  package itself and the base packages.
See: <https://www.r-project.org/nosvn/R.check/r-devel-linux-x86_64-debian-clang/qmap-00check.html>,
     <https://www.r-project.org/nosvn/R.check/r-devel-linux-x86_64-debian-gcc/qmap-00check.html>,
     <https://www.r-project.org/nosvn/R.check/r-devel-windows-x86_64/qmap-00check.html>

Package: ed50simulation
***********************

Current CRAN status: OK: 13
See: <https://CRAN.R-project.org/web/checks/check_results_ed50simulation.html>

Package: shinypanels
********************

Current CRAN status: NOTE: 13
See: <https://CRAN.R-project.org/web/checks/check_results_shinypanels.html>

Version: 0.5.0
Check: package subdirectories, Result: NOTE
  Problems with news in <U+2018>NEWS.md<U+2019>:
  No news entries found.
See: <https://www.r-project.org/nosvn/R.check/r-devel-linux-x86_64-debian-clang/shinypanels-00check.html>,
     <https://www.r-project.org/nosvn/R.check/r-devel-linux-x86_64-debian-gcc/shinypanels-00check.html>,
     <https://www.r-project.org/nosvn/R.check/r-devel-linux-x86_64-fedora-clang/shinypanels-00check.html>,
     <https://www.r-project.org/nosvn/R.check/r-devel-linux-x86_64-fedora-gcc/shinypanels-00check.html>,
     <https://www.r-project.org/nosvn/R.check/r-devel-windows-x86_64/shinypanels-00check.html>,
     <https://www.r-project.org/nosvn/R.check/r-patched-linux-x86_64/shinypanels-00check.html>,
     <https://www.r-project.org/nosvn/R.check/r-release-linux-x86_64/shinypanels-00check.html>,
     <https://www.r-project.org/nosvn/R.check/r-release-macos-arm64/shinypanels-00check.html>,
     <https://www.r-project.org/nosvn/R.check/r-release-macos-x86_64/shinypanels-00check.html>,
     <https://www.r-project.org/nosvn/R.check/r-release-windows-x86_64/shinypanels-00check.html>,
     <https://www.r-project.org/nosvn/R.check/r-oldrel-macos-arm64/shinypanels-00check.html>,
     <https://www.r-project.org/nosvn/R.check/r-oldrel-macos-x86_64/shinypanels-00check.html>,
     <https://www.r-project.org/nosvn/R.check/r-oldrel-windows-x86_64/shinypanels-00check.html>

Version: 0.5.0
Check: dependencies in R code, Result: NOTE
  Namespaces in Imports field not imported from:
    <U+2018>shiny<U+2019> <U+2018>shinyjs<U+2019>
    All declared Imports should be used.
See: <https://www.r-project.org/nosvn/R.check/r-devel-linux-x86_64-fedora-clang/shinypanels-00check.html>,
     <https://www.r-project.org/nosvn/R.check/r-devel-linux-x86_64-fedora-gcc/shinypanels-00check.html>

Version: 0.5.0
Check: LazyData, Result: NOTE
    'LazyData' is specified without a 'data' directory
See: <https://www.r-project.org/nosvn/R.check/r-patched-linux-x86_64/shinypanels-00check.html>,
     <https://www.r-project.org/nosvn/R.check/r-release-linux-x86_64/shinypanels-00check.html>,
     <https://www.r-project.org/nosvn/R.check/r-release-macos-arm64/shinypanels-00check.html>,
     <https://www.r-project.org/nosvn/R.check/r-release-macos-x86_64/shinypanels-00check.html>,
     <https://www.r-project.org/nosvn/R.check/r-release-windows-x86_64/shinypanels-00check.html>,
     <https://www.r-project.org/nosvn/R.check/r-oldrel-macos-arm64/shinypanels-00check.html>,
     <https://www.r-project.org/nosvn/R.check/r-oldrel-macos-x86_64/shinypanels-00check.html>,
     <https://www.r-project.org/nosvn/R.check/r-oldrel-windows-x86_64/shinypanels-00check.html>

Package: rwunderground
**********************

Current CRAN status: OK: 5, NOTE: 8
See: <https://CRAN.R-project.org/web/checks/check_results_rwunderground.html>

Version: 0.1.8
Check: LazyData, Result: NOTE
    'LazyData' is specified without a 'data' directory
See: <https://www.r-project.org/nosvn/R.check/r-patched-linux-x86_64/rwunderground-00check.html>,
     <https://www.r-project.org/nosvn/R.check/r-release-linux-x86_64/rwunderground-00check.html>,
     <https://www.r-project.org/nosvn/R.check/r-release-macos-arm64/rwunderground-00check.html>,
     <https://www.r-project.org/nosvn/R.check/r-release-macos-x86_64/rwunderground-00check.html>,
     <https://www.r-project.org/nosvn/R.check/r-release-windows-x86_64/rwunderground-00check.html>,
     <https://www.r-project.org/nosvn/R.check/r-oldrel-macos-arm64/rwunderground-00check.html>,
     <https://www.r-project.org/nosvn/R.check/r-oldrel-macos-x86_64/rwunderground-00check.html>,
     <https://www.r-project.org/nosvn/R.check/r-oldrel-windows-x86_64/rwunderground-00check.html>

Package: xslt
*************

Current CRAN status: OK: 13
See: <https://CRAN.R-project.org/web/checks/check_results_xslt.html>

Package: systemicrisk
*********************

Current CRAN status: OK: 13
See: <https://CRAN.R-project.org/web/checks/check_results_systemicrisk.html>

Package: fnets
**************

Current CRAN status: OK: 13
See: <https://CRAN.R-project.org/web/checks/check_results_fnets.html>

CRAN__> ## End(No test)
CRAN__> 
CRAN__> 
> 
> cat("Time elapsed: ", proc.time() - .ptime,"\n")
Time elapsed:  2.336 0.1 7.449 0 0 
> 
