
R version 4.4.0 (2024-04-24) -- "Puppy Cup"
Copyright (C) 2024 The R Foundation for Statistical Computing
Platform: x86_64-pc-linux-gnu

R is free software and comes with ABSOLUTELY NO WARRANTY.
You are welcome to redistribute it under certain conditions.
Type 'license()' or 'licence()' for distribution details.

R is a collaborative project with many contributors.
Type 'contributors()' for more information and
'citation()' on how to cite R or R packages in publications.

Type 'demo()' for some demos, 'help()' for on-line help, or
'help.start()' for an HTML browser interface to help.
Type 'q()' to quit R.

> ### This needs a local (partial) CRAN mirror or Internet access
> ## Specifically, needs web/packages/packages.rds and web/checks/*.rds
> 
> ## This may need to download, so increase the timeout.
> options(warn = 1L, timeout = max(600, getOption('timeout')))
> 
> .ptime <- proc.time()
> 
> ## Look up CRAN mirror in the same way the functions do.
> ## Uses R_CRAN_WEB if set, otherwise getOption('repos')["CRAN"]
> ## then the (possibly local) 'repositories' file
> ## and if still unset, https://CRAN.R-project.org
> mirror <- tools:::CRAN_baseurl_for_web_area()
> message("Using CRAN mirror ",  sQuote(mirror))
Using CRAN mirror 'https://CRAN.R-project.org'
> 
> ## Sanity check: the examples use /web/packages/packages.rds and
> ## web/checks/check_*.rds,
> ## but partial mirrors for package installation only need src/contrib.
> ## This would fail with a file:// mirror but provides a cheap check
> ## of the availability of a https:// one.
> if(!startsWith(mirror, "file://")) {
+     foo <- tryCatch(readLines(paste0(mirror, "/web/packages")),
+                     error = function(e) {
+                     message(conditionMessage(e))
+                     ## and bail out
+                     cat("Time elapsed: ", proc.time() - .ptime,"\n")
+                     q("no")
+     })
+ }
> 
> ## no longer conditionalized on Internet access
> library(tools)
> example("CRAN_package_db", run.donttest = TRUE)

CRAN__> ## No test: 
CRAN__> ## This can be rather slow  with a non-local CRAN mirror
CRAN__> ## and might fail (slowly) without Internet access in that case.
CRAN__> 
CRAN__> set.seed(11)  # but the packages chosen will change as soon as CRAN does.

CRAN__> pdb <- CRAN_package_db()

CRAN__> dim(pdb)
[1] 21714    69

CRAN__> ## DESCRIPTION fields included:
CRAN__> colnames(pdb)
 [1] "Package"                 "Version"                
 [3] "Priority"                "Depends"                
 [5] "Imports"                 "LinkingTo"              
 [7] "Suggests"                "Enhances"               
 [9] "License"                 "License_is_FOSS"        
[11] "License_restricts_use"   "OS_type"                
[13] "Archs"                   "MD5sum"                 
[15] "NeedsCompilation"        "Additional_repositories"
[17] "Author"                  "Authors@R"              
[19] "Biarch"                  "BugReports"             
[21] "BuildKeepEmpty"          "BuildManual"            
[23] "BuildResaveData"         "BuildVignettes"         
[25] "Built"                   "ByteCompile"            
[27] "Classification/ACM"      "Classification/ACM-2012"
[29] "Classification/JEL"      "Classification/MSC"     
[31] "Classification/MSC-2010" "Collate"                
[33] "Collate.unix"            "Collate.windows"        
[35] "Contact"                 "Copyright"              
[37] "Date"                    "Date/Publication"       
[39] "Description"             "Encoding"               
[41] "KeepSource"              "Language"               
[43] "LazyData"                "LazyDataCompression"    
[45] "LazyLoad"                "MailingList"            
[47] "Maintainer"              "Note"                   
[49] "Packaged"                "RdMacros"               
[51] "StagedInstall"           "SysDataCompression"     
[53] "SystemRequirements"      "Title"                  
[55] "Type"                    "URL"                    
[57] "UseLTO"                  "VignetteBuilder"        
[59] "ZipData"                 "Path"                   
[61] "X-CRAN-Comment"          "Published"              
[63] "Reverse depends"         "Reverse imports"        
[65] "Reverse linking to"      "Reverse suggests"       
[67] "Reverse enhances"        "Deadline"               
[69] "DOI"                    

CRAN__> ## Summarize publication dates:
CRAN__> summary(as.Date(pdb$Published))
        Min.      1st Qu.       Median         Mean      3rd Qu.         Max. 
"2008-09-08" "2021-01-28" "2023-03-30" "2022-05-16" "2024-04-08" "2024-11-21" 

CRAN__> ## Summarize numbers of packages according to maintainer:
CRAN__> summary(lengths(split(pdb$Package, pdb$Maintainer)))
   Min. 1st Qu.  Median    Mean 3rd Qu.    Max. 
  1.000   1.000   1.000   1.774   2.000  74.000 

CRAN__> ## Packages with 'LASSO' in their Description:
CRAN__> pdb$Package[grepl("LASSO", pdb$Description)]
 [1] "ablasso"               "ConnectednessApproach" "csmpv"                
 [4] "emBayes"               "expandFunctions"       "extlasso"             
 [7] "fastcmprsk"            "FeaLect"               "FindIt"               
[10] "frailtyMMpen"          "gcdnet"                "glassoFast"           
[13] "glmmPen"               "glmnetr"               "glmnetSE"             
[16] "glmvsd"                "grpnet"                "GWRLASSO"             
[19] "hdmed"                 "higlasso"              "HTLR"                 
[22] "MetabolicSurv"         "MicrobiomeSurv"        "midasml"              
[25] "milr"                  "miselect"              "MTE"                  
[28] "ncpen"                 "nets"                  "pgee.mixed"           
[31] "planningML"            "polywog"               "ppmlasso"             
[34] "pqrfe"                 "predhy"                "predhy.GUI"           
[37] "rbridge"               "REN"                   "rqPen"                
[40] "rrat"                  "SentimentAnalysis"     "SGPR"                 
[43] "sharp"                 "slasso"                "SparseBiplots"        
[46] "SpTe2M"                "stR"                   "SuRF.vs"              
[49] "SurvHiDim"             "VSOLassoBag"          

CRAN__> results <- CRAN_check_results()

CRAN__> ## Available variables:
CRAN__> names(results)
 [1] "Flavor"     "Package"    "Version"    "Priority"   "Maintainer"
 [6] "Status"     "Flags"      "T_install"  "T_check"    "T_total"   

CRAN__> ## Tabulate overall check status according to flavor:
CRAN__> with(results, table(Flavor, Status))
                                   Status
Flavor                                 OK  NOTE WARNING ERROR FAILURE
  r-devel-linux-x86_64-debian-clang 17378  4026     157    90       0
  r-devel-linux-x86_64-debian-gcc   17568  4036       5    58       0
  r-devel-linux-x86_64-fedora-clang 17996  3617       4    41       0
  r-devel-linux-x86_64-fedora-gcc   17973  3610       4    83       0
  r-devel-windows-x86_64            17640  3951       9    46      15
  r-oldrel-macos-arm64              17059  4439      23   139       0
  r-oldrel-macos-x86_64             16956  4579      23   122       0
  r-oldrel-windows-x86_64           17894  3647      19    75       2
  r-patched-linux-x86_64            17103  4502       6    45       0
  r-release-linux-x86_64            17036  4514       3    32       0
  r-release-macos-arm64             15898  5647      22   108       0
  r-release-macos-x86_64            15830  5623     154    74       0
  r-release-windows-x86_64          16655  4934       8    39       7

CRAN__> details <- CRAN_check_details()

CRAN__> ## Available variables:
CRAN__> names(details)
[1] "Package"    "Version"    "Flavor"     "Check"      "Status"    
[6] "Output"     "Flags"      "Maintainer"

CRAN__> ## Tabulate checks according to their status:
CRAN__> tab <- with(details, table(Check, Status))

CRAN__> ## Inspect some installation problems:
CRAN__> bad <- subset(details,
CRAN__+               ((Check == "whether package can be installed") &
CRAN__+                (Status != "OK")))

CRAN__> ## Show a random sample of up to 6
CRAN__> head(bad[sample(seq_len(NROW(bad)), NROW(bad)), ])
Package: RepeatedHighDim 2.3.0
Flavor: r-devel-linux-x86_64-debian-clang
Check: whether package can be installed, Result: WARNING
  Found the following significant warnings:
    Warning: 'rgl.init' failed, running with 'rgl.useNULL = TRUE'.
  See <U+2018>/home/hornik/tmp/R.check/r-devel-clang/Work/PKGS/RepeatedHighDim.Rcheck/00install.out<U+2019> for details.

Package: triptych 0.1.3
Flavor: r-oldrel-macos-x86_64
Check: whether package can be installed, Result: ERROR
  Installation failed.
  See <U+2018>/Volumes/Builds/packages/big-sur-x86_64/results/4.3/triptych.Rcheck/00install.out<U+2019> for details.

Package: Rcplex 0.3-6
Flavor: r-oldrel-macos-x86_64
Check: whether package can be installed, Result: ERROR
  Installation failed.
  See <U+2018>/Volumes/Builds/packages/big-sur-x86_64/results/4.3/Rcplex.Rcheck/00install.out<U+2019> for details.

Package: proj4 1.0-14
Flavor: r-release-windows-x86_64
Check: whether package can be installed, Result: ERROR
  Installation failed.
  See 'd:/Rcompile/CRANpkg/local/4.4/proj4.Rcheck/00install.out' for details.

Package: smoothAPC 0.3
Flavor: r-devel-linux-x86_64-debian-clang
Check: whether package can be installed, Result: WARNING
  Found the following significant warnings:
    Warning: 'rgl.init' failed, running with 'rgl.useNULL = TRUE'.
  See <U+2018>/home/hornik/tmp/R.check/r-devel-clang/Work/PKGS/smoothAPC.Rcheck/00install.out<U+2019> for details.

Package: easyDifferentialGeneCoexpression 1.4
Flavor: r-devel-windows-x86_64
Check: whether package can be installed, Result: ERROR
  Installation failed.
  See 'd:/Rcompile/CRANpkg/local/4.5/easyDifferentialGeneCoexpression.Rcheck/00install.out' for details.

CRAN__> issues <- CRAN_check_issues()

CRAN__> head(issues)
   Package  Version  kind
6  FlexReg      1.2 ATLAS
18 geoidep    0.3.0 ATLAS
24 nhanesA      1.1 ATLAS
32     vcr    1.6.0 ATLAS
60     tth 4.12-0-1   C23
61     tth 4.12-0-1   C23
                                                         href
6  https://www.stats.ox.ac.uk/pub/bdr/Rblas/ATLAS/FlexReg.out
18 https://www.stats.ox.ac.uk/pub/bdr/Rblas/ATLAS/geoidep.out
24 https://www.stats.ox.ac.uk/pub/bdr/Rblas/ATLAS/nhanesA.out
32     https://www.stats.ox.ac.uk/pub/bdr/Rblas/ATLAS/vcr.out
60             https://www.stats.ox.ac.uk/pub/bdr/C23/tth.log
61             https://www.stats.ox.ac.uk/pub/bdr/C23/tth.out

CRAN__> ## Show counts of issues according to kind:
CRAN__> table(issues[, "kind"])

      ATLAS         C23       Intel         LTO       M1mac         MKL 
          4           2          15           1          17           6 
   OpenBLAS      Strict clang-UBSAN     clang19    donttest    gcc-ASAN 
          2           4           5           8          91           2 
       noLD  noSuggests        rchk       rcnst      rlibro    valgrind 
          3          65          19           1           3           3 

CRAN__> ## Summarize CRAN check status for 10 randomly-selected packages
CRAN__> ## (reusing the information already read in):
CRAN__> pos <- sample(seq_len(NROW(pdb)), 10L)

CRAN__> summarize_CRAN_check_status(pdb[pos, "Package"],
CRAN__+                             results, details, issues)
Package: SIGN
*************

Current CRAN status: OK: 3, NOTE: 8, ERROR: 2
See: <https://CRAN.R-project.org/web/checks/check_results_SIGN.html>

Version: 0.1.0
Check: dependencies in R code, Result: NOTE
  Namespace in Imports field not imported from: <U+2018>utils<U+2019>
    All declared Imports should be used.
See: <https://www.r-project.org/nosvn/R.check/r-devel-linux-x86_64-fedora-clang/SIGN-00check.html>,
     <https://www.r-project.org/nosvn/R.check/r-devel-linux-x86_64-fedora-gcc/SIGN-00check.html>

Version: 0.1.0
Check: LazyData, Result: NOTE
    'LazyData' is specified without a 'data' directory
See: <https://www.r-project.org/nosvn/R.check/r-patched-linux-x86_64/SIGN-00check.html>,
     <https://www.r-project.org/nosvn/R.check/r-release-linux-x86_64/SIGN-00check.html>,
     <https://www.r-project.org/nosvn/R.check/r-release-macos-arm64/SIGN-00check.html>,
     <https://www.r-project.org/nosvn/R.check/r-release-macos-x86_64/SIGN-00check.html>,
     <https://www.r-project.org/nosvn/R.check/r-release-windows-x86_64/SIGN-00check.html>,
     <https://www.r-project.org/nosvn/R.check/r-oldrel-windows-x86_64/SIGN-00check.html>

Version: 0.1.0
Check: package dependencies, Result: ERROR
  Package required but not available: <U+2018>GSVA<U+2019>
  
  See section <U+2018>The DESCRIPTION file<U+2019> in the <U+2018>Writing R Extensions<U+2019>
  manual.
See: <https://www.r-project.org/nosvn/R.check/r-oldrel-macos-arm64/SIGN-00check.html>,
     <https://www.r-project.org/nosvn/R.check/r-oldrel-macos-x86_64/SIGN-00check.html>

Package: modeltime.ensemble
***************************

Current CRAN status: OK: 13
See: <https://CRAN.R-project.org/web/checks/check_results_modeltime.ensemble.html>

Package: PRISMA2020
*******************

Current CRAN status: OK: 13
See: <https://CRAN.R-project.org/web/checks/check_results_PRISMA2020.html>

Package: basf
*************

Current CRAN status: OK: 5, NOTE: 8
See: <https://CRAN.R-project.org/web/checks/check_results_basf.html>

Version: 0.2.0
Check: LazyData, Result: NOTE
    'LazyData' is specified without a 'data' directory
See: <https://www.r-project.org/nosvn/R.check/r-patched-linux-x86_64/basf-00check.html>,
     <https://www.r-project.org/nosvn/R.check/r-release-linux-x86_64/basf-00check.html>,
     <https://www.r-project.org/nosvn/R.check/r-release-macos-arm64/basf-00check.html>,
     <https://www.r-project.org/nosvn/R.check/r-release-macos-x86_64/basf-00check.html>,
     <https://www.r-project.org/nosvn/R.check/r-release-windows-x86_64/basf-00check.html>,
     <https://www.r-project.org/nosvn/R.check/r-oldrel-macos-arm64/basf-00check.html>,
     <https://www.r-project.org/nosvn/R.check/r-oldrel-macos-x86_64/basf-00check.html>,
     <https://www.r-project.org/nosvn/R.check/r-oldrel-windows-x86_64/basf-00check.html>

Package: eigenmodel
*******************

Current CRAN status: NOTE: 13
See: <https://CRAN.R-project.org/web/checks/check_results_eigenmodel.html>

Version: 1.11
Check: package subdirectories, Result: NOTE
  Problems with news in <U+2018>NEWS.md<U+2019>:
  No news entries found.
See: <https://www.r-project.org/nosvn/R.check/r-devel-linux-x86_64-debian-clang/eigenmodel-00check.html>,
     <https://www.r-project.org/nosvn/R.check/r-devel-linux-x86_64-debian-gcc/eigenmodel-00check.html>,
     <https://www.r-project.org/nosvn/R.check/r-devel-linux-x86_64-fedora-clang/eigenmodel-00check.html>,
     <https://www.r-project.org/nosvn/R.check/r-devel-linux-x86_64-fedora-gcc/eigenmodel-00check.html>,
     <https://www.r-project.org/nosvn/R.check/r-devel-windows-x86_64/eigenmodel-00check.html>,
     <https://www.r-project.org/nosvn/R.check/r-patched-linux-x86_64/eigenmodel-00check.html>,
     <https://www.r-project.org/nosvn/R.check/r-release-linux-x86_64/eigenmodel-00check.html>,
     <https://www.r-project.org/nosvn/R.check/r-release-macos-arm64/eigenmodel-00check.html>,
     <https://www.r-project.org/nosvn/R.check/r-release-macos-x86_64/eigenmodel-00check.html>,
     <https://www.r-project.org/nosvn/R.check/r-release-windows-x86_64/eigenmodel-00check.html>,
     <https://www.r-project.org/nosvn/R.check/r-oldrel-macos-arm64/eigenmodel-00check.html>,
     <https://www.r-project.org/nosvn/R.check/r-oldrel-macos-x86_64/eigenmodel-00check.html>,
     <https://www.r-project.org/nosvn/R.check/r-oldrel-windows-x86_64/eigenmodel-00check.html>

Package: nnlib2Rcpp
*******************

Current CRAN status: OK: 9, NOTE: 4
See: <https://CRAN.R-project.org/web/checks/check_results_nnlib2Rcpp.html>

Version: 0.2.9
Check: installed package size, Result: NOTE
    installed size is 11.0Mb
    sub-directories of 1Mb or more:
      libs  10.4Mb
See: <https://www.r-project.org/nosvn/R.check/r-release-macos-arm64/nnlib2Rcpp-00check.html>,
     <https://www.r-project.org/nosvn/R.check/r-release-macos-x86_64/nnlib2Rcpp-00check.html>,
     <https://www.r-project.org/nosvn/R.check/r-oldrel-macos-arm64/nnlib2Rcpp-00check.html>,
     <https://www.r-project.org/nosvn/R.check/r-oldrel-macos-x86_64/nnlib2Rcpp-00check.html>

Package: SPORTSCausal
*********************

Current CRAN status: OK: 13
See: <https://CRAN.R-project.org/web/checks/check_results_SPORTSCausal.html>

Package: GroupComparisons
*************************

Current CRAN status: OK: 5, NOTE: 8
See: <https://CRAN.R-project.org/web/checks/check_results_GroupComparisons.html>

Version: 0.1.0
Check: LazyData, Result: NOTE
    'LazyData' is specified without a 'data' directory
See: <https://www.r-project.org/nosvn/R.check/r-patched-linux-x86_64/GroupComparisons-00check.html>,
     <https://www.r-project.org/nosvn/R.check/r-release-linux-x86_64/GroupComparisons-00check.html>,
     <https://www.r-project.org/nosvn/R.check/r-release-macos-arm64/GroupComparisons-00check.html>,
     <https://www.r-project.org/nosvn/R.check/r-release-macos-x86_64/GroupComparisons-00check.html>,
     <https://www.r-project.org/nosvn/R.check/r-release-windows-x86_64/GroupComparisons-00check.html>,
     <https://www.r-project.org/nosvn/R.check/r-oldrel-macos-arm64/GroupComparisons-00check.html>,
     <https://www.r-project.org/nosvn/R.check/r-oldrel-macos-x86_64/GroupComparisons-00check.html>,
     <https://www.r-project.org/nosvn/R.check/r-oldrel-windows-x86_64/GroupComparisons-00check.html>

Package: GOxploreR
******************

Current CRAN status: OK: 7, NOTE: 6
See: <https://CRAN.R-project.org/web/checks/check_results_GOxploreR.html>

Version: 1.2.7
Check: installed package size, Result: NOTE
    installed size is  7.6Mb
    sub-directories of 1Mb or more:
      R   7.0Mb
See: <https://www.r-project.org/nosvn/R.check/r-release-macos-arm64/GOxploreR-00check.html>,
     <https://www.r-project.org/nosvn/R.check/r-release-macos-x86_64/GOxploreR-00check.html>,
     <https://www.r-project.org/nosvn/R.check/r-release-windows-x86_64/GOxploreR-00check.html>,
     <https://www.r-project.org/nosvn/R.check/r-oldrel-macos-arm64/GOxploreR-00check.html>,
     <https://www.r-project.org/nosvn/R.check/r-oldrel-macos-x86_64/GOxploreR-00check.html>,
     <https://www.r-project.org/nosvn/R.check/r-oldrel-windows-x86_64/GOxploreR-00check.html>

Package: estimators
*******************

Current CRAN status: OK: 13
See: <https://CRAN.R-project.org/web/checks/check_results_estimators.html>

CRAN__> ## End(No test)
CRAN__> 
CRAN__> 
> 
> cat("Time elapsed: ", proc.time() - .ptime,"\n")
Time elapsed:  6.809 0.863 136.549 0 0 
> 
