
R version 4.4.0 (2024-04-24) -- "Puppy Cup"
Copyright (C) 2024 The R Foundation for Statistical Computing
Platform: x86_64-pc-linux-gnu

R is free software and comes with ABSOLUTELY NO WARRANTY.
You are welcome to redistribute it under certain conditions.
Type 'license()' or 'licence()' for distribution details.

R is a collaborative project with many contributors.
Type 'contributors()' for more information and
'citation()' on how to cite R or R packages in publications.

Type 'demo()' for some demos, 'help()' for on-line help, or
'help.start()' for an HTML browser interface to help.
Type 'q()' to quit R.

> ### This needs a local (partial) CRAN mirror or Internet access
> ## Specifically, needs web/packages/packages.rds and web/checks/*.rds
> 
> ## This may need to download, so increase the timeout.
> options(warn = 1L, timeout = max(600, getOption('timeout')))
> 
> .ptime <- proc.time()
> 
> ## Look up CRAN mirror in the same way the functions do.
> ## Uses R_CRAN_WEB if set, otherwise getOption('repos')["CRAN"]
> ## then the (possibly local) 'repositories' file
> ## and if still unset, https://CRAN.R-project.org
> mirror <- tools:::CRAN_baseurl_for_web_area()
> message("Using CRAN mirror ",  sQuote(mirror))
Using CRAN mirror 'https://CRAN.R-project.org'
> 
> ## Sanity check: the examples use /web/packages/packages.rds and
> ## web/checks/check_*.rds,
> ## but partial mirrors for package installation only need src/contrib.
> ## This would fail with a file:// mirror but provides a cheap check
> ## of the availability of a https:// one.
> if(!startsWith(mirror, "file://")) {
+     foo <- tryCatch(readLines(paste0(mirror, "/web/packages")),
+                     error = function(e) {
+                     message(conditionMessage(e))
+                     ## and bail out
+                     cat("Time elapsed: ", proc.time() - .ptime,"\n")
+                     q("no")
+     })
+ }
> 
> ## no longer conditionalized on Internet access
> library(tools)
> example("CRAN_package_db", run.donttest = TRUE)

CRAN__> ## No test: 
CRAN__> ## This can be rather slow  with a non-local CRAN mirror
CRAN__> ## and might fail (slowly) without Internet access in that case.
CRAN__> 
CRAN__> set.seed(11)  # but the packages chosen will change as soon as CRAN does.

CRAN__> pdb <- CRAN_package_db()

CRAN__> dim(pdb)
[1] 21730    69

CRAN__> ## DESCRIPTION fields included:
CRAN__> colnames(pdb)
 [1] "Package"                 "Version"                
 [3] "Priority"                "Depends"                
 [5] "Imports"                 "LinkingTo"              
 [7] "Suggests"                "Enhances"               
 [9] "License"                 "License_is_FOSS"        
[11] "License_restricts_use"   "OS_type"                
[13] "Archs"                   "MD5sum"                 
[15] "NeedsCompilation"        "Additional_repositories"
[17] "Author"                  "Authors@R"              
[19] "Biarch"                  "BugReports"             
[21] "BuildKeepEmpty"          "BuildManual"            
[23] "BuildResaveData"         "BuildVignettes"         
[25] "Built"                   "ByteCompile"            
[27] "Classification/ACM"      "Classification/ACM-2012"
[29] "Classification/JEL"      "Classification/MSC"     
[31] "Classification/MSC-2010" "Collate"                
[33] "Collate.unix"            "Collate.windows"        
[35] "Contact"                 "Copyright"              
[37] "Date"                    "Date/Publication"       
[39] "Description"             "Encoding"               
[41] "KeepSource"              "Language"               
[43] "LazyData"                "LazyDataCompression"    
[45] "LazyLoad"                "MailingList"            
[47] "Maintainer"              "Note"                   
[49] "Packaged"                "RdMacros"               
[51] "StagedInstall"           "SysDataCompression"     
[53] "SystemRequirements"      "Title"                  
[55] "Type"                    "URL"                    
[57] "UseLTO"                  "VignetteBuilder"        
[59] "ZipData"                 "Path"                   
[61] "X-CRAN-Comment"          "Published"              
[63] "Reverse depends"         "Reverse imports"        
[65] "Reverse linking to"      "Reverse suggests"       
[67] "Reverse enhances"        "Deadline"               
[69] "DOI"                    

CRAN__> ## Summarize publication dates:
CRAN__> summary(as.Date(pdb$Published))
        Min.      1st Qu.       Median         Mean      3rd Qu.         Max. 
"2008-09-08" "2021-01-29" "2023-03-31" "2022-05-18" "2024-04-10" "2024-11-22" 

CRAN__> ## Summarize numbers of packages according to maintainer:
CRAN__> summary(lengths(split(pdb$Package, pdb$Maintainer)))
   Min. 1st Qu.  Median    Mean 3rd Qu.    Max. 
  1.000   1.000   1.000   1.774   2.000  74.000 

CRAN__> ## Packages with 'LASSO' in their Description:
CRAN__> pdb$Package[grepl("LASSO", pdb$Description)]
 [1] "ablasso"               "ConnectednessApproach" "csmpv"                
 [4] "emBayes"               "expandFunctions"       "extlasso"             
 [7] "fastcmprsk"            "FeaLect"               "FindIt"               
[10] "frailtyMMpen"          "gcdnet"                "glassoFast"           
[13] "glmmPen"               "glmnetr"               "glmnetSE"             
[16] "glmvsd"                "grpnet"                "GWRLASSO"             
[19] "hdmed"                 "higlasso"              "HTLR"                 
[22] "MetabolicSurv"         "MicrobiomeSurv"        "midasml"              
[25] "milr"                  "miselect"              "MTE"                  
[28] "ncpen"                 "nets"                  "pgee.mixed"           
[31] "planningML"            "polywog"               "ppmlasso"             
[34] "pqrfe"                 "predhy"                "predhy.GUI"           
[37] "rbridge"               "REN"                   "rqPen"                
[40] "rrat"                  "SentimentAnalysis"     "SGPR"                 
[43] "sharp"                 "slasso"                "SparseBiplots"        
[46] "SpTe2M"                "stR"                   "SuRF.vs"              
[49] "SurvHiDim"             "VSOLassoBag"          

CRAN__> results <- CRAN_check_results()

CRAN__> ## Available variables:
CRAN__> names(results)
 [1] "Flavor"     "Package"    "Version"    "Priority"   "Maintainer"
 [6] "Status"     "Flags"      "T_install"  "T_check"    "T_total"   

CRAN__> ## Tabulate overall check status according to flavor:
CRAN__> with(results, table(Flavor, Status))
                                   Status
Flavor                                 OK  NOTE WARNING ERROR FAILURE
  r-devel-linux-x86_64-debian-clang 17558  4052       3    67       1
  r-devel-linux-x86_64-debian-gcc   17576  4054       4    47       0
  r-devel-linux-x86_64-fedora-clang 17998  3634       4    39       0
  r-devel-linux-x86_64-fedora-gcc   17973  3627       4    83       0
  r-devel-windows-x86_64            17613  3972       9    51      13
  r-oldrel-macos-arm64              17077  4440      23   138       0
  r-oldrel-macos-x86_64             16974  4578      23   122       0
  r-oldrel-windows-x86_64           17929  3646      18    70       2
  r-patched-linux-x86_64            17102  4500       6    45       0
  r-release-linux-x86_64            17036  4512       3    32       0
  r-release-macos-arm64             15918  5645      22   107       0
  r-release-macos-x86_64            15852  5618     154    74       0
  r-release-windows-x86_64          16706  4925       7    37       8

CRAN__> details <- CRAN_check_details()

CRAN__> ## Available variables:
CRAN__> names(details)
[1] "Package"    "Version"    "Flavor"     "Check"      "Status"    
[6] "Output"     "Flags"      "Maintainer"

CRAN__> ## Tabulate checks according to their status:
CRAN__> tab <- with(details, table(Check, Status))

CRAN__> ## Inspect some installation problems:
CRAN__> bad <- subset(details,
CRAN__+               ((Check == "whether package can be installed") &
CRAN__+                (Status != "OK")))

CRAN__> ## Show a random sample of up to 6
CRAN__> head(bad[sample(seq_len(NROW(bad)), NROW(bad)), ])
Package: uuid 1.2-1
Flavor: r-devel-windows-x86_64
Check: whether package can be installed, Result: WARNING
  Found the following significant warnings:
    randutils.c:60:12: warning: function declaration isn't a prototype [-Wstrict-prototypes]
  See 'd:/Rcompile/CRANpkg/local/4.5/uuid.Rcheck/00install.out' for details.
  * used C compiler: 'gcc.exe (GCC) 13.3.0'

Package: scorematchingad 0.0.67
Flavor: r-oldrel-macos-x86_64
Check: whether package can be installed, Result: ERROR
  Installation failed.
  See <U+2018>/Volumes/Builds/packages/big-sur-x86_64/results/4.3/scorematchingad.Rcheck/00install.out<U+2019> for details.

Package: mlpack 4.5.0
Flavor: r-patched-linux-x86_64
Check: whether package can be installed, Result: WARNING
  Found the following significant warnings:
    /home/hornik/tmp/R.check/r-patched-gcc/Work/build/Packages/RcppEnsmallen/include/ensmallen_bits/fw/atoms.hpp:100:14: warning: <U+2018>eT arma::Mat<eT>::min(arma::uword&) const [with eT = double; arma::uword = long long unsigned int]<U+2019> is deprecated: use .index_min() instead [-Wdeprecated-declarations]
    ../inst/include/mlpack/methods/adaboost/adaboost_impl.hpp:207:29: warning: <U+2018>eT arma::subview_col<eT>::max(arma::uword&) const [with eT = double; arma::uword = long long unsigned int]<U+2019> is deprecated: use .index_max() instead [-Wdeprecated-declarations]
    ../inst/include/mlpack/methods/perceptron/perceptron_impl.hpp:327:21: warning: <U+2018>eT arma::Mat<eT>::max(arma::uword&) const [with eT = double; arma::uword = long long unsigned int]<U+2019> is deprecated: use .index_max() instead [-Wdeprecated-declarations]
    ../inst/include/mlpack/methods/perceptron/perceptron_impl.hpp:249:23: warning: <U+2018>eT arma::Mat<eT>::max(arma::uword&, arma::uword&) const [with eT = double; arma::uword = long long unsigned int]<U+2019> is deprecated [-Wdeprecated-declarations]
    ../inst/include/mlpack/methods/decision_tree/decision_tree_impl.hpp:1168:25: warning: <U+2018>eT arma::Mat<eT>::max(arma::uword&) const [with eT = double; arma::uword = long long unsigned int]<U+2019> is deprecated: use .index_max() instead [-Wdeprecated-declarations]
    ../inst/include/mlpack/methods/approx_kfn/drusilla_select_impl.hpp:98:14: warning: <U+2018>eT arma::Mat<eT>::max(arma::uword&) const [with eT = double; arma::uword = long long unsigned int]<U+2019> is deprecated: use .index_max() instead [-Wdeprecated-declarations]
    ../inst/include/mlpack/methods/kmeans/max_variance_new_cluster_impl.hpp:39:16: warning: <U+2018>eT arma::Mat<eT>::max(arma::uword&) const [with eT = double; arma::uword = long long unsigned int]<U+2019> is deprecated: use .index_max() instead [-Wdeprecated-declarations]
    ../inst/include/mlpack/methods/hmm/hmm_impl.hpp:531:36: warning: <U+2018>eT arma::Mat<eT>::max(arma::uword&) const [with eT = double; arma::uword = long long unsigned int]<U+2019> is deprecated: use .index_max() instead [-Wdeprecated-declarations]
    ../inst/include/mlpack/methods/hmm/hmm_impl.hpp:537:50: warning: <U+2018>eT arma::Mat<eT>::max(arma::uword&) const [with eT = double; arma::uword = long long unsigned int]<U+2019> is deprecated: use .index_max() instead [-Wdeprecated-declarations]
    ../inst/include/mlpack/methods/hoeffding_trees/hoeffding_categorical_split_impl.hpp:83:18: warning: <U+2018>eT arma::Mat<eT>::max(arma::uword&) const [with eT = long unsigned int; arma::uword = long long unsigned int]<U+2019> is deprecated: use .index_max() instead [-Wdeprecated-declarations]
    ../inst/include/mlpack/methods/hoeffding_trees/hoeffding_numeric_split_impl.hpp:148:16: warning: <U+2018>eT arma::Mat<eT>::max(arma::uword&) const [with eT = long unsigned int; arma::uword = long long unsigned int]<U+2019> is deprecated: use .index_max() instead [-Wdeprecated-declarations]
    ../inst/include/mlpack/methods/hoeffding_trees/hoeffding_numeric_split_impl.hpp:158:20: warning: <U+2018>eT arma::Mat<eT>::max(arma::uword&) const [with eT = long unsigned int; arma::uword = long long unsigned int]<U+2019> is deprecated: use .index_max() instead [-Wdeprecated-declarations]
    ../inst/include/mlpack/methods/hoeffding_trees/binary_numeric_split_impl.hpp:159:18: warning: <U+2018>eT arma::Mat<eT>::max(arma::uword&) const [with eT = long unsigned int; arma::uword = long long unsigned int]<U+2019> is deprecated: use .index_max() instead [-Wdeprecated-declarations]
    ../inst/include/mlpack/methods/hoeffding_trees/hoeffding_categorical_split_impl.hpp:68:43: warning: <U+2018>eT arma::Mat<eT>::max(arma::uword&) const [with eT = long unsigned int; arma::uword = long long unsigned int]<U+2019> is deprecated: use .index_max() instead [-Wdeprecated-declarations]
    ../inst/include/mlpack/methods/hoeffding_trees/hoeffding_numeric_split_impl.hpp:126:43: warning: <U+2018>eT arma::Mat<eT>::max(arma::uword&) const [with eT = long unsigned int; arma::uword = long long unsigned int]<U+2019> is deprecated: use .index_max() instead [-Wdeprecated-declarations]
    ../inst/include/mlpack/methods/hoeffding_trees/binary_numeric_split_impl.hpp:145:27: warning: <U+2018>eT arma::Mat<eT>::max(arma::uword&) const [with eT = long unsigned int; arma::uword = long long unsigned int]<U+2019> is deprecated: use .index_max() instead [-Wdeprecated-declarations]
    ../inst/include/mlpack/methods/hoeffding_trees/binary_numeric_split_impl.hpp:147:27: warning: <U+2018>eT arma::Mat<eT>::max(arma::uword&) const [with eT = long unsigned int; arma::uword = long long unsigned int]<U+2019> is deprecated: use .index_max() instead [-Wdeprecated-declarations]
    ../inst/include/mlpack/methods/naive_bayes/naive_bayes_classifier_impl.hpp:388:37: warning: <U+2018>eT arma::Mat<eT>::max(arma::uword&) const [with eT = double; arma::uword = long long unsigned int]<U+2019> is deprecated: use .index_max() instead [-Wdeprecated-declarations]
    ../inst/include/mlpack/methods/radical/radical_impl.hpp:107:13: warning: <U+2018>eT arma::Mat<eT>::min(arma::uword&) const [with eT = double; arma::uword = long long unsigned int]<U+2019> is deprecated: use .index_min() instead [-Wdeprecated-declarations]
    ../inst/include/mlpack/methods/random_forest/random_forest_impl.hpp:360:20: warning: <U+2018>eT arma::Mat<eT>::max(arma::uword&) const [with eT = double; arma::uword = long long unsigned int]<U+2019> is deprecated: use .index_max() instead [-Wdeprecated-declarations]
  See <U+2018>/home/hornik/tmp/R.check/r-patched-gcc/Work/PKGS/mlpack.Rcheck/00install.out<U+2019> for details.
  * used C++ compiler: <U+2018>g++-14 (Debian 14.2.0-8) 14.2.0<U+2019>

Package: Rcplex 0.3-6
Flavor: r-release-macos-x86_64
Check: whether package can be installed, Result: ERROR
  Installation failed.
  See <U+2018>/Volumes/Builds/packages/big-sur-x86_64/results/4.4/Rcplex.Rcheck/00install.out<U+2019> for details.

Package: zoomerjoin 0.2.0
Flavor: r-oldrel-macos-x86_64
Check: whether package can be installed, Result: ERROR
  Installation failed.
  See <U+2018>/Volumes/Builds/packages/big-sur-x86_64/results/4.3/zoomerjoin.Rcheck/00install.out<U+2019> for details.

Package: RMark 3.0.0
Flavor: r-release-macos-x86_64
Check: whether package can be installed, Result: WARNING
  Found the following significant warnings:
    Warning: Software mark not found in path.
  See <U+2018>/Volumes/Builds/packages/big-sur-x86_64/results/4.4/RMark.Rcheck/00install.out<U+2019> for details.

CRAN__> issues <- CRAN_check_issues()

CRAN__> head(issues)
   Package  Version  kind
6  FlexReg      1.2 ATLAS
19 geoidep    0.3.0 ATLAS
25 nhanesA      1.1 ATLAS
33     vcr    1.6.0 ATLAS
61     tth 4.12-0-1   C23
62     tth 4.12-0-1   C23
                                                         href
6  https://www.stats.ox.ac.uk/pub/bdr/Rblas/ATLAS/FlexReg.out
19 https://www.stats.ox.ac.uk/pub/bdr/Rblas/ATLAS/geoidep.out
25 https://www.stats.ox.ac.uk/pub/bdr/Rblas/ATLAS/nhanesA.out
33     https://www.stats.ox.ac.uk/pub/bdr/Rblas/ATLAS/vcr.out
61             https://www.stats.ox.ac.uk/pub/bdr/C23/tth.log
62             https://www.stats.ox.ac.uk/pub/bdr/C23/tth.out

CRAN__> ## Show counts of issues according to kind:
CRAN__> table(issues[, "kind"])

      ATLAS         C23       Intel       M1mac         MKL    OpenBLAS 
          4           2          15          18           6           2 
     Strict clang-UBSAN     clang19    donttest        noLD  noSuggests 
          4           5           8          90           3          65 
       rchk       rcnst      rlibro    valgrind 
        116           1           4           2 

CRAN__> ## Summarize CRAN check status for 10 randomly-selected packages
CRAN__> ## (reusing the information already read in):
CRAN__> pos <- sample(seq_len(NROW(pdb)), 10L)

CRAN__> summarize_CRAN_check_status(pdb[pos, "Package"],
CRAN__+                             results, details, issues)
Package: qlcData
****************

Current CRAN status: OK: 13
See: <https://CRAN.R-project.org/web/checks/check_results_qlcData.html>

Package: ed50simulation
***********************

Current CRAN status: OK: 13
See: <https://CRAN.R-project.org/web/checks/check_results_ed50simulation.html>

Package: shinyMolBio
********************

Current CRAN status: OK: 5, NOTE: 8
See: <https://CRAN.R-project.org/web/checks/check_results_shinyMolBio.html>

Version: 0.2
Check: LazyData, Result: NOTE
    'LazyData' is specified without a 'data' directory
See: <https://www.r-project.org/nosvn/R.check/r-patched-linux-x86_64/shinyMolBio-00check.html>,
     <https://www.r-project.org/nosvn/R.check/r-release-linux-x86_64/shinyMolBio-00check.html>,
     <https://www.r-project.org/nosvn/R.check/r-release-macos-arm64/shinyMolBio-00check.html>,
     <https://www.r-project.org/nosvn/R.check/r-release-macos-x86_64/shinyMolBio-00check.html>,
     <https://www.r-project.org/nosvn/R.check/r-release-windows-x86_64/shinyMolBio-00check.html>,
     <https://www.r-project.org/nosvn/R.check/r-oldrel-macos-arm64/shinyMolBio-00check.html>,
     <https://www.r-project.org/nosvn/R.check/r-oldrel-macos-x86_64/shinyMolBio-00check.html>,
     <https://www.r-project.org/nosvn/R.check/r-oldrel-windows-x86_64/shinyMolBio-00check.html>

Package: rworldmap
******************

Current CRAN status: OK: 7, NOTE: 6
See: <https://CRAN.R-project.org/web/checks/check_results_rworldmap.html>

Version: 1.3-8
Check: installed package size, Result: NOTE
    installed size is  6.3Mb
    sub-directories of 1Mb or more:
      data   2.1Mb
      doc    3.9Mb
See: <https://www.r-project.org/nosvn/R.check/r-release-macos-arm64/rworldmap-00check.html>,
     <https://www.r-project.org/nosvn/R.check/r-release-macos-x86_64/rworldmap-00check.html>,
     <https://www.r-project.org/nosvn/R.check/r-release-windows-x86_64/rworldmap-00check.html>,
     <https://www.r-project.org/nosvn/R.check/r-oldrel-macos-arm64/rworldmap-00check.html>,
     <https://www.r-project.org/nosvn/R.check/r-oldrel-macos-x86_64/rworldmap-00check.html>,
     <https://www.r-project.org/nosvn/R.check/r-oldrel-windows-x86_64/rworldmap-00check.html>

Package: xray
*************

Current CRAN status: OK: 13
See: <https://CRAN.R-project.org/web/checks/check_results_xray.html>

Package: sysfonts
*****************

Current CRAN status: OK: 9, NOTE: 4
See: <https://CRAN.R-project.org/web/checks/check_results_sysfonts.html>

Version: 0.8.9
Check: installed package size, Result: NOTE
    installed size is 19.8Mb
    sub-directories of 1Mb or more:
      fonts   1.8Mb
      libs   17.9Mb
See: <https://www.r-project.org/nosvn/R.check/r-release-macos-arm64/sysfonts-00check.html>,
     <https://www.r-project.org/nosvn/R.check/r-release-macos-x86_64/sysfonts-00check.html>,
     <https://www.r-project.org/nosvn/R.check/r-oldrel-macos-arm64/sysfonts-00check.html>,
     <https://www.r-project.org/nosvn/R.check/r-oldrel-macos-x86_64/sysfonts-00check.html>

Package: fmx
************

Current CRAN status: OK: 10, NOTE: 3
See: <https://CRAN.R-project.org/web/checks/check_results_fmx.html>

Version: 0.1.2
Check: Rd cross-references, Result: NOTE
  Found the following Rd file(s) with Rd \link{} targets missing package
  anchors:
    moment_fmx.Rd: moment-class
  Please provide package anchors for all Rd \link{} targets not in the
  package itself and the base packages.
See: <https://www.r-project.org/nosvn/R.check/r-devel-linux-x86_64-debian-clang/fmx-00check.html>,
     <https://www.r-project.org/nosvn/R.check/r-devel-linux-x86_64-debian-gcc/fmx-00check.html>,
     <https://www.r-project.org/nosvn/R.check/r-devel-windows-x86_64/fmx-00check.html>

Package: packMBPLSDA
********************

Current CRAN status: OK: 13
See: <https://CRAN.R-project.org/web/checks/check_results_packMBPLSDA.html>

Package: ptwikiwords
********************

Current CRAN status: OK: 13
See: <https://CRAN.R-project.org/web/checks/check_results_ptwikiwords.html>

Package: modgetxl
*****************

Current CRAN status: OK: 13
See: <https://CRAN.R-project.org/web/checks/check_results_modgetxl.html>

CRAN__> ## End(No test)
CRAN__> 
CRAN__> 
> 
> cat("Time elapsed: ", proc.time() - .ptime,"\n")
Time elapsed:  2.39 0.142 9.242 0 0 
> 
