
R version 4.5.1 (2025-06-13) -- "Great Square Root"
Copyright (C) 2025 The R Foundation for Statistical Computing
Platform: x86_64-pc-linux-gnu

R is free software and comes with ABSOLUTELY NO WARRANTY.
You are welcome to redistribute it under certain conditions.
Type 'license()' or 'licence()' for distribution details.

R is a collaborative project with many contributors.
Type 'contributors()' for more information and
'citation()' on how to cite R or R packages in publications.

Type 'demo()' for some demos, 'help()' for on-line help, or
'help.start()' for an HTML browser interface to help.
Type 'q()' to quit R.

> library("R.utils")
Loading required package: R.oo
Loading required package: R.methodsS3
R.methodsS3 v1.8.2 (2022-06-13 22:00:14 UTC) successfully loaded. See ?R.methodsS3 for help.
R.oo v1.27.1 (2025-05-02 21:00:05 UTC) successfully loaded. See ?R.oo for help.

Attaching package: ‘R.oo’

The following object is masked from ‘package:R.methodsS3’:

    throw

The following objects are masked from ‘package:methods’:

    getClasses, getMethods

The following objects are masked from ‘package:base’:

    attach, detach, load, save

R.utils v2.13.0 (2025-02-24 21:20:02 UTC) successfully loaded. See ?R.utils for help.

Attaching package: ‘R.utils’

The following object is masked from ‘package:utils’:

    timestamp

The following objects are masked from ‘package:base’:

    cat, commandArgs, getOption, isOpen, nullfile, parse, use, warnings

> 
> message("*** doCall() ...\n")
*** doCall() ...

> 
> value <- doCall(seq_len, length.out=5L, .ignoreUnusedArgs=FALSE)
> print(value)
[1] 1 2 3 4 5
> 
> value <- doCall("seq_len", args=list(length.out=5L), .ignoreUnusedArgs=FALSE)
> print(value)
[1] 1 2 3 4 5
> 
> value <- doCall("seq_len", args=list(length.out=5L), .functions=list("seq_len"), .ignoreUnusedArgs=FALSE)
> print(value)
[1] 1 2 3 4 5
> 
> ## Exception handling
> res <- try(doCall(2L), silent=TRUE)
> stopifnot(inherits(res, "try-error"))
> 
> res <- try(doCall("seq_len", args=list(length.out=5L), .functions=list("<unknown>")), silent=TRUE)
> stopifnot(inherits(res, "try-error"))
> 
> 
> message("*** doCall() ... DONE\n")
*** doCall() ... DONE

> 
