
R version 4.4.0 (2024-04-24) -- "Puppy Cup"
Copyright (C) 2024 The R Foundation for Statistical Computing
Platform: x86_64-pc-linux-gnu

R is free software and comes with ABSOLUTELY NO WARRANTY.
You are welcome to redistribute it under certain conditions.
Type 'license()' or 'licence()' for distribution details.

R is a collaborative project with many contributors.
Type 'contributors()' for more information and
'citation()' on how to cite R or R packages in publications.

Type 'demo()' for some demos, 'help()' for on-line help, or
'help.start()' for an HTML browser interface to help.
Type 'q()' to quit R.

> library("sandwich")
> data("PetersenCL", package = "sandwich")
> m <- lm(y ~ x, data = PetersenCL)
> sandwich::vcovPC(m, cluster = ~ firm + year)
              (Intercept)             x
(Intercept)  4.928685e-04 -4.396037e-05
x           -4.396037e-05  6.388754e-04
> 
> PU <- subset(PetersenCL, !(firm == 1 & year == 10))
> u_m <- lm(y ~ x, data = PU)
> sandwich::vcovPC(u_m, cluster = ~ firm + year, pairwise = TRUE)
              (Intercept)             x
(Intercept)  4.870754e-04 -4.566605e-05
x           -4.566605e-05  6.419998e-04
> sandwich::vcovPC(u_m, cluster = ~ firm + year, pairwise = FALSE)
              (Intercept)             x
(Intercept)  5.108853e-04 -8.787789e-05
x           -8.787789e-05  6.371175e-04
> 
> 
> ## vcovPC compared with Stata's xtpcse (xtscc y x) standard errors
> pc1 <- c(0.0222006 , 0.025276)
> names(pc1) <- c("(Intercept)", "x")
> pc1
(Intercept)           x 
  0.0222006   0.0252760 
> (pc2 <- sqrt(diag(sandwich::vcovPC(m, cluster = PetersenCL$firm, order.by = PetersenCL$year))))
(Intercept)           x 
 0.02220064  0.02527598 
> all.equal(pc1, pc2, tolerance = 1e-5)
[1] TRUE
> 
> 
> ## sandwich::vcovPC compared to pcse::vcovPC
> if(!require("pcse")) q()
Loading required package: pcse
Warning message:
In library(package, lib.loc = lib.loc, character.only = TRUE, logical.return = TRUE,  :
  there is no package called ‘pcse’
