
R version 4.3.2 (2023-10-31) -- "Eye Holes"
Copyright (C) 2023 The R Foundation for Statistical Computing
Platform: x86_64-pc-linux-gnu (64-bit)

R is free software and comes with ABSOLUTELY NO WARRANTY.
You are welcome to redistribute it under certain conditions.
Type 'license()' or 'licence()' for distribution details.

  Natural language support but running in an English locale

R is a collaborative project with many contributors.
Type 'contributors()' for more information and
'citation()' on how to cite R or R packages in publications.

Type 'demo()' for some demos, 'help()' for on-line help, or
'help.start()' for an HTML browser interface to help.
Type 'q()' to quit R.

> pkgname <- "lme4"
> source(file.path(R.home("share"), "R", "examples-header.R"))
> options(warn = 1)
> library('lme4')
Loading required package: Matrix
> 
> base::assign(".oldSearch", base::search(), pos = 'CheckExEnv')
> base::assign(".old_wd", base::getwd(), pos = 'CheckExEnv')
> cleanEx()
> nameEx("Arabidopsis")
> ### * Arabidopsis
> 
> flush(stderr()); flush(stdout())
> 
> ### Name: Arabidopsis
> ### Title: Arabidopsis clipping/fertilization data
> ### Aliases: Arabidopsis
> ### Keywords: datasets
> 
> ### ** Examples
> 
> data(Arabidopsis)
> summary(Arabidopsis[,"total.fruits"])
   Min. 1st Qu.  Median    Mean 3rd Qu.    Max. 
   0.00    2.00   11.00   29.96   42.00  238.00 
> table(gsub("[0-9].","",levels(Arabidopsis[,"popu"])))

NL SP SW 
 2  4  3 
> library(lattice)
> stripplot(log(total.fruits+1) ~ amd|nutrient, data = Arabidopsis,
+           groups = gen,
+           strip=strip.custom(strip.names=c(TRUE,TRUE)),
+           type=c('p','a'), ## points and panel-average value --
+           ## see ?panel.xyplot
+           scales=list(x=list(rot=90)),
+           main="Panel: nutrient, Color: genotype")
> 
> 
> 
> cleanEx()

detaching ‘package:lattice’

> nameEx("Dyestuff")
> ### * Dyestuff
> 
> flush(stderr()); flush(stdout())
> 
> ### Name: Dyestuff
> ### Title: Yield of dyestuff by batch
> ### Aliases: Dyestuff Dyestuff2
> ### Keywords: datasets
> 
> ### ** Examples
> 
> ## Don't show: 
>  # useful for the lme4-authors --- development, debugging, etc:
>  commandArgs()[-1]
[1] "--no-save"     "--no-restore"  "-f"            "lme4-Ex.R"    
[5] "--restore"     "--save"        "--no-readline" "--vanilla"    
>  if(FALSE) ## R environment variables:
+  local({ ne <- names(e <- Sys.getenv())
+          list(R    = e[grep("^R", ne)],
+               "_R" = e[grep("^_R",ne)]) })
>  Sys.getenv("R_ENVIRON")
[1] ""
>  Sys.getenv("R_PROFILE")
[1] ""
>  cat("R_LIBS:\n"); (RL <- strsplit(Sys.getenv("R_LIBS"), ":")[[1]])
R_LIBS:
character(0)
>  nRL <- normalizePath(RL)
>  cat("and extra(:= not in R_LIBS) .libPaths():\n")
and extra(:= not in R_LIBS) .libPaths():
>  .libPaths()[is.na(match(.libPaths(), nRL))]
[1] "/usr/local/lib/R/site-library" "/usr/local/lib/R/library"     
> 
>  structure(Sys.info()[c(4,5,1:3)], class="simple.list") #-> 'nodename' ..
         _                                                  
nodename 47b98e4ec3a9                                       
machine  x86_64                                             
sysname  Linux                                              
release  6.5.0-1025-azure                                   
version  #26~22.04.1-Ubuntu SMP Thu Jul 11 22:33:04 UTC 2024
>  sessionInfo()
R version 4.3.2 (2023-10-31)
Platform: x86_64-pc-linux-gnu (64-bit)
Running under: Ubuntu 22.04.4 LTS

Matrix products: default
BLAS:   /usr/lib/x86_64-linux-gnu/openblas-pthread/libblas.so.3 
LAPACK: /usr/lib/x86_64-linux-gnu/openblas-pthread/libopenblasp-r0.3.20.so;  LAPACK version 3.10.0

locale:
 [1] LC_CTYPE=en_US.UTF-8       LC_NUMERIC=C              
 [3] LC_TIME=en_US.UTF-8        LC_COLLATE=en_US.UTF-8    
 [5] LC_MONETARY=en_US.UTF-8    LC_MESSAGES=en_US.UTF-8   
 [7] LC_PAPER=en_US.UTF-8       LC_NAME=C                 
 [9] LC_ADDRESS=C               LC_TELEPHONE=C            
[11] LC_MEASUREMENT=en_US.UTF-8 LC_IDENTIFICATION=C       

time zone: Etc/UTC
tzcode source: system (glibc)

attached base packages:
[1] stats     graphics  grDevices utils     datasets  methods   base     

other attached packages:
[1] lme4_1.1-35.1  Matrix_1.6-1.1

loaded via a namespace (and not attached):
 [1] minqa_1.2.6    MASS_7.3-60    compiler_4.3.2 tools_4.3.2    Rcpp_1.0.12   
 [6] splines_4.3.2  nlme_3.1-163   grid_4.3.2     nloptr_2.0.3   boot_1.3-28.1 
[11] lattice_0.21-9
>  searchpaths()
 [1] ".GlobalEnv"                         "/usr/local/lib/R/site-library/lme4"
 [3] "/usr/local/lib/R/library/Matrix"    "CheckExEnv"                        
 [5] "/usr/local/lib/R/library/stats"     "/usr/local/lib/R/library/graphics" 
 [7] "/usr/local/lib/R/library/grDevices" "/usr/local/lib/R/library/utils"    
 [9] "/usr/local/lib/R/library/datasets"  "/usr/local/lib/R/library/methods"  
[11] "Autoloads"                          "/usr/local/lib/R/library/base"     
>  pkgI <- function(pkgname) {
+    pd <- tryCatch(packageDescription(pkgname),
+                   error=function(e)e, warning=function(w)w)
+    if(inherits(pd, "error") || inherits(pd, "warning"))
+      cat(sprintf("packageDescription(\"%s\") %s: %s\n",
+                  pkgname, class(pd)[2], pd$message))
+    else
+      cat(sprintf("%s -- built: %s\n%*s -- dir  : %s\n",
+                  pkgname, pd$Built, nchar(pkgname), "",
+                  dirname(dirname(attr(pd, "file")))))
+  }
>  pkgI("Matrix")
Matrix -- built: R 4.3.2; x86_64-pc-linux-gnu; 2024-06-17 08:21:31 UTC; unix
       -- dir  : /usr/local/lib/R/library/Matrix
>  pkgI("Rcpp")
Rcpp -- built: R 4.3.0; x86_64-pc-linux-gnu; 2024-05-30 01:39:06 UTC; unix
     -- dir  : /usr/local/lib/R/site-library/Rcpp
>  ## 2012-03-12{MM}: fails with --as-cran
>  pkgI("RcppEigen")
RcppEigen -- built: R 4.3.0; x86_64-pc-linux-gnu; 2024-01-11 13:07:02 UTC; unix
          -- dir  : /usr/local/lib/R/site-library/RcppEigen
>  pkgI("minqa")
minqa -- built: R 4.3.0; x86_64-pc-linux-gnu; 2024-01-11 13:26:30 UTC; unix
      -- dir  : /usr/local/lib/R/site-library/minqa
>  pkgI("lme4")
lme4 -- built: R 4.3.0; x86_64-pc-linux-gnu; 2024-01-12 11:30:39 UTC; unix
     -- dir  : /usr/local/lib/R/site-library/lme4
> ## End(Don't show)
> require(lattice)
Loading required package: lattice
> str(Dyestuff)
'data.frame':	30 obs. of  2 variables:
 $ Batch: Factor w/ 6 levels "A","B","C","D",..: 1 1 1 1 1 2 2 2 2 2 ...
 $ Yield: num  1545 1440 1440 1520 1580 ...
> dotplot(reorder(Batch, Yield) ~ Yield, Dyestuff,
+         ylab = "Batch", jitter.y = TRUE, aspect = 0.3,
+         type = c("p", "a"))
> dotplot(reorder(Batch, Yield) ~ Yield, Dyestuff2,
+         ylab = "Batch", jitter.y = TRUE, aspect = 0.3,
+         type = c("p", "a"))
> (fm1 <- lmer(Yield ~ 1|Batch, Dyestuff))
Error in initializePtr() : 
  function 'cholmod_factor_ldetA' not provided by package 'Matrix'
Calls: lmer ... initialize -> <Anonymous> -> initializePtr -> .Call
Execution halted
