
R version 4.3.2 (2023-10-31) -- "Eye Holes"
Copyright (C) 2023 The R Foundation for Statistical Computing
Platform: x86_64-pc-linux-gnu (64-bit)

R is free software and comes with ABSOLUTELY NO WARRANTY.
You are welcome to redistribute it under certain conditions.
Type 'license()' or 'licence()' for distribution details.

R is a collaborative project with many contributors.
Type 'contributors()' for more information and
'citation()' on how to cite R or R packages in publications.

Type 'demo()' for some demos, 'help()' for on-line help, or
'help.start()' for an HTML browser interface to help.
Type 'q()' to quit R.

> source("incl/start.R")
[10:25:35.601] plan(): Setting new future strategy stack:
[10:25:35.601] List of future strategies:
[10:25:35.601] 1. sequential:
[10:25:35.601]    - args: function (..., envir = parent.frame())
[10:25:35.601]    - tweaked: FALSE
[10:25:35.601]    - call: future::plan("sequential")
[10:25:35.615] plan(): nbrOfWorkers() = 1
> 
> ## BACKWARD COMPATIBILITY
> if (getRversion() < "3.2.0") {
+   names <- function(x) if (is.environment(x)) ls(envir = x) else base::names(x)
+ }
> 
> message("*** %<-% to environment ...")
*** %<-% to environment ...
> 
> ## - - - - - - - - - - - - - - - - - - - - - - - - - - - -
> ## Async delayed assignment (infix operator)
> ## - - - - - - - - - - - - - - - - - - - - - - - - - - - -
> z <- new.env()
> stopifnot(length(names(z)) == 0L)
> 
> message("*** %<-% to environment: Assign by index (not allowed)")
*** %<-% to environment: Assign by index (not allowed)
> res <- try(z[[1]] %<-% { 2 } %lazy% TRUE, silent = TRUE)
> stopifnot(inherits(res, "try-error"))
> 
> message("*** %<-% to environment: Assign by name (new)")
*** %<-% to environment: Assign by name (new)
> z$B %<-% { TRUE }  %lazy% TRUE
[10:25:35.627] getGlobalsAndPackages() ...
[10:25:35.627] Searching for globals...
[10:25:35.630] - globals found: [1] ‘{’
[10:25:35.630] Searching for globals ... DONE
[10:25:35.631] Resolving globals: FALSE
[10:25:35.631] 
[10:25:35.631] 
[10:25:35.631] getGlobalsAndPackages() ... DONE
> stopifnot(length(z) == 2) # sic!
> stopifnot("B" %in% ls(z))
> 
> y <- as.list(z)
[10:25:35.632] run() for ‘Future’ ...
[10:25:35.633] - state: ‘created’
[10:25:35.633] - Future backend: ‘FutureStrategy’, ‘sequential’, ‘uniprocess’, ‘future’, ‘function’
[10:25:35.633] - Future class: ‘SequentialFuture’, ‘UniprocessFuture’, ‘Future’, ‘environment’
[10:25:35.633] - Copy elements of temporary ‘SequentialFuture’ to final ‘Future’ object ...
[10:25:35.633]   - Field: ‘label’
[10:25:35.633]   - Field: ‘local’
[10:25:35.634]   - Field: ‘owner’
[10:25:35.634]   - Field: ‘envir’
[10:25:35.634]   - Field: ‘packages’
[10:25:35.634]   - Field: ‘gc’
[10:25:35.634]   - Field: ‘conditions’
[10:25:35.634]   - Field: ‘expr’
[10:25:35.634]   - Field: ‘uuid’
[10:25:35.634]   - Field: ‘seed’
[10:25:35.634]   - Field: ‘version’
[10:25:35.634]   - Field: ‘result’
[10:25:35.634]   - Field: ‘asynchronous’
[10:25:35.635]   - Field: ‘calls’
[10:25:35.635]   - Field: ‘globals’
[10:25:35.635]   - Field: ‘stdout’
[10:25:35.635]   - Field: ‘earlySignal’
[10:25:35.635]   - Field: ‘lazy’
[10:25:35.635]   - Field: ‘state’
[10:25:35.635] - Copy elements of temporary ‘SequentialFuture’ to final ‘Future’ object ... done
[10:25:35.635] - Launch lazy future ...
[10:25:35.636] Packages needed by the future expression (n = 0): <none>
[10:25:35.636] Packages needed by future strategies (n = 0): <none>
[10:25:35.637] {
[10:25:35.637]     {
[10:25:35.637]         {
[10:25:35.637]             ...future.startTime <- base::Sys.time()
[10:25:35.637]             {
[10:25:35.637]                 {
[10:25:35.637]                   {
[10:25:35.637]                     base::local({
[10:25:35.637]                       has_future <- base::requireNamespace("future", 
[10:25:35.637]                         quietly = TRUE)
[10:25:35.637]                       if (has_future) {
[10:25:35.637]                         ns <- base::getNamespace("future")
[10:25:35.637]                         version <- ns[[".package"]][["version"]]
[10:25:35.637]                         if (is.null(version)) 
[10:25:35.637]                           version <- utils::packageVersion("future")
[10:25:35.637]                       }
[10:25:35.637]                       else {
[10:25:35.637]                         version <- NULL
[10:25:35.637]                       }
[10:25:35.637]                       if (!has_future || version < "1.8.0") {
[10:25:35.637]                         info <- base::c(r_version = base::gsub("R version ", 
[10:25:35.637]                           "", base::R.version$version.string), 
[10:25:35.637]                           platform = base::sprintf("%s (%s-bit)", 
[10:25:35.637]                             base::R.version$platform, 8 * base::.Machine$sizeof.pointer), 
[10:25:35.637]                           os = base::paste(base::Sys.info()[base::c("sysname", 
[10:25:35.637]                             "release", "version")], collapse = " "), 
[10:25:35.637]                           hostname = base::Sys.info()[["nodename"]])
[10:25:35.637]                         info <- base::sprintf("%s: %s", base::names(info), 
[10:25:35.637]                           info)
[10:25:35.637]                         info <- base::paste(info, collapse = "; ")
[10:25:35.637]                         if (!has_future) {
[10:25:35.637]                           msg <- base::sprintf("Package 'future' is not installed on worker (%s)", 
[10:25:35.637]                             info)
[10:25:35.637]                         }
[10:25:35.637]                         else {
[10:25:35.637]                           msg <- base::sprintf("Package 'future' on worker (%s) must be of version >= 1.8.0: %s", 
[10:25:35.637]                             info, version)
[10:25:35.637]                         }
[10:25:35.637]                         base::stop(msg)
[10:25:35.637]                       }
[10:25:35.637]                     })
[10:25:35.637]                   }
[10:25:35.637]                   options(future.plan = NULL)
[10:25:35.637]                   Sys.unsetenv("R_FUTURE_PLAN")
[10:25:35.637]                   future::plan("default", .cleanup = FALSE, .init = FALSE)
[10:25:35.637]                 }
[10:25:35.637]                 ...future.workdir <- getwd()
[10:25:35.637]             }
[10:25:35.637]             ...future.oldOptions <- base::as.list(base::.Options)
[10:25:35.637]             ...future.oldEnvVars <- base::Sys.getenv()
[10:25:35.637]         }
[10:25:35.637]         base::options(future.startup.script = FALSE, future.globals.onMissing = NULL, 
[10:25:35.637]             future.globals.maxSize = NULL, future.globals.method = NULL, 
[10:25:35.637]             future.globals.onMissing = NULL, future.globals.onReference = NULL, 
[10:25:35.637]             future.globals.resolve = NULL, future.resolve.recursive = NULL, 
[10:25:35.637]             future.rng.onMisuse = NULL, future.rng.onMisuse.keepFuture = NULL, 
[10:25:35.637]             future.stdout.windows.reencode = NULL, width = 80L)
[10:25:35.637]         ...future.futureOptionsAdded <- base::setdiff(base::names(base::.Options), 
[10:25:35.637]             base::names(...future.oldOptions))
[10:25:35.637]     }
[10:25:35.637]     if (FALSE) {
[10:25:35.637]     }
[10:25:35.637]     else {
[10:25:35.637]         if (TRUE) {
[10:25:35.637]             ...future.stdout <- base::rawConnection(base::raw(0L), 
[10:25:35.637]                 open = "w")
[10:25:35.637]         }
[10:25:35.637]         else {
[10:25:35.637]             ...future.stdout <- base::file(base::switch(.Platform$OS.type, 
[10:25:35.637]                 windows = "NUL", "/dev/null"), open = "w")
[10:25:35.637]         }
[10:25:35.637]         base::sink(...future.stdout, type = "output", split = FALSE)
[10:25:35.637]         base::on.exit(if (!base::is.null(...future.stdout)) {
[10:25:35.637]             base::sink(type = "output", split = FALSE)
[10:25:35.637]             base::close(...future.stdout)
[10:25:35.637]         }, add = TRUE)
[10:25:35.637]     }
[10:25:35.637]     ...future.frame <- base::sys.nframe()
[10:25:35.637]     ...future.conditions <- base::list()
[10:25:35.637]     ...future.rng <- base::globalenv()$.Random.seed
[10:25:35.637]     if (FALSE) {
[10:25:35.637]         ...future.globalenv.names <- c(base::names(base::.GlobalEnv), 
[10:25:35.637]             "...future.value", "...future.globalenv.names", ".Random.seed")
[10:25:35.637]     }
[10:25:35.637]     ...future.result <- base::tryCatch({
[10:25:35.637]         base::withCallingHandlers({
[10:25:35.637]             ...future.value <- base::withVisible(base::local({
[10:25:35.637]                 TRUE
[10:25:35.637]             }))
[10:25:35.637]             future::FutureResult(value = ...future.value$value, 
[10:25:35.637]                 visible = ...future.value$visible, rng = !identical(base::globalenv()$.Random.seed, 
[10:25:35.637]                   ...future.rng), globalenv = if (FALSE) 
[10:25:35.637]                   list(added = base::setdiff(base::names(base::.GlobalEnv), 
[10:25:35.637]                     ...future.globalenv.names))
[10:25:35.637]                 else NULL, started = ...future.startTime, version = "1.8")
[10:25:35.637]         }, condition = base::local({
[10:25:35.637]             c <- base::c
[10:25:35.637]             inherits <- base::inherits
[10:25:35.637]             invokeRestart <- base::invokeRestart
[10:25:35.637]             length <- base::length
[10:25:35.637]             list <- base::list
[10:25:35.637]             seq.int <- base::seq.int
[10:25:35.637]             signalCondition <- base::signalCondition
[10:25:35.637]             sys.calls <- base::sys.calls
[10:25:35.637]             `[[` <- base::`[[`
[10:25:35.637]             `+` <- base::`+`
[10:25:35.637]             `<<-` <- base::`<<-`
[10:25:35.637]             sysCalls <- function(calls = sys.calls(), from = 1L) {
[10:25:35.637]                 calls[seq.int(from = from + 12L, to = length(calls) - 
[10:25:35.637]                   3L)]
[10:25:35.637]             }
[10:25:35.637]             function(cond) {
[10:25:35.637]                 is_error <- inherits(cond, "error")
[10:25:35.637]                 ignore <- !is_error && !is.null(NULL) && inherits(cond, 
[10:25:35.637]                   NULL)
[10:25:35.637]                 if (is_error) {
[10:25:35.637]                   sessionInformation <- function() {
[10:25:35.637]                     list(r = base::R.Version(), locale = base::Sys.getlocale(), 
[10:25:35.637]                       rngkind = base::RNGkind(), namespaces = base::loadedNamespaces(), 
[10:25:35.637]                       search = base::search(), system = base::Sys.info())
[10:25:35.637]                   }
[10:25:35.637]                   ...future.conditions[[length(...future.conditions) + 
[10:25:35.637]                     1L]] <<- list(condition = cond, calls = c(sysCalls(from = ...future.frame), 
[10:25:35.637]                     cond$call), session = sessionInformation(), 
[10:25:35.637]                     timestamp = base::Sys.time(), signaled = 0L)
[10:25:35.637]                   signalCondition(cond)
[10:25:35.637]                 }
[10:25:35.637]                 else if (!ignore && TRUE && inherits(cond, c("condition", 
[10:25:35.637]                 "immediateCondition"))) {
[10:25:35.637]                   signal <- TRUE && inherits(cond, "immediateCondition")
[10:25:35.637]                   ...future.conditions[[length(...future.conditions) + 
[10:25:35.637]                     1L]] <<- list(condition = cond, signaled = base::as.integer(signal))
[10:25:35.637]                   if (TRUE && !signal) {
[10:25:35.637]                     muffleCondition <- function (cond, pattern = "^muffle") 
[10:25:35.637]                     {
[10:25:35.637]                       inherits <- base::inherits
[10:25:35.637]                       invokeRestart <- base::invokeRestart
[10:25:35.637]                       is.null <- base::is.null
[10:25:35.637]                       muffled <- FALSE
[10:25:35.637]                       if (inherits(cond, "message")) {
[10:25:35.637]                         muffled <- grepl(pattern, "muffleMessage")
[10:25:35.637]                         if (muffled) 
[10:25:35.637]                           invokeRestart("muffleMessage")
[10:25:35.637]                       }
[10:25:35.637]                       else if (inherits(cond, "warning")) {
[10:25:35.637]                         muffled <- grepl(pattern, "muffleWarning")
[10:25:35.637]                         if (muffled) 
[10:25:35.637]                           invokeRestart("muffleWarning")
[10:25:35.637]                       }
[10:25:35.637]                       else if (inherits(cond, "condition")) {
[10:25:35.637]                         if (!is.null(pattern)) {
[10:25:35.637]                           computeRestarts <- base::computeRestarts
[10:25:35.637]                           grepl <- base::grepl
[10:25:35.637]                           restarts <- computeRestarts(cond)
[10:25:35.637]                           for (restart in restarts) {
[10:25:35.637]                             name <- restart$name
[10:25:35.637]                             if (is.null(name)) 
[10:25:35.637]                               next
[10:25:35.637]                             if (!grepl(pattern, name)) 
[10:25:35.637]                               next
[10:25:35.637]                             invokeRestart(restart)
[10:25:35.637]                             muffled <- TRUE
[10:25:35.637]                             break
[10:25:35.637]                           }
[10:25:35.637]                         }
[10:25:35.637]                       }
[10:25:35.637]                       invisible(muffled)
[10:25:35.637]                     }
[10:25:35.637]                     muffleCondition(cond, pattern = "^muffle")
[10:25:35.637]                   }
[10:25:35.637]                 }
[10:25:35.637]                 else {
[10:25:35.637]                   if (TRUE) {
[10:25:35.637]                     muffleCondition <- function (cond, pattern = "^muffle") 
[10:25:35.637]                     {
[10:25:35.637]                       inherits <- base::inherits
[10:25:35.637]                       invokeRestart <- base::invokeRestart
[10:25:35.637]                       is.null <- base::is.null
[10:25:35.637]                       muffled <- FALSE
[10:25:35.637]                       if (inherits(cond, "message")) {
[10:25:35.637]                         muffled <- grepl(pattern, "muffleMessage")
[10:25:35.637]                         if (muffled) 
[10:25:35.637]                           invokeRestart("muffleMessage")
[10:25:35.637]                       }
[10:25:35.637]                       else if (inherits(cond, "warning")) {
[10:25:35.637]                         muffled <- grepl(pattern, "muffleWarning")
[10:25:35.637]                         if (muffled) 
[10:25:35.637]                           invokeRestart("muffleWarning")
[10:25:35.637]                       }
[10:25:35.637]                       else if (inherits(cond, "condition")) {
[10:25:35.637]                         if (!is.null(pattern)) {
[10:25:35.637]                           computeRestarts <- base::computeRestarts
[10:25:35.637]                           grepl <- base::grepl
[10:25:35.637]                           restarts <- computeRestarts(cond)
[10:25:35.637]                           for (restart in restarts) {
[10:25:35.637]                             name <- restart$name
[10:25:35.637]                             if (is.null(name)) 
[10:25:35.637]                               next
[10:25:35.637]                             if (!grepl(pattern, name)) 
[10:25:35.637]                               next
[10:25:35.637]                             invokeRestart(restart)
[10:25:35.637]                             muffled <- TRUE
[10:25:35.637]                             break
[10:25:35.637]                           }
[10:25:35.637]                         }
[10:25:35.637]                       }
[10:25:35.637]                       invisible(muffled)
[10:25:35.637]                     }
[10:25:35.637]                     muffleCondition(cond, pattern = "^muffle")
[10:25:35.637]                   }
[10:25:35.637]                 }
[10:25:35.637]             }
[10:25:35.637]         }))
[10:25:35.637]     }, error = function(ex) {
[10:25:35.637]         base::structure(base::list(value = NULL, visible = NULL, 
[10:25:35.637]             conditions = ...future.conditions, rng = !identical(base::globalenv()$.Random.seed, 
[10:25:35.637]                 ...future.rng), started = ...future.startTime, 
[10:25:35.637]             finished = Sys.time(), session_uuid = NA_character_, 
[10:25:35.637]             version = "1.8"), class = "FutureResult")
[10:25:35.637]     }, finally = {
[10:25:35.637]         if (!identical(...future.workdir, getwd())) 
[10:25:35.637]             setwd(...future.workdir)
[10:25:35.637]         {
[10:25:35.637]             if (identical(getOption("nwarnings"), ...future.oldOptions$nwarnings)) {
[10:25:35.637]                 ...future.oldOptions$nwarnings <- NULL
[10:25:35.637]             }
[10:25:35.637]             base::options(...future.oldOptions)
[10:25:35.637]             if (.Platform$OS.type == "windows") {
[10:25:35.637]                 old_names <- names(...future.oldEnvVars)
[10:25:35.637]                 envs <- base::Sys.getenv()
[10:25:35.637]                 names <- names(envs)
[10:25:35.637]                 common <- intersect(names, old_names)
[10:25:35.637]                 added <- setdiff(names, old_names)
[10:25:35.637]                 removed <- setdiff(old_names, names)
[10:25:35.637]                 changed <- common[...future.oldEnvVars[common] != 
[10:25:35.637]                   envs[common]]
[10:25:35.637]                 NAMES <- toupper(changed)
[10:25:35.637]                 args <- list()
[10:25:35.637]                 for (kk in seq_along(NAMES)) {
[10:25:35.637]                   name <- changed[[kk]]
[10:25:35.637]                   NAME <- NAMES[[kk]]
[10:25:35.637]                   if (name != NAME && is.element(NAME, old_names)) 
[10:25:35.637]                     next
[10:25:35.637]                   args[[name]] <- ...future.oldEnvVars[[name]]
[10:25:35.637]                 }
[10:25:35.637]                 NAMES <- toupper(added)
[10:25:35.637]                 for (kk in seq_along(NAMES)) {
[10:25:35.637]                   name <- added[[kk]]
[10:25:35.637]                   NAME <- NAMES[[kk]]
[10:25:35.637]                   if (name != NAME && is.element(NAME, old_names)) 
[10:25:35.637]                     next
[10:25:35.637]                   args[[name]] <- ""
[10:25:35.637]                 }
[10:25:35.637]                 NAMES <- toupper(removed)
[10:25:35.637]                 for (kk in seq_along(NAMES)) {
[10:25:35.637]                   name <- removed[[kk]]
[10:25:35.637]                   NAME <- NAMES[[kk]]
[10:25:35.637]                   if (name != NAME && is.element(NAME, old_names)) 
[10:25:35.637]                     next
[10:25:35.637]                   args[[name]] <- ...future.oldEnvVars[[name]]
[10:25:35.637]                 }
[10:25:35.637]                 if (length(args) > 0) 
[10:25:35.637]                   base::do.call(base::Sys.setenv, args = args)
[10:25:35.637]                 args <- names <- old_names <- NAMES <- envs <- common <- added <- removed <- NULL
[10:25:35.637]             }
[10:25:35.637]             else {
[10:25:35.637]                 base::do.call(base::Sys.setenv, args = base::as.list(...future.oldEnvVars))
[10:25:35.637]             }
[10:25:35.637]             {
[10:25:35.637]                 if (base::length(...future.futureOptionsAdded) > 
[10:25:35.637]                   0L) {
[10:25:35.637]                   opts <- base::vector("list", length = base::length(...future.futureOptionsAdded))
[10:25:35.637]                   base::names(opts) <- ...future.futureOptionsAdded
[10:25:35.637]                   base::options(opts)
[10:25:35.637]                 }
[10:25:35.637]                 {
[10:25:35.637]                   {
[10:25:35.637]                     NULL
[10:25:35.637]                     RNGkind("Mersenne-Twister")
[10:25:35.637]                     base::rm(list = ".Random.seed", envir = base::globalenv(), 
[10:25:35.637]                       inherits = FALSE)
[10:25:35.637]                   }
[10:25:35.637]                   options(future.plan = NULL)
[10:25:35.637]                   if (is.na(NA_character_)) 
[10:25:35.637]                     Sys.unsetenv("R_FUTURE_PLAN")
[10:25:35.637]                   else Sys.setenv(R_FUTURE_PLAN = NA_character_)
[10:25:35.637]                   future::plan(list(function (..., envir = parent.frame()) 
[10:25:35.637]                   {
[10:25:35.637]                     future <- SequentialFuture(..., envir = envir)
[10:25:35.637]                     if (!future$lazy) 
[10:25:35.637]                       future <- run(future)
[10:25:35.637]                     invisible(future)
[10:25:35.637]                   }), .cleanup = FALSE, .init = FALSE)
[10:25:35.637]                 }
[10:25:35.637]             }
[10:25:35.637]         }
[10:25:35.637]     })
[10:25:35.637]     if (TRUE) {
[10:25:35.637]         base::sink(type = "output", split = FALSE)
[10:25:35.637]         if (TRUE) {
[10:25:35.637]             ...future.result$stdout <- base::rawToChar(base::rawConnectionValue(...future.stdout))
[10:25:35.637]         }
[10:25:35.637]         else {
[10:25:35.637]             ...future.result["stdout"] <- base::list(NULL)
[10:25:35.637]         }
[10:25:35.637]         base::close(...future.stdout)
[10:25:35.637]         ...future.stdout <- NULL
[10:25:35.637]     }
[10:25:35.637]     ...future.result$conditions <- ...future.conditions
[10:25:35.637]     ...future.result$finished <- base::Sys.time()
[10:25:35.637]     ...future.result
[10:25:35.637] }
[10:25:35.639] plan(): Setting new future strategy stack:
[10:25:35.639] List of future strategies:
[10:25:35.639] 1. sequential:
[10:25:35.639]    - args: function (..., envir = parent.frame())
[10:25:35.639]    - tweaked: FALSE
[10:25:35.639]    - call: NULL
[10:25:35.639] plan(): nbrOfWorkers() = 1
[10:25:35.640] plan(): Setting new future strategy stack:
[10:25:35.640] List of future strategies:
[10:25:35.640] 1. sequential:
[10:25:35.640]    - args: function (..., envir = parent.frame())
[10:25:35.640]    - tweaked: FALSE
[10:25:35.640]    - call: future::plan("sequential")
[10:25:35.641] plan(): nbrOfWorkers() = 1
[10:25:35.641] SequentialFuture started (and completed)
[10:25:35.641] - Launch lazy future ... done
[10:25:35.642] run() for ‘SequentialFuture’ ... done
> str(y)
List of 1
 $ B: logi TRUE
> stopifnot(length(y) == 1)
> stopifnot(identical(names(y), "B"))
> 
> 
> message("*** %<-% to environment: Potential task name clashes")
*** %<-% to environment: Potential task name clashes
> u <- new.env()
> u$a %<-% { 1 } %lazy% TRUE
[10:25:35.645] getGlobalsAndPackages() ...
[10:25:35.645] Searching for globals...
[10:25:35.645] - globals found: [1] ‘{’
[10:25:35.646] Searching for globals ... DONE
[10:25:35.646] Resolving globals: FALSE
[10:25:35.646] 
[10:25:35.646] 
[10:25:35.646] getGlobalsAndPackages() ... DONE
> stopifnot(length(u) == 2)
> stopifnot("a" %in% names(u))
> fu <- futureOf(u$a)
> 
> v <- new.env()
> v$a %<-% { 2 } %lazy% TRUE
[10:25:35.647] getGlobalsAndPackages() ...
[10:25:35.647] Searching for globals...
[10:25:35.647] - globals found: [1] ‘{’
[10:25:35.648] Searching for globals ... DONE
[10:25:35.648] Resolving globals: FALSE
[10:25:35.648] 
[10:25:35.648] 
[10:25:35.648] getGlobalsAndPackages() ... DONE
> stopifnot(length(v) == 2)
> stopifnot("a" %in% names(v))
> fv <- futureOf(v$a)
> stopifnot(!identical(fu, fv))
> 
> fu <- futureOf(u$a)
> stopifnot(!identical(fu, fv))
> 
> stopifnot(identical(u$a, 1))
[10:25:35.649] run() for ‘Future’ ...
[10:25:35.649] - state: ‘created’
[10:25:35.649] - Future backend: ‘FutureStrategy’, ‘sequential’, ‘uniprocess’, ‘future’, ‘function’
[10:25:35.649] - Future class: ‘SequentialFuture’, ‘UniprocessFuture’, ‘Future’, ‘environment’
[10:25:35.649] - Copy elements of temporary ‘SequentialFuture’ to final ‘Future’ object ...
[10:25:35.649]   - Field: ‘label’
[10:25:35.650]   - Field: ‘local’
[10:25:35.650]   - Field: ‘owner’
[10:25:35.650]   - Field: ‘envir’
[10:25:35.650]   - Field: ‘packages’
[10:25:35.650]   - Field: ‘gc’
[10:25:35.650]   - Field: ‘conditions’
[10:25:35.650]   - Field: ‘expr’
[10:25:35.650]   - Field: ‘uuid’
[10:25:35.650]   - Field: ‘seed’
[10:25:35.650]   - Field: ‘version’
[10:25:35.650]   - Field: ‘result’
[10:25:35.651]   - Field: ‘asynchronous’
[10:25:35.651]   - Field: ‘calls’
[10:25:35.651]   - Field: ‘globals’
[10:25:35.651]   - Field: ‘stdout’
[10:25:35.651]   - Field: ‘earlySignal’
[10:25:35.651]   - Field: ‘lazy’
[10:25:35.651]   - Field: ‘state’
[10:25:35.651] - Copy elements of temporary ‘SequentialFuture’ to final ‘Future’ object ... done
[10:25:35.651] - Launch lazy future ...
[10:25:35.651] Packages needed by the future expression (n = 0): <none>
[10:25:35.652] Packages needed by future strategies (n = 0): <none>
[10:25:35.652] {
[10:25:35.652]     {
[10:25:35.652]         {
[10:25:35.652]             ...future.startTime <- base::Sys.time()
[10:25:35.652]             {
[10:25:35.652]                 {
[10:25:35.652]                   {
[10:25:35.652]                     base::local({
[10:25:35.652]                       has_future <- base::requireNamespace("future", 
[10:25:35.652]                         quietly = TRUE)
[10:25:35.652]                       if (has_future) {
[10:25:35.652]                         ns <- base::getNamespace("future")
[10:25:35.652]                         version <- ns[[".package"]][["version"]]
[10:25:35.652]                         if (is.null(version)) 
[10:25:35.652]                           version <- utils::packageVersion("future")
[10:25:35.652]                       }
[10:25:35.652]                       else {
[10:25:35.652]                         version <- NULL
[10:25:35.652]                       }
[10:25:35.652]                       if (!has_future || version < "1.8.0") {
[10:25:35.652]                         info <- base::c(r_version = base::gsub("R version ", 
[10:25:35.652]                           "", base::R.version$version.string), 
[10:25:35.652]                           platform = base::sprintf("%s (%s-bit)", 
[10:25:35.652]                             base::R.version$platform, 8 * base::.Machine$sizeof.pointer), 
[10:25:35.652]                           os = base::paste(base::Sys.info()[base::c("sysname", 
[10:25:35.652]                             "release", "version")], collapse = " "), 
[10:25:35.652]                           hostname = base::Sys.info()[["nodename"]])
[10:25:35.652]                         info <- base::sprintf("%s: %s", base::names(info), 
[10:25:35.652]                           info)
[10:25:35.652]                         info <- base::paste(info, collapse = "; ")
[10:25:35.652]                         if (!has_future) {
[10:25:35.652]                           msg <- base::sprintf("Package 'future' is not installed on worker (%s)", 
[10:25:35.652]                             info)
[10:25:35.652]                         }
[10:25:35.652]                         else {
[10:25:35.652]                           msg <- base::sprintf("Package 'future' on worker (%s) must be of version >= 1.8.0: %s", 
[10:25:35.652]                             info, version)
[10:25:35.652]                         }
[10:25:35.652]                         base::stop(msg)
[10:25:35.652]                       }
[10:25:35.652]                     })
[10:25:35.652]                   }
[10:25:35.652]                   options(future.plan = NULL)
[10:25:35.652]                   Sys.unsetenv("R_FUTURE_PLAN")
[10:25:35.652]                   future::plan("default", .cleanup = FALSE, .init = FALSE)
[10:25:35.652]                 }
[10:25:35.652]                 ...future.workdir <- getwd()
[10:25:35.652]             }
[10:25:35.652]             ...future.oldOptions <- base::as.list(base::.Options)
[10:25:35.652]             ...future.oldEnvVars <- base::Sys.getenv()
[10:25:35.652]         }
[10:25:35.652]         base::options(future.startup.script = FALSE, future.globals.onMissing = NULL, 
[10:25:35.652]             future.globals.maxSize = NULL, future.globals.method = NULL, 
[10:25:35.652]             future.globals.onMissing = NULL, future.globals.onReference = NULL, 
[10:25:35.652]             future.globals.resolve = NULL, future.resolve.recursive = NULL, 
[10:25:35.652]             future.rng.onMisuse = NULL, future.rng.onMisuse.keepFuture = NULL, 
[10:25:35.652]             future.stdout.windows.reencode = NULL, width = 80L)
[10:25:35.652]         ...future.futureOptionsAdded <- base::setdiff(base::names(base::.Options), 
[10:25:35.652]             base::names(...future.oldOptions))
[10:25:35.652]     }
[10:25:35.652]     if (FALSE) {
[10:25:35.652]     }
[10:25:35.652]     else {
[10:25:35.652]         if (TRUE) {
[10:25:35.652]             ...future.stdout <- base::rawConnection(base::raw(0L), 
[10:25:35.652]                 open = "w")
[10:25:35.652]         }
[10:25:35.652]         else {
[10:25:35.652]             ...future.stdout <- base::file(base::switch(.Platform$OS.type, 
[10:25:35.652]                 windows = "NUL", "/dev/null"), open = "w")
[10:25:35.652]         }
[10:25:35.652]         base::sink(...future.stdout, type = "output", split = FALSE)
[10:25:35.652]         base::on.exit(if (!base::is.null(...future.stdout)) {
[10:25:35.652]             base::sink(type = "output", split = FALSE)
[10:25:35.652]             base::close(...future.stdout)
[10:25:35.652]         }, add = TRUE)
[10:25:35.652]     }
[10:25:35.652]     ...future.frame <- base::sys.nframe()
[10:25:35.652]     ...future.conditions <- base::list()
[10:25:35.652]     ...future.rng <- base::globalenv()$.Random.seed
[10:25:35.652]     if (FALSE) {
[10:25:35.652]         ...future.globalenv.names <- c(base::names(base::.GlobalEnv), 
[10:25:35.652]             "...future.value", "...future.globalenv.names", ".Random.seed")
[10:25:35.652]     }
[10:25:35.652]     ...future.result <- base::tryCatch({
[10:25:35.652]         base::withCallingHandlers({
[10:25:35.652]             ...future.value <- base::withVisible(base::local({
[10:25:35.652]                 1
[10:25:35.652]             }))
[10:25:35.652]             future::FutureResult(value = ...future.value$value, 
[10:25:35.652]                 visible = ...future.value$visible, rng = !identical(base::globalenv()$.Random.seed, 
[10:25:35.652]                   ...future.rng), globalenv = if (FALSE) 
[10:25:35.652]                   list(added = base::setdiff(base::names(base::.GlobalEnv), 
[10:25:35.652]                     ...future.globalenv.names))
[10:25:35.652]                 else NULL, started = ...future.startTime, version = "1.8")
[10:25:35.652]         }, condition = base::local({
[10:25:35.652]             c <- base::c
[10:25:35.652]             inherits <- base::inherits
[10:25:35.652]             invokeRestart <- base::invokeRestart
[10:25:35.652]             length <- base::length
[10:25:35.652]             list <- base::list
[10:25:35.652]             seq.int <- base::seq.int
[10:25:35.652]             signalCondition <- base::signalCondition
[10:25:35.652]             sys.calls <- base::sys.calls
[10:25:35.652]             `[[` <- base::`[[`
[10:25:35.652]             `+` <- base::`+`
[10:25:35.652]             `<<-` <- base::`<<-`
[10:25:35.652]             sysCalls <- function(calls = sys.calls(), from = 1L) {
[10:25:35.652]                 calls[seq.int(from = from + 12L, to = length(calls) - 
[10:25:35.652]                   3L)]
[10:25:35.652]             }
[10:25:35.652]             function(cond) {
[10:25:35.652]                 is_error <- inherits(cond, "error")
[10:25:35.652]                 ignore <- !is_error && !is.null(NULL) && inherits(cond, 
[10:25:35.652]                   NULL)
[10:25:35.652]                 if (is_error) {
[10:25:35.652]                   sessionInformation <- function() {
[10:25:35.652]                     list(r = base::R.Version(), locale = base::Sys.getlocale(), 
[10:25:35.652]                       rngkind = base::RNGkind(), namespaces = base::loadedNamespaces(), 
[10:25:35.652]                       search = base::search(), system = base::Sys.info())
[10:25:35.652]                   }
[10:25:35.652]                   ...future.conditions[[length(...future.conditions) + 
[10:25:35.652]                     1L]] <<- list(condition = cond, calls = c(sysCalls(from = ...future.frame), 
[10:25:35.652]                     cond$call), session = sessionInformation(), 
[10:25:35.652]                     timestamp = base::Sys.time(), signaled = 0L)
[10:25:35.652]                   signalCondition(cond)
[10:25:35.652]                 }
[10:25:35.652]                 else if (!ignore && TRUE && inherits(cond, c("condition", 
[10:25:35.652]                 "immediateCondition"))) {
[10:25:35.652]                   signal <- TRUE && inherits(cond, "immediateCondition")
[10:25:35.652]                   ...future.conditions[[length(...future.conditions) + 
[10:25:35.652]                     1L]] <<- list(condition = cond, signaled = base::as.integer(signal))
[10:25:35.652]                   if (TRUE && !signal) {
[10:25:35.652]                     muffleCondition <- function (cond, pattern = "^muffle") 
[10:25:35.652]                     {
[10:25:35.652]                       inherits <- base::inherits
[10:25:35.652]                       invokeRestart <- base::invokeRestart
[10:25:35.652]                       is.null <- base::is.null
[10:25:35.652]                       muffled <- FALSE
[10:25:35.652]                       if (inherits(cond, "message")) {
[10:25:35.652]                         muffled <- grepl(pattern, "muffleMessage")
[10:25:35.652]                         if (muffled) 
[10:25:35.652]                           invokeRestart("muffleMessage")
[10:25:35.652]                       }
[10:25:35.652]                       else if (inherits(cond, "warning")) {
[10:25:35.652]                         muffled <- grepl(pattern, "muffleWarning")
[10:25:35.652]                         if (muffled) 
[10:25:35.652]                           invokeRestart("muffleWarning")
[10:25:35.652]                       }
[10:25:35.652]                       else if (inherits(cond, "condition")) {
[10:25:35.652]                         if (!is.null(pattern)) {
[10:25:35.652]                           computeRestarts <- base::computeRestarts
[10:25:35.652]                           grepl <- base::grepl
[10:25:35.652]                           restarts <- computeRestarts(cond)
[10:25:35.652]                           for (restart in restarts) {
[10:25:35.652]                             name <- restart$name
[10:25:35.652]                             if (is.null(name)) 
[10:25:35.652]                               next
[10:25:35.652]                             if (!grepl(pattern, name)) 
[10:25:35.652]                               next
[10:25:35.652]                             invokeRestart(restart)
[10:25:35.652]                             muffled <- TRUE
[10:25:35.652]                             break
[10:25:35.652]                           }
[10:25:35.652]                         }
[10:25:35.652]                       }
[10:25:35.652]                       invisible(muffled)
[10:25:35.652]                     }
[10:25:35.652]                     muffleCondition(cond, pattern = "^muffle")
[10:25:35.652]                   }
[10:25:35.652]                 }
[10:25:35.652]                 else {
[10:25:35.652]                   if (TRUE) {
[10:25:35.652]                     muffleCondition <- function (cond, pattern = "^muffle") 
[10:25:35.652]                     {
[10:25:35.652]                       inherits <- base::inherits
[10:25:35.652]                       invokeRestart <- base::invokeRestart
[10:25:35.652]                       is.null <- base::is.null
[10:25:35.652]                       muffled <- FALSE
[10:25:35.652]                       if (inherits(cond, "message")) {
[10:25:35.652]                         muffled <- grepl(pattern, "muffleMessage")
[10:25:35.652]                         if (muffled) 
[10:25:35.652]                           invokeRestart("muffleMessage")
[10:25:35.652]                       }
[10:25:35.652]                       else if (inherits(cond, "warning")) {
[10:25:35.652]                         muffled <- grepl(pattern, "muffleWarning")
[10:25:35.652]                         if (muffled) 
[10:25:35.652]                           invokeRestart("muffleWarning")
[10:25:35.652]                       }
[10:25:35.652]                       else if (inherits(cond, "condition")) {
[10:25:35.652]                         if (!is.null(pattern)) {
[10:25:35.652]                           computeRestarts <- base::computeRestarts
[10:25:35.652]                           grepl <- base::grepl
[10:25:35.652]                           restarts <- computeRestarts(cond)
[10:25:35.652]                           for (restart in restarts) {
[10:25:35.652]                             name <- restart$name
[10:25:35.652]                             if (is.null(name)) 
[10:25:35.652]                               next
[10:25:35.652]                             if (!grepl(pattern, name)) 
[10:25:35.652]                               next
[10:25:35.652]                             invokeRestart(restart)
[10:25:35.652]                             muffled <- TRUE
[10:25:35.652]                             break
[10:25:35.652]                           }
[10:25:35.652]                         }
[10:25:35.652]                       }
[10:25:35.652]                       invisible(muffled)
[10:25:35.652]                     }
[10:25:35.652]                     muffleCondition(cond, pattern = "^muffle")
[10:25:35.652]                   }
[10:25:35.652]                 }
[10:25:35.652]             }
[10:25:35.652]         }))
[10:25:35.652]     }, error = function(ex) {
[10:25:35.652]         base::structure(base::list(value = NULL, visible = NULL, 
[10:25:35.652]             conditions = ...future.conditions, rng = !identical(base::globalenv()$.Random.seed, 
[10:25:35.652]                 ...future.rng), started = ...future.startTime, 
[10:25:35.652]             finished = Sys.time(), session_uuid = NA_character_, 
[10:25:35.652]             version = "1.8"), class = "FutureResult")
[10:25:35.652]     }, finally = {
[10:25:35.652]         if (!identical(...future.workdir, getwd())) 
[10:25:35.652]             setwd(...future.workdir)
[10:25:35.652]         {
[10:25:35.652]             if (identical(getOption("nwarnings"), ...future.oldOptions$nwarnings)) {
[10:25:35.652]                 ...future.oldOptions$nwarnings <- NULL
[10:25:35.652]             }
[10:25:35.652]             base::options(...future.oldOptions)
[10:25:35.652]             if (.Platform$OS.type == "windows") {
[10:25:35.652]                 old_names <- names(...future.oldEnvVars)
[10:25:35.652]                 envs <- base::Sys.getenv()
[10:25:35.652]                 names <- names(envs)
[10:25:35.652]                 common <- intersect(names, old_names)
[10:25:35.652]                 added <- setdiff(names, old_names)
[10:25:35.652]                 removed <- setdiff(old_names, names)
[10:25:35.652]                 changed <- common[...future.oldEnvVars[common] != 
[10:25:35.652]                   envs[common]]
[10:25:35.652]                 NAMES <- toupper(changed)
[10:25:35.652]                 args <- list()
[10:25:35.652]                 for (kk in seq_along(NAMES)) {
[10:25:35.652]                   name <- changed[[kk]]
[10:25:35.652]                   NAME <- NAMES[[kk]]
[10:25:35.652]                   if (name != NAME && is.element(NAME, old_names)) 
[10:25:35.652]                     next
[10:25:35.652]                   args[[name]] <- ...future.oldEnvVars[[name]]
[10:25:35.652]                 }
[10:25:35.652]                 NAMES <- toupper(added)
[10:25:35.652]                 for (kk in seq_along(NAMES)) {
[10:25:35.652]                   name <- added[[kk]]
[10:25:35.652]                   NAME <- NAMES[[kk]]
[10:25:35.652]                   if (name != NAME && is.element(NAME, old_names)) 
[10:25:35.652]                     next
[10:25:35.652]                   args[[name]] <- ""
[10:25:35.652]                 }
[10:25:35.652]                 NAMES <- toupper(removed)
[10:25:35.652]                 for (kk in seq_along(NAMES)) {
[10:25:35.652]                   name <- removed[[kk]]
[10:25:35.652]                   NAME <- NAMES[[kk]]
[10:25:35.652]                   if (name != NAME && is.element(NAME, old_names)) 
[10:25:35.652]                     next
[10:25:35.652]                   args[[name]] <- ...future.oldEnvVars[[name]]
[10:25:35.652]                 }
[10:25:35.652]                 if (length(args) > 0) 
[10:25:35.652]                   base::do.call(base::Sys.setenv, args = args)
[10:25:35.652]                 args <- names <- old_names <- NAMES <- envs <- common <- added <- removed <- NULL
[10:25:35.652]             }
[10:25:35.652]             else {
[10:25:35.652]                 base::do.call(base::Sys.setenv, args = base::as.list(...future.oldEnvVars))
[10:25:35.652]             }
[10:25:35.652]             {
[10:25:35.652]                 if (base::length(...future.futureOptionsAdded) > 
[10:25:35.652]                   0L) {
[10:25:35.652]                   opts <- base::vector("list", length = base::length(...future.futureOptionsAdded))
[10:25:35.652]                   base::names(opts) <- ...future.futureOptionsAdded
[10:25:35.652]                   base::options(opts)
[10:25:35.652]                 }
[10:25:35.652]                 {
[10:25:35.652]                   {
[10:25:35.652]                     NULL
[10:25:35.652]                     RNGkind("Mersenne-Twister")
[10:25:35.652]                     base::rm(list = ".Random.seed", envir = base::globalenv(), 
[10:25:35.652]                       inherits = FALSE)
[10:25:35.652]                   }
[10:25:35.652]                   options(future.plan = NULL)
[10:25:35.652]                   if (is.na(NA_character_)) 
[10:25:35.652]                     Sys.unsetenv("R_FUTURE_PLAN")
[10:25:35.652]                   else Sys.setenv(R_FUTURE_PLAN = NA_character_)
[10:25:35.652]                   future::plan(list(function (..., envir = parent.frame()) 
[10:25:35.652]                   {
[10:25:35.652]                     future <- SequentialFuture(..., envir = envir)
[10:25:35.652]                     if (!future$lazy) 
[10:25:35.652]                       future <- run(future)
[10:25:35.652]                     invisible(future)
[10:25:35.652]                   }), .cleanup = FALSE, .init = FALSE)
[10:25:35.652]                 }
[10:25:35.652]             }
[10:25:35.652]         }
[10:25:35.652]     })
[10:25:35.652]     if (TRUE) {
[10:25:35.652]         base::sink(type = "output", split = FALSE)
[10:25:35.652]         if (TRUE) {
[10:25:35.652]             ...future.result$stdout <- base::rawToChar(base::rawConnectionValue(...future.stdout))
[10:25:35.652]         }
[10:25:35.652]         else {
[10:25:35.652]             ...future.result["stdout"] <- base::list(NULL)
[10:25:35.652]         }
[10:25:35.652]         base::close(...future.stdout)
[10:25:35.652]         ...future.stdout <- NULL
[10:25:35.652]     }
[10:25:35.652]     ...future.result$conditions <- ...future.conditions
[10:25:35.652]     ...future.result$finished <- base::Sys.time()
[10:25:35.652]     ...future.result
[10:25:35.652] }
[10:25:35.654] plan(): Setting new future strategy stack:
[10:25:35.654] List of future strategies:
[10:25:35.654] 1. sequential:
[10:25:35.654]    - args: function (..., envir = parent.frame())
[10:25:35.654]    - tweaked: FALSE
[10:25:35.654]    - call: NULL
[10:25:35.654] plan(): nbrOfWorkers() = 1
[10:25:35.655] plan(): Setting new future strategy stack:
[10:25:35.655] List of future strategies:
[10:25:35.655] 1. sequential:
[10:25:35.655]    - args: function (..., envir = parent.frame())
[10:25:35.655]    - tweaked: FALSE
[10:25:35.655]    - call: future::plan("sequential")
[10:25:35.655] plan(): nbrOfWorkers() = 1
[10:25:35.656] SequentialFuture started (and completed)
[10:25:35.656] - Launch lazy future ... done
[10:25:35.656] run() for ‘SequentialFuture’ ... done
> stopifnot(identical(v$a, 2))
[10:25:35.656] run() for ‘Future’ ...
[10:25:35.656] - state: ‘created’
[10:25:35.656] - Future backend: ‘FutureStrategy’, ‘sequential’, ‘uniprocess’, ‘future’, ‘function’
[10:25:35.656] - Future class: ‘SequentialFuture’, ‘UniprocessFuture’, ‘Future’, ‘environment’
[10:25:35.657] - Copy elements of temporary ‘SequentialFuture’ to final ‘Future’ object ...
[10:25:35.657]   - Field: ‘label’
[10:25:35.657]   - Field: ‘local’
[10:25:35.657]   - Field: ‘owner’
[10:25:35.657]   - Field: ‘envir’
[10:25:35.657]   - Field: ‘packages’
[10:25:35.657]   - Field: ‘gc’
[10:25:35.657]   - Field: ‘conditions’
[10:25:35.657]   - Field: ‘expr’
[10:25:35.658]   - Field: ‘uuid’
[10:25:35.658]   - Field: ‘seed’
[10:25:35.658]   - Field: ‘version’
[10:25:35.658]   - Field: ‘result’
[10:25:35.658]   - Field: ‘asynchronous’
[10:25:35.658]   - Field: ‘calls’
[10:25:35.658]   - Field: ‘globals’
[10:25:35.658]   - Field: ‘stdout’
[10:25:35.658]   - Field: ‘earlySignal’
[10:25:35.658]   - Field: ‘lazy’
[10:25:35.658]   - Field: ‘state’
[10:25:35.659] - Copy elements of temporary ‘SequentialFuture’ to final ‘Future’ object ... done
[10:25:35.659] - Launch lazy future ...
[10:25:35.659] Packages needed by the future expression (n = 0): <none>
[10:25:35.659] Packages needed by future strategies (n = 0): <none>
[10:25:35.659] {
[10:25:35.659]     {
[10:25:35.659]         {
[10:25:35.659]             ...future.startTime <- base::Sys.time()
[10:25:35.659]             {
[10:25:35.659]                 {
[10:25:35.659]                   {
[10:25:35.659]                     base::local({
[10:25:35.659]                       has_future <- base::requireNamespace("future", 
[10:25:35.659]                         quietly = TRUE)
[10:25:35.659]                       if (has_future) {
[10:25:35.659]                         ns <- base::getNamespace("future")
[10:25:35.659]                         version <- ns[[".package"]][["version"]]
[10:25:35.659]                         if (is.null(version)) 
[10:25:35.659]                           version <- utils::packageVersion("future")
[10:25:35.659]                       }
[10:25:35.659]                       else {
[10:25:35.659]                         version <- NULL
[10:25:35.659]                       }
[10:25:35.659]                       if (!has_future || version < "1.8.0") {
[10:25:35.659]                         info <- base::c(r_version = base::gsub("R version ", 
[10:25:35.659]                           "", base::R.version$version.string), 
[10:25:35.659]                           platform = base::sprintf("%s (%s-bit)", 
[10:25:35.659]                             base::R.version$platform, 8 * base::.Machine$sizeof.pointer), 
[10:25:35.659]                           os = base::paste(base::Sys.info()[base::c("sysname", 
[10:25:35.659]                             "release", "version")], collapse = " "), 
[10:25:35.659]                           hostname = base::Sys.info()[["nodename"]])
[10:25:35.659]                         info <- base::sprintf("%s: %s", base::names(info), 
[10:25:35.659]                           info)
[10:25:35.659]                         info <- base::paste(info, collapse = "; ")
[10:25:35.659]                         if (!has_future) {
[10:25:35.659]                           msg <- base::sprintf("Package 'future' is not installed on worker (%s)", 
[10:25:35.659]                             info)
[10:25:35.659]                         }
[10:25:35.659]                         else {
[10:25:35.659]                           msg <- base::sprintf("Package 'future' on worker (%s) must be of version >= 1.8.0: %s", 
[10:25:35.659]                             info, version)
[10:25:35.659]                         }
[10:25:35.659]                         base::stop(msg)
[10:25:35.659]                       }
[10:25:35.659]                     })
[10:25:35.659]                   }
[10:25:35.659]                   options(future.plan = NULL)
[10:25:35.659]                   Sys.unsetenv("R_FUTURE_PLAN")
[10:25:35.659]                   future::plan("default", .cleanup = FALSE, .init = FALSE)
[10:25:35.659]                 }
[10:25:35.659]                 ...future.workdir <- getwd()
[10:25:35.659]             }
[10:25:35.659]             ...future.oldOptions <- base::as.list(base::.Options)
[10:25:35.659]             ...future.oldEnvVars <- base::Sys.getenv()
[10:25:35.659]         }
[10:25:35.659]         base::options(future.startup.script = FALSE, future.globals.onMissing = NULL, 
[10:25:35.659]             future.globals.maxSize = NULL, future.globals.method = NULL, 
[10:25:35.659]             future.globals.onMissing = NULL, future.globals.onReference = NULL, 
[10:25:35.659]             future.globals.resolve = NULL, future.resolve.recursive = NULL, 
[10:25:35.659]             future.rng.onMisuse = NULL, future.rng.onMisuse.keepFuture = NULL, 
[10:25:35.659]             future.stdout.windows.reencode = NULL, width = 80L)
[10:25:35.659]         ...future.futureOptionsAdded <- base::setdiff(base::names(base::.Options), 
[10:25:35.659]             base::names(...future.oldOptions))
[10:25:35.659]     }
[10:25:35.659]     if (FALSE) {
[10:25:35.659]     }
[10:25:35.659]     else {
[10:25:35.659]         if (TRUE) {
[10:25:35.659]             ...future.stdout <- base::rawConnection(base::raw(0L), 
[10:25:35.659]                 open = "w")
[10:25:35.659]         }
[10:25:35.659]         else {
[10:25:35.659]             ...future.stdout <- base::file(base::switch(.Platform$OS.type, 
[10:25:35.659]                 windows = "NUL", "/dev/null"), open = "w")
[10:25:35.659]         }
[10:25:35.659]         base::sink(...future.stdout, type = "output", split = FALSE)
[10:25:35.659]         base::on.exit(if (!base::is.null(...future.stdout)) {
[10:25:35.659]             base::sink(type = "output", split = FALSE)
[10:25:35.659]             base::close(...future.stdout)
[10:25:35.659]         }, add = TRUE)
[10:25:35.659]     }
[10:25:35.659]     ...future.frame <- base::sys.nframe()
[10:25:35.659]     ...future.conditions <- base::list()
[10:25:35.659]     ...future.rng <- base::globalenv()$.Random.seed
[10:25:35.659]     if (FALSE) {
[10:25:35.659]         ...future.globalenv.names <- c(base::names(base::.GlobalEnv), 
[10:25:35.659]             "...future.value", "...future.globalenv.names", ".Random.seed")
[10:25:35.659]     }
[10:25:35.659]     ...future.result <- base::tryCatch({
[10:25:35.659]         base::withCallingHandlers({
[10:25:35.659]             ...future.value <- base::withVisible(base::local({
[10:25:35.659]                 2
[10:25:35.659]             }))
[10:25:35.659]             future::FutureResult(value = ...future.value$value, 
[10:25:35.659]                 visible = ...future.value$visible, rng = !identical(base::globalenv()$.Random.seed, 
[10:25:35.659]                   ...future.rng), globalenv = if (FALSE) 
[10:25:35.659]                   list(added = base::setdiff(base::names(base::.GlobalEnv), 
[10:25:35.659]                     ...future.globalenv.names))
[10:25:35.659]                 else NULL, started = ...future.startTime, version = "1.8")
[10:25:35.659]         }, condition = base::local({
[10:25:35.659]             c <- base::c
[10:25:35.659]             inherits <- base::inherits
[10:25:35.659]             invokeRestart <- base::invokeRestart
[10:25:35.659]             length <- base::length
[10:25:35.659]             list <- base::list
[10:25:35.659]             seq.int <- base::seq.int
[10:25:35.659]             signalCondition <- base::signalCondition
[10:25:35.659]             sys.calls <- base::sys.calls
[10:25:35.659]             `[[` <- base::`[[`
[10:25:35.659]             `+` <- base::`+`
[10:25:35.659]             `<<-` <- base::`<<-`
[10:25:35.659]             sysCalls <- function(calls = sys.calls(), from = 1L) {
[10:25:35.659]                 calls[seq.int(from = from + 12L, to = length(calls) - 
[10:25:35.659]                   3L)]
[10:25:35.659]             }
[10:25:35.659]             function(cond) {
[10:25:35.659]                 is_error <- inherits(cond, "error")
[10:25:35.659]                 ignore <- !is_error && !is.null(NULL) && inherits(cond, 
[10:25:35.659]                   NULL)
[10:25:35.659]                 if (is_error) {
[10:25:35.659]                   sessionInformation <- function() {
[10:25:35.659]                     list(r = base::R.Version(), locale = base::Sys.getlocale(), 
[10:25:35.659]                       rngkind = base::RNGkind(), namespaces = base::loadedNamespaces(), 
[10:25:35.659]                       search = base::search(), system = base::Sys.info())
[10:25:35.659]                   }
[10:25:35.659]                   ...future.conditions[[length(...future.conditions) + 
[10:25:35.659]                     1L]] <<- list(condition = cond, calls = c(sysCalls(from = ...future.frame), 
[10:25:35.659]                     cond$call), session = sessionInformation(), 
[10:25:35.659]                     timestamp = base::Sys.time(), signaled = 0L)
[10:25:35.659]                   signalCondition(cond)
[10:25:35.659]                 }
[10:25:35.659]                 else if (!ignore && TRUE && inherits(cond, c("condition", 
[10:25:35.659]                 "immediateCondition"))) {
[10:25:35.659]                   signal <- TRUE && inherits(cond, "immediateCondition")
[10:25:35.659]                   ...future.conditions[[length(...future.conditions) + 
[10:25:35.659]                     1L]] <<- list(condition = cond, signaled = base::as.integer(signal))
[10:25:35.659]                   if (TRUE && !signal) {
[10:25:35.659]                     muffleCondition <- function (cond, pattern = "^muffle") 
[10:25:35.659]                     {
[10:25:35.659]                       inherits <- base::inherits
[10:25:35.659]                       invokeRestart <- base::invokeRestart
[10:25:35.659]                       is.null <- base::is.null
[10:25:35.659]                       muffled <- FALSE
[10:25:35.659]                       if (inherits(cond, "message")) {
[10:25:35.659]                         muffled <- grepl(pattern, "muffleMessage")
[10:25:35.659]                         if (muffled) 
[10:25:35.659]                           invokeRestart("muffleMessage")
[10:25:35.659]                       }
[10:25:35.659]                       else if (inherits(cond, "warning")) {
[10:25:35.659]                         muffled <- grepl(pattern, "muffleWarning")
[10:25:35.659]                         if (muffled) 
[10:25:35.659]                           invokeRestart("muffleWarning")
[10:25:35.659]                       }
[10:25:35.659]                       else if (inherits(cond, "condition")) {
[10:25:35.659]                         if (!is.null(pattern)) {
[10:25:35.659]                           computeRestarts <- base::computeRestarts
[10:25:35.659]                           grepl <- base::grepl
[10:25:35.659]                           restarts <- computeRestarts(cond)
[10:25:35.659]                           for (restart in restarts) {
[10:25:35.659]                             name <- restart$name
[10:25:35.659]                             if (is.null(name)) 
[10:25:35.659]                               next
[10:25:35.659]                             if (!grepl(pattern, name)) 
[10:25:35.659]                               next
[10:25:35.659]                             invokeRestart(restart)
[10:25:35.659]                             muffled <- TRUE
[10:25:35.659]                             break
[10:25:35.659]                           }
[10:25:35.659]                         }
[10:25:35.659]                       }
[10:25:35.659]                       invisible(muffled)
[10:25:35.659]                     }
[10:25:35.659]                     muffleCondition(cond, pattern = "^muffle")
[10:25:35.659]                   }
[10:25:35.659]                 }
[10:25:35.659]                 else {
[10:25:35.659]                   if (TRUE) {
[10:25:35.659]                     muffleCondition <- function (cond, pattern = "^muffle") 
[10:25:35.659]                     {
[10:25:35.659]                       inherits <- base::inherits
[10:25:35.659]                       invokeRestart <- base::invokeRestart
[10:25:35.659]                       is.null <- base::is.null
[10:25:35.659]                       muffled <- FALSE
[10:25:35.659]                       if (inherits(cond, "message")) {
[10:25:35.659]                         muffled <- grepl(pattern, "muffleMessage")
[10:25:35.659]                         if (muffled) 
[10:25:35.659]                           invokeRestart("muffleMessage")
[10:25:35.659]                       }
[10:25:35.659]                       else if (inherits(cond, "warning")) {
[10:25:35.659]                         muffled <- grepl(pattern, "muffleWarning")
[10:25:35.659]                         if (muffled) 
[10:25:35.659]                           invokeRestart("muffleWarning")
[10:25:35.659]                       }
[10:25:35.659]                       else if (inherits(cond, "condition")) {
[10:25:35.659]                         if (!is.null(pattern)) {
[10:25:35.659]                           computeRestarts <- base::computeRestarts
[10:25:35.659]                           grepl <- base::grepl
[10:25:35.659]                           restarts <- computeRestarts(cond)
[10:25:35.659]                           for (restart in restarts) {
[10:25:35.659]                             name <- restart$name
[10:25:35.659]                             if (is.null(name)) 
[10:25:35.659]                               next
[10:25:35.659]                             if (!grepl(pattern, name)) 
[10:25:35.659]                               next
[10:25:35.659]                             invokeRestart(restart)
[10:25:35.659]                             muffled <- TRUE
[10:25:35.659]                             break
[10:25:35.659]                           }
[10:25:35.659]                         }
[10:25:35.659]                       }
[10:25:35.659]                       invisible(muffled)
[10:25:35.659]                     }
[10:25:35.659]                     muffleCondition(cond, pattern = "^muffle")
[10:25:35.659]                   }
[10:25:35.659]                 }
[10:25:35.659]             }
[10:25:35.659]         }))
[10:25:35.659]     }, error = function(ex) {
[10:25:35.659]         base::structure(base::list(value = NULL, visible = NULL, 
[10:25:35.659]             conditions = ...future.conditions, rng = !identical(base::globalenv()$.Random.seed, 
[10:25:35.659]                 ...future.rng), started = ...future.startTime, 
[10:25:35.659]             finished = Sys.time(), session_uuid = NA_character_, 
[10:25:35.659]             version = "1.8"), class = "FutureResult")
[10:25:35.659]     }, finally = {
[10:25:35.659]         if (!identical(...future.workdir, getwd())) 
[10:25:35.659]             setwd(...future.workdir)
[10:25:35.659]         {
[10:25:35.659]             if (identical(getOption("nwarnings"), ...future.oldOptions$nwarnings)) {
[10:25:35.659]                 ...future.oldOptions$nwarnings <- NULL
[10:25:35.659]             }
[10:25:35.659]             base::options(...future.oldOptions)
[10:25:35.659]             if (.Platform$OS.type == "windows") {
[10:25:35.659]                 old_names <- names(...future.oldEnvVars)
[10:25:35.659]                 envs <- base::Sys.getenv()
[10:25:35.659]                 names <- names(envs)
[10:25:35.659]                 common <- intersect(names, old_names)
[10:25:35.659]                 added <- setdiff(names, old_names)
[10:25:35.659]                 removed <- setdiff(old_names, names)
[10:25:35.659]                 changed <- common[...future.oldEnvVars[common] != 
[10:25:35.659]                   envs[common]]
[10:25:35.659]                 NAMES <- toupper(changed)
[10:25:35.659]                 args <- list()
[10:25:35.659]                 for (kk in seq_along(NAMES)) {
[10:25:35.659]                   name <- changed[[kk]]
[10:25:35.659]                   NAME <- NAMES[[kk]]
[10:25:35.659]                   if (name != NAME && is.element(NAME, old_names)) 
[10:25:35.659]                     next
[10:25:35.659]                   args[[name]] <- ...future.oldEnvVars[[name]]
[10:25:35.659]                 }
[10:25:35.659]                 NAMES <- toupper(added)
[10:25:35.659]                 for (kk in seq_along(NAMES)) {
[10:25:35.659]                   name <- added[[kk]]
[10:25:35.659]                   NAME <- NAMES[[kk]]
[10:25:35.659]                   if (name != NAME && is.element(NAME, old_names)) 
[10:25:35.659]                     next
[10:25:35.659]                   args[[name]] <- ""
[10:25:35.659]                 }
[10:25:35.659]                 NAMES <- toupper(removed)
[10:25:35.659]                 for (kk in seq_along(NAMES)) {
[10:25:35.659]                   name <- removed[[kk]]
[10:25:35.659]                   NAME <- NAMES[[kk]]
[10:25:35.659]                   if (name != NAME && is.element(NAME, old_names)) 
[10:25:35.659]                     next
[10:25:35.659]                   args[[name]] <- ...future.oldEnvVars[[name]]
[10:25:35.659]                 }
[10:25:35.659]                 if (length(args) > 0) 
[10:25:35.659]                   base::do.call(base::Sys.setenv, args = args)
[10:25:35.659]                 args <- names <- old_names <- NAMES <- envs <- common <- added <- removed <- NULL
[10:25:35.659]             }
[10:25:35.659]             else {
[10:25:35.659]                 base::do.call(base::Sys.setenv, args = base::as.list(...future.oldEnvVars))
[10:25:35.659]             }
[10:25:35.659]             {
[10:25:35.659]                 if (base::length(...future.futureOptionsAdded) > 
[10:25:35.659]                   0L) {
[10:25:35.659]                   opts <- base::vector("list", length = base::length(...future.futureOptionsAdded))
[10:25:35.659]                   base::names(opts) <- ...future.futureOptionsAdded
[10:25:35.659]                   base::options(opts)
[10:25:35.659]                 }
[10:25:35.659]                 {
[10:25:35.659]                   {
[10:25:35.659]                     NULL
[10:25:35.659]                     RNGkind("Mersenne-Twister")
[10:25:35.659]                     base::rm(list = ".Random.seed", envir = base::globalenv(), 
[10:25:35.659]                       inherits = FALSE)
[10:25:35.659]                   }
[10:25:35.659]                   options(future.plan = NULL)
[10:25:35.659]                   if (is.na(NA_character_)) 
[10:25:35.659]                     Sys.unsetenv("R_FUTURE_PLAN")
[10:25:35.659]                   else Sys.setenv(R_FUTURE_PLAN = NA_character_)
[10:25:35.659]                   future::plan(list(function (..., envir = parent.frame()) 
[10:25:35.659]                   {
[10:25:35.659]                     future <- SequentialFuture(..., envir = envir)
[10:25:35.659]                     if (!future$lazy) 
[10:25:35.659]                       future <- run(future)
[10:25:35.659]                     invisible(future)
[10:25:35.659]                   }), .cleanup = FALSE, .init = FALSE)
[10:25:35.659]                 }
[10:25:35.659]             }
[10:25:35.659]         }
[10:25:35.659]     })
[10:25:35.659]     if (TRUE) {
[10:25:35.659]         base::sink(type = "output", split = FALSE)
[10:25:35.659]         if (TRUE) {
[10:25:35.659]             ...future.result$stdout <- base::rawToChar(base::rawConnectionValue(...future.stdout))
[10:25:35.659]         }
[10:25:35.659]         else {
[10:25:35.659]             ...future.result["stdout"] <- base::list(NULL)
[10:25:35.659]         }
[10:25:35.659]         base::close(...future.stdout)
[10:25:35.659]         ...future.stdout <- NULL
[10:25:35.659]     }
[10:25:35.659]     ...future.result$conditions <- ...future.conditions
[10:25:35.659]     ...future.result$finished <- base::Sys.time()
[10:25:35.659]     ...future.result
[10:25:35.659] }
[10:25:35.661] plan(): Setting new future strategy stack:
[10:25:35.661] List of future strategies:
[10:25:35.661] 1. sequential:
[10:25:35.661]    - args: function (..., envir = parent.frame())
[10:25:35.661]    - tweaked: FALSE
[10:25:35.661]    - call: NULL
[10:25:35.662] plan(): nbrOfWorkers() = 1
[10:25:35.662] plan(): Setting new future strategy stack:
[10:25:35.663] List of future strategies:
[10:25:35.663] 1. sequential:
[10:25:35.663]    - args: function (..., envir = parent.frame())
[10:25:35.663]    - tweaked: FALSE
[10:25:35.663]    - call: future::plan("sequential")
[10:25:35.665] plan(): nbrOfWorkers() = 1
[10:25:35.665] SequentialFuture started (and completed)
[10:25:35.665] - Launch lazy future ... done
[10:25:35.666] run() for ‘SequentialFuture’ ... done
> 
> message("*** %<-% to environment ... DONE")
*** %<-% to environment ... DONE
> 
> source("incl/end.R")
[10:25:35.666] plan(): Setting new future strategy stack:
[10:25:35.666] List of future strategies:
[10:25:35.666] 1. FutureStrategy:
[10:25:35.666]    - args: function (..., envir = parent.frame())
[10:25:35.666]    - tweaked: FALSE
[10:25:35.666]    - call: future::plan(oplan)
[10:25:35.677] plan(): nbrOfWorkers() = 1
> 
