
R version 4.3.2 (2023-10-31) -- "Eye Holes"
Copyright (C) 2023 The R Foundation for Statistical Computing
Platform: x86_64-pc-linux-gnu (64-bit)

R is free software and comes with ABSOLUTELY NO WARRANTY.
You are welcome to redistribute it under certain conditions.
Type 'license()' or 'licence()' for distribution details.

R is a collaborative project with many contributors.
Type 'contributors()' for more information and
'citation()' on how to cite R or R packages in publications.

Type 'demo()' for some demos, 'help()' for on-line help, or
'help.start()' for an HTML browser interface to help.
Type 'q()' to quit R.

> source("incl/start.R")
[16:04:30.681] plan(): Setting new future strategy stack:
[16:04:30.681] List of future strategies:
[16:04:30.681] 1. sequential:
[16:04:30.681]    - args: function (..., envir = parent.frame())
[16:04:30.681]    - tweaked: FALSE
[16:04:30.681]    - call: future::plan("sequential")
[16:04:30.695] plan(): nbrOfWorkers() = 1
> 
> ## BACKWARD COMPATIBILITY
> if (getRversion() < "3.2.0") {
+   names <- function(x) if (is.environment(x)) ls(envir = x) else base::names(x)
+ }
> 
> message("*** %<-% to environment ...")
*** %<-% to environment ...
> 
> ## - - - - - - - - - - - - - - - - - - - - - - - - - - - -
> ## Async delayed assignment (infix operator)
> ## - - - - - - - - - - - - - - - - - - - - - - - - - - - -
> z <- new.env()
> stopifnot(length(names(z)) == 0L)
> 
> message("*** %<-% to environment: Assign by index (not allowed)")
*** %<-% to environment: Assign by index (not allowed)
> res <- try(z[[1]] %<-% { 2 } %lazy% TRUE, silent = TRUE)
> stopifnot(inherits(res, "try-error"))
> 
> message("*** %<-% to environment: Assign by name (new)")
*** %<-% to environment: Assign by name (new)
> z$B %<-% { TRUE }  %lazy% TRUE
[16:04:30.707] getGlobalsAndPackages() ...
[16:04:30.708] Searching for globals...
[16:04:30.711] - globals found: [1] ‘{’
[16:04:30.711] Searching for globals ... DONE
[16:04:30.711] Resolving globals: FALSE
[16:04:30.711] 
[16:04:30.711] 
[16:04:30.712] getGlobalsAndPackages() ... DONE
> stopifnot(length(z) == 2) # sic!
> stopifnot("B" %in% ls(z))
> 
> y <- as.list(z)
[16:04:30.713] run() for ‘Future’ ...
[16:04:30.713] - state: ‘created’
[16:04:30.713] - Future backend: ‘FutureStrategy’, ‘sequential’, ‘uniprocess’, ‘future’, ‘function’
[16:04:30.713] - Future class: ‘SequentialFuture’, ‘UniprocessFuture’, ‘Future’, ‘environment’
[16:04:30.713] - Copy elements of temporary ‘SequentialFuture’ to final ‘Future’ object ...
[16:04:30.713]   - Field: ‘label’
[16:04:30.714]   - Field: ‘local’
[16:04:30.714]   - Field: ‘owner’
[16:04:30.714]   - Field: ‘envir’
[16:04:30.714]   - Field: ‘packages’
[16:04:30.714]   - Field: ‘gc’
[16:04:30.714]   - Field: ‘conditions’
[16:04:30.714]   - Field: ‘expr’
[16:04:30.714]   - Field: ‘uuid’
[16:04:30.714]   - Field: ‘seed’
[16:04:30.714]   - Field: ‘version’
[16:04:30.714]   - Field: ‘result’
[16:04:30.715]   - Field: ‘asynchronous’
[16:04:30.715]   - Field: ‘calls’
[16:04:30.715]   - Field: ‘globals’
[16:04:30.715]   - Field: ‘stdout’
[16:04:30.715]   - Field: ‘earlySignal’
[16:04:30.715]   - Field: ‘lazy’
[16:04:30.715]   - Field: ‘state’
[16:04:30.715] - Copy elements of temporary ‘SequentialFuture’ to final ‘Future’ object ... done
[16:04:30.715] - Launch lazy future ...
[16:04:30.716] Packages needed by the future expression (n = 0): <none>
[16:04:30.716] Packages needed by future strategies (n = 0): <none>
[16:04:30.717] {
[16:04:30.717]     {
[16:04:30.717]         {
[16:04:30.717]             ...future.startTime <- base::Sys.time()
[16:04:30.717]             {
[16:04:30.717]                 {
[16:04:30.717]                   {
[16:04:30.717]                     base::local({
[16:04:30.717]                       has_future <- base::requireNamespace("future", 
[16:04:30.717]                         quietly = TRUE)
[16:04:30.717]                       if (has_future) {
[16:04:30.717]                         ns <- base::getNamespace("future")
[16:04:30.717]                         version <- ns[[".package"]][["version"]]
[16:04:30.717]                         if (is.null(version)) 
[16:04:30.717]                           version <- utils::packageVersion("future")
[16:04:30.717]                       }
[16:04:30.717]                       else {
[16:04:30.717]                         version <- NULL
[16:04:30.717]                       }
[16:04:30.717]                       if (!has_future || version < "1.8.0") {
[16:04:30.717]                         info <- base::c(r_version = base::gsub("R version ", 
[16:04:30.717]                           "", base::R.version$version.string), 
[16:04:30.717]                           platform = base::sprintf("%s (%s-bit)", 
[16:04:30.717]                             base::R.version$platform, 8 * base::.Machine$sizeof.pointer), 
[16:04:30.717]                           os = base::paste(base::Sys.info()[base::c("sysname", 
[16:04:30.717]                             "release", "version")], collapse = " "), 
[16:04:30.717]                           hostname = base::Sys.info()[["nodename"]])
[16:04:30.717]                         info <- base::sprintf("%s: %s", base::names(info), 
[16:04:30.717]                           info)
[16:04:30.717]                         info <- base::paste(info, collapse = "; ")
[16:04:30.717]                         if (!has_future) {
[16:04:30.717]                           msg <- base::sprintf("Package 'future' is not installed on worker (%s)", 
[16:04:30.717]                             info)
[16:04:30.717]                         }
[16:04:30.717]                         else {
[16:04:30.717]                           msg <- base::sprintf("Package 'future' on worker (%s) must be of version >= 1.8.0: %s", 
[16:04:30.717]                             info, version)
[16:04:30.717]                         }
[16:04:30.717]                         base::stop(msg)
[16:04:30.717]                       }
[16:04:30.717]                     })
[16:04:30.717]                   }
[16:04:30.717]                   options(future.plan = NULL)
[16:04:30.717]                   Sys.unsetenv("R_FUTURE_PLAN")
[16:04:30.717]                   future::plan("default", .cleanup = FALSE, .init = FALSE)
[16:04:30.717]                 }
[16:04:30.717]                 ...future.workdir <- getwd()
[16:04:30.717]             }
[16:04:30.717]             ...future.oldOptions <- base::as.list(base::.Options)
[16:04:30.717]             ...future.oldEnvVars <- base::Sys.getenv()
[16:04:30.717]         }
[16:04:30.717]         base::options(future.startup.script = FALSE, future.globals.onMissing = NULL, 
[16:04:30.717]             future.globals.maxSize = NULL, future.globals.method = NULL, 
[16:04:30.717]             future.globals.onMissing = NULL, future.globals.onReference = NULL, 
[16:04:30.717]             future.globals.resolve = NULL, future.resolve.recursive = NULL, 
[16:04:30.717]             future.rng.onMisuse = NULL, future.rng.onMisuse.keepFuture = NULL, 
[16:04:30.717]             future.stdout.windows.reencode = NULL, width = 80L)
[16:04:30.717]         ...future.futureOptionsAdded <- base::setdiff(base::names(base::.Options), 
[16:04:30.717]             base::names(...future.oldOptions))
[16:04:30.717]     }
[16:04:30.717]     if (FALSE) {
[16:04:30.717]     }
[16:04:30.717]     else {
[16:04:30.717]         if (TRUE) {
[16:04:30.717]             ...future.stdout <- base::rawConnection(base::raw(0L), 
[16:04:30.717]                 open = "w")
[16:04:30.717]         }
[16:04:30.717]         else {
[16:04:30.717]             ...future.stdout <- base::file(base::switch(.Platform$OS.type, 
[16:04:30.717]                 windows = "NUL", "/dev/null"), open = "w")
[16:04:30.717]         }
[16:04:30.717]         base::sink(...future.stdout, type = "output", split = FALSE)
[16:04:30.717]         base::on.exit(if (!base::is.null(...future.stdout)) {
[16:04:30.717]             base::sink(type = "output", split = FALSE)
[16:04:30.717]             base::close(...future.stdout)
[16:04:30.717]         }, add = TRUE)
[16:04:30.717]     }
[16:04:30.717]     ...future.frame <- base::sys.nframe()
[16:04:30.717]     ...future.conditions <- base::list()
[16:04:30.717]     ...future.rng <- base::globalenv()$.Random.seed
[16:04:30.717]     if (FALSE) {
[16:04:30.717]         ...future.globalenv.names <- c(base::names(base::.GlobalEnv), 
[16:04:30.717]             "...future.value", "...future.globalenv.names", ".Random.seed")
[16:04:30.717]     }
[16:04:30.717]     ...future.result <- base::tryCatch({
[16:04:30.717]         base::withCallingHandlers({
[16:04:30.717]             ...future.value <- base::withVisible(base::local({
[16:04:30.717]                 TRUE
[16:04:30.717]             }))
[16:04:30.717]             future::FutureResult(value = ...future.value$value, 
[16:04:30.717]                 visible = ...future.value$visible, rng = !identical(base::globalenv()$.Random.seed, 
[16:04:30.717]                   ...future.rng), globalenv = if (FALSE) 
[16:04:30.717]                   list(added = base::setdiff(base::names(base::.GlobalEnv), 
[16:04:30.717]                     ...future.globalenv.names))
[16:04:30.717]                 else NULL, started = ...future.startTime, version = "1.8")
[16:04:30.717]         }, condition = base::local({
[16:04:30.717]             c <- base::c
[16:04:30.717]             inherits <- base::inherits
[16:04:30.717]             invokeRestart <- base::invokeRestart
[16:04:30.717]             length <- base::length
[16:04:30.717]             list <- base::list
[16:04:30.717]             seq.int <- base::seq.int
[16:04:30.717]             signalCondition <- base::signalCondition
[16:04:30.717]             sys.calls <- base::sys.calls
[16:04:30.717]             `[[` <- base::`[[`
[16:04:30.717]             `+` <- base::`+`
[16:04:30.717]             `<<-` <- base::`<<-`
[16:04:30.717]             sysCalls <- function(calls = sys.calls(), from = 1L) {
[16:04:30.717]                 calls[seq.int(from = from + 12L, to = length(calls) - 
[16:04:30.717]                   3L)]
[16:04:30.717]             }
[16:04:30.717]             function(cond) {
[16:04:30.717]                 is_error <- inherits(cond, "error")
[16:04:30.717]                 ignore <- !is_error && !is.null(NULL) && inherits(cond, 
[16:04:30.717]                   NULL)
[16:04:30.717]                 if (is_error) {
[16:04:30.717]                   sessionInformation <- function() {
[16:04:30.717]                     list(r = base::R.Version(), locale = base::Sys.getlocale(), 
[16:04:30.717]                       rngkind = base::RNGkind(), namespaces = base::loadedNamespaces(), 
[16:04:30.717]                       search = base::search(), system = base::Sys.info())
[16:04:30.717]                   }
[16:04:30.717]                   ...future.conditions[[length(...future.conditions) + 
[16:04:30.717]                     1L]] <<- list(condition = cond, calls = c(sysCalls(from = ...future.frame), 
[16:04:30.717]                     cond$call), session = sessionInformation(), 
[16:04:30.717]                     timestamp = base::Sys.time(), signaled = 0L)
[16:04:30.717]                   signalCondition(cond)
[16:04:30.717]                 }
[16:04:30.717]                 else if (!ignore && TRUE && inherits(cond, c("condition", 
[16:04:30.717]                 "immediateCondition"))) {
[16:04:30.717]                   signal <- TRUE && inherits(cond, "immediateCondition")
[16:04:30.717]                   ...future.conditions[[length(...future.conditions) + 
[16:04:30.717]                     1L]] <<- list(condition = cond, signaled = base::as.integer(signal))
[16:04:30.717]                   if (TRUE && !signal) {
[16:04:30.717]                     muffleCondition <- function (cond, pattern = "^muffle") 
[16:04:30.717]                     {
[16:04:30.717]                       inherits <- base::inherits
[16:04:30.717]                       invokeRestart <- base::invokeRestart
[16:04:30.717]                       is.null <- base::is.null
[16:04:30.717]                       muffled <- FALSE
[16:04:30.717]                       if (inherits(cond, "message")) {
[16:04:30.717]                         muffled <- grepl(pattern, "muffleMessage")
[16:04:30.717]                         if (muffled) 
[16:04:30.717]                           invokeRestart("muffleMessage")
[16:04:30.717]                       }
[16:04:30.717]                       else if (inherits(cond, "warning")) {
[16:04:30.717]                         muffled <- grepl(pattern, "muffleWarning")
[16:04:30.717]                         if (muffled) 
[16:04:30.717]                           invokeRestart("muffleWarning")
[16:04:30.717]                       }
[16:04:30.717]                       else if (inherits(cond, "condition")) {
[16:04:30.717]                         if (!is.null(pattern)) {
[16:04:30.717]                           computeRestarts <- base::computeRestarts
[16:04:30.717]                           grepl <- base::grepl
[16:04:30.717]                           restarts <- computeRestarts(cond)
[16:04:30.717]                           for (restart in restarts) {
[16:04:30.717]                             name <- restart$name
[16:04:30.717]                             if (is.null(name)) 
[16:04:30.717]                               next
[16:04:30.717]                             if (!grepl(pattern, name)) 
[16:04:30.717]                               next
[16:04:30.717]                             invokeRestart(restart)
[16:04:30.717]                             muffled <- TRUE
[16:04:30.717]                             break
[16:04:30.717]                           }
[16:04:30.717]                         }
[16:04:30.717]                       }
[16:04:30.717]                       invisible(muffled)
[16:04:30.717]                     }
[16:04:30.717]                     muffleCondition(cond, pattern = "^muffle")
[16:04:30.717]                   }
[16:04:30.717]                 }
[16:04:30.717]                 else {
[16:04:30.717]                   if (TRUE) {
[16:04:30.717]                     muffleCondition <- function (cond, pattern = "^muffle") 
[16:04:30.717]                     {
[16:04:30.717]                       inherits <- base::inherits
[16:04:30.717]                       invokeRestart <- base::invokeRestart
[16:04:30.717]                       is.null <- base::is.null
[16:04:30.717]                       muffled <- FALSE
[16:04:30.717]                       if (inherits(cond, "message")) {
[16:04:30.717]                         muffled <- grepl(pattern, "muffleMessage")
[16:04:30.717]                         if (muffled) 
[16:04:30.717]                           invokeRestart("muffleMessage")
[16:04:30.717]                       }
[16:04:30.717]                       else if (inherits(cond, "warning")) {
[16:04:30.717]                         muffled <- grepl(pattern, "muffleWarning")
[16:04:30.717]                         if (muffled) 
[16:04:30.717]                           invokeRestart("muffleWarning")
[16:04:30.717]                       }
[16:04:30.717]                       else if (inherits(cond, "condition")) {
[16:04:30.717]                         if (!is.null(pattern)) {
[16:04:30.717]                           computeRestarts <- base::computeRestarts
[16:04:30.717]                           grepl <- base::grepl
[16:04:30.717]                           restarts <- computeRestarts(cond)
[16:04:30.717]                           for (restart in restarts) {
[16:04:30.717]                             name <- restart$name
[16:04:30.717]                             if (is.null(name)) 
[16:04:30.717]                               next
[16:04:30.717]                             if (!grepl(pattern, name)) 
[16:04:30.717]                               next
[16:04:30.717]                             invokeRestart(restart)
[16:04:30.717]                             muffled <- TRUE
[16:04:30.717]                             break
[16:04:30.717]                           }
[16:04:30.717]                         }
[16:04:30.717]                       }
[16:04:30.717]                       invisible(muffled)
[16:04:30.717]                     }
[16:04:30.717]                     muffleCondition(cond, pattern = "^muffle")
[16:04:30.717]                   }
[16:04:30.717]                 }
[16:04:30.717]             }
[16:04:30.717]         }))
[16:04:30.717]     }, error = function(ex) {
[16:04:30.717]         base::structure(base::list(value = NULL, visible = NULL, 
[16:04:30.717]             conditions = ...future.conditions, rng = !identical(base::globalenv()$.Random.seed, 
[16:04:30.717]                 ...future.rng), started = ...future.startTime, 
[16:04:30.717]             finished = Sys.time(), session_uuid = NA_character_, 
[16:04:30.717]             version = "1.8"), class = "FutureResult")
[16:04:30.717]     }, finally = {
[16:04:30.717]         if (!identical(...future.workdir, getwd())) 
[16:04:30.717]             setwd(...future.workdir)
[16:04:30.717]         {
[16:04:30.717]             if (identical(getOption("nwarnings"), ...future.oldOptions$nwarnings)) {
[16:04:30.717]                 ...future.oldOptions$nwarnings <- NULL
[16:04:30.717]             }
[16:04:30.717]             base::options(...future.oldOptions)
[16:04:30.717]             if (.Platform$OS.type == "windows") {
[16:04:30.717]                 old_names <- names(...future.oldEnvVars)
[16:04:30.717]                 envs <- base::Sys.getenv()
[16:04:30.717]                 names <- names(envs)
[16:04:30.717]                 common <- intersect(names, old_names)
[16:04:30.717]                 added <- setdiff(names, old_names)
[16:04:30.717]                 removed <- setdiff(old_names, names)
[16:04:30.717]                 changed <- common[...future.oldEnvVars[common] != 
[16:04:30.717]                   envs[common]]
[16:04:30.717]                 NAMES <- toupper(changed)
[16:04:30.717]                 args <- list()
[16:04:30.717]                 for (kk in seq_along(NAMES)) {
[16:04:30.717]                   name <- changed[[kk]]
[16:04:30.717]                   NAME <- NAMES[[kk]]
[16:04:30.717]                   if (name != NAME && is.element(NAME, old_names)) 
[16:04:30.717]                     next
[16:04:30.717]                   args[[name]] <- ...future.oldEnvVars[[name]]
[16:04:30.717]                 }
[16:04:30.717]                 NAMES <- toupper(added)
[16:04:30.717]                 for (kk in seq_along(NAMES)) {
[16:04:30.717]                   name <- added[[kk]]
[16:04:30.717]                   NAME <- NAMES[[kk]]
[16:04:30.717]                   if (name != NAME && is.element(NAME, old_names)) 
[16:04:30.717]                     next
[16:04:30.717]                   args[[name]] <- ""
[16:04:30.717]                 }
[16:04:30.717]                 NAMES <- toupper(removed)
[16:04:30.717]                 for (kk in seq_along(NAMES)) {
[16:04:30.717]                   name <- removed[[kk]]
[16:04:30.717]                   NAME <- NAMES[[kk]]
[16:04:30.717]                   if (name != NAME && is.element(NAME, old_names)) 
[16:04:30.717]                     next
[16:04:30.717]                   args[[name]] <- ...future.oldEnvVars[[name]]
[16:04:30.717]                 }
[16:04:30.717]                 if (length(args) > 0) 
[16:04:30.717]                   base::do.call(base::Sys.setenv, args = args)
[16:04:30.717]                 args <- names <- old_names <- NAMES <- envs <- common <- added <- removed <- NULL
[16:04:30.717]             }
[16:04:30.717]             else {
[16:04:30.717]                 base::do.call(base::Sys.setenv, args = base::as.list(...future.oldEnvVars))
[16:04:30.717]             }
[16:04:30.717]             {
[16:04:30.717]                 if (base::length(...future.futureOptionsAdded) > 
[16:04:30.717]                   0L) {
[16:04:30.717]                   opts <- base::vector("list", length = base::length(...future.futureOptionsAdded))
[16:04:30.717]                   base::names(opts) <- ...future.futureOptionsAdded
[16:04:30.717]                   base::options(opts)
[16:04:30.717]                 }
[16:04:30.717]                 {
[16:04:30.717]                   {
[16:04:30.717]                     NULL
[16:04:30.717]                     RNGkind("Mersenne-Twister")
[16:04:30.717]                     base::rm(list = ".Random.seed", envir = base::globalenv(), 
[16:04:30.717]                       inherits = FALSE)
[16:04:30.717]                   }
[16:04:30.717]                   options(future.plan = NULL)
[16:04:30.717]                   if (is.na(NA_character_)) 
[16:04:30.717]                     Sys.unsetenv("R_FUTURE_PLAN")
[16:04:30.717]                   else Sys.setenv(R_FUTURE_PLAN = NA_character_)
[16:04:30.717]                   future::plan(list(function (..., envir = parent.frame()) 
[16:04:30.717]                   {
[16:04:30.717]                     future <- SequentialFuture(..., envir = envir)
[16:04:30.717]                     if (!future$lazy) 
[16:04:30.717]                       future <- run(future)
[16:04:30.717]                     invisible(future)
[16:04:30.717]                   }), .cleanup = FALSE, .init = FALSE)
[16:04:30.717]                 }
[16:04:30.717]             }
[16:04:30.717]         }
[16:04:30.717]     })
[16:04:30.717]     if (TRUE) {
[16:04:30.717]         base::sink(type = "output", split = FALSE)
[16:04:30.717]         if (TRUE) {
[16:04:30.717]             ...future.result$stdout <- base::rawToChar(base::rawConnectionValue(...future.stdout))
[16:04:30.717]         }
[16:04:30.717]         else {
[16:04:30.717]             ...future.result["stdout"] <- base::list(NULL)
[16:04:30.717]         }
[16:04:30.717]         base::close(...future.stdout)
[16:04:30.717]         ...future.stdout <- NULL
[16:04:30.717]     }
[16:04:30.717]     ...future.result$conditions <- ...future.conditions
[16:04:30.717]     ...future.result$finished <- base::Sys.time()
[16:04:30.717]     ...future.result
[16:04:30.717] }
[16:04:30.719] plan(): Setting new future strategy stack:
[16:04:30.719] List of future strategies:
[16:04:30.719] 1. sequential:
[16:04:30.719]    - args: function (..., envir = parent.frame())
[16:04:30.719]    - tweaked: FALSE
[16:04:30.719]    - call: NULL
[16:04:30.719] plan(): nbrOfWorkers() = 1
[16:04:30.720] plan(): Setting new future strategy stack:
[16:04:30.721] List of future strategies:
[16:04:30.721] 1. sequential:
[16:04:30.721]    - args: function (..., envir = parent.frame())
[16:04:30.721]    - tweaked: FALSE
[16:04:30.721]    - call: future::plan("sequential")
[16:04:30.721] plan(): nbrOfWorkers() = 1
[16:04:30.721] SequentialFuture started (and completed)
[16:04:30.722] - Launch lazy future ... done
[16:04:30.722] run() for ‘SequentialFuture’ ... done
> str(y)
List of 1
 $ B: logi TRUE
> stopifnot(length(y) == 1)
> stopifnot(identical(names(y), "B"))
> 
> 
> message("*** %<-% to environment: Potential task name clashes")
*** %<-% to environment: Potential task name clashes
> u <- new.env()
> u$a %<-% { 1 } %lazy% TRUE
[16:04:30.725] getGlobalsAndPackages() ...
[16:04:30.725] Searching for globals...
[16:04:30.726] - globals found: [1] ‘{’
[16:04:30.726] Searching for globals ... DONE
[16:04:30.726] Resolving globals: FALSE
[16:04:30.726] 
[16:04:30.726] 
[16:04:30.726] getGlobalsAndPackages() ... DONE
> stopifnot(length(u) == 2)
> stopifnot("a" %in% names(u))
> fu <- futureOf(u$a)
> 
> v <- new.env()
> v$a %<-% { 2 } %lazy% TRUE
[16:04:30.727] getGlobalsAndPackages() ...
[16:04:30.727] Searching for globals...
[16:04:30.728] - globals found: [1] ‘{’
[16:04:30.728] Searching for globals ... DONE
[16:04:30.728] Resolving globals: FALSE
[16:04:30.728] 
[16:04:30.728] 
[16:04:30.728] getGlobalsAndPackages() ... DONE
> stopifnot(length(v) == 2)
> stopifnot("a" %in% names(v))
> fv <- futureOf(v$a)
> stopifnot(!identical(fu, fv))
> 
> fu <- futureOf(u$a)
> stopifnot(!identical(fu, fv))
> 
> stopifnot(identical(u$a, 1))
[16:04:30.729] run() for ‘Future’ ...
[16:04:30.729] - state: ‘created’
[16:04:30.729] - Future backend: ‘FutureStrategy’, ‘sequential’, ‘uniprocess’, ‘future’, ‘function’
[16:04:30.729] - Future class: ‘SequentialFuture’, ‘UniprocessFuture’, ‘Future’, ‘environment’
[16:04:30.729] - Copy elements of temporary ‘SequentialFuture’ to final ‘Future’ object ...
[16:04:30.730]   - Field: ‘label’
[16:04:30.730]   - Field: ‘local’
[16:04:30.730]   - Field: ‘owner’
[16:04:30.730]   - Field: ‘envir’
[16:04:30.730]   - Field: ‘packages’
[16:04:30.730]   - Field: ‘gc’
[16:04:30.730]   - Field: ‘conditions’
[16:04:30.730]   - Field: ‘expr’
[16:04:30.730]   - Field: ‘uuid’
[16:04:30.730]   - Field: ‘seed’
[16:04:30.730]   - Field: ‘version’
[16:04:30.731]   - Field: ‘result’
[16:04:30.731]   - Field: ‘asynchronous’
[16:04:30.731]   - Field: ‘calls’
[16:04:30.731]   - Field: ‘globals’
[16:04:30.731]   - Field: ‘stdout’
[16:04:30.731]   - Field: ‘earlySignal’
[16:04:30.731]   - Field: ‘lazy’
[16:04:30.731]   - Field: ‘state’
[16:04:30.731] - Copy elements of temporary ‘SequentialFuture’ to final ‘Future’ object ... done
[16:04:30.731] - Launch lazy future ...
[16:04:30.732] Packages needed by the future expression (n = 0): <none>
[16:04:30.732] Packages needed by future strategies (n = 0): <none>
[16:04:30.732] {
[16:04:30.732]     {
[16:04:30.732]         {
[16:04:30.732]             ...future.startTime <- base::Sys.time()
[16:04:30.732]             {
[16:04:30.732]                 {
[16:04:30.732]                   {
[16:04:30.732]                     base::local({
[16:04:30.732]                       has_future <- base::requireNamespace("future", 
[16:04:30.732]                         quietly = TRUE)
[16:04:30.732]                       if (has_future) {
[16:04:30.732]                         ns <- base::getNamespace("future")
[16:04:30.732]                         version <- ns[[".package"]][["version"]]
[16:04:30.732]                         if (is.null(version)) 
[16:04:30.732]                           version <- utils::packageVersion("future")
[16:04:30.732]                       }
[16:04:30.732]                       else {
[16:04:30.732]                         version <- NULL
[16:04:30.732]                       }
[16:04:30.732]                       if (!has_future || version < "1.8.0") {
[16:04:30.732]                         info <- base::c(r_version = base::gsub("R version ", 
[16:04:30.732]                           "", base::R.version$version.string), 
[16:04:30.732]                           platform = base::sprintf("%s (%s-bit)", 
[16:04:30.732]                             base::R.version$platform, 8 * base::.Machine$sizeof.pointer), 
[16:04:30.732]                           os = base::paste(base::Sys.info()[base::c("sysname", 
[16:04:30.732]                             "release", "version")], collapse = " "), 
[16:04:30.732]                           hostname = base::Sys.info()[["nodename"]])
[16:04:30.732]                         info <- base::sprintf("%s: %s", base::names(info), 
[16:04:30.732]                           info)
[16:04:30.732]                         info <- base::paste(info, collapse = "; ")
[16:04:30.732]                         if (!has_future) {
[16:04:30.732]                           msg <- base::sprintf("Package 'future' is not installed on worker (%s)", 
[16:04:30.732]                             info)
[16:04:30.732]                         }
[16:04:30.732]                         else {
[16:04:30.732]                           msg <- base::sprintf("Package 'future' on worker (%s) must be of version >= 1.8.0: %s", 
[16:04:30.732]                             info, version)
[16:04:30.732]                         }
[16:04:30.732]                         base::stop(msg)
[16:04:30.732]                       }
[16:04:30.732]                     })
[16:04:30.732]                   }
[16:04:30.732]                   options(future.plan = NULL)
[16:04:30.732]                   Sys.unsetenv("R_FUTURE_PLAN")
[16:04:30.732]                   future::plan("default", .cleanup = FALSE, .init = FALSE)
[16:04:30.732]                 }
[16:04:30.732]                 ...future.workdir <- getwd()
[16:04:30.732]             }
[16:04:30.732]             ...future.oldOptions <- base::as.list(base::.Options)
[16:04:30.732]             ...future.oldEnvVars <- base::Sys.getenv()
[16:04:30.732]         }
[16:04:30.732]         base::options(future.startup.script = FALSE, future.globals.onMissing = NULL, 
[16:04:30.732]             future.globals.maxSize = NULL, future.globals.method = NULL, 
[16:04:30.732]             future.globals.onMissing = NULL, future.globals.onReference = NULL, 
[16:04:30.732]             future.globals.resolve = NULL, future.resolve.recursive = NULL, 
[16:04:30.732]             future.rng.onMisuse = NULL, future.rng.onMisuse.keepFuture = NULL, 
[16:04:30.732]             future.stdout.windows.reencode = NULL, width = 80L)
[16:04:30.732]         ...future.futureOptionsAdded <- base::setdiff(base::names(base::.Options), 
[16:04:30.732]             base::names(...future.oldOptions))
[16:04:30.732]     }
[16:04:30.732]     if (FALSE) {
[16:04:30.732]     }
[16:04:30.732]     else {
[16:04:30.732]         if (TRUE) {
[16:04:30.732]             ...future.stdout <- base::rawConnection(base::raw(0L), 
[16:04:30.732]                 open = "w")
[16:04:30.732]         }
[16:04:30.732]         else {
[16:04:30.732]             ...future.stdout <- base::file(base::switch(.Platform$OS.type, 
[16:04:30.732]                 windows = "NUL", "/dev/null"), open = "w")
[16:04:30.732]         }
[16:04:30.732]         base::sink(...future.stdout, type = "output", split = FALSE)
[16:04:30.732]         base::on.exit(if (!base::is.null(...future.stdout)) {
[16:04:30.732]             base::sink(type = "output", split = FALSE)
[16:04:30.732]             base::close(...future.stdout)
[16:04:30.732]         }, add = TRUE)
[16:04:30.732]     }
[16:04:30.732]     ...future.frame <- base::sys.nframe()
[16:04:30.732]     ...future.conditions <- base::list()
[16:04:30.732]     ...future.rng <- base::globalenv()$.Random.seed
[16:04:30.732]     if (FALSE) {
[16:04:30.732]         ...future.globalenv.names <- c(base::names(base::.GlobalEnv), 
[16:04:30.732]             "...future.value", "...future.globalenv.names", ".Random.seed")
[16:04:30.732]     }
[16:04:30.732]     ...future.result <- base::tryCatch({
[16:04:30.732]         base::withCallingHandlers({
[16:04:30.732]             ...future.value <- base::withVisible(base::local({
[16:04:30.732]                 1
[16:04:30.732]             }))
[16:04:30.732]             future::FutureResult(value = ...future.value$value, 
[16:04:30.732]                 visible = ...future.value$visible, rng = !identical(base::globalenv()$.Random.seed, 
[16:04:30.732]                   ...future.rng), globalenv = if (FALSE) 
[16:04:30.732]                   list(added = base::setdiff(base::names(base::.GlobalEnv), 
[16:04:30.732]                     ...future.globalenv.names))
[16:04:30.732]                 else NULL, started = ...future.startTime, version = "1.8")
[16:04:30.732]         }, condition = base::local({
[16:04:30.732]             c <- base::c
[16:04:30.732]             inherits <- base::inherits
[16:04:30.732]             invokeRestart <- base::invokeRestart
[16:04:30.732]             length <- base::length
[16:04:30.732]             list <- base::list
[16:04:30.732]             seq.int <- base::seq.int
[16:04:30.732]             signalCondition <- base::signalCondition
[16:04:30.732]             sys.calls <- base::sys.calls
[16:04:30.732]             `[[` <- base::`[[`
[16:04:30.732]             `+` <- base::`+`
[16:04:30.732]             `<<-` <- base::`<<-`
[16:04:30.732]             sysCalls <- function(calls = sys.calls(), from = 1L) {
[16:04:30.732]                 calls[seq.int(from = from + 12L, to = length(calls) - 
[16:04:30.732]                   3L)]
[16:04:30.732]             }
[16:04:30.732]             function(cond) {
[16:04:30.732]                 is_error <- inherits(cond, "error")
[16:04:30.732]                 ignore <- !is_error && !is.null(NULL) && inherits(cond, 
[16:04:30.732]                   NULL)
[16:04:30.732]                 if (is_error) {
[16:04:30.732]                   sessionInformation <- function() {
[16:04:30.732]                     list(r = base::R.Version(), locale = base::Sys.getlocale(), 
[16:04:30.732]                       rngkind = base::RNGkind(), namespaces = base::loadedNamespaces(), 
[16:04:30.732]                       search = base::search(), system = base::Sys.info())
[16:04:30.732]                   }
[16:04:30.732]                   ...future.conditions[[length(...future.conditions) + 
[16:04:30.732]                     1L]] <<- list(condition = cond, calls = c(sysCalls(from = ...future.frame), 
[16:04:30.732]                     cond$call), session = sessionInformation(), 
[16:04:30.732]                     timestamp = base::Sys.time(), signaled = 0L)
[16:04:30.732]                   signalCondition(cond)
[16:04:30.732]                 }
[16:04:30.732]                 else if (!ignore && TRUE && inherits(cond, c("condition", 
[16:04:30.732]                 "immediateCondition"))) {
[16:04:30.732]                   signal <- TRUE && inherits(cond, "immediateCondition")
[16:04:30.732]                   ...future.conditions[[length(...future.conditions) + 
[16:04:30.732]                     1L]] <<- list(condition = cond, signaled = base::as.integer(signal))
[16:04:30.732]                   if (TRUE && !signal) {
[16:04:30.732]                     muffleCondition <- function (cond, pattern = "^muffle") 
[16:04:30.732]                     {
[16:04:30.732]                       inherits <- base::inherits
[16:04:30.732]                       invokeRestart <- base::invokeRestart
[16:04:30.732]                       is.null <- base::is.null
[16:04:30.732]                       muffled <- FALSE
[16:04:30.732]                       if (inherits(cond, "message")) {
[16:04:30.732]                         muffled <- grepl(pattern, "muffleMessage")
[16:04:30.732]                         if (muffled) 
[16:04:30.732]                           invokeRestart("muffleMessage")
[16:04:30.732]                       }
[16:04:30.732]                       else if (inherits(cond, "warning")) {
[16:04:30.732]                         muffled <- grepl(pattern, "muffleWarning")
[16:04:30.732]                         if (muffled) 
[16:04:30.732]                           invokeRestart("muffleWarning")
[16:04:30.732]                       }
[16:04:30.732]                       else if (inherits(cond, "condition")) {
[16:04:30.732]                         if (!is.null(pattern)) {
[16:04:30.732]                           computeRestarts <- base::computeRestarts
[16:04:30.732]                           grepl <- base::grepl
[16:04:30.732]                           restarts <- computeRestarts(cond)
[16:04:30.732]                           for (restart in restarts) {
[16:04:30.732]                             name <- restart$name
[16:04:30.732]                             if (is.null(name)) 
[16:04:30.732]                               next
[16:04:30.732]                             if (!grepl(pattern, name)) 
[16:04:30.732]                               next
[16:04:30.732]                             invokeRestart(restart)
[16:04:30.732]                             muffled <- TRUE
[16:04:30.732]                             break
[16:04:30.732]                           }
[16:04:30.732]                         }
[16:04:30.732]                       }
[16:04:30.732]                       invisible(muffled)
[16:04:30.732]                     }
[16:04:30.732]                     muffleCondition(cond, pattern = "^muffle")
[16:04:30.732]                   }
[16:04:30.732]                 }
[16:04:30.732]                 else {
[16:04:30.732]                   if (TRUE) {
[16:04:30.732]                     muffleCondition <- function (cond, pattern = "^muffle") 
[16:04:30.732]                     {
[16:04:30.732]                       inherits <- base::inherits
[16:04:30.732]                       invokeRestart <- base::invokeRestart
[16:04:30.732]                       is.null <- base::is.null
[16:04:30.732]                       muffled <- FALSE
[16:04:30.732]                       if (inherits(cond, "message")) {
[16:04:30.732]                         muffled <- grepl(pattern, "muffleMessage")
[16:04:30.732]                         if (muffled) 
[16:04:30.732]                           invokeRestart("muffleMessage")
[16:04:30.732]                       }
[16:04:30.732]                       else if (inherits(cond, "warning")) {
[16:04:30.732]                         muffled <- grepl(pattern, "muffleWarning")
[16:04:30.732]                         if (muffled) 
[16:04:30.732]                           invokeRestart("muffleWarning")
[16:04:30.732]                       }
[16:04:30.732]                       else if (inherits(cond, "condition")) {
[16:04:30.732]                         if (!is.null(pattern)) {
[16:04:30.732]                           computeRestarts <- base::computeRestarts
[16:04:30.732]                           grepl <- base::grepl
[16:04:30.732]                           restarts <- computeRestarts(cond)
[16:04:30.732]                           for (restart in restarts) {
[16:04:30.732]                             name <- restart$name
[16:04:30.732]                             if (is.null(name)) 
[16:04:30.732]                               next
[16:04:30.732]                             if (!grepl(pattern, name)) 
[16:04:30.732]                               next
[16:04:30.732]                             invokeRestart(restart)
[16:04:30.732]                             muffled <- TRUE
[16:04:30.732]                             break
[16:04:30.732]                           }
[16:04:30.732]                         }
[16:04:30.732]                       }
[16:04:30.732]                       invisible(muffled)
[16:04:30.732]                     }
[16:04:30.732]                     muffleCondition(cond, pattern = "^muffle")
[16:04:30.732]                   }
[16:04:30.732]                 }
[16:04:30.732]             }
[16:04:30.732]         }))
[16:04:30.732]     }, error = function(ex) {
[16:04:30.732]         base::structure(base::list(value = NULL, visible = NULL, 
[16:04:30.732]             conditions = ...future.conditions, rng = !identical(base::globalenv()$.Random.seed, 
[16:04:30.732]                 ...future.rng), started = ...future.startTime, 
[16:04:30.732]             finished = Sys.time(), session_uuid = NA_character_, 
[16:04:30.732]             version = "1.8"), class = "FutureResult")
[16:04:30.732]     }, finally = {
[16:04:30.732]         if (!identical(...future.workdir, getwd())) 
[16:04:30.732]             setwd(...future.workdir)
[16:04:30.732]         {
[16:04:30.732]             if (identical(getOption("nwarnings"), ...future.oldOptions$nwarnings)) {
[16:04:30.732]                 ...future.oldOptions$nwarnings <- NULL
[16:04:30.732]             }
[16:04:30.732]             base::options(...future.oldOptions)
[16:04:30.732]             if (.Platform$OS.type == "windows") {
[16:04:30.732]                 old_names <- names(...future.oldEnvVars)
[16:04:30.732]                 envs <- base::Sys.getenv()
[16:04:30.732]                 names <- names(envs)
[16:04:30.732]                 common <- intersect(names, old_names)
[16:04:30.732]                 added <- setdiff(names, old_names)
[16:04:30.732]                 removed <- setdiff(old_names, names)
[16:04:30.732]                 changed <- common[...future.oldEnvVars[common] != 
[16:04:30.732]                   envs[common]]
[16:04:30.732]                 NAMES <- toupper(changed)
[16:04:30.732]                 args <- list()
[16:04:30.732]                 for (kk in seq_along(NAMES)) {
[16:04:30.732]                   name <- changed[[kk]]
[16:04:30.732]                   NAME <- NAMES[[kk]]
[16:04:30.732]                   if (name != NAME && is.element(NAME, old_names)) 
[16:04:30.732]                     next
[16:04:30.732]                   args[[name]] <- ...future.oldEnvVars[[name]]
[16:04:30.732]                 }
[16:04:30.732]                 NAMES <- toupper(added)
[16:04:30.732]                 for (kk in seq_along(NAMES)) {
[16:04:30.732]                   name <- added[[kk]]
[16:04:30.732]                   NAME <- NAMES[[kk]]
[16:04:30.732]                   if (name != NAME && is.element(NAME, old_names)) 
[16:04:30.732]                     next
[16:04:30.732]                   args[[name]] <- ""
[16:04:30.732]                 }
[16:04:30.732]                 NAMES <- toupper(removed)
[16:04:30.732]                 for (kk in seq_along(NAMES)) {
[16:04:30.732]                   name <- removed[[kk]]
[16:04:30.732]                   NAME <- NAMES[[kk]]
[16:04:30.732]                   if (name != NAME && is.element(NAME, old_names)) 
[16:04:30.732]                     next
[16:04:30.732]                   args[[name]] <- ...future.oldEnvVars[[name]]
[16:04:30.732]                 }
[16:04:30.732]                 if (length(args) > 0) 
[16:04:30.732]                   base::do.call(base::Sys.setenv, args = args)
[16:04:30.732]                 args <- names <- old_names <- NAMES <- envs <- common <- added <- removed <- NULL
[16:04:30.732]             }
[16:04:30.732]             else {
[16:04:30.732]                 base::do.call(base::Sys.setenv, args = base::as.list(...future.oldEnvVars))
[16:04:30.732]             }
[16:04:30.732]             {
[16:04:30.732]                 if (base::length(...future.futureOptionsAdded) > 
[16:04:30.732]                   0L) {
[16:04:30.732]                   opts <- base::vector("list", length = base::length(...future.futureOptionsAdded))
[16:04:30.732]                   base::names(opts) <- ...future.futureOptionsAdded
[16:04:30.732]                   base::options(opts)
[16:04:30.732]                 }
[16:04:30.732]                 {
[16:04:30.732]                   {
[16:04:30.732]                     NULL
[16:04:30.732]                     RNGkind("Mersenne-Twister")
[16:04:30.732]                     base::rm(list = ".Random.seed", envir = base::globalenv(), 
[16:04:30.732]                       inherits = FALSE)
[16:04:30.732]                   }
[16:04:30.732]                   options(future.plan = NULL)
[16:04:30.732]                   if (is.na(NA_character_)) 
[16:04:30.732]                     Sys.unsetenv("R_FUTURE_PLAN")
[16:04:30.732]                   else Sys.setenv(R_FUTURE_PLAN = NA_character_)
[16:04:30.732]                   future::plan(list(function (..., envir = parent.frame()) 
[16:04:30.732]                   {
[16:04:30.732]                     future <- SequentialFuture(..., envir = envir)
[16:04:30.732]                     if (!future$lazy) 
[16:04:30.732]                       future <- run(future)
[16:04:30.732]                     invisible(future)
[16:04:30.732]                   }), .cleanup = FALSE, .init = FALSE)
[16:04:30.732]                 }
[16:04:30.732]             }
[16:04:30.732]         }
[16:04:30.732]     })
[16:04:30.732]     if (TRUE) {
[16:04:30.732]         base::sink(type = "output", split = FALSE)
[16:04:30.732]         if (TRUE) {
[16:04:30.732]             ...future.result$stdout <- base::rawToChar(base::rawConnectionValue(...future.stdout))
[16:04:30.732]         }
[16:04:30.732]         else {
[16:04:30.732]             ...future.result["stdout"] <- base::list(NULL)
[16:04:30.732]         }
[16:04:30.732]         base::close(...future.stdout)
[16:04:30.732]         ...future.stdout <- NULL
[16:04:30.732]     }
[16:04:30.732]     ...future.result$conditions <- ...future.conditions
[16:04:30.732]     ...future.result$finished <- base::Sys.time()
[16:04:30.732]     ...future.result
[16:04:30.732] }
[16:04:30.734] plan(): Setting new future strategy stack:
[16:04:30.734] List of future strategies:
[16:04:30.734] 1. sequential:
[16:04:30.734]    - args: function (..., envir = parent.frame())
[16:04:30.734]    - tweaked: FALSE
[16:04:30.734]    - call: NULL
[16:04:30.734] plan(): nbrOfWorkers() = 1
[16:04:30.735] plan(): Setting new future strategy stack:
[16:04:30.735] List of future strategies:
[16:04:30.735] 1. sequential:
[16:04:30.735]    - args: function (..., envir = parent.frame())
[16:04:30.735]    - tweaked: FALSE
[16:04:30.735]    - call: future::plan("sequential")
[16:04:30.735] plan(): nbrOfWorkers() = 1
[16:04:30.736] SequentialFuture started (and completed)
[16:04:30.736] - Launch lazy future ... done
[16:04:30.736] run() for ‘SequentialFuture’ ... done
> stopifnot(identical(v$a, 2))
[16:04:30.736] run() for ‘Future’ ...
[16:04:30.736] - state: ‘created’
[16:04:30.736] - Future backend: ‘FutureStrategy’, ‘sequential’, ‘uniprocess’, ‘future’, ‘function’
[16:04:30.737] - Future class: ‘SequentialFuture’, ‘UniprocessFuture’, ‘Future’, ‘environment’
[16:04:30.737] - Copy elements of temporary ‘SequentialFuture’ to final ‘Future’ object ...
[16:04:30.737]   - Field: ‘label’
[16:04:30.737]   - Field: ‘local’
[16:04:30.737]   - Field: ‘owner’
[16:04:30.737]   - Field: ‘envir’
[16:04:30.737]   - Field: ‘packages’
[16:04:30.737]   - Field: ‘gc’
[16:04:30.737]   - Field: ‘conditions’
[16:04:30.737]   - Field: ‘expr’
[16:04:30.738]   - Field: ‘uuid’
[16:04:30.738]   - Field: ‘seed’
[16:04:30.738]   - Field: ‘version’
[16:04:30.738]   - Field: ‘result’
[16:04:30.738]   - Field: ‘asynchronous’
[16:04:30.738]   - Field: ‘calls’
[16:04:30.738]   - Field: ‘globals’
[16:04:30.738]   - Field: ‘stdout’
[16:04:30.738]   - Field: ‘earlySignal’
[16:04:30.738]   - Field: ‘lazy’
[16:04:30.739]   - Field: ‘state’
[16:04:30.739] - Copy elements of temporary ‘SequentialFuture’ to final ‘Future’ object ... done
[16:04:30.739] - Launch lazy future ...
[16:04:30.739] Packages needed by the future expression (n = 0): <none>
[16:04:30.739] Packages needed by future strategies (n = 0): <none>
[16:04:30.739] {
[16:04:30.739]     {
[16:04:30.739]         {
[16:04:30.739]             ...future.startTime <- base::Sys.time()
[16:04:30.739]             {
[16:04:30.739]                 {
[16:04:30.739]                   {
[16:04:30.739]                     base::local({
[16:04:30.739]                       has_future <- base::requireNamespace("future", 
[16:04:30.739]                         quietly = TRUE)
[16:04:30.739]                       if (has_future) {
[16:04:30.739]                         ns <- base::getNamespace("future")
[16:04:30.739]                         version <- ns[[".package"]][["version"]]
[16:04:30.739]                         if (is.null(version)) 
[16:04:30.739]                           version <- utils::packageVersion("future")
[16:04:30.739]                       }
[16:04:30.739]                       else {
[16:04:30.739]                         version <- NULL
[16:04:30.739]                       }
[16:04:30.739]                       if (!has_future || version < "1.8.0") {
[16:04:30.739]                         info <- base::c(r_version = base::gsub("R version ", 
[16:04:30.739]                           "", base::R.version$version.string), 
[16:04:30.739]                           platform = base::sprintf("%s (%s-bit)", 
[16:04:30.739]                             base::R.version$platform, 8 * base::.Machine$sizeof.pointer), 
[16:04:30.739]                           os = base::paste(base::Sys.info()[base::c("sysname", 
[16:04:30.739]                             "release", "version")], collapse = " "), 
[16:04:30.739]                           hostname = base::Sys.info()[["nodename"]])
[16:04:30.739]                         info <- base::sprintf("%s: %s", base::names(info), 
[16:04:30.739]                           info)
[16:04:30.739]                         info <- base::paste(info, collapse = "; ")
[16:04:30.739]                         if (!has_future) {
[16:04:30.739]                           msg <- base::sprintf("Package 'future' is not installed on worker (%s)", 
[16:04:30.739]                             info)
[16:04:30.739]                         }
[16:04:30.739]                         else {
[16:04:30.739]                           msg <- base::sprintf("Package 'future' on worker (%s) must be of version >= 1.8.0: %s", 
[16:04:30.739]                             info, version)
[16:04:30.739]                         }
[16:04:30.739]                         base::stop(msg)
[16:04:30.739]                       }
[16:04:30.739]                     })
[16:04:30.739]                   }
[16:04:30.739]                   options(future.plan = NULL)
[16:04:30.739]                   Sys.unsetenv("R_FUTURE_PLAN")
[16:04:30.739]                   future::plan("default", .cleanup = FALSE, .init = FALSE)
[16:04:30.739]                 }
[16:04:30.739]                 ...future.workdir <- getwd()
[16:04:30.739]             }
[16:04:30.739]             ...future.oldOptions <- base::as.list(base::.Options)
[16:04:30.739]             ...future.oldEnvVars <- base::Sys.getenv()
[16:04:30.739]         }
[16:04:30.739]         base::options(future.startup.script = FALSE, future.globals.onMissing = NULL, 
[16:04:30.739]             future.globals.maxSize = NULL, future.globals.method = NULL, 
[16:04:30.739]             future.globals.onMissing = NULL, future.globals.onReference = NULL, 
[16:04:30.739]             future.globals.resolve = NULL, future.resolve.recursive = NULL, 
[16:04:30.739]             future.rng.onMisuse = NULL, future.rng.onMisuse.keepFuture = NULL, 
[16:04:30.739]             future.stdout.windows.reencode = NULL, width = 80L)
[16:04:30.739]         ...future.futureOptionsAdded <- base::setdiff(base::names(base::.Options), 
[16:04:30.739]             base::names(...future.oldOptions))
[16:04:30.739]     }
[16:04:30.739]     if (FALSE) {
[16:04:30.739]     }
[16:04:30.739]     else {
[16:04:30.739]         if (TRUE) {
[16:04:30.739]             ...future.stdout <- base::rawConnection(base::raw(0L), 
[16:04:30.739]                 open = "w")
[16:04:30.739]         }
[16:04:30.739]         else {
[16:04:30.739]             ...future.stdout <- base::file(base::switch(.Platform$OS.type, 
[16:04:30.739]                 windows = "NUL", "/dev/null"), open = "w")
[16:04:30.739]         }
[16:04:30.739]         base::sink(...future.stdout, type = "output", split = FALSE)
[16:04:30.739]         base::on.exit(if (!base::is.null(...future.stdout)) {
[16:04:30.739]             base::sink(type = "output", split = FALSE)
[16:04:30.739]             base::close(...future.stdout)
[16:04:30.739]         }, add = TRUE)
[16:04:30.739]     }
[16:04:30.739]     ...future.frame <- base::sys.nframe()
[16:04:30.739]     ...future.conditions <- base::list()
[16:04:30.739]     ...future.rng <- base::globalenv()$.Random.seed
[16:04:30.739]     if (FALSE) {
[16:04:30.739]         ...future.globalenv.names <- c(base::names(base::.GlobalEnv), 
[16:04:30.739]             "...future.value", "...future.globalenv.names", ".Random.seed")
[16:04:30.739]     }
[16:04:30.739]     ...future.result <- base::tryCatch({
[16:04:30.739]         base::withCallingHandlers({
[16:04:30.739]             ...future.value <- base::withVisible(base::local({
[16:04:30.739]                 2
[16:04:30.739]             }))
[16:04:30.739]             future::FutureResult(value = ...future.value$value, 
[16:04:30.739]                 visible = ...future.value$visible, rng = !identical(base::globalenv()$.Random.seed, 
[16:04:30.739]                   ...future.rng), globalenv = if (FALSE) 
[16:04:30.739]                   list(added = base::setdiff(base::names(base::.GlobalEnv), 
[16:04:30.739]                     ...future.globalenv.names))
[16:04:30.739]                 else NULL, started = ...future.startTime, version = "1.8")
[16:04:30.739]         }, condition = base::local({
[16:04:30.739]             c <- base::c
[16:04:30.739]             inherits <- base::inherits
[16:04:30.739]             invokeRestart <- base::invokeRestart
[16:04:30.739]             length <- base::length
[16:04:30.739]             list <- base::list
[16:04:30.739]             seq.int <- base::seq.int
[16:04:30.739]             signalCondition <- base::signalCondition
[16:04:30.739]             sys.calls <- base::sys.calls
[16:04:30.739]             `[[` <- base::`[[`
[16:04:30.739]             `+` <- base::`+`
[16:04:30.739]             `<<-` <- base::`<<-`
[16:04:30.739]             sysCalls <- function(calls = sys.calls(), from = 1L) {
[16:04:30.739]                 calls[seq.int(from = from + 12L, to = length(calls) - 
[16:04:30.739]                   3L)]
[16:04:30.739]             }
[16:04:30.739]             function(cond) {
[16:04:30.739]                 is_error <- inherits(cond, "error")
[16:04:30.739]                 ignore <- !is_error && !is.null(NULL) && inherits(cond, 
[16:04:30.739]                   NULL)
[16:04:30.739]                 if (is_error) {
[16:04:30.739]                   sessionInformation <- function() {
[16:04:30.739]                     list(r = base::R.Version(), locale = base::Sys.getlocale(), 
[16:04:30.739]                       rngkind = base::RNGkind(), namespaces = base::loadedNamespaces(), 
[16:04:30.739]                       search = base::search(), system = base::Sys.info())
[16:04:30.739]                   }
[16:04:30.739]                   ...future.conditions[[length(...future.conditions) + 
[16:04:30.739]                     1L]] <<- list(condition = cond, calls = c(sysCalls(from = ...future.frame), 
[16:04:30.739]                     cond$call), session = sessionInformation(), 
[16:04:30.739]                     timestamp = base::Sys.time(), signaled = 0L)
[16:04:30.739]                   signalCondition(cond)
[16:04:30.739]                 }
[16:04:30.739]                 else if (!ignore && TRUE && inherits(cond, c("condition", 
[16:04:30.739]                 "immediateCondition"))) {
[16:04:30.739]                   signal <- TRUE && inherits(cond, "immediateCondition")
[16:04:30.739]                   ...future.conditions[[length(...future.conditions) + 
[16:04:30.739]                     1L]] <<- list(condition = cond, signaled = base::as.integer(signal))
[16:04:30.739]                   if (TRUE && !signal) {
[16:04:30.739]                     muffleCondition <- function (cond, pattern = "^muffle") 
[16:04:30.739]                     {
[16:04:30.739]                       inherits <- base::inherits
[16:04:30.739]                       invokeRestart <- base::invokeRestart
[16:04:30.739]                       is.null <- base::is.null
[16:04:30.739]                       muffled <- FALSE
[16:04:30.739]                       if (inherits(cond, "message")) {
[16:04:30.739]                         muffled <- grepl(pattern, "muffleMessage")
[16:04:30.739]                         if (muffled) 
[16:04:30.739]                           invokeRestart("muffleMessage")
[16:04:30.739]                       }
[16:04:30.739]                       else if (inherits(cond, "warning")) {
[16:04:30.739]                         muffled <- grepl(pattern, "muffleWarning")
[16:04:30.739]                         if (muffled) 
[16:04:30.739]                           invokeRestart("muffleWarning")
[16:04:30.739]                       }
[16:04:30.739]                       else if (inherits(cond, "condition")) {
[16:04:30.739]                         if (!is.null(pattern)) {
[16:04:30.739]                           computeRestarts <- base::computeRestarts
[16:04:30.739]                           grepl <- base::grepl
[16:04:30.739]                           restarts <- computeRestarts(cond)
[16:04:30.739]                           for (restart in restarts) {
[16:04:30.739]                             name <- restart$name
[16:04:30.739]                             if (is.null(name)) 
[16:04:30.739]                               next
[16:04:30.739]                             if (!grepl(pattern, name)) 
[16:04:30.739]                               next
[16:04:30.739]                             invokeRestart(restart)
[16:04:30.739]                             muffled <- TRUE
[16:04:30.739]                             break
[16:04:30.739]                           }
[16:04:30.739]                         }
[16:04:30.739]                       }
[16:04:30.739]                       invisible(muffled)
[16:04:30.739]                     }
[16:04:30.739]                     muffleCondition(cond, pattern = "^muffle")
[16:04:30.739]                   }
[16:04:30.739]                 }
[16:04:30.739]                 else {
[16:04:30.739]                   if (TRUE) {
[16:04:30.739]                     muffleCondition <- function (cond, pattern = "^muffle") 
[16:04:30.739]                     {
[16:04:30.739]                       inherits <- base::inherits
[16:04:30.739]                       invokeRestart <- base::invokeRestart
[16:04:30.739]                       is.null <- base::is.null
[16:04:30.739]                       muffled <- FALSE
[16:04:30.739]                       if (inherits(cond, "message")) {
[16:04:30.739]                         muffled <- grepl(pattern, "muffleMessage")
[16:04:30.739]                         if (muffled) 
[16:04:30.739]                           invokeRestart("muffleMessage")
[16:04:30.739]                       }
[16:04:30.739]                       else if (inherits(cond, "warning")) {
[16:04:30.739]                         muffled <- grepl(pattern, "muffleWarning")
[16:04:30.739]                         if (muffled) 
[16:04:30.739]                           invokeRestart("muffleWarning")
[16:04:30.739]                       }
[16:04:30.739]                       else if (inherits(cond, "condition")) {
[16:04:30.739]                         if (!is.null(pattern)) {
[16:04:30.739]                           computeRestarts <- base::computeRestarts
[16:04:30.739]                           grepl <- base::grepl
[16:04:30.739]                           restarts <- computeRestarts(cond)
[16:04:30.739]                           for (restart in restarts) {
[16:04:30.739]                             name <- restart$name
[16:04:30.739]                             if (is.null(name)) 
[16:04:30.739]                               next
[16:04:30.739]                             if (!grepl(pattern, name)) 
[16:04:30.739]                               next
[16:04:30.739]                             invokeRestart(restart)
[16:04:30.739]                             muffled <- TRUE
[16:04:30.739]                             break
[16:04:30.739]                           }
[16:04:30.739]                         }
[16:04:30.739]                       }
[16:04:30.739]                       invisible(muffled)
[16:04:30.739]                     }
[16:04:30.739]                     muffleCondition(cond, pattern = "^muffle")
[16:04:30.739]                   }
[16:04:30.739]                 }
[16:04:30.739]             }
[16:04:30.739]         }))
[16:04:30.739]     }, error = function(ex) {
[16:04:30.739]         base::structure(base::list(value = NULL, visible = NULL, 
[16:04:30.739]             conditions = ...future.conditions, rng = !identical(base::globalenv()$.Random.seed, 
[16:04:30.739]                 ...future.rng), started = ...future.startTime, 
[16:04:30.739]             finished = Sys.time(), session_uuid = NA_character_, 
[16:04:30.739]             version = "1.8"), class = "FutureResult")
[16:04:30.739]     }, finally = {
[16:04:30.739]         if (!identical(...future.workdir, getwd())) 
[16:04:30.739]             setwd(...future.workdir)
[16:04:30.739]         {
[16:04:30.739]             if (identical(getOption("nwarnings"), ...future.oldOptions$nwarnings)) {
[16:04:30.739]                 ...future.oldOptions$nwarnings <- NULL
[16:04:30.739]             }
[16:04:30.739]             base::options(...future.oldOptions)
[16:04:30.739]             if (.Platform$OS.type == "windows") {
[16:04:30.739]                 old_names <- names(...future.oldEnvVars)
[16:04:30.739]                 envs <- base::Sys.getenv()
[16:04:30.739]                 names <- names(envs)
[16:04:30.739]                 common <- intersect(names, old_names)
[16:04:30.739]                 added <- setdiff(names, old_names)
[16:04:30.739]                 removed <- setdiff(old_names, names)
[16:04:30.739]                 changed <- common[...future.oldEnvVars[common] != 
[16:04:30.739]                   envs[common]]
[16:04:30.739]                 NAMES <- toupper(changed)
[16:04:30.739]                 args <- list()
[16:04:30.739]                 for (kk in seq_along(NAMES)) {
[16:04:30.739]                   name <- changed[[kk]]
[16:04:30.739]                   NAME <- NAMES[[kk]]
[16:04:30.739]                   if (name != NAME && is.element(NAME, old_names)) 
[16:04:30.739]                     next
[16:04:30.739]                   args[[name]] <- ...future.oldEnvVars[[name]]
[16:04:30.739]                 }
[16:04:30.739]                 NAMES <- toupper(added)
[16:04:30.739]                 for (kk in seq_along(NAMES)) {
[16:04:30.739]                   name <- added[[kk]]
[16:04:30.739]                   NAME <- NAMES[[kk]]
[16:04:30.739]                   if (name != NAME && is.element(NAME, old_names)) 
[16:04:30.739]                     next
[16:04:30.739]                   args[[name]] <- ""
[16:04:30.739]                 }
[16:04:30.739]                 NAMES <- toupper(removed)
[16:04:30.739]                 for (kk in seq_along(NAMES)) {
[16:04:30.739]                   name <- removed[[kk]]
[16:04:30.739]                   NAME <- NAMES[[kk]]
[16:04:30.739]                   if (name != NAME && is.element(NAME, old_names)) 
[16:04:30.739]                     next
[16:04:30.739]                   args[[name]] <- ...future.oldEnvVars[[name]]
[16:04:30.739]                 }
[16:04:30.739]                 if (length(args) > 0) 
[16:04:30.739]                   base::do.call(base::Sys.setenv, args = args)
[16:04:30.739]                 args <- names <- old_names <- NAMES <- envs <- common <- added <- removed <- NULL
[16:04:30.739]             }
[16:04:30.739]             else {
[16:04:30.739]                 base::do.call(base::Sys.setenv, args = base::as.list(...future.oldEnvVars))
[16:04:30.739]             }
[16:04:30.739]             {
[16:04:30.739]                 if (base::length(...future.futureOptionsAdded) > 
[16:04:30.739]                   0L) {
[16:04:30.739]                   opts <- base::vector("list", length = base::length(...future.futureOptionsAdded))
[16:04:30.739]                   base::names(opts) <- ...future.futureOptionsAdded
[16:04:30.739]                   base::options(opts)
[16:04:30.739]                 }
[16:04:30.739]                 {
[16:04:30.739]                   {
[16:04:30.739]                     NULL
[16:04:30.739]                     RNGkind("Mersenne-Twister")
[16:04:30.739]                     base::rm(list = ".Random.seed", envir = base::globalenv(), 
[16:04:30.739]                       inherits = FALSE)
[16:04:30.739]                   }
[16:04:30.739]                   options(future.plan = NULL)
[16:04:30.739]                   if (is.na(NA_character_)) 
[16:04:30.739]                     Sys.unsetenv("R_FUTURE_PLAN")
[16:04:30.739]                   else Sys.setenv(R_FUTURE_PLAN = NA_character_)
[16:04:30.739]                   future::plan(list(function (..., envir = parent.frame()) 
[16:04:30.739]                   {
[16:04:30.739]                     future <- SequentialFuture(..., envir = envir)
[16:04:30.739]                     if (!future$lazy) 
[16:04:30.739]                       future <- run(future)
[16:04:30.739]                     invisible(future)
[16:04:30.739]                   }), .cleanup = FALSE, .init = FALSE)
[16:04:30.739]                 }
[16:04:30.739]             }
[16:04:30.739]         }
[16:04:30.739]     })
[16:04:30.739]     if (TRUE) {
[16:04:30.739]         base::sink(type = "output", split = FALSE)
[16:04:30.739]         if (TRUE) {
[16:04:30.739]             ...future.result$stdout <- base::rawToChar(base::rawConnectionValue(...future.stdout))
[16:04:30.739]         }
[16:04:30.739]         else {
[16:04:30.739]             ...future.result["stdout"] <- base::list(NULL)
[16:04:30.739]         }
[16:04:30.739]         base::close(...future.stdout)
[16:04:30.739]         ...future.stdout <- NULL
[16:04:30.739]     }
[16:04:30.739]     ...future.result$conditions <- ...future.conditions
[16:04:30.739]     ...future.result$finished <- base::Sys.time()
[16:04:30.739]     ...future.result
[16:04:30.739] }
[16:04:30.741] plan(): Setting new future strategy stack:
[16:04:30.741] List of future strategies:
[16:04:30.741] 1. sequential:
[16:04:30.741]    - args: function (..., envir = parent.frame())
[16:04:30.741]    - tweaked: FALSE
[16:04:30.741]    - call: NULL
[16:04:30.742] plan(): nbrOfWorkers() = 1
[16:04:30.742] plan(): Setting new future strategy stack:
[16:04:30.743] List of future strategies:
[16:04:30.743] 1. sequential:
[16:04:30.743]    - args: function (..., envir = parent.frame())
[16:04:30.743]    - tweaked: FALSE
[16:04:30.743]    - call: future::plan("sequential")
[16:04:30.745] plan(): nbrOfWorkers() = 1
[16:04:30.745] SequentialFuture started (and completed)
[16:04:30.745] - Launch lazy future ... done
[16:04:30.745] run() for ‘SequentialFuture’ ... done
> 
> message("*** %<-% to environment ... DONE")
*** %<-% to environment ... DONE
> 
> source("incl/end.R")
[16:04:30.746] plan(): Setting new future strategy stack:
[16:04:30.746] List of future strategies:
[16:04:30.746] 1. FutureStrategy:
[16:04:30.746]    - args: function (..., envir = parent.frame())
[16:04:30.746]    - tweaked: FALSE
[16:04:30.746]    - call: future::plan(oplan)
[16:04:30.757] plan(): nbrOfWorkers() = 1
> 
