
R version 4.3.2 (2023-10-31) -- "Eye Holes"
Copyright (C) 2023 The R Foundation for Statistical Computing
Platform: x86_64-pc-linux-gnu (64-bit)

R is free software and comes with ABSOLUTELY NO WARRANTY.
You are welcome to redistribute it under certain conditions.
Type 'license()' or 'licence()' for distribution details.

R is a collaborative project with many contributors.
Type 'contributors()' for more information and
'citation()' on how to cite R or R packages in publications.

Type 'demo()' for some demos, 'help()' for on-line help, or
'help.start()' for an HTML browser interface to help.
Type 'q()' to quit R.

> source("incl/start.R")
[13:23:04.088] plan(): Setting new future strategy stack:
[13:23:04.088] List of future strategies:
[13:23:04.088] 1. sequential:
[13:23:04.088]    - args: function (..., envir = parent.frame())
[13:23:04.088]    - tweaked: FALSE
[13:23:04.088]    - call: future::plan("sequential")
[13:23:04.104] plan(): nbrOfWorkers() = 1
> library("listenv")
> 
> message("*** futureOf() ...")
*** futureOf() ...
> 
> a %<-% { 1 } %lazy% TRUE
[13:23:04.120] getGlobalsAndPackages() ...
[13:23:04.120] Searching for globals...
[13:23:04.123] - globals found: [1] ‘{’
[13:23:04.123] Searching for globals ... DONE
[13:23:04.124] Resolving globals: FALSE
[13:23:04.124] 
[13:23:04.124] 
[13:23:04.124] getGlobalsAndPackages() ... DONE
> 
> f1 <- futureOf("a")
> print(f1)
Future:
Label: ‘<none>’
Expression:
{
    1
}
Lazy evaluation: TRUE
Asynchronous evaluation: TRUE
Local evaluation: TRUE
Environment: R_GlobalEnv
Capture standard output: TRUE
Capture condition classes: ‘condition’ (excluding ‘nothing’)
Globals: <none>
Packages: <none>
L'Ecuyer-CMRG RNG seed: <none> (seed = FALSE)
Resolved: FALSE
Value: <not collected>
Conditions captured: <none>
Early signaling: FALSE
Owner process: 05df230e-16c8-d725-52b6-8a7f27ac034a
Class: ‘Future’, ‘environment’
> f2 <- futureOf(a)
> print(f2)
Future:
Label: ‘<none>’
Expression:
{
    1
}
Lazy evaluation: TRUE
Asynchronous evaluation: TRUE
Local evaluation: TRUE
Environment: R_GlobalEnv
Capture standard output: TRUE
Capture condition classes: ‘condition’ (excluding ‘nothing’)
Globals: <none>
Packages: <none>
L'Ecuyer-CMRG RNG seed: <none> (seed = FALSE)
Resolved: FALSE
Value: <not collected>
Conditions captured: <none>
Early signaling: FALSE
Owner process: 05df230e-16c8-d725-52b6-8a7f27ac034a
Class: ‘Future’, ‘environment’
> stopifnot(identical(f2, f1))
> 
> ## Get all futures in the current environment
> fs <- futureOf(drop = TRUE)
> print(fs)
$a
Future:
Label: ‘<none>’
Expression:
{
    1
}
Lazy evaluation: TRUE
Asynchronous evaluation: TRUE
Local evaluation: TRUE
Environment: R_GlobalEnv
Capture standard output: TRUE
Capture condition classes: ‘condition’ (excluding ‘nothing’)
Globals: <none>
Packages: <none>
L'Ecuyer-CMRG RNG seed: <none> (seed = FALSE)
Resolved: FALSE
Value: <not collected>
Conditions captured: <none>
Early signaling: FALSE
Owner process: 05df230e-16c8-d725-52b6-8a7f27ac034a
Class: ‘Future’, ‘environment’

$f1
Future:
Label: ‘<none>’
Expression:
{
    1
}
Lazy evaluation: TRUE
Asynchronous evaluation: TRUE
Local evaluation: TRUE
Environment: R_GlobalEnv
Capture standard output: TRUE
Capture condition classes: ‘condition’ (excluding ‘nothing’)
Globals: <none>
Packages: <none>
L'Ecuyer-CMRG RNG seed: <none> (seed = FALSE)
Resolved: FALSE
Value: <not collected>
Conditions captured: <none>
Early signaling: FALSE
Owner process: 05df230e-16c8-d725-52b6-8a7f27ac034a
Class: ‘Future’, ‘environment’

$f2
Future:
Label: ‘<none>’
Expression:
{
    1
}
Lazy evaluation: TRUE
Asynchronous evaluation: TRUE
Local evaluation: TRUE
Environment: R_GlobalEnv
Capture standard output: TRUE
Capture condition classes: ‘condition’ (excluding ‘nothing’)
Globals: <none>
Packages: <none>
L'Ecuyer-CMRG RNG seed: <none> (seed = FALSE)
Resolved: FALSE
Value: <not collected>
Conditions captured: <none>
Early signaling: FALSE
Owner process: 05df230e-16c8-d725-52b6-8a7f27ac034a
Class: ‘Future’, ‘environment’

> stopifnot(
+   is.list(fs),
+   length(fs) == 3L,
+   all(names(fs) %in% c("a", "f1", "f2"))
+ )
> 
> ## Non-existing object
> res <- tryCatch(futureOf("non-exiting-object", mustExist = TRUE), error = identity)
[13:23:04.133] ERROR: No such future variable: "non-exiting-object"
> stopifnot(inherits(res, "error"))
> 
> message("*** futureOf() ... DONE")
*** futureOf() ... DONE
> 
> source("incl/end.R")
[13:23:04.134] plan(): Setting new future strategy stack:
[13:23:04.134] List of future strategies:
[13:23:04.134] 1. FutureStrategy:
[13:23:04.134]    - args: function (..., envir = parent.frame())
[13:23:04.134]    - tweaked: FALSE
[13:23:04.134]    - call: future::plan(oplan)
[13:23:04.146] plan(): nbrOfWorkers() = 1
> 
