
R version 4.3.2 (2023-10-31) -- "Eye Holes"
Copyright (C) 2023 The R Foundation for Statistical Computing
Platform: x86_64-pc-linux-gnu (64-bit)

R is free software and comes with ABSOLUTELY NO WARRANTY.
You are welcome to redistribute it under certain conditions.
Type 'license()' or 'licence()' for distribution details.

R is a collaborative project with many contributors.
Type 'contributors()' for more information and
'citation()' on how to cite R or R packages in publications.

Type 'demo()' for some demos, 'help()' for on-line help, or
'help.start()' for an HTML browser interface to help.
Type 'q()' to quit R.

> source("incl/start.R")
[10:25:43.759] plan(): Setting new future strategy stack:
[10:25:43.760] List of future strategies:
[10:25:43.760] 1. sequential:
[10:25:43.760]    - args: function (..., envir = parent.frame())
[10:25:43.760]    - tweaked: FALSE
[10:25:43.760]    - call: future::plan("sequential")
[10:25:43.774] plan(): nbrOfWorkers() = 1
> 
> message("*** FutureError class ...")
*** FutureError class ...
> 
> ## Minimal
> ex <- FutureError(message = "Woops")
> print(ex)
<FutureError: Woops>


Future UUID: <NA>
> 
> cond <- tryCatch(message("Woops", appendLF = FALSE), message = identity)
> ex2 <- FutureError(message = cond)
> print(ex2)
<FutureError: Woops>


Future UUID: <NA>
> stopifnot(conditionMessage(ex2) == conditionMessage(ex))
> 
> f <- future({ 42L; stop("woops") })
[10:25:43.786] getGlobalsAndPackages() ...
[10:25:43.786] Searching for globals...
[10:25:43.792] - globals found: [2] ‘{’, ‘stop’
[10:25:43.792] Searching for globals ... DONE
[10:25:43.792] Resolving globals: FALSE
[10:25:43.793] 
[10:25:43.793] 
[10:25:43.793] getGlobalsAndPackages() ... DONE
[10:25:43.794] run() for ‘Future’ ...
[10:25:43.794] - state: ‘created’
[10:25:43.794] - Future backend: ‘FutureStrategy’, ‘sequential’, ‘uniprocess’, ‘future’, ‘function’
[10:25:43.794] - Future class: ‘SequentialFuture’, ‘UniprocessFuture’, ‘Future’, ‘environment’
[10:25:43.795] - Copy elements of temporary ‘SequentialFuture’ to final ‘Future’ object ...
[10:25:43.795]   - Field: ‘label’
[10:25:43.795]   - Field: ‘local’
[10:25:43.795]   - Field: ‘owner’
[10:25:43.795]   - Field: ‘envir’
[10:25:43.795]   - Field: ‘packages’
[10:25:43.795]   - Field: ‘gc’
[10:25:43.795]   - Field: ‘conditions’
[10:25:43.795]   - Field: ‘expr’
[10:25:43.795]   - Field: ‘uuid’
[10:25:43.795]   - Field: ‘seed’
[10:25:43.796]   - Field: ‘version’
[10:25:43.796]   - Field: ‘result’
[10:25:43.796]   - Field: ‘asynchronous’
[10:25:43.796]   - Field: ‘calls’
[10:25:43.796]   - Field: ‘globals’
[10:25:43.796]   - Field: ‘stdout’
[10:25:43.796]   - Field: ‘earlySignal’
[10:25:43.796]   - Field: ‘lazy’
[10:25:43.796]   - Field: ‘state’
[10:25:43.796] - Copy elements of temporary ‘SequentialFuture’ to final ‘Future’ object ... done
[10:25:43.796] - Launch lazy future ...
[10:25:43.797] Packages needed by the future expression (n = 0): <none>
[10:25:43.797] Packages needed by future strategies (n = 0): <none>
[10:25:43.798] {
[10:25:43.798]     {
[10:25:43.798]         {
[10:25:43.798]             ...future.startTime <- base::Sys.time()
[10:25:43.798]             {
[10:25:43.798]                 {
[10:25:43.798]                   {
[10:25:43.798]                     base::local({
[10:25:43.798]                       has_future <- base::requireNamespace("future", 
[10:25:43.798]                         quietly = TRUE)
[10:25:43.798]                       if (has_future) {
[10:25:43.798]                         ns <- base::getNamespace("future")
[10:25:43.798]                         version <- ns[[".package"]][["version"]]
[10:25:43.798]                         if (is.null(version)) 
[10:25:43.798]                           version <- utils::packageVersion("future")
[10:25:43.798]                       }
[10:25:43.798]                       else {
[10:25:43.798]                         version <- NULL
[10:25:43.798]                       }
[10:25:43.798]                       if (!has_future || version < "1.8.0") {
[10:25:43.798]                         info <- base::c(r_version = base::gsub("R version ", 
[10:25:43.798]                           "", base::R.version$version.string), 
[10:25:43.798]                           platform = base::sprintf("%s (%s-bit)", 
[10:25:43.798]                             base::R.version$platform, 8 * base::.Machine$sizeof.pointer), 
[10:25:43.798]                           os = base::paste(base::Sys.info()[base::c("sysname", 
[10:25:43.798]                             "release", "version")], collapse = " "), 
[10:25:43.798]                           hostname = base::Sys.info()[["nodename"]])
[10:25:43.798]                         info <- base::sprintf("%s: %s", base::names(info), 
[10:25:43.798]                           info)
[10:25:43.798]                         info <- base::paste(info, collapse = "; ")
[10:25:43.798]                         if (!has_future) {
[10:25:43.798]                           msg <- base::sprintf("Package 'future' is not installed on worker (%s)", 
[10:25:43.798]                             info)
[10:25:43.798]                         }
[10:25:43.798]                         else {
[10:25:43.798]                           msg <- base::sprintf("Package 'future' on worker (%s) must be of version >= 1.8.0: %s", 
[10:25:43.798]                             info, version)
[10:25:43.798]                         }
[10:25:43.798]                         base::stop(msg)
[10:25:43.798]                       }
[10:25:43.798]                     })
[10:25:43.798]                   }
[10:25:43.798]                   options(future.plan = NULL)
[10:25:43.798]                   Sys.unsetenv("R_FUTURE_PLAN")
[10:25:43.798]                   future::plan("default", .cleanup = FALSE, .init = FALSE)
[10:25:43.798]                 }
[10:25:43.798]                 ...future.workdir <- getwd()
[10:25:43.798]             }
[10:25:43.798]             ...future.oldOptions <- base::as.list(base::.Options)
[10:25:43.798]             ...future.oldEnvVars <- base::Sys.getenv()
[10:25:43.798]         }
[10:25:43.798]         base::options(future.startup.script = FALSE, future.globals.onMissing = NULL, 
[10:25:43.798]             future.globals.maxSize = NULL, future.globals.method = NULL, 
[10:25:43.798]             future.globals.onMissing = NULL, future.globals.onReference = NULL, 
[10:25:43.798]             future.globals.resolve = NULL, future.resolve.recursive = NULL, 
[10:25:43.798]             future.rng.onMisuse = NULL, future.rng.onMisuse.keepFuture = NULL, 
[10:25:43.798]             future.stdout.windows.reencode = NULL, width = 80L)
[10:25:43.798]         ...future.futureOptionsAdded <- base::setdiff(base::names(base::.Options), 
[10:25:43.798]             base::names(...future.oldOptions))
[10:25:43.798]     }
[10:25:43.798]     if (FALSE) {
[10:25:43.798]     }
[10:25:43.798]     else {
[10:25:43.798]         if (TRUE) {
[10:25:43.798]             ...future.stdout <- base::rawConnection(base::raw(0L), 
[10:25:43.798]                 open = "w")
[10:25:43.798]         }
[10:25:43.798]         else {
[10:25:43.798]             ...future.stdout <- base::file(base::switch(.Platform$OS.type, 
[10:25:43.798]                 windows = "NUL", "/dev/null"), open = "w")
[10:25:43.798]         }
[10:25:43.798]         base::sink(...future.stdout, type = "output", split = FALSE)
[10:25:43.798]         base::on.exit(if (!base::is.null(...future.stdout)) {
[10:25:43.798]             base::sink(type = "output", split = FALSE)
[10:25:43.798]             base::close(...future.stdout)
[10:25:43.798]         }, add = TRUE)
[10:25:43.798]     }
[10:25:43.798]     ...future.frame <- base::sys.nframe()
[10:25:43.798]     ...future.conditions <- base::list()
[10:25:43.798]     ...future.rng <- base::globalenv()$.Random.seed
[10:25:43.798]     if (FALSE) {
[10:25:43.798]         ...future.globalenv.names <- c(base::names(base::.GlobalEnv), 
[10:25:43.798]             "...future.value", "...future.globalenv.names", ".Random.seed")
[10:25:43.798]     }
[10:25:43.798]     ...future.result <- base::tryCatch({
[10:25:43.798]         base::withCallingHandlers({
[10:25:43.798]             ...future.value <- base::withVisible(base::local({
[10:25:43.798]                 42L
[10:25:43.798]                 stop("woops")
[10:25:43.798]             }))
[10:25:43.798]             future::FutureResult(value = ...future.value$value, 
[10:25:43.798]                 visible = ...future.value$visible, rng = !identical(base::globalenv()$.Random.seed, 
[10:25:43.798]                   ...future.rng), globalenv = if (FALSE) 
[10:25:43.798]                   list(added = base::setdiff(base::names(base::.GlobalEnv), 
[10:25:43.798]                     ...future.globalenv.names))
[10:25:43.798]                 else NULL, started = ...future.startTime, version = "1.8")
[10:25:43.798]         }, condition = base::local({
[10:25:43.798]             c <- base::c
[10:25:43.798]             inherits <- base::inherits
[10:25:43.798]             invokeRestart <- base::invokeRestart
[10:25:43.798]             length <- base::length
[10:25:43.798]             list <- base::list
[10:25:43.798]             seq.int <- base::seq.int
[10:25:43.798]             signalCondition <- base::signalCondition
[10:25:43.798]             sys.calls <- base::sys.calls
[10:25:43.798]             `[[` <- base::`[[`
[10:25:43.798]             `+` <- base::`+`
[10:25:43.798]             `<<-` <- base::`<<-`
[10:25:43.798]             sysCalls <- function(calls = sys.calls(), from = 1L) {
[10:25:43.798]                 calls[seq.int(from = from + 12L, to = length(calls) - 
[10:25:43.798]                   3L)]
[10:25:43.798]             }
[10:25:43.798]             function(cond) {
[10:25:43.798]                 is_error <- inherits(cond, "error")
[10:25:43.798]                 ignore <- !is_error && !is.null(NULL) && inherits(cond, 
[10:25:43.798]                   NULL)
[10:25:43.798]                 if (is_error) {
[10:25:43.798]                   sessionInformation <- function() {
[10:25:43.798]                     list(r = base::R.Version(), locale = base::Sys.getlocale(), 
[10:25:43.798]                       rngkind = base::RNGkind(), namespaces = base::loadedNamespaces(), 
[10:25:43.798]                       search = base::search(), system = base::Sys.info())
[10:25:43.798]                   }
[10:25:43.798]                   ...future.conditions[[length(...future.conditions) + 
[10:25:43.798]                     1L]] <<- list(condition = cond, calls = c(sysCalls(from = ...future.frame), 
[10:25:43.798]                     cond$call), session = sessionInformation(), 
[10:25:43.798]                     timestamp = base::Sys.time(), signaled = 0L)
[10:25:43.798]                   signalCondition(cond)
[10:25:43.798]                 }
[10:25:43.798]                 else if (!ignore && TRUE && inherits(cond, c("condition", 
[10:25:43.798]                 "immediateCondition"))) {
[10:25:43.798]                   signal <- TRUE && inherits(cond, "immediateCondition")
[10:25:43.798]                   ...future.conditions[[length(...future.conditions) + 
[10:25:43.798]                     1L]] <<- list(condition = cond, signaled = base::as.integer(signal))
[10:25:43.798]                   if (TRUE && !signal) {
[10:25:43.798]                     muffleCondition <- function (cond, pattern = "^muffle") 
[10:25:43.798]                     {
[10:25:43.798]                       inherits <- base::inherits
[10:25:43.798]                       invokeRestart <- base::invokeRestart
[10:25:43.798]                       is.null <- base::is.null
[10:25:43.798]                       muffled <- FALSE
[10:25:43.798]                       if (inherits(cond, "message")) {
[10:25:43.798]                         muffled <- grepl(pattern, "muffleMessage")
[10:25:43.798]                         if (muffled) 
[10:25:43.798]                           invokeRestart("muffleMessage")
[10:25:43.798]                       }
[10:25:43.798]                       else if (inherits(cond, "warning")) {
[10:25:43.798]                         muffled <- grepl(pattern, "muffleWarning")
[10:25:43.798]                         if (muffled) 
[10:25:43.798]                           invokeRestart("muffleWarning")
[10:25:43.798]                       }
[10:25:43.798]                       else if (inherits(cond, "condition")) {
[10:25:43.798]                         if (!is.null(pattern)) {
[10:25:43.798]                           computeRestarts <- base::computeRestarts
[10:25:43.798]                           grepl <- base::grepl
[10:25:43.798]                           restarts <- computeRestarts(cond)
[10:25:43.798]                           for (restart in restarts) {
[10:25:43.798]                             name <- restart$name
[10:25:43.798]                             if (is.null(name)) 
[10:25:43.798]                               next
[10:25:43.798]                             if (!grepl(pattern, name)) 
[10:25:43.798]                               next
[10:25:43.798]                             invokeRestart(restart)
[10:25:43.798]                             muffled <- TRUE
[10:25:43.798]                             break
[10:25:43.798]                           }
[10:25:43.798]                         }
[10:25:43.798]                       }
[10:25:43.798]                       invisible(muffled)
[10:25:43.798]                     }
[10:25:43.798]                     muffleCondition(cond, pattern = "^muffle")
[10:25:43.798]                   }
[10:25:43.798]                 }
[10:25:43.798]                 else {
[10:25:43.798]                   if (TRUE) {
[10:25:43.798]                     muffleCondition <- function (cond, pattern = "^muffle") 
[10:25:43.798]                     {
[10:25:43.798]                       inherits <- base::inherits
[10:25:43.798]                       invokeRestart <- base::invokeRestart
[10:25:43.798]                       is.null <- base::is.null
[10:25:43.798]                       muffled <- FALSE
[10:25:43.798]                       if (inherits(cond, "message")) {
[10:25:43.798]                         muffled <- grepl(pattern, "muffleMessage")
[10:25:43.798]                         if (muffled) 
[10:25:43.798]                           invokeRestart("muffleMessage")
[10:25:43.798]                       }
[10:25:43.798]                       else if (inherits(cond, "warning")) {
[10:25:43.798]                         muffled <- grepl(pattern, "muffleWarning")
[10:25:43.798]                         if (muffled) 
[10:25:43.798]                           invokeRestart("muffleWarning")
[10:25:43.798]                       }
[10:25:43.798]                       else if (inherits(cond, "condition")) {
[10:25:43.798]                         if (!is.null(pattern)) {
[10:25:43.798]                           computeRestarts <- base::computeRestarts
[10:25:43.798]                           grepl <- base::grepl
[10:25:43.798]                           restarts <- computeRestarts(cond)
[10:25:43.798]                           for (restart in restarts) {
[10:25:43.798]                             name <- restart$name
[10:25:43.798]                             if (is.null(name)) 
[10:25:43.798]                               next
[10:25:43.798]                             if (!grepl(pattern, name)) 
[10:25:43.798]                               next
[10:25:43.798]                             invokeRestart(restart)
[10:25:43.798]                             muffled <- TRUE
[10:25:43.798]                             break
[10:25:43.798]                           }
[10:25:43.798]                         }
[10:25:43.798]                       }
[10:25:43.798]                       invisible(muffled)
[10:25:43.798]                     }
[10:25:43.798]                     muffleCondition(cond, pattern = "^muffle")
[10:25:43.798]                   }
[10:25:43.798]                 }
[10:25:43.798]             }
[10:25:43.798]         }))
[10:25:43.798]     }, error = function(ex) {
[10:25:43.798]         base::structure(base::list(value = NULL, visible = NULL, 
[10:25:43.798]             conditions = ...future.conditions, rng = !identical(base::globalenv()$.Random.seed, 
[10:25:43.798]                 ...future.rng), started = ...future.startTime, 
[10:25:43.798]             finished = Sys.time(), session_uuid = NA_character_, 
[10:25:43.798]             version = "1.8"), class = "FutureResult")
[10:25:43.798]     }, finally = {
[10:25:43.798]         if (!identical(...future.workdir, getwd())) 
[10:25:43.798]             setwd(...future.workdir)
[10:25:43.798]         {
[10:25:43.798]             if (identical(getOption("nwarnings"), ...future.oldOptions$nwarnings)) {
[10:25:43.798]                 ...future.oldOptions$nwarnings <- NULL
[10:25:43.798]             }
[10:25:43.798]             base::options(...future.oldOptions)
[10:25:43.798]             if (.Platform$OS.type == "windows") {
[10:25:43.798]                 old_names <- names(...future.oldEnvVars)
[10:25:43.798]                 envs <- base::Sys.getenv()
[10:25:43.798]                 names <- names(envs)
[10:25:43.798]                 common <- intersect(names, old_names)
[10:25:43.798]                 added <- setdiff(names, old_names)
[10:25:43.798]                 removed <- setdiff(old_names, names)
[10:25:43.798]                 changed <- common[...future.oldEnvVars[common] != 
[10:25:43.798]                   envs[common]]
[10:25:43.798]                 NAMES <- toupper(changed)
[10:25:43.798]                 args <- list()
[10:25:43.798]                 for (kk in seq_along(NAMES)) {
[10:25:43.798]                   name <- changed[[kk]]
[10:25:43.798]                   NAME <- NAMES[[kk]]
[10:25:43.798]                   if (name != NAME && is.element(NAME, old_names)) 
[10:25:43.798]                     next
[10:25:43.798]                   args[[name]] <- ...future.oldEnvVars[[name]]
[10:25:43.798]                 }
[10:25:43.798]                 NAMES <- toupper(added)
[10:25:43.798]                 for (kk in seq_along(NAMES)) {
[10:25:43.798]                   name <- added[[kk]]
[10:25:43.798]                   NAME <- NAMES[[kk]]
[10:25:43.798]                   if (name != NAME && is.element(NAME, old_names)) 
[10:25:43.798]                     next
[10:25:43.798]                   args[[name]] <- ""
[10:25:43.798]                 }
[10:25:43.798]                 NAMES <- toupper(removed)
[10:25:43.798]                 for (kk in seq_along(NAMES)) {
[10:25:43.798]                   name <- removed[[kk]]
[10:25:43.798]                   NAME <- NAMES[[kk]]
[10:25:43.798]                   if (name != NAME && is.element(NAME, old_names)) 
[10:25:43.798]                     next
[10:25:43.798]                   args[[name]] <- ...future.oldEnvVars[[name]]
[10:25:43.798]                 }
[10:25:43.798]                 if (length(args) > 0) 
[10:25:43.798]                   base::do.call(base::Sys.setenv, args = args)
[10:25:43.798]                 args <- names <- old_names <- NAMES <- envs <- common <- added <- removed <- NULL
[10:25:43.798]             }
[10:25:43.798]             else {
[10:25:43.798]                 base::do.call(base::Sys.setenv, args = base::as.list(...future.oldEnvVars))
[10:25:43.798]             }
[10:25:43.798]             {
[10:25:43.798]                 if (base::length(...future.futureOptionsAdded) > 
[10:25:43.798]                   0L) {
[10:25:43.798]                   opts <- base::vector("list", length = base::length(...future.futureOptionsAdded))
[10:25:43.798]                   base::names(opts) <- ...future.futureOptionsAdded
[10:25:43.798]                   base::options(opts)
[10:25:43.798]                 }
[10:25:43.798]                 {
[10:25:43.798]                   {
[10:25:43.798]                     NULL
[10:25:43.798]                     RNGkind("Mersenne-Twister")
[10:25:43.798]                     base::rm(list = ".Random.seed", envir = base::globalenv(), 
[10:25:43.798]                       inherits = FALSE)
[10:25:43.798]                   }
[10:25:43.798]                   options(future.plan = NULL)
[10:25:43.798]                   if (is.na(NA_character_)) 
[10:25:43.798]                     Sys.unsetenv("R_FUTURE_PLAN")
[10:25:43.798]                   else Sys.setenv(R_FUTURE_PLAN = NA_character_)
[10:25:43.798]                   future::plan(list(function (..., envir = parent.frame()) 
[10:25:43.798]                   {
[10:25:43.798]                     future <- SequentialFuture(..., envir = envir)
[10:25:43.798]                     if (!future$lazy) 
[10:25:43.798]                       future <- run(future)
[10:25:43.798]                     invisible(future)
[10:25:43.798]                   }), .cleanup = FALSE, .init = FALSE)
[10:25:43.798]                 }
[10:25:43.798]             }
[10:25:43.798]         }
[10:25:43.798]     })
[10:25:43.798]     if (TRUE) {
[10:25:43.798]         base::sink(type = "output", split = FALSE)
[10:25:43.798]         if (TRUE) {
[10:25:43.798]             ...future.result$stdout <- base::rawToChar(base::rawConnectionValue(...future.stdout))
[10:25:43.798]         }
[10:25:43.798]         else {
[10:25:43.798]             ...future.result["stdout"] <- base::list(NULL)
[10:25:43.798]         }
[10:25:43.798]         base::close(...future.stdout)
[10:25:43.798]         ...future.stdout <- NULL
[10:25:43.798]     }
[10:25:43.798]     ...future.result$conditions <- ...future.conditions
[10:25:43.798]     ...future.result$finished <- base::Sys.time()
[10:25:43.798]     ...future.result
[10:25:43.798] }
[10:25:43.800] plan(): Setting new future strategy stack:
[10:25:43.800] List of future strategies:
[10:25:43.800] 1. sequential:
[10:25:43.800]    - args: function (..., envir = parent.frame())
[10:25:43.800]    - tweaked: FALSE
[10:25:43.800]    - call: NULL
[10:25:43.801] plan(): nbrOfWorkers() = 1
[10:25:43.802] plan(): Setting new future strategy stack:
[10:25:43.802] List of future strategies:
[10:25:43.802] 1. sequential:
[10:25:43.802]    - args: function (..., envir = parent.frame())
[10:25:43.802]    - tweaked: FALSE
[10:25:43.802]    - call: future::plan("sequential")
[10:25:43.802] plan(): nbrOfWorkers() = 1
[10:25:43.802] SequentialFuture started (and completed)
[10:25:43.803] signalConditions() ...
[10:25:43.803]  - include = ‘immediateCondition’
[10:25:43.803]  - exclude = 
[10:25:43.803]  - resignal = FALSE
[10:25:43.803]  - Number of conditions: 1
[10:25:43.803] signalConditions() ... done
[10:25:43.803] - Launch lazy future ... done
[10:25:43.803] run() for ‘SequentialFuture’ ... done
> v <- value(f, signal = FALSE)
[10:25:43.804] signalConditions() ...
[10:25:43.804]  - include = ‘immediateCondition’
[10:25:43.804]  - exclude = 
[10:25:43.804]  - resignal = FALSE
[10:25:43.804]  - Number of conditions: 1
[10:25:43.804] signalConditions() ... done
> print(v)
<simpleError in eval(quote({    42L    stop("woops")}), new.env()): woops>
> ex <- FutureError(message = "Woops", future = f)
> print(ex)
<FutureError: Woops>


Future UUID: 05184406-3147-28cd-efc8-144fc7db0076


DEBUG: BEGIN TROUBLESHOOTING HELP
Future involved:
SequentialFuture:
Label: ‘<none>’
Expression:
{
    42L
    stop("woops")
}
Lazy evaluation: FALSE
Asynchronous evaluation: FALSE
Local evaluation: TRUE
Environment: R_GlobalEnv
Capture standard output: TRUE
Capture condition classes: ‘condition’ (excluding ‘nothing’)
Globals: <none>
Packages: <none>
L'Ecuyer-CMRG RNG seed: <none> (seed = FALSE)
Resolved: TRUE
Value: 0 bytes of class ‘NULL’
Conditions captured: [n=1] ‘simpleError’
Early signaling: FALSE
Owner process: e4e77935-843c-4bbf-ae95-3cb4bb5d2793
Class: ‘SequentialFuture’, ‘UniprocessFuture’, ‘Future’, ‘environment’

DEBUG: END TROUBLESHOOTING HELP
> 
> message("*** FutureError class ... DONE")
*** FutureError class ... DONE
> 
> source("incl/end.R")
[10:25:43.806] plan(): Setting new future strategy stack:
[10:25:43.806] List of future strategies:
[10:25:43.806] 1. FutureStrategy:
[10:25:43.806]    - args: function (..., envir = parent.frame())
[10:25:43.806]    - tweaked: FALSE
[10:25:43.806]    - call: future::plan(oplan)
[10:25:43.820] plan(): nbrOfWorkers() = 1
> 
