
R version 4.3.2 (2023-10-31) -- "Eye Holes"
Copyright (C) 2023 The R Foundation for Statistical Computing
Platform: x86_64-pc-linux-gnu (64-bit)

R is free software and comes with ABSOLUTELY NO WARRANTY.
You are welcome to redistribute it under certain conditions.
Type 'license()' or 'licence()' for distribution details.

R is a collaborative project with many contributors.
Type 'contributors()' for more information and
'citation()' on how to cite R or R packages in publications.

Type 'demo()' for some demos, 'help()' for on-line help, or
'help.start()' for an HTML browser interface to help.
Type 'q()' to quit R.

> source("incl/start.R")
[10:25:44.401] plan(): Setting new future strategy stack:
[10:25:44.402] List of future strategies:
[10:25:44.402] 1. sequential:
[10:25:44.402]    - args: function (..., envir = parent.frame())
[10:25:44.402]    - tweaked: FALSE
[10:25:44.402]    - call: future::plan("sequential")
[10:25:44.416] plan(): nbrOfWorkers() = 1
> 
> suppressWarnings(rm(list = c("x", "z")))
> 
> message("*** futureOf() with environment ...")
*** futureOf() with environment ...
> 
> message("*** futureOf() with environment - future assignments ...")
*** futureOf() with environment - future assignments ...
> 
> x <- new.env()
> x$a %<-% { 1 }
[10:25:44.428] getGlobalsAndPackages() ...
[10:25:44.428] Searching for globals...
[10:25:44.431] - globals found: [1] ‘{’
[10:25:44.431] Searching for globals ... DONE
[10:25:44.431] Resolving globals: FALSE
[10:25:44.432] 
[10:25:44.432] 
[10:25:44.432] getGlobalsAndPackages() ... DONE
[10:25:44.433] run() for ‘Future’ ...
[10:25:44.433] - state: ‘created’
[10:25:44.433] - Future backend: ‘FutureStrategy’, ‘sequential’, ‘uniprocess’, ‘future’, ‘function’
[10:25:44.433] - Future class: ‘SequentialFuture’, ‘UniprocessFuture’, ‘Future’, ‘environment’
[10:25:44.433] - Copy elements of temporary ‘SequentialFuture’ to final ‘Future’ object ...
[10:25:44.434]   - Field: ‘label’
[10:25:44.434]   - Field: ‘local’
[10:25:44.434]   - Field: ‘owner’
[10:25:44.434]   - Field: ‘envir’
[10:25:44.434]   - Field: ‘packages’
[10:25:44.434]   - Field: ‘gc’
[10:25:44.434]   - Field: ‘conditions’
[10:25:44.434]   - Field: ‘expr’
[10:25:44.434]   - Field: ‘uuid’
[10:25:44.434]   - Field: ‘seed’
[10:25:44.435]   - Field: ‘version’
[10:25:44.435]   - Field: ‘result’
[10:25:44.435]   - Field: ‘asynchronous’
[10:25:44.435]   - Field: ‘calls’
[10:25:44.435]   - Field: ‘globals’
[10:25:44.435]   - Field: ‘stdout’
[10:25:44.435]   - Field: ‘earlySignal’
[10:25:44.435]   - Field: ‘lazy’
[10:25:44.435]   - Field: ‘state’
[10:25:44.435] - Copy elements of temporary ‘SequentialFuture’ to final ‘Future’ object ... done
[10:25:44.435] - Launch lazy future ...
[10:25:44.436] Packages needed by the future expression (n = 0): <none>
[10:25:44.436] Packages needed by future strategies (n = 0): <none>
[10:25:44.437] {
[10:25:44.437]     {
[10:25:44.437]         {
[10:25:44.437]             ...future.startTime <- base::Sys.time()
[10:25:44.437]             {
[10:25:44.437]                 {
[10:25:44.437]                   {
[10:25:44.437]                     base::local({
[10:25:44.437]                       has_future <- base::requireNamespace("future", 
[10:25:44.437]                         quietly = TRUE)
[10:25:44.437]                       if (has_future) {
[10:25:44.437]                         ns <- base::getNamespace("future")
[10:25:44.437]                         version <- ns[[".package"]][["version"]]
[10:25:44.437]                         if (is.null(version)) 
[10:25:44.437]                           version <- utils::packageVersion("future")
[10:25:44.437]                       }
[10:25:44.437]                       else {
[10:25:44.437]                         version <- NULL
[10:25:44.437]                       }
[10:25:44.437]                       if (!has_future || version < "1.8.0") {
[10:25:44.437]                         info <- base::c(r_version = base::gsub("R version ", 
[10:25:44.437]                           "", base::R.version$version.string), 
[10:25:44.437]                           platform = base::sprintf("%s (%s-bit)", 
[10:25:44.437]                             base::R.version$platform, 8 * base::.Machine$sizeof.pointer), 
[10:25:44.437]                           os = base::paste(base::Sys.info()[base::c("sysname", 
[10:25:44.437]                             "release", "version")], collapse = " "), 
[10:25:44.437]                           hostname = base::Sys.info()[["nodename"]])
[10:25:44.437]                         info <- base::sprintf("%s: %s", base::names(info), 
[10:25:44.437]                           info)
[10:25:44.437]                         info <- base::paste(info, collapse = "; ")
[10:25:44.437]                         if (!has_future) {
[10:25:44.437]                           msg <- base::sprintf("Package 'future' is not installed on worker (%s)", 
[10:25:44.437]                             info)
[10:25:44.437]                         }
[10:25:44.437]                         else {
[10:25:44.437]                           msg <- base::sprintf("Package 'future' on worker (%s) must be of version >= 1.8.0: %s", 
[10:25:44.437]                             info, version)
[10:25:44.437]                         }
[10:25:44.437]                         base::stop(msg)
[10:25:44.437]                       }
[10:25:44.437]                     })
[10:25:44.437]                   }
[10:25:44.437]                   options(future.plan = NULL)
[10:25:44.437]                   Sys.unsetenv("R_FUTURE_PLAN")
[10:25:44.437]                   future::plan("default", .cleanup = FALSE, .init = FALSE)
[10:25:44.437]                 }
[10:25:44.437]                 ...future.workdir <- getwd()
[10:25:44.437]             }
[10:25:44.437]             ...future.oldOptions <- base::as.list(base::.Options)
[10:25:44.437]             ...future.oldEnvVars <- base::Sys.getenv()
[10:25:44.437]         }
[10:25:44.437]         base::options(future.startup.script = FALSE, future.globals.onMissing = NULL, 
[10:25:44.437]             future.globals.maxSize = NULL, future.globals.method = NULL, 
[10:25:44.437]             future.globals.onMissing = NULL, future.globals.onReference = NULL, 
[10:25:44.437]             future.globals.resolve = NULL, future.resolve.recursive = NULL, 
[10:25:44.437]             future.rng.onMisuse = NULL, future.rng.onMisuse.keepFuture = NULL, 
[10:25:44.437]             future.stdout.windows.reencode = NULL, width = 80L)
[10:25:44.437]         ...future.futureOptionsAdded <- base::setdiff(base::names(base::.Options), 
[10:25:44.437]             base::names(...future.oldOptions))
[10:25:44.437]     }
[10:25:44.437]     if (FALSE) {
[10:25:44.437]     }
[10:25:44.437]     else {
[10:25:44.437]         if (TRUE) {
[10:25:44.437]             ...future.stdout <- base::rawConnection(base::raw(0L), 
[10:25:44.437]                 open = "w")
[10:25:44.437]         }
[10:25:44.437]         else {
[10:25:44.437]             ...future.stdout <- base::file(base::switch(.Platform$OS.type, 
[10:25:44.437]                 windows = "NUL", "/dev/null"), open = "w")
[10:25:44.437]         }
[10:25:44.437]         base::sink(...future.stdout, type = "output", split = FALSE)
[10:25:44.437]         base::on.exit(if (!base::is.null(...future.stdout)) {
[10:25:44.437]             base::sink(type = "output", split = FALSE)
[10:25:44.437]             base::close(...future.stdout)
[10:25:44.437]         }, add = TRUE)
[10:25:44.437]     }
[10:25:44.437]     ...future.frame <- base::sys.nframe()
[10:25:44.437]     ...future.conditions <- base::list()
[10:25:44.437]     ...future.rng <- base::globalenv()$.Random.seed
[10:25:44.437]     if (FALSE) {
[10:25:44.437]         ...future.globalenv.names <- c(base::names(base::.GlobalEnv), 
[10:25:44.437]             "...future.value", "...future.globalenv.names", ".Random.seed")
[10:25:44.437]     }
[10:25:44.437]     ...future.result <- base::tryCatch({
[10:25:44.437]         base::withCallingHandlers({
[10:25:44.437]             ...future.value <- base::withVisible(base::local({
[10:25:44.437]                 1
[10:25:44.437]             }))
[10:25:44.437]             future::FutureResult(value = ...future.value$value, 
[10:25:44.437]                 visible = ...future.value$visible, rng = !identical(base::globalenv()$.Random.seed, 
[10:25:44.437]                   ...future.rng), globalenv = if (FALSE) 
[10:25:44.437]                   list(added = base::setdiff(base::names(base::.GlobalEnv), 
[10:25:44.437]                     ...future.globalenv.names))
[10:25:44.437]                 else NULL, started = ...future.startTime, version = "1.8")
[10:25:44.437]         }, condition = base::local({
[10:25:44.437]             c <- base::c
[10:25:44.437]             inherits <- base::inherits
[10:25:44.437]             invokeRestart <- base::invokeRestart
[10:25:44.437]             length <- base::length
[10:25:44.437]             list <- base::list
[10:25:44.437]             seq.int <- base::seq.int
[10:25:44.437]             signalCondition <- base::signalCondition
[10:25:44.437]             sys.calls <- base::sys.calls
[10:25:44.437]             `[[` <- base::`[[`
[10:25:44.437]             `+` <- base::`+`
[10:25:44.437]             `<<-` <- base::`<<-`
[10:25:44.437]             sysCalls <- function(calls = sys.calls(), from = 1L) {
[10:25:44.437]                 calls[seq.int(from = from + 12L, to = length(calls) - 
[10:25:44.437]                   3L)]
[10:25:44.437]             }
[10:25:44.437]             function(cond) {
[10:25:44.437]                 is_error <- inherits(cond, "error")
[10:25:44.437]                 ignore <- !is_error && !is.null(NULL) && inherits(cond, 
[10:25:44.437]                   NULL)
[10:25:44.437]                 if (is_error) {
[10:25:44.437]                   sessionInformation <- function() {
[10:25:44.437]                     list(r = base::R.Version(), locale = base::Sys.getlocale(), 
[10:25:44.437]                       rngkind = base::RNGkind(), namespaces = base::loadedNamespaces(), 
[10:25:44.437]                       search = base::search(), system = base::Sys.info())
[10:25:44.437]                   }
[10:25:44.437]                   ...future.conditions[[length(...future.conditions) + 
[10:25:44.437]                     1L]] <<- list(condition = cond, calls = c(sysCalls(from = ...future.frame), 
[10:25:44.437]                     cond$call), session = sessionInformation(), 
[10:25:44.437]                     timestamp = base::Sys.time(), signaled = 0L)
[10:25:44.437]                   signalCondition(cond)
[10:25:44.437]                 }
[10:25:44.437]                 else if (!ignore && TRUE && inherits(cond, c("condition", 
[10:25:44.437]                 "immediateCondition"))) {
[10:25:44.437]                   signal <- TRUE && inherits(cond, "immediateCondition")
[10:25:44.437]                   ...future.conditions[[length(...future.conditions) + 
[10:25:44.437]                     1L]] <<- list(condition = cond, signaled = base::as.integer(signal))
[10:25:44.437]                   if (TRUE && !signal) {
[10:25:44.437]                     muffleCondition <- function (cond, pattern = "^muffle") 
[10:25:44.437]                     {
[10:25:44.437]                       inherits <- base::inherits
[10:25:44.437]                       invokeRestart <- base::invokeRestart
[10:25:44.437]                       is.null <- base::is.null
[10:25:44.437]                       muffled <- FALSE
[10:25:44.437]                       if (inherits(cond, "message")) {
[10:25:44.437]                         muffled <- grepl(pattern, "muffleMessage")
[10:25:44.437]                         if (muffled) 
[10:25:44.437]                           invokeRestart("muffleMessage")
[10:25:44.437]                       }
[10:25:44.437]                       else if (inherits(cond, "warning")) {
[10:25:44.437]                         muffled <- grepl(pattern, "muffleWarning")
[10:25:44.437]                         if (muffled) 
[10:25:44.437]                           invokeRestart("muffleWarning")
[10:25:44.437]                       }
[10:25:44.437]                       else if (inherits(cond, "condition")) {
[10:25:44.437]                         if (!is.null(pattern)) {
[10:25:44.437]                           computeRestarts <- base::computeRestarts
[10:25:44.437]                           grepl <- base::grepl
[10:25:44.437]                           restarts <- computeRestarts(cond)
[10:25:44.437]                           for (restart in restarts) {
[10:25:44.437]                             name <- restart$name
[10:25:44.437]                             if (is.null(name)) 
[10:25:44.437]                               next
[10:25:44.437]                             if (!grepl(pattern, name)) 
[10:25:44.437]                               next
[10:25:44.437]                             invokeRestart(restart)
[10:25:44.437]                             muffled <- TRUE
[10:25:44.437]                             break
[10:25:44.437]                           }
[10:25:44.437]                         }
[10:25:44.437]                       }
[10:25:44.437]                       invisible(muffled)
[10:25:44.437]                     }
[10:25:44.437]                     muffleCondition(cond, pattern = "^muffle")
[10:25:44.437]                   }
[10:25:44.437]                 }
[10:25:44.437]                 else {
[10:25:44.437]                   if (TRUE) {
[10:25:44.437]                     muffleCondition <- function (cond, pattern = "^muffle") 
[10:25:44.437]                     {
[10:25:44.437]                       inherits <- base::inherits
[10:25:44.437]                       invokeRestart <- base::invokeRestart
[10:25:44.437]                       is.null <- base::is.null
[10:25:44.437]                       muffled <- FALSE
[10:25:44.437]                       if (inherits(cond, "message")) {
[10:25:44.437]                         muffled <- grepl(pattern, "muffleMessage")
[10:25:44.437]                         if (muffled) 
[10:25:44.437]                           invokeRestart("muffleMessage")
[10:25:44.437]                       }
[10:25:44.437]                       else if (inherits(cond, "warning")) {
[10:25:44.437]                         muffled <- grepl(pattern, "muffleWarning")
[10:25:44.437]                         if (muffled) 
[10:25:44.437]                           invokeRestart("muffleWarning")
[10:25:44.437]                       }
[10:25:44.437]                       else if (inherits(cond, "condition")) {
[10:25:44.437]                         if (!is.null(pattern)) {
[10:25:44.437]                           computeRestarts <- base::computeRestarts
[10:25:44.437]                           grepl <- base::grepl
[10:25:44.437]                           restarts <- computeRestarts(cond)
[10:25:44.437]                           for (restart in restarts) {
[10:25:44.437]                             name <- restart$name
[10:25:44.437]                             if (is.null(name)) 
[10:25:44.437]                               next
[10:25:44.437]                             if (!grepl(pattern, name)) 
[10:25:44.437]                               next
[10:25:44.437]                             invokeRestart(restart)
[10:25:44.437]                             muffled <- TRUE
[10:25:44.437]                             break
[10:25:44.437]                           }
[10:25:44.437]                         }
[10:25:44.437]                       }
[10:25:44.437]                       invisible(muffled)
[10:25:44.437]                     }
[10:25:44.437]                     muffleCondition(cond, pattern = "^muffle")
[10:25:44.437]                   }
[10:25:44.437]                 }
[10:25:44.437]             }
[10:25:44.437]         }))
[10:25:44.437]     }, error = function(ex) {
[10:25:44.437]         base::structure(base::list(value = NULL, visible = NULL, 
[10:25:44.437]             conditions = ...future.conditions, rng = !identical(base::globalenv()$.Random.seed, 
[10:25:44.437]                 ...future.rng), started = ...future.startTime, 
[10:25:44.437]             finished = Sys.time(), session_uuid = NA_character_, 
[10:25:44.437]             version = "1.8"), class = "FutureResult")
[10:25:44.437]     }, finally = {
[10:25:44.437]         if (!identical(...future.workdir, getwd())) 
[10:25:44.437]             setwd(...future.workdir)
[10:25:44.437]         {
[10:25:44.437]             if (identical(getOption("nwarnings"), ...future.oldOptions$nwarnings)) {
[10:25:44.437]                 ...future.oldOptions$nwarnings <- NULL
[10:25:44.437]             }
[10:25:44.437]             base::options(...future.oldOptions)
[10:25:44.437]             if (.Platform$OS.type == "windows") {
[10:25:44.437]                 old_names <- names(...future.oldEnvVars)
[10:25:44.437]                 envs <- base::Sys.getenv()
[10:25:44.437]                 names <- names(envs)
[10:25:44.437]                 common <- intersect(names, old_names)
[10:25:44.437]                 added <- setdiff(names, old_names)
[10:25:44.437]                 removed <- setdiff(old_names, names)
[10:25:44.437]                 changed <- common[...future.oldEnvVars[common] != 
[10:25:44.437]                   envs[common]]
[10:25:44.437]                 NAMES <- toupper(changed)
[10:25:44.437]                 args <- list()
[10:25:44.437]                 for (kk in seq_along(NAMES)) {
[10:25:44.437]                   name <- changed[[kk]]
[10:25:44.437]                   NAME <- NAMES[[kk]]
[10:25:44.437]                   if (name != NAME && is.element(NAME, old_names)) 
[10:25:44.437]                     next
[10:25:44.437]                   args[[name]] <- ...future.oldEnvVars[[name]]
[10:25:44.437]                 }
[10:25:44.437]                 NAMES <- toupper(added)
[10:25:44.437]                 for (kk in seq_along(NAMES)) {
[10:25:44.437]                   name <- added[[kk]]
[10:25:44.437]                   NAME <- NAMES[[kk]]
[10:25:44.437]                   if (name != NAME && is.element(NAME, old_names)) 
[10:25:44.437]                     next
[10:25:44.437]                   args[[name]] <- ""
[10:25:44.437]                 }
[10:25:44.437]                 NAMES <- toupper(removed)
[10:25:44.437]                 for (kk in seq_along(NAMES)) {
[10:25:44.437]                   name <- removed[[kk]]
[10:25:44.437]                   NAME <- NAMES[[kk]]
[10:25:44.437]                   if (name != NAME && is.element(NAME, old_names)) 
[10:25:44.437]                     next
[10:25:44.437]                   args[[name]] <- ...future.oldEnvVars[[name]]
[10:25:44.437]                 }
[10:25:44.437]                 if (length(args) > 0) 
[10:25:44.437]                   base::do.call(base::Sys.setenv, args = args)
[10:25:44.437]                 args <- names <- old_names <- NAMES <- envs <- common <- added <- removed <- NULL
[10:25:44.437]             }
[10:25:44.437]             else {
[10:25:44.437]                 base::do.call(base::Sys.setenv, args = base::as.list(...future.oldEnvVars))
[10:25:44.437]             }
[10:25:44.437]             {
[10:25:44.437]                 if (base::length(...future.futureOptionsAdded) > 
[10:25:44.437]                   0L) {
[10:25:44.437]                   opts <- base::vector("list", length = base::length(...future.futureOptionsAdded))
[10:25:44.437]                   base::names(opts) <- ...future.futureOptionsAdded
[10:25:44.437]                   base::options(opts)
[10:25:44.437]                 }
[10:25:44.437]                 {
[10:25:44.437]                   {
[10:25:44.437]                     NULL
[10:25:44.437]                     RNGkind("Mersenne-Twister")
[10:25:44.437]                     base::rm(list = ".Random.seed", envir = base::globalenv(), 
[10:25:44.437]                       inherits = FALSE)
[10:25:44.437]                   }
[10:25:44.437]                   options(future.plan = NULL)
[10:25:44.437]                   if (is.na(NA_character_)) 
[10:25:44.437]                     Sys.unsetenv("R_FUTURE_PLAN")
[10:25:44.437]                   else Sys.setenv(R_FUTURE_PLAN = NA_character_)
[10:25:44.437]                   future::plan(list(function (..., envir = parent.frame()) 
[10:25:44.437]                   {
[10:25:44.437]                     future <- SequentialFuture(..., envir = envir)
[10:25:44.437]                     if (!future$lazy) 
[10:25:44.437]                       future <- run(future)
[10:25:44.437]                     invisible(future)
[10:25:44.437]                   }), .cleanup = FALSE, .init = FALSE)
[10:25:44.437]                 }
[10:25:44.437]             }
[10:25:44.437]         }
[10:25:44.437]     })
[10:25:44.437]     if (TRUE) {
[10:25:44.437]         base::sink(type = "output", split = FALSE)
[10:25:44.437]         if (TRUE) {
[10:25:44.437]             ...future.result$stdout <- base::rawToChar(base::rawConnectionValue(...future.stdout))
[10:25:44.437]         }
[10:25:44.437]         else {
[10:25:44.437]             ...future.result["stdout"] <- base::list(NULL)
[10:25:44.437]         }
[10:25:44.437]         base::close(...future.stdout)
[10:25:44.437]         ...future.stdout <- NULL
[10:25:44.437]     }
[10:25:44.437]     ...future.result$conditions <- ...future.conditions
[10:25:44.437]     ...future.result$finished <- base::Sys.time()
[10:25:44.437]     ...future.result
[10:25:44.437] }
[10:25:44.439] plan(): Setting new future strategy stack:
[10:25:44.439] List of future strategies:
[10:25:44.439] 1. sequential:
[10:25:44.439]    - args: function (..., envir = parent.frame())
[10:25:44.439]    - tweaked: FALSE
[10:25:44.439]    - call: NULL
[10:25:44.440] plan(): nbrOfWorkers() = 1
[10:25:44.441] plan(): Setting new future strategy stack:
[10:25:44.441] List of future strategies:
[10:25:44.441] 1. sequential:
[10:25:44.441]    - args: function (..., envir = parent.frame())
[10:25:44.441]    - tweaked: FALSE
[10:25:44.441]    - call: future::plan("sequential")
[10:25:44.441] plan(): nbrOfWorkers() = 1
[10:25:44.441] SequentialFuture started (and completed)
[10:25:44.442] - Launch lazy future ... done
[10:25:44.442] run() for ‘SequentialFuture’ ... done
> 
> f1 <- futureOf("a", envir = x)
> print(f1)
SequentialFuture:
Label: ‘<none>’
Expression:
{
    1
}
Lazy evaluation: FALSE
Asynchronous evaluation: FALSE
Local evaluation: TRUE
Environment: R_GlobalEnv
Capture standard output: TRUE
Capture condition classes: ‘condition’ (excluding ‘nothing’)
Globals: <none>
Packages: <none>
L'Ecuyer-CMRG RNG seed: <none> (seed = FALSE)
Resolved: TRUE
Value: 56 bytes of class ‘numeric’
Early signaling: FALSE
Owner process: 92f9d187-c092-bfde-31f5-bdcbdb2a973a
Class: ‘SequentialFuture’, ‘UniprocessFuture’, ‘Future’, ‘environment’
> f2 <- futureOf(a, envir = x)
> f3 <- futureOf(x[["a"]])
> f4 <- futureOf(x$a)
> stopifnot(identical(f2, f1), identical(f3, f1), identical(f4, f1))
> 
> ## Identify all futures
> fs <- futureOf(envir = x)
> print(fs)
$a
SequentialFuture:
Label: ‘<none>’
Expression:
{
    1
}
Lazy evaluation: FALSE
Asynchronous evaluation: FALSE
Local evaluation: TRUE
Environment: R_GlobalEnv
Capture standard output: TRUE
Capture condition classes: ‘condition’ (excluding ‘nothing’)
Globals: <none>
Packages: <none>
L'Ecuyer-CMRG RNG seed: <none> (seed = FALSE)
Resolved: TRUE
Value: 56 bytes of class ‘numeric’
Early signaling: FALSE
Owner process: 92f9d187-c092-bfde-31f5-bdcbdb2a973a
Class: ‘SequentialFuture’, ‘UniprocessFuture’, ‘Future’, ‘environment’

> stopifnot(identical(names(fs), c("a")))
> stopifnot(identical(fs$a, f1))
> 
> fsD <- futureOf(envir = x, drop = TRUE)
> print(fsD)
$a
SequentialFuture:
Label: ‘<none>’
Expression:
{
    1
}
Lazy evaluation: FALSE
Asynchronous evaluation: FALSE
Local evaluation: TRUE
Environment: R_GlobalEnv
Capture standard output: TRUE
Capture condition classes: ‘condition’ (excluding ‘nothing’)
Globals: <none>
Packages: <none>
L'Ecuyer-CMRG RNG seed: <none> (seed = FALSE)
Resolved: TRUE
Value: 56 bytes of class ‘numeric’
Early signaling: FALSE
Owner process: 92f9d187-c092-bfde-31f5-bdcbdb2a973a
Class: ‘SequentialFuture’, ‘UniprocessFuture’, ‘Future’, ‘environment’

> stopifnot(all(sapply(fsD, FUN = inherits, "Future")))
> stopifnot(identical(fsD, fs))
> 
> message("*** futureOf() with environment - future assignments ... DONE")
*** futureOf() with environment - future assignments ... DONE
> 
> 
> message("*** futureOf() with environment - futures ...")
*** futureOf() with environment - futures ...
> 
> x <- new.env()
> x$a <- future({ 1 })
[10:25:44.445] getGlobalsAndPackages() ...
[10:25:44.445] Searching for globals...
[10:25:44.446] - globals found: [1] ‘{’
[10:25:44.446] Searching for globals ... DONE
[10:25:44.446] Resolving globals: FALSE
[10:25:44.446] 
[10:25:44.446] 
[10:25:44.446] getGlobalsAndPackages() ... DONE
[10:25:44.447] run() for ‘Future’ ...
[10:25:44.447] - state: ‘created’
[10:25:44.447] - Future backend: ‘FutureStrategy’, ‘sequential’, ‘uniprocess’, ‘future’, ‘function’
[10:25:44.447] - Future class: ‘SequentialFuture’, ‘UniprocessFuture’, ‘Future’, ‘environment’
[10:25:44.447] - Copy elements of temporary ‘SequentialFuture’ to final ‘Future’ object ...
[10:25:44.447]   - Field: ‘label’
[10:25:44.447]   - Field: ‘local’
[10:25:44.448]   - Field: ‘owner’
[10:25:44.448]   - Field: ‘envir’
[10:25:44.448]   - Field: ‘packages’
[10:25:44.448]   - Field: ‘gc’
[10:25:44.448]   - Field: ‘conditions’
[10:25:44.448]   - Field: ‘expr’
[10:25:44.448]   - Field: ‘uuid’
[10:25:44.448]   - Field: ‘seed’
[10:25:44.448]   - Field: ‘version’
[10:25:44.448]   - Field: ‘result’
[10:25:44.448]   - Field: ‘asynchronous’
[10:25:44.449]   - Field: ‘calls’
[10:25:44.449]   - Field: ‘globals’
[10:25:44.449]   - Field: ‘stdout’
[10:25:44.449]   - Field: ‘earlySignal’
[10:25:44.449]   - Field: ‘lazy’
[10:25:44.449]   - Field: ‘state’
[10:25:44.449] - Copy elements of temporary ‘SequentialFuture’ to final ‘Future’ object ... done
[10:25:44.449] - Launch lazy future ...
[10:25:44.449] Packages needed by the future expression (n = 0): <none>
[10:25:44.449] Packages needed by future strategies (n = 0): <none>
[10:25:44.450] {
[10:25:44.450]     {
[10:25:44.450]         {
[10:25:44.450]             ...future.startTime <- base::Sys.time()
[10:25:44.450]             {
[10:25:44.450]                 {
[10:25:44.450]                   {
[10:25:44.450]                     base::local({
[10:25:44.450]                       has_future <- base::requireNamespace("future", 
[10:25:44.450]                         quietly = TRUE)
[10:25:44.450]                       if (has_future) {
[10:25:44.450]                         ns <- base::getNamespace("future")
[10:25:44.450]                         version <- ns[[".package"]][["version"]]
[10:25:44.450]                         if (is.null(version)) 
[10:25:44.450]                           version <- utils::packageVersion("future")
[10:25:44.450]                       }
[10:25:44.450]                       else {
[10:25:44.450]                         version <- NULL
[10:25:44.450]                       }
[10:25:44.450]                       if (!has_future || version < "1.8.0") {
[10:25:44.450]                         info <- base::c(r_version = base::gsub("R version ", 
[10:25:44.450]                           "", base::R.version$version.string), 
[10:25:44.450]                           platform = base::sprintf("%s (%s-bit)", 
[10:25:44.450]                             base::R.version$platform, 8 * base::.Machine$sizeof.pointer), 
[10:25:44.450]                           os = base::paste(base::Sys.info()[base::c("sysname", 
[10:25:44.450]                             "release", "version")], collapse = " "), 
[10:25:44.450]                           hostname = base::Sys.info()[["nodename"]])
[10:25:44.450]                         info <- base::sprintf("%s: %s", base::names(info), 
[10:25:44.450]                           info)
[10:25:44.450]                         info <- base::paste(info, collapse = "; ")
[10:25:44.450]                         if (!has_future) {
[10:25:44.450]                           msg <- base::sprintf("Package 'future' is not installed on worker (%s)", 
[10:25:44.450]                             info)
[10:25:44.450]                         }
[10:25:44.450]                         else {
[10:25:44.450]                           msg <- base::sprintf("Package 'future' on worker (%s) must be of version >= 1.8.0: %s", 
[10:25:44.450]                             info, version)
[10:25:44.450]                         }
[10:25:44.450]                         base::stop(msg)
[10:25:44.450]                       }
[10:25:44.450]                     })
[10:25:44.450]                   }
[10:25:44.450]                   options(future.plan = NULL)
[10:25:44.450]                   Sys.unsetenv("R_FUTURE_PLAN")
[10:25:44.450]                   future::plan("default", .cleanup = FALSE, .init = FALSE)
[10:25:44.450]                 }
[10:25:44.450]                 ...future.workdir <- getwd()
[10:25:44.450]             }
[10:25:44.450]             ...future.oldOptions <- base::as.list(base::.Options)
[10:25:44.450]             ...future.oldEnvVars <- base::Sys.getenv()
[10:25:44.450]         }
[10:25:44.450]         base::options(future.startup.script = FALSE, future.globals.onMissing = NULL, 
[10:25:44.450]             future.globals.maxSize = NULL, future.globals.method = NULL, 
[10:25:44.450]             future.globals.onMissing = NULL, future.globals.onReference = NULL, 
[10:25:44.450]             future.globals.resolve = NULL, future.resolve.recursive = NULL, 
[10:25:44.450]             future.rng.onMisuse = NULL, future.rng.onMisuse.keepFuture = NULL, 
[10:25:44.450]             future.stdout.windows.reencode = NULL, width = 80L)
[10:25:44.450]         ...future.futureOptionsAdded <- base::setdiff(base::names(base::.Options), 
[10:25:44.450]             base::names(...future.oldOptions))
[10:25:44.450]     }
[10:25:44.450]     if (FALSE) {
[10:25:44.450]     }
[10:25:44.450]     else {
[10:25:44.450]         if (TRUE) {
[10:25:44.450]             ...future.stdout <- base::rawConnection(base::raw(0L), 
[10:25:44.450]                 open = "w")
[10:25:44.450]         }
[10:25:44.450]         else {
[10:25:44.450]             ...future.stdout <- base::file(base::switch(.Platform$OS.type, 
[10:25:44.450]                 windows = "NUL", "/dev/null"), open = "w")
[10:25:44.450]         }
[10:25:44.450]         base::sink(...future.stdout, type = "output", split = FALSE)
[10:25:44.450]         base::on.exit(if (!base::is.null(...future.stdout)) {
[10:25:44.450]             base::sink(type = "output", split = FALSE)
[10:25:44.450]             base::close(...future.stdout)
[10:25:44.450]         }, add = TRUE)
[10:25:44.450]     }
[10:25:44.450]     ...future.frame <- base::sys.nframe()
[10:25:44.450]     ...future.conditions <- base::list()
[10:25:44.450]     ...future.rng <- base::globalenv()$.Random.seed
[10:25:44.450]     if (FALSE) {
[10:25:44.450]         ...future.globalenv.names <- c(base::names(base::.GlobalEnv), 
[10:25:44.450]             "...future.value", "...future.globalenv.names", ".Random.seed")
[10:25:44.450]     }
[10:25:44.450]     ...future.result <- base::tryCatch({
[10:25:44.450]         base::withCallingHandlers({
[10:25:44.450]             ...future.value <- base::withVisible(base::local({
[10:25:44.450]                 1
[10:25:44.450]             }))
[10:25:44.450]             future::FutureResult(value = ...future.value$value, 
[10:25:44.450]                 visible = ...future.value$visible, rng = !identical(base::globalenv()$.Random.seed, 
[10:25:44.450]                   ...future.rng), globalenv = if (FALSE) 
[10:25:44.450]                   list(added = base::setdiff(base::names(base::.GlobalEnv), 
[10:25:44.450]                     ...future.globalenv.names))
[10:25:44.450]                 else NULL, started = ...future.startTime, version = "1.8")
[10:25:44.450]         }, condition = base::local({
[10:25:44.450]             c <- base::c
[10:25:44.450]             inherits <- base::inherits
[10:25:44.450]             invokeRestart <- base::invokeRestart
[10:25:44.450]             length <- base::length
[10:25:44.450]             list <- base::list
[10:25:44.450]             seq.int <- base::seq.int
[10:25:44.450]             signalCondition <- base::signalCondition
[10:25:44.450]             sys.calls <- base::sys.calls
[10:25:44.450]             `[[` <- base::`[[`
[10:25:44.450]             `+` <- base::`+`
[10:25:44.450]             `<<-` <- base::`<<-`
[10:25:44.450]             sysCalls <- function(calls = sys.calls(), from = 1L) {
[10:25:44.450]                 calls[seq.int(from = from + 12L, to = length(calls) - 
[10:25:44.450]                   3L)]
[10:25:44.450]             }
[10:25:44.450]             function(cond) {
[10:25:44.450]                 is_error <- inherits(cond, "error")
[10:25:44.450]                 ignore <- !is_error && !is.null(NULL) && inherits(cond, 
[10:25:44.450]                   NULL)
[10:25:44.450]                 if (is_error) {
[10:25:44.450]                   sessionInformation <- function() {
[10:25:44.450]                     list(r = base::R.Version(), locale = base::Sys.getlocale(), 
[10:25:44.450]                       rngkind = base::RNGkind(), namespaces = base::loadedNamespaces(), 
[10:25:44.450]                       search = base::search(), system = base::Sys.info())
[10:25:44.450]                   }
[10:25:44.450]                   ...future.conditions[[length(...future.conditions) + 
[10:25:44.450]                     1L]] <<- list(condition = cond, calls = c(sysCalls(from = ...future.frame), 
[10:25:44.450]                     cond$call), session = sessionInformation(), 
[10:25:44.450]                     timestamp = base::Sys.time(), signaled = 0L)
[10:25:44.450]                   signalCondition(cond)
[10:25:44.450]                 }
[10:25:44.450]                 else if (!ignore && TRUE && inherits(cond, c("condition", 
[10:25:44.450]                 "immediateCondition"))) {
[10:25:44.450]                   signal <- TRUE && inherits(cond, "immediateCondition")
[10:25:44.450]                   ...future.conditions[[length(...future.conditions) + 
[10:25:44.450]                     1L]] <<- list(condition = cond, signaled = base::as.integer(signal))
[10:25:44.450]                   if (TRUE && !signal) {
[10:25:44.450]                     muffleCondition <- function (cond, pattern = "^muffle") 
[10:25:44.450]                     {
[10:25:44.450]                       inherits <- base::inherits
[10:25:44.450]                       invokeRestart <- base::invokeRestart
[10:25:44.450]                       is.null <- base::is.null
[10:25:44.450]                       muffled <- FALSE
[10:25:44.450]                       if (inherits(cond, "message")) {
[10:25:44.450]                         muffled <- grepl(pattern, "muffleMessage")
[10:25:44.450]                         if (muffled) 
[10:25:44.450]                           invokeRestart("muffleMessage")
[10:25:44.450]                       }
[10:25:44.450]                       else if (inherits(cond, "warning")) {
[10:25:44.450]                         muffled <- grepl(pattern, "muffleWarning")
[10:25:44.450]                         if (muffled) 
[10:25:44.450]                           invokeRestart("muffleWarning")
[10:25:44.450]                       }
[10:25:44.450]                       else if (inherits(cond, "condition")) {
[10:25:44.450]                         if (!is.null(pattern)) {
[10:25:44.450]                           computeRestarts <- base::computeRestarts
[10:25:44.450]                           grepl <- base::grepl
[10:25:44.450]                           restarts <- computeRestarts(cond)
[10:25:44.450]                           for (restart in restarts) {
[10:25:44.450]                             name <- restart$name
[10:25:44.450]                             if (is.null(name)) 
[10:25:44.450]                               next
[10:25:44.450]                             if (!grepl(pattern, name)) 
[10:25:44.450]                               next
[10:25:44.450]                             invokeRestart(restart)
[10:25:44.450]                             muffled <- TRUE
[10:25:44.450]                             break
[10:25:44.450]                           }
[10:25:44.450]                         }
[10:25:44.450]                       }
[10:25:44.450]                       invisible(muffled)
[10:25:44.450]                     }
[10:25:44.450]                     muffleCondition(cond, pattern = "^muffle")
[10:25:44.450]                   }
[10:25:44.450]                 }
[10:25:44.450]                 else {
[10:25:44.450]                   if (TRUE) {
[10:25:44.450]                     muffleCondition <- function (cond, pattern = "^muffle") 
[10:25:44.450]                     {
[10:25:44.450]                       inherits <- base::inherits
[10:25:44.450]                       invokeRestart <- base::invokeRestart
[10:25:44.450]                       is.null <- base::is.null
[10:25:44.450]                       muffled <- FALSE
[10:25:44.450]                       if (inherits(cond, "message")) {
[10:25:44.450]                         muffled <- grepl(pattern, "muffleMessage")
[10:25:44.450]                         if (muffled) 
[10:25:44.450]                           invokeRestart("muffleMessage")
[10:25:44.450]                       }
[10:25:44.450]                       else if (inherits(cond, "warning")) {
[10:25:44.450]                         muffled <- grepl(pattern, "muffleWarning")
[10:25:44.450]                         if (muffled) 
[10:25:44.450]                           invokeRestart("muffleWarning")
[10:25:44.450]                       }
[10:25:44.450]                       else if (inherits(cond, "condition")) {
[10:25:44.450]                         if (!is.null(pattern)) {
[10:25:44.450]                           computeRestarts <- base::computeRestarts
[10:25:44.450]                           grepl <- base::grepl
[10:25:44.450]                           restarts <- computeRestarts(cond)
[10:25:44.450]                           for (restart in restarts) {
[10:25:44.450]                             name <- restart$name
[10:25:44.450]                             if (is.null(name)) 
[10:25:44.450]                               next
[10:25:44.450]                             if (!grepl(pattern, name)) 
[10:25:44.450]                               next
[10:25:44.450]                             invokeRestart(restart)
[10:25:44.450]                             muffled <- TRUE
[10:25:44.450]                             break
[10:25:44.450]                           }
[10:25:44.450]                         }
[10:25:44.450]                       }
[10:25:44.450]                       invisible(muffled)
[10:25:44.450]                     }
[10:25:44.450]                     muffleCondition(cond, pattern = "^muffle")
[10:25:44.450]                   }
[10:25:44.450]                 }
[10:25:44.450]             }
[10:25:44.450]         }))
[10:25:44.450]     }, error = function(ex) {
[10:25:44.450]         base::structure(base::list(value = NULL, visible = NULL, 
[10:25:44.450]             conditions = ...future.conditions, rng = !identical(base::globalenv()$.Random.seed, 
[10:25:44.450]                 ...future.rng), started = ...future.startTime, 
[10:25:44.450]             finished = Sys.time(), session_uuid = NA_character_, 
[10:25:44.450]             version = "1.8"), class = "FutureResult")
[10:25:44.450]     }, finally = {
[10:25:44.450]         if (!identical(...future.workdir, getwd())) 
[10:25:44.450]             setwd(...future.workdir)
[10:25:44.450]         {
[10:25:44.450]             if (identical(getOption("nwarnings"), ...future.oldOptions$nwarnings)) {
[10:25:44.450]                 ...future.oldOptions$nwarnings <- NULL
[10:25:44.450]             }
[10:25:44.450]             base::options(...future.oldOptions)
[10:25:44.450]             if (.Platform$OS.type == "windows") {
[10:25:44.450]                 old_names <- names(...future.oldEnvVars)
[10:25:44.450]                 envs <- base::Sys.getenv()
[10:25:44.450]                 names <- names(envs)
[10:25:44.450]                 common <- intersect(names, old_names)
[10:25:44.450]                 added <- setdiff(names, old_names)
[10:25:44.450]                 removed <- setdiff(old_names, names)
[10:25:44.450]                 changed <- common[...future.oldEnvVars[common] != 
[10:25:44.450]                   envs[common]]
[10:25:44.450]                 NAMES <- toupper(changed)
[10:25:44.450]                 args <- list()
[10:25:44.450]                 for (kk in seq_along(NAMES)) {
[10:25:44.450]                   name <- changed[[kk]]
[10:25:44.450]                   NAME <- NAMES[[kk]]
[10:25:44.450]                   if (name != NAME && is.element(NAME, old_names)) 
[10:25:44.450]                     next
[10:25:44.450]                   args[[name]] <- ...future.oldEnvVars[[name]]
[10:25:44.450]                 }
[10:25:44.450]                 NAMES <- toupper(added)
[10:25:44.450]                 for (kk in seq_along(NAMES)) {
[10:25:44.450]                   name <- added[[kk]]
[10:25:44.450]                   NAME <- NAMES[[kk]]
[10:25:44.450]                   if (name != NAME && is.element(NAME, old_names)) 
[10:25:44.450]                     next
[10:25:44.450]                   args[[name]] <- ""
[10:25:44.450]                 }
[10:25:44.450]                 NAMES <- toupper(removed)
[10:25:44.450]                 for (kk in seq_along(NAMES)) {
[10:25:44.450]                   name <- removed[[kk]]
[10:25:44.450]                   NAME <- NAMES[[kk]]
[10:25:44.450]                   if (name != NAME && is.element(NAME, old_names)) 
[10:25:44.450]                     next
[10:25:44.450]                   args[[name]] <- ...future.oldEnvVars[[name]]
[10:25:44.450]                 }
[10:25:44.450]                 if (length(args) > 0) 
[10:25:44.450]                   base::do.call(base::Sys.setenv, args = args)
[10:25:44.450]                 args <- names <- old_names <- NAMES <- envs <- common <- added <- removed <- NULL
[10:25:44.450]             }
[10:25:44.450]             else {
[10:25:44.450]                 base::do.call(base::Sys.setenv, args = base::as.list(...future.oldEnvVars))
[10:25:44.450]             }
[10:25:44.450]             {
[10:25:44.450]                 if (base::length(...future.futureOptionsAdded) > 
[10:25:44.450]                   0L) {
[10:25:44.450]                   opts <- base::vector("list", length = base::length(...future.futureOptionsAdded))
[10:25:44.450]                   base::names(opts) <- ...future.futureOptionsAdded
[10:25:44.450]                   base::options(opts)
[10:25:44.450]                 }
[10:25:44.450]                 {
[10:25:44.450]                   {
[10:25:44.450]                     NULL
[10:25:44.450]                     RNGkind("Mersenne-Twister")
[10:25:44.450]                     base::rm(list = ".Random.seed", envir = base::globalenv(), 
[10:25:44.450]                       inherits = FALSE)
[10:25:44.450]                   }
[10:25:44.450]                   options(future.plan = NULL)
[10:25:44.450]                   if (is.na(NA_character_)) 
[10:25:44.450]                     Sys.unsetenv("R_FUTURE_PLAN")
[10:25:44.450]                   else Sys.setenv(R_FUTURE_PLAN = NA_character_)
[10:25:44.450]                   future::plan(list(function (..., envir = parent.frame()) 
[10:25:44.450]                   {
[10:25:44.450]                     future <- SequentialFuture(..., envir = envir)
[10:25:44.450]                     if (!future$lazy) 
[10:25:44.450]                       future <- run(future)
[10:25:44.450]                     invisible(future)
[10:25:44.450]                   }), .cleanup = FALSE, .init = FALSE)
[10:25:44.450]                 }
[10:25:44.450]             }
[10:25:44.450]         }
[10:25:44.450]     })
[10:25:44.450]     if (TRUE) {
[10:25:44.450]         base::sink(type = "output", split = FALSE)
[10:25:44.450]         if (TRUE) {
[10:25:44.450]             ...future.result$stdout <- base::rawToChar(base::rawConnectionValue(...future.stdout))
[10:25:44.450]         }
[10:25:44.450]         else {
[10:25:44.450]             ...future.result["stdout"] <- base::list(NULL)
[10:25:44.450]         }
[10:25:44.450]         base::close(...future.stdout)
[10:25:44.450]         ...future.stdout <- NULL
[10:25:44.450]     }
[10:25:44.450]     ...future.result$conditions <- ...future.conditions
[10:25:44.450]     ...future.result$finished <- base::Sys.time()
[10:25:44.450]     ...future.result
[10:25:44.450] }
[10:25:44.452] plan(): Setting new future strategy stack:
[10:25:44.452] List of future strategies:
[10:25:44.452] 1. sequential:
[10:25:44.452]    - args: function (..., envir = parent.frame())
[10:25:44.452]    - tweaked: FALSE
[10:25:44.452]    - call: NULL
[10:25:44.452] plan(): nbrOfWorkers() = 1
[10:25:44.453] plan(): Setting new future strategy stack:
[10:25:44.453] List of future strategies:
[10:25:44.453] 1. sequential:
[10:25:44.453]    - args: function (..., envir = parent.frame())
[10:25:44.453]    - tweaked: FALSE
[10:25:44.453]    - call: future::plan("sequential")
[10:25:44.453] plan(): nbrOfWorkers() = 1
[10:25:44.453] SequentialFuture started (and completed)
[10:25:44.453] - Launch lazy future ... done
[10:25:44.453] run() for ‘SequentialFuture’ ... done
> 
> f1 <- futureOf("a", envir = x)
> print(f1)
SequentialFuture:
Label: ‘<none>’
Expression:
{
    1
}
Lazy evaluation: FALSE
Asynchronous evaluation: FALSE
Local evaluation: TRUE
Environment: R_GlobalEnv
Capture standard output: TRUE
Capture condition classes: ‘condition’ (excluding ‘nothing’)
Globals: <none>
Packages: <none>
L'Ecuyer-CMRG RNG seed: <none> (seed = FALSE)
Resolved: TRUE
Value: 56 bytes of class ‘numeric’
Early signaling: FALSE
Owner process: 92f9d187-c092-bfde-31f5-bdcbdb2a973a
Class: ‘SequentialFuture’, ‘UniprocessFuture’, ‘Future’, ‘environment’
> stopifnot(identical(f1, x$a))
> f2 <- futureOf(a, envir = x)
> stopifnot(identical(f2, x$a))
> f3 <- futureOf(x[["a"]])
> stopifnot(identical(f3, x$a))
> f4 <- futureOf(x$a)
> stopifnot(identical(f4, x$a))
> 
> ## Identify all futures
> fs <- futureOf(envir = x)
> print(fs)
$a
SequentialFuture:
Label: ‘<none>’
Expression:
{
    1
}
Lazy evaluation: FALSE
Asynchronous evaluation: FALSE
Local evaluation: TRUE
Environment: R_GlobalEnv
Capture standard output: TRUE
Capture condition classes: ‘condition’ (excluding ‘nothing’)
Globals: <none>
Packages: <none>
L'Ecuyer-CMRG RNG seed: <none> (seed = FALSE)
Resolved: TRUE
Value: 56 bytes of class ‘numeric’
Early signaling: FALSE
Owner process: 92f9d187-c092-bfde-31f5-bdcbdb2a973a
Class: ‘SequentialFuture’, ‘UniprocessFuture’, ‘Future’, ‘environment’

> stopifnot(identical(names(fs), c("a")))
> stopifnot(identical(fs$a, f1))
> 
> fsD <- futureOf(envir = x, drop = TRUE)
> print(fsD)
$a
SequentialFuture:
Label: ‘<none>’
Expression:
{
    1
}
Lazy evaluation: FALSE
Asynchronous evaluation: FALSE
Local evaluation: TRUE
Environment: R_GlobalEnv
Capture standard output: TRUE
Capture condition classes: ‘condition’ (excluding ‘nothing’)
Globals: <none>
Packages: <none>
L'Ecuyer-CMRG RNG seed: <none> (seed = FALSE)
Resolved: TRUE
Value: 56 bytes of class ‘numeric’
Early signaling: FALSE
Owner process: 92f9d187-c092-bfde-31f5-bdcbdb2a973a
Class: ‘SequentialFuture’, ‘UniprocessFuture’, ‘Future’, ‘environment’

> stopifnot(all(sapply(fsD, FUN = inherits, "Future")))
> stopifnot(identical(fsD, fs))
> 
> message("*** futureOf() with environment - futures ... DONE")
*** futureOf() with environment - futures ... DONE
> 
> 
> message("*** futureOf() with environment - exceptions ...")
*** futureOf() with environment - exceptions ...
> 
> ## Invalid subset
> res <- tryCatch(futureOf(x[[0]], mustExist = FALSE), error = identity)
> stopifnot(inherits(res, "error"))
> 
> res <- tryCatch(futureOf(x[[0]], mustExist = TRUE), error = identity)
> stopifnot(inherits(res, "error"))
> 
> res <- tryCatch(futureOf(x[[10]], mustExist = TRUE), error = identity)
> stopifnot(inherits(res, "error"))
> 
> res <- tryCatch(futureOf(x[[1 + 2i]], mustExist = TRUE), error = identity)
> stopifnot(inherits(res, "error"))
> 
> message("*** futureOf() with environment - exceptions ... DONE")
*** futureOf() with environment - exceptions ... DONE
> 
> message("*** futureOf() with environment ... DONE")
*** futureOf() with environment ... DONE
> 
> source("incl/end.R")
[10:25:44.457] plan(): Setting new future strategy stack:
[10:25:44.457] List of future strategies:
[10:25:44.457] 1. FutureStrategy:
[10:25:44.457]    - args: function (..., envir = parent.frame())
[10:25:44.457]    - tweaked: FALSE
[10:25:44.457]    - call: future::plan(oplan)
[10:25:44.471] plan(): nbrOfWorkers() = 1
> 
