
R version 4.3.2 (2023-10-31) -- "Eye Holes"
Copyright (C) 2023 The R Foundation for Statistical Computing
Platform: x86_64-pc-linux-gnu (64-bit)

R is free software and comes with ABSOLUTELY NO WARRANTY.
You are welcome to redistribute it under certain conditions.
Type 'license()' or 'licence()' for distribution details.

R is a collaborative project with many contributors.
Type 'contributors()' for more information and
'citation()' on how to cite R or R packages in publications.

Type 'demo()' for some demos, 'help()' for on-line help, or
'help.start()' for an HTML browser interface to help.
Type 'q()' to quit R.

> source("incl/start.R")
[13:23:03.374] plan(): Setting new future strategy stack:
[13:23:03.375] List of future strategies:
[13:23:03.375] 1. sequential:
[13:23:03.375]    - args: function (..., envir = parent.frame())
[13:23:03.375]    - tweaked: FALSE
[13:23:03.375]    - call: future::plan("sequential")
[13:23:03.391] plan(): nbrOfWorkers() = 1
> 
> suppressWarnings(rm(list = c("x", "z")))
> 
> message("*** futureOf() with environment ...")
*** futureOf() with environment ...
> 
> message("*** futureOf() with environment - future assignments ...")
*** futureOf() with environment - future assignments ...
> 
> x <- new.env()
> x$a %<-% { 1 }
[13:23:03.404] getGlobalsAndPackages() ...
[13:23:03.404] Searching for globals...
[13:23:03.407] - globals found: [1] ‘{’
[13:23:03.407] Searching for globals ... DONE
[13:23:03.408] Resolving globals: FALSE
[13:23:03.408] 
[13:23:03.408] 
[13:23:03.408] getGlobalsAndPackages() ... DONE
[13:23:03.409] run() for ‘Future’ ...
[13:23:03.409] - state: ‘created’
[13:23:03.409] - Future backend: ‘FutureStrategy’, ‘sequential’, ‘uniprocess’, ‘future’, ‘function’
[13:23:03.410] - Future class: ‘SequentialFuture’, ‘UniprocessFuture’, ‘Future’, ‘environment’
[13:23:03.410] - Copy elements of temporary ‘SequentialFuture’ to final ‘Future’ object ...
[13:23:03.410]   - Field: ‘label’
[13:23:03.410]   - Field: ‘local’
[13:23:03.410]   - Field: ‘owner’
[13:23:03.410]   - Field: ‘envir’
[13:23:03.410]   - Field: ‘packages’
[13:23:03.411]   - Field: ‘gc’
[13:23:03.411]   - Field: ‘conditions’
[13:23:03.411]   - Field: ‘expr’
[13:23:03.411]   - Field: ‘uuid’
[13:23:03.411]   - Field: ‘seed’
[13:23:03.411]   - Field: ‘version’
[13:23:03.411]   - Field: ‘result’
[13:23:03.411]   - Field: ‘asynchronous’
[13:23:03.411]   - Field: ‘calls’
[13:23:03.411]   - Field: ‘globals’
[13:23:03.411]   - Field: ‘stdout’
[13:23:03.412]   - Field: ‘earlySignal’
[13:23:03.412]   - Field: ‘lazy’
[13:23:03.412]   - Field: ‘state’
[13:23:03.412] - Copy elements of temporary ‘SequentialFuture’ to final ‘Future’ object ... done
[13:23:03.412] - Launch lazy future ...
[13:23:03.413] Packages needed by the future expression (n = 0): <none>
[13:23:03.413] Packages needed by future strategies (n = 0): <none>
[13:23:03.414] {
[13:23:03.414]     {
[13:23:03.414]         {
[13:23:03.414]             ...future.startTime <- base::Sys.time()
[13:23:03.414]             {
[13:23:03.414]                 {
[13:23:03.414]                   {
[13:23:03.414]                     base::local({
[13:23:03.414]                       has_future <- base::requireNamespace("future", 
[13:23:03.414]                         quietly = TRUE)
[13:23:03.414]                       if (has_future) {
[13:23:03.414]                         ns <- base::getNamespace("future")
[13:23:03.414]                         version <- ns[[".package"]][["version"]]
[13:23:03.414]                         if (is.null(version)) 
[13:23:03.414]                           version <- utils::packageVersion("future")
[13:23:03.414]                       }
[13:23:03.414]                       else {
[13:23:03.414]                         version <- NULL
[13:23:03.414]                       }
[13:23:03.414]                       if (!has_future || version < "1.8.0") {
[13:23:03.414]                         info <- base::c(r_version = base::gsub("R version ", 
[13:23:03.414]                           "", base::R.version$version.string), 
[13:23:03.414]                           platform = base::sprintf("%s (%s-bit)", 
[13:23:03.414]                             base::R.version$platform, 8 * base::.Machine$sizeof.pointer), 
[13:23:03.414]                           os = base::paste(base::Sys.info()[base::c("sysname", 
[13:23:03.414]                             "release", "version")], collapse = " "), 
[13:23:03.414]                           hostname = base::Sys.info()[["nodename"]])
[13:23:03.414]                         info <- base::sprintf("%s: %s", base::names(info), 
[13:23:03.414]                           info)
[13:23:03.414]                         info <- base::paste(info, collapse = "; ")
[13:23:03.414]                         if (!has_future) {
[13:23:03.414]                           msg <- base::sprintf("Package 'future' is not installed on worker (%s)", 
[13:23:03.414]                             info)
[13:23:03.414]                         }
[13:23:03.414]                         else {
[13:23:03.414]                           msg <- base::sprintf("Package 'future' on worker (%s) must be of version >= 1.8.0: %s", 
[13:23:03.414]                             info, version)
[13:23:03.414]                         }
[13:23:03.414]                         base::stop(msg)
[13:23:03.414]                       }
[13:23:03.414]                     })
[13:23:03.414]                   }
[13:23:03.414]                   options(future.plan = NULL)
[13:23:03.414]                   Sys.unsetenv("R_FUTURE_PLAN")
[13:23:03.414]                   future::plan("default", .cleanup = FALSE, .init = FALSE)
[13:23:03.414]                 }
[13:23:03.414]                 ...future.workdir <- getwd()
[13:23:03.414]             }
[13:23:03.414]             ...future.oldOptions <- base::as.list(base::.Options)
[13:23:03.414]             ...future.oldEnvVars <- base::Sys.getenv()
[13:23:03.414]         }
[13:23:03.414]         base::options(future.startup.script = FALSE, future.globals.onMissing = NULL, 
[13:23:03.414]             future.globals.maxSize = NULL, future.globals.method = NULL, 
[13:23:03.414]             future.globals.onMissing = NULL, future.globals.onReference = NULL, 
[13:23:03.414]             future.globals.resolve = NULL, future.resolve.recursive = NULL, 
[13:23:03.414]             future.rng.onMisuse = NULL, future.rng.onMisuse.keepFuture = NULL, 
[13:23:03.414]             future.stdout.windows.reencode = NULL, width = 80L)
[13:23:03.414]         ...future.futureOptionsAdded <- base::setdiff(base::names(base::.Options), 
[13:23:03.414]             base::names(...future.oldOptions))
[13:23:03.414]     }
[13:23:03.414]     if (FALSE) {
[13:23:03.414]     }
[13:23:03.414]     else {
[13:23:03.414]         if (TRUE) {
[13:23:03.414]             ...future.stdout <- base::rawConnection(base::raw(0L), 
[13:23:03.414]                 open = "w")
[13:23:03.414]         }
[13:23:03.414]         else {
[13:23:03.414]             ...future.stdout <- base::file(base::switch(.Platform$OS.type, 
[13:23:03.414]                 windows = "NUL", "/dev/null"), open = "w")
[13:23:03.414]         }
[13:23:03.414]         base::sink(...future.stdout, type = "output", split = FALSE)
[13:23:03.414]         base::on.exit(if (!base::is.null(...future.stdout)) {
[13:23:03.414]             base::sink(type = "output", split = FALSE)
[13:23:03.414]             base::close(...future.stdout)
[13:23:03.414]         }, add = TRUE)
[13:23:03.414]     }
[13:23:03.414]     ...future.frame <- base::sys.nframe()
[13:23:03.414]     ...future.conditions <- base::list()
[13:23:03.414]     ...future.rng <- base::globalenv()$.Random.seed
[13:23:03.414]     if (FALSE) {
[13:23:03.414]         ...future.globalenv.names <- c(base::names(base::.GlobalEnv), 
[13:23:03.414]             "...future.value", "...future.globalenv.names", ".Random.seed")
[13:23:03.414]     }
[13:23:03.414]     ...future.result <- base::tryCatch({
[13:23:03.414]         base::withCallingHandlers({
[13:23:03.414]             ...future.value <- base::withVisible(base::local({
[13:23:03.414]                 1
[13:23:03.414]             }))
[13:23:03.414]             future::FutureResult(value = ...future.value$value, 
[13:23:03.414]                 visible = ...future.value$visible, rng = !identical(base::globalenv()$.Random.seed, 
[13:23:03.414]                   ...future.rng), globalenv = if (FALSE) 
[13:23:03.414]                   list(added = base::setdiff(base::names(base::.GlobalEnv), 
[13:23:03.414]                     ...future.globalenv.names))
[13:23:03.414]                 else NULL, started = ...future.startTime, version = "1.8")
[13:23:03.414]         }, condition = base::local({
[13:23:03.414]             c <- base::c
[13:23:03.414]             inherits <- base::inherits
[13:23:03.414]             invokeRestart <- base::invokeRestart
[13:23:03.414]             length <- base::length
[13:23:03.414]             list <- base::list
[13:23:03.414]             seq.int <- base::seq.int
[13:23:03.414]             signalCondition <- base::signalCondition
[13:23:03.414]             sys.calls <- base::sys.calls
[13:23:03.414]             `[[` <- base::`[[`
[13:23:03.414]             `+` <- base::`+`
[13:23:03.414]             `<<-` <- base::`<<-`
[13:23:03.414]             sysCalls <- function(calls = sys.calls(), from = 1L) {
[13:23:03.414]                 calls[seq.int(from = from + 12L, to = length(calls) - 
[13:23:03.414]                   3L)]
[13:23:03.414]             }
[13:23:03.414]             function(cond) {
[13:23:03.414]                 is_error <- inherits(cond, "error")
[13:23:03.414]                 ignore <- !is_error && !is.null(NULL) && inherits(cond, 
[13:23:03.414]                   NULL)
[13:23:03.414]                 if (is_error) {
[13:23:03.414]                   sessionInformation <- function() {
[13:23:03.414]                     list(r = base::R.Version(), locale = base::Sys.getlocale(), 
[13:23:03.414]                       rngkind = base::RNGkind(), namespaces = base::loadedNamespaces(), 
[13:23:03.414]                       search = base::search(), system = base::Sys.info())
[13:23:03.414]                   }
[13:23:03.414]                   ...future.conditions[[length(...future.conditions) + 
[13:23:03.414]                     1L]] <<- list(condition = cond, calls = c(sysCalls(from = ...future.frame), 
[13:23:03.414]                     cond$call), session = sessionInformation(), 
[13:23:03.414]                     timestamp = base::Sys.time(), signaled = 0L)
[13:23:03.414]                   signalCondition(cond)
[13:23:03.414]                 }
[13:23:03.414]                 else if (!ignore && TRUE && inherits(cond, c("condition", 
[13:23:03.414]                 "immediateCondition"))) {
[13:23:03.414]                   signal <- TRUE && inherits(cond, "immediateCondition")
[13:23:03.414]                   ...future.conditions[[length(...future.conditions) + 
[13:23:03.414]                     1L]] <<- list(condition = cond, signaled = base::as.integer(signal))
[13:23:03.414]                   if (TRUE && !signal) {
[13:23:03.414]                     muffleCondition <- function (cond, pattern = "^muffle") 
[13:23:03.414]                     {
[13:23:03.414]                       inherits <- base::inherits
[13:23:03.414]                       invokeRestart <- base::invokeRestart
[13:23:03.414]                       is.null <- base::is.null
[13:23:03.414]                       muffled <- FALSE
[13:23:03.414]                       if (inherits(cond, "message")) {
[13:23:03.414]                         muffled <- grepl(pattern, "muffleMessage")
[13:23:03.414]                         if (muffled) 
[13:23:03.414]                           invokeRestart("muffleMessage")
[13:23:03.414]                       }
[13:23:03.414]                       else if (inherits(cond, "warning")) {
[13:23:03.414]                         muffled <- grepl(pattern, "muffleWarning")
[13:23:03.414]                         if (muffled) 
[13:23:03.414]                           invokeRestart("muffleWarning")
[13:23:03.414]                       }
[13:23:03.414]                       else if (inherits(cond, "condition")) {
[13:23:03.414]                         if (!is.null(pattern)) {
[13:23:03.414]                           computeRestarts <- base::computeRestarts
[13:23:03.414]                           grepl <- base::grepl
[13:23:03.414]                           restarts <- computeRestarts(cond)
[13:23:03.414]                           for (restart in restarts) {
[13:23:03.414]                             name <- restart$name
[13:23:03.414]                             if (is.null(name)) 
[13:23:03.414]                               next
[13:23:03.414]                             if (!grepl(pattern, name)) 
[13:23:03.414]                               next
[13:23:03.414]                             invokeRestart(restart)
[13:23:03.414]                             muffled <- TRUE
[13:23:03.414]                             break
[13:23:03.414]                           }
[13:23:03.414]                         }
[13:23:03.414]                       }
[13:23:03.414]                       invisible(muffled)
[13:23:03.414]                     }
[13:23:03.414]                     muffleCondition(cond, pattern = "^muffle")
[13:23:03.414]                   }
[13:23:03.414]                 }
[13:23:03.414]                 else {
[13:23:03.414]                   if (TRUE) {
[13:23:03.414]                     muffleCondition <- function (cond, pattern = "^muffle") 
[13:23:03.414]                     {
[13:23:03.414]                       inherits <- base::inherits
[13:23:03.414]                       invokeRestart <- base::invokeRestart
[13:23:03.414]                       is.null <- base::is.null
[13:23:03.414]                       muffled <- FALSE
[13:23:03.414]                       if (inherits(cond, "message")) {
[13:23:03.414]                         muffled <- grepl(pattern, "muffleMessage")
[13:23:03.414]                         if (muffled) 
[13:23:03.414]                           invokeRestart("muffleMessage")
[13:23:03.414]                       }
[13:23:03.414]                       else if (inherits(cond, "warning")) {
[13:23:03.414]                         muffled <- grepl(pattern, "muffleWarning")
[13:23:03.414]                         if (muffled) 
[13:23:03.414]                           invokeRestart("muffleWarning")
[13:23:03.414]                       }
[13:23:03.414]                       else if (inherits(cond, "condition")) {
[13:23:03.414]                         if (!is.null(pattern)) {
[13:23:03.414]                           computeRestarts <- base::computeRestarts
[13:23:03.414]                           grepl <- base::grepl
[13:23:03.414]                           restarts <- computeRestarts(cond)
[13:23:03.414]                           for (restart in restarts) {
[13:23:03.414]                             name <- restart$name
[13:23:03.414]                             if (is.null(name)) 
[13:23:03.414]                               next
[13:23:03.414]                             if (!grepl(pattern, name)) 
[13:23:03.414]                               next
[13:23:03.414]                             invokeRestart(restart)
[13:23:03.414]                             muffled <- TRUE
[13:23:03.414]                             break
[13:23:03.414]                           }
[13:23:03.414]                         }
[13:23:03.414]                       }
[13:23:03.414]                       invisible(muffled)
[13:23:03.414]                     }
[13:23:03.414]                     muffleCondition(cond, pattern = "^muffle")
[13:23:03.414]                   }
[13:23:03.414]                 }
[13:23:03.414]             }
[13:23:03.414]         }))
[13:23:03.414]     }, error = function(ex) {
[13:23:03.414]         base::structure(base::list(value = NULL, visible = NULL, 
[13:23:03.414]             conditions = ...future.conditions, rng = !identical(base::globalenv()$.Random.seed, 
[13:23:03.414]                 ...future.rng), started = ...future.startTime, 
[13:23:03.414]             finished = Sys.time(), session_uuid = NA_character_, 
[13:23:03.414]             version = "1.8"), class = "FutureResult")
[13:23:03.414]     }, finally = {
[13:23:03.414]         if (!identical(...future.workdir, getwd())) 
[13:23:03.414]             setwd(...future.workdir)
[13:23:03.414]         {
[13:23:03.414]             if (identical(getOption("nwarnings"), ...future.oldOptions$nwarnings)) {
[13:23:03.414]                 ...future.oldOptions$nwarnings <- NULL
[13:23:03.414]             }
[13:23:03.414]             base::options(...future.oldOptions)
[13:23:03.414]             if (.Platform$OS.type == "windows") {
[13:23:03.414]                 old_names <- names(...future.oldEnvVars)
[13:23:03.414]                 envs <- base::Sys.getenv()
[13:23:03.414]                 names <- names(envs)
[13:23:03.414]                 common <- intersect(names, old_names)
[13:23:03.414]                 added <- setdiff(names, old_names)
[13:23:03.414]                 removed <- setdiff(old_names, names)
[13:23:03.414]                 changed <- common[...future.oldEnvVars[common] != 
[13:23:03.414]                   envs[common]]
[13:23:03.414]                 NAMES <- toupper(changed)
[13:23:03.414]                 args <- list()
[13:23:03.414]                 for (kk in seq_along(NAMES)) {
[13:23:03.414]                   name <- changed[[kk]]
[13:23:03.414]                   NAME <- NAMES[[kk]]
[13:23:03.414]                   if (name != NAME && is.element(NAME, old_names)) 
[13:23:03.414]                     next
[13:23:03.414]                   args[[name]] <- ...future.oldEnvVars[[name]]
[13:23:03.414]                 }
[13:23:03.414]                 NAMES <- toupper(added)
[13:23:03.414]                 for (kk in seq_along(NAMES)) {
[13:23:03.414]                   name <- added[[kk]]
[13:23:03.414]                   NAME <- NAMES[[kk]]
[13:23:03.414]                   if (name != NAME && is.element(NAME, old_names)) 
[13:23:03.414]                     next
[13:23:03.414]                   args[[name]] <- ""
[13:23:03.414]                 }
[13:23:03.414]                 NAMES <- toupper(removed)
[13:23:03.414]                 for (kk in seq_along(NAMES)) {
[13:23:03.414]                   name <- removed[[kk]]
[13:23:03.414]                   NAME <- NAMES[[kk]]
[13:23:03.414]                   if (name != NAME && is.element(NAME, old_names)) 
[13:23:03.414]                     next
[13:23:03.414]                   args[[name]] <- ...future.oldEnvVars[[name]]
[13:23:03.414]                 }
[13:23:03.414]                 if (length(args) > 0) 
[13:23:03.414]                   base::do.call(base::Sys.setenv, args = args)
[13:23:03.414]                 args <- names <- old_names <- NAMES <- envs <- common <- added <- removed <- NULL
[13:23:03.414]             }
[13:23:03.414]             else {
[13:23:03.414]                 base::do.call(base::Sys.setenv, args = base::as.list(...future.oldEnvVars))
[13:23:03.414]             }
[13:23:03.414]             {
[13:23:03.414]                 if (base::length(...future.futureOptionsAdded) > 
[13:23:03.414]                   0L) {
[13:23:03.414]                   opts <- base::vector("list", length = base::length(...future.futureOptionsAdded))
[13:23:03.414]                   base::names(opts) <- ...future.futureOptionsAdded
[13:23:03.414]                   base::options(opts)
[13:23:03.414]                 }
[13:23:03.414]                 {
[13:23:03.414]                   {
[13:23:03.414]                     NULL
[13:23:03.414]                     RNGkind("Mersenne-Twister")
[13:23:03.414]                     base::rm(list = ".Random.seed", envir = base::globalenv(), 
[13:23:03.414]                       inherits = FALSE)
[13:23:03.414]                   }
[13:23:03.414]                   options(future.plan = NULL)
[13:23:03.414]                   if (is.na(NA_character_)) 
[13:23:03.414]                     Sys.unsetenv("R_FUTURE_PLAN")
[13:23:03.414]                   else Sys.setenv(R_FUTURE_PLAN = NA_character_)
[13:23:03.414]                   future::plan(list(function (..., envir = parent.frame()) 
[13:23:03.414]                   {
[13:23:03.414]                     future <- SequentialFuture(..., envir = envir)
[13:23:03.414]                     if (!future$lazy) 
[13:23:03.414]                       future <- run(future)
[13:23:03.414]                     invisible(future)
[13:23:03.414]                   }), .cleanup = FALSE, .init = FALSE)
[13:23:03.414]                 }
[13:23:03.414]             }
[13:23:03.414]         }
[13:23:03.414]     })
[13:23:03.414]     if (TRUE) {
[13:23:03.414]         base::sink(type = "output", split = FALSE)
[13:23:03.414]         if (TRUE) {
[13:23:03.414]             ...future.result$stdout <- base::rawToChar(base::rawConnectionValue(...future.stdout))
[13:23:03.414]         }
[13:23:03.414]         else {
[13:23:03.414]             ...future.result["stdout"] <- base::list(NULL)
[13:23:03.414]         }
[13:23:03.414]         base::close(...future.stdout)
[13:23:03.414]         ...future.stdout <- NULL
[13:23:03.414]     }
[13:23:03.414]     ...future.result$conditions <- ...future.conditions
[13:23:03.414]     ...future.result$finished <- base::Sys.time()
[13:23:03.414]     ...future.result
[13:23:03.414] }
[13:23:03.416] plan(): Setting new future strategy stack:
[13:23:03.416] List of future strategies:
[13:23:03.416] 1. sequential:
[13:23:03.416]    - args: function (..., envir = parent.frame())
[13:23:03.416]    - tweaked: FALSE
[13:23:03.416]    - call: NULL
[13:23:03.416] plan(): nbrOfWorkers() = 1
[13:23:03.418] plan(): Setting new future strategy stack:
[13:23:03.418] List of future strategies:
[13:23:03.418] 1. sequential:
[13:23:03.418]    - args: function (..., envir = parent.frame())
[13:23:03.418]    - tweaked: FALSE
[13:23:03.418]    - call: future::plan("sequential")
[13:23:03.418] plan(): nbrOfWorkers() = 1
[13:23:03.418] SequentialFuture started (and completed)
[13:23:03.419] - Launch lazy future ... done
[13:23:03.419] run() for ‘SequentialFuture’ ... done
> 
> f1 <- futureOf("a", envir = x)
> print(f1)
SequentialFuture:
Label: ‘<none>’
Expression:
{
    1
}
Lazy evaluation: FALSE
Asynchronous evaluation: FALSE
Local evaluation: TRUE
Environment: R_GlobalEnv
Capture standard output: TRUE
Capture condition classes: ‘condition’ (excluding ‘nothing’)
Globals: <none>
Packages: <none>
L'Ecuyer-CMRG RNG seed: <none> (seed = FALSE)
Resolved: TRUE
Value: 56 bytes of class ‘numeric’
Early signaling: FALSE
Owner process: 9c3643e2-4bd4-9968-48d3-2c3e8ea6fbe3
Class: ‘SequentialFuture’, ‘UniprocessFuture’, ‘Future’, ‘environment’
> f2 <- futureOf(a, envir = x)
> f3 <- futureOf(x[["a"]])
> f4 <- futureOf(x$a)
> stopifnot(identical(f2, f1), identical(f3, f1), identical(f4, f1))
> 
> ## Identify all futures
> fs <- futureOf(envir = x)
> print(fs)
$a
SequentialFuture:
Label: ‘<none>’
Expression:
{
    1
}
Lazy evaluation: FALSE
Asynchronous evaluation: FALSE
Local evaluation: TRUE
Environment: R_GlobalEnv
Capture standard output: TRUE
Capture condition classes: ‘condition’ (excluding ‘nothing’)
Globals: <none>
Packages: <none>
L'Ecuyer-CMRG RNG seed: <none> (seed = FALSE)
Resolved: TRUE
Value: 56 bytes of class ‘numeric’
Early signaling: FALSE
Owner process: 9c3643e2-4bd4-9968-48d3-2c3e8ea6fbe3
Class: ‘SequentialFuture’, ‘UniprocessFuture’, ‘Future’, ‘environment’

> stopifnot(identical(names(fs), c("a")))
> stopifnot(identical(fs$a, f1))
> 
> fsD <- futureOf(envir = x, drop = TRUE)
> print(fsD)
$a
SequentialFuture:
Label: ‘<none>’
Expression:
{
    1
}
Lazy evaluation: FALSE
Asynchronous evaluation: FALSE
Local evaluation: TRUE
Environment: R_GlobalEnv
Capture standard output: TRUE
Capture condition classes: ‘condition’ (excluding ‘nothing’)
Globals: <none>
Packages: <none>
L'Ecuyer-CMRG RNG seed: <none> (seed = FALSE)
Resolved: TRUE
Value: 56 bytes of class ‘numeric’
Early signaling: FALSE
Owner process: 9c3643e2-4bd4-9968-48d3-2c3e8ea6fbe3
Class: ‘SequentialFuture’, ‘UniprocessFuture’, ‘Future’, ‘environment’

> stopifnot(all(sapply(fsD, FUN = inherits, "Future")))
> stopifnot(identical(fsD, fs))
> 
> message("*** futureOf() with environment - future assignments ... DONE")
*** futureOf() with environment - future assignments ... DONE
> 
> 
> message("*** futureOf() with environment - futures ...")
*** futureOf() with environment - futures ...
> 
> x <- new.env()
> x$a <- future({ 1 })
[13:23:03.422] getGlobalsAndPackages() ...
[13:23:03.422] Searching for globals...
[13:23:03.423] - globals found: [1] ‘{’
[13:23:03.423] Searching for globals ... DONE
[13:23:03.423] Resolving globals: FALSE
[13:23:03.423] 
[13:23:03.424] 
[13:23:03.424] getGlobalsAndPackages() ... DONE
[13:23:03.424] run() for ‘Future’ ...
[13:23:03.424] - state: ‘created’
[13:23:03.424] - Future backend: ‘FutureStrategy’, ‘sequential’, ‘uniprocess’, ‘future’, ‘function’
[13:23:03.424] - Future class: ‘SequentialFuture’, ‘UniprocessFuture’, ‘Future’, ‘environment’
[13:23:03.425] - Copy elements of temporary ‘SequentialFuture’ to final ‘Future’ object ...
[13:23:03.425]   - Field: ‘label’
[13:23:03.425]   - Field: ‘local’
[13:23:03.425]   - Field: ‘owner’
[13:23:03.425]   - Field: ‘envir’
[13:23:03.425]   - Field: ‘packages’
[13:23:03.425]   - Field: ‘gc’
[13:23:03.425]   - Field: ‘conditions’
[13:23:03.425]   - Field: ‘expr’
[13:23:03.425]   - Field: ‘uuid’
[13:23:03.426]   - Field: ‘seed’
[13:23:03.426]   - Field: ‘version’
[13:23:03.426]   - Field: ‘result’
[13:23:03.426]   - Field: ‘asynchronous’
[13:23:03.426]   - Field: ‘calls’
[13:23:03.426]   - Field: ‘globals’
[13:23:03.426]   - Field: ‘stdout’
[13:23:03.426]   - Field: ‘earlySignal’
[13:23:03.426]   - Field: ‘lazy’
[13:23:03.426]   - Field: ‘state’
[13:23:03.426] - Copy elements of temporary ‘SequentialFuture’ to final ‘Future’ object ... done
[13:23:03.427] - Launch lazy future ...
[13:23:03.427] Packages needed by the future expression (n = 0): <none>
[13:23:03.427] Packages needed by future strategies (n = 0): <none>
[13:23:03.427] {
[13:23:03.427]     {
[13:23:03.427]         {
[13:23:03.427]             ...future.startTime <- base::Sys.time()
[13:23:03.427]             {
[13:23:03.427]                 {
[13:23:03.427]                   {
[13:23:03.427]                     base::local({
[13:23:03.427]                       has_future <- base::requireNamespace("future", 
[13:23:03.427]                         quietly = TRUE)
[13:23:03.427]                       if (has_future) {
[13:23:03.427]                         ns <- base::getNamespace("future")
[13:23:03.427]                         version <- ns[[".package"]][["version"]]
[13:23:03.427]                         if (is.null(version)) 
[13:23:03.427]                           version <- utils::packageVersion("future")
[13:23:03.427]                       }
[13:23:03.427]                       else {
[13:23:03.427]                         version <- NULL
[13:23:03.427]                       }
[13:23:03.427]                       if (!has_future || version < "1.8.0") {
[13:23:03.427]                         info <- base::c(r_version = base::gsub("R version ", 
[13:23:03.427]                           "", base::R.version$version.string), 
[13:23:03.427]                           platform = base::sprintf("%s (%s-bit)", 
[13:23:03.427]                             base::R.version$platform, 8 * base::.Machine$sizeof.pointer), 
[13:23:03.427]                           os = base::paste(base::Sys.info()[base::c("sysname", 
[13:23:03.427]                             "release", "version")], collapse = " "), 
[13:23:03.427]                           hostname = base::Sys.info()[["nodename"]])
[13:23:03.427]                         info <- base::sprintf("%s: %s", base::names(info), 
[13:23:03.427]                           info)
[13:23:03.427]                         info <- base::paste(info, collapse = "; ")
[13:23:03.427]                         if (!has_future) {
[13:23:03.427]                           msg <- base::sprintf("Package 'future' is not installed on worker (%s)", 
[13:23:03.427]                             info)
[13:23:03.427]                         }
[13:23:03.427]                         else {
[13:23:03.427]                           msg <- base::sprintf("Package 'future' on worker (%s) must be of version >= 1.8.0: %s", 
[13:23:03.427]                             info, version)
[13:23:03.427]                         }
[13:23:03.427]                         base::stop(msg)
[13:23:03.427]                       }
[13:23:03.427]                     })
[13:23:03.427]                   }
[13:23:03.427]                   options(future.plan = NULL)
[13:23:03.427]                   Sys.unsetenv("R_FUTURE_PLAN")
[13:23:03.427]                   future::plan("default", .cleanup = FALSE, .init = FALSE)
[13:23:03.427]                 }
[13:23:03.427]                 ...future.workdir <- getwd()
[13:23:03.427]             }
[13:23:03.427]             ...future.oldOptions <- base::as.list(base::.Options)
[13:23:03.427]             ...future.oldEnvVars <- base::Sys.getenv()
[13:23:03.427]         }
[13:23:03.427]         base::options(future.startup.script = FALSE, future.globals.onMissing = NULL, 
[13:23:03.427]             future.globals.maxSize = NULL, future.globals.method = NULL, 
[13:23:03.427]             future.globals.onMissing = NULL, future.globals.onReference = NULL, 
[13:23:03.427]             future.globals.resolve = NULL, future.resolve.recursive = NULL, 
[13:23:03.427]             future.rng.onMisuse = NULL, future.rng.onMisuse.keepFuture = NULL, 
[13:23:03.427]             future.stdout.windows.reencode = NULL, width = 80L)
[13:23:03.427]         ...future.futureOptionsAdded <- base::setdiff(base::names(base::.Options), 
[13:23:03.427]             base::names(...future.oldOptions))
[13:23:03.427]     }
[13:23:03.427]     if (FALSE) {
[13:23:03.427]     }
[13:23:03.427]     else {
[13:23:03.427]         if (TRUE) {
[13:23:03.427]             ...future.stdout <- base::rawConnection(base::raw(0L), 
[13:23:03.427]                 open = "w")
[13:23:03.427]         }
[13:23:03.427]         else {
[13:23:03.427]             ...future.stdout <- base::file(base::switch(.Platform$OS.type, 
[13:23:03.427]                 windows = "NUL", "/dev/null"), open = "w")
[13:23:03.427]         }
[13:23:03.427]         base::sink(...future.stdout, type = "output", split = FALSE)
[13:23:03.427]         base::on.exit(if (!base::is.null(...future.stdout)) {
[13:23:03.427]             base::sink(type = "output", split = FALSE)
[13:23:03.427]             base::close(...future.stdout)
[13:23:03.427]         }, add = TRUE)
[13:23:03.427]     }
[13:23:03.427]     ...future.frame <- base::sys.nframe()
[13:23:03.427]     ...future.conditions <- base::list()
[13:23:03.427]     ...future.rng <- base::globalenv()$.Random.seed
[13:23:03.427]     if (FALSE) {
[13:23:03.427]         ...future.globalenv.names <- c(base::names(base::.GlobalEnv), 
[13:23:03.427]             "...future.value", "...future.globalenv.names", ".Random.seed")
[13:23:03.427]     }
[13:23:03.427]     ...future.result <- base::tryCatch({
[13:23:03.427]         base::withCallingHandlers({
[13:23:03.427]             ...future.value <- base::withVisible(base::local({
[13:23:03.427]                 1
[13:23:03.427]             }))
[13:23:03.427]             future::FutureResult(value = ...future.value$value, 
[13:23:03.427]                 visible = ...future.value$visible, rng = !identical(base::globalenv()$.Random.seed, 
[13:23:03.427]                   ...future.rng), globalenv = if (FALSE) 
[13:23:03.427]                   list(added = base::setdiff(base::names(base::.GlobalEnv), 
[13:23:03.427]                     ...future.globalenv.names))
[13:23:03.427]                 else NULL, started = ...future.startTime, version = "1.8")
[13:23:03.427]         }, condition = base::local({
[13:23:03.427]             c <- base::c
[13:23:03.427]             inherits <- base::inherits
[13:23:03.427]             invokeRestart <- base::invokeRestart
[13:23:03.427]             length <- base::length
[13:23:03.427]             list <- base::list
[13:23:03.427]             seq.int <- base::seq.int
[13:23:03.427]             signalCondition <- base::signalCondition
[13:23:03.427]             sys.calls <- base::sys.calls
[13:23:03.427]             `[[` <- base::`[[`
[13:23:03.427]             `+` <- base::`+`
[13:23:03.427]             `<<-` <- base::`<<-`
[13:23:03.427]             sysCalls <- function(calls = sys.calls(), from = 1L) {
[13:23:03.427]                 calls[seq.int(from = from + 12L, to = length(calls) - 
[13:23:03.427]                   3L)]
[13:23:03.427]             }
[13:23:03.427]             function(cond) {
[13:23:03.427]                 is_error <- inherits(cond, "error")
[13:23:03.427]                 ignore <- !is_error && !is.null(NULL) && inherits(cond, 
[13:23:03.427]                   NULL)
[13:23:03.427]                 if (is_error) {
[13:23:03.427]                   sessionInformation <- function() {
[13:23:03.427]                     list(r = base::R.Version(), locale = base::Sys.getlocale(), 
[13:23:03.427]                       rngkind = base::RNGkind(), namespaces = base::loadedNamespaces(), 
[13:23:03.427]                       search = base::search(), system = base::Sys.info())
[13:23:03.427]                   }
[13:23:03.427]                   ...future.conditions[[length(...future.conditions) + 
[13:23:03.427]                     1L]] <<- list(condition = cond, calls = c(sysCalls(from = ...future.frame), 
[13:23:03.427]                     cond$call), session = sessionInformation(), 
[13:23:03.427]                     timestamp = base::Sys.time(), signaled = 0L)
[13:23:03.427]                   signalCondition(cond)
[13:23:03.427]                 }
[13:23:03.427]                 else if (!ignore && TRUE && inherits(cond, c("condition", 
[13:23:03.427]                 "immediateCondition"))) {
[13:23:03.427]                   signal <- TRUE && inherits(cond, "immediateCondition")
[13:23:03.427]                   ...future.conditions[[length(...future.conditions) + 
[13:23:03.427]                     1L]] <<- list(condition = cond, signaled = base::as.integer(signal))
[13:23:03.427]                   if (TRUE && !signal) {
[13:23:03.427]                     muffleCondition <- function (cond, pattern = "^muffle") 
[13:23:03.427]                     {
[13:23:03.427]                       inherits <- base::inherits
[13:23:03.427]                       invokeRestart <- base::invokeRestart
[13:23:03.427]                       is.null <- base::is.null
[13:23:03.427]                       muffled <- FALSE
[13:23:03.427]                       if (inherits(cond, "message")) {
[13:23:03.427]                         muffled <- grepl(pattern, "muffleMessage")
[13:23:03.427]                         if (muffled) 
[13:23:03.427]                           invokeRestart("muffleMessage")
[13:23:03.427]                       }
[13:23:03.427]                       else if (inherits(cond, "warning")) {
[13:23:03.427]                         muffled <- grepl(pattern, "muffleWarning")
[13:23:03.427]                         if (muffled) 
[13:23:03.427]                           invokeRestart("muffleWarning")
[13:23:03.427]                       }
[13:23:03.427]                       else if (inherits(cond, "condition")) {
[13:23:03.427]                         if (!is.null(pattern)) {
[13:23:03.427]                           computeRestarts <- base::computeRestarts
[13:23:03.427]                           grepl <- base::grepl
[13:23:03.427]                           restarts <- computeRestarts(cond)
[13:23:03.427]                           for (restart in restarts) {
[13:23:03.427]                             name <- restart$name
[13:23:03.427]                             if (is.null(name)) 
[13:23:03.427]                               next
[13:23:03.427]                             if (!grepl(pattern, name)) 
[13:23:03.427]                               next
[13:23:03.427]                             invokeRestart(restart)
[13:23:03.427]                             muffled <- TRUE
[13:23:03.427]                             break
[13:23:03.427]                           }
[13:23:03.427]                         }
[13:23:03.427]                       }
[13:23:03.427]                       invisible(muffled)
[13:23:03.427]                     }
[13:23:03.427]                     muffleCondition(cond, pattern = "^muffle")
[13:23:03.427]                   }
[13:23:03.427]                 }
[13:23:03.427]                 else {
[13:23:03.427]                   if (TRUE) {
[13:23:03.427]                     muffleCondition <- function (cond, pattern = "^muffle") 
[13:23:03.427]                     {
[13:23:03.427]                       inherits <- base::inherits
[13:23:03.427]                       invokeRestart <- base::invokeRestart
[13:23:03.427]                       is.null <- base::is.null
[13:23:03.427]                       muffled <- FALSE
[13:23:03.427]                       if (inherits(cond, "message")) {
[13:23:03.427]                         muffled <- grepl(pattern, "muffleMessage")
[13:23:03.427]                         if (muffled) 
[13:23:03.427]                           invokeRestart("muffleMessage")
[13:23:03.427]                       }
[13:23:03.427]                       else if (inherits(cond, "warning")) {
[13:23:03.427]                         muffled <- grepl(pattern, "muffleWarning")
[13:23:03.427]                         if (muffled) 
[13:23:03.427]                           invokeRestart("muffleWarning")
[13:23:03.427]                       }
[13:23:03.427]                       else if (inherits(cond, "condition")) {
[13:23:03.427]                         if (!is.null(pattern)) {
[13:23:03.427]                           computeRestarts <- base::computeRestarts
[13:23:03.427]                           grepl <- base::grepl
[13:23:03.427]                           restarts <- computeRestarts(cond)
[13:23:03.427]                           for (restart in restarts) {
[13:23:03.427]                             name <- restart$name
[13:23:03.427]                             if (is.null(name)) 
[13:23:03.427]                               next
[13:23:03.427]                             if (!grepl(pattern, name)) 
[13:23:03.427]                               next
[13:23:03.427]                             invokeRestart(restart)
[13:23:03.427]                             muffled <- TRUE
[13:23:03.427]                             break
[13:23:03.427]                           }
[13:23:03.427]                         }
[13:23:03.427]                       }
[13:23:03.427]                       invisible(muffled)
[13:23:03.427]                     }
[13:23:03.427]                     muffleCondition(cond, pattern = "^muffle")
[13:23:03.427]                   }
[13:23:03.427]                 }
[13:23:03.427]             }
[13:23:03.427]         }))
[13:23:03.427]     }, error = function(ex) {
[13:23:03.427]         base::structure(base::list(value = NULL, visible = NULL, 
[13:23:03.427]             conditions = ...future.conditions, rng = !identical(base::globalenv()$.Random.seed, 
[13:23:03.427]                 ...future.rng), started = ...future.startTime, 
[13:23:03.427]             finished = Sys.time(), session_uuid = NA_character_, 
[13:23:03.427]             version = "1.8"), class = "FutureResult")
[13:23:03.427]     }, finally = {
[13:23:03.427]         if (!identical(...future.workdir, getwd())) 
[13:23:03.427]             setwd(...future.workdir)
[13:23:03.427]         {
[13:23:03.427]             if (identical(getOption("nwarnings"), ...future.oldOptions$nwarnings)) {
[13:23:03.427]                 ...future.oldOptions$nwarnings <- NULL
[13:23:03.427]             }
[13:23:03.427]             base::options(...future.oldOptions)
[13:23:03.427]             if (.Platform$OS.type == "windows") {
[13:23:03.427]                 old_names <- names(...future.oldEnvVars)
[13:23:03.427]                 envs <- base::Sys.getenv()
[13:23:03.427]                 names <- names(envs)
[13:23:03.427]                 common <- intersect(names, old_names)
[13:23:03.427]                 added <- setdiff(names, old_names)
[13:23:03.427]                 removed <- setdiff(old_names, names)
[13:23:03.427]                 changed <- common[...future.oldEnvVars[common] != 
[13:23:03.427]                   envs[common]]
[13:23:03.427]                 NAMES <- toupper(changed)
[13:23:03.427]                 args <- list()
[13:23:03.427]                 for (kk in seq_along(NAMES)) {
[13:23:03.427]                   name <- changed[[kk]]
[13:23:03.427]                   NAME <- NAMES[[kk]]
[13:23:03.427]                   if (name != NAME && is.element(NAME, old_names)) 
[13:23:03.427]                     next
[13:23:03.427]                   args[[name]] <- ...future.oldEnvVars[[name]]
[13:23:03.427]                 }
[13:23:03.427]                 NAMES <- toupper(added)
[13:23:03.427]                 for (kk in seq_along(NAMES)) {
[13:23:03.427]                   name <- added[[kk]]
[13:23:03.427]                   NAME <- NAMES[[kk]]
[13:23:03.427]                   if (name != NAME && is.element(NAME, old_names)) 
[13:23:03.427]                     next
[13:23:03.427]                   args[[name]] <- ""
[13:23:03.427]                 }
[13:23:03.427]                 NAMES <- toupper(removed)
[13:23:03.427]                 for (kk in seq_along(NAMES)) {
[13:23:03.427]                   name <- removed[[kk]]
[13:23:03.427]                   NAME <- NAMES[[kk]]
[13:23:03.427]                   if (name != NAME && is.element(NAME, old_names)) 
[13:23:03.427]                     next
[13:23:03.427]                   args[[name]] <- ...future.oldEnvVars[[name]]
[13:23:03.427]                 }
[13:23:03.427]                 if (length(args) > 0) 
[13:23:03.427]                   base::do.call(base::Sys.setenv, args = args)
[13:23:03.427]                 args <- names <- old_names <- NAMES <- envs <- common <- added <- removed <- NULL
[13:23:03.427]             }
[13:23:03.427]             else {
[13:23:03.427]                 base::do.call(base::Sys.setenv, args = base::as.list(...future.oldEnvVars))
[13:23:03.427]             }
[13:23:03.427]             {
[13:23:03.427]                 if (base::length(...future.futureOptionsAdded) > 
[13:23:03.427]                   0L) {
[13:23:03.427]                   opts <- base::vector("list", length = base::length(...future.futureOptionsAdded))
[13:23:03.427]                   base::names(opts) <- ...future.futureOptionsAdded
[13:23:03.427]                   base::options(opts)
[13:23:03.427]                 }
[13:23:03.427]                 {
[13:23:03.427]                   {
[13:23:03.427]                     NULL
[13:23:03.427]                     RNGkind("Mersenne-Twister")
[13:23:03.427]                     base::rm(list = ".Random.seed", envir = base::globalenv(), 
[13:23:03.427]                       inherits = FALSE)
[13:23:03.427]                   }
[13:23:03.427]                   options(future.plan = NULL)
[13:23:03.427]                   if (is.na(NA_character_)) 
[13:23:03.427]                     Sys.unsetenv("R_FUTURE_PLAN")
[13:23:03.427]                   else Sys.setenv(R_FUTURE_PLAN = NA_character_)
[13:23:03.427]                   future::plan(list(function (..., envir = parent.frame()) 
[13:23:03.427]                   {
[13:23:03.427]                     future <- SequentialFuture(..., envir = envir)
[13:23:03.427]                     if (!future$lazy) 
[13:23:03.427]                       future <- run(future)
[13:23:03.427]                     invisible(future)
[13:23:03.427]                   }), .cleanup = FALSE, .init = FALSE)
[13:23:03.427]                 }
[13:23:03.427]             }
[13:23:03.427]         }
[13:23:03.427]     })
[13:23:03.427]     if (TRUE) {
[13:23:03.427]         base::sink(type = "output", split = FALSE)
[13:23:03.427]         if (TRUE) {
[13:23:03.427]             ...future.result$stdout <- base::rawToChar(base::rawConnectionValue(...future.stdout))
[13:23:03.427]         }
[13:23:03.427]         else {
[13:23:03.427]             ...future.result["stdout"] <- base::list(NULL)
[13:23:03.427]         }
[13:23:03.427]         base::close(...future.stdout)
[13:23:03.427]         ...future.stdout <- NULL
[13:23:03.427]     }
[13:23:03.427]     ...future.result$conditions <- ...future.conditions
[13:23:03.427]     ...future.result$finished <- base::Sys.time()
[13:23:03.427]     ...future.result
[13:23:03.427] }
[13:23:03.429] plan(): Setting new future strategy stack:
[13:23:03.429] List of future strategies:
[13:23:03.429] 1. sequential:
[13:23:03.429]    - args: function (..., envir = parent.frame())
[13:23:03.429]    - tweaked: FALSE
[13:23:03.429]    - call: NULL
[13:23:03.430] plan(): nbrOfWorkers() = 1
[13:23:03.430] plan(): Setting new future strategy stack:
[13:23:03.430] List of future strategies:
[13:23:03.430] 1. sequential:
[13:23:03.430]    - args: function (..., envir = parent.frame())
[13:23:03.430]    - tweaked: FALSE
[13:23:03.430]    - call: future::plan("sequential")
[13:23:03.431] plan(): nbrOfWorkers() = 1
[13:23:03.431] SequentialFuture started (and completed)
[13:23:03.431] - Launch lazy future ... done
[13:23:03.431] run() for ‘SequentialFuture’ ... done
> 
> f1 <- futureOf("a", envir = x)
> print(f1)
SequentialFuture:
Label: ‘<none>’
Expression:
{
    1
}
Lazy evaluation: FALSE
Asynchronous evaluation: FALSE
Local evaluation: TRUE
Environment: R_GlobalEnv
Capture standard output: TRUE
Capture condition classes: ‘condition’ (excluding ‘nothing’)
Globals: <none>
Packages: <none>
L'Ecuyer-CMRG RNG seed: <none> (seed = FALSE)
Resolved: TRUE
Value: 56 bytes of class ‘numeric’
Early signaling: FALSE
Owner process: 9c3643e2-4bd4-9968-48d3-2c3e8ea6fbe3
Class: ‘SequentialFuture’, ‘UniprocessFuture’, ‘Future’, ‘environment’
> stopifnot(identical(f1, x$a))
> f2 <- futureOf(a, envir = x)
> stopifnot(identical(f2, x$a))
> f3 <- futureOf(x[["a"]])
> stopifnot(identical(f3, x$a))
> f4 <- futureOf(x$a)
> stopifnot(identical(f4, x$a))
> 
> ## Identify all futures
> fs <- futureOf(envir = x)
> print(fs)
$a
SequentialFuture:
Label: ‘<none>’
Expression:
{
    1
}
Lazy evaluation: FALSE
Asynchronous evaluation: FALSE
Local evaluation: TRUE
Environment: R_GlobalEnv
Capture standard output: TRUE
Capture condition classes: ‘condition’ (excluding ‘nothing’)
Globals: <none>
Packages: <none>
L'Ecuyer-CMRG RNG seed: <none> (seed = FALSE)
Resolved: TRUE
Value: 56 bytes of class ‘numeric’
Early signaling: FALSE
Owner process: 9c3643e2-4bd4-9968-48d3-2c3e8ea6fbe3
Class: ‘SequentialFuture’, ‘UniprocessFuture’, ‘Future’, ‘environment’

> stopifnot(identical(names(fs), c("a")))
> stopifnot(identical(fs$a, f1))
> 
> fsD <- futureOf(envir = x, drop = TRUE)
> print(fsD)
$a
SequentialFuture:
Label: ‘<none>’
Expression:
{
    1
}
Lazy evaluation: FALSE
Asynchronous evaluation: FALSE
Local evaluation: TRUE
Environment: R_GlobalEnv
Capture standard output: TRUE
Capture condition classes: ‘condition’ (excluding ‘nothing’)
Globals: <none>
Packages: <none>
L'Ecuyer-CMRG RNG seed: <none> (seed = FALSE)
Resolved: TRUE
Value: 56 bytes of class ‘numeric’
Early signaling: FALSE
Owner process: 9c3643e2-4bd4-9968-48d3-2c3e8ea6fbe3
Class: ‘SequentialFuture’, ‘UniprocessFuture’, ‘Future’, ‘environment’

> stopifnot(all(sapply(fsD, FUN = inherits, "Future")))
> stopifnot(identical(fsD, fs))
> 
> message("*** futureOf() with environment - futures ... DONE")
*** futureOf() with environment - futures ... DONE
> 
> 
> message("*** futureOf() with environment - exceptions ...")
*** futureOf() with environment - exceptions ...
> 
> ## Invalid subset
> res <- tryCatch(futureOf(x[[0]], mustExist = FALSE), error = identity)
> stopifnot(inherits(res, "error"))
> 
> res <- tryCatch(futureOf(x[[0]], mustExist = TRUE), error = identity)
> stopifnot(inherits(res, "error"))
> 
> res <- tryCatch(futureOf(x[[10]], mustExist = TRUE), error = identity)
> stopifnot(inherits(res, "error"))
> 
> res <- tryCatch(futureOf(x[[1 + 2i]], mustExist = TRUE), error = identity)
> stopifnot(inherits(res, "error"))
> 
> message("*** futureOf() with environment - exceptions ... DONE")
*** futureOf() with environment - exceptions ... DONE
> 
> message("*** futureOf() with environment ... DONE")
*** futureOf() with environment ... DONE
> 
> source("incl/end.R")
[13:23:03.435] plan(): Setting new future strategy stack:
[13:23:03.435] List of future strategies:
[13:23:03.435] 1. FutureStrategy:
[13:23:03.435]    - args: function (..., envir = parent.frame())
[13:23:03.435]    - tweaked: FALSE
[13:23:03.435]    - call: future::plan(oplan)
[13:23:03.450] plan(): nbrOfWorkers() = 1
> 
