
R version 4.3.2 (2023-10-31) -- "Eye Holes"
Copyright (C) 2023 The R Foundation for Statistical Computing
Platform: x86_64-pc-linux-gnu (64-bit)

R is free software and comes with ABSOLUTELY NO WARRANTY.
You are welcome to redistribute it under certain conditions.
Type 'license()' or 'licence()' for distribution details.

R is a collaborative project with many contributors.
Type 'contributors()' for more information and
'citation()' on how to cite R or R packages in publications.

Type 'demo()' for some demos, 'help()' for on-line help, or
'help.start()' for an HTML browser interface to help.
Type 'q()' to quit R.

> source("incl/start.R")
[10:26:49.920] plan(): Setting new future strategy stack:
[10:26:49.921] List of future strategies:
[10:26:49.921] 1. sequential:
[10:26:49.921]    - args: function (..., envir = parent.frame())
[10:26:49.921]    - tweaked: FALSE
[10:26:49.921]    - call: future::plan("sequential")
[10:26:49.936] plan(): nbrOfWorkers() = 1
> 
> message("*** requestCore() ...")
*** requestCore() ...
> 
> message("*** requestCore() - exceptions ...")
*** requestCore() - exceptions ...
> 
> ## There are no cores to choose from
> res <- try(requestCore(function() {}, workers = 0), silent = TRUE)
> stopifnot(inherits(res, "try-error"))
> 
> res <- try(requestCore(function() {}, timeout = -1.0), silent = TRUE)
> stopifnot(inherits(res, "try-error"))
> 
> res <- try(requestCore(function() {}, alpha = 0.0), silent = TRUE)
> stopifnot(inherits(res, "try-error"))
> 
> message("*** requestCore() - exceptions ... DONE")
*** requestCore() - exceptions ... DONE
> 
> 
> if (supportsMulticore()) {
+   message("*** requestCore() - timeout ...")
+   
+   plan(multicore, workers = 2L)
+   a %<-% { Sys.sleep(2); 1 }
+   
+   ## Fake single-worker multicore by using workers = 1L
+   res <- try(requestCore(function() {}, workers = 1L, timeout = 0.5, delta = 0.1))
+   stopifnot(inherits(res, "try-error"))
+   stopifnot(a == 1)
+   
+   message("*** requestCore() - timeout ... DONE")
+ }
*** requestCore() - timeout ...
[10:26:49.962] plan(): Setting new future strategy stack:
[10:26:49.962] List of future strategies:
[10:26:49.962] 1. multicore:
[10:26:49.962]    - args: function (..., workers = 2L, envir = parent.frame())
[10:26:49.962]    - tweaked: TRUE
[10:26:49.962]    - call: plan(multicore, workers = 2L)
[10:26:49.973] plan(): nbrOfWorkers() = 2
[10:26:49.975] getGlobalsAndPackages() ...
[10:26:49.975] Searching for globals...
[10:26:49.982] - globals found: [2] ‘{’, ‘Sys.sleep’
[10:26:49.982] Searching for globals ... DONE
[10:26:49.982] Resolving globals: FALSE
[10:26:49.983] 
[10:26:49.983] 
[10:26:49.983] getGlobalsAndPackages() ... DONE
[10:26:49.984] run() for ‘Future’ ...
[10:26:49.984] - state: ‘created’
[10:26:49.984] - Future backend: ‘FutureStrategy’, ‘tweaked’, ‘multicore’, ‘multiprocess’, ‘future’, ‘function’
[10:26:49.984] - Future class: ‘MulticoreFuture’, ‘MultiprocessFuture’, ‘Future’, ‘environment’
[10:26:49.984] - Copy elements of temporary ‘MulticoreFuture’ to final ‘Future’ object ...
[10:26:49.985]   - Field: ‘label’
[10:26:49.985]   - Field: ‘local’
[10:26:49.985]   - Field: ‘owner’
[10:26:49.985]   - Field: ‘envir’
[10:26:49.985]   - Field: ‘workers’
[10:26:49.985]   - Field: ‘packages’
[10:26:49.985]   - Field: ‘gc’
[10:26:49.985]   - Field: ‘job’
[10:26:49.985]   - Field: ‘conditions’
[10:26:49.986]   - Field: ‘expr’
[10:26:49.986]   - Field: ‘uuid’
[10:26:49.986]   - Field: ‘seed’
[10:26:49.986]   - Field: ‘version’
[10:26:49.986]   - Field: ‘result’
[10:26:49.986]   - Field: ‘asynchronous’
[10:26:49.986]   - Field: ‘calls’
[10:26:49.986]   - Field: ‘globals’
[10:26:49.986]   - Field: ‘stdout’
[10:26:49.986]   - Field: ‘earlySignal’
[10:26:49.986]   - Field: ‘lazy’
[10:26:49.987]   - Field: ‘state’
[10:26:49.987] - Copy elements of temporary ‘MulticoreFuture’ to final ‘Future’ object ... done
[10:26:49.987] - Launch lazy future ...
[10:26:49.991] Packages needed by the future expression (n = 0): <none>
[10:26:49.991] Packages needed by future strategies (n = 0): <none>
[10:26:49.992] {
[10:26:49.992]     {
[10:26:49.992]         {
[10:26:49.992]             ...future.startTime <- base::Sys.time()
[10:26:49.992]             {
[10:26:49.992]                 {
[10:26:49.992]                   {
[10:26:49.992]                     {
[10:26:49.992]                       base::local({
[10:26:49.992]                         has_future <- base::requireNamespace("future", 
[10:26:49.992]                           quietly = TRUE)
[10:26:49.992]                         if (has_future) {
[10:26:49.992]                           ns <- base::getNamespace("future")
[10:26:49.992]                           version <- ns[[".package"]][["version"]]
[10:26:49.992]                           if (is.null(version)) 
[10:26:49.992]                             version <- utils::packageVersion("future")
[10:26:49.992]                         }
[10:26:49.992]                         else {
[10:26:49.992]                           version <- NULL
[10:26:49.992]                         }
[10:26:49.992]                         if (!has_future || version < "1.8.0") {
[10:26:49.992]                           info <- base::c(r_version = base::gsub("R version ", 
[10:26:49.992]                             "", base::R.version$version.string), 
[10:26:49.992]                             platform = base::sprintf("%s (%s-bit)", 
[10:26:49.992]                               base::R.version$platform, 8 * base::.Machine$sizeof.pointer), 
[10:26:49.992]                             os = base::paste(base::Sys.info()[base::c("sysname", 
[10:26:49.992]                               "release", "version")], collapse = " "), 
[10:26:49.992]                             hostname = base::Sys.info()[["nodename"]])
[10:26:49.992]                           info <- base::sprintf("%s: %s", base::names(info), 
[10:26:49.992]                             info)
[10:26:49.992]                           info <- base::paste(info, collapse = "; ")
[10:26:49.992]                           if (!has_future) {
[10:26:49.992]                             msg <- base::sprintf("Package 'future' is not installed on worker (%s)", 
[10:26:49.992]                               info)
[10:26:49.992]                           }
[10:26:49.992]                           else {
[10:26:49.992]                             msg <- base::sprintf("Package 'future' on worker (%s) must be of version >= 1.8.0: %s", 
[10:26:49.992]                               info, version)
[10:26:49.992]                           }
[10:26:49.992]                           base::stop(msg)
[10:26:49.992]                         }
[10:26:49.992]                       })
[10:26:49.992]                     }
[10:26:49.992]                     ...future.mc.cores.old <- base::getOption("mc.cores")
[10:26:49.992]                     base::options(mc.cores = 1L)
[10:26:49.992]                   }
[10:26:49.992]                   options(future.plan = NULL)
[10:26:49.992]                   Sys.unsetenv("R_FUTURE_PLAN")
[10:26:49.992]                   future::plan("default", .cleanup = FALSE, .init = FALSE)
[10:26:49.992]                 }
[10:26:49.992]                 ...future.workdir <- getwd()
[10:26:49.992]             }
[10:26:49.992]             ...future.oldOptions <- base::as.list(base::.Options)
[10:26:49.992]             ...future.oldEnvVars <- base::Sys.getenv()
[10:26:49.992]         }
[10:26:49.992]         base::options(future.startup.script = FALSE, future.globals.onMissing = NULL, 
[10:26:49.992]             future.globals.maxSize = NULL, future.globals.method = NULL, 
[10:26:49.992]             future.globals.onMissing = NULL, future.globals.onReference = NULL, 
[10:26:49.992]             future.globals.resolve = NULL, future.resolve.recursive = NULL, 
[10:26:49.992]             future.rng.onMisuse = NULL, future.rng.onMisuse.keepFuture = NULL, 
[10:26:49.992]             future.stdout.windows.reencode = NULL, width = 80L)
[10:26:49.992]         ...future.futureOptionsAdded <- base::setdiff(base::names(base::.Options), 
[10:26:49.992]             base::names(...future.oldOptions))
[10:26:49.992]     }
[10:26:49.992]     if (FALSE) {
[10:26:49.992]     }
[10:26:49.992]     else {
[10:26:49.992]         if (TRUE) {
[10:26:49.992]             ...future.stdout <- base::rawConnection(base::raw(0L), 
[10:26:49.992]                 open = "w")
[10:26:49.992]         }
[10:26:49.992]         else {
[10:26:49.992]             ...future.stdout <- base::file(base::switch(.Platform$OS.type, 
[10:26:49.992]                 windows = "NUL", "/dev/null"), open = "w")
[10:26:49.992]         }
[10:26:49.992]         base::sink(...future.stdout, type = "output", split = FALSE)
[10:26:49.992]         base::on.exit(if (!base::is.null(...future.stdout)) {
[10:26:49.992]             base::sink(type = "output", split = FALSE)
[10:26:49.992]             base::close(...future.stdout)
[10:26:49.992]         }, add = TRUE)
[10:26:49.992]     }
[10:26:49.992]     ...future.frame <- base::sys.nframe()
[10:26:49.992]     ...future.conditions <- base::list()
[10:26:49.992]     ...future.rng <- base::globalenv()$.Random.seed
[10:26:49.992]     if (FALSE) {
[10:26:49.992]         ...future.globalenv.names <- c(base::names(base::.GlobalEnv), 
[10:26:49.992]             "...future.value", "...future.globalenv.names", ".Random.seed")
[10:26:49.992]     }
[10:26:49.992]     ...future.result <- base::tryCatch({
[10:26:49.992]         base::withCallingHandlers({
[10:26:49.992]             ...future.value <- base::withVisible(base::local({
[10:26:49.992]                 withCallingHandlers({
[10:26:49.992]                   {
[10:26:49.992]                     Sys.sleep(2)
[10:26:49.992]                     1
[10:26:49.992]                   }
[10:26:49.992]                 }, immediateCondition = function(cond) {
[10:26:49.992]                   save_rds <- function (object, pathname, ...) 
[10:26:49.992]                   {
[10:26:49.992]                     pathname_tmp <- sprintf("%s.tmp", pathname)
[10:26:49.992]                     if (file_test("-f", pathname_tmp)) {
[10:26:49.992]                       fi_tmp <- file.info(pathname_tmp)
[10:26:49.992]                       stopf("Cannot save RDS file because a temporary save file already exists: %s (%0.f bytes; last modified on %s)", 
[10:26:49.992]                         sQuote(pathname_tmp), fi_tmp[["size"]], 
[10:26:49.992]                         fi_tmp[["mtime"]])
[10:26:49.992]                     }
[10:26:49.992]                     tryCatch({
[10:26:49.992]                       saveRDS(object, file = pathname_tmp, ...)
[10:26:49.992]                     }, error = function(ex) {
[10:26:49.992]                       msg <- conditionMessage(ex)
[10:26:49.992]                       fi_tmp <- file.info(pathname_tmp)
[10:26:49.992]                       msg <- sprintf("saveRDS() failed to save to temporary file %s (%.0f bytes; last modified on %s). The reason was: %s", 
[10:26:49.992]                         sQuote(pathname_tmp), fi_tmp[["size"]], 
[10:26:49.992]                         fi_tmp[["mtime"]], msg)
[10:26:49.992]                       ex$message <- msg
[10:26:49.992]                       stop(ex)
[10:26:49.992]                     })
[10:26:49.992]                     stopifnot(file_test("-f", pathname_tmp))
[10:26:49.992]                     res <- file.rename(from = pathname_tmp, to = pathname)
[10:26:49.992]                     if (!res || file_test("-f", pathname_tmp)) {
[10:26:49.992]                       fi_tmp <- file.info(pathname_tmp)
[10:26:49.992]                       fi <- file.info(pathname)
[10:26:49.992]                       msg <- sprintf("save_rds() failed to rename temporary save file %s (%0.f bytes; last modified on %s) to %s (%0.f bytes; last modified on %s)", 
[10:26:49.992]                         sQuote(pathname_tmp), fi_tmp[["size"]], 
[10:26:49.992]                         fi_tmp[["mtime"]], sQuote(pathname), 
[10:26:49.992]                         fi[["size"]], fi[["mtime"]])
[10:26:49.992]                       stop(msg)
[10:26:49.992]                     }
[10:26:49.992]                     invisible(pathname)
[10:26:49.992]                   }
[10:26:49.992]                   saveImmediateCondition <- function (cond, path = immediateConditionsPath(rootPath = rootPath), 
[10:26:49.992]                     rootPath = tempdir()) 
[10:26:49.992]                   {
[10:26:49.992]                     obj <- list(time = Sys.time(), condition = cond)
[10:26:49.992]                     file <- tempfile(pattern = class(cond)[1], 
[10:26:49.992]                       tmpdir = path, fileext = ".rds")
[10:26:49.992]                     save_rds(obj, file)
[10:26:49.992]                   }
[10:26:49.992]                   saveImmediateCondition(cond, path = "/tmp/RtmpitkxyQ/.future/immediateConditions")
[10:26:49.992]                   muffleCondition <- function (cond, pattern = "^muffle") 
[10:26:49.992]                   {
[10:26:49.992]                     inherits <- base::inherits
[10:26:49.992]                     invokeRestart <- base::invokeRestart
[10:26:49.992]                     is.null <- base::is.null
[10:26:49.992]                     muffled <- FALSE
[10:26:49.992]                     if (inherits(cond, "message")) {
[10:26:49.992]                       muffled <- grepl(pattern, "muffleMessage")
[10:26:49.992]                       if (muffled) 
[10:26:49.992]                         invokeRestart("muffleMessage")
[10:26:49.992]                     }
[10:26:49.992]                     else if (inherits(cond, "warning")) {
[10:26:49.992]                       muffled <- grepl(pattern, "muffleWarning")
[10:26:49.992]                       if (muffled) 
[10:26:49.992]                         invokeRestart("muffleWarning")
[10:26:49.992]                     }
[10:26:49.992]                     else if (inherits(cond, "condition")) {
[10:26:49.992]                       if (!is.null(pattern)) {
[10:26:49.992]                         computeRestarts <- base::computeRestarts
[10:26:49.992]                         grepl <- base::grepl
[10:26:49.992]                         restarts <- computeRestarts(cond)
[10:26:49.992]                         for (restart in restarts) {
[10:26:49.992]                           name <- restart$name
[10:26:49.992]                           if (is.null(name)) 
[10:26:49.992]                             next
[10:26:49.992]                           if (!grepl(pattern, name)) 
[10:26:49.992]                             next
[10:26:49.992]                           invokeRestart(restart)
[10:26:49.992]                           muffled <- TRUE
[10:26:49.992]                           break
[10:26:49.992]                         }
[10:26:49.992]                       }
[10:26:49.992]                     }
[10:26:49.992]                     invisible(muffled)
[10:26:49.992]                   }
[10:26:49.992]                   muffleCondition(cond)
[10:26:49.992]                 })
[10:26:49.992]             }))
[10:26:49.992]             future::FutureResult(value = ...future.value$value, 
[10:26:49.992]                 visible = ...future.value$visible, rng = !identical(base::globalenv()$.Random.seed, 
[10:26:49.992]                   ...future.rng), globalenv = if (FALSE) 
[10:26:49.992]                   list(added = base::setdiff(base::names(base::.GlobalEnv), 
[10:26:49.992]                     ...future.globalenv.names))
[10:26:49.992]                 else NULL, started = ...future.startTime, version = "1.8")
[10:26:49.992]         }, condition = base::local({
[10:26:49.992]             c <- base::c
[10:26:49.992]             inherits <- base::inherits
[10:26:49.992]             invokeRestart <- base::invokeRestart
[10:26:49.992]             length <- base::length
[10:26:49.992]             list <- base::list
[10:26:49.992]             seq.int <- base::seq.int
[10:26:49.992]             signalCondition <- base::signalCondition
[10:26:49.992]             sys.calls <- base::sys.calls
[10:26:49.992]             `[[` <- base::`[[`
[10:26:49.992]             `+` <- base::`+`
[10:26:49.992]             `<<-` <- base::`<<-`
[10:26:49.992]             sysCalls <- function(calls = sys.calls(), from = 1L) {
[10:26:49.992]                 calls[seq.int(from = from + 12L, to = length(calls) - 
[10:26:49.992]                   3L)]
[10:26:49.992]             }
[10:26:49.992]             function(cond) {
[10:26:49.992]                 is_error <- inherits(cond, "error")
[10:26:49.992]                 ignore <- !is_error && !is.null(NULL) && inherits(cond, 
[10:26:49.992]                   NULL)
[10:26:49.992]                 if (is_error) {
[10:26:49.992]                   sessionInformation <- function() {
[10:26:49.992]                     list(r = base::R.Version(), locale = base::Sys.getlocale(), 
[10:26:49.992]                       rngkind = base::RNGkind(), namespaces = base::loadedNamespaces(), 
[10:26:49.992]                       search = base::search(), system = base::Sys.info())
[10:26:49.992]                   }
[10:26:49.992]                   ...future.conditions[[length(...future.conditions) + 
[10:26:49.992]                     1L]] <<- list(condition = cond, calls = c(sysCalls(from = ...future.frame), 
[10:26:49.992]                     cond$call), session = sessionInformation(), 
[10:26:49.992]                     timestamp = base::Sys.time(), signaled = 0L)
[10:26:49.992]                   signalCondition(cond)
[10:26:49.992]                 }
[10:26:49.992]                 else if (!ignore && TRUE && inherits(cond, c("condition", 
[10:26:49.992]                 "immediateCondition"))) {
[10:26:49.992]                   signal <- TRUE && inherits(cond, "immediateCondition")
[10:26:49.992]                   ...future.conditions[[length(...future.conditions) + 
[10:26:49.992]                     1L]] <<- list(condition = cond, signaled = base::as.integer(signal))
[10:26:49.992]                   if (TRUE && !signal) {
[10:26:49.992]                     muffleCondition <- function (cond, pattern = "^muffle") 
[10:26:49.992]                     {
[10:26:49.992]                       inherits <- base::inherits
[10:26:49.992]                       invokeRestart <- base::invokeRestart
[10:26:49.992]                       is.null <- base::is.null
[10:26:49.992]                       muffled <- FALSE
[10:26:49.992]                       if (inherits(cond, "message")) {
[10:26:49.992]                         muffled <- grepl(pattern, "muffleMessage")
[10:26:49.992]                         if (muffled) 
[10:26:49.992]                           invokeRestart("muffleMessage")
[10:26:49.992]                       }
[10:26:49.992]                       else if (inherits(cond, "warning")) {
[10:26:49.992]                         muffled <- grepl(pattern, "muffleWarning")
[10:26:49.992]                         if (muffled) 
[10:26:49.992]                           invokeRestart("muffleWarning")
[10:26:49.992]                       }
[10:26:49.992]                       else if (inherits(cond, "condition")) {
[10:26:49.992]                         if (!is.null(pattern)) {
[10:26:49.992]                           computeRestarts <- base::computeRestarts
[10:26:49.992]                           grepl <- base::grepl
[10:26:49.992]                           restarts <- computeRestarts(cond)
[10:26:49.992]                           for (restart in restarts) {
[10:26:49.992]                             name <- restart$name
[10:26:49.992]                             if (is.null(name)) 
[10:26:49.992]                               next
[10:26:49.992]                             if (!grepl(pattern, name)) 
[10:26:49.992]                               next
[10:26:49.992]                             invokeRestart(restart)
[10:26:49.992]                             muffled <- TRUE
[10:26:49.992]                             break
[10:26:49.992]                           }
[10:26:49.992]                         }
[10:26:49.992]                       }
[10:26:49.992]                       invisible(muffled)
[10:26:49.992]                     }
[10:26:49.992]                     muffleCondition(cond, pattern = "^muffle")
[10:26:49.992]                   }
[10:26:49.992]                 }
[10:26:49.992]                 else {
[10:26:49.992]                   if (TRUE) {
[10:26:49.992]                     muffleCondition <- function (cond, pattern = "^muffle") 
[10:26:49.992]                     {
[10:26:49.992]                       inherits <- base::inherits
[10:26:49.992]                       invokeRestart <- base::invokeRestart
[10:26:49.992]                       is.null <- base::is.null
[10:26:49.992]                       muffled <- FALSE
[10:26:49.992]                       if (inherits(cond, "message")) {
[10:26:49.992]                         muffled <- grepl(pattern, "muffleMessage")
[10:26:49.992]                         if (muffled) 
[10:26:49.992]                           invokeRestart("muffleMessage")
[10:26:49.992]                       }
[10:26:49.992]                       else if (inherits(cond, "warning")) {
[10:26:49.992]                         muffled <- grepl(pattern, "muffleWarning")
[10:26:49.992]                         if (muffled) 
[10:26:49.992]                           invokeRestart("muffleWarning")
[10:26:49.992]                       }
[10:26:49.992]                       else if (inherits(cond, "condition")) {
[10:26:49.992]                         if (!is.null(pattern)) {
[10:26:49.992]                           computeRestarts <- base::computeRestarts
[10:26:49.992]                           grepl <- base::grepl
[10:26:49.992]                           restarts <- computeRestarts(cond)
[10:26:49.992]                           for (restart in restarts) {
[10:26:49.992]                             name <- restart$name
[10:26:49.992]                             if (is.null(name)) 
[10:26:49.992]                               next
[10:26:49.992]                             if (!grepl(pattern, name)) 
[10:26:49.992]                               next
[10:26:49.992]                             invokeRestart(restart)
[10:26:49.992]                             muffled <- TRUE
[10:26:49.992]                             break
[10:26:49.992]                           }
[10:26:49.992]                         }
[10:26:49.992]                       }
[10:26:49.992]                       invisible(muffled)
[10:26:49.992]                     }
[10:26:49.992]                     muffleCondition(cond, pattern = "^muffle")
[10:26:49.992]                   }
[10:26:49.992]                 }
[10:26:49.992]             }
[10:26:49.992]         }))
[10:26:49.992]     }, error = function(ex) {
[10:26:49.992]         base::structure(base::list(value = NULL, visible = NULL, 
[10:26:49.992]             conditions = ...future.conditions, rng = !identical(base::globalenv()$.Random.seed, 
[10:26:49.992]                 ...future.rng), started = ...future.startTime, 
[10:26:49.992]             finished = Sys.time(), session_uuid = NA_character_, 
[10:26:49.992]             version = "1.8"), class = "FutureResult")
[10:26:49.992]     }, finally = {
[10:26:49.992]         if (!identical(...future.workdir, getwd())) 
[10:26:49.992]             setwd(...future.workdir)
[10:26:49.992]         {
[10:26:49.992]             if (identical(getOption("nwarnings"), ...future.oldOptions$nwarnings)) {
[10:26:49.992]                 ...future.oldOptions$nwarnings <- NULL
[10:26:49.992]             }
[10:26:49.992]             base::options(...future.oldOptions)
[10:26:49.992]             if (.Platform$OS.type == "windows") {
[10:26:49.992]                 old_names <- names(...future.oldEnvVars)
[10:26:49.992]                 envs <- base::Sys.getenv()
[10:26:49.992]                 names <- names(envs)
[10:26:49.992]                 common <- intersect(names, old_names)
[10:26:49.992]                 added <- setdiff(names, old_names)
[10:26:49.992]                 removed <- setdiff(old_names, names)
[10:26:49.992]                 changed <- common[...future.oldEnvVars[common] != 
[10:26:49.992]                   envs[common]]
[10:26:49.992]                 NAMES <- toupper(changed)
[10:26:49.992]                 args <- list()
[10:26:49.992]                 for (kk in seq_along(NAMES)) {
[10:26:49.992]                   name <- changed[[kk]]
[10:26:49.992]                   NAME <- NAMES[[kk]]
[10:26:49.992]                   if (name != NAME && is.element(NAME, old_names)) 
[10:26:49.992]                     next
[10:26:49.992]                   args[[name]] <- ...future.oldEnvVars[[name]]
[10:26:49.992]                 }
[10:26:49.992]                 NAMES <- toupper(added)
[10:26:49.992]                 for (kk in seq_along(NAMES)) {
[10:26:49.992]                   name <- added[[kk]]
[10:26:49.992]                   NAME <- NAMES[[kk]]
[10:26:49.992]                   if (name != NAME && is.element(NAME, old_names)) 
[10:26:49.992]                     next
[10:26:49.992]                   args[[name]] <- ""
[10:26:49.992]                 }
[10:26:49.992]                 NAMES <- toupper(removed)
[10:26:49.992]                 for (kk in seq_along(NAMES)) {
[10:26:49.992]                   name <- removed[[kk]]
[10:26:49.992]                   NAME <- NAMES[[kk]]
[10:26:49.992]                   if (name != NAME && is.element(NAME, old_names)) 
[10:26:49.992]                     next
[10:26:49.992]                   args[[name]] <- ...future.oldEnvVars[[name]]
[10:26:49.992]                 }
[10:26:49.992]                 if (length(args) > 0) 
[10:26:49.992]                   base::do.call(base::Sys.setenv, args = args)
[10:26:49.992]                 args <- names <- old_names <- NAMES <- envs <- common <- added <- removed <- NULL
[10:26:49.992]             }
[10:26:49.992]             else {
[10:26:49.992]                 base::do.call(base::Sys.setenv, args = base::as.list(...future.oldEnvVars))
[10:26:49.992]             }
[10:26:49.992]             {
[10:26:49.992]                 if (base::length(...future.futureOptionsAdded) > 
[10:26:49.992]                   0L) {
[10:26:49.992]                   opts <- base::vector("list", length = base::length(...future.futureOptionsAdded))
[10:26:49.992]                   base::names(opts) <- ...future.futureOptionsAdded
[10:26:49.992]                   base::options(opts)
[10:26:49.992]                 }
[10:26:49.992]                 {
[10:26:49.992]                   {
[10:26:49.992]                     base::options(mc.cores = ...future.mc.cores.old)
[10:26:49.992]                     NULL
[10:26:49.992]                   }
[10:26:49.992]                   options(future.plan = NULL)
[10:26:49.992]                   if (is.na(NA_character_)) 
[10:26:49.992]                     Sys.unsetenv("R_FUTURE_PLAN")
[10:26:49.992]                   else Sys.setenv(R_FUTURE_PLAN = NA_character_)
[10:26:49.992]                   future::plan(list(function (..., workers = 2L, 
[10:26:49.992]                     envir = parent.frame()) 
[10:26:49.992]                   strategy(..., workers = workers, envir = envir)), 
[10:26:49.992]                     .cleanup = FALSE, .init = FALSE)
[10:26:49.992]                 }
[10:26:49.992]             }
[10:26:49.992]         }
[10:26:49.992]     })
[10:26:49.992]     if (TRUE) {
[10:26:49.992]         base::sink(type = "output", split = FALSE)
[10:26:49.992]         if (TRUE) {
[10:26:49.992]             ...future.result$stdout <- base::rawToChar(base::rawConnectionValue(...future.stdout))
[10:26:49.992]         }
[10:26:49.992]         else {
[10:26:49.992]             ...future.result["stdout"] <- base::list(NULL)
[10:26:49.992]         }
[10:26:49.992]         base::close(...future.stdout)
[10:26:49.992]         ...future.stdout <- NULL
[10:26:49.992]     }
[10:26:49.992]     ...future.result$conditions <- ...future.conditions
[10:26:49.992]     ...future.result$finished <- base::Sys.time()
[10:26:49.992]     ...future.result
[10:26:49.992] }
[10:26:49.994] requestCore(): workers = 2
[10:26:49.998] MulticoreFuture started
[10:26:49.998] - Launch lazy future ... done
[10:26:49.998] run() for ‘MulticoreFuture’ ... done
[10:26:49.999] requestCore(): workers = 1
[10:26:50.000] plan(): Setting new future strategy stack:
[10:26:50.000] List of future strategies:
[10:26:50.000] 1. sequential:
[10:26:50.000]    - args: function (..., envir = parent.frame())
[10:26:50.000]    - tweaked: FALSE
[10:26:50.000]    - call: NULL
[10:26:50.001] plan(): nbrOfWorkers() = 1
[10:26:50.000] Poll #1 (0): usedCores() = 1, workers = 1
[10:26:50.102] Poll #2 (0.1 secs): usedCores() = 1, workers = 1
[10:26:50.207] Poll #3 (0.21 secs): usedCores() = 1, workers = 1
[10:26:50.310] Poll #4 (0.31 secs): usedCores() = 1, workers = 1
[10:26:50.414] Poll #5 (0.41 secs): usedCores() = 1, workers = 1
[10:26:50.519] TIMEOUT: All 1 cores are still occupied after 0.52 secs (polled 6 times)
Error in requestCore(function() { : 
  TIMEOUT: All 1 cores are still occupied after 0.52 secs (polled 6 times)
[10:26:50.521] result() for MulticoreFuture ...
[10:26:52.006] plan(): Setting new future strategy stack:
[10:26:52.006] List of future strategies:
[10:26:52.006] 1. multicore:
[10:26:52.006]    - args: function (..., workers = 2L, envir = parent.frame())
[10:26:52.006]    - tweaked: TRUE
[10:26:52.006]    - call: plan(multicore, workers = 2L)
[10:26:52.007] plan(): nbrOfWorkers() = 2
[10:26:52.012] result() for MulticoreFuture ...
[10:26:52.012] result() for MulticoreFuture ... done
[10:26:52.013] result() for MulticoreFuture ... done
[10:26:52.013] result() for MulticoreFuture ...
[10:26:52.013] result() for MulticoreFuture ... done
*** requestCore() - timeout ... DONE
> 
> message("*** requestCore() ... DONE")
*** requestCore() ... DONE
> 
> source("incl/end.R")
[10:26:52.014] plan(): Setting new future strategy stack:
[10:26:52.014] List of future strategies:
[10:26:52.014] 1. FutureStrategy:
[10:26:52.014]    - args: function (..., envir = parent.frame())
[10:26:52.014]    - tweaked: FALSE
[10:26:52.014]    - call: future::plan(oplan)
[10:26:52.015] plan(): nbrOfWorkers() = 1
> 
