
R version 4.3.2 (2023-10-31) -- "Eye Holes"
Copyright (C) 2023 The R Foundation for Statistical Computing
Platform: x86_64-pc-linux-gnu (64-bit)

R is free software and comes with ABSOLUTELY NO WARRANTY.
You are welcome to redistribute it under certain conditions.
Type 'license()' or 'licence()' for distribution details.

R is a collaborative project with many contributors.
Type 'contributors()' for more information and
'citation()' on how to cite R or R packages in publications.

Type 'demo()' for some demos, 'help()' for on-line help, or
'help.start()' for an HTML browser interface to help.
Type 'q()' to quit R.

> source("incl/start.R")
[16:05:44.292] plan(): Setting new future strategy stack:
[16:05:44.292] List of future strategies:
[16:05:44.292] 1. sequential:
[16:05:44.292]    - args: function (..., envir = parent.frame())
[16:05:44.292]    - tweaked: FALSE
[16:05:44.292]    - call: future::plan("sequential")
[16:05:44.305] plan(): nbrOfWorkers() = 1
> 
> message("*** requestCore() ...")
*** requestCore() ...
> 
> message("*** requestCore() - exceptions ...")
*** requestCore() - exceptions ...
> 
> ## There are no cores to choose from
> res <- try(requestCore(function() {}, workers = 0), silent = TRUE)
> stopifnot(inherits(res, "try-error"))
> 
> res <- try(requestCore(function() {}, timeout = -1.0), silent = TRUE)
> stopifnot(inherits(res, "try-error"))
> 
> res <- try(requestCore(function() {}, alpha = 0.0), silent = TRUE)
> stopifnot(inherits(res, "try-error"))
> 
> message("*** requestCore() - exceptions ... DONE")
*** requestCore() - exceptions ... DONE
> 
> 
> if (supportsMulticore()) {
+   message("*** requestCore() - timeout ...")
+   
+   plan(multicore, workers = 2L)
+   a %<-% { Sys.sleep(2); 1 }
+   
+   ## Fake single-worker multicore by using workers = 1L
+   res <- try(requestCore(function() {}, workers = 1L, timeout = 0.5, delta = 0.1))
+   stopifnot(inherits(res, "try-error"))
+   stopifnot(a == 1)
+   
+   message("*** requestCore() - timeout ... DONE")
+ }
*** requestCore() - timeout ...
[16:05:44.323] plan(): Setting new future strategy stack:
[16:05:44.323] List of future strategies:
[16:05:44.323] 1. multicore:
[16:05:44.323]    - args: function (..., workers = 2L, envir = parent.frame())
[16:05:44.323]    - tweaked: TRUE
[16:05:44.323]    - call: plan(multicore, workers = 2L)
[16:05:44.334] plan(): nbrOfWorkers() = 2
[16:05:44.336] getGlobalsAndPackages() ...
[16:05:44.336] Searching for globals...
[16:05:44.342] - globals found: [2] ‘{’, ‘Sys.sleep’
[16:05:44.342] Searching for globals ... DONE
[16:05:44.342] Resolving globals: FALSE
[16:05:44.343] 
[16:05:44.343] 
[16:05:44.343] getGlobalsAndPackages() ... DONE
[16:05:44.344] run() for ‘Future’ ...
[16:05:44.344] - state: ‘created’
[16:05:44.344] - Future backend: ‘FutureStrategy’, ‘tweaked’, ‘multicore’, ‘multiprocess’, ‘future’, ‘function’
[16:05:44.344] - Future class: ‘MulticoreFuture’, ‘MultiprocessFuture’, ‘Future’, ‘environment’
[16:05:44.344] - Copy elements of temporary ‘MulticoreFuture’ to final ‘Future’ object ...
[16:05:44.345]   - Field: ‘label’
[16:05:44.345]   - Field: ‘local’
[16:05:44.345]   - Field: ‘owner’
[16:05:44.345]   - Field: ‘envir’
[16:05:44.345]   - Field: ‘workers’
[16:05:44.345]   - Field: ‘packages’
[16:05:44.345]   - Field: ‘gc’
[16:05:44.345]   - Field: ‘job’
[16:05:44.345]   - Field: ‘conditions’
[16:05:44.345]   - Field: ‘expr’
[16:05:44.345]   - Field: ‘uuid’
[16:05:44.346]   - Field: ‘seed’
[16:05:44.346]   - Field: ‘version’
[16:05:44.346]   - Field: ‘result’
[16:05:44.346]   - Field: ‘asynchronous’
[16:05:44.346]   - Field: ‘calls’
[16:05:44.346]   - Field: ‘globals’
[16:05:44.346]   - Field: ‘stdout’
[16:05:44.346]   - Field: ‘earlySignal’
[16:05:44.346]   - Field: ‘lazy’
[16:05:44.346]   - Field: ‘state’
[16:05:44.346] - Copy elements of temporary ‘MulticoreFuture’ to final ‘Future’ object ... done
[16:05:44.347] - Launch lazy future ...
[16:05:44.350] Packages needed by the future expression (n = 0): <none>
[16:05:44.350] Packages needed by future strategies (n = 0): <none>
[16:05:44.350] {
[16:05:44.350]     {
[16:05:44.350]         {
[16:05:44.350]             ...future.startTime <- base::Sys.time()
[16:05:44.350]             {
[16:05:44.350]                 {
[16:05:44.350]                   {
[16:05:44.350]                     {
[16:05:44.350]                       base::local({
[16:05:44.350]                         has_future <- base::requireNamespace("future", 
[16:05:44.350]                           quietly = TRUE)
[16:05:44.350]                         if (has_future) {
[16:05:44.350]                           ns <- base::getNamespace("future")
[16:05:44.350]                           version <- ns[[".package"]][["version"]]
[16:05:44.350]                           if (is.null(version)) 
[16:05:44.350]                             version <- utils::packageVersion("future")
[16:05:44.350]                         }
[16:05:44.350]                         else {
[16:05:44.350]                           version <- NULL
[16:05:44.350]                         }
[16:05:44.350]                         if (!has_future || version < "1.8.0") {
[16:05:44.350]                           info <- base::c(r_version = base::gsub("R version ", 
[16:05:44.350]                             "", base::R.version$version.string), 
[16:05:44.350]                             platform = base::sprintf("%s (%s-bit)", 
[16:05:44.350]                               base::R.version$platform, 8 * base::.Machine$sizeof.pointer), 
[16:05:44.350]                             os = base::paste(base::Sys.info()[base::c("sysname", 
[16:05:44.350]                               "release", "version")], collapse = " "), 
[16:05:44.350]                             hostname = base::Sys.info()[["nodename"]])
[16:05:44.350]                           info <- base::sprintf("%s: %s", base::names(info), 
[16:05:44.350]                             info)
[16:05:44.350]                           info <- base::paste(info, collapse = "; ")
[16:05:44.350]                           if (!has_future) {
[16:05:44.350]                             msg <- base::sprintf("Package 'future' is not installed on worker (%s)", 
[16:05:44.350]                               info)
[16:05:44.350]                           }
[16:05:44.350]                           else {
[16:05:44.350]                             msg <- base::sprintf("Package 'future' on worker (%s) must be of version >= 1.8.0: %s", 
[16:05:44.350]                               info, version)
[16:05:44.350]                           }
[16:05:44.350]                           base::stop(msg)
[16:05:44.350]                         }
[16:05:44.350]                       })
[16:05:44.350]                     }
[16:05:44.350]                     ...future.mc.cores.old <- base::getOption("mc.cores")
[16:05:44.350]                     base::options(mc.cores = 1L)
[16:05:44.350]                   }
[16:05:44.350]                   options(future.plan = NULL)
[16:05:44.350]                   Sys.unsetenv("R_FUTURE_PLAN")
[16:05:44.350]                   future::plan("default", .cleanup = FALSE, .init = FALSE)
[16:05:44.350]                 }
[16:05:44.350]                 ...future.workdir <- getwd()
[16:05:44.350]             }
[16:05:44.350]             ...future.oldOptions <- base::as.list(base::.Options)
[16:05:44.350]             ...future.oldEnvVars <- base::Sys.getenv()
[16:05:44.350]         }
[16:05:44.350]         base::options(future.startup.script = FALSE, future.globals.onMissing = NULL, 
[16:05:44.350]             future.globals.maxSize = NULL, future.globals.method = NULL, 
[16:05:44.350]             future.globals.onMissing = NULL, future.globals.onReference = NULL, 
[16:05:44.350]             future.globals.resolve = NULL, future.resolve.recursive = NULL, 
[16:05:44.350]             future.rng.onMisuse = NULL, future.rng.onMisuse.keepFuture = NULL, 
[16:05:44.350]             future.stdout.windows.reencode = NULL, width = 80L)
[16:05:44.350]         ...future.futureOptionsAdded <- base::setdiff(base::names(base::.Options), 
[16:05:44.350]             base::names(...future.oldOptions))
[16:05:44.350]     }
[16:05:44.350]     if (FALSE) {
[16:05:44.350]     }
[16:05:44.350]     else {
[16:05:44.350]         if (TRUE) {
[16:05:44.350]             ...future.stdout <- base::rawConnection(base::raw(0L), 
[16:05:44.350]                 open = "w")
[16:05:44.350]         }
[16:05:44.350]         else {
[16:05:44.350]             ...future.stdout <- base::file(base::switch(.Platform$OS.type, 
[16:05:44.350]                 windows = "NUL", "/dev/null"), open = "w")
[16:05:44.350]         }
[16:05:44.350]         base::sink(...future.stdout, type = "output", split = FALSE)
[16:05:44.350]         base::on.exit(if (!base::is.null(...future.stdout)) {
[16:05:44.350]             base::sink(type = "output", split = FALSE)
[16:05:44.350]             base::close(...future.stdout)
[16:05:44.350]         }, add = TRUE)
[16:05:44.350]     }
[16:05:44.350]     ...future.frame <- base::sys.nframe()
[16:05:44.350]     ...future.conditions <- base::list()
[16:05:44.350]     ...future.rng <- base::globalenv()$.Random.seed
[16:05:44.350]     if (FALSE) {
[16:05:44.350]         ...future.globalenv.names <- c(base::names(base::.GlobalEnv), 
[16:05:44.350]             "...future.value", "...future.globalenv.names", ".Random.seed")
[16:05:44.350]     }
[16:05:44.350]     ...future.result <- base::tryCatch({
[16:05:44.350]         base::withCallingHandlers({
[16:05:44.350]             ...future.value <- base::withVisible(base::local({
[16:05:44.350]                 withCallingHandlers({
[16:05:44.350]                   {
[16:05:44.350]                     Sys.sleep(2)
[16:05:44.350]                     1
[16:05:44.350]                   }
[16:05:44.350]                 }, immediateCondition = function(cond) {
[16:05:44.350]                   save_rds <- function (object, pathname, ...) 
[16:05:44.350]                   {
[16:05:44.350]                     pathname_tmp <- sprintf("%s.tmp", pathname)
[16:05:44.350]                     if (file_test("-f", pathname_tmp)) {
[16:05:44.350]                       fi_tmp <- file.info(pathname_tmp)
[16:05:44.350]                       stopf("Cannot save RDS file because a temporary save file already exists: %s (%0.f bytes; last modified on %s)", 
[16:05:44.350]                         sQuote(pathname_tmp), fi_tmp[["size"]], 
[16:05:44.350]                         fi_tmp[["mtime"]])
[16:05:44.350]                     }
[16:05:44.350]                     tryCatch({
[16:05:44.350]                       saveRDS(object, file = pathname_tmp, ...)
[16:05:44.350]                     }, error = function(ex) {
[16:05:44.350]                       msg <- conditionMessage(ex)
[16:05:44.350]                       fi_tmp <- file.info(pathname_tmp)
[16:05:44.350]                       msg <- sprintf("saveRDS() failed to save to temporary file %s (%.0f bytes; last modified on %s). The reason was: %s", 
[16:05:44.350]                         sQuote(pathname_tmp), fi_tmp[["size"]], 
[16:05:44.350]                         fi_tmp[["mtime"]], msg)
[16:05:44.350]                       ex$message <- msg
[16:05:44.350]                       stop(ex)
[16:05:44.350]                     })
[16:05:44.350]                     stopifnot(file_test("-f", pathname_tmp))
[16:05:44.350]                     res <- file.rename(from = pathname_tmp, to = pathname)
[16:05:44.350]                     if (!res || file_test("-f", pathname_tmp)) {
[16:05:44.350]                       fi_tmp <- file.info(pathname_tmp)
[16:05:44.350]                       fi <- file.info(pathname)
[16:05:44.350]                       msg <- sprintf("save_rds() failed to rename temporary save file %s (%0.f bytes; last modified on %s) to %s (%0.f bytes; last modified on %s)", 
[16:05:44.350]                         sQuote(pathname_tmp), fi_tmp[["size"]], 
[16:05:44.350]                         fi_tmp[["mtime"]], sQuote(pathname), 
[16:05:44.350]                         fi[["size"]], fi[["mtime"]])
[16:05:44.350]                       stop(msg)
[16:05:44.350]                     }
[16:05:44.350]                     invisible(pathname)
[16:05:44.350]                   }
[16:05:44.350]                   saveImmediateCondition <- function (cond, path = immediateConditionsPath(rootPath = rootPath), 
[16:05:44.350]                     rootPath = tempdir()) 
[16:05:44.350]                   {
[16:05:44.350]                     obj <- list(time = Sys.time(), condition = cond)
[16:05:44.350]                     file <- tempfile(pattern = class(cond)[1], 
[16:05:44.350]                       tmpdir = path, fileext = ".rds")
[16:05:44.350]                     save_rds(obj, file)
[16:05:44.350]                   }
[16:05:44.350]                   saveImmediateCondition(cond, path = "/tmp/Rtmp54tDCK/.future/immediateConditions")
[16:05:44.350]                   muffleCondition <- function (cond, pattern = "^muffle") 
[16:05:44.350]                   {
[16:05:44.350]                     inherits <- base::inherits
[16:05:44.350]                     invokeRestart <- base::invokeRestart
[16:05:44.350]                     is.null <- base::is.null
[16:05:44.350]                     muffled <- FALSE
[16:05:44.350]                     if (inherits(cond, "message")) {
[16:05:44.350]                       muffled <- grepl(pattern, "muffleMessage")
[16:05:44.350]                       if (muffled) 
[16:05:44.350]                         invokeRestart("muffleMessage")
[16:05:44.350]                     }
[16:05:44.350]                     else if (inherits(cond, "warning")) {
[16:05:44.350]                       muffled <- grepl(pattern, "muffleWarning")
[16:05:44.350]                       if (muffled) 
[16:05:44.350]                         invokeRestart("muffleWarning")
[16:05:44.350]                     }
[16:05:44.350]                     else if (inherits(cond, "condition")) {
[16:05:44.350]                       if (!is.null(pattern)) {
[16:05:44.350]                         computeRestarts <- base::computeRestarts
[16:05:44.350]                         grepl <- base::grepl
[16:05:44.350]                         restarts <- computeRestarts(cond)
[16:05:44.350]                         for (restart in restarts) {
[16:05:44.350]                           name <- restart$name
[16:05:44.350]                           if (is.null(name)) 
[16:05:44.350]                             next
[16:05:44.350]                           if (!grepl(pattern, name)) 
[16:05:44.350]                             next
[16:05:44.350]                           invokeRestart(restart)
[16:05:44.350]                           muffled <- TRUE
[16:05:44.350]                           break
[16:05:44.350]                         }
[16:05:44.350]                       }
[16:05:44.350]                     }
[16:05:44.350]                     invisible(muffled)
[16:05:44.350]                   }
[16:05:44.350]                   muffleCondition(cond)
[16:05:44.350]                 })
[16:05:44.350]             }))
[16:05:44.350]             future::FutureResult(value = ...future.value$value, 
[16:05:44.350]                 visible = ...future.value$visible, rng = !identical(base::globalenv()$.Random.seed, 
[16:05:44.350]                   ...future.rng), globalenv = if (FALSE) 
[16:05:44.350]                   list(added = base::setdiff(base::names(base::.GlobalEnv), 
[16:05:44.350]                     ...future.globalenv.names))
[16:05:44.350]                 else NULL, started = ...future.startTime, version = "1.8")
[16:05:44.350]         }, condition = base::local({
[16:05:44.350]             c <- base::c
[16:05:44.350]             inherits <- base::inherits
[16:05:44.350]             invokeRestart <- base::invokeRestart
[16:05:44.350]             length <- base::length
[16:05:44.350]             list <- base::list
[16:05:44.350]             seq.int <- base::seq.int
[16:05:44.350]             signalCondition <- base::signalCondition
[16:05:44.350]             sys.calls <- base::sys.calls
[16:05:44.350]             `[[` <- base::`[[`
[16:05:44.350]             `+` <- base::`+`
[16:05:44.350]             `<<-` <- base::`<<-`
[16:05:44.350]             sysCalls <- function(calls = sys.calls(), from = 1L) {
[16:05:44.350]                 calls[seq.int(from = from + 12L, to = length(calls) - 
[16:05:44.350]                   3L)]
[16:05:44.350]             }
[16:05:44.350]             function(cond) {
[16:05:44.350]                 is_error <- inherits(cond, "error")
[16:05:44.350]                 ignore <- !is_error && !is.null(NULL) && inherits(cond, 
[16:05:44.350]                   NULL)
[16:05:44.350]                 if (is_error) {
[16:05:44.350]                   sessionInformation <- function() {
[16:05:44.350]                     list(r = base::R.Version(), locale = base::Sys.getlocale(), 
[16:05:44.350]                       rngkind = base::RNGkind(), namespaces = base::loadedNamespaces(), 
[16:05:44.350]                       search = base::search(), system = base::Sys.info())
[16:05:44.350]                   }
[16:05:44.350]                   ...future.conditions[[length(...future.conditions) + 
[16:05:44.350]                     1L]] <<- list(condition = cond, calls = c(sysCalls(from = ...future.frame), 
[16:05:44.350]                     cond$call), session = sessionInformation(), 
[16:05:44.350]                     timestamp = base::Sys.time(), signaled = 0L)
[16:05:44.350]                   signalCondition(cond)
[16:05:44.350]                 }
[16:05:44.350]                 else if (!ignore && TRUE && inherits(cond, c("condition", 
[16:05:44.350]                 "immediateCondition"))) {
[16:05:44.350]                   signal <- TRUE && inherits(cond, "immediateCondition")
[16:05:44.350]                   ...future.conditions[[length(...future.conditions) + 
[16:05:44.350]                     1L]] <<- list(condition = cond, signaled = base::as.integer(signal))
[16:05:44.350]                   if (TRUE && !signal) {
[16:05:44.350]                     muffleCondition <- function (cond, pattern = "^muffle") 
[16:05:44.350]                     {
[16:05:44.350]                       inherits <- base::inherits
[16:05:44.350]                       invokeRestart <- base::invokeRestart
[16:05:44.350]                       is.null <- base::is.null
[16:05:44.350]                       muffled <- FALSE
[16:05:44.350]                       if (inherits(cond, "message")) {
[16:05:44.350]                         muffled <- grepl(pattern, "muffleMessage")
[16:05:44.350]                         if (muffled) 
[16:05:44.350]                           invokeRestart("muffleMessage")
[16:05:44.350]                       }
[16:05:44.350]                       else if (inherits(cond, "warning")) {
[16:05:44.350]                         muffled <- grepl(pattern, "muffleWarning")
[16:05:44.350]                         if (muffled) 
[16:05:44.350]                           invokeRestart("muffleWarning")
[16:05:44.350]                       }
[16:05:44.350]                       else if (inherits(cond, "condition")) {
[16:05:44.350]                         if (!is.null(pattern)) {
[16:05:44.350]                           computeRestarts <- base::computeRestarts
[16:05:44.350]                           grepl <- base::grepl
[16:05:44.350]                           restarts <- computeRestarts(cond)
[16:05:44.350]                           for (restart in restarts) {
[16:05:44.350]                             name <- restart$name
[16:05:44.350]                             if (is.null(name)) 
[16:05:44.350]                               next
[16:05:44.350]                             if (!grepl(pattern, name)) 
[16:05:44.350]                               next
[16:05:44.350]                             invokeRestart(restart)
[16:05:44.350]                             muffled <- TRUE
[16:05:44.350]                             break
[16:05:44.350]                           }
[16:05:44.350]                         }
[16:05:44.350]                       }
[16:05:44.350]                       invisible(muffled)
[16:05:44.350]                     }
[16:05:44.350]                     muffleCondition(cond, pattern = "^muffle")
[16:05:44.350]                   }
[16:05:44.350]                 }
[16:05:44.350]                 else {
[16:05:44.350]                   if (TRUE) {
[16:05:44.350]                     muffleCondition <- function (cond, pattern = "^muffle") 
[16:05:44.350]                     {
[16:05:44.350]                       inherits <- base::inherits
[16:05:44.350]                       invokeRestart <- base::invokeRestart
[16:05:44.350]                       is.null <- base::is.null
[16:05:44.350]                       muffled <- FALSE
[16:05:44.350]                       if (inherits(cond, "message")) {
[16:05:44.350]                         muffled <- grepl(pattern, "muffleMessage")
[16:05:44.350]                         if (muffled) 
[16:05:44.350]                           invokeRestart("muffleMessage")
[16:05:44.350]                       }
[16:05:44.350]                       else if (inherits(cond, "warning")) {
[16:05:44.350]                         muffled <- grepl(pattern, "muffleWarning")
[16:05:44.350]                         if (muffled) 
[16:05:44.350]                           invokeRestart("muffleWarning")
[16:05:44.350]                       }
[16:05:44.350]                       else if (inherits(cond, "condition")) {
[16:05:44.350]                         if (!is.null(pattern)) {
[16:05:44.350]                           computeRestarts <- base::computeRestarts
[16:05:44.350]                           grepl <- base::grepl
[16:05:44.350]                           restarts <- computeRestarts(cond)
[16:05:44.350]                           for (restart in restarts) {
[16:05:44.350]                             name <- restart$name
[16:05:44.350]                             if (is.null(name)) 
[16:05:44.350]                               next
[16:05:44.350]                             if (!grepl(pattern, name)) 
[16:05:44.350]                               next
[16:05:44.350]                             invokeRestart(restart)
[16:05:44.350]                             muffled <- TRUE
[16:05:44.350]                             break
[16:05:44.350]                           }
[16:05:44.350]                         }
[16:05:44.350]                       }
[16:05:44.350]                       invisible(muffled)
[16:05:44.350]                     }
[16:05:44.350]                     muffleCondition(cond, pattern = "^muffle")
[16:05:44.350]                   }
[16:05:44.350]                 }
[16:05:44.350]             }
[16:05:44.350]         }))
[16:05:44.350]     }, error = function(ex) {
[16:05:44.350]         base::structure(base::list(value = NULL, visible = NULL, 
[16:05:44.350]             conditions = ...future.conditions, rng = !identical(base::globalenv()$.Random.seed, 
[16:05:44.350]                 ...future.rng), started = ...future.startTime, 
[16:05:44.350]             finished = Sys.time(), session_uuid = NA_character_, 
[16:05:44.350]             version = "1.8"), class = "FutureResult")
[16:05:44.350]     }, finally = {
[16:05:44.350]         if (!identical(...future.workdir, getwd())) 
[16:05:44.350]             setwd(...future.workdir)
[16:05:44.350]         {
[16:05:44.350]             if (identical(getOption("nwarnings"), ...future.oldOptions$nwarnings)) {
[16:05:44.350]                 ...future.oldOptions$nwarnings <- NULL
[16:05:44.350]             }
[16:05:44.350]             base::options(...future.oldOptions)
[16:05:44.350]             if (.Platform$OS.type == "windows") {
[16:05:44.350]                 old_names <- names(...future.oldEnvVars)
[16:05:44.350]                 envs <- base::Sys.getenv()
[16:05:44.350]                 names <- names(envs)
[16:05:44.350]                 common <- intersect(names, old_names)
[16:05:44.350]                 added <- setdiff(names, old_names)
[16:05:44.350]                 removed <- setdiff(old_names, names)
[16:05:44.350]                 changed <- common[...future.oldEnvVars[common] != 
[16:05:44.350]                   envs[common]]
[16:05:44.350]                 NAMES <- toupper(changed)
[16:05:44.350]                 args <- list()
[16:05:44.350]                 for (kk in seq_along(NAMES)) {
[16:05:44.350]                   name <- changed[[kk]]
[16:05:44.350]                   NAME <- NAMES[[kk]]
[16:05:44.350]                   if (name != NAME && is.element(NAME, old_names)) 
[16:05:44.350]                     next
[16:05:44.350]                   args[[name]] <- ...future.oldEnvVars[[name]]
[16:05:44.350]                 }
[16:05:44.350]                 NAMES <- toupper(added)
[16:05:44.350]                 for (kk in seq_along(NAMES)) {
[16:05:44.350]                   name <- added[[kk]]
[16:05:44.350]                   NAME <- NAMES[[kk]]
[16:05:44.350]                   if (name != NAME && is.element(NAME, old_names)) 
[16:05:44.350]                     next
[16:05:44.350]                   args[[name]] <- ""
[16:05:44.350]                 }
[16:05:44.350]                 NAMES <- toupper(removed)
[16:05:44.350]                 for (kk in seq_along(NAMES)) {
[16:05:44.350]                   name <- removed[[kk]]
[16:05:44.350]                   NAME <- NAMES[[kk]]
[16:05:44.350]                   if (name != NAME && is.element(NAME, old_names)) 
[16:05:44.350]                     next
[16:05:44.350]                   args[[name]] <- ...future.oldEnvVars[[name]]
[16:05:44.350]                 }
[16:05:44.350]                 if (length(args) > 0) 
[16:05:44.350]                   base::do.call(base::Sys.setenv, args = args)
[16:05:44.350]                 args <- names <- old_names <- NAMES <- envs <- common <- added <- removed <- NULL
[16:05:44.350]             }
[16:05:44.350]             else {
[16:05:44.350]                 base::do.call(base::Sys.setenv, args = base::as.list(...future.oldEnvVars))
[16:05:44.350]             }
[16:05:44.350]             {
[16:05:44.350]                 if (base::length(...future.futureOptionsAdded) > 
[16:05:44.350]                   0L) {
[16:05:44.350]                   opts <- base::vector("list", length = base::length(...future.futureOptionsAdded))
[16:05:44.350]                   base::names(opts) <- ...future.futureOptionsAdded
[16:05:44.350]                   base::options(opts)
[16:05:44.350]                 }
[16:05:44.350]                 {
[16:05:44.350]                   {
[16:05:44.350]                     base::options(mc.cores = ...future.mc.cores.old)
[16:05:44.350]                     NULL
[16:05:44.350]                   }
[16:05:44.350]                   options(future.plan = NULL)
[16:05:44.350]                   if (is.na(NA_character_)) 
[16:05:44.350]                     Sys.unsetenv("R_FUTURE_PLAN")
[16:05:44.350]                   else Sys.setenv(R_FUTURE_PLAN = NA_character_)
[16:05:44.350]                   future::plan(list(function (..., workers = 2L, 
[16:05:44.350]                     envir = parent.frame()) 
[16:05:44.350]                   strategy(..., workers = workers, envir = envir)), 
[16:05:44.350]                     .cleanup = FALSE, .init = FALSE)
[16:05:44.350]                 }
[16:05:44.350]             }
[16:05:44.350]         }
[16:05:44.350]     })
[16:05:44.350]     if (TRUE) {
[16:05:44.350]         base::sink(type = "output", split = FALSE)
[16:05:44.350]         if (TRUE) {
[16:05:44.350]             ...future.result$stdout <- base::rawToChar(base::rawConnectionValue(...future.stdout))
[16:05:44.350]         }
[16:05:44.350]         else {
[16:05:44.350]             ...future.result["stdout"] <- base::list(NULL)
[16:05:44.350]         }
[16:05:44.350]         base::close(...future.stdout)
[16:05:44.350]         ...future.stdout <- NULL
[16:05:44.350]     }
[16:05:44.350]     ...future.result$conditions <- ...future.conditions
[16:05:44.350]     ...future.result$finished <- base::Sys.time()
[16:05:44.350]     ...future.result
[16:05:44.350] }
[16:05:44.353] requestCore(): workers = 2
[16:05:44.356] MulticoreFuture started
[16:05:44.356] - Launch lazy future ... done
[16:05:44.357] run() for ‘MulticoreFuture’ ... done
[16:05:44.357] plan(): Setting new future strategy stack:
[16:05:44.357] requestCore(): workers = 1
[16:05:44.357] List of future strategies:
[16:05:44.357] 1. sequential:
[16:05:44.357]    - args: function (..., envir = parent.frame())
[16:05:44.357]    - tweaked: FALSE
[16:05:44.357]    - call: NULL
[16:05:44.358] plan(): nbrOfWorkers() = 1
[16:05:44.358] Poll #1 (0): usedCores() = 1, workers = 1
[16:05:44.461] Poll #2 (0.1 secs): usedCores() = 1, workers = 1
[16:05:44.564] Poll #3 (0.21 secs): usedCores() = 1, workers = 1
[16:05:44.667] Poll #4 (0.31 secs): usedCores() = 1, workers = 1
[16:05:44.771] Poll #5 (0.41 secs): usedCores() = 1, workers = 1
[16:05:44.876] TIMEOUT: All 1 cores are still occupied after 0.52 secs (polled 6 times)
Error in requestCore(function() { : 
  TIMEOUT: All 1 cores are still occupied after 0.52 secs (polled 6 times)
[16:05:44.877] result() for MulticoreFuture ...
[16:05:46.363] plan(): Setting new future strategy stack:
[16:05:46.363] List of future strategies:
[16:05:46.363] 1. multicore:
[16:05:46.363]    - args: function (..., workers = 2L, envir = parent.frame())
[16:05:46.363]    - tweaked: TRUE
[16:05:46.363]    - call: plan(multicore, workers = 2L)
[16:05:46.364] plan(): nbrOfWorkers() = 2
[16:05:46.369] result() for MulticoreFuture ...
[16:05:46.369] result() for MulticoreFuture ... done
[16:05:46.369] result() for MulticoreFuture ... done
[16:05:46.369] result() for MulticoreFuture ...
[16:05:46.369] result() for MulticoreFuture ... done
*** requestCore() - timeout ... DONE
> 
> message("*** requestCore() ... DONE")
*** requestCore() ... DONE
> 
> source("incl/end.R")
[16:05:46.370] plan(): Setting new future strategy stack:
[16:05:46.370] List of future strategies:
[16:05:46.370] 1. FutureStrategy:
[16:05:46.370]    - args: function (..., envir = parent.frame())
[16:05:46.370]    - tweaked: FALSE
[16:05:46.370]    - call: future::plan(oplan)
[16:05:46.371] plan(): nbrOfWorkers() = 1
> 
