
R version 4.3.2 (2023-10-31) -- "Eye Holes"
Copyright (C) 2023 The R Foundation for Statistical Computing
Platform: x86_64-pc-linux-gnu (64-bit)

R is free software and comes with ABSOLUTELY NO WARRANTY.
You are welcome to redistribute it under certain conditions.
Type 'license()' or 'licence()' for distribution details.

R is a collaborative project with many contributors.
Type 'contributors()' for more information and
'citation()' on how to cite R or R packages in publications.

Type 'demo()' for some demos, 'help()' for on-line help, or
'help.start()' for an HTML browser interface to help.
Type 'q()' to quit R.

> source("incl/start.R")
[13:25:08.580] plan(): Setting new future strategy stack:
[13:25:08.581] List of future strategies:
[13:25:08.581] 1. sequential:
[13:25:08.581]    - args: function (..., envir = parent.frame())
[13:25:08.581]    - tweaked: FALSE
[13:25:08.581]    - call: future::plan("sequential")
[13:25:08.594] plan(): nbrOfWorkers() = 1
> 
> message("*** sequential() ...")
*** sequential() ...
> 
> message("- sequential() w/ required packages ...")
- sequential() w/ required packages ...
> 
> f <- future(median(1:3), lazy = TRUE)
[13:25:08.605] getGlobalsAndPackages() ...
[13:25:08.605] Searching for globals...
[13:25:08.609] - globals found: [2] ‘median’, ‘:’
[13:25:08.609] Searching for globals ... DONE
[13:25:08.610] Resolving globals: FALSE
[13:25:08.610] 
[13:25:08.610] - packages: [1] ‘stats’
[13:25:08.610] getGlobalsAndPackages() ... DONE
> print(f)
Future:
Label: ‘<none>’
Expression:
median(1:3)
Lazy evaluation: TRUE
Asynchronous evaluation: TRUE
Local evaluation: TRUE
Environment: R_GlobalEnv
Capture standard output: TRUE
Capture condition classes: ‘condition’ (excluding ‘nothing’)
Globals: <none>
Packages: 1 packages (‘stats’)
L'Ecuyer-CMRG RNG seed: <none> (seed = FALSE)
Resolved: FALSE
Value: <not collected>
Conditions captured: <none>
Early signaling: FALSE
Owner process: 32fe3a52-cad9-64f8-bf28-83531571c3cc
Class: ‘Future’, ‘environment’
> 
> ## Doesn't work if covr that depends on stats is loaded
> try(unloadNamespace("stats"))
> 
> v <- value(f)
[13:25:08.613] run() for ‘Future’ ...
[13:25:08.613] - state: ‘created’
[13:25:08.614] - Future backend: ‘FutureStrategy’, ‘sequential’, ‘uniprocess’, ‘future’, ‘function’
[13:25:08.614] - Future class: ‘SequentialFuture’, ‘UniprocessFuture’, ‘Future’, ‘environment’
[13:25:08.614] - Copy elements of temporary ‘SequentialFuture’ to final ‘Future’ object ...
[13:25:08.614]   - Field: ‘label’
[13:25:08.614]   - Field: ‘local’
[13:25:08.614]   - Field: ‘owner’
[13:25:08.614]   - Field: ‘envir’
[13:25:08.615]   - Field: ‘packages’
[13:25:08.615]   - Field: ‘gc’
[13:25:08.615]   - Field: ‘conditions’
[13:25:08.615]   - Field: ‘expr’
[13:25:08.615]   - Field: ‘uuid’
[13:25:08.615]   - Field: ‘seed’
[13:25:08.615]   - Field: ‘version’
[13:25:08.615]   - Field: ‘result’
[13:25:08.615]   - Field: ‘asynchronous’
[13:25:08.615]   - Field: ‘calls’
[13:25:08.615]   - Field: ‘globals’
[13:25:08.616]   - Field: ‘stdout’
[13:25:08.616]   - Field: ‘earlySignal’
[13:25:08.616]   - Field: ‘lazy’
[13:25:08.616]   - Field: ‘state’
[13:25:08.616] - Copy elements of temporary ‘SequentialFuture’ to final ‘Future’ object ... done
[13:25:08.616] - Launch lazy future ...
[13:25:08.617] Packages needed by the future expression (n = 1): ‘stats’
[13:25:08.617] Packages needed by future strategies (n = 0): <none>
[13:25:08.660] {
[13:25:08.660]     {
[13:25:08.660]         {
[13:25:08.660]             ...future.startTime <- base::Sys.time()
[13:25:08.660]             {
[13:25:08.660]                 {
[13:25:08.660]                   {
[13:25:08.660]                     {
[13:25:08.660]                       base::local({
[13:25:08.660]                         has_future <- base::requireNamespace("future", 
[13:25:08.660]                           quietly = TRUE)
[13:25:08.660]                         if (has_future) {
[13:25:08.660]                           ns <- base::getNamespace("future")
[13:25:08.660]                           version <- ns[[".package"]][["version"]]
[13:25:08.660]                           if (is.null(version)) 
[13:25:08.660]                             version <- utils::packageVersion("future")
[13:25:08.660]                         }
[13:25:08.660]                         else {
[13:25:08.660]                           version <- NULL
[13:25:08.660]                         }
[13:25:08.660]                         if (!has_future || version < "1.8.0") {
[13:25:08.660]                           info <- base::c(r_version = base::gsub("R version ", 
[13:25:08.660]                             "", base::R.version$version.string), 
[13:25:08.660]                             platform = base::sprintf("%s (%s-bit)", 
[13:25:08.660]                               base::R.version$platform, 8 * base::.Machine$sizeof.pointer), 
[13:25:08.660]                             os = base::paste(base::Sys.info()[base::c("sysname", 
[13:25:08.660]                               "release", "version")], collapse = " "), 
[13:25:08.660]                             hostname = base::Sys.info()[["nodename"]])
[13:25:08.660]                           info <- base::sprintf("%s: %s", base::names(info), 
[13:25:08.660]                             info)
[13:25:08.660]                           info <- base::paste(info, collapse = "; ")
[13:25:08.660]                           if (!has_future) {
[13:25:08.660]                             msg <- base::sprintf("Package 'future' is not installed on worker (%s)", 
[13:25:08.660]                               info)
[13:25:08.660]                           }
[13:25:08.660]                           else {
[13:25:08.660]                             msg <- base::sprintf("Package 'future' on worker (%s) must be of version >= 1.8.0: %s", 
[13:25:08.660]                               info, version)
[13:25:08.660]                           }
[13:25:08.660]                           base::stop(msg)
[13:25:08.660]                         }
[13:25:08.660]                       })
[13:25:08.660]                     }
[13:25:08.660]                     base::local({
[13:25:08.660]                       for (pkg in "stats") {
[13:25:08.660]                         base::loadNamespace(pkg)
[13:25:08.660]                         base::library(pkg, character.only = TRUE)
[13:25:08.660]                       }
[13:25:08.660]                     })
[13:25:08.660]                   }
[13:25:08.660]                   options(future.plan = NULL)
[13:25:08.660]                   Sys.unsetenv("R_FUTURE_PLAN")
[13:25:08.660]                   future::plan("default", .cleanup = FALSE, .init = FALSE)
[13:25:08.660]                 }
[13:25:08.660]                 ...future.workdir <- getwd()
[13:25:08.660]             }
[13:25:08.660]             ...future.oldOptions <- base::as.list(base::.Options)
[13:25:08.660]             ...future.oldEnvVars <- base::Sys.getenv()
[13:25:08.660]         }
[13:25:08.660]         base::options(future.startup.script = FALSE, future.globals.onMissing = NULL, 
[13:25:08.660]             future.globals.maxSize = NULL, future.globals.method = NULL, 
[13:25:08.660]             future.globals.onMissing = NULL, future.globals.onReference = NULL, 
[13:25:08.660]             future.globals.resolve = NULL, future.resolve.recursive = NULL, 
[13:25:08.660]             future.rng.onMisuse = NULL, future.rng.onMisuse.keepFuture = NULL, 
[13:25:08.660]             future.stdout.windows.reencode = NULL, width = 80L)
[13:25:08.660]         ...future.futureOptionsAdded <- base::setdiff(base::names(base::.Options), 
[13:25:08.660]             base::names(...future.oldOptions))
[13:25:08.660]     }
[13:25:08.660]     if (FALSE) {
[13:25:08.660]     }
[13:25:08.660]     else {
[13:25:08.660]         if (TRUE) {
[13:25:08.660]             ...future.stdout <- base::rawConnection(base::raw(0L), 
[13:25:08.660]                 open = "w")
[13:25:08.660]         }
[13:25:08.660]         else {
[13:25:08.660]             ...future.stdout <- base::file(base::switch(.Platform$OS.type, 
[13:25:08.660]                 windows = "NUL", "/dev/null"), open = "w")
[13:25:08.660]         }
[13:25:08.660]         base::sink(...future.stdout, type = "output", split = FALSE)
[13:25:08.660]         base::on.exit(if (!base::is.null(...future.stdout)) {
[13:25:08.660]             base::sink(type = "output", split = FALSE)
[13:25:08.660]             base::close(...future.stdout)
[13:25:08.660]         }, add = TRUE)
[13:25:08.660]     }
[13:25:08.660]     ...future.frame <- base::sys.nframe()
[13:25:08.660]     ...future.conditions <- base::list()
[13:25:08.660]     ...future.rng <- base::globalenv()$.Random.seed
[13:25:08.660]     if (FALSE) {
[13:25:08.660]         ...future.globalenv.names <- c(base::names(base::.GlobalEnv), 
[13:25:08.660]             "...future.value", "...future.globalenv.names", ".Random.seed")
[13:25:08.660]     }
[13:25:08.660]     ...future.result <- base::tryCatch({
[13:25:08.660]         base::withCallingHandlers({
[13:25:08.660]             ...future.value <- base::withVisible(base::local(median(1:3)))
[13:25:08.660]             future::FutureResult(value = ...future.value$value, 
[13:25:08.660]                 visible = ...future.value$visible, rng = !identical(base::globalenv()$.Random.seed, 
[13:25:08.660]                   ...future.rng), globalenv = if (FALSE) 
[13:25:08.660]                   list(added = base::setdiff(base::names(base::.GlobalEnv), 
[13:25:08.660]                     ...future.globalenv.names))
[13:25:08.660]                 else NULL, started = ...future.startTime, version = "1.8")
[13:25:08.660]         }, condition = base::local({
[13:25:08.660]             c <- base::c
[13:25:08.660]             inherits <- base::inherits
[13:25:08.660]             invokeRestart <- base::invokeRestart
[13:25:08.660]             length <- base::length
[13:25:08.660]             list <- base::list
[13:25:08.660]             seq.int <- base::seq.int
[13:25:08.660]             signalCondition <- base::signalCondition
[13:25:08.660]             sys.calls <- base::sys.calls
[13:25:08.660]             `[[` <- base::`[[`
[13:25:08.660]             `+` <- base::`+`
[13:25:08.660]             `<<-` <- base::`<<-`
[13:25:08.660]             sysCalls <- function(calls = sys.calls(), from = 1L) {
[13:25:08.660]                 calls[seq.int(from = from + 12L, to = length(calls) - 
[13:25:08.660]                   3L)]
[13:25:08.660]             }
[13:25:08.660]             function(cond) {
[13:25:08.660]                 is_error <- inherits(cond, "error")
[13:25:08.660]                 ignore <- !is_error && !is.null(NULL) && inherits(cond, 
[13:25:08.660]                   NULL)
[13:25:08.660]                 if (is_error) {
[13:25:08.660]                   sessionInformation <- function() {
[13:25:08.660]                     list(r = base::R.Version(), locale = base::Sys.getlocale(), 
[13:25:08.660]                       rngkind = base::RNGkind(), namespaces = base::loadedNamespaces(), 
[13:25:08.660]                       search = base::search(), system = base::Sys.info())
[13:25:08.660]                   }
[13:25:08.660]                   ...future.conditions[[length(...future.conditions) + 
[13:25:08.660]                     1L]] <<- list(condition = cond, calls = c(sysCalls(from = ...future.frame), 
[13:25:08.660]                     cond$call), session = sessionInformation(), 
[13:25:08.660]                     timestamp = base::Sys.time(), signaled = 0L)
[13:25:08.660]                   signalCondition(cond)
[13:25:08.660]                 }
[13:25:08.660]                 else if (!ignore && TRUE && inherits(cond, c("condition", 
[13:25:08.660]                 "immediateCondition"))) {
[13:25:08.660]                   signal <- TRUE && inherits(cond, "immediateCondition")
[13:25:08.660]                   ...future.conditions[[length(...future.conditions) + 
[13:25:08.660]                     1L]] <<- list(condition = cond, signaled = base::as.integer(signal))
[13:25:08.660]                   if (TRUE && !signal) {
[13:25:08.660]                     muffleCondition <- function (cond, pattern = "^muffle") 
[13:25:08.660]                     {
[13:25:08.660]                       inherits <- base::inherits
[13:25:08.660]                       invokeRestart <- base::invokeRestart
[13:25:08.660]                       is.null <- base::is.null
[13:25:08.660]                       muffled <- FALSE
[13:25:08.660]                       if (inherits(cond, "message")) {
[13:25:08.660]                         muffled <- grepl(pattern, "muffleMessage")
[13:25:08.660]                         if (muffled) 
[13:25:08.660]                           invokeRestart("muffleMessage")
[13:25:08.660]                       }
[13:25:08.660]                       else if (inherits(cond, "warning")) {
[13:25:08.660]                         muffled <- grepl(pattern, "muffleWarning")
[13:25:08.660]                         if (muffled) 
[13:25:08.660]                           invokeRestart("muffleWarning")
[13:25:08.660]                       }
[13:25:08.660]                       else if (inherits(cond, "condition")) {
[13:25:08.660]                         if (!is.null(pattern)) {
[13:25:08.660]                           computeRestarts <- base::computeRestarts
[13:25:08.660]                           grepl <- base::grepl
[13:25:08.660]                           restarts <- computeRestarts(cond)
[13:25:08.660]                           for (restart in restarts) {
[13:25:08.660]                             name <- restart$name
[13:25:08.660]                             if (is.null(name)) 
[13:25:08.660]                               next
[13:25:08.660]                             if (!grepl(pattern, name)) 
[13:25:08.660]                               next
[13:25:08.660]                             invokeRestart(restart)
[13:25:08.660]                             muffled <- TRUE
[13:25:08.660]                             break
[13:25:08.660]                           }
[13:25:08.660]                         }
[13:25:08.660]                       }
[13:25:08.660]                       invisible(muffled)
[13:25:08.660]                     }
[13:25:08.660]                     muffleCondition(cond, pattern = "^muffle")
[13:25:08.660]                   }
[13:25:08.660]                 }
[13:25:08.660]                 else {
[13:25:08.660]                   if (TRUE) {
[13:25:08.660]                     muffleCondition <- function (cond, pattern = "^muffle") 
[13:25:08.660]                     {
[13:25:08.660]                       inherits <- base::inherits
[13:25:08.660]                       invokeRestart <- base::invokeRestart
[13:25:08.660]                       is.null <- base::is.null
[13:25:08.660]                       muffled <- FALSE
[13:25:08.660]                       if (inherits(cond, "message")) {
[13:25:08.660]                         muffled <- grepl(pattern, "muffleMessage")
[13:25:08.660]                         if (muffled) 
[13:25:08.660]                           invokeRestart("muffleMessage")
[13:25:08.660]                       }
[13:25:08.660]                       else if (inherits(cond, "warning")) {
[13:25:08.660]                         muffled <- grepl(pattern, "muffleWarning")
[13:25:08.660]                         if (muffled) 
[13:25:08.660]                           invokeRestart("muffleWarning")
[13:25:08.660]                       }
[13:25:08.660]                       else if (inherits(cond, "condition")) {
[13:25:08.660]                         if (!is.null(pattern)) {
[13:25:08.660]                           computeRestarts <- base::computeRestarts
[13:25:08.660]                           grepl <- base::grepl
[13:25:08.660]                           restarts <- computeRestarts(cond)
[13:25:08.660]                           for (restart in restarts) {
[13:25:08.660]                             name <- restart$name
[13:25:08.660]                             if (is.null(name)) 
[13:25:08.660]                               next
[13:25:08.660]                             if (!grepl(pattern, name)) 
[13:25:08.660]                               next
[13:25:08.660]                             invokeRestart(restart)
[13:25:08.660]                             muffled <- TRUE
[13:25:08.660]                             break
[13:25:08.660]                           }
[13:25:08.660]                         }
[13:25:08.660]                       }
[13:25:08.660]                       invisible(muffled)
[13:25:08.660]                     }
[13:25:08.660]                     muffleCondition(cond, pattern = "^muffle")
[13:25:08.660]                   }
[13:25:08.660]                 }
[13:25:08.660]             }
[13:25:08.660]         }))
[13:25:08.660]     }, error = function(ex) {
[13:25:08.660]         base::structure(base::list(value = NULL, visible = NULL, 
[13:25:08.660]             conditions = ...future.conditions, rng = !identical(base::globalenv()$.Random.seed, 
[13:25:08.660]                 ...future.rng), started = ...future.startTime, 
[13:25:08.660]             finished = Sys.time(), session_uuid = NA_character_, 
[13:25:08.660]             version = "1.8"), class = "FutureResult")
[13:25:08.660]     }, finally = {
[13:25:08.660]         if (!identical(...future.workdir, getwd())) 
[13:25:08.660]             setwd(...future.workdir)
[13:25:08.660]         {
[13:25:08.660]             if (identical(getOption("nwarnings"), ...future.oldOptions$nwarnings)) {
[13:25:08.660]                 ...future.oldOptions$nwarnings <- NULL
[13:25:08.660]             }
[13:25:08.660]             base::options(...future.oldOptions)
[13:25:08.660]             if (.Platform$OS.type == "windows") {
[13:25:08.660]                 old_names <- names(...future.oldEnvVars)
[13:25:08.660]                 envs <- base::Sys.getenv()
[13:25:08.660]                 names <- names(envs)
[13:25:08.660]                 common <- intersect(names, old_names)
[13:25:08.660]                 added <- setdiff(names, old_names)
[13:25:08.660]                 removed <- setdiff(old_names, names)
[13:25:08.660]                 changed <- common[...future.oldEnvVars[common] != 
[13:25:08.660]                   envs[common]]
[13:25:08.660]                 NAMES <- toupper(changed)
[13:25:08.660]                 args <- list()
[13:25:08.660]                 for (kk in seq_along(NAMES)) {
[13:25:08.660]                   name <- changed[[kk]]
[13:25:08.660]                   NAME <- NAMES[[kk]]
[13:25:08.660]                   if (name != NAME && is.element(NAME, old_names)) 
[13:25:08.660]                     next
[13:25:08.660]                   args[[name]] <- ...future.oldEnvVars[[name]]
[13:25:08.660]                 }
[13:25:08.660]                 NAMES <- toupper(added)
[13:25:08.660]                 for (kk in seq_along(NAMES)) {
[13:25:08.660]                   name <- added[[kk]]
[13:25:08.660]                   NAME <- NAMES[[kk]]
[13:25:08.660]                   if (name != NAME && is.element(NAME, old_names)) 
[13:25:08.660]                     next
[13:25:08.660]                   args[[name]] <- ""
[13:25:08.660]                 }
[13:25:08.660]                 NAMES <- toupper(removed)
[13:25:08.660]                 for (kk in seq_along(NAMES)) {
[13:25:08.660]                   name <- removed[[kk]]
[13:25:08.660]                   NAME <- NAMES[[kk]]
[13:25:08.660]                   if (name != NAME && is.element(NAME, old_names)) 
[13:25:08.660]                     next
[13:25:08.660]                   args[[name]] <- ...future.oldEnvVars[[name]]
[13:25:08.660]                 }
[13:25:08.660]                 if (length(args) > 0) 
[13:25:08.660]                   base::do.call(base::Sys.setenv, args = args)
[13:25:08.660]                 args <- names <- old_names <- NAMES <- envs <- common <- added <- removed <- NULL
[13:25:08.660]             }
[13:25:08.660]             else {
[13:25:08.660]                 base::do.call(base::Sys.setenv, args = base::as.list(...future.oldEnvVars))
[13:25:08.660]             }
[13:25:08.660]             {
[13:25:08.660]                 if (base::length(...future.futureOptionsAdded) > 
[13:25:08.660]                   0L) {
[13:25:08.660]                   opts <- base::vector("list", length = base::length(...future.futureOptionsAdded))
[13:25:08.660]                   base::names(opts) <- ...future.futureOptionsAdded
[13:25:08.660]                   base::options(opts)
[13:25:08.660]                 }
[13:25:08.660]                 {
[13:25:08.660]                   {
[13:25:08.660]                     NULL
[13:25:08.660]                     RNGkind("Mersenne-Twister")
[13:25:08.660]                     base::rm(list = ".Random.seed", envir = base::globalenv(), 
[13:25:08.660]                       inherits = FALSE)
[13:25:08.660]                   }
[13:25:08.660]                   options(future.plan = NULL)
[13:25:08.660]                   if (is.na(NA_character_)) 
[13:25:08.660]                     Sys.unsetenv("R_FUTURE_PLAN")
[13:25:08.660]                   else Sys.setenv(R_FUTURE_PLAN = NA_character_)
[13:25:08.660]                   future::plan(list(function (..., envir = parent.frame()) 
[13:25:08.660]                   {
[13:25:08.660]                     future <- SequentialFuture(..., envir = envir)
[13:25:08.660]                     if (!future$lazy) 
[13:25:08.660]                       future <- run(future)
[13:25:08.660]                     invisible(future)
[13:25:08.660]                   }), .cleanup = FALSE, .init = FALSE)
[13:25:08.660]                 }
[13:25:08.660]             }
[13:25:08.660]         }
[13:25:08.660]     })
[13:25:08.660]     if (TRUE) {
[13:25:08.660]         base::sink(type = "output", split = FALSE)
[13:25:08.660]         if (TRUE) {
[13:25:08.660]             ...future.result$stdout <- base::rawToChar(base::rawConnectionValue(...future.stdout))
[13:25:08.660]         }
[13:25:08.660]         else {
[13:25:08.660]             ...future.result["stdout"] <- base::list(NULL)
[13:25:08.660]         }
[13:25:08.660]         base::close(...future.stdout)
[13:25:08.660]         ...future.stdout <- NULL
[13:25:08.660]     }
[13:25:08.660]     ...future.result$conditions <- ...future.conditions
[13:25:08.660]     ...future.result$finished <- base::Sys.time()
[13:25:08.660]     ...future.result
[13:25:08.660] }
[13:25:08.664] plan(): Setting new future strategy stack:
[13:25:08.665] List of future strategies:
[13:25:08.665] 1. sequential:
[13:25:08.665]    - args: function (..., envir = parent.frame())
[13:25:08.665]    - tweaked: FALSE
[13:25:08.665]    - call: NULL
[13:25:08.665] plan(): nbrOfWorkers() = 1
[13:25:08.666] plan(): Setting new future strategy stack:
[13:25:08.666] List of future strategies:
[13:25:08.666] 1. sequential:
[13:25:08.666]    - args: function (..., envir = parent.frame())
[13:25:08.666]    - tweaked: FALSE
[13:25:08.666]    - call: future::plan("sequential")
[13:25:08.667] plan(): nbrOfWorkers() = 1
[13:25:08.667] SequentialFuture started (and completed)
[13:25:08.667] - Launch lazy future ... done
[13:25:08.668] run() for ‘SequentialFuture’ ... done
> print(v)
[1] 2
> stopifnot(identical(v, 2L))
> 
> stopifnot("stats" %in% loadedNamespaces())
> 
> message("- SequentialFuture() - 'local = FALSE' is defunct ...")
- SequentialFuture() - 'local = FALSE' is defunct ...
> 
> res <- tryCatch({
+   f <- SequentialFuture(42, local = FALSE)
+ }, error = identity)
[13:25:08.670] getGlobalsAndPackages() ...
[13:25:08.670] Searching for globals...
[13:25:08.671] 
[13:25:08.671] Searching for globals ... DONE
[13:25:08.671] - globals: [0] <none>
[13:25:08.671] getGlobalsAndPackages() ... DONE
> stopifnot(inherits(res, "error"))
> 
> message("*** sequential() ... DONE")
*** sequential() ... DONE
> 
> source("incl/end.R")
[13:25:08.672] plan(): Setting new future strategy stack:
[13:25:08.672] List of future strategies:
[13:25:08.672] 1. FutureStrategy:
[13:25:08.672]    - args: function (..., envir = parent.frame())
[13:25:08.672]    - tweaked: FALSE
[13:25:08.672]    - call: future::plan(oplan)
[13:25:08.706] plan(): nbrOfWorkers() = 1
> 
