
R version 4.3.2 (2023-10-31) -- "Eye Holes"
Copyright (C) 2023 The R Foundation for Statistical Computing
Platform: x86_64-pc-linux-gnu (64-bit)

R is free software and comes with ABSOLUTELY NO WARRANTY.
You are welcome to redistribute it under certain conditions.
Type 'license()' or 'licence()' for distribution details.

R is a collaborative project with many contributors.
Type 'contributors()' for more information and
'citation()' on how to cite R or R packages in publications.

Type 'demo()' for some demos, 'help()' for on-line help, or
'help.start()' for an HTML browser interface to help.
Type 'q()' to quit R.

> source("incl/start.R")
[10:27:47.974] plan(): Setting new future strategy stack:
[10:27:47.975] List of future strategies:
[10:27:47.975] 1. sequential:
[10:27:47.975]    - args: function (..., envir = parent.frame())
[10:27:47.975]    - tweaked: FALSE
[10:27:47.975]    - call: future::plan("sequential")
[10:27:47.989] plan(): nbrOfWorkers() = 1
> 
> message("*** sequential() ...")
*** sequential() ...
> 
> message("- sequential() w/ required packages ...")
- sequential() w/ required packages ...
> 
> f <- future(median(1:3), lazy = TRUE)
[10:27:48.000] getGlobalsAndPackages() ...
[10:27:48.000] Searching for globals...
[10:27:48.004] - globals found: [2] ‘median’, ‘:’
[10:27:48.005] Searching for globals ... DONE
[10:27:48.005] Resolving globals: FALSE
[10:27:48.005] 
[10:27:48.005] - packages: [1] ‘stats’
[10:27:48.006] getGlobalsAndPackages() ... DONE
> print(f)
Future:
Label: ‘<none>’
Expression:
median(1:3)
Lazy evaluation: TRUE
Asynchronous evaluation: TRUE
Local evaluation: TRUE
Environment: R_GlobalEnv
Capture standard output: TRUE
Capture condition classes: ‘condition’ (excluding ‘nothing’)
Globals: <none>
Packages: 1 packages (‘stats’)
L'Ecuyer-CMRG RNG seed: <none> (seed = FALSE)
Resolved: FALSE
Value: <not collected>
Conditions captured: <none>
Early signaling: FALSE
Owner process: de07f571-b434-4229-e044-7974122c5ef3
Class: ‘Future’, ‘environment’
> 
> ## Doesn't work if covr that depends on stats is loaded
> try(unloadNamespace("stats"))
> 
> v <- value(f)
[10:27:48.009] run() for ‘Future’ ...
[10:27:48.009] - state: ‘created’
[10:27:48.009] - Future backend: ‘FutureStrategy’, ‘sequential’, ‘uniprocess’, ‘future’, ‘function’
[10:27:48.010] - Future class: ‘SequentialFuture’, ‘UniprocessFuture’, ‘Future’, ‘environment’
[10:27:48.010] - Copy elements of temporary ‘SequentialFuture’ to final ‘Future’ object ...
[10:27:48.010]   - Field: ‘label’
[10:27:48.010]   - Field: ‘local’
[10:27:48.010]   - Field: ‘owner’
[10:27:48.010]   - Field: ‘envir’
[10:27:48.010]   - Field: ‘packages’
[10:27:48.010]   - Field: ‘gc’
[10:27:48.010]   - Field: ‘conditions’
[10:27:48.010]   - Field: ‘expr’
[10:27:48.011]   - Field: ‘uuid’
[10:27:48.011]   - Field: ‘seed’
[10:27:48.011]   - Field: ‘version’
[10:27:48.011]   - Field: ‘result’
[10:27:48.011]   - Field: ‘asynchronous’
[10:27:48.011]   - Field: ‘calls’
[10:27:48.011]   - Field: ‘globals’
[10:27:48.011]   - Field: ‘stdout’
[10:27:48.011]   - Field: ‘earlySignal’
[10:27:48.011]   - Field: ‘lazy’
[10:27:48.011]   - Field: ‘state’
[10:27:48.012] - Copy elements of temporary ‘SequentialFuture’ to final ‘Future’ object ... done
[10:27:48.012] - Launch lazy future ...
[10:27:48.012] Packages needed by the future expression (n = 1): ‘stats’
[10:27:48.013] Packages needed by future strategies (n = 0): <none>
[10:27:48.059] {
[10:27:48.059]     {
[10:27:48.059]         {
[10:27:48.059]             ...future.startTime <- base::Sys.time()
[10:27:48.059]             {
[10:27:48.059]                 {
[10:27:48.059]                   {
[10:27:48.059]                     {
[10:27:48.059]                       base::local({
[10:27:48.059]                         has_future <- base::requireNamespace("future", 
[10:27:48.059]                           quietly = TRUE)
[10:27:48.059]                         if (has_future) {
[10:27:48.059]                           ns <- base::getNamespace("future")
[10:27:48.059]                           version <- ns[[".package"]][["version"]]
[10:27:48.059]                           if (is.null(version)) 
[10:27:48.059]                             version <- utils::packageVersion("future")
[10:27:48.059]                         }
[10:27:48.059]                         else {
[10:27:48.059]                           version <- NULL
[10:27:48.059]                         }
[10:27:48.059]                         if (!has_future || version < "1.8.0") {
[10:27:48.059]                           info <- base::c(r_version = base::gsub("R version ", 
[10:27:48.059]                             "", base::R.version$version.string), 
[10:27:48.059]                             platform = base::sprintf("%s (%s-bit)", 
[10:27:48.059]                               base::R.version$platform, 8 * base::.Machine$sizeof.pointer), 
[10:27:48.059]                             os = base::paste(base::Sys.info()[base::c("sysname", 
[10:27:48.059]                               "release", "version")], collapse = " "), 
[10:27:48.059]                             hostname = base::Sys.info()[["nodename"]])
[10:27:48.059]                           info <- base::sprintf("%s: %s", base::names(info), 
[10:27:48.059]                             info)
[10:27:48.059]                           info <- base::paste(info, collapse = "; ")
[10:27:48.059]                           if (!has_future) {
[10:27:48.059]                             msg <- base::sprintf("Package 'future' is not installed on worker (%s)", 
[10:27:48.059]                               info)
[10:27:48.059]                           }
[10:27:48.059]                           else {
[10:27:48.059]                             msg <- base::sprintf("Package 'future' on worker (%s) must be of version >= 1.8.0: %s", 
[10:27:48.059]                               info, version)
[10:27:48.059]                           }
[10:27:48.059]                           base::stop(msg)
[10:27:48.059]                         }
[10:27:48.059]                       })
[10:27:48.059]                     }
[10:27:48.059]                     base::local({
[10:27:48.059]                       for (pkg in "stats") {
[10:27:48.059]                         base::loadNamespace(pkg)
[10:27:48.059]                         base::library(pkg, character.only = TRUE)
[10:27:48.059]                       }
[10:27:48.059]                     })
[10:27:48.059]                   }
[10:27:48.059]                   options(future.plan = NULL)
[10:27:48.059]                   Sys.unsetenv("R_FUTURE_PLAN")
[10:27:48.059]                   future::plan("default", .cleanup = FALSE, .init = FALSE)
[10:27:48.059]                 }
[10:27:48.059]                 ...future.workdir <- getwd()
[10:27:48.059]             }
[10:27:48.059]             ...future.oldOptions <- base::as.list(base::.Options)
[10:27:48.059]             ...future.oldEnvVars <- base::Sys.getenv()
[10:27:48.059]         }
[10:27:48.059]         base::options(future.startup.script = FALSE, future.globals.onMissing = NULL, 
[10:27:48.059]             future.globals.maxSize = NULL, future.globals.method = NULL, 
[10:27:48.059]             future.globals.onMissing = NULL, future.globals.onReference = NULL, 
[10:27:48.059]             future.globals.resolve = NULL, future.resolve.recursive = NULL, 
[10:27:48.059]             future.rng.onMisuse = NULL, future.rng.onMisuse.keepFuture = NULL, 
[10:27:48.059]             future.stdout.windows.reencode = NULL, width = 80L)
[10:27:48.059]         ...future.futureOptionsAdded <- base::setdiff(base::names(base::.Options), 
[10:27:48.059]             base::names(...future.oldOptions))
[10:27:48.059]     }
[10:27:48.059]     if (FALSE) {
[10:27:48.059]     }
[10:27:48.059]     else {
[10:27:48.059]         if (TRUE) {
[10:27:48.059]             ...future.stdout <- base::rawConnection(base::raw(0L), 
[10:27:48.059]                 open = "w")
[10:27:48.059]         }
[10:27:48.059]         else {
[10:27:48.059]             ...future.stdout <- base::file(base::switch(.Platform$OS.type, 
[10:27:48.059]                 windows = "NUL", "/dev/null"), open = "w")
[10:27:48.059]         }
[10:27:48.059]         base::sink(...future.stdout, type = "output", split = FALSE)
[10:27:48.059]         base::on.exit(if (!base::is.null(...future.stdout)) {
[10:27:48.059]             base::sink(type = "output", split = FALSE)
[10:27:48.059]             base::close(...future.stdout)
[10:27:48.059]         }, add = TRUE)
[10:27:48.059]     }
[10:27:48.059]     ...future.frame <- base::sys.nframe()
[10:27:48.059]     ...future.conditions <- base::list()
[10:27:48.059]     ...future.rng <- base::globalenv()$.Random.seed
[10:27:48.059]     if (FALSE) {
[10:27:48.059]         ...future.globalenv.names <- c(base::names(base::.GlobalEnv), 
[10:27:48.059]             "...future.value", "...future.globalenv.names", ".Random.seed")
[10:27:48.059]     }
[10:27:48.059]     ...future.result <- base::tryCatch({
[10:27:48.059]         base::withCallingHandlers({
[10:27:48.059]             ...future.value <- base::withVisible(base::local(median(1:3)))
[10:27:48.059]             future::FutureResult(value = ...future.value$value, 
[10:27:48.059]                 visible = ...future.value$visible, rng = !identical(base::globalenv()$.Random.seed, 
[10:27:48.059]                   ...future.rng), globalenv = if (FALSE) 
[10:27:48.059]                   list(added = base::setdiff(base::names(base::.GlobalEnv), 
[10:27:48.059]                     ...future.globalenv.names))
[10:27:48.059]                 else NULL, started = ...future.startTime, version = "1.8")
[10:27:48.059]         }, condition = base::local({
[10:27:48.059]             c <- base::c
[10:27:48.059]             inherits <- base::inherits
[10:27:48.059]             invokeRestart <- base::invokeRestart
[10:27:48.059]             length <- base::length
[10:27:48.059]             list <- base::list
[10:27:48.059]             seq.int <- base::seq.int
[10:27:48.059]             signalCondition <- base::signalCondition
[10:27:48.059]             sys.calls <- base::sys.calls
[10:27:48.059]             `[[` <- base::`[[`
[10:27:48.059]             `+` <- base::`+`
[10:27:48.059]             `<<-` <- base::`<<-`
[10:27:48.059]             sysCalls <- function(calls = sys.calls(), from = 1L) {
[10:27:48.059]                 calls[seq.int(from = from + 12L, to = length(calls) - 
[10:27:48.059]                   3L)]
[10:27:48.059]             }
[10:27:48.059]             function(cond) {
[10:27:48.059]                 is_error <- inherits(cond, "error")
[10:27:48.059]                 ignore <- !is_error && !is.null(NULL) && inherits(cond, 
[10:27:48.059]                   NULL)
[10:27:48.059]                 if (is_error) {
[10:27:48.059]                   sessionInformation <- function() {
[10:27:48.059]                     list(r = base::R.Version(), locale = base::Sys.getlocale(), 
[10:27:48.059]                       rngkind = base::RNGkind(), namespaces = base::loadedNamespaces(), 
[10:27:48.059]                       search = base::search(), system = base::Sys.info())
[10:27:48.059]                   }
[10:27:48.059]                   ...future.conditions[[length(...future.conditions) + 
[10:27:48.059]                     1L]] <<- list(condition = cond, calls = c(sysCalls(from = ...future.frame), 
[10:27:48.059]                     cond$call), session = sessionInformation(), 
[10:27:48.059]                     timestamp = base::Sys.time(), signaled = 0L)
[10:27:48.059]                   signalCondition(cond)
[10:27:48.059]                 }
[10:27:48.059]                 else if (!ignore && TRUE && inherits(cond, c("condition", 
[10:27:48.059]                 "immediateCondition"))) {
[10:27:48.059]                   signal <- TRUE && inherits(cond, "immediateCondition")
[10:27:48.059]                   ...future.conditions[[length(...future.conditions) + 
[10:27:48.059]                     1L]] <<- list(condition = cond, signaled = base::as.integer(signal))
[10:27:48.059]                   if (TRUE && !signal) {
[10:27:48.059]                     muffleCondition <- function (cond, pattern = "^muffle") 
[10:27:48.059]                     {
[10:27:48.059]                       inherits <- base::inherits
[10:27:48.059]                       invokeRestart <- base::invokeRestart
[10:27:48.059]                       is.null <- base::is.null
[10:27:48.059]                       muffled <- FALSE
[10:27:48.059]                       if (inherits(cond, "message")) {
[10:27:48.059]                         muffled <- grepl(pattern, "muffleMessage")
[10:27:48.059]                         if (muffled) 
[10:27:48.059]                           invokeRestart("muffleMessage")
[10:27:48.059]                       }
[10:27:48.059]                       else if (inherits(cond, "warning")) {
[10:27:48.059]                         muffled <- grepl(pattern, "muffleWarning")
[10:27:48.059]                         if (muffled) 
[10:27:48.059]                           invokeRestart("muffleWarning")
[10:27:48.059]                       }
[10:27:48.059]                       else if (inherits(cond, "condition")) {
[10:27:48.059]                         if (!is.null(pattern)) {
[10:27:48.059]                           computeRestarts <- base::computeRestarts
[10:27:48.059]                           grepl <- base::grepl
[10:27:48.059]                           restarts <- computeRestarts(cond)
[10:27:48.059]                           for (restart in restarts) {
[10:27:48.059]                             name <- restart$name
[10:27:48.059]                             if (is.null(name)) 
[10:27:48.059]                               next
[10:27:48.059]                             if (!grepl(pattern, name)) 
[10:27:48.059]                               next
[10:27:48.059]                             invokeRestart(restart)
[10:27:48.059]                             muffled <- TRUE
[10:27:48.059]                             break
[10:27:48.059]                           }
[10:27:48.059]                         }
[10:27:48.059]                       }
[10:27:48.059]                       invisible(muffled)
[10:27:48.059]                     }
[10:27:48.059]                     muffleCondition(cond, pattern = "^muffle")
[10:27:48.059]                   }
[10:27:48.059]                 }
[10:27:48.059]                 else {
[10:27:48.059]                   if (TRUE) {
[10:27:48.059]                     muffleCondition <- function (cond, pattern = "^muffle") 
[10:27:48.059]                     {
[10:27:48.059]                       inherits <- base::inherits
[10:27:48.059]                       invokeRestart <- base::invokeRestart
[10:27:48.059]                       is.null <- base::is.null
[10:27:48.059]                       muffled <- FALSE
[10:27:48.059]                       if (inherits(cond, "message")) {
[10:27:48.059]                         muffled <- grepl(pattern, "muffleMessage")
[10:27:48.059]                         if (muffled) 
[10:27:48.059]                           invokeRestart("muffleMessage")
[10:27:48.059]                       }
[10:27:48.059]                       else if (inherits(cond, "warning")) {
[10:27:48.059]                         muffled <- grepl(pattern, "muffleWarning")
[10:27:48.059]                         if (muffled) 
[10:27:48.059]                           invokeRestart("muffleWarning")
[10:27:48.059]                       }
[10:27:48.059]                       else if (inherits(cond, "condition")) {
[10:27:48.059]                         if (!is.null(pattern)) {
[10:27:48.059]                           computeRestarts <- base::computeRestarts
[10:27:48.059]                           grepl <- base::grepl
[10:27:48.059]                           restarts <- computeRestarts(cond)
[10:27:48.059]                           for (restart in restarts) {
[10:27:48.059]                             name <- restart$name
[10:27:48.059]                             if (is.null(name)) 
[10:27:48.059]                               next
[10:27:48.059]                             if (!grepl(pattern, name)) 
[10:27:48.059]                               next
[10:27:48.059]                             invokeRestart(restart)
[10:27:48.059]                             muffled <- TRUE
[10:27:48.059]                             break
[10:27:48.059]                           }
[10:27:48.059]                         }
[10:27:48.059]                       }
[10:27:48.059]                       invisible(muffled)
[10:27:48.059]                     }
[10:27:48.059]                     muffleCondition(cond, pattern = "^muffle")
[10:27:48.059]                   }
[10:27:48.059]                 }
[10:27:48.059]             }
[10:27:48.059]         }))
[10:27:48.059]     }, error = function(ex) {
[10:27:48.059]         base::structure(base::list(value = NULL, visible = NULL, 
[10:27:48.059]             conditions = ...future.conditions, rng = !identical(base::globalenv()$.Random.seed, 
[10:27:48.059]                 ...future.rng), started = ...future.startTime, 
[10:27:48.059]             finished = Sys.time(), session_uuid = NA_character_, 
[10:27:48.059]             version = "1.8"), class = "FutureResult")
[10:27:48.059]     }, finally = {
[10:27:48.059]         if (!identical(...future.workdir, getwd())) 
[10:27:48.059]             setwd(...future.workdir)
[10:27:48.059]         {
[10:27:48.059]             if (identical(getOption("nwarnings"), ...future.oldOptions$nwarnings)) {
[10:27:48.059]                 ...future.oldOptions$nwarnings <- NULL
[10:27:48.059]             }
[10:27:48.059]             base::options(...future.oldOptions)
[10:27:48.059]             if (.Platform$OS.type == "windows") {
[10:27:48.059]                 old_names <- names(...future.oldEnvVars)
[10:27:48.059]                 envs <- base::Sys.getenv()
[10:27:48.059]                 names <- names(envs)
[10:27:48.059]                 common <- intersect(names, old_names)
[10:27:48.059]                 added <- setdiff(names, old_names)
[10:27:48.059]                 removed <- setdiff(old_names, names)
[10:27:48.059]                 changed <- common[...future.oldEnvVars[common] != 
[10:27:48.059]                   envs[common]]
[10:27:48.059]                 NAMES <- toupper(changed)
[10:27:48.059]                 args <- list()
[10:27:48.059]                 for (kk in seq_along(NAMES)) {
[10:27:48.059]                   name <- changed[[kk]]
[10:27:48.059]                   NAME <- NAMES[[kk]]
[10:27:48.059]                   if (name != NAME && is.element(NAME, old_names)) 
[10:27:48.059]                     next
[10:27:48.059]                   args[[name]] <- ...future.oldEnvVars[[name]]
[10:27:48.059]                 }
[10:27:48.059]                 NAMES <- toupper(added)
[10:27:48.059]                 for (kk in seq_along(NAMES)) {
[10:27:48.059]                   name <- added[[kk]]
[10:27:48.059]                   NAME <- NAMES[[kk]]
[10:27:48.059]                   if (name != NAME && is.element(NAME, old_names)) 
[10:27:48.059]                     next
[10:27:48.059]                   args[[name]] <- ""
[10:27:48.059]                 }
[10:27:48.059]                 NAMES <- toupper(removed)
[10:27:48.059]                 for (kk in seq_along(NAMES)) {
[10:27:48.059]                   name <- removed[[kk]]
[10:27:48.059]                   NAME <- NAMES[[kk]]
[10:27:48.059]                   if (name != NAME && is.element(NAME, old_names)) 
[10:27:48.059]                     next
[10:27:48.059]                   args[[name]] <- ...future.oldEnvVars[[name]]
[10:27:48.059]                 }
[10:27:48.059]                 if (length(args) > 0) 
[10:27:48.059]                   base::do.call(base::Sys.setenv, args = args)
[10:27:48.059]                 args <- names <- old_names <- NAMES <- envs <- common <- added <- removed <- NULL
[10:27:48.059]             }
[10:27:48.059]             else {
[10:27:48.059]                 base::do.call(base::Sys.setenv, args = base::as.list(...future.oldEnvVars))
[10:27:48.059]             }
[10:27:48.059]             {
[10:27:48.059]                 if (base::length(...future.futureOptionsAdded) > 
[10:27:48.059]                   0L) {
[10:27:48.059]                   opts <- base::vector("list", length = base::length(...future.futureOptionsAdded))
[10:27:48.059]                   base::names(opts) <- ...future.futureOptionsAdded
[10:27:48.059]                   base::options(opts)
[10:27:48.059]                 }
[10:27:48.059]                 {
[10:27:48.059]                   {
[10:27:48.059]                     NULL
[10:27:48.059]                     RNGkind("Mersenne-Twister")
[10:27:48.059]                     base::rm(list = ".Random.seed", envir = base::globalenv(), 
[10:27:48.059]                       inherits = FALSE)
[10:27:48.059]                   }
[10:27:48.059]                   options(future.plan = NULL)
[10:27:48.059]                   if (is.na(NA_character_)) 
[10:27:48.059]                     Sys.unsetenv("R_FUTURE_PLAN")
[10:27:48.059]                   else Sys.setenv(R_FUTURE_PLAN = NA_character_)
[10:27:48.059]                   future::plan(list(function (..., envir = parent.frame()) 
[10:27:48.059]                   {
[10:27:48.059]                     future <- SequentialFuture(..., envir = envir)
[10:27:48.059]                     if (!future$lazy) 
[10:27:48.059]                       future <- run(future)
[10:27:48.059]                     invisible(future)
[10:27:48.059]                   }), .cleanup = FALSE, .init = FALSE)
[10:27:48.059]                 }
[10:27:48.059]             }
[10:27:48.059]         }
[10:27:48.059]     })
[10:27:48.059]     if (TRUE) {
[10:27:48.059]         base::sink(type = "output", split = FALSE)
[10:27:48.059]         if (TRUE) {
[10:27:48.059]             ...future.result$stdout <- base::rawToChar(base::rawConnectionValue(...future.stdout))
[10:27:48.059]         }
[10:27:48.059]         else {
[10:27:48.059]             ...future.result["stdout"] <- base::list(NULL)
[10:27:48.059]         }
[10:27:48.059]         base::close(...future.stdout)
[10:27:48.059]         ...future.stdout <- NULL
[10:27:48.059]     }
[10:27:48.059]     ...future.result$conditions <- ...future.conditions
[10:27:48.059]     ...future.result$finished <- base::Sys.time()
[10:27:48.059]     ...future.result
[10:27:48.059] }
[10:27:48.064] plan(): Setting new future strategy stack:
[10:27:48.064] List of future strategies:
[10:27:48.064] 1. sequential:
[10:27:48.064]    - args: function (..., envir = parent.frame())
[10:27:48.064]    - tweaked: FALSE
[10:27:48.064]    - call: NULL
[10:27:48.065] plan(): nbrOfWorkers() = 1
[10:27:48.066] plan(): Setting new future strategy stack:
[10:27:48.066] List of future strategies:
[10:27:48.066] 1. sequential:
[10:27:48.066]    - args: function (..., envir = parent.frame())
[10:27:48.066]    - tweaked: FALSE
[10:27:48.066]    - call: future::plan("sequential")
[10:27:48.067] plan(): nbrOfWorkers() = 1
[10:27:48.067] SequentialFuture started (and completed)
[10:27:48.067] - Launch lazy future ... done
[10:27:48.067] run() for ‘SequentialFuture’ ... done
> print(v)
[1] 2
> stopifnot(identical(v, 2L))
> 
> stopifnot("stats" %in% loadedNamespaces())
> 
> message("- SequentialFuture() - 'local = FALSE' is defunct ...")
- SequentialFuture() - 'local = FALSE' is defunct ...
> 
> res <- tryCatch({
+   f <- SequentialFuture(42, local = FALSE)
+ }, error = identity)
[10:27:48.071] getGlobalsAndPackages() ...
[10:27:48.071] Searching for globals...
[10:27:48.071] 
[10:27:48.071] Searching for globals ... DONE
[10:27:48.072] - globals: [0] <none>
[10:27:48.072] getGlobalsAndPackages() ... DONE
> stopifnot(inherits(res, "error"))
> 
> message("*** sequential() ... DONE")
*** sequential() ... DONE
> 
> source("incl/end.R")
[10:27:48.072] plan(): Setting new future strategy stack:
[10:27:48.073] List of future strategies:
[10:27:48.073] 1. FutureStrategy:
[10:27:48.073]    - args: function (..., envir = parent.frame())
[10:27:48.073]    - tweaked: FALSE
[10:27:48.073]    - call: future::plan(oplan)
[10:27:48.114] plan(): nbrOfWorkers() = 1
> 
