
R version 4.3.2 (2023-10-31) -- "Eye Holes"
Copyright (C) 2023 The R Foundation for Statistical Computing
Platform: x86_64-pc-linux-gnu (64-bit)

R is free software and comes with ABSOLUTELY NO WARRANTY.
You are welcome to redistribute it under certain conditions.
Type 'license()' or 'licence()' for distribution details.

R is a collaborative project with many contributors.
Type 'contributors()' for more information and
'citation()' on how to cite R or R packages in publications.

Type 'demo()' for some demos, 'help()' for on-line help, or
'help.start()' for an HTML browser interface to help.
Type 'q()' to quit R.

> source("incl/start,load-only.R")
[13:25:13.451] plan(): Setting new future strategy stack:
[13:25:13.452] List of future strategies:
[13:25:13.452] 1. sequential:
[13:25:13.452]    - args: function (..., envir = parent.frame())
[13:25:13.452]    - tweaked: FALSE
[13:25:13.452]    - call: future::plan("sequential")
[13:25:13.462] plan(): nbrOfWorkers() = 1
> 
> message("*** Tweaking future strategies ...")
*** Tweaking future strategies ...
> 
> message("*** y <- tweak(future::sequential) ...")
*** y <- tweak(future::sequential) ...
> sequential2 <- future::tweak(future::sequential)
> print(args(sequential2))
function (..., envir = parent.frame()) 
NULL
> stopifnot(identical(sequential2, future::sequential))
> stopifnot(!inherits(sequential2, "tweaked"))
> 
> 
> message("*** y <- tweak(future::sequential, abc = FALSE) ...")
*** y <- tweak(future::sequential, abc = FALSE) ...
> sequential2 <- future::tweak(future::sequential, abc = FALSE)
Warning: Detected 1 unknown future arguments: ‘abc’
> print(args(sequential2))
function (..., abc = FALSE, envir = parent.frame()) 
NULL
> stopifnot(!identical(sequential2, future::sequential))
> stopifnot(inherits(sequential2, "tweaked"))
> stopifnot(identical(formals(sequential2)$abc, FALSE))
> 
> 
> message("*** y <- tweak('sequential', abc = FALSE) ...")
*** y <- tweak('sequential', abc = FALSE) ...
> sequential2 <- future::tweak("sequential", abc = FALSE)
Warning: Detected 1 unknown future arguments: ‘abc’
> print(args(sequential2))
function (..., abc = FALSE, envir = parent.frame()) 
NULL
> stopifnot(!identical(sequential2, future::sequential))
> stopifnot(inherits(sequential2, "tweaked"))
> stopifnot(identical(formals(sequential2)$abc, FALSE))
> 
> 
> library("future")
[13:25:13.478] Option 'future.startup.script': TRUE
[13:25:13.479] Future startup scripts considered: ‘.future.R’, ‘~/.future.R’
[13:25:13.479] Future startup scripts found: <none>
> 
> message("*** y <- tweak(sequential, abc = FALSE) ...")
*** y <- tweak(sequential, abc = FALSE) ...
> sequential2 <- future::tweak(sequential, abc = FALSE)
Warning: Detected 1 unknown future arguments: ‘abc’
> print(args(sequential2))
function (..., abc = FALSE, envir = parent.frame()) 
NULL
> stopifnot(!identical(sequential2, future::sequential))
> stopifnot(inherits(sequential2, "tweaked"))
> stopifnot(identical(formals(sequential2)$abc, FALSE))
> 
> message("*** y <- tweak('sequential', abc = FALSE) ...")
*** y <- tweak('sequential', abc = FALSE) ...
> sequential2 <- future::tweak('sequential', abc = FALSE)
Warning: Detected 1 unknown future arguments: ‘abc’
> print(args(sequential2))
function (..., abc = FALSE, envir = parent.frame()) 
NULL
> stopifnot(!identical(sequential2, future::sequential))
> stopifnot(inherits(sequential2, "tweaked"))
> stopifnot(identical(formals(sequential2)$abc, FALSE))
> 
> 
> message("*** y <- tweak('sequential', abc = FALSE, abc = 1, def = TRUE) ...")
*** y <- tweak('sequential', abc = FALSE, abc = 1, def = TRUE) ...
> res <- tryCatch({
+   sequential2 <- future::tweak('sequential', abc = FALSE, abc = 1, def = TRUE)
+ }, warning = function(w) {
+   w
+ })
> stopifnot(inherits(res, "warning"))
> sequential2 <- future::tweak('sequential', abc = FALSE, abc = 1, def = TRUE)
Warning: Detected 2 unknown future arguments: ‘abc’, ‘def’
> print(args(sequential2))
function (..., abc = FALSE, def = TRUE, envir = parent.frame()) 
NULL
> stopifnot(!identical(sequential2, future::sequential))
> stopifnot(inherits(sequential2, "tweaked"))
> stopifnot(identical(formals(sequential2)$abc, FALSE))
> 
> 
> 
> message("*** y <- tweak(cluster, rscript_startup = quote(...)) ...")
*** y <- tweak(cluster, rscript_startup = quote(...)) ...
> cl <- 42L
> cluster2 <- tweak(cluster, workers = cl, rscript_startup = quote(options(abc = 42L)))
> print(args(cluster2))
function (..., workers = 42L, rscript_startup = quote(options(abc = 42L)), 
    envir = parent.frame()) 
NULL
> stopifnot(!identical(cluster2, future::cluster))
> stopifnot(inherits(cluster2, "tweaked"))
> formals2 <- formals(cluster2)
> stopifnot(identical(formals2$workers, cl))
> stopifnot("rscript_startup" %in% names(formals2))
> rscript_startup <- formals2$rscript_startup
> stopifnot(!is.null(rscript_startup),
+           is.language(rscript_startup), is.call(rscript_startup))
> value <- eval(rscript_startup)
> stopifnot(is.language(value), is.call(value))
> 
> 
> message("*** plan() - tweak without introducting package dependencies ...")
*** plan() - tweak without introducting package dependencies ...
> 
> ## Requires a auxillary package that is available and not already loaded
> if (!covr_testing && requireNamespace("grid")) {
+   local({
+     cl <- makeClusterPSOCK(1L)
+     on.exit(parallel:::stopCluster(cl))
+     ns0 <- unlist(parallel::clusterEvalQ(cl, loadedNamespaces()))
+ 
+     ## When using futures, the 'future' package is loaded on the worker
+     ns0 <- c(ns0, c("tools", "parallelly",
+                     "codetools", "digest", "globals", "listenv", "future"))
+     if (!is.element("grid", ns0)) {
+       ## Assert that a global copy from a package does not trigger
+       ## that package from being loaded on the worker
+       dummy <- grid::depth
+       oplan <- future::plan(future::cluster, workers = cl)
+       on.exit(future::plan(oplan), add = TRUE)
+       ns <- unlist(parallel::clusterEvalQ(cl, loadedNamespaces()))
+       diff <- setdiff(ns, ns0)
+       if ("covr" %in% diff) diff <- setdiff(diff, c("lazyeval", "rex", "covr"))
+       if (length(diff) > 0) {
+         print(loadedNamespaces())
+         stop("plan() with a tweak() causes new packages to be loaded: ", sQuote(paste(diff, collapse = ", ")))
+       }
+     }
+   })
+ }
Loading required namespace: grid
[13:25:13.495] [local output] makeClusterPSOCK() ...
[13:25:13.527] [local output] Workers: [n = 1] ‘localhost’
[13:25:13.528] [local output] Base port: 11527
[13:25:13.528] [local output] Getting setup options for 1 cluster nodes ...
[13:25:13.528] [local output]  - Node 1 of 1 ...
[13:25:13.528] [local output] localMachine=TRUE => revtunnel=FALSE

[13:25:13.529] Testing if worker's PID can be inferred: ‘'/usr/local/lib/R/bin/Rscript' -e 'try(suppressWarnings(cat(Sys.getpid(),file="/tmp/Rtmp1dMqNM/worker.rank=1.parallelly.parent=93730.16e22348447d5.pid")), silent = TRUE)' -e 'file.exists("/tmp/Rtmp1dMqNM/worker.rank=1.parallelly.parent=93730.16e22348447d5.pid")'’
[13:25:13.718] - Possible to infer worker's PID: TRUE
[13:25:13.719] [local output] Rscript port: 11527

[13:25:13.719] [local output] Getting setup options for 1 cluster nodes ... done
[13:25:13.719] [local output]  - Parallel setup requested for some PSOCK nodes
[13:25:13.720] [local output] Setting up PSOCK nodes in parallel
[13:25:13.720] List of 36
[13:25:13.720]  $ worker          : chr "localhost"
[13:25:13.720]   ..- attr(*, "localhost")= logi TRUE
[13:25:13.720]  $ master          : chr "localhost"
[13:25:13.720]  $ port            : int 11527
[13:25:13.720]  $ connectTimeout  : num 120
[13:25:13.720]  $ timeout         : num 2592000
[13:25:13.720]  $ rscript         : chr "'/usr/local/lib/R/bin/Rscript'"
[13:25:13.720]  $ homogeneous     : logi TRUE
[13:25:13.720]  $ rscript_args    : chr "--default-packages=datasets,utils,grDevices,graphics,stats,methods -e 'try(suppressWarnings(cat(Sys.getpid(),fi"| __truncated__
[13:25:13.720]  $ rscript_envs    : NULL
[13:25:13.720]  $ rscript_libs    : NULL
[13:25:13.720]  $ rscript_startup : NULL
[13:25:13.720]  $ rscript_sh      : chr "sh"
[13:25:13.720]  $ default_packages: chr [1:6] "datasets" "utils" "grDevices" "graphics" ...
[13:25:13.720]  $ methods         : logi TRUE
[13:25:13.720]  $ socketOptions   : chr "no-delay"
[13:25:13.720]  $ useXDR          : logi FALSE
[13:25:13.720]  $ outfile         : chr "/dev/null"
[13:25:13.720]  $ renice          : int NA
[13:25:13.720]  $ rshcmd          : NULL
[13:25:13.720]  $ user            : chr(0) 
[13:25:13.720]  $ revtunnel       : logi FALSE
[13:25:13.720]  $ rshlogfile      : NULL
[13:25:13.720]  $ rshopts         : chr(0) 
[13:25:13.720]  $ rank            : int 1
[13:25:13.720]  $ manual          : logi FALSE
[13:25:13.720]  $ dryrun          : logi FALSE
[13:25:13.720]  $ quiet           : logi FALSE
[13:25:13.720]  $ setup_strategy  : chr "parallel"
[13:25:13.720]  $ local_cmd       : chr "'/usr/local/lib/R/bin/Rscript' --default-packages=datasets,utils,grDevices,graphics,stats,methods -e 'try(suppr"| __truncated__
[13:25:13.720]  $ pidfile         : chr "/tmp/Rtmp1dMqNM/worker.rank=1.parallelly.parent=93730.16e22348447d5.pid"
[13:25:13.720]  $ rshcmd_label    : NULL
[13:25:13.720]  $ rsh_call        : NULL
[13:25:13.720]  $ cmd             : chr "'/usr/local/lib/R/bin/Rscript' --default-packages=datasets,utils,grDevices,graphics,stats,methods -e 'try(suppr"| __truncated__
[13:25:13.720]  $ localMachine    : logi TRUE
[13:25:13.720]  $ make_fcn        :function (worker = getOption2("parallelly.localhost.hostname", "localhost"), 
[13:25:13.720]     master = NULL, port, connectTimeout = getOption2("parallelly.makeNodePSOCK.connectTimeout", 
[13:25:13.720]         2 * 60), timeout = getOption2("parallelly.makeNodePSOCK.timeout", 
[13:25:13.720]         30 * 24 * 60 * 60), rscript = NULL, homogeneous = NULL, rscript_args = NULL, 
[13:25:13.720]     rscript_envs = NULL, rscript_libs = NULL, rscript_startup = NULL, rscript_sh = c("auto", 
[13:25:13.720]         "cmd", "sh"), default_packages = c("datasets", "utils", "grDevices", 
[13:25:13.720]         "graphics", "stats", if (methods) "methods"), methods = TRUE, socketOptions = getOption2("parallelly.makeNodePSOCK.socketOptions", 
[13:25:13.720]         "no-delay"), useXDR = getOption2("parallelly.makeNodePSOCK.useXDR", 
[13:25:13.720]         FALSE), outfile = "/dev/null", renice = NA_integer_, rshcmd = getOption2("parallelly.makeNodePSOCK.rshcmd", 
[13:25:13.720]         NULL), user = NULL, revtunnel = NA, rshlogfile = NULL, rshopts = getOption2("parallelly.makeNodePSOCK.rshopts", 
[13:25:13.720]         NULL), rank = 1L, manual = FALSE, dryrun = FALSE, quiet = FALSE, 
[13:25:13.720]     setup_strategy = getOption2("parallelly.makeNodePSOCK.setup_strategy", 
[13:25:13.720]         "parallel"), action = c("launch", "options"), verbose = FALSE)  
[13:25:13.720]  $ arguments       :List of 28
[13:25:13.720]   ..$ worker          : chr "localhost"
[13:25:13.720]   ..$ master          : NULL
[13:25:13.720]   ..$ port            : int 11527
[13:25:13.720]   ..$ connectTimeout  : num 120
[13:25:13.720]   ..$ timeout         : num 2592000
[13:25:13.720]   ..$ rscript         : NULL
[13:25:13.720]   ..$ homogeneous     : NULL
[13:25:13.720]   ..$ rscript_args    : NULL
[13:25:13.720]   ..$ rscript_envs    : NULL
[13:25:13.720]   ..$ rscript_libs    : NULL
[13:25:13.720]   ..$ rscript_startup : NULL
[13:25:13.720]   ..$ rscript_sh      : chr [1:3] "auto" "cmd" "sh"
[13:25:13.720]   ..$ default_packages: chr [1:6] "datasets" "utils" "grDevices" "graphics" ...
[13:25:13.720]   ..$ methods         : logi TRUE
[13:25:13.720]   ..$ socketOptions   : chr "no-delay"
[13:25:13.720]   ..$ useXDR          : logi FALSE
[13:25:13.720]   ..$ outfile         : chr "/dev/null"
[13:25:13.720]   ..$ renice          : int NA
[13:25:13.720]   ..$ rshcmd          : NULL
[13:25:13.720]   ..$ user            : NULL
[13:25:13.720]   ..$ revtunnel       : logi NA
[13:25:13.720]   ..$ rshlogfile      : NULL
[13:25:13.720]   ..$ rshopts         : NULL
[13:25:13.720]   ..$ rank            : int 1
[13:25:13.720]   ..$ manual          : logi FALSE
[13:25:13.720]   ..$ dryrun          : logi FALSE
[13:25:13.720]   ..$ quiet           : logi FALSE
[13:25:13.720]   ..$ setup_strategy  : chr "parallel"
[13:25:13.720]  - attr(*, "class")= chr [1:2] "makeNodePSOCKOptions" "makeNodeOptions"
[13:25:13.739] [local output] System call to launch all workers:
[13:25:13.739] [local output] '/usr/local/lib/R/bin/Rscript' --default-packages=datasets,utils,grDevices,graphics,stats,methods -e 'try(suppressWarnings(cat(Sys.getpid(),file="/tmp/Rtmp1dMqNM/worker.rank=1.parallelly.parent=93730.16e22348447d5.pid")), silent = TRUE)' -e 'options(socketOptions = "no-delay")' -e 'workRSOCK <- tryCatch(parallel:::.workRSOCK, error=function(e) parallel:::.slaveRSOCK); workRSOCK()' MASTER=localhost PORT=11527 OUT=/dev/null TIMEOUT=2592000 XDR=FALSE SETUPTIMEOUT=120 SETUPSTRATEGY=parallel
[13:25:13.739] [local output] Starting PSOCK main server
[13:25:13.745] [local output] Workers launched
[13:25:13.745] [local output] Waiting for workers to connect back
[13:25:13.745]  - [local output] 0 workers out of 1 ready
[13:25:13.938]  - [local output] 0 workers out of 1 ready
[13:25:13.938]  - [local output] 1 workers out of 1 ready
[13:25:13.938] [local output] Launching of workers completed
[13:25:13.938] [local output] Collecting session information from workers
[13:25:13.939] [local output]  - Worker #1 of 1
[13:25:13.939] [local output] makeClusterPSOCK() ... done
[13:25:13.940] plan(): Setting new future strategy stack:
[13:25:13.940] List of future strategies:
[13:25:13.940] 1. cluster:
[13:25:13.940]    - args: function (..., workers = "<Socket cluster with 1 nodes where 1 node is on host ‘localhost’ (R version 4.3.2 (2023-10-31), platform x86_64-pc-linux-gnu)>", envir = parent.frame())
[13:25:13.940]    - tweaked: TRUE
[13:25:13.940]    - call: future::plan(future::cluster, workers = cl)
[13:25:13.957] plan(): plan_init() of ‘tweaked’, ‘cluster’, ‘multiprocess’, ‘future’, ‘function’ ...
[13:25:13.958] cluster:
[13:25:13.958] - args: function (..., workers = "<Socket cluster with 1 nodes where 1 node is on host ‘localhost’ (R version 4.3.2 (2023-10-31), platform x86_64-pc-linux-gnu)>", envir = parent.frame())
[13:25:13.958] - tweaked: TRUE
[13:25:13.958] - call: future::plan(future::cluster, workers = cl)
[13:25:13.961] getGlobalsAndPackages() ...
[13:25:13.961] Not searching for globals
[13:25:13.961] - globals: [0] <none>
[13:25:13.961] getGlobalsAndPackages() ... DONE
[13:25:13.968] Packages needed by the future expression (n = 0): <none>
[13:25:13.968] Packages needed by future strategies (n = 0): <none>
[13:25:13.969] {
[13:25:13.969]     {
[13:25:13.969]         {
[13:25:13.969]             ...future.startTime <- base::Sys.time()
[13:25:13.969]             {
[13:25:13.969]                 {
[13:25:13.969]                   {
[13:25:13.969]                     base::local({
[13:25:13.969]                       has_future <- base::requireNamespace("future", 
[13:25:13.969]                         quietly = TRUE)
[13:25:13.969]                       if (has_future) {
[13:25:13.969]                         ns <- base::getNamespace("future")
[13:25:13.969]                         version <- ns[[".package"]][["version"]]
[13:25:13.969]                         if (is.null(version)) 
[13:25:13.969]                           version <- utils::packageVersion("future")
[13:25:13.969]                       }
[13:25:13.969]                       else {
[13:25:13.969]                         version <- NULL
[13:25:13.969]                       }
[13:25:13.969]                       if (!has_future || version < "1.8.0") {
[13:25:13.969]                         info <- base::c(r_version = base::gsub("R version ", 
[13:25:13.969]                           "", base::R.version$version.string), 
[13:25:13.969]                           platform = base::sprintf("%s (%s-bit)", 
[13:25:13.969]                             base::R.version$platform, 8 * base::.Machine$sizeof.pointer), 
[13:25:13.969]                           os = base::paste(base::Sys.info()[base::c("sysname", 
[13:25:13.969]                             "release", "version")], collapse = " "), 
[13:25:13.969]                           hostname = base::Sys.info()[["nodename"]])
[13:25:13.969]                         info <- base::sprintf("%s: %s", base::names(info), 
[13:25:13.969]                           info)
[13:25:13.969]                         info <- base::paste(info, collapse = "; ")
[13:25:13.969]                         if (!has_future) {
[13:25:13.969]                           msg <- base::sprintf("Package 'future' is not installed on worker (%s)", 
[13:25:13.969]                             info)
[13:25:13.969]                         }
[13:25:13.969]                         else {
[13:25:13.969]                           msg <- base::sprintf("Package 'future' on worker (%s) must be of version >= 1.8.0: %s", 
[13:25:13.969]                             info, version)
[13:25:13.969]                         }
[13:25:13.969]                         base::stop(msg)
[13:25:13.969]                       }
[13:25:13.969]                     })
[13:25:13.969]                   }
[13:25:13.969]                   options(future.plan = NULL)
[13:25:13.969]                   Sys.unsetenv("R_FUTURE_PLAN")
[13:25:13.969]                   future::plan("default", .cleanup = FALSE, .init = FALSE)
[13:25:13.969]                 }
[13:25:13.969]                 ...future.workdir <- getwd()
[13:25:13.969]             }
[13:25:13.969]             ...future.oldOptions <- base::as.list(base::.Options)
[13:25:13.969]             ...future.oldEnvVars <- base::Sys.getenv()
[13:25:13.969]         }
[13:25:13.969]         base::options(future.startup.script = FALSE, future.globals.onMissing = NULL, 
[13:25:13.969]             future.globals.maxSize = NULL, future.globals.method = NULL, 
[13:25:13.969]             future.globals.onMissing = NULL, future.globals.onReference = NULL, 
[13:25:13.969]             future.globals.resolve = NULL, future.resolve.recursive = NULL, 
[13:25:13.969]             future.rng.onMisuse = NULL, future.rng.onMisuse.keepFuture = NULL, 
[13:25:13.969]             future.stdout.windows.reencode = NULL, width = 80L)
[13:25:13.969]         ...future.futureOptionsAdded <- base::setdiff(base::names(base::.Options), 
[13:25:13.969]             base::names(...future.oldOptions))
[13:25:13.969]     }
[13:25:13.969]     if (FALSE) {
[13:25:13.969]     }
[13:25:13.969]     else {
[13:25:13.969]         if (TRUE) {
[13:25:13.969]             ...future.stdout <- base::rawConnection(base::raw(0L), 
[13:25:13.969]                 open = "w")
[13:25:13.969]         }
[13:25:13.969]         else {
[13:25:13.969]             ...future.stdout <- base::file(base::switch(.Platform$OS.type, 
[13:25:13.969]                 windows = "NUL", "/dev/null"), open = "w")
[13:25:13.969]         }
[13:25:13.969]         base::sink(...future.stdout, type = "output", split = FALSE)
[13:25:13.969]         base::on.exit(if (!base::is.null(...future.stdout)) {
[13:25:13.969]             base::sink(type = "output", split = FALSE)
[13:25:13.969]             base::close(...future.stdout)
[13:25:13.969]         }, add = TRUE)
[13:25:13.969]     }
[13:25:13.969]     ...future.frame <- base::sys.nframe()
[13:25:13.969]     ...future.conditions <- base::list()
[13:25:13.969]     ...future.rng <- base::globalenv()$.Random.seed
[13:25:13.969]     if (FALSE) {
[13:25:13.969]         ...future.globalenv.names <- c(base::names(base::.GlobalEnv), 
[13:25:13.969]             "...future.value", "...future.globalenv.names", ".Random.seed")
[13:25:13.969]     }
[13:25:13.969]     ...future.result <- base::tryCatch({
[13:25:13.969]         base::withCallingHandlers({
[13:25:13.969]             ...future.value <- base::withVisible(base::local({
[13:25:13.969]                 ...future.makeSendCondition <- base::local({
[13:25:13.969]                   sendCondition <- NULL
[13:25:13.969]                   function(frame = 1L) {
[13:25:13.969]                     if (is.function(sendCondition)) 
[13:25:13.969]                       return(sendCondition)
[13:25:13.969]                     ns <- getNamespace("parallel")
[13:25:13.969]                     if (exists("sendData", mode = "function", 
[13:25:13.969]                       envir = ns)) {
[13:25:13.969]                       parallel_sendData <- get("sendData", mode = "function", 
[13:25:13.969]                         envir = ns)
[13:25:13.969]                       envir <- sys.frame(frame)
[13:25:13.969]                       master <- NULL
[13:25:13.969]                       while (!identical(envir, .GlobalEnv) && 
[13:25:13.969]                         !identical(envir, emptyenv())) {
[13:25:13.969]                         if (exists("master", mode = "list", envir = envir, 
[13:25:13.969]                           inherits = FALSE)) {
[13:25:13.969]                           master <- get("master", mode = "list", 
[13:25:13.969]                             envir = envir, inherits = FALSE)
[13:25:13.969]                           if (inherits(master, c("SOCKnode", 
[13:25:13.969]                             "SOCK0node"))) {
[13:25:13.969]                             sendCondition <<- function(cond) {
[13:25:13.969]                               data <- list(type = "VALUE", value = cond, 
[13:25:13.969]                                 success = TRUE)
[13:25:13.969]                               parallel_sendData(master, data)
[13:25:13.969]                             }
[13:25:13.969]                             return(sendCondition)
[13:25:13.969]                           }
[13:25:13.969]                         }
[13:25:13.969]                         frame <- frame + 1L
[13:25:13.969]                         envir <- sys.frame(frame)
[13:25:13.969]                       }
[13:25:13.969]                     }
[13:25:13.969]                     sendCondition <<- function(cond) NULL
[13:25:13.969]                   }
[13:25:13.969]                 })
[13:25:13.969]                 withCallingHandlers({
[13:25:13.969]                   NA
[13:25:13.969]                 }, immediateCondition = function(cond) {
[13:25:13.969]                   sendCondition <- ...future.makeSendCondition()
[13:25:13.969]                   sendCondition(cond)
[13:25:13.969]                   muffleCondition <- function (cond, pattern = "^muffle") 
[13:25:13.969]                   {
[13:25:13.969]                     inherits <- base::inherits
[13:25:13.969]                     invokeRestart <- base::invokeRestart
[13:25:13.969]                     is.null <- base::is.null
[13:25:13.969]                     muffled <- FALSE
[13:25:13.969]                     if (inherits(cond, "message")) {
[13:25:13.969]                       muffled <- grepl(pattern, "muffleMessage")
[13:25:13.969]                       if (muffled) 
[13:25:13.969]                         invokeRestart("muffleMessage")
[13:25:13.969]                     }
[13:25:13.969]                     else if (inherits(cond, "warning")) {
[13:25:13.969]                       muffled <- grepl(pattern, "muffleWarning")
[13:25:13.969]                       if (muffled) 
[13:25:13.969]                         invokeRestart("muffleWarning")
[13:25:13.969]                     }
[13:25:13.969]                     else if (inherits(cond, "condition")) {
[13:25:13.969]                       if (!is.null(pattern)) {
[13:25:13.969]                         computeRestarts <- base::computeRestarts
[13:25:13.969]                         grepl <- base::grepl
[13:25:13.969]                         restarts <- computeRestarts(cond)
[13:25:13.969]                         for (restart in restarts) {
[13:25:13.969]                           name <- restart$name
[13:25:13.969]                           if (is.null(name)) 
[13:25:13.969]                             next
[13:25:13.969]                           if (!grepl(pattern, name)) 
[13:25:13.969]                             next
[13:25:13.969]                           invokeRestart(restart)
[13:25:13.969]                           muffled <- TRUE
[13:25:13.969]                           break
[13:25:13.969]                         }
[13:25:13.969]                       }
[13:25:13.969]                     }
[13:25:13.969]                     invisible(muffled)
[13:25:13.969]                   }
[13:25:13.969]                   muffleCondition(cond)
[13:25:13.969]                 })
[13:25:13.969]             }))
[13:25:13.969]             future::FutureResult(value = ...future.value$value, 
[13:25:13.969]                 visible = ...future.value$visible, rng = !identical(base::globalenv()$.Random.seed, 
[13:25:13.969]                   ...future.rng), globalenv = if (FALSE) 
[13:25:13.969]                   list(added = base::setdiff(base::names(base::.GlobalEnv), 
[13:25:13.969]                     ...future.globalenv.names))
[13:25:13.969]                 else NULL, started = ...future.startTime, version = "1.8")
[13:25:13.969]         }, condition = base::local({
[13:25:13.969]             c <- base::c
[13:25:13.969]             inherits <- base::inherits
[13:25:13.969]             invokeRestart <- base::invokeRestart
[13:25:13.969]             length <- base::length
[13:25:13.969]             list <- base::list
[13:25:13.969]             seq.int <- base::seq.int
[13:25:13.969]             signalCondition <- base::signalCondition
[13:25:13.969]             sys.calls <- base::sys.calls
[13:25:13.969]             `[[` <- base::`[[`
[13:25:13.969]             `+` <- base::`+`
[13:25:13.969]             `<<-` <- base::`<<-`
[13:25:13.969]             sysCalls <- function(calls = sys.calls(), from = 1L) {
[13:25:13.969]                 calls[seq.int(from = from + 12L, to = length(calls) - 
[13:25:13.969]                   3L)]
[13:25:13.969]             }
[13:25:13.969]             function(cond) {
[13:25:13.969]                 is_error <- inherits(cond, "error")
[13:25:13.969]                 ignore <- !is_error && !is.null(NULL) && inherits(cond, 
[13:25:13.969]                   NULL)
[13:25:13.969]                 if (is_error) {
[13:25:13.969]                   sessionInformation <- function() {
[13:25:13.969]                     list(r = base::R.Version(), locale = base::Sys.getlocale(), 
[13:25:13.969]                       rngkind = base::RNGkind(), namespaces = base::loadedNamespaces(), 
[13:25:13.969]                       search = base::search(), system = base::Sys.info())
[13:25:13.969]                   }
[13:25:13.969]                   ...future.conditions[[length(...future.conditions) + 
[13:25:13.969]                     1L]] <<- list(condition = cond, calls = c(sysCalls(from = ...future.frame), 
[13:25:13.969]                     cond$call), session = sessionInformation(), 
[13:25:13.969]                     timestamp = base::Sys.time(), signaled = 0L)
[13:25:13.969]                   signalCondition(cond)
[13:25:13.969]                 }
[13:25:13.969]                 else if (!ignore && TRUE && inherits(cond, c("condition", 
[13:25:13.969]                 "immediateCondition"))) {
[13:25:13.969]                   signal <- TRUE && inherits(cond, "immediateCondition")
[13:25:13.969]                   ...future.conditions[[length(...future.conditions) + 
[13:25:13.969]                     1L]] <<- list(condition = cond, signaled = base::as.integer(signal))
[13:25:13.969]                   if (TRUE && !signal) {
[13:25:13.969]                     muffleCondition <- function (cond, pattern = "^muffle") 
[13:25:13.969]                     {
[13:25:13.969]                       inherits <- base::inherits
[13:25:13.969]                       invokeRestart <- base::invokeRestart
[13:25:13.969]                       is.null <- base::is.null
[13:25:13.969]                       muffled <- FALSE
[13:25:13.969]                       if (inherits(cond, "message")) {
[13:25:13.969]                         muffled <- grepl(pattern, "muffleMessage")
[13:25:13.969]                         if (muffled) 
[13:25:13.969]                           invokeRestart("muffleMessage")
[13:25:13.969]                       }
[13:25:13.969]                       else if (inherits(cond, "warning")) {
[13:25:13.969]                         muffled <- grepl(pattern, "muffleWarning")
[13:25:13.969]                         if (muffled) 
[13:25:13.969]                           invokeRestart("muffleWarning")
[13:25:13.969]                       }
[13:25:13.969]                       else if (inherits(cond, "condition")) {
[13:25:13.969]                         if (!is.null(pattern)) {
[13:25:13.969]                           computeRestarts <- base::computeRestarts
[13:25:13.969]                           grepl <- base::grepl
[13:25:13.969]                           restarts <- computeRestarts(cond)
[13:25:13.969]                           for (restart in restarts) {
[13:25:13.969]                             name <- restart$name
[13:25:13.969]                             if (is.null(name)) 
[13:25:13.969]                               next
[13:25:13.969]                             if (!grepl(pattern, name)) 
[13:25:13.969]                               next
[13:25:13.969]                             invokeRestart(restart)
[13:25:13.969]                             muffled <- TRUE
[13:25:13.969]                             break
[13:25:13.969]                           }
[13:25:13.969]                         }
[13:25:13.969]                       }
[13:25:13.969]                       invisible(muffled)
[13:25:13.969]                     }
[13:25:13.969]                     muffleCondition(cond, pattern = "^muffle")
[13:25:13.969]                   }
[13:25:13.969]                 }
[13:25:13.969]                 else {
[13:25:13.969]                   if (TRUE) {
[13:25:13.969]                     muffleCondition <- function (cond, pattern = "^muffle") 
[13:25:13.969]                     {
[13:25:13.969]                       inherits <- base::inherits
[13:25:13.969]                       invokeRestart <- base::invokeRestart
[13:25:13.969]                       is.null <- base::is.null
[13:25:13.969]                       muffled <- FALSE
[13:25:13.969]                       if (inherits(cond, "message")) {
[13:25:13.969]                         muffled <- grepl(pattern, "muffleMessage")
[13:25:13.969]                         if (muffled) 
[13:25:13.969]                           invokeRestart("muffleMessage")
[13:25:13.969]                       }
[13:25:13.969]                       else if (inherits(cond, "warning")) {
[13:25:13.969]                         muffled <- grepl(pattern, "muffleWarning")
[13:25:13.969]                         if (muffled) 
[13:25:13.969]                           invokeRestart("muffleWarning")
[13:25:13.969]                       }
[13:25:13.969]                       else if (inherits(cond, "condition")) {
[13:25:13.969]                         if (!is.null(pattern)) {
[13:25:13.969]                           computeRestarts <- base::computeRestarts
[13:25:13.969]                           grepl <- base::grepl
[13:25:13.969]                           restarts <- computeRestarts(cond)
[13:25:13.969]                           for (restart in restarts) {
[13:25:13.969]                             name <- restart$name
[13:25:13.969]                             if (is.null(name)) 
[13:25:13.969]                               next
[13:25:13.969]                             if (!grepl(pattern, name)) 
[13:25:13.969]                               next
[13:25:13.969]                             invokeRestart(restart)
[13:25:13.969]                             muffled <- TRUE
[13:25:13.969]                             break
[13:25:13.969]                           }
[13:25:13.969]                         }
[13:25:13.969]                       }
[13:25:13.969]                       invisible(muffled)
[13:25:13.969]                     }
[13:25:13.969]                     muffleCondition(cond, pattern = "^muffle")
[13:25:13.969]                   }
[13:25:13.969]                 }
[13:25:13.969]             }
[13:25:13.969]         }))
[13:25:13.969]     }, error = function(ex) {
[13:25:13.969]         base::structure(base::list(value = NULL, visible = NULL, 
[13:25:13.969]             conditions = ...future.conditions, rng = !identical(base::globalenv()$.Random.seed, 
[13:25:13.969]                 ...future.rng), started = ...future.startTime, 
[13:25:13.969]             finished = Sys.time(), session_uuid = NA_character_, 
[13:25:13.969]             version = "1.8"), class = "FutureResult")
[13:25:13.969]     }, finally = {
[13:25:13.969]         if (!identical(...future.workdir, getwd())) 
[13:25:13.969]             setwd(...future.workdir)
[13:25:13.969]         {
[13:25:13.969]             if (identical(getOption("nwarnings"), ...future.oldOptions$nwarnings)) {
[13:25:13.969]                 ...future.oldOptions$nwarnings <- NULL
[13:25:13.969]             }
[13:25:13.969]             base::options(...future.oldOptions)
[13:25:13.969]             if (.Platform$OS.type == "windows") {
[13:25:13.969]                 old_names <- names(...future.oldEnvVars)
[13:25:13.969]                 envs <- base::Sys.getenv()
[13:25:13.969]                 names <- names(envs)
[13:25:13.969]                 common <- intersect(names, old_names)
[13:25:13.969]                 added <- setdiff(names, old_names)
[13:25:13.969]                 removed <- setdiff(old_names, names)
[13:25:13.969]                 changed <- common[...future.oldEnvVars[common] != 
[13:25:13.969]                   envs[common]]
[13:25:13.969]                 NAMES <- toupper(changed)
[13:25:13.969]                 args <- list()
[13:25:13.969]                 for (kk in seq_along(NAMES)) {
[13:25:13.969]                   name <- changed[[kk]]
[13:25:13.969]                   NAME <- NAMES[[kk]]
[13:25:13.969]                   if (name != NAME && is.element(NAME, old_names)) 
[13:25:13.969]                     next
[13:25:13.969]                   args[[name]] <- ...future.oldEnvVars[[name]]
[13:25:13.969]                 }
[13:25:13.969]                 NAMES <- toupper(added)
[13:25:13.969]                 for (kk in seq_along(NAMES)) {
[13:25:13.969]                   name <- added[[kk]]
[13:25:13.969]                   NAME <- NAMES[[kk]]
[13:25:13.969]                   if (name != NAME && is.element(NAME, old_names)) 
[13:25:13.969]                     next
[13:25:13.969]                   args[[name]] <- ""
[13:25:13.969]                 }
[13:25:13.969]                 NAMES <- toupper(removed)
[13:25:13.969]                 for (kk in seq_along(NAMES)) {
[13:25:13.969]                   name <- removed[[kk]]
[13:25:13.969]                   NAME <- NAMES[[kk]]
[13:25:13.969]                   if (name != NAME && is.element(NAME, old_names)) 
[13:25:13.969]                     next
[13:25:13.969]                   args[[name]] <- ...future.oldEnvVars[[name]]
[13:25:13.969]                 }
[13:25:13.969]                 if (length(args) > 0) 
[13:25:13.969]                   base::do.call(base::Sys.setenv, args = args)
[13:25:13.969]                 args <- names <- old_names <- NAMES <- envs <- common <- added <- removed <- NULL
[13:25:13.969]             }
[13:25:13.969]             else {
[13:25:13.969]                 base::do.call(base::Sys.setenv, args = base::as.list(...future.oldEnvVars))
[13:25:13.969]             }
[13:25:13.969]             {
[13:25:13.969]                 if (base::length(...future.futureOptionsAdded) > 
[13:25:13.969]                   0L) {
[13:25:13.969]                   opts <- base::vector("list", length = base::length(...future.futureOptionsAdded))
[13:25:13.969]                   base::names(opts) <- ...future.futureOptionsAdded
[13:25:13.969]                   base::options(opts)
[13:25:13.969]                 }
[13:25:13.969]                 {
[13:25:13.969]                   NULL
[13:25:13.969]                   options(future.plan = NULL)
[13:25:13.969]                   if (is.na(NA_character_)) 
[13:25:13.969]                     Sys.unsetenv("R_FUTURE_PLAN")
[13:25:13.969]                   else Sys.setenv(R_FUTURE_PLAN = NA_character_)
[13:25:13.969]                   future::plan(list(function (..., workers = list(
[13:25:13.969]                     list(con = 4L, host = "localhost", rank = 0L, 
[13:25:13.969]                       session_info = list(r = list(platform = "x86_64-pc-linux-gnu", 
[13:25:13.969]                         arch = "x86_64", os = "linux-gnu", system = "x86_64, linux-gnu", 
[13:25:13.969]                         status = "", major = "4", minor = "3.2", 
[13:25:13.969]                         year = "2023", month = "10", day = "31", 
[13:25:13.969]                         `svn rev` = "85441", language = "R", 
[13:25:13.969]                         version.string = "R version 4.3.2 (2023-10-31)", 
[13:25:13.969]                         nickname = "Eye Holes", os.type = "unix"), 
[13:25:13.969]                         system = list(sysname = "Linux", release = "6.5.0-1025-azure", 
[13:25:13.969]                           version = "#26~22.04.1-Ubuntu SMP Thu Jul 11 22:33:04 UTC 2024", 
[13:25:13.969]                           nodename = "47b98e4ec3a9", machine = "x86_64", 
[13:25:13.969]                           login = "unknown", user = "root", effective_user = "root"), 
[13:25:13.969]                         libs = c("/usr/local/lib/R/site-library", 
[13:25:13.969]                         "/usr/local/lib/R/library"), pkgs = NULL, 
[13:25:13.969]                         pwd = "/__w/rocker_uat/rocker_uat/packages/future/future-tests", 
[13:25:13.969]                         process = list(pid = 93783L)))), envir = parent.frame()) 
[13:25:13.969]                   strategy(..., workers = workers, envir = envir)), 
[13:25:13.969]                     .cleanup = FALSE, .init = FALSE)
[13:25:13.969]                 }
[13:25:13.969]             }
[13:25:13.969]         }
[13:25:13.969]     })
[13:25:13.969]     if (TRUE) {
[13:25:13.969]         base::sink(type = "output", split = FALSE)
[13:25:13.969]         if (TRUE) {
[13:25:13.969]             ...future.result$stdout <- base::rawToChar(base::rawConnectionValue(...future.stdout))
[13:25:13.969]         }
[13:25:13.969]         else {
[13:25:13.969]             ...future.result["stdout"] <- base::list(NULL)
[13:25:13.969]         }
[13:25:13.969]         base::close(...future.stdout)
[13:25:13.969]         ...future.stdout <- NULL
[13:25:13.969]     }
[13:25:13.969]     ...future.result$conditions <- ...future.conditions
[13:25:13.969]     ...future.result$finished <- base::Sys.time()
[13:25:13.969]     ...future.result
[13:25:13.969] }
[13:25:14.028] ClusterFuture started
[13:25:14.028] result() for ClusterFuture ...
[13:25:14.029] receiveMessageFromWorker() for ClusterFuture ...
[13:25:14.029] - Validating connection of ClusterFuture
[13:25:14.062] - received message: FutureResult
[13:25:14.062] - Received FutureResult
[13:25:14.065] - Erased future from FutureRegistry
[13:25:14.065] result() for ClusterFuture ...
[13:25:14.065] - result already collected: FutureResult
[13:25:14.066] result() for ClusterFuture ... done
[13:25:14.066] receiveMessageFromWorker() for ClusterFuture ... done
[13:25:14.066] result() for ClusterFuture ... done
[13:25:14.066] result() for ClusterFuture ...
[13:25:14.066] - result already collected: FutureResult
[13:25:14.066] result() for ClusterFuture ... done
[13:25:14.066] plan(): plan_init() of ‘tweaked’, ‘cluster’, ‘multiprocess’, ‘future’, ‘function’ ... DONE
[13:25:14.067] plan(): nbrOfWorkers() = 1
[13:25:14.070] plan(): Setting new future strategy stack:
[13:25:14.070] List of future strategies:
[13:25:14.070] 1. sequential:
[13:25:14.070]    - args: function (..., envir = parent.frame())
[13:25:14.070]    - tweaked: FALSE
[13:25:14.070]    - call: future::plan("sequential")
[13:25:14.071] plan(): nbrOfWorkers() = 1
> 
> message("*** plan() - tweak without introducting package dependencies ... DONE")
*** plan() - tweak without introducting package dependencies ... DONE
> 
> 
> message("*** y %<-% { expr } %tweak% tweaks ...")
*** y %<-% { expr } %tweak% tweaks ...
> 
> plan(sequential)
[13:25:14.071] plan(): Setting new future strategy stack:
[13:25:14.072] List of future strategies:
[13:25:14.072] 1. sequential:
[13:25:14.072]    - args: function (..., envir = parent.frame())
[13:25:14.072]    - tweaked: FALSE
[13:25:14.072]    - call: plan(sequential)
[13:25:14.072] plan(): nbrOfWorkers() = 1
> 
> a <- 0
> x %<-% { a <- 1; a }
[13:25:14.074] getGlobalsAndPackages() ...
[13:25:14.074] Searching for globals...
[13:25:14.084] - globals found: [2] ‘{’, ‘<-’
[13:25:14.085] Searching for globals ... DONE
[13:25:14.085] Resolving globals: FALSE
[13:25:14.085] 
[13:25:14.085] 
[13:25:14.085] getGlobalsAndPackages() ... DONE
[13:25:14.086] run() for ‘Future’ ...
[13:25:14.086] - state: ‘created’
[13:25:14.086] - Future backend: ‘FutureStrategy’, ‘sequential’, ‘uniprocess’, ‘future’, ‘function’
[13:25:14.086] - Future class: ‘SequentialFuture’, ‘UniprocessFuture’, ‘Future’, ‘environment’
[13:25:14.087] - Copy elements of temporary ‘SequentialFuture’ to final ‘Future’ object ...
[13:25:14.087]   - Field: ‘label’
[13:25:14.087]   - Field: ‘local’
[13:25:14.087]   - Field: ‘owner’
[13:25:14.087]   - Field: ‘envir’
[13:25:14.087]   - Field: ‘packages’
[13:25:14.087]   - Field: ‘gc’
[13:25:14.087]   - Field: ‘conditions’
[13:25:14.087]   - Field: ‘expr’
[13:25:14.087]   - Field: ‘uuid’
[13:25:14.088]   - Field: ‘seed’
[13:25:14.088]   - Field: ‘version’
[13:25:14.088]   - Field: ‘result’
[13:25:14.088]   - Field: ‘asynchronous’
[13:25:14.088]   - Field: ‘calls’
[13:25:14.088]   - Field: ‘globals’
[13:25:14.088]   - Field: ‘stdout’
[13:25:14.088]   - Field: ‘earlySignal’
[13:25:14.088]   - Field: ‘lazy’
[13:25:14.088]   - Field: ‘state’
[13:25:14.088] - Copy elements of temporary ‘SequentialFuture’ to final ‘Future’ object ... done
[13:25:14.089] - Launch lazy future ...
[13:25:14.089] Packages needed by the future expression (n = 0): <none>
[13:25:14.089] Packages needed by future strategies (n = 0): <none>
[13:25:14.090] {
[13:25:14.090]     {
[13:25:14.090]         {
[13:25:14.090]             ...future.startTime <- base::Sys.time()
[13:25:14.090]             {
[13:25:14.090]                 {
[13:25:14.090]                   {
[13:25:14.090]                     base::local({
[13:25:14.090]                       has_future <- base::requireNamespace("future", 
[13:25:14.090]                         quietly = TRUE)
[13:25:14.090]                       if (has_future) {
[13:25:14.090]                         ns <- base::getNamespace("future")
[13:25:14.090]                         version <- ns[[".package"]][["version"]]
[13:25:14.090]                         if (is.null(version)) 
[13:25:14.090]                           version <- utils::packageVersion("future")
[13:25:14.090]                       }
[13:25:14.090]                       else {
[13:25:14.090]                         version <- NULL
[13:25:14.090]                       }
[13:25:14.090]                       if (!has_future || version < "1.8.0") {
[13:25:14.090]                         info <- base::c(r_version = base::gsub("R version ", 
[13:25:14.090]                           "", base::R.version$version.string), 
[13:25:14.090]                           platform = base::sprintf("%s (%s-bit)", 
[13:25:14.090]                             base::R.version$platform, 8 * base::.Machine$sizeof.pointer), 
[13:25:14.090]                           os = base::paste(base::Sys.info()[base::c("sysname", 
[13:25:14.090]                             "release", "version")], collapse = " "), 
[13:25:14.090]                           hostname = base::Sys.info()[["nodename"]])
[13:25:14.090]                         info <- base::sprintf("%s: %s", base::names(info), 
[13:25:14.090]                           info)
[13:25:14.090]                         info <- base::paste(info, collapse = "; ")
[13:25:14.090]                         if (!has_future) {
[13:25:14.090]                           msg <- base::sprintf("Package 'future' is not installed on worker (%s)", 
[13:25:14.090]                             info)
[13:25:14.090]                         }
[13:25:14.090]                         else {
[13:25:14.090]                           msg <- base::sprintf("Package 'future' on worker (%s) must be of version >= 1.8.0: %s", 
[13:25:14.090]                             info, version)
[13:25:14.090]                         }
[13:25:14.090]                         base::stop(msg)
[13:25:14.090]                       }
[13:25:14.090]                     })
[13:25:14.090]                   }
[13:25:14.090]                   options(future.plan = NULL)
[13:25:14.090]                   Sys.unsetenv("R_FUTURE_PLAN")
[13:25:14.090]                   future::plan("default", .cleanup = FALSE, .init = FALSE)
[13:25:14.090]                 }
[13:25:14.090]                 ...future.workdir <- getwd()
[13:25:14.090]             }
[13:25:14.090]             ...future.oldOptions <- base::as.list(base::.Options)
[13:25:14.090]             ...future.oldEnvVars <- base::Sys.getenv()
[13:25:14.090]         }
[13:25:14.090]         base::options(future.startup.script = FALSE, future.globals.onMissing = NULL, 
[13:25:14.090]             future.globals.maxSize = NULL, future.globals.method = NULL, 
[13:25:14.090]             future.globals.onMissing = NULL, future.globals.onReference = NULL, 
[13:25:14.090]             future.globals.resolve = NULL, future.resolve.recursive = NULL, 
[13:25:14.090]             future.rng.onMisuse = NULL, future.rng.onMisuse.keepFuture = NULL, 
[13:25:14.090]             future.stdout.windows.reencode = NULL, width = 80L)
[13:25:14.090]         ...future.futureOptionsAdded <- base::setdiff(base::names(base::.Options), 
[13:25:14.090]             base::names(...future.oldOptions))
[13:25:14.090]     }
[13:25:14.090]     if (FALSE) {
[13:25:14.090]     }
[13:25:14.090]     else {
[13:25:14.090]         if (TRUE) {
[13:25:14.090]             ...future.stdout <- base::rawConnection(base::raw(0L), 
[13:25:14.090]                 open = "w")
[13:25:14.090]         }
[13:25:14.090]         else {
[13:25:14.090]             ...future.stdout <- base::file(base::switch(.Platform$OS.type, 
[13:25:14.090]                 windows = "NUL", "/dev/null"), open = "w")
[13:25:14.090]         }
[13:25:14.090]         base::sink(...future.stdout, type = "output", split = FALSE)
[13:25:14.090]         base::on.exit(if (!base::is.null(...future.stdout)) {
[13:25:14.090]             base::sink(type = "output", split = FALSE)
[13:25:14.090]             base::close(...future.stdout)
[13:25:14.090]         }, add = TRUE)
[13:25:14.090]     }
[13:25:14.090]     ...future.frame <- base::sys.nframe()
[13:25:14.090]     ...future.conditions <- base::list()
[13:25:14.090]     ...future.rng <- base::globalenv()$.Random.seed
[13:25:14.090]     if (FALSE) {
[13:25:14.090]         ...future.globalenv.names <- c(base::names(base::.GlobalEnv), 
[13:25:14.090]             "...future.value", "...future.globalenv.names", ".Random.seed")
[13:25:14.090]     }
[13:25:14.090]     ...future.result <- base::tryCatch({
[13:25:14.090]         base::withCallingHandlers({
[13:25:14.090]             ...future.value <- base::withVisible(base::local({
[13:25:14.090]                 a <- 1
[13:25:14.090]                 a
[13:25:14.090]             }))
[13:25:14.090]             future::FutureResult(value = ...future.value$value, 
[13:25:14.090]                 visible = ...future.value$visible, rng = !identical(base::globalenv()$.Random.seed, 
[13:25:14.090]                   ...future.rng), globalenv = if (FALSE) 
[13:25:14.090]                   list(added = base::setdiff(base::names(base::.GlobalEnv), 
[13:25:14.090]                     ...future.globalenv.names))
[13:25:14.090]                 else NULL, started = ...future.startTime, version = "1.8")
[13:25:14.090]         }, condition = base::local({
[13:25:14.090]             c <- base::c
[13:25:14.090]             inherits <- base::inherits
[13:25:14.090]             invokeRestart <- base::invokeRestart
[13:25:14.090]             length <- base::length
[13:25:14.090]             list <- base::list
[13:25:14.090]             seq.int <- base::seq.int
[13:25:14.090]             signalCondition <- base::signalCondition
[13:25:14.090]             sys.calls <- base::sys.calls
[13:25:14.090]             `[[` <- base::`[[`
[13:25:14.090]             `+` <- base::`+`
[13:25:14.090]             `<<-` <- base::`<<-`
[13:25:14.090]             sysCalls <- function(calls = sys.calls(), from = 1L) {
[13:25:14.090]                 calls[seq.int(from = from + 12L, to = length(calls) - 
[13:25:14.090]                   3L)]
[13:25:14.090]             }
[13:25:14.090]             function(cond) {
[13:25:14.090]                 is_error <- inherits(cond, "error")
[13:25:14.090]                 ignore <- !is_error && !is.null(NULL) && inherits(cond, 
[13:25:14.090]                   NULL)
[13:25:14.090]                 if (is_error) {
[13:25:14.090]                   sessionInformation <- function() {
[13:25:14.090]                     list(r = base::R.Version(), locale = base::Sys.getlocale(), 
[13:25:14.090]                       rngkind = base::RNGkind(), namespaces = base::loadedNamespaces(), 
[13:25:14.090]                       search = base::search(), system = base::Sys.info())
[13:25:14.090]                   }
[13:25:14.090]                   ...future.conditions[[length(...future.conditions) + 
[13:25:14.090]                     1L]] <<- list(condition = cond, calls = c(sysCalls(from = ...future.frame), 
[13:25:14.090]                     cond$call), session = sessionInformation(), 
[13:25:14.090]                     timestamp = base::Sys.time(), signaled = 0L)
[13:25:14.090]                   signalCondition(cond)
[13:25:14.090]                 }
[13:25:14.090]                 else if (!ignore && TRUE && inherits(cond, c("condition", 
[13:25:14.090]                 "immediateCondition"))) {
[13:25:14.090]                   signal <- TRUE && inherits(cond, "immediateCondition")
[13:25:14.090]                   ...future.conditions[[length(...future.conditions) + 
[13:25:14.090]                     1L]] <<- list(condition = cond, signaled = base::as.integer(signal))
[13:25:14.090]                   if (TRUE && !signal) {
[13:25:14.090]                     muffleCondition <- function (cond, pattern = "^muffle") 
[13:25:14.090]                     {
[13:25:14.090]                       inherits <- base::inherits
[13:25:14.090]                       invokeRestart <- base::invokeRestart
[13:25:14.090]                       is.null <- base::is.null
[13:25:14.090]                       muffled <- FALSE
[13:25:14.090]                       if (inherits(cond, "message")) {
[13:25:14.090]                         muffled <- grepl(pattern, "muffleMessage")
[13:25:14.090]                         if (muffled) 
[13:25:14.090]                           invokeRestart("muffleMessage")
[13:25:14.090]                       }
[13:25:14.090]                       else if (inherits(cond, "warning")) {
[13:25:14.090]                         muffled <- grepl(pattern, "muffleWarning")
[13:25:14.090]                         if (muffled) 
[13:25:14.090]                           invokeRestart("muffleWarning")
[13:25:14.090]                       }
[13:25:14.090]                       else if (inherits(cond, "condition")) {
[13:25:14.090]                         if (!is.null(pattern)) {
[13:25:14.090]                           computeRestarts <- base::computeRestarts
[13:25:14.090]                           grepl <- base::grepl
[13:25:14.090]                           restarts <- computeRestarts(cond)
[13:25:14.090]                           for (restart in restarts) {
[13:25:14.090]                             name <- restart$name
[13:25:14.090]                             if (is.null(name)) 
[13:25:14.090]                               next
[13:25:14.090]                             if (!grepl(pattern, name)) 
[13:25:14.090]                               next
[13:25:14.090]                             invokeRestart(restart)
[13:25:14.090]                             muffled <- TRUE
[13:25:14.090]                             break
[13:25:14.090]                           }
[13:25:14.090]                         }
[13:25:14.090]                       }
[13:25:14.090]                       invisible(muffled)
[13:25:14.090]                     }
[13:25:14.090]                     muffleCondition(cond, pattern = "^muffle")
[13:25:14.090]                   }
[13:25:14.090]                 }
[13:25:14.090]                 else {
[13:25:14.090]                   if (TRUE) {
[13:25:14.090]                     muffleCondition <- function (cond, pattern = "^muffle") 
[13:25:14.090]                     {
[13:25:14.090]                       inherits <- base::inherits
[13:25:14.090]                       invokeRestart <- base::invokeRestart
[13:25:14.090]                       is.null <- base::is.null
[13:25:14.090]                       muffled <- FALSE
[13:25:14.090]                       if (inherits(cond, "message")) {
[13:25:14.090]                         muffled <- grepl(pattern, "muffleMessage")
[13:25:14.090]                         if (muffled) 
[13:25:14.090]                           invokeRestart("muffleMessage")
[13:25:14.090]                       }
[13:25:14.090]                       else if (inherits(cond, "warning")) {
[13:25:14.090]                         muffled <- grepl(pattern, "muffleWarning")
[13:25:14.090]                         if (muffled) 
[13:25:14.090]                           invokeRestart("muffleWarning")
[13:25:14.090]                       }
[13:25:14.090]                       else if (inherits(cond, "condition")) {
[13:25:14.090]                         if (!is.null(pattern)) {
[13:25:14.090]                           computeRestarts <- base::computeRestarts
[13:25:14.090]                           grepl <- base::grepl
[13:25:14.090]                           restarts <- computeRestarts(cond)
[13:25:14.090]                           for (restart in restarts) {
[13:25:14.090]                             name <- restart$name
[13:25:14.090]                             if (is.null(name)) 
[13:25:14.090]                               next
[13:25:14.090]                             if (!grepl(pattern, name)) 
[13:25:14.090]                               next
[13:25:14.090]                             invokeRestart(restart)
[13:25:14.090]                             muffled <- TRUE
[13:25:14.090]                             break
[13:25:14.090]                           }
[13:25:14.090]                         }
[13:25:14.090]                       }
[13:25:14.090]                       invisible(muffled)
[13:25:14.090]                     }
[13:25:14.090]                     muffleCondition(cond, pattern = "^muffle")
[13:25:14.090]                   }
[13:25:14.090]                 }
[13:25:14.090]             }
[13:25:14.090]         }))
[13:25:14.090]     }, error = function(ex) {
[13:25:14.090]         base::structure(base::list(value = NULL, visible = NULL, 
[13:25:14.090]             conditions = ...future.conditions, rng = !identical(base::globalenv()$.Random.seed, 
[13:25:14.090]                 ...future.rng), started = ...future.startTime, 
[13:25:14.090]             finished = Sys.time(), session_uuid = NA_character_, 
[13:25:14.090]             version = "1.8"), class = "FutureResult")
[13:25:14.090]     }, finally = {
[13:25:14.090]         if (!identical(...future.workdir, getwd())) 
[13:25:14.090]             setwd(...future.workdir)
[13:25:14.090]         {
[13:25:14.090]             if (identical(getOption("nwarnings"), ...future.oldOptions$nwarnings)) {
[13:25:14.090]                 ...future.oldOptions$nwarnings <- NULL
[13:25:14.090]             }
[13:25:14.090]             base::options(...future.oldOptions)
[13:25:14.090]             if (.Platform$OS.type == "windows") {
[13:25:14.090]                 old_names <- names(...future.oldEnvVars)
[13:25:14.090]                 envs <- base::Sys.getenv()
[13:25:14.090]                 names <- names(envs)
[13:25:14.090]                 common <- intersect(names, old_names)
[13:25:14.090]                 added <- setdiff(names, old_names)
[13:25:14.090]                 removed <- setdiff(old_names, names)
[13:25:14.090]                 changed <- common[...future.oldEnvVars[common] != 
[13:25:14.090]                   envs[common]]
[13:25:14.090]                 NAMES <- toupper(changed)
[13:25:14.090]                 args <- list()
[13:25:14.090]                 for (kk in seq_along(NAMES)) {
[13:25:14.090]                   name <- changed[[kk]]
[13:25:14.090]                   NAME <- NAMES[[kk]]
[13:25:14.090]                   if (name != NAME && is.element(NAME, old_names)) 
[13:25:14.090]                     next
[13:25:14.090]                   args[[name]] <- ...future.oldEnvVars[[name]]
[13:25:14.090]                 }
[13:25:14.090]                 NAMES <- toupper(added)
[13:25:14.090]                 for (kk in seq_along(NAMES)) {
[13:25:14.090]                   name <- added[[kk]]
[13:25:14.090]                   NAME <- NAMES[[kk]]
[13:25:14.090]                   if (name != NAME && is.element(NAME, old_names)) 
[13:25:14.090]                     next
[13:25:14.090]                   args[[name]] <- ""
[13:25:14.090]                 }
[13:25:14.090]                 NAMES <- toupper(removed)
[13:25:14.090]                 for (kk in seq_along(NAMES)) {
[13:25:14.090]                   name <- removed[[kk]]
[13:25:14.090]                   NAME <- NAMES[[kk]]
[13:25:14.090]                   if (name != NAME && is.element(NAME, old_names)) 
[13:25:14.090]                     next
[13:25:14.090]                   args[[name]] <- ...future.oldEnvVars[[name]]
[13:25:14.090]                 }
[13:25:14.090]                 if (length(args) > 0) 
[13:25:14.090]                   base::do.call(base::Sys.setenv, args = args)
[13:25:14.090]                 args <- names <- old_names <- NAMES <- envs <- common <- added <- removed <- NULL
[13:25:14.090]             }
[13:25:14.090]             else {
[13:25:14.090]                 base::do.call(base::Sys.setenv, args = base::as.list(...future.oldEnvVars))
[13:25:14.090]             }
[13:25:14.090]             {
[13:25:14.090]                 if (base::length(...future.futureOptionsAdded) > 
[13:25:14.090]                   0L) {
[13:25:14.090]                   opts <- base::vector("list", length = base::length(...future.futureOptionsAdded))
[13:25:14.090]                   base::names(opts) <- ...future.futureOptionsAdded
[13:25:14.090]                   base::options(opts)
[13:25:14.090]                 }
[13:25:14.090]                 {
[13:25:14.090]                   {
[13:25:14.090]                     NULL
[13:25:14.090]                     RNGkind("Mersenne-Twister")
[13:25:14.090]                     base::rm(list = ".Random.seed", envir = base::globalenv(), 
[13:25:14.090]                       inherits = FALSE)
[13:25:14.090]                   }
[13:25:14.090]                   options(future.plan = NULL)
[13:25:14.090]                   if (is.na(NA_character_)) 
[13:25:14.090]                     Sys.unsetenv("R_FUTURE_PLAN")
[13:25:14.090]                   else Sys.setenv(R_FUTURE_PLAN = NA_character_)
[13:25:14.090]                   future::plan(list(function (..., envir = parent.frame()) 
[13:25:14.090]                   {
[13:25:14.090]                     future <- SequentialFuture(..., envir = envir)
[13:25:14.090]                     if (!future$lazy) 
[13:25:14.090]                       future <- run(future)
[13:25:14.090]                     invisible(future)
[13:25:14.090]                   }), .cleanup = FALSE, .init = FALSE)
[13:25:14.090]                 }
[13:25:14.090]             }
[13:25:14.090]         }
[13:25:14.090]     })
[13:25:14.090]     if (TRUE) {
[13:25:14.090]         base::sink(type = "output", split = FALSE)
[13:25:14.090]         if (TRUE) {
[13:25:14.090]             ...future.result$stdout <- base::rawToChar(base::rawConnectionValue(...future.stdout))
[13:25:14.090]         }
[13:25:14.090]         else {
[13:25:14.090]             ...future.result["stdout"] <- base::list(NULL)
[13:25:14.090]         }
[13:25:14.090]         base::close(...future.stdout)
[13:25:14.090]         ...future.stdout <- NULL
[13:25:14.090]     }
[13:25:14.090]     ...future.result$conditions <- ...future.conditions
[13:25:14.090]     ...future.result$finished <- base::Sys.time()
[13:25:14.090]     ...future.result
[13:25:14.090] }
[13:25:14.091] plan(): Setting new future strategy stack:
[13:25:14.091] List of future strategies:
[13:25:14.091] 1. sequential:
[13:25:14.091]    - args: function (..., envir = parent.frame())
[13:25:14.091]    - tweaked: FALSE
[13:25:14.091]    - call: NULL
[13:25:14.092] plan(): nbrOfWorkers() = 1
[13:25:14.093] plan(): Setting new future strategy stack:
[13:25:14.093] List of future strategies:
[13:25:14.093] 1. sequential:
[13:25:14.093]    - args: function (..., envir = parent.frame())
[13:25:14.093]    - tweaked: FALSE
[13:25:14.093]    - call: plan(sequential)
[13:25:14.093] plan(): nbrOfWorkers() = 1
[13:25:14.094] SequentialFuture started (and completed)
[13:25:14.094] - Launch lazy future ... done
[13:25:14.094] run() for ‘SequentialFuture’ ... done
> print(x)
[1] 1
> stopifnot(a == 0, x == 1)
> 
> 
> plan(sequential, abc = FALSE)
Warning: Detected 1 unknown future arguments: ‘abc’
[13:25:14.095] plan(): Setting new future strategy stack:
[13:25:14.095] List of future strategies:
[13:25:14.095] 1. sequential:
[13:25:14.095]    - args: function (..., abc = FALSE, envir = parent.frame())
[13:25:14.095]    - tweaked: TRUE
[13:25:14.095]    - call: plan(sequential, abc = FALSE)
[13:25:14.095] plan(): nbrOfWorkers() = 1
> 
> a <- 0
> x %<-% { a <- 1; a }
[13:25:14.095] getGlobalsAndPackages() ...
[13:25:14.095] Searching for globals...
[13:25:14.096] - globals found: [2] ‘{’, ‘<-’
[13:25:14.097] Searching for globals ... DONE
[13:25:14.097] Resolving globals: FALSE
[13:25:14.097] 
[13:25:14.097] 
[13:25:14.097] getGlobalsAndPackages() ... DONE
[13:25:14.097] run() for ‘Future’ ...
[13:25:14.097] - state: ‘created’
[13:25:14.098] - Future backend: ‘FutureStrategy’, ‘tweaked’, ‘sequential’, ‘uniprocess’, ‘future’, ‘function’
[13:25:14.098] - Future class: ‘SequentialFuture’, ‘UniprocessFuture’, ‘Future’, ‘environment’
[13:25:14.098] - Copy elements of temporary ‘SequentialFuture’ to final ‘Future’ object ...
[13:25:14.098]   - Field: ‘label’
[13:25:14.098]   - Field: ‘local’
[13:25:14.098]   - Field: ‘owner’
[13:25:14.098]   - Field: ‘envir’
[13:25:14.098]   - Field: ‘packages’
[13:25:14.098]   - Field: ‘gc’
[13:25:14.099]   - Field: ‘conditions’
[13:25:14.099]   - Field: ‘expr’
[13:25:14.099]   - Field: ‘uuid’
[13:25:14.099]   - Field: ‘seed’
[13:25:14.099]   - Field: ‘version’
[13:25:14.099]   - Field: ‘result’
[13:25:14.099]   - Field: ‘asynchronous’
[13:25:14.099]   - Field: ‘calls’
[13:25:14.099]   - Field: ‘abc’
[13:25:14.099]   - Field: ‘globals’
[13:25:14.099]   - Field: ‘stdout’
[13:25:14.100]   - Field: ‘earlySignal’
[13:25:14.100]   - Field: ‘lazy’
[13:25:14.100]   - Field: ‘state’
[13:25:14.100] - Copy elements of temporary ‘SequentialFuture’ to final ‘Future’ object ... done
[13:25:14.100] - Launch lazy future ...
[13:25:14.100] Packages needed by the future expression (n = 0): <none>
[13:25:14.100] Packages needed by future strategies (n = 0): <none>
[13:25:14.101] {
[13:25:14.101]     {
[13:25:14.101]         {
[13:25:14.101]             ...future.startTime <- base::Sys.time()
[13:25:14.101]             {
[13:25:14.101]                 {
[13:25:14.101]                   {
[13:25:14.101]                     base::local({
[13:25:14.101]                       has_future <- base::requireNamespace("future", 
[13:25:14.101]                         quietly = TRUE)
[13:25:14.101]                       if (has_future) {
[13:25:14.101]                         ns <- base::getNamespace("future")
[13:25:14.101]                         version <- ns[[".package"]][["version"]]
[13:25:14.101]                         if (is.null(version)) 
[13:25:14.101]                           version <- utils::packageVersion("future")
[13:25:14.101]                       }
[13:25:14.101]                       else {
[13:25:14.101]                         version <- NULL
[13:25:14.101]                       }
[13:25:14.101]                       if (!has_future || version < "1.8.0") {
[13:25:14.101]                         info <- base::c(r_version = base::gsub("R version ", 
[13:25:14.101]                           "", base::R.version$version.string), 
[13:25:14.101]                           platform = base::sprintf("%s (%s-bit)", 
[13:25:14.101]                             base::R.version$platform, 8 * base::.Machine$sizeof.pointer), 
[13:25:14.101]                           os = base::paste(base::Sys.info()[base::c("sysname", 
[13:25:14.101]                             "release", "version")], collapse = " "), 
[13:25:14.101]                           hostname = base::Sys.info()[["nodename"]])
[13:25:14.101]                         info <- base::sprintf("%s: %s", base::names(info), 
[13:25:14.101]                           info)
[13:25:14.101]                         info <- base::paste(info, collapse = "; ")
[13:25:14.101]                         if (!has_future) {
[13:25:14.101]                           msg <- base::sprintf("Package 'future' is not installed on worker (%s)", 
[13:25:14.101]                             info)
[13:25:14.101]                         }
[13:25:14.101]                         else {
[13:25:14.101]                           msg <- base::sprintf("Package 'future' on worker (%s) must be of version >= 1.8.0: %s", 
[13:25:14.101]                             info, version)
[13:25:14.101]                         }
[13:25:14.101]                         base::stop(msg)
[13:25:14.101]                       }
[13:25:14.101]                     })
[13:25:14.101]                   }
[13:25:14.101]                   options(future.plan = NULL)
[13:25:14.101]                   Sys.unsetenv("R_FUTURE_PLAN")
[13:25:14.101]                   future::plan("default", .cleanup = FALSE, .init = FALSE)
[13:25:14.101]                 }
[13:25:14.101]                 ...future.workdir <- getwd()
[13:25:14.101]             }
[13:25:14.101]             ...future.oldOptions <- base::as.list(base::.Options)
[13:25:14.101]             ...future.oldEnvVars <- base::Sys.getenv()
[13:25:14.101]         }
[13:25:14.101]         base::options(future.startup.script = FALSE, future.globals.onMissing = NULL, 
[13:25:14.101]             future.globals.maxSize = NULL, future.globals.method = NULL, 
[13:25:14.101]             future.globals.onMissing = NULL, future.globals.onReference = NULL, 
[13:25:14.101]             future.globals.resolve = NULL, future.resolve.recursive = NULL, 
[13:25:14.101]             future.rng.onMisuse = NULL, future.rng.onMisuse.keepFuture = NULL, 
[13:25:14.101]             future.stdout.windows.reencode = NULL, width = 80L)
[13:25:14.101]         ...future.futureOptionsAdded <- base::setdiff(base::names(base::.Options), 
[13:25:14.101]             base::names(...future.oldOptions))
[13:25:14.101]     }
[13:25:14.101]     if (FALSE) {
[13:25:14.101]     }
[13:25:14.101]     else {
[13:25:14.101]         if (TRUE) {
[13:25:14.101]             ...future.stdout <- base::rawConnection(base::raw(0L), 
[13:25:14.101]                 open = "w")
[13:25:14.101]         }
[13:25:14.101]         else {
[13:25:14.101]             ...future.stdout <- base::file(base::switch(.Platform$OS.type, 
[13:25:14.101]                 windows = "NUL", "/dev/null"), open = "w")
[13:25:14.101]         }
[13:25:14.101]         base::sink(...future.stdout, type = "output", split = FALSE)
[13:25:14.101]         base::on.exit(if (!base::is.null(...future.stdout)) {
[13:25:14.101]             base::sink(type = "output", split = FALSE)
[13:25:14.101]             base::close(...future.stdout)
[13:25:14.101]         }, add = TRUE)
[13:25:14.101]     }
[13:25:14.101]     ...future.frame <- base::sys.nframe()
[13:25:14.101]     ...future.conditions <- base::list()
[13:25:14.101]     ...future.rng <- base::globalenv()$.Random.seed
[13:25:14.101]     if (FALSE) {
[13:25:14.101]         ...future.globalenv.names <- c(base::names(base::.GlobalEnv), 
[13:25:14.101]             "...future.value", "...future.globalenv.names", ".Random.seed")
[13:25:14.101]     }
[13:25:14.101]     ...future.result <- base::tryCatch({
[13:25:14.101]         base::withCallingHandlers({
[13:25:14.101]             ...future.value <- base::withVisible(base::local({
[13:25:14.101]                 a <- 1
[13:25:14.101]                 a
[13:25:14.101]             }))
[13:25:14.101]             future::FutureResult(value = ...future.value$value, 
[13:25:14.101]                 visible = ...future.value$visible, rng = !identical(base::globalenv()$.Random.seed, 
[13:25:14.101]                   ...future.rng), globalenv = if (FALSE) 
[13:25:14.101]                   list(added = base::setdiff(base::names(base::.GlobalEnv), 
[13:25:14.101]                     ...future.globalenv.names))
[13:25:14.101]                 else NULL, started = ...future.startTime, version = "1.8")
[13:25:14.101]         }, condition = base::local({
[13:25:14.101]             c <- base::c
[13:25:14.101]             inherits <- base::inherits
[13:25:14.101]             invokeRestart <- base::invokeRestart
[13:25:14.101]             length <- base::length
[13:25:14.101]             list <- base::list
[13:25:14.101]             seq.int <- base::seq.int
[13:25:14.101]             signalCondition <- base::signalCondition
[13:25:14.101]             sys.calls <- base::sys.calls
[13:25:14.101]             `[[` <- base::`[[`
[13:25:14.101]             `+` <- base::`+`
[13:25:14.101]             `<<-` <- base::`<<-`
[13:25:14.101]             sysCalls <- function(calls = sys.calls(), from = 1L) {
[13:25:14.101]                 calls[seq.int(from = from + 12L, to = length(calls) - 
[13:25:14.101]                   3L)]
[13:25:14.101]             }
[13:25:14.101]             function(cond) {
[13:25:14.101]                 is_error <- inherits(cond, "error")
[13:25:14.101]                 ignore <- !is_error && !is.null(NULL) && inherits(cond, 
[13:25:14.101]                   NULL)
[13:25:14.101]                 if (is_error) {
[13:25:14.101]                   sessionInformation <- function() {
[13:25:14.101]                     list(r = base::R.Version(), locale = base::Sys.getlocale(), 
[13:25:14.101]                       rngkind = base::RNGkind(), namespaces = base::loadedNamespaces(), 
[13:25:14.101]                       search = base::search(), system = base::Sys.info())
[13:25:14.101]                   }
[13:25:14.101]                   ...future.conditions[[length(...future.conditions) + 
[13:25:14.101]                     1L]] <<- list(condition = cond, calls = c(sysCalls(from = ...future.frame), 
[13:25:14.101]                     cond$call), session = sessionInformation(), 
[13:25:14.101]                     timestamp = base::Sys.time(), signaled = 0L)
[13:25:14.101]                   signalCondition(cond)
[13:25:14.101]                 }
[13:25:14.101]                 else if (!ignore && TRUE && inherits(cond, c("condition", 
[13:25:14.101]                 "immediateCondition"))) {
[13:25:14.101]                   signal <- TRUE && inherits(cond, "immediateCondition")
[13:25:14.101]                   ...future.conditions[[length(...future.conditions) + 
[13:25:14.101]                     1L]] <<- list(condition = cond, signaled = base::as.integer(signal))
[13:25:14.101]                   if (TRUE && !signal) {
[13:25:14.101]                     muffleCondition <- function (cond, pattern = "^muffle") 
[13:25:14.101]                     {
[13:25:14.101]                       inherits <- base::inherits
[13:25:14.101]                       invokeRestart <- base::invokeRestart
[13:25:14.101]                       is.null <- base::is.null
[13:25:14.101]                       muffled <- FALSE
[13:25:14.101]                       if (inherits(cond, "message")) {
[13:25:14.101]                         muffled <- grepl(pattern, "muffleMessage")
[13:25:14.101]                         if (muffled) 
[13:25:14.101]                           invokeRestart("muffleMessage")
[13:25:14.101]                       }
[13:25:14.101]                       else if (inherits(cond, "warning")) {
[13:25:14.101]                         muffled <- grepl(pattern, "muffleWarning")
[13:25:14.101]                         if (muffled) 
[13:25:14.101]                           invokeRestart("muffleWarning")
[13:25:14.101]                       }
[13:25:14.101]                       else if (inherits(cond, "condition")) {
[13:25:14.101]                         if (!is.null(pattern)) {
[13:25:14.101]                           computeRestarts <- base::computeRestarts
[13:25:14.101]                           grepl <- base::grepl
[13:25:14.101]                           restarts <- computeRestarts(cond)
[13:25:14.101]                           for (restart in restarts) {
[13:25:14.101]                             name <- restart$name
[13:25:14.101]                             if (is.null(name)) 
[13:25:14.101]                               next
[13:25:14.101]                             if (!grepl(pattern, name)) 
[13:25:14.101]                               next
[13:25:14.101]                             invokeRestart(restart)
[13:25:14.101]                             muffled <- TRUE
[13:25:14.101]                             break
[13:25:14.101]                           }
[13:25:14.101]                         }
[13:25:14.101]                       }
[13:25:14.101]                       invisible(muffled)
[13:25:14.101]                     }
[13:25:14.101]                     muffleCondition(cond, pattern = "^muffle")
[13:25:14.101]                   }
[13:25:14.101]                 }
[13:25:14.101]                 else {
[13:25:14.101]                   if (TRUE) {
[13:25:14.101]                     muffleCondition <- function (cond, pattern = "^muffle") 
[13:25:14.101]                     {
[13:25:14.101]                       inherits <- base::inherits
[13:25:14.101]                       invokeRestart <- base::invokeRestart
[13:25:14.101]                       is.null <- base::is.null
[13:25:14.101]                       muffled <- FALSE
[13:25:14.101]                       if (inherits(cond, "message")) {
[13:25:14.101]                         muffled <- grepl(pattern, "muffleMessage")
[13:25:14.101]                         if (muffled) 
[13:25:14.101]                           invokeRestart("muffleMessage")
[13:25:14.101]                       }
[13:25:14.101]                       else if (inherits(cond, "warning")) {
[13:25:14.101]                         muffled <- grepl(pattern, "muffleWarning")
[13:25:14.101]                         if (muffled) 
[13:25:14.101]                           invokeRestart("muffleWarning")
[13:25:14.101]                       }
[13:25:14.101]                       else if (inherits(cond, "condition")) {
[13:25:14.101]                         if (!is.null(pattern)) {
[13:25:14.101]                           computeRestarts <- base::computeRestarts
[13:25:14.101]                           grepl <- base::grepl
[13:25:14.101]                           restarts <- computeRestarts(cond)
[13:25:14.101]                           for (restart in restarts) {
[13:25:14.101]                             name <- restart$name
[13:25:14.101]                             if (is.null(name)) 
[13:25:14.101]                               next
[13:25:14.101]                             if (!grepl(pattern, name)) 
[13:25:14.101]                               next
[13:25:14.101]                             invokeRestart(restart)
[13:25:14.101]                             muffled <- TRUE
[13:25:14.101]                             break
[13:25:14.101]                           }
[13:25:14.101]                         }
[13:25:14.101]                       }
[13:25:14.101]                       invisible(muffled)
[13:25:14.101]                     }
[13:25:14.101]                     muffleCondition(cond, pattern = "^muffle")
[13:25:14.101]                   }
[13:25:14.101]                 }
[13:25:14.101]             }
[13:25:14.101]         }))
[13:25:14.101]     }, error = function(ex) {
[13:25:14.101]         base::structure(base::list(value = NULL, visible = NULL, 
[13:25:14.101]             conditions = ...future.conditions, rng = !identical(base::globalenv()$.Random.seed, 
[13:25:14.101]                 ...future.rng), started = ...future.startTime, 
[13:25:14.101]             finished = Sys.time(), session_uuid = NA_character_, 
[13:25:14.101]             version = "1.8"), class = "FutureResult")
[13:25:14.101]     }, finally = {
[13:25:14.101]         if (!identical(...future.workdir, getwd())) 
[13:25:14.101]             setwd(...future.workdir)
[13:25:14.101]         {
[13:25:14.101]             if (identical(getOption("nwarnings"), ...future.oldOptions$nwarnings)) {
[13:25:14.101]                 ...future.oldOptions$nwarnings <- NULL
[13:25:14.101]             }
[13:25:14.101]             base::options(...future.oldOptions)
[13:25:14.101]             if (.Platform$OS.type == "windows") {
[13:25:14.101]                 old_names <- names(...future.oldEnvVars)
[13:25:14.101]                 envs <- base::Sys.getenv()
[13:25:14.101]                 names <- names(envs)
[13:25:14.101]                 common <- intersect(names, old_names)
[13:25:14.101]                 added <- setdiff(names, old_names)
[13:25:14.101]                 removed <- setdiff(old_names, names)
[13:25:14.101]                 changed <- common[...future.oldEnvVars[common] != 
[13:25:14.101]                   envs[common]]
[13:25:14.101]                 NAMES <- toupper(changed)
[13:25:14.101]                 args <- list()
[13:25:14.101]                 for (kk in seq_along(NAMES)) {
[13:25:14.101]                   name <- changed[[kk]]
[13:25:14.101]                   NAME <- NAMES[[kk]]
[13:25:14.101]                   if (name != NAME && is.element(NAME, old_names)) 
[13:25:14.101]                     next
[13:25:14.101]                   args[[name]] <- ...future.oldEnvVars[[name]]
[13:25:14.101]                 }
[13:25:14.101]                 NAMES <- toupper(added)
[13:25:14.101]                 for (kk in seq_along(NAMES)) {
[13:25:14.101]                   name <- added[[kk]]
[13:25:14.101]                   NAME <- NAMES[[kk]]
[13:25:14.101]                   if (name != NAME && is.element(NAME, old_names)) 
[13:25:14.101]                     next
[13:25:14.101]                   args[[name]] <- ""
[13:25:14.101]                 }
[13:25:14.101]                 NAMES <- toupper(removed)
[13:25:14.101]                 for (kk in seq_along(NAMES)) {
[13:25:14.101]                   name <- removed[[kk]]
[13:25:14.101]                   NAME <- NAMES[[kk]]
[13:25:14.101]                   if (name != NAME && is.element(NAME, old_names)) 
[13:25:14.101]                     next
[13:25:14.101]                   args[[name]] <- ...future.oldEnvVars[[name]]
[13:25:14.101]                 }
[13:25:14.101]                 if (length(args) > 0) 
[13:25:14.101]                   base::do.call(base::Sys.setenv, args = args)
[13:25:14.101]                 args <- names <- old_names <- NAMES <- envs <- common <- added <- removed <- NULL
[13:25:14.101]             }
[13:25:14.101]             else {
[13:25:14.101]                 base::do.call(base::Sys.setenv, args = base::as.list(...future.oldEnvVars))
[13:25:14.101]             }
[13:25:14.101]             {
[13:25:14.101]                 if (base::length(...future.futureOptionsAdded) > 
[13:25:14.101]                   0L) {
[13:25:14.101]                   opts <- base::vector("list", length = base::length(...future.futureOptionsAdded))
[13:25:14.101]                   base::names(opts) <- ...future.futureOptionsAdded
[13:25:14.101]                   base::options(opts)
[13:25:14.101]                 }
[13:25:14.101]                 {
[13:25:14.101]                   {
[13:25:14.101]                     NULL
[13:25:14.101]                     RNGkind("Mersenne-Twister")
[13:25:14.101]                     base::rm(list = ".Random.seed", envir = base::globalenv(), 
[13:25:14.101]                       inherits = FALSE)
[13:25:14.101]                   }
[13:25:14.101]                   options(future.plan = NULL)
[13:25:14.101]                   if (is.na(NA_character_)) 
[13:25:14.101]                     Sys.unsetenv("R_FUTURE_PLAN")
[13:25:14.101]                   else Sys.setenv(R_FUTURE_PLAN = NA_character_)
[13:25:14.101]                   future::plan(list(function (..., abc = FALSE, 
[13:25:14.101]                     envir = parent.frame()) 
[13:25:14.101]                   strategy(..., abc = abc, envir = envir)), .cleanup = FALSE, 
[13:25:14.101]                     .init = FALSE)
[13:25:14.101]                 }
[13:25:14.101]             }
[13:25:14.101]         }
[13:25:14.101]     })
[13:25:14.101]     if (TRUE) {
[13:25:14.101]         base::sink(type = "output", split = FALSE)
[13:25:14.101]         if (TRUE) {
[13:25:14.101]             ...future.result$stdout <- base::rawToChar(base::rawConnectionValue(...future.stdout))
[13:25:14.101]         }
[13:25:14.101]         else {
[13:25:14.101]             ...future.result["stdout"] <- base::list(NULL)
[13:25:14.101]         }
[13:25:14.101]         base::close(...future.stdout)
[13:25:14.101]         ...future.stdout <- NULL
[13:25:14.101]     }
[13:25:14.101]     ...future.result$conditions <- ...future.conditions
[13:25:14.101]     ...future.result$finished <- base::Sys.time()
[13:25:14.101]     ...future.result
[13:25:14.101] }
[13:25:14.102] plan(): Setting new future strategy stack:
[13:25:14.103] List of future strategies:
[13:25:14.103] 1. sequential:
[13:25:14.103]    - args: function (..., envir = parent.frame())
[13:25:14.103]    - tweaked: FALSE
[13:25:14.103]    - call: NULL
[13:25:14.103] plan(): nbrOfWorkers() = 1
[13:25:14.104] plan(): Setting new future strategy stack:
[13:25:14.104] List of future strategies:
[13:25:14.104] 1. sequential:
[13:25:14.104]    - args: function (..., abc = FALSE, envir = parent.frame())
[13:25:14.104]    - tweaked: TRUE
[13:25:14.104]    - call: plan(sequential, abc = FALSE)
[13:25:14.104] plan(): nbrOfWorkers() = 1
[13:25:14.104] SequentialFuture started (and completed)
[13:25:14.104] - Launch lazy future ... done
[13:25:14.104] run() for ‘SequentialFuture’ ... done
> print(x)
[1] 1
> stopifnot(a == 0, x == 1)
> 
> x %<-% { a <- 2; a } %tweak% list(abc = TRUE)
[13:25:14.105] plan(): Setting new future strategy stack:
[13:25:14.105] List of future strategies:
[13:25:14.105] 1. sequential:
[13:25:14.105]    - args: function (..., abc = TRUE, envir = parent.frame())
[13:25:14.105]    - tweaked: TRUE
[13:25:14.105]    - call: plan(sequential, abc = FALSE)
[13:25:14.105] plan(): nbrOfWorkers() = 1
[13:25:14.106] getGlobalsAndPackages() ...
[13:25:14.106] Searching for globals...
[13:25:14.107] - globals found: [2] ‘{’, ‘<-’
[13:25:14.107] Searching for globals ... DONE
[13:25:14.107] Resolving globals: FALSE
[13:25:14.107] 
[13:25:14.107] 
[13:25:14.107] getGlobalsAndPackages() ... DONE
[13:25:14.108] run() for ‘Future’ ...
[13:25:14.108] - state: ‘created’
[13:25:14.108] - Future backend: ‘FutureStrategy’, ‘tweaked’, ‘tweaked’, ‘sequential’, ‘uniprocess’, ‘future’, ‘function’
[13:25:14.108] - Future class: ‘SequentialFuture’, ‘UniprocessFuture’, ‘Future’, ‘environment’
[13:25:14.108] - Copy elements of temporary ‘SequentialFuture’ to final ‘Future’ object ...
[13:25:14.108]   - Field: ‘label’
[13:25:14.108]   - Field: ‘local’
[13:25:14.109]   - Field: ‘owner’
[13:25:14.109]   - Field: ‘envir’
[13:25:14.109]   - Field: ‘packages’
[13:25:14.109]   - Field: ‘gc’
[13:25:14.109]   - Field: ‘conditions’
[13:25:14.109]   - Field: ‘expr’
[13:25:14.109]   - Field: ‘uuid’
[13:25:14.109]   - Field: ‘seed’
[13:25:14.109]   - Field: ‘version’
[13:25:14.109]   - Field: ‘result’
[13:25:14.109]   - Field: ‘asynchronous’
[13:25:14.110]   - Field: ‘calls’
[13:25:14.110]   - Field: ‘abc’
[13:25:14.110]   - Field: ‘globals’
[13:25:14.110]   - Field: ‘stdout’
[13:25:14.110]   - Field: ‘earlySignal’
[13:25:14.110]   - Field: ‘lazy’
[13:25:14.110]   - Field: ‘state’
[13:25:14.110] - Copy elements of temporary ‘SequentialFuture’ to final ‘Future’ object ... done
[13:25:14.110] - Launch lazy future ...
[13:25:14.110] Packages needed by the future expression (n = 0): <none>
[13:25:14.111] Packages needed by future strategies (n = 0): <none>
[13:25:14.111] {
[13:25:14.111]     {
[13:25:14.111]         {
[13:25:14.111]             ...future.startTime <- base::Sys.time()
[13:25:14.111]             {
[13:25:14.111]                 {
[13:25:14.111]                   {
[13:25:14.111]                     base::local({
[13:25:14.111]                       has_future <- base::requireNamespace("future", 
[13:25:14.111]                         quietly = TRUE)
[13:25:14.111]                       if (has_future) {
[13:25:14.111]                         ns <- base::getNamespace("future")
[13:25:14.111]                         version <- ns[[".package"]][["version"]]
[13:25:14.111]                         if (is.null(version)) 
[13:25:14.111]                           version <- utils::packageVersion("future")
[13:25:14.111]                       }
[13:25:14.111]                       else {
[13:25:14.111]                         version <- NULL
[13:25:14.111]                       }
[13:25:14.111]                       if (!has_future || version < "1.8.0") {
[13:25:14.111]                         info <- base::c(r_version = base::gsub("R version ", 
[13:25:14.111]                           "", base::R.version$version.string), 
[13:25:14.111]                           platform = base::sprintf("%s (%s-bit)", 
[13:25:14.111]                             base::R.version$platform, 8 * base::.Machine$sizeof.pointer), 
[13:25:14.111]                           os = base::paste(base::Sys.info()[base::c("sysname", 
[13:25:14.111]                             "release", "version")], collapse = " "), 
[13:25:14.111]                           hostname = base::Sys.info()[["nodename"]])
[13:25:14.111]                         info <- base::sprintf("%s: %s", base::names(info), 
[13:25:14.111]                           info)
[13:25:14.111]                         info <- base::paste(info, collapse = "; ")
[13:25:14.111]                         if (!has_future) {
[13:25:14.111]                           msg <- base::sprintf("Package 'future' is not installed on worker (%s)", 
[13:25:14.111]                             info)
[13:25:14.111]                         }
[13:25:14.111]                         else {
[13:25:14.111]                           msg <- base::sprintf("Package 'future' on worker (%s) must be of version >= 1.8.0: %s", 
[13:25:14.111]                             info, version)
[13:25:14.111]                         }
[13:25:14.111]                         base::stop(msg)
[13:25:14.111]                       }
[13:25:14.111]                     })
[13:25:14.111]                   }
[13:25:14.111]                   options(future.plan = NULL)
[13:25:14.111]                   Sys.unsetenv("R_FUTURE_PLAN")
[13:25:14.111]                   future::plan("default", .cleanup = FALSE, .init = FALSE)
[13:25:14.111]                 }
[13:25:14.111]                 ...future.workdir <- getwd()
[13:25:14.111]             }
[13:25:14.111]             ...future.oldOptions <- base::as.list(base::.Options)
[13:25:14.111]             ...future.oldEnvVars <- base::Sys.getenv()
[13:25:14.111]         }
[13:25:14.111]         base::options(future.startup.script = FALSE, future.globals.onMissing = NULL, 
[13:25:14.111]             future.globals.maxSize = NULL, future.globals.method = NULL, 
[13:25:14.111]             future.globals.onMissing = NULL, future.globals.onReference = NULL, 
[13:25:14.111]             future.globals.resolve = NULL, future.resolve.recursive = NULL, 
[13:25:14.111]             future.rng.onMisuse = NULL, future.rng.onMisuse.keepFuture = NULL, 
[13:25:14.111]             future.stdout.windows.reencode = NULL, width = 80L)
[13:25:14.111]         ...future.futureOptionsAdded <- base::setdiff(base::names(base::.Options), 
[13:25:14.111]             base::names(...future.oldOptions))
[13:25:14.111]     }
[13:25:14.111]     if (FALSE) {
[13:25:14.111]     }
[13:25:14.111]     else {
[13:25:14.111]         if (TRUE) {
[13:25:14.111]             ...future.stdout <- base::rawConnection(base::raw(0L), 
[13:25:14.111]                 open = "w")
[13:25:14.111]         }
[13:25:14.111]         else {
[13:25:14.111]             ...future.stdout <- base::file(base::switch(.Platform$OS.type, 
[13:25:14.111]                 windows = "NUL", "/dev/null"), open = "w")
[13:25:14.111]         }
[13:25:14.111]         base::sink(...future.stdout, type = "output", split = FALSE)
[13:25:14.111]         base::on.exit(if (!base::is.null(...future.stdout)) {
[13:25:14.111]             base::sink(type = "output", split = FALSE)
[13:25:14.111]             base::close(...future.stdout)
[13:25:14.111]         }, add = TRUE)
[13:25:14.111]     }
[13:25:14.111]     ...future.frame <- base::sys.nframe()
[13:25:14.111]     ...future.conditions <- base::list()
[13:25:14.111]     ...future.rng <- base::globalenv()$.Random.seed
[13:25:14.111]     if (FALSE) {
[13:25:14.111]         ...future.globalenv.names <- c(base::names(base::.GlobalEnv), 
[13:25:14.111]             "...future.value", "...future.globalenv.names", ".Random.seed")
[13:25:14.111]     }
[13:25:14.111]     ...future.result <- base::tryCatch({
[13:25:14.111]         base::withCallingHandlers({
[13:25:14.111]             ...future.value <- base::withVisible(base::local({
[13:25:14.111]                 a <- 2
[13:25:14.111]                 a
[13:25:14.111]             }))
[13:25:14.111]             future::FutureResult(value = ...future.value$value, 
[13:25:14.111]                 visible = ...future.value$visible, rng = !identical(base::globalenv()$.Random.seed, 
[13:25:14.111]                   ...future.rng), globalenv = if (FALSE) 
[13:25:14.111]                   list(added = base::setdiff(base::names(base::.GlobalEnv), 
[13:25:14.111]                     ...future.globalenv.names))
[13:25:14.111]                 else NULL, started = ...future.startTime, version = "1.8")
[13:25:14.111]         }, condition = base::local({
[13:25:14.111]             c <- base::c
[13:25:14.111]             inherits <- base::inherits
[13:25:14.111]             invokeRestart <- base::invokeRestart
[13:25:14.111]             length <- base::length
[13:25:14.111]             list <- base::list
[13:25:14.111]             seq.int <- base::seq.int
[13:25:14.111]             signalCondition <- base::signalCondition
[13:25:14.111]             sys.calls <- base::sys.calls
[13:25:14.111]             `[[` <- base::`[[`
[13:25:14.111]             `+` <- base::`+`
[13:25:14.111]             `<<-` <- base::`<<-`
[13:25:14.111]             sysCalls <- function(calls = sys.calls(), from = 1L) {
[13:25:14.111]                 calls[seq.int(from = from + 12L, to = length(calls) - 
[13:25:14.111]                   3L)]
[13:25:14.111]             }
[13:25:14.111]             function(cond) {
[13:25:14.111]                 is_error <- inherits(cond, "error")
[13:25:14.111]                 ignore <- !is_error && !is.null(NULL) && inherits(cond, 
[13:25:14.111]                   NULL)
[13:25:14.111]                 if (is_error) {
[13:25:14.111]                   sessionInformation <- function() {
[13:25:14.111]                     list(r = base::R.Version(), locale = base::Sys.getlocale(), 
[13:25:14.111]                       rngkind = base::RNGkind(), namespaces = base::loadedNamespaces(), 
[13:25:14.111]                       search = base::search(), system = base::Sys.info())
[13:25:14.111]                   }
[13:25:14.111]                   ...future.conditions[[length(...future.conditions) + 
[13:25:14.111]                     1L]] <<- list(condition = cond, calls = c(sysCalls(from = ...future.frame), 
[13:25:14.111]                     cond$call), session = sessionInformation(), 
[13:25:14.111]                     timestamp = base::Sys.time(), signaled = 0L)
[13:25:14.111]                   signalCondition(cond)
[13:25:14.111]                 }
[13:25:14.111]                 else if (!ignore && TRUE && inherits(cond, c("condition", 
[13:25:14.111]                 "immediateCondition"))) {
[13:25:14.111]                   signal <- TRUE && inherits(cond, "immediateCondition")
[13:25:14.111]                   ...future.conditions[[length(...future.conditions) + 
[13:25:14.111]                     1L]] <<- list(condition = cond, signaled = base::as.integer(signal))
[13:25:14.111]                   if (TRUE && !signal) {
[13:25:14.111]                     muffleCondition <- function (cond, pattern = "^muffle") 
[13:25:14.111]                     {
[13:25:14.111]                       inherits <- base::inherits
[13:25:14.111]                       invokeRestart <- base::invokeRestart
[13:25:14.111]                       is.null <- base::is.null
[13:25:14.111]                       muffled <- FALSE
[13:25:14.111]                       if (inherits(cond, "message")) {
[13:25:14.111]                         muffled <- grepl(pattern, "muffleMessage")
[13:25:14.111]                         if (muffled) 
[13:25:14.111]                           invokeRestart("muffleMessage")
[13:25:14.111]                       }
[13:25:14.111]                       else if (inherits(cond, "warning")) {
[13:25:14.111]                         muffled <- grepl(pattern, "muffleWarning")
[13:25:14.111]                         if (muffled) 
[13:25:14.111]                           invokeRestart("muffleWarning")
[13:25:14.111]                       }
[13:25:14.111]                       else if (inherits(cond, "condition")) {
[13:25:14.111]                         if (!is.null(pattern)) {
[13:25:14.111]                           computeRestarts <- base::computeRestarts
[13:25:14.111]                           grepl <- base::grepl
[13:25:14.111]                           restarts <- computeRestarts(cond)
[13:25:14.111]                           for (restart in restarts) {
[13:25:14.111]                             name <- restart$name
[13:25:14.111]                             if (is.null(name)) 
[13:25:14.111]                               next
[13:25:14.111]                             if (!grepl(pattern, name)) 
[13:25:14.111]                               next
[13:25:14.111]                             invokeRestart(restart)
[13:25:14.111]                             muffled <- TRUE
[13:25:14.111]                             break
[13:25:14.111]                           }
[13:25:14.111]                         }
[13:25:14.111]                       }
[13:25:14.111]                       invisible(muffled)
[13:25:14.111]                     }
[13:25:14.111]                     muffleCondition(cond, pattern = "^muffle")
[13:25:14.111]                   }
[13:25:14.111]                 }
[13:25:14.111]                 else {
[13:25:14.111]                   if (TRUE) {
[13:25:14.111]                     muffleCondition <- function (cond, pattern = "^muffle") 
[13:25:14.111]                     {
[13:25:14.111]                       inherits <- base::inherits
[13:25:14.111]                       invokeRestart <- base::invokeRestart
[13:25:14.111]                       is.null <- base::is.null
[13:25:14.111]                       muffled <- FALSE
[13:25:14.111]                       if (inherits(cond, "message")) {
[13:25:14.111]                         muffled <- grepl(pattern, "muffleMessage")
[13:25:14.111]                         if (muffled) 
[13:25:14.111]                           invokeRestart("muffleMessage")
[13:25:14.111]                       }
[13:25:14.111]                       else if (inherits(cond, "warning")) {
[13:25:14.111]                         muffled <- grepl(pattern, "muffleWarning")
[13:25:14.111]                         if (muffled) 
[13:25:14.111]                           invokeRestart("muffleWarning")
[13:25:14.111]                       }
[13:25:14.111]                       else if (inherits(cond, "condition")) {
[13:25:14.111]                         if (!is.null(pattern)) {
[13:25:14.111]                           computeRestarts <- base::computeRestarts
[13:25:14.111]                           grepl <- base::grepl
[13:25:14.111]                           restarts <- computeRestarts(cond)
[13:25:14.111]                           for (restart in restarts) {
[13:25:14.111]                             name <- restart$name
[13:25:14.111]                             if (is.null(name)) 
[13:25:14.111]                               next
[13:25:14.111]                             if (!grepl(pattern, name)) 
[13:25:14.111]                               next
[13:25:14.111]                             invokeRestart(restart)
[13:25:14.111]                             muffled <- TRUE
[13:25:14.111]                             break
[13:25:14.111]                           }
[13:25:14.111]                         }
[13:25:14.111]                       }
[13:25:14.111]                       invisible(muffled)
[13:25:14.111]                     }
[13:25:14.111]                     muffleCondition(cond, pattern = "^muffle")
[13:25:14.111]                   }
[13:25:14.111]                 }
[13:25:14.111]             }
[13:25:14.111]         }))
[13:25:14.111]     }, error = function(ex) {
[13:25:14.111]         base::structure(base::list(value = NULL, visible = NULL, 
[13:25:14.111]             conditions = ...future.conditions, rng = !identical(base::globalenv()$.Random.seed, 
[13:25:14.111]                 ...future.rng), started = ...future.startTime, 
[13:25:14.111]             finished = Sys.time(), session_uuid = NA_character_, 
[13:25:14.111]             version = "1.8"), class = "FutureResult")
[13:25:14.111]     }, finally = {
[13:25:14.111]         if (!identical(...future.workdir, getwd())) 
[13:25:14.111]             setwd(...future.workdir)
[13:25:14.111]         {
[13:25:14.111]             if (identical(getOption("nwarnings"), ...future.oldOptions$nwarnings)) {
[13:25:14.111]                 ...future.oldOptions$nwarnings <- NULL
[13:25:14.111]             }
[13:25:14.111]             base::options(...future.oldOptions)
[13:25:14.111]             if (.Platform$OS.type == "windows") {
[13:25:14.111]                 old_names <- names(...future.oldEnvVars)
[13:25:14.111]                 envs <- base::Sys.getenv()
[13:25:14.111]                 names <- names(envs)
[13:25:14.111]                 common <- intersect(names, old_names)
[13:25:14.111]                 added <- setdiff(names, old_names)
[13:25:14.111]                 removed <- setdiff(old_names, names)
[13:25:14.111]                 changed <- common[...future.oldEnvVars[common] != 
[13:25:14.111]                   envs[common]]
[13:25:14.111]                 NAMES <- toupper(changed)
[13:25:14.111]                 args <- list()
[13:25:14.111]                 for (kk in seq_along(NAMES)) {
[13:25:14.111]                   name <- changed[[kk]]
[13:25:14.111]                   NAME <- NAMES[[kk]]
[13:25:14.111]                   if (name != NAME && is.element(NAME, old_names)) 
[13:25:14.111]                     next
[13:25:14.111]                   args[[name]] <- ...future.oldEnvVars[[name]]
[13:25:14.111]                 }
[13:25:14.111]                 NAMES <- toupper(added)
[13:25:14.111]                 for (kk in seq_along(NAMES)) {
[13:25:14.111]                   name <- added[[kk]]
[13:25:14.111]                   NAME <- NAMES[[kk]]
[13:25:14.111]                   if (name != NAME && is.element(NAME, old_names)) 
[13:25:14.111]                     next
[13:25:14.111]                   args[[name]] <- ""
[13:25:14.111]                 }
[13:25:14.111]                 NAMES <- toupper(removed)
[13:25:14.111]                 for (kk in seq_along(NAMES)) {
[13:25:14.111]                   name <- removed[[kk]]
[13:25:14.111]                   NAME <- NAMES[[kk]]
[13:25:14.111]                   if (name != NAME && is.element(NAME, old_names)) 
[13:25:14.111]                     next
[13:25:14.111]                   args[[name]] <- ...future.oldEnvVars[[name]]
[13:25:14.111]                 }
[13:25:14.111]                 if (length(args) > 0) 
[13:25:14.111]                   base::do.call(base::Sys.setenv, args = args)
[13:25:14.111]                 args <- names <- old_names <- NAMES <- envs <- common <- added <- removed <- NULL
[13:25:14.111]             }
[13:25:14.111]             else {
[13:25:14.111]                 base::do.call(base::Sys.setenv, args = base::as.list(...future.oldEnvVars))
[13:25:14.111]             }
[13:25:14.111]             {
[13:25:14.111]                 if (base::length(...future.futureOptionsAdded) > 
[13:25:14.111]                   0L) {
[13:25:14.111]                   opts <- base::vector("list", length = base::length(...future.futureOptionsAdded))
[13:25:14.111]                   base::names(opts) <- ...future.futureOptionsAdded
[13:25:14.111]                   base::options(opts)
[13:25:14.111]                 }
[13:25:14.111]                 {
[13:25:14.111]                   {
[13:25:14.111]                     NULL
[13:25:14.111]                     RNGkind("Mersenne-Twister")
[13:25:14.111]                     base::rm(list = ".Random.seed", envir = base::globalenv(), 
[13:25:14.111]                       inherits = FALSE)
[13:25:14.111]                   }
[13:25:14.111]                   options(future.plan = NULL)
[13:25:14.111]                   if (is.na(NA_character_)) 
[13:25:14.111]                     Sys.unsetenv("R_FUTURE_PLAN")
[13:25:14.111]                   else Sys.setenv(R_FUTURE_PLAN = NA_character_)
[13:25:14.111]                   future::plan(list(function (..., abc = TRUE, 
[13:25:14.111]                     envir = parent.frame()) 
[13:25:14.111]                   strategy(..., abc = abc, envir = envir)), .cleanup = FALSE, 
[13:25:14.111]                     .init = FALSE)
[13:25:14.111]                 }
[13:25:14.111]             }
[13:25:14.111]         }
[13:25:14.111]     })
[13:25:14.111]     if (TRUE) {
[13:25:14.111]         base::sink(type = "output", split = FALSE)
[13:25:14.111]         if (TRUE) {
[13:25:14.111]             ...future.result$stdout <- base::rawToChar(base::rawConnectionValue(...future.stdout))
[13:25:14.111]         }
[13:25:14.111]         else {
[13:25:14.111]             ...future.result["stdout"] <- base::list(NULL)
[13:25:14.111]         }
[13:25:14.111]         base::close(...future.stdout)
[13:25:14.111]         ...future.stdout <- NULL
[13:25:14.111]     }
[13:25:14.111]     ...future.result$conditions <- ...future.conditions
[13:25:14.111]     ...future.result$finished <- base::Sys.time()
[13:25:14.111]     ...future.result
[13:25:14.111] }
[13:25:14.113] plan(): Setting new future strategy stack:
[13:25:14.113] List of future strategies:
[13:25:14.113] 1. sequential:
[13:25:14.113]    - args: function (..., envir = parent.frame())
[13:25:14.113]    - tweaked: FALSE
[13:25:14.113]    - call: NULL
[13:25:14.113] plan(): nbrOfWorkers() = 1
[13:25:14.114] plan(): Setting new future strategy stack:
[13:25:14.114] List of future strategies:
[13:25:14.114] 1. sequential:
[13:25:14.114]    - args: function (..., abc = TRUE, envir = parent.frame())
[13:25:14.114]    - tweaked: TRUE
[13:25:14.114]    - call: plan(sequential, abc = FALSE)
[13:25:14.114] plan(): nbrOfWorkers() = 1
[13:25:14.114] SequentialFuture started (and completed)
[13:25:14.115] - Launch lazy future ... done
[13:25:14.115] run() for ‘SequentialFuture’ ... done
[13:25:14.115] plan(): Setting new future strategy stack:
[13:25:14.115] List of future strategies:
[13:25:14.115] 1. sequential:
[13:25:14.115]    - args: function (..., abc = FALSE, envir = parent.frame())
[13:25:14.115]    - tweaked: TRUE
[13:25:14.115]    - call: plan(sequential, abc = FALSE)
[13:25:14.115] plan(): nbrOfWorkers() = 1
> print(x)
[1] 2
> stopifnot(a == 0, x == 2)
> 
> 
> # Preserve nested futures
> plan(list(A = sequential, B = tweak(sequential, abc = FALSE)))
Warning: Detected 1 unknown future arguments: ‘abc’
[13:25:14.116] plan(): Setting new future strategy stack:
[13:25:14.116] List of future strategies:
[13:25:14.116] 1. sequential:
[13:25:14.116]    - args: function (..., envir = parent.frame())
[13:25:14.116]    - tweaked: FALSE
[13:25:14.116]    - call: plan(list(A = sequential, B = tweak(sequential, abc = FALSE)))
[13:25:14.116] 2. sequential:
[13:25:14.116]    - args: function (..., abc = FALSE, envir = parent.frame())
[13:25:14.116]    - tweaked: TRUE
[13:25:14.116]    - call: plan(list(A = sequential, B = tweak(sequential, abc = FALSE)))
[13:25:14.116] plan(): nbrOfWorkers() = 1
> a <- 0
> 
> x %<-% {
+   stopifnot(identical(names(plan("list")), "B"))
+   a <- 1
+   a
+ }
[13:25:14.117] getGlobalsAndPackages() ...
[13:25:14.117] Searching for globals...
[13:25:14.121] - globals found: [6] ‘{’, ‘stopifnot’, ‘identical’, ‘names’, ‘plan’, ‘<-’
[13:25:14.121] Searching for globals ... DONE
[13:25:14.121] Resolving globals: FALSE
[13:25:14.122] The total size of the 1 globals is 403.23 KiB (412912 bytes)
[13:25:14.122] The total size of the 1 globals exported for future expression (‘{; stopifnot(identical(names(plan("list")), "B")); a <- 1; a; }’) is 403.23 KiB.. This exceeds the maximum allowed size of 500.00 MiB (option 'future.globals.maxSize'). There is one global: ‘plan’ (403.23 KiB of class ‘function’)
[13:25:14.122] - globals: [1] ‘plan’
[13:25:14.123] 
[13:25:14.123] getGlobalsAndPackages() ... DONE
[13:25:14.123] run() for ‘Future’ ...
[13:25:14.123] - state: ‘created’
[13:25:14.123] - Future backend: ‘FutureStrategy’, ‘sequential’, ‘uniprocess’, ‘future’, ‘function’
[13:25:14.123] - Future class: ‘SequentialFuture’, ‘UniprocessFuture’, ‘Future’, ‘environment’
[13:25:14.124] - Copy elements of temporary ‘SequentialFuture’ to final ‘Future’ object ...
[13:25:14.124]   - Field: ‘label’
[13:25:14.124]   - Field: ‘local’
[13:25:14.124]   - Field: ‘owner’
[13:25:14.124]   - Field: ‘envir’
[13:25:14.124]   - Field: ‘packages’
[13:25:14.124]   - Field: ‘gc’
[13:25:14.124]   - Field: ‘conditions’
[13:25:14.124]   - Field: ‘expr’
[13:25:14.124]   - Field: ‘uuid’
[13:25:14.125]   - Field: ‘seed’
[13:25:14.125]   - Field: ‘version’
[13:25:14.125]   - Field: ‘result’
[13:25:14.125]   - Field: ‘asynchronous’
[13:25:14.125]   - Field: ‘calls’
[13:25:14.125]   - Field: ‘globals’
[13:25:14.125]   - Field: ‘stdout’
[13:25:14.125]   - Field: ‘earlySignal’
[13:25:14.125]   - Field: ‘lazy’
[13:25:14.125]   - Field: ‘state’
[13:25:14.125] - Copy elements of temporary ‘SequentialFuture’ to final ‘Future’ object ... done
[13:25:14.126] - Launch lazy future ...
[13:25:14.126] Packages needed by the future expression (n = 0): <none>
[13:25:14.126] Packages needed by future strategies (n = 0): 
[13:25:14.126] {
[13:25:14.126]     {
[13:25:14.126]         {
[13:25:14.126]             ...future.startTime <- base::Sys.time()
[13:25:14.126]             {
[13:25:14.126]                 {
[13:25:14.126]                   {
[13:25:14.126]                     base::local({
[13:25:14.126]                       has_future <- base::requireNamespace("future", 
[13:25:14.126]                         quietly = TRUE)
[13:25:14.126]                       if (has_future) {
[13:25:14.126]                         ns <- base::getNamespace("future")
[13:25:14.126]                         version <- ns[[".package"]][["version"]]
[13:25:14.126]                         if (is.null(version)) 
[13:25:14.126]                           version <- utils::packageVersion("future")
[13:25:14.126]                       }
[13:25:14.126]                       else {
[13:25:14.126]                         version <- NULL
[13:25:14.126]                       }
[13:25:14.126]                       if (!has_future || version < "1.8.0") {
[13:25:14.126]                         info <- base::c(r_version = base::gsub("R version ", 
[13:25:14.126]                           "", base::R.version$version.string), 
[13:25:14.126]                           platform = base::sprintf("%s (%s-bit)", 
[13:25:14.126]                             base::R.version$platform, 8 * base::.Machine$sizeof.pointer), 
[13:25:14.126]                           os = base::paste(base::Sys.info()[base::c("sysname", 
[13:25:14.126]                             "release", "version")], collapse = " "), 
[13:25:14.126]                           hostname = base::Sys.info()[["nodename"]])
[13:25:14.126]                         info <- base::sprintf("%s: %s", base::names(info), 
[13:25:14.126]                           info)
[13:25:14.126]                         info <- base::paste(info, collapse = "; ")
[13:25:14.126]                         if (!has_future) {
[13:25:14.126]                           msg <- base::sprintf("Package 'future' is not installed on worker (%s)", 
[13:25:14.126]                             info)
[13:25:14.126]                         }
[13:25:14.126]                         else {
[13:25:14.126]                           msg <- base::sprintf("Package 'future' on worker (%s) must be of version >= 1.8.0: %s", 
[13:25:14.126]                             info, version)
[13:25:14.126]                         }
[13:25:14.126]                         base::stop(msg)
[13:25:14.126]                       }
[13:25:14.126]                     })
[13:25:14.126]                   }
[13:25:14.126]                   options(future.plan = NULL)
[13:25:14.126]                   Sys.unsetenv("R_FUTURE_PLAN")
[13:25:14.126]                   future::plan(list(B = function (..., abc = FALSE, 
[13:25:14.126]                     envir = parent.frame()) 
[13:25:14.126]                   strategy(..., abc = abc, envir = envir)), .cleanup = FALSE, 
[13:25:14.126]                     .init = FALSE)
[13:25:14.126]                 }
[13:25:14.126]                 ...future.workdir <- getwd()
[13:25:14.126]             }
[13:25:14.126]             ...future.oldOptions <- base::as.list(base::.Options)
[13:25:14.126]             ...future.oldEnvVars <- base::Sys.getenv()
[13:25:14.126]         }
[13:25:14.126]         base::options(future.startup.script = FALSE, future.globals.onMissing = NULL, 
[13:25:14.126]             future.globals.maxSize = NULL, future.globals.method = NULL, 
[13:25:14.126]             future.globals.onMissing = NULL, future.globals.onReference = NULL, 
[13:25:14.126]             future.globals.resolve = NULL, future.resolve.recursive = NULL, 
[13:25:14.126]             future.rng.onMisuse = NULL, future.rng.onMisuse.keepFuture = NULL, 
[13:25:14.126]             future.stdout.windows.reencode = NULL, width = 80L)
[13:25:14.126]         ...future.futureOptionsAdded <- base::setdiff(base::names(base::.Options), 
[13:25:14.126]             base::names(...future.oldOptions))
[13:25:14.126]     }
[13:25:14.126]     if (FALSE) {
[13:25:14.126]     }
[13:25:14.126]     else {
[13:25:14.126]         if (TRUE) {
[13:25:14.126]             ...future.stdout <- base::rawConnection(base::raw(0L), 
[13:25:14.126]                 open = "w")
[13:25:14.126]         }
[13:25:14.126]         else {
[13:25:14.126]             ...future.stdout <- base::file(base::switch(.Platform$OS.type, 
[13:25:14.126]                 windows = "NUL", "/dev/null"), open = "w")
[13:25:14.126]         }
[13:25:14.126]         base::sink(...future.stdout, type = "output", split = FALSE)
[13:25:14.126]         base::on.exit(if (!base::is.null(...future.stdout)) {
[13:25:14.126]             base::sink(type = "output", split = FALSE)
[13:25:14.126]             base::close(...future.stdout)
[13:25:14.126]         }, add = TRUE)
[13:25:14.126]     }
[13:25:14.126]     ...future.frame <- base::sys.nframe()
[13:25:14.126]     ...future.conditions <- base::list()
[13:25:14.126]     ...future.rng <- base::globalenv()$.Random.seed
[13:25:14.126]     if (FALSE) {
[13:25:14.126]         ...future.globalenv.names <- c(base::names(base::.GlobalEnv), 
[13:25:14.126]             "...future.value", "...future.globalenv.names", ".Random.seed")
[13:25:14.126]     }
[13:25:14.126]     ...future.result <- base::tryCatch({
[13:25:14.126]         base::withCallingHandlers({
[13:25:14.126]             ...future.value <- base::withVisible(base::local({
[13:25:14.126]                 stopifnot(identical(names(plan("list")), "B"))
[13:25:14.126]                 a <- 1
[13:25:14.126]                 a
[13:25:14.126]             }))
[13:25:14.126]             future::FutureResult(value = ...future.value$value, 
[13:25:14.126]                 visible = ...future.value$visible, rng = !identical(base::globalenv()$.Random.seed, 
[13:25:14.126]                   ...future.rng), globalenv = if (FALSE) 
[13:25:14.126]                   list(added = base::setdiff(base::names(base::.GlobalEnv), 
[13:25:14.126]                     ...future.globalenv.names))
[13:25:14.126]                 else NULL, started = ...future.startTime, version = "1.8")
[13:25:14.126]         }, condition = base::local({
[13:25:14.126]             c <- base::c
[13:25:14.126]             inherits <- base::inherits
[13:25:14.126]             invokeRestart <- base::invokeRestart
[13:25:14.126]             length <- base::length
[13:25:14.126]             list <- base::list
[13:25:14.126]             seq.int <- base::seq.int
[13:25:14.126]             signalCondition <- base::signalCondition
[13:25:14.126]             sys.calls <- base::sys.calls
[13:25:14.126]             `[[` <- base::`[[`
[13:25:14.126]             `+` <- base::`+`
[13:25:14.126]             `<<-` <- base::`<<-`
[13:25:14.126]             sysCalls <- function(calls = sys.calls(), from = 1L) {
[13:25:14.126]                 calls[seq.int(from = from + 12L, to = length(calls) - 
[13:25:14.126]                   3L)]
[13:25:14.126]             }
[13:25:14.126]             function(cond) {
[13:25:14.126]                 is_error <- inherits(cond, "error")
[13:25:14.126]                 ignore <- !is_error && !is.null(NULL) && inherits(cond, 
[13:25:14.126]                   NULL)
[13:25:14.126]                 if (is_error) {
[13:25:14.126]                   sessionInformation <- function() {
[13:25:14.126]                     list(r = base::R.Version(), locale = base::Sys.getlocale(), 
[13:25:14.126]                       rngkind = base::RNGkind(), namespaces = base::loadedNamespaces(), 
[13:25:14.126]                       search = base::search(), system = base::Sys.info())
[13:25:14.126]                   }
[13:25:14.126]                   ...future.conditions[[length(...future.conditions) + 
[13:25:14.126]                     1L]] <<- list(condition = cond, calls = c(sysCalls(from = ...future.frame), 
[13:25:14.126]                     cond$call), session = sessionInformation(), 
[13:25:14.126]                     timestamp = base::Sys.time(), signaled = 0L)
[13:25:14.126]                   signalCondition(cond)
[13:25:14.126]                 }
[13:25:14.126]                 else if (!ignore && TRUE && inherits(cond, c("condition", 
[13:25:14.126]                 "immediateCondition"))) {
[13:25:14.126]                   signal <- TRUE && inherits(cond, "immediateCondition")
[13:25:14.126]                   ...future.conditions[[length(...future.conditions) + 
[13:25:14.126]                     1L]] <<- list(condition = cond, signaled = base::as.integer(signal))
[13:25:14.126]                   if (TRUE && !signal) {
[13:25:14.126]                     muffleCondition <- function (cond, pattern = "^muffle") 
[13:25:14.126]                     {
[13:25:14.126]                       inherits <- base::inherits
[13:25:14.126]                       invokeRestart <- base::invokeRestart
[13:25:14.126]                       is.null <- base::is.null
[13:25:14.126]                       muffled <- FALSE
[13:25:14.126]                       if (inherits(cond, "message")) {
[13:25:14.126]                         muffled <- grepl(pattern, "muffleMessage")
[13:25:14.126]                         if (muffled) 
[13:25:14.126]                           invokeRestart("muffleMessage")
[13:25:14.126]                       }
[13:25:14.126]                       else if (inherits(cond, "warning")) {
[13:25:14.126]                         muffled <- grepl(pattern, "muffleWarning")
[13:25:14.126]                         if (muffled) 
[13:25:14.126]                           invokeRestart("muffleWarning")
[13:25:14.126]                       }
[13:25:14.126]                       else if (inherits(cond, "condition")) {
[13:25:14.126]                         if (!is.null(pattern)) {
[13:25:14.126]                           computeRestarts <- base::computeRestarts
[13:25:14.126]                           grepl <- base::grepl
[13:25:14.126]                           restarts <- computeRestarts(cond)
[13:25:14.126]                           for (restart in restarts) {
[13:25:14.126]                             name <- restart$name
[13:25:14.126]                             if (is.null(name)) 
[13:25:14.126]                               next
[13:25:14.126]                             if (!grepl(pattern, name)) 
[13:25:14.126]                               next
[13:25:14.126]                             invokeRestart(restart)
[13:25:14.126]                             muffled <- TRUE
[13:25:14.126]                             break
[13:25:14.126]                           }
[13:25:14.126]                         }
[13:25:14.126]                       }
[13:25:14.126]                       invisible(muffled)
[13:25:14.126]                     }
[13:25:14.126]                     muffleCondition(cond, pattern = "^muffle")
[13:25:14.126]                   }
[13:25:14.126]                 }
[13:25:14.126]                 else {
[13:25:14.126]                   if (TRUE) {
[13:25:14.126]                     muffleCondition <- function (cond, pattern = "^muffle") 
[13:25:14.126]                     {
[13:25:14.126]                       inherits <- base::inherits
[13:25:14.126]                       invokeRestart <- base::invokeRestart
[13:25:14.126]                       is.null <- base::is.null
[13:25:14.126]                       muffled <- FALSE
[13:25:14.126]                       if (inherits(cond, "message")) {
[13:25:14.126]                         muffled <- grepl(pattern, "muffleMessage")
[13:25:14.126]                         if (muffled) 
[13:25:14.126]                           invokeRestart("muffleMessage")
[13:25:14.126]                       }
[13:25:14.126]                       else if (inherits(cond, "warning")) {
[13:25:14.126]                         muffled <- grepl(pattern, "muffleWarning")
[13:25:14.126]                         if (muffled) 
[13:25:14.126]                           invokeRestart("muffleWarning")
[13:25:14.126]                       }
[13:25:14.126]                       else if (inherits(cond, "condition")) {
[13:25:14.126]                         if (!is.null(pattern)) {
[13:25:14.126]                           computeRestarts <- base::computeRestarts
[13:25:14.126]                           grepl <- base::grepl
[13:25:14.126]                           restarts <- computeRestarts(cond)
[13:25:14.126]                           for (restart in restarts) {
[13:25:14.126]                             name <- restart$name
[13:25:14.126]                             if (is.null(name)) 
[13:25:14.126]                               next
[13:25:14.126]                             if (!grepl(pattern, name)) 
[13:25:14.126]                               next
[13:25:14.126]                             invokeRestart(restart)
[13:25:14.126]                             muffled <- TRUE
[13:25:14.126]                             break
[13:25:14.126]                           }
[13:25:14.126]                         }
[13:25:14.126]                       }
[13:25:14.126]                       invisible(muffled)
[13:25:14.126]                     }
[13:25:14.126]                     muffleCondition(cond, pattern = "^muffle")
[13:25:14.126]                   }
[13:25:14.126]                 }
[13:25:14.126]             }
[13:25:14.126]         }))
[13:25:14.126]     }, error = function(ex) {
[13:25:14.126]         base::structure(base::list(value = NULL, visible = NULL, 
[13:25:14.126]             conditions = ...future.conditions, rng = !identical(base::globalenv()$.Random.seed, 
[13:25:14.126]                 ...future.rng), started = ...future.startTime, 
[13:25:14.126]             finished = Sys.time(), session_uuid = NA_character_, 
[13:25:14.126]             version = "1.8"), class = "FutureResult")
[13:25:14.126]     }, finally = {
[13:25:14.126]         if (!identical(...future.workdir, getwd())) 
[13:25:14.126]             setwd(...future.workdir)
[13:25:14.126]         {
[13:25:14.126]             if (identical(getOption("nwarnings"), ...future.oldOptions$nwarnings)) {
[13:25:14.126]                 ...future.oldOptions$nwarnings <- NULL
[13:25:14.126]             }
[13:25:14.126]             base::options(...future.oldOptions)
[13:25:14.126]             if (.Platform$OS.type == "windows") {
[13:25:14.126]                 old_names <- names(...future.oldEnvVars)
[13:25:14.126]                 envs <- base::Sys.getenv()
[13:25:14.126]                 names <- names(envs)
[13:25:14.126]                 common <- intersect(names, old_names)
[13:25:14.126]                 added <- setdiff(names, old_names)
[13:25:14.126]                 removed <- setdiff(old_names, names)
[13:25:14.126]                 changed <- common[...future.oldEnvVars[common] != 
[13:25:14.126]                   envs[common]]
[13:25:14.126]                 NAMES <- toupper(changed)
[13:25:14.126]                 args <- list()
[13:25:14.126]                 for (kk in seq_along(NAMES)) {
[13:25:14.126]                   name <- changed[[kk]]
[13:25:14.126]                   NAME <- NAMES[[kk]]
[13:25:14.126]                   if (name != NAME && is.element(NAME, old_names)) 
[13:25:14.126]                     next
[13:25:14.126]                   args[[name]] <- ...future.oldEnvVars[[name]]
[13:25:14.126]                 }
[13:25:14.126]                 NAMES <- toupper(added)
[13:25:14.126]                 for (kk in seq_along(NAMES)) {
[13:25:14.126]                   name <- added[[kk]]
[13:25:14.126]                   NAME <- NAMES[[kk]]
[13:25:14.126]                   if (name != NAME && is.element(NAME, old_names)) 
[13:25:14.126]                     next
[13:25:14.126]                   args[[name]] <- ""
[13:25:14.126]                 }
[13:25:14.126]                 NAMES <- toupper(removed)
[13:25:14.126]                 for (kk in seq_along(NAMES)) {
[13:25:14.126]                   name <- removed[[kk]]
[13:25:14.126]                   NAME <- NAMES[[kk]]
[13:25:14.126]                   if (name != NAME && is.element(NAME, old_names)) 
[13:25:14.126]                     next
[13:25:14.126]                   args[[name]] <- ...future.oldEnvVars[[name]]
[13:25:14.126]                 }
[13:25:14.126]                 if (length(args) > 0) 
[13:25:14.126]                   base::do.call(base::Sys.setenv, args = args)
[13:25:14.126]                 args <- names <- old_names <- NAMES <- envs <- common <- added <- removed <- NULL
[13:25:14.126]             }
[13:25:14.126]             else {
[13:25:14.126]                 base::do.call(base::Sys.setenv, args = base::as.list(...future.oldEnvVars))
[13:25:14.126]             }
[13:25:14.126]             {
[13:25:14.126]                 if (base::length(...future.futureOptionsAdded) > 
[13:25:14.126]                   0L) {
[13:25:14.126]                   opts <- base::vector("list", length = base::length(...future.futureOptionsAdded))
[13:25:14.126]                   base::names(opts) <- ...future.futureOptionsAdded
[13:25:14.126]                   base::options(opts)
[13:25:14.126]                 }
[13:25:14.126]                 {
[13:25:14.126]                   {
[13:25:14.126]                     NULL
[13:25:14.126]                     RNGkind("Mersenne-Twister")
[13:25:14.126]                     base::rm(list = ".Random.seed", envir = base::globalenv(), 
[13:25:14.126]                       inherits = FALSE)
[13:25:14.126]                   }
[13:25:14.126]                   options(future.plan = NULL)
[13:25:14.126]                   if (is.na(NA_character_)) 
[13:25:14.126]                     Sys.unsetenv("R_FUTURE_PLAN")
[13:25:14.126]                   else Sys.setenv(R_FUTURE_PLAN = NA_character_)
[13:25:14.126]                   future::plan(list(A = function (..., envir = parent.frame()) 
[13:25:14.126]                   {
[13:25:14.126]                     future <- SequentialFuture(..., envir = envir)
[13:25:14.126]                     if (!future$lazy) 
[13:25:14.126]                       future <- run(future)
[13:25:14.126]                     invisible(future)
[13:25:14.126]                   }, B = function (..., abc = FALSE, envir = parent.frame()) 
[13:25:14.126]                   strategy(..., abc = abc, envir = envir)), .cleanup = FALSE, 
[13:25:14.126]                     .init = FALSE)
[13:25:14.126]                 }
[13:25:14.126]             }
[13:25:14.126]         }
[13:25:14.126]     })
[13:25:14.126]     if (TRUE) {
[13:25:14.126]         base::sink(type = "output", split = FALSE)
[13:25:14.126]         if (TRUE) {
[13:25:14.126]             ...future.result$stdout <- base::rawToChar(base::rawConnectionValue(...future.stdout))
[13:25:14.126]         }
[13:25:14.126]         else {
[13:25:14.126]             ...future.result["stdout"] <- base::list(NULL)
[13:25:14.126]         }
[13:25:14.126]         base::close(...future.stdout)
[13:25:14.126]         ...future.stdout <- NULL
[13:25:14.126]     }
[13:25:14.126]     ...future.result$conditions <- ...future.conditions
[13:25:14.126]     ...future.result$finished <- base::Sys.time()
[13:25:14.126]     ...future.result
[13:25:14.126] }
[13:25:14.128] assign_globals() ...
[13:25:14.128] List of 1
[13:25:14.128]  $ plan:function (strategy = NULL, ..., substitute = TRUE, .skip = FALSE, .call = TRUE, 
[13:25:14.128]     .cleanup = TRUE, .init = TRUE)  
[13:25:14.128]  - attr(*, "where")=List of 1
[13:25:14.128]   ..$ plan:<environment: R_EmptyEnv> 
[13:25:14.128]  - attr(*, "class")= chr [1:3] "FutureGlobals" "Globals" "list"
[13:25:14.128]  - attr(*, "resolved")= logi FALSE
[13:25:14.128]  - attr(*, "total_size")= num 412912
[13:25:14.128]  - attr(*, "already-done")= logi TRUE
[13:25:14.131] - copied ‘plan’ to environment
[13:25:14.131] assign_globals() ... done
[13:25:14.131] plan(): Setting new future strategy stack:
[13:25:14.131] List of future strategies:
[13:25:14.131] 1. sequential:
[13:25:14.131]    - args: function (..., abc = FALSE, envir = parent.frame())
[13:25:14.131]    - tweaked: TRUE
[13:25:14.131]    - call: plan(list(A = sequential, B = tweak(sequential, abc = FALSE)))
[13:25:14.132] plan(): nbrOfWorkers() = 1
[13:25:14.132] plan(): Setting new future strategy stack:
[13:25:14.132] List of future strategies:
[13:25:14.132] 1. sequential:
[13:25:14.132]    - args: function (..., envir = parent.frame())
[13:25:14.132]    - tweaked: FALSE
[13:25:14.132]    - call: plan(list(A = sequential, B = tweak(sequential, abc = FALSE)))
[13:25:14.132] 2. sequential:
[13:25:14.132]    - args: function (..., abc = FALSE, envir = parent.frame())
[13:25:14.132]    - tweaked: TRUE
[13:25:14.132]    - call: plan(list(A = sequential, B = tweak(sequential, abc = FALSE)))
[13:25:14.133] plan(): nbrOfWorkers() = 1
[13:25:14.133] SequentialFuture started (and completed)
[13:25:14.133] - Launch lazy future ... done
[13:25:14.133] run() for ‘SequentialFuture’ ... done
> print(x)
[1] 1
> stopifnot(a == 0, x == 1)
> 
> 
> message("*** y %<-% { expr } %tweak% tweaks ... DONE")
*** y %<-% { expr } %tweak% tweaks ... DONE
> 
> 
> message("*** tweak() - abc = TRUE ...")
*** tweak() - abc = TRUE ...
> 
> res <- tryCatch(tweak(multisession, gc = TRUE), condition = identity)
> stopifnot(inherits(res, "tweaked"))
> 
> ## Argument 'gc' is unknown
> res <- tryCatch(tweak(sequential, abc = TRUE), condition = identity)
> stopifnot(inherits(res, "warning"))
> 
> res <- tryCatch(tweak(multicore, abc = TRUE), condition = identity)
> stopifnot(inherits(res, "warning"))
> 
> message("*** tweak() - abc = TRUE ... DONE")
*** tweak() - abc = TRUE ... DONE
> 
> 
> message("*** tweak() - odds and ends ...")
*** tweak() - odds and ends ...
> 
> ## BUG: getGlobalsAndPackages(Formula::Formula(~ x)) would produce
> ## "the condition has length > 1" warnings.
> ## https://github.com/HenrikBengtsson/future/issues/395
> length.Formula <- function(x) c(1L, 1L)
> expr <- structure(y ~ x, class = "Formula")
> stopifnot(length(length(expr)) == 2L)
> gp <- future::getGlobalsAndPackages(expr)
[13:25:14.135] getGlobalsAndPackages() ...
[13:25:14.135] Searching for globals...
[13:25:14.137] - globals found: [4] ‘{’, ‘y’, ‘x’, ‘~’
[13:25:14.137] Searching for globals ... DONE
[13:25:14.137] Resolving globals: FALSE
[13:25:14.137] The total size of the 1 globals is 56 bytes (56 bytes)
[13:25:14.138] The total size of the 1 globals exported for future expression (‘y ~ x’) is 56 bytes.. This exceeds the maximum allowed size of 500.00 MiB (option 'future.globals.maxSize'). There is one global: ‘x’ (56 bytes of class ‘numeric’)
[13:25:14.138] - globals: [1] ‘x’
[13:25:14.138] 
[13:25:14.138] getGlobalsAndPackages() ... DONE
> stopifnot(
+   !inherits(gp, "error"),
+   is.list(gp),
+   all(c("expr", "globals", "packages") %in% names(gp))
+ )
> 
> message("*** tweak() - odds and ends ... DONE")
*** tweak() - odds and ends ... DONE
> 
> 
> message("*** tweak() - exceptions ...")
*** tweak() - exceptions ...
> 
> res <- try(tweak("<unknown-future-strategy>"), silent = TRUE)
> stopifnot(inherits(res, "try-error"))
> 
> res <- try(tweak(base::eval), silent = TRUE)
> stopifnot(inherits(res, "try-error"))
> 
> res <- try(tweak(sequential, "unnamed-argument"), silent = TRUE)
> stopifnot(inherits(res, "try-error"))
> 
> ## Arguments that must not be tweaked
> res <- try(tweak(sequential, lazy = TRUE), silent = TRUE)
> stopifnot(inherits(res, "try-error"))
> 
> res <- try(tweak(sequential, asynchronous = FALSE), silent = TRUE)
> stopifnot(inherits(res, "try-error"))
> 
> res <- try(tweak(sequential, seed = 42L), silent = TRUE)
> stopifnot(inherits(res, "try-error"))
> 
> message("*** tweak() - exceptions ... DONE")
*** tweak() - exceptions ... DONE
> 
> 
> message("*** Tweaking future strategies ... DONE")
*** Tweaking future strategies ... DONE
> 
> source("incl/end.R")
[13:25:14.179] plan(): Setting new future strategy stack:
[13:25:14.180] List of future strategies:
[13:25:14.180] 1. FutureStrategy:
[13:25:14.180]    - args: function (..., envir = parent.frame())
[13:25:14.180]    - tweaked: FALSE
[13:25:14.180]    - call: future::plan(oplan)
[13:25:14.180] plan(): nbrOfWorkers() = 1
> 
